// Jest Snapshot v1, https://goo.gl/fbAQLP

exports[`API Types Regression Tests Behavior snapshots should maintain current error structure 1`] = `
{
  "details": {
    "context": {
      "requestId": "req-123",
    },
    "stack": "Error stack trace",
  },
  "error": "INTERNAL_SERVER_ERROR",
  "message": "An unexpected error occurred",
  "timestamp": "2025-06-17T10:00:00Z",
}
`;

exports[`API Types Regression Tests Behavior snapshots should maintain current pagination structure 1`] = `
{
  "limit": 25,
  "order": "desc",
  "page": 5,
  "sort": "updatedAt",
}
`;