tests/integration/[22m[1ma2a-communication.test.ts[22m
tests/integration/[22m[1ma2a-entry-proposal.test.ts[22m
tests/integration/[22m[1magent-ui-integration.test.ts[22m
tests/integration/[22m[1mai-market-analysis-integration.test.ts[22m
tests/integration/[22m[1mchart-websocket-integration.test.ts[22m
tests/integration/[22m[1menhanced-conversation-flow.test.ts[22m
tests/integration/[22m[1mentry-proposal-ui-integration.test.ts[22m
tests/integration/[22m[1mentry-proposal.test.ts[22m
tests/integration/[22m[1mmarket-data-cache.integration.test.ts[22m
tests/integration/[22m[1mmulti-timeframe-analysis.test.ts[22m
tests/integration/[22m[1mparallel-orchestrator.test.ts[22m
tests/integration/[22m[1mrate-limit-persistence.test.ts[22m
tests/integration/[22m[1mstyle-editor-integration.test.ts[22m
tests/integration/[22m[1mws-binance-integration.test.ts[22m
tests/integration/api/[22m[1mapi-endpoints.test.ts[22m
tests/integration/orchestrator/[22m[1morchestrator.test.ts[22m
tests/integration/proposals/[22m[1mproposal-system.test.ts[22m
tests/integration/ws/[22m[1mws-manager-advanced.test.ts[22m
tests/integration/ws/[22m[1mws-manager-simple.test.ts[22m
tests/integration/ws/[22m[1mws-manager.test.ts[22m
tests/unit/[22m[1mchart-persistence.test.ts[22m
tests/unit/api/ai/stream/[22m[1mroute.test.ts[22m
tests/unit/api/analysis-stream/[22m[1mroute.test.ts[22m
tests/unit/api/binance/klines/[22m[1mroute.test.ts[22m
tests/unit/api/binance/ticker/[22m[1mroute.test.ts[22m
tests/unit/api/chat/[22m[1mroute.test.ts[22m
tests/unit/api/events/[22m[1mroute.test.ts[22m
tests/unit/api/logs/[22m[1mroute.test.ts[22m
tests/unit/api/memory/search/[22m[1mroute.test.ts[22m
tests/unit/api/metrics/[22m[1mroute.test.ts[22m
tests/unit/api/monitoring/circuit-breaker/[22m[1mroute.test.ts[22m
tests/unit/api/stats/[22m[1mroute.test.ts[22m
tests/unit/app/[22m[1mlayout.test.tsx[22m
tests/unit/app/api/ai/stream/[22m[1mroute.test.ts[22m
tests/unit/components/__tests__/[22m[1mMainLayout.test.tsx[22m
tests/unit/components/chart/__tests__/[22m[1mCandlestickChart.test.tsx[22m
tests/unit/components/chart/__tests__/[22m[1mChartToolbar.test.tsx[22m
tests/unit/components/chart/__tests__/[22m[1mDrawingManager.test.tsx[22m
tests/unit/components/chart/__tests__/[22m[1mPriceDisplay.test.tsx[22m
tests/unit/components/chart/hooks/[22m[1museAgentEventHandlers.test.ts[22m
tests/unit/components/chart/hooks/[22m[1museChartInstance.test.ts[22m
tests/unit/components/chart/hooks/[22m[1museChartSync.test.ts[22m
tests/unit/components/chart/indicators/__tests__/[22m[1mIndicatorPanel.test.tsx[22m
tests/unit/components/chart/indicators/__tests__/[22m[1mIndicatorSettings.test.tsx[22m
tests/unit/components/chart/indicators/__tests__/[22m[1mindicator-chart.test.ts[22m
tests/unit/components/chat/__tests__/[22m[1mAnalysisResultCard.test.tsx[22m
tests/unit/components/chat/__tests__/[22m[1mChatPanel.test.tsx[22m
tests/unit/components/chat/__tests__/[22m[1mEntryProposalCard.test.tsx[22m
tests/unit/components/chat/__tests__/[22m[1mMessageList.test.tsx[22m
tests/unit/components/chat/__tests__/[22m[1mProposalCard.test.tsx[22m
tests/unit/components/chat/__tests__/[22m[1mStyleEditor.test.tsx[22m
tests/unit/components/chat/__tests__/[22m[1mstyle-validation.test.ts[22m
tests/unit/components/home/[22m[1mHomeView.test.tsx[22m
tests/unit/components/layout/[22m[1mBodyStyleWrapper.test.tsx[22m
tests/unit/components/providers/[22m[1mUIEventProvider.test.tsx[22m
tests/unit/components/ui/__tests__/[22m[1mbutton.test.tsx[22m
tests/unit/components/ui/__tests__/[22m[1mcard.test.tsx[22m
tests/unit/components/ui/__tests__/[22m[1mdialog.test.tsx[22m
tests/unit/components/ui/__tests__/[22m[1minput.test.tsx[22m
tests/unit/components/ui/__tests__/[22m[1mselect.test.tsx[22m
tests/unit/components/ui/__tests__/[22m[1mswitch.test.tsx[22m
tests/unit/components/ui/__tests__/[22m[1mtabs.test.tsx[22m
tests/unit/config/[22m[1menv.test.ts[22m
tests/unit/examples/[22m[1mmsw-example.test.ts[22m
tests/unit/hooks/__tests__/[22m[1muse-view-persistence.test.ts[22m
tests/unit/hooks/base/[22m[1muse-managed-websocket.test.ts[22m
tests/unit/hooks/base/[22m[1muse-websocket.test.ts[22m
tests/unit/hooks/base/__tests__/[22m[1muse-streaming.test.ts[22m
tests/unit/hooks/chart/[22m[1museAgentEventBridge.test.ts[22m
tests/unit/hooks/chart/[22m[1museDrawingEventHandlers.test.ts[22m
tests/unit/hooks/chart/[22m[1musePatternEventHandlers.test.ts[22m
tests/unit/hooks/chart/__tests__/[22m[1museCursor.test.ts[22m
tests/unit/hooks/chart/__tests__/[22m[1musePatternEventHandlers.test.ts[22m
tests/unit/hooks/market/__tests__/[22m[1muse-candlestick-data.test.ts[22m
tests/unit/lib/api/[22m[1mcreate-api-handler.test.ts[22m
tests/unit/lib/api/[22m[1mmiddleware.test.ts[22m
tests/unit/lib/api/[22m[1mredis-rate-limiter.test.ts[22m
tests/unit/lib/api/[22m[1mstreaming.test.ts[22m
tests/unit/lib/api/helpers/[22m[1merror-handler.test.ts[22m
tests/unit/lib/api/helpers/[22m[1mresponse-builder.test.ts[22m
tests/unit/lib/auth/[22m[1mserver.test.ts[22m
tests/unit/lib/binance/[22m[1mapi-service.test.ts[22m
tests/unit/lib/binance/[22m[1mwebsocket-manager.test.ts[22m
tests/unit/lib/chart/[22m[1mdrawing-renderer.test.ts[22m
tests/unit/lib/chart/[22m[1mpattern-renderer.test.ts[22m
tests/unit/lib/db/[22m[1mprisma.test.ts[22m
tests/unit/lib/db/[22m[1msupabase.test.ts[22m
tests/unit/lib/errors/[22m[1mbase-error.test.ts[22m
tests/unit/lib/errors/[22m[1merror-tracker.test.ts[22m
tests/unit/lib/indicators/[22m[1mrsi.test.ts[22m
tests/unit/lib/logging/[22m[1mhelpers.test.ts[22m
tests/unit/lib/logging/[22m[1munified-logger.test.ts[22m
tests/unit/lib/mastra/[22m[1magent-performance-unit.test.ts[22m
tests/unit/lib/mastra/[22m[1magent-performance.test.ts[22m
tests/unit/lib/mastra/[22m[1mai-tool-selection.test.ts[22m
tests/unit/lib/mastra/[22m[1mentry-proposal-streaming.test.ts[22m
tests/unit/lib/mastra/[22m[1mimproved-orchestrator.test.ts[22m
tests/unit/lib/mastra/agents/[22m[1morchestrator.agent.test.ts[22m
tests/unit/lib/mastra/agents/[22m[1mparallel-orchestrator.test.ts[22m
tests/unit/lib/mastra/network/[22m[1mmessage-router.test.ts[22m
tests/unit/lib/mastra/tools/[22m[1magent-selection.tool.test.ts[22m
tests/unit/lib/mastra/tools/[22m[1mchart-data-analysis.tool.integration.test.ts[22m
tests/unit/lib/mastra/tools/[22m[1mchart-data-analysis.tool.unit.test.ts[22m
tests/unit/lib/mastra/tools/[22m[1mdynamic-ttl.test.ts[22m
tests/unit/lib/mastra/tools/[22m[1mentry-proposal-generation.test.ts[22m
tests/unit/lib/mastra/tools/[22m[1mmarket-data-resilient.tool.test.ts[22m
tests/unit/lib/mastra/tools/[22m[1mmarket-snapshot.tool.test.ts[22m
tests/unit/lib/mastra/tools/[22m[1mmemory-recall.tool.test.ts[22m
tests/unit/lib/mastra/tools/[22m[1mproposal-generation.test.ts[22m
tests/unit/lib/mastra/tools/[22m[1mui-state.tool.test.ts[22m
tests/unit/lib/mastra/utils/[22m[1mfallback-handler.test.ts[22m
tests/unit/lib/mastra/utils/[22m[1mintent-definitions.test.ts[22m
tests/unit/lib/mastra/utils/[22m[1mintent-symbol-extraction.test.ts[22m
tests/unit/lib/mastra/utils/[22m[1mintent.test.ts[22m
tests/unit/lib/mastra/utils/[22m[1mmodel-selector.test.ts[22m
tests/unit/lib/mastra/utils/[22m[1mperformance.test.ts[22m
tests/unit/lib/mastra/utils/[22m[1mshared-data-store.test.ts[22m
tests/unit/lib/ml/[22m[1mfeature-extractor.test.ts[22m
tests/unit/lib/ml/[22m[1mline-predictor.test.ts[22m
tests/unit/lib/monitoring/[22m[1mmetrics.test.ts[22m
tests/unit/lib/notifications/[22m[1mbrowser-notifications.test.ts[22m
tests/unit/lib/security/[22m[1mcsp-middleware.test.ts[22m
tests/unit/lib/services/[22m[1malert.service.test.ts[22m
tests/unit/lib/services/[22m[1manalysis.service.test.ts[22m
tests/unit/lib/services/[22m[1mbinance-api.service.test.ts[22m
tests/unit/lib/services/[22m[1mchart-drawing.service.test.ts[22m
tests/unit/lib/services/[22m[1mchat.service.test.ts[22m
tests/unit/lib/services/[22m[1mmarket-data-cache.service.test.ts[22m
tests/unit/lib/services/[22m[1msemantic-embedding.service.test.ts[22m
tests/unit/lib/services/database/[22m[1mchart-drawing.service.test.ts[22m
tests/unit/lib/storage/[22m[1mchart-persistence.test.ts[22m
tests/unit/lib/store/[22m[1mbase.store.test.ts[22m
tests/unit/lib/store/[22m[1mconversation-memory.store.test.ts[22m
tests/unit/lib/store/[22m[1menhanced-conversation-memory.store.test.ts[22m
tests/unit/lib/store/[22m[1minitialize-db-stores.test.ts[22m
tests/unit/lib/utils/[22m[1mchart-data.test.ts[22m
tests/unit/lib/utils/[22m[1mclient-env.test.ts[22m
tests/unit/lib/utils/[22m[1mdb-connection.test.ts[22m
tests/unit/lib/utils/[22m[1mdb-conversions.server.test.ts[22m
tests/unit/lib/utils/[22m[1mdb-conversions.test.ts[22m
tests/unit/lib/utils/[22m[1mdrawing-queue-retry.test.ts[22m
tests/unit/lib/utils/[22m[1mdrawing-queue.test.ts[22m
tests/unit/lib/utils/[22m[1mdrawing-reliability.test.ts[22m
tests/unit/lib/utils/[22m[1mlogger-enhanced.test.ts[22m
tests/unit/lib/utils/[22m[1mlogger.test.ts[22m
tests/unit/lib/utils/[22m[1mrate-limiter.test.ts[22m
tests/unit/lib/utils/[22m[1mretry.test.ts[22m
tests/unit/lib/utils/[22m[1mui-event-dispatcher.test.ts[22m
tests/unit/lib/utils/[22m[1mvalidation.test.ts[22m
tests/unit/lib/ws/[22m[1mWSManager.coverage.test.ts[22m
tests/unit/lib/ws/[22m[1mconnection-manager.test.ts[22m
tests/unit/lib/ws/[22m[1mconnection.test.ts[22m
tests/unit/lib/ws/[22m[1merror-handling.test.ts[22m
tests/unit/lib/ws/[22m[1mmigration.test.ts[22m
tests/unit/lib/ws/[22m[1mreconnect.test.ts[22m
tests/unit/store/[22m[1mchart-range.store.test.ts[22m
tests/unit/store/[22m[1mchat.store.test.ts[22m
tests/unit/store/[22m[1mconfig.store.test.ts[22m
tests/unit/store/[22m[1mmarket.store.test.ts[22m
tests/unit/store/[22m[1mproposal-approval.store.test.ts[22m
tests/unit/store/[22m[1mstore-integration.test.ts[22m
tests/unit/store/[22m[1mui-event.store.test.ts[22m
tests/unit/store/chat/[22m[1mmessage.store.test.ts[22m
tests/unit/store/chat/[22m[1msession.store.test.ts[22m
tests/unit/store/chat/[22m[1mui.store.test.ts[22m
tests/unit/types/[22m[1mpattern.types.test.ts[22m
tests/unit/types/[22m[1mui-events.types.test.ts[22m
tests/unit/types/events/[22m[1mchart-events.test.ts[22m
