
> cryptrade@0.1.0 test
> node scripts/jest-memory-fix.js

Running Jest with optimized memory settings...
Memory limit: 4GB
Command: NODE_OPTIONS="--max-old-space-size=4096 --expose-gc" npx jest 

ts-jest[config] (WARN) 
    The "ts-jest" config option "isolatedModules" is deprecated and will be removed in v30.0.0. Please use "isolatedModules: true" in /Users/hirosato/Downloads/Cryptrade/tsconfig.test.json instead, see https://www.typescriptlang.org/tsconfig/#isolatedModules
  
ts-jest[config] (WARN) 
    The "ts-jest" config option "isolatedModules" is deprecated and will be removed in v30.0.0. Please use "isolatedModules: true" in /Users/hirosato/Downloads/Cryptrade/tsconfig.test.json instead, see https://www.typescriptlang.org/tsconfig/#isolatedModules
  
[0m[7m[1m[31m FAIL [39m[22m[27m[0m [0m[7m[37m unit [39m[27m[0m [2mtests/unit/lib/utils/[22m[1mdrawing-reliability.test.ts[22m ([0m[1m[41m12.34 s[49m[22m[0m)
[1m[31m  [1m● [22m[1mDrawing Reliability Tests › DrawingOperationQueue › should process operations sequentially[39m[22m

    TypeError: (0 , metrics_1.incrementMetric) is not a function
[2m[22m
[2m    [0m [90m 123 |[39m         error [22m
[2m     [90m 124 |[39m       })[33m;[39m[22m
[2m    [31m[1m>[22m[2m[39m[90m 125 |[39m       incrementMetric([32m'drawing_failed_total'[39m)[33m;[39m[22m
[2m     [90m     |[39m                      [31m[1m^[22m[2m[39m[22m
[2m     [90m 126 |[39m       [22m
[2m     [90m 127 |[39m       [36mconst[39m latencyMs [33m=[39m [33mDate[39m[33m.[39mnow() [33m-[39m startTime[33m;[39m[22m
[2m     [90m 128 |[39m       observeMetric([32m'drawing_operation_duration_ms'[39m[33m,[39m latencyMs)[33m;[39m[0m[22m
[2m[22m
[2m      [2mat DrawingOperationQueue.processQueue ([22m[2mlib/utils/drawing-queue.ts[2m:125:22)[22m[2m[22m

[1m[31m  [1m● [22m[1mDrawing Reliability Tests › DrawingOperationQueue › should process operations sequentially[39m[22m

    TypeError: (0 , metrics_1.incrementMetric) is not a function
[2m[22m
[2m    [0m [90m 123 |[39m         error [22m
[2m     [90m 124 |[39m       })[33m;[39m[22m
[2m    [31m[1m>[22m[2m[39m[90m 125 |[39m       incrementMetric([32m'drawing_failed_total'[39m)[33m;[39m[22m
[2m     [90m     |[39m                      [31m[1m^[22m[2m[39m[22m
[2m     [90m 126 |[39m       [22m
[2m     [90m 127 |[39m       [36mconst[39m latencyMs [33m=[39m [33mDate[39m[33m.[39mnow() [33m-[39m startTime[33m;[39m[22m
[2m     [90m 128 |[39m       observeMetric([32m'drawing_operation_duration_ms'[39m[33m,[39m latencyMs)[33m;[39m[0m[22m
[2m[22m
[2m      [2mat DrawingOperationQueue.processQueue ([22m[2mlib/utils/drawing-queue.ts[2m:125:22)[22m[2m[22m

[1m[31m  [1m● [22m[1mDrawing Reliability Tests › DrawingOperationQueue › should handle operation failures[39m[22m

    TypeError: (0 , metrics_1.incrementMetric) is not a function
[2m[22m
[2m    [0m [90m 123 |[39m         error [22m
[2m     [90m 124 |[39m       })[33m;[39m[22m
[2m    [31m[1m>[22m[2m[39m[90m 125 |[39m       incrementMetric([32m'drawing_failed_total'[39m)[33m;[39m[22m
[2m     [90m     |[39m                      [31m[1m^[22m[2m[39m[22m
[2m     [90m 126 |[39m       [22m
[2m     [90m 127 |[39m       [36mconst[39m latencyMs [33m=[39m [33mDate[39m[33m.[39mnow() [33m-[39m startTime[33m;[39m[22m
[2m     [90m 128 |[39m       observeMetric([32m'drawing_operation_duration_ms'[39m[33m,[39m latencyMs)[33m;[39m[0m[22m
[2m[22m
[2m      [2mat DrawingOperationQueue.processQueue ([22m[2mlib/utils/drawing-queue.ts[2m:125:22)[22m[2m[22m

[1m[31m  [1m● [22m[1mDrawing Reliability Tests › DrawingOperationQueue › should handle operation failures[39m[22m

    TypeError: (0 , metrics_1.incrementMetric) is not a function
[2m[22m
[2m    [0m [90m 123 |[39m         error [22m
[2m     [90m 124 |[39m       })[33m;[39m[22m
[2m    [31m[1m>[22m[2m[39m[90m 125 |[39m       incrementMetric([32m'drawing_failed_total'[39m)[33m;[39m[22m
[2m     [90m     |[39m                      [31m[1m^[22m[2m[39m[22m
[2m     [90m 126 |[39m       [22m
[2m     [90m 127 |[39m       [36mconst[39m latencyMs [33m=[39m [33mDate[39m[33m.[39mnow() [33m-[39m startTime[33m;[39m[22m
[2m     [90m 128 |[39m       observeMetric([32m'drawing_operation_duration_ms'[39m[33m,[39m latencyMs)[33m;[39m[0m[22m
[2m[22m
[2m      [2mat DrawingOperationQueue.processQueue ([22m[2mlib/utils/drawing-queue.ts[2m:125:22)[22m[2m[22m

[1m[31m  [1m● [22m[1mDrawing Reliability Tests › DrawingOperationQueue › should handle operation failures[39m[22m

    thrown: "Exceeded timeout of 10000 ms for a test.
    Add a timeout value to this test to increase the timeout, if this is a long-running test. See https://jestjs.io/docs/api#testname-fn-timeout."
[2m[22m
[2m    [0m [90m 47 |[39m     })[33m;[39m[22m
[2m     [90m 48 |[39m     [22m
[2m    [31m[1m>[22m[2m[39m[90m 49 |[39m     it([32m'should handle operation failures'[39m[33m,[39m [36masync[39m () [33m=>[39m {[22m
[2m     [90m    |[39m       [31m[1m^[22m[2m[39m[22m
[2m     [90m 50 |[39m       [36mconst[39m failingOp [33m=[39m () [33m=>[39m [33mPromise[39m[33m.[39mreject([36mnew[39m [33mError[39m([32m'Test error'[39m))[33m;[39m[22m
[2m     [90m 51 |[39m       [36mconst[39m successOp [33m=[39m () [33m=>[39m [33mPromise[39m[33m.[39mresolve([32m'success'[39m)[33m;[39m[22m
[2m     [90m 52 |[39m       [0m[22m
[2m[22m
[2m      [2mat [22m[2m[0m[36mtests/unit/lib/utils/drawing-reliability.test.ts[39m[0m[2m:49:7[22m[2m[22m
[2m      [2mat [22m[2m[0m[36mtests/unit/lib/utils/drawing-reliability.test.ts[39m[0m[2m:20:11[22m[2m[22m
[2m      [2mat Object.<anonymous> ([22m[2m[0m[36mtests/unit/lib/utils/drawing-reliability.test.ts[39m[0m[2m:19:9)[22m[2m[22m

[1m[31m  [1m● [22m[1mDrawing Reliability Tests › DrawingOperationQueue › should respect maxConcurrency[39m[22m

    TypeError: (0 , metrics_1.incrementMetric) is not a function
[2m[22m
[2m    [0m [90m 123 |[39m         error [22m
[2m     [90m 124 |[39m       })[33m;[39m[22m
[2m    [31m[1m>[22m[2m[39m[90m 125 |[39m       incrementMetric([32m'drawing_failed_total'[39m)[33m;[39m[22m
[2m     [90m     |[39m                      [31m[1m^[22m[2m[39m[22m
[2m     [90m 126 |[39m       [22m
[2m     [90m 127 |[39m       [36mconst[39m latencyMs [33m=[39m [33mDate[39m[33m.[39mnow() [33m-[39m startTime[33m;[39m[22m
[2m     [90m 128 |[39m       observeMetric([32m'drawing_operation_duration_ms'[39m[33m,[39m latencyMs)[33m;[39m[0m[22m
[2m[22m
[2m      [2mat DrawingOperationQueue.processQueue ([22m[2mlib/utils/drawing-queue.ts[2m:125:22)[22m[2m[22m

[1m[31m  [1m● [22m[1mDrawing Reliability Tests › DrawingOperationQueue › should respect maxConcurrency[39m[22m

    TypeError: (0 , metrics_1.incrementMetric) is not a function
[2m[22m
[2m    [0m [90m 123 |[39m         error [22m
[2m     [90m 124 |[39m       })[33m;[39m[22m
[2m    [31m[1m>[22m[2m[39m[90m 125 |[39m       incrementMetric([32m'drawing_failed_total'[39m)[33m;[39m[22m
[2m     [90m     |[39m                      [31m[1m^[22m[2m[39m[22m
[2m     [90m 126 |[39m       [22m
[2m     [90m 127 |[39m       [36mconst[39m latencyMs [33m=[39m [33mDate[39m[33m.[39mnow() [33m-[39m startTime[33m;[39m[22m
[2m     [90m 128 |[39m       observeMetric([32m'drawing_operation_duration_ms'[39m[33m,[39m latencyMs)[33m;[39m[0m[22m
[2m[22m
[2m      [2mat DrawingOperationQueue.processQueue ([22m[2mlib/utils/drawing-queue.ts[2m:125:22)[22m[2m[22m

[1m[31m  [1m● [22m[1mDrawing Reliability Tests › DrawingOperationQueue › should respect maxConcurrency[39m[22m

    TypeError: (0 , metrics_1.incrementMetric) is not a function
[2m[22m
[2m    [0m [90m 123 |[39m         error [22m
[2m     [90m 124 |[39m       })[33m;[39m[22m
[2m    [31m[1m>[22m[2m[39m[90m 125 |[39m       incrementMetric([32m'drawing_failed_total'[39m)[33m;[39m[22m
[2m     [90m     |[39m                      [31m[1m^[22m[2m[39m[22m
[2m     [90m 126 |[39m       [22m
[2m     [90m 127 |[39m       [36mconst[39m latencyMs [33m=[39m [33mDate[39m[33m.[39mnow() [33m-[39m startTime[33m;[39m[22m
[2m     [90m 128 |[39m       observeMetric([32m'drawing_operation_duration_ms'[39m[33m,[39m latencyMs)[33m;[39m[0m[22m
[2m[22m
[2m      [2mat DrawingOperationQueue.processQueue ([22m[2mlib/utils/drawing-queue.ts[2m:125:22)[22m[2m[22m

[1m[31m  [1m● [22m[1mDrawing Reliability Tests › DrawingOperationQueue › should respect maxConcurrency[39m[22m

    TypeError: (0 , metrics_1.incrementMetric) is not a function
[2m[22m
[2m    [0m [90m 123 |[39m         error [22m
[2m     [90m 124 |[39m       })[33m;[39m[22m
[2m    [31m[1m>[22m[2m[39m[90m 125 |[39m       incrementMetric([32m'drawing_failed_total'[39m)[33m;[39m[22m
[2m     [90m     |[39m                      [31m[1m^[22m[2m[39m[22m
[2m     [90m 126 |[39m       [22m
[2m     [90m 127 |[39m       [36mconst[39m latencyMs [33m=[39m [33mDate[39m[33m.[39mnow() [33m-[39m startTime[33m;[39m[22m
[2m     [90m 128 |[39m       observeMetric([32m'drawing_operation_duration_ms'[39m[33m,[39m latencyMs)[33m;[39m[0m[22m
[2m[22m
[2m      [2mat DrawingOperationQueue.processQueue ([22m[2mlib/utils/drawing-queue.ts[2m:125:22)[22m[2m[22m

[1m[31m  [1m● [22m[1mDrawing Reliability Tests › DrawingOperationQueue › should clear pending operations[39m[22m

    TypeError: (0 , metrics_1.incrementMetric) is not a function
[2m[22m
[2m    [0m [90m 123 |[39m         error [22m
[2m     [90m 124 |[39m       })[33m;[39m[22m
[2m    [31m[1m>[22m[2m[39m[90m 125 |[39m       incrementMetric([32m'drawing_failed_total'[39m)[33m;[39m[22m
[2m     [90m     |[39m                      [31m[1m^[22m[2m[39m[22m
[2m     [90m 126 |[39m       [22m
[2m     [90m 127 |[39m       [36mconst[39m latencyMs [33m=[39m [33mDate[39m[33m.[39mnow() [33m-[39m startTime[33m;[39m[22m
[2m     [90m 128 |[39m       observeMetric([32m'drawing_operation_duration_ms'[39m[33m,[39m latencyMs)[33m;[39m[0m[22m
[2m[22m
[2m      [2mat DrawingOperationQueue.processQueue ([22m[2mlib/utils/drawing-queue.ts[2m:125:22)[22m[2m[22m

[1m[31m  [1m● [22m[1mDrawing Reliability Tests › Async Drawing Store Integration › should handle drawing confirmation timeout[39m[22m

    TypeError: (0 , metrics_1.incrementMetric) is not a function
[2m[22m
[2m    [0m [90m 123 |[39m         error [22m
[2m     [90m 124 |[39m       })[33m;[39m[22m
[2m    [31m[1m>[22m[2m[39m[90m 125 |[39m       incrementMetric([32m'drawing_failed_total'[39m)[33m;[39m[22m
[2m     [90m     |[39m                      [31m[1m^[22m[2m[39m[22m
[2m     [90m 126 |[39m       [22m
[2m     [90m 127 |[39m       [36mconst[39m latencyMs [33m=[39m [33mDate[39m[33m.[39mnow() [33m-[39m startTime[33m;[39m[22m
[2m     [90m 128 |[39m       observeMetric([32m'drawing_operation_duration_ms'[39m[33m,[39m latencyMs)[33m;[39m[0m[22m
[2m[22m
[2m      [2mat DrawingOperationQueue.processQueue ([22m[2mlib/utils/drawing-queue.ts[2m:125:22)[22m[2m[22m

(node:8300) PromiseRejectionHandledWarning: Promise rejection was handled asynchronously (rejection id: 15)
(Use `node --trace-warnings ...` to show where the warning was created)
(node:8300) PromiseRejectionHandledWarning: Promise rejection was handled asynchronously (rejection id: 16)
[0m[7m[1m[31m FAIL [39m[22m[27m[0m [0m[7m[37m unit [39m[27m[0m [2mlib/utils/__tests__/[22m[1mconcurrent.test.ts[22m ([0m[1m[41m10.358 s[49m[22m[0m)
[1m[31m  [1m● [22m[1mConcurrent Utilities › createDebouncedAsync › should debounce async function calls[39m[22m

    Operation cancelled
[2m[22m
[2m    [0m [90m 210 |[39m       [90m// Handle abort immediately[39m[22m
[2m     [90m 211 |[39m       signal[33m.[39maddEventListener([32m'abort'[39m[33m,[39m () [33m=>[39m {[22m
[2m    [31m[1m>[22m[2m[39m[90m 212 |[39m         reject([36mnew[39m [33mError[39m([32m'Operation cancelled'[39m))[33m;[39m[22m
[2m     [90m     |[39m                [31m[1m^[22m[2m[39m[22m
[2m     [90m 213 |[39m       })[33m;[39m[22m
[2m     [90m 214 |[39m       [22m
[2m     [90m 215 |[39m       timeoutId [33m=[39m setTimeout([36masync[39m () [33m=>[39m {[0m[22m
[2m[22m
[2m      [2mat AbortSignal.<anonymous> ([22m[2mlib/utils/concurrent.ts[2m:212:16)[22m[2m[22m
[2m      [2mat AbortSignal.callTheUserObjectsOperation ([22m[2mnode_modules/jsdom/lib/jsdom/living/generated/EventListener.js[2m:26:30)[22m[2m[22m
[2m      [2mat innerInvokeEventListeners ([22m[2mnode_modules/jsdom/lib/jsdom/living/events/EventTarget-impl.js[2m:350:25)[22m[2m[22m
[2m      [2mat invokeEventListeners ([22m[2mnode_modules/jsdom/lib/jsdom/living/events/EventTarget-impl.js[2m:286:3)[22m[2m[22m
[2m      [2mat AbortSignalImpl._dispatch ([22m[2mnode_modules/jsdom/lib/jsdom/living/events/EventTarget-impl.js[2m:233:9)[22m[2m[22m
[2m      [2mat fireAnEvent ([22m[2mnode_modules/jsdom/lib/jsdom/living/helpers/events.js[2m:18:36)[22m[2m[22m
[2m      [2mat AbortSignalImpl._runAbortStep ([22m[2mnode_modules/jsdom/lib/jsdom/living/aborting/AbortSignal-impl.js[2m:112:5)[22m[2m[22m
[2m      [2mat AbortSignalImpl._signalAbort ([22m[2mnode_modules/jsdom/lib/jsdom/living/aborting/AbortSignal-impl.js[2m:99:10)[22m[2m[22m
[2m      [2mat AbortControllerImpl.abort ([22m[2mnode_modules/jsdom/lib/jsdom/living/aborting/AbortController-impl.js[2m:11:17)[22m[2m[22m
[2m      [2mat AbortController.abort ([22m[2mnode_modules/jsdom/lib/jsdom/living/generated/AbortController.js[2m:112:34)[22m[2m[22m
[2m      [2mat execute ([22m[2mlib/utils/concurrent.ts[2m:191:25)[22m[2m[22m
[2m      [2mat Object.<anonymous> ([22m[2m[0m[36mlib/utils/__tests__/concurrent.test.ts[39m[0m[2m:191:24)[22m[2m[22m

[1m[31m  [1m● [22m[1mConcurrent Utilities › createDebouncedAsync › should debounce async function calls[39m[22m

    Operation cancelled
[2m[22m
[2m    [0m [90m 210 |[39m       [90m// Handle abort immediately[39m[22m
[2m     [90m 211 |[39m       signal[33m.[39maddEventListener([32m'abort'[39m[33m,[39m () [33m=>[39m {[22m
[2m    [31m[1m>[22m[2m[39m[90m 212 |[39m         reject([36mnew[39m [33mError[39m([32m'Operation cancelled'[39m))[33m;[39m[22m
[2m     [90m     |[39m                [31m[1m^[22m[2m[39m[22m
[2m     [90m 213 |[39m       })[33m;[39m[22m
[2m     [90m 214 |[39m       [22m
[2m     [90m 215 |[39m       timeoutId [33m=[39m setTimeout([36masync[39m () [33m=>[39m {[0m[22m
[2m[22m
[2m      [2mat AbortSignal.<anonymous> ([22m[2mlib/utils/concurrent.ts[2m:212:16)[22m[2m[22m
[2m      [2mat AbortSignal.callTheUserObjectsOperation ([22m[2mnode_modules/jsdom/lib/jsdom/living/generated/EventListener.js[2m:26:30)[22m[2m[22m
[2m      [2mat innerInvokeEventListeners ([22m[2mnode_modules/jsdom/lib/jsdom/living/events/EventTarget-impl.js[2m:350:25)[22m[2m[22m
[2m      [2mat invokeEventListeners ([22m[2mnode_modules/jsdom/lib/jsdom/living/events/EventTarget-impl.js[2m:286:3)[22m[2m[22m
[2m      [2mat AbortSignalImpl._dispatch ([22m[2mnode_modules/jsdom/lib/jsdom/living/events/EventTarget-impl.js[2m:233:9)[22m[2m[22m
[2m      [2mat fireAnEvent ([22m[2mnode_modules/jsdom/lib/jsdom/living/helpers/events.js[2m:18:36)[22m[2m[22m
[2m      [2mat AbortSignalImpl._runAbortStep ([22m[2mnode_modules/jsdom/lib/jsdom/living/aborting/AbortSignal-impl.js[2m:112:5)[22m[2m[22m
[2m      [2mat AbortSignalImpl._signalAbort ([22m[2mnode_modules/jsdom/lib/jsdom/living/aborting/AbortSignal-impl.js[2m:99:10)[22m[2m[22m
[2m      [2mat AbortControllerImpl.abort ([22m[2mnode_modules/jsdom/lib/jsdom/living/aborting/AbortController-impl.js[2m:11:17)[22m[2m[22m
[2m      [2mat AbortController.abort ([22m[2mnode_modules/jsdom/lib/jsdom/living/generated/AbortController.js[2m:112:34)[22m[2m[22m
[2m      [2mat execute ([22m[2mlib/utils/concurrent.ts[2m:191:25)[22m[2m[22m
[2m      [2mat Object.<anonymous> ([22m[2m[0m[36mlib/utils/__tests__/concurrent.test.ts[39m[0m[2m:192:24)[22m[2m[22m

[1m[31m  [1m● [22m[1mConcurrent Utilities › AsyncBatcher › should handle batch errors[39m[22m

    thrown: "Exceeded timeout of 10000 ms for a test.
    Add a timeout value to this test to increase the timeout, if this is a long-running test. See https://jestjs.io/docs/api#testname-fn-timeout."
[2m[22m
[2m    [0m [90m 334 |[39m     })[33m;[39m[22m
[2m     [90m 335 |[39m[22m
[2m    [31m[1m>[22m[2m[39m[90m 336 |[39m     it([32m'should handle batch errors'[39m[33m,[39m [36masync[39m () [33m=>[39m {[22m
[2m     [90m     |[39m       [31m[1m^[22m[2m[39m[22m
[2m     [90m 337 |[39m       [36mconst[39m batchFn [33m=[39m jest[33m.[39mfn([36masync[39m () [33m=>[39m {[22m
[2m     [90m 338 |[39m         [36mthrow[39m [36mnew[39m [33mError[39m([32m'Batch failed'[39m)[33m;[39m[22m
[2m     [90m 339 |[39m       })[33m;[39m[0m[22m
[2m[22m
[2m      [2mat [22m[2m[0m[36mlib/utils/__tests__/concurrent.test.ts[39m[0m[2m:336:7[22m[2m[22m
[2m      [2mat [22m[2m[0m[36mlib/utils/__tests__/concurrent.test.ts[39m[0m[2m:306:11[22m[2m[22m
[2m      [2mat Object.<anonymous> ([22m[2m[0m[36mlib/utils/__tests__/concurrent.test.ts[39m[0m[2m:16:9)[22m[2m[22m

[0m[7m[1m[31m FAIL [39m[22m[27m[0m [0m[7m[37m unit [39m[27m[0m [2mtests/unit/lib/mastra/agents/[22m[1mparallel-orchestrator.test.ts[22m
[1m[31m  [1m● [22m[1mParallel Orchestrator › Complex Query Detection › should detect complex queries based on length[39m[22m

    [2mexpect([22m[31mjest.fn()[39m[2m).[22mtoHaveBeenCalledWith[2m([22m[32m...expected[39m[2m)[22m

    Expected: [32mStringContaining "Detected complex query"[39m, [32mAny<Object>[39m
    Received
           1: [31m"[ParallelOrchestrator] Phase 1 complete"[39m, [2m{"confidence": 0.85, "correlationId": "1750656340049-h084olzni", "intent": "trading_analysis", "phase1Duration": 1}[22m
           2: [31m"[ParallelOrchestrator] Phase 2 complete"[39m, [2m{"correlationId": "1750656340049-h084olzni", "hasMarketData": false, "hasMemoryContext": true, "phase2Duration": 2}[22m
           3: [31m"[ParallelOrchestrator] Executing complex query"[39m, [2m{"correlationId": "1750656340049-h084olzni", "queryLength": 97, "requiredAgents": ["trading_analysis", "price_inquiry"]}[22m

    Number of calls: [31m4[39m
[2m[22m
[2m    [0m [90m 48 |[39m       [22m
[2m     [90m 49 |[39m       expect(result[33m.[39msuccess)[33m.[39mtoBe([36mtrue[39m)[33m;[39m[22m
[2m    [31m[1m>[22m[2m[39m[90m 50 |[39m       expect(logger[33m.[39minfo)[33m.[39mtoHaveBeenCalledWith([22m
[2m     [90m    |[39m                           [31m[1m^[22m[2m[39m[22m
[2m     [90m 51 |[39m         expect[33m.[39mstringContaining([32m'Detected complex query'[39m)[33m,[39m[22m
[2m     [90m 52 |[39m         expect[33m.[39many([33mObject[39m)[22m
[2m     [90m 53 |[39m       )[33m;[39m[0m[22m
[2m[22m
[2m      [2mat Object.<anonymous> ([22m[2m[0m[36mtests/unit/lib/mastra/agents/parallel-orchestrator.test.ts[39m[0m[2m:50:27)[22m[2m[22m

[1m[31m  [1m● [22m[1mParallel Orchestrator › Parallel Execution › should enforce timeout on parallel operations[39m[22m

    [2mexpect([22m[31mjest.fn()[39m[2m).[22mtoHaveBeenCalledWith[2m([22m[32m...expected[39m[2m)[22m

    Expected: [32mStringContaining "Operation timeout"[39m, [32mAny<Object>[39m
    Received: [31m"[ParallelOrchestrator] Market snapshot failed"[39m, [2m{"error": "Error: Snapshot failed"}[22m

    Number of calls: [31m1[39m
[2m[22m
[2m    [0m [90m 142 |[39m       [36mconst[39m result [33m=[39m [36mawait[39m slowOrchestrator[33m.[39mexecute([32m'Slow query'[39m[33m,[39m [32m'test-session'[39m)[33m;[39m[22m
[2m     [90m 143 |[39m       [22m
[2m    [31m[1m>[22m[2m[39m[90m 144 |[39m       expect(logger[33m.[39mwarn)[33m.[39mtoHaveBeenCalledWith([22m
[2m     [90m     |[39m                           [31m[1m^[22m[2m[39m[22m
[2m     [90m 145 |[39m         expect[33m.[39mstringContaining([32m'Operation timeout'[39m)[33m,[39m[22m
[2m     [90m 146 |[39m         expect[33m.[39many([33mObject[39m)[22m
[2m     [90m 147 |[39m       )[33m;[39m[0m[22m
[2m[22m
[2m      [2mat Object.<anonymous> ([22m[2m[0m[36mtests/unit/lib/mastra/agents/parallel-orchestrator.test.ts[39m[0m[2m:144:27)[22m[2m[22m

[1m[31m  [1m● [22m[1mParallel Orchestrator › Parallel Execution › should aggregate results from multiple agents correctly[39m[22m

    [2mexpect([22m[31mreceived[39m[2m).[22mtoContain[2m([22m[32mexpected[39m[2m) // indexOf[22m

    Expected substring: [32m"Price: $45,000"[39m
    Received string:    [31m"申し訳ございません。応答を生成できませんでした。"[39m
[2m[22m
[2m    [0m [90m 166 |[39m       [22m
[2m     [90m 167 |[39m       expect(result[33m.[39msuccess)[33m.[39mtoBe([36mtrue[39m)[33m;[39m[22m
[2m    [31m[1m>[22m[2m[39m[90m 168 |[39m       expect(result[33m.[39mexecutionResult[33m?[39m[33m.[39mresponse)[33m.[39mtoContain([32m'Price: $45,000'[39m)[33m;[39m[22m
[2m     [90m     |[39m                                                [31m[1m^[22m[2m[39m[22m
[2m     [90m 169 |[39m       expect(result[33m.[39mexecutionResult[33m?[39m[33m.[39mresponse)[33m.[39mtoContain([32m'Analysis: Bullish trend'[39m)[33m;[39m[22m
[2m     [90m 170 |[39m       expect(result[33m.[39mexecutionResult[33m?[39m[33m.[39mproposalGroup)[33m.[39mtoBeDefined()[33m;[39m[22m
[2m     [90m 171 |[39m       expect(result[33m.[39mexecutionResult[33m?[39m[33m.[39mtoolResults)[33m.[39mtoHaveLength([35m1[39m)[33m;[39m[0m[22m
[2m[22m
[2m      [2mat Object.<anonymous> ([22m[2m[0m[36mtests/unit/lib/mastra/agents/parallel-orchestrator.test.ts[39m[0m[2m:168:48)[22m[2m[22m

[1m[31m  [1m● [22m[1mParallel Orchestrator › Error Recovery › should recover from intent analysis failure[39m[22m

    Property `analyzeIntent` does not exist in the provided object
[2m[22m
[2m    [0m [90m 240 |[39m     it([32m'should recover from intent analysis failure'[39m[33m,[39m [36masync[39m () [33m=>[39m {[22m
[2m     [90m 241 |[39m       [90m// Mock analyzeIntent to throw[39m[22m
[2m    [31m[1m>[22m[2m[39m[90m 242 |[39m       jest[33m.[39mspyOn(global[33m,[39m [32m'analyzeIntent'[39m [36mas[39m any)[33m.[39mmockImplementation(() [33m=>[39m {[22m
[2m     [90m     |[39m            [31m[1m^[22m[2m[39m[22m
[2m     [90m 243 |[39m         [36mthrow[39m [36mnew[39m [33mError[39m([32m'Analysis failed'[39m)[33m;[39m[22m
[2m     [90m 244 |[39m       })[33m;[39m[22m
[2m     [90m 245 |[39m       [0m[22m
[2m[22m
[2m      [2mat ModuleMocker.spyOn ([22m[2mnode_modules/@jest/environment-jsdom-abstract/node_modules/jest-mock/build/index.js[2m:593:13)[22m[2m[22m
[2m      [2mat Object.<anonymous> ([22m[2m[0m[36mtests/unit/lib/mastra/agents/parallel-orchestrator.test.ts[39m[0m[2m:242:12)[22m[2m[22m

[1m[31m  [1m● [22m[1mParallel Orchestrator › Error Recovery › should handle complete execution failure gracefully[39m[22m

    [2mexpect([22m[31mreceived[39m[2m).[22mtoBeGreaterThan[2m([22m[32mexpected[39m[2m)[22m

    Expected: > [32m0[39m
    Received:   [31m0[39m
[2m[22m
[2m    [0m [90m 259 |[39m       [22m
[2m     [90m 260 |[39m       expect(result[33m.[39msuccess)[33m.[39mtoBe([36mfalse[39m)[33m;[39m[22m
[2m    [31m[1m>[22m[2m[39m[90m 261 |[39m       expect(result[33m.[39mexecutionTime)[33m.[39mtoBeGreaterThan([35m0[39m)[33m;[39m[22m
[2m     [90m     |[39m                                    [31m[1m^[22m[2m[39m[22m
[2m     [90m 262 |[39m     })[33m;[39m[22m
[2m     [90m 263 |[39m[22m
[2m     [90m 264 |[39m     it([32m'should continue with partial agent results on failure'[39m[33m,[39m [36masync[39m () [33m=>[39m {[0m[22m
[2m[22m
[2m      [2mat Object.<anonymous> ([22m[2m[0m[36mtests/unit/lib/mastra/agents/parallel-orchestrator.test.ts[39m[0m[2m:261:36)[22m[2m[22m

[1m[31m  [1m● [22m[1mParallel Orchestrator › Error Recovery › should continue with partial agent results on failure[39m[22m

    [2mexpect([22m[31mreceived[39m[2m).[22mtoContain[2m([22m[32mexpected[39m[2m) // indexOf[22m

    [1mMatcher error[22m: [31mreceived[39m value must not be null nor undefined

    Received has value: [31mundefined[39m
[2m[22m
[2m    [0m [90m 281 |[39m       [22m
[2m     [90m 282 |[39m       expect(result[33m.[39msuccess)[33m.[39mtoBe([36mtrue[39m)[33m;[39m[22m
[2m    [31m[1m>[22m[2m[39m[90m 283 |[39m       expect(result[33m.[39mexecutionResult[33m?[39m[33m.[39mresponse)[33m.[39mtoContain([32m'Success 1'[39m)[33m;[39m[22m
[2m     [90m     |[39m                                                [31m[1m^[22m[2m[39m[22m
[2m     [90m 284 |[39m       expect(result[33m.[39mexecutionResult[33m?[39m[33m.[39mresponse)[33m.[39mtoContain([32m'Success 3'[39m)[33m;[39m[22m
[2m     [90m 285 |[39m       expect(result[33m.[39mexecutionResult[33m?[39m[33m.[39mmetadata[33m?[39m[33m.[39msuccessfulAgents)[33m.[39mtoBe([35m2[39m)[33m;[39m[22m
[2m     [90m 286 |[39m     })[33m;[39m[0m[22m
[2m[22m
[2m      [2mat Object.<anonymous> ([22m[2m[0m[36mtests/unit/lib/mastra/agents/parallel-orchestrator.test.ts[39m[0m[2m:283:48)[22m[2m[22m

[0m[7m[1m[31m FAIL [39m[22m[27m[0m [0m[7m[37m unit [39m[27m[0m [2mtests/unit/lib/store/[22m[1menhanced-conversation-memory.store.test.ts[22m
  [1m● [22mConsole

    [2m[33mconsole.warn[39m[22m
[33m      Store is undefined or null[39m
[2m[22m
[2m    [0m [90m 41 |[39m [36mconst[39m ensureStoreMethods [33m=[39m (store[33m:[39m any) [33m=>[39m {[22m
[2m     [90m 42 |[39m   [36mif[39m ([33m![39mstore) {[22m
[2m    [31m[1m>[22m[2m[39m[90m 43 |[39m     console[33m.[39mwarn([32m'Store is undefined or null'[39m)[33m;[39m[22m
[2m     [90m    |[39m             [31m[1m^[22m[2m[39m[22m
[2m     [90m 44 |[39m     [36mreturn[39m[33m;[39m[22m
[2m     [90m 45 |[39m   }[22m
[2m     [90m 46 |[39m   [0m[22m
[2m[22m
[2m      [2mat [22m[2mnode_modules/@jest/environment-jsdom-abstract/node_modules/jest-mock/build/index.js[2m:305:39[22m[2m[22m
[2m      [2mat ensureStoreMethods ([22m[2mtests/unit/lib/store/enhanced-conversation-memory.store.test.ts[2m:43:13)[22m[2m[22m
[2m      [2mat Object.<anonymous> ([22m[2mtests/unit/lib/store/enhanced-conversation-memory.store.test.ts[2m:82:3)[22m[2m[22m

    [2m[33mconsole.warn[39m[22m
[33m      Store is undefined or null[39m
[2m[22m
[2m    [0m [90m 41 |[39m [36mconst[39m ensureStoreMethods [33m=[39m (store[33m:[39m any) [33m=>[39m {[22m
[2m     [90m 42 |[39m   [36mif[39m ([33m![39mstore) {[22m
[2m    [31m[1m>[22m[2m[39m[90m 43 |[39m     console[33m.[39mwarn([32m'Store is undefined or null'[39m)[33m;[39m[22m
[2m     [90m    |[39m             [31m[1m^[22m[2m[39m[22m
[2m     [90m 44 |[39m     [36mreturn[39m[33m;[39m[22m
[2m     [90m 45 |[39m   }[22m
[2m     [90m 46 |[39m   [0m[22m
[2m[22m
[2m      [2mat [22m[2mnode_modules/@jest/environment-jsdom-abstract/node_modules/jest-mock/build/index.js[2m:305:39[22m[2m[22m
[2m      [2mat ensureStoreMethods ([22m[2mtests/unit/lib/store/enhanced-conversation-memory.store.test.ts[2m:43:13)[22m[2m[22m
[2m      [2mat Object.<anonymous> ([22m[2mtests/unit/lib/store/enhanced-conversation-memory.store.test.ts[2m:82:3)[22m[2m[22m

    [2m[33mconsole.warn[39m[22m
[33m      Store is undefined or null[39m
[2m[22m
[2m    [0m [90m 41 |[39m [36mconst[39m ensureStoreMethods [33m=[39m (store[33m:[39m any) [33m=>[39m {[22m
[2m     [90m 42 |[39m   [36mif[39m ([33m![39mstore) {[22m
[2m    [31m[1m>[22m[2m[39m[90m 43 |[39m     console[33m.[39mwarn([32m'Store is undefined or null'[39m)[33m;[39m[22m
[2m     [90m    |[39m             [31m[1m^[22m[2m[39m[22m
[2m     [90m 44 |[39m     [36mreturn[39m[33m;[39m[22m
[2m     [90m 45 |[39m   }[22m
[2m     [90m 46 |[39m   [0m[22m
[2m[22m
[2m      [2mat [22m[2mnode_modules/@jest/environment-jsdom-abstract/node_modules/jest-mock/build/index.js[2m:305:39[22m[2m[22m
[2m      [2mat ensureStoreMethods ([22m[2mtests/unit/lib/store/enhanced-conversation-memory.store.test.ts[2m:43:13)[22m[2m[22m
[2m      [2mat Object.<anonymous> ([22m[2mtests/unit/lib/store/enhanced-conversation-memory.store.test.ts[2m:82:3)[22m[2m[22m

    [2m[33mconsole.warn[39m[22m
[33m      Store is undefined or null[39m
[2m[22m
[2m    [0m [90m 41 |[39m [36mconst[39m ensureStoreMethods [33m=[39m (store[33m:[39m any) [33m=>[39m {[22m
[2m     [90m 42 |[39m   [36mif[39m ([33m![39mstore) {[22m
[2m    [31m[1m>[22m[2m[39m[90m 43 |[39m     console[33m.[39mwarn([32m'Store is undefined or null'[39m)[33m;[39m[22m
[2m     [90m    |[39m             [31m[1m^[22m[2m[39m[22m
[2m     [90m 44 |[39m     [36mreturn[39m[33m;[39m[22m
[2m     [90m 45 |[39m   }[22m
[2m     [90m 46 |[39m   [0m[22m
[2m[22m
[2m      [2mat [22m[2mnode_modules/@jest/environment-jsdom-abstract/node_modules/jest-mock/build/index.js[2m:305:39[22m[2m[22m
[2m      [2mat ensureStoreMethods ([22m[2mtests/unit/lib/store/enhanced-conversation-memory.store.test.ts[2m:43:13)[22m[2m[22m
[2m      [2mat Object.<anonymous> ([22m[2mtests/unit/lib/store/enhanced-conversation-memory.store.test.ts[2m:82:3)[22m[2m[22m

    [2m[33mconsole.warn[39m[22m
[33m      Store is undefined or null[39m
[2m[22m
[2m    [0m [90m 41 |[39m [36mconst[39m ensureStoreMethods [33m=[39m (store[33m:[39m any) [33m=>[39m {[22m
[2m     [90m 42 |[39m   [36mif[39m ([33m![39mstore) {[22m
[2m    [31m[1m>[22m[2m[39m[90m 43 |[39m     console[33m.[39mwarn([32m'Store is undefined or null'[39m)[33m;[39m[22m
[2m     [90m    |[39m             [31m[1m^[22m[2m[39m[22m
[2m     [90m 44 |[39m     [36mreturn[39m[33m;[39m[22m
[2m     [90m 45 |[39m   }[22m
[2m     [90m 46 |[39m   [0m[22m
[2m[22m
[2m      [2mat [22m[2mnode_modules/@jest/environment-jsdom-abstract/node_modules/jest-mock/build/index.js[2m:305:39[22m[2m[22m
[2m      [2mat ensureStoreMethods ([22m[2mtests/unit/lib/store/enhanced-conversation-memory.store.test.ts[2m:43:13)[22m[2m[22m
[2m      [2mat Object.<anonymous> ([22m[2mtests/unit/lib/store/enhanced-conversation-memory.store.test.ts[2m:82:3)[22m[2m[22m

    [2m[33mconsole.warn[39m[22m
[33m      Store is undefined or null[39m
[2m[22m
[2m    [0m [90m 41 |[39m [36mconst[39m ensureStoreMethods [33m=[39m (store[33m:[39m any) [33m=>[39m {[22m
[2m     [90m 42 |[39m   [36mif[39m ([33m![39mstore) {[22m
[2m    [31m[1m>[22m[2m[39m[90m 43 |[39m     console[33m.[39mwarn([32m'Store is undefined or null'[39m)[33m;[39m[22m
[2m     [90m    |[39m             [31m[1m^[22m[2m[39m[22m
[2m     [90m 44 |[39m     [36mreturn[39m[33m;[39m[22m
[2m     [90m 45 |[39m   }[22m
[2m     [90m 46 |[39m   [0m[22m
[2m[22m
[2m      [2mat [22m[2mnode_modules/@jest/environment-jsdom-abstract/node_modules/jest-mock/build/index.js[2m:305:39[22m[2m[22m
[2m      [2mat ensureStoreMethods ([22m[2mtests/unit/lib/store/enhanced-conversation-memory.store.test.ts[2m:43:13)[22m[2m[22m
[2m      [2mat Object.<anonymous> ([22m[2mtests/unit/lib/store/enhanced-conversation-memory.store.test.ts[2m:82:3)[22m[2m[22m

    [2m[33mconsole.warn[39m[22m
[33m      Store is undefined or null[39m
[2m[22m
[2m    [0m [90m 41 |[39m [36mconst[39m ensureStoreMethods [33m=[39m (store[33m:[39m any) [33m=>[39m {[22m
[2m     [90m 42 |[39m   [36mif[39m ([33m![39mstore) {[22m
[2m    [31m[1m>[22m[2m[39m[90m 43 |[39m     console[33m.[39mwarn([32m'Store is undefined or null'[39m)[33m;[39m[22m
[2m     [90m    |[39m             [31m[1m^[22m[2m[39m[22m
[2m     [90m 44 |[39m     [36mreturn[39m[33m;[39m[22m
[2m     [90m 45 |[39m   }[22m
[2m     [90m 46 |[39m   [0m[22m
[2m[22m
[2m      [2mat [22m[2mnode_modules/@jest/environment-jsdom-abstract/node_modules/jest-mock/build/index.js[2m:305:39[22m[2m[22m
[2m      [2mat ensureStoreMethods ([22m[2mtests/unit/lib/store/enhanced-conversation-memory.store.test.ts[2m:43:13)[22m[2m[22m
[2m      [2mat Object.<anonymous> ([22m[2mtests/unit/lib/store/enhanced-conversation-memory.store.test.ts[2m:82:3)[22m[2m[22m

    [2m[33mconsole.warn[39m[22m
[33m      Store is undefined or null[39m
[2m[22m
[2m    [0m [90m 41 |[39m [36mconst[39m ensureStoreMethods [33m=[39m (store[33m:[39m any) [33m=>[39m {[22m
[2m     [90m 42 |[39m   [36mif[39m ([33m![39mstore) {[22m
[2m    [31m[1m>[22m[2m[39m[90m 43 |[39m     console[33m.[39mwarn([32m'Store is undefined or null'[39m)[33m;[39m[22m
[2m     [90m    |[39m             [31m[1m^[22m[2m[39m[22m
[2m     [90m 44 |[39m     [36mreturn[39m[33m;[39m[22m
[2m     [90m 45 |[39m   }[22m
[2m     [90m 46 |[39m   [0m[22m
[2m[22m
[2m      [2mat [22m[2mnode_modules/@jest/environment-jsdom-abstract/node_modules/jest-mock/build/index.js[2m:305:39[22m[2m[22m
[2m      [2mat ensureStoreMethods ([22m[2mtests/unit/lib/store/enhanced-conversation-memory.store.test.ts[2m:43:13)[22m[2m[22m
[2m      [2mat Object.<anonymous> ([22m[2mtests/unit/lib/store/enhanced-conversation-memory.store.test.ts[2m:82:3)[22m[2m[22m

    [2m[33mconsole.warn[39m[22m
[33m      Store is undefined or null[39m
[2m[22m
[2m    [0m [90m 41 |[39m [36mconst[39m ensureStoreMethods [33m=[39m (store[33m:[39m any) [33m=>[39m {[22m
[2m     [90m 42 |[39m   [36mif[39m ([33m![39mstore) {[22m
[2m    [31m[1m>[22m[2m[39m[90m 43 |[39m     console[33m.[39mwarn([32m'Store is undefined or null'[39m)[33m;[39m[22m
[2m     [90m    |[39m             [31m[1m^[22m[2m[39m[22m
[2m     [90m 44 |[39m     [36mreturn[39m[33m;[39m[22m
[2m     [90m 45 |[39m   }[22m
[2m     [90m 46 |[39m   [0m[22m
[2m[22m
[2m      [2mat [22m[2mnode_modules/@jest/environment-jsdom-abstract/node_modules/jest-mock/build/index.js[2m:305:39[22m[2m[22m
[2m      [2mat ensureStoreMethods ([22m[2mtests/unit/lib/store/enhanced-conversation-memory.store.test.ts[2m:43:13)[22m[2m[22m
[2m      [2mat Object.<anonymous> ([22m[2mtests/unit/lib/store/enhanced-conversation-memory.store.test.ts[2m:82:3)[22m[2m[22m

    [2m[33mconsole.warn[39m[22m
[33m      Store is undefined or null[39m
[2m[22m
[2m    [0m [90m 41 |[39m [36mconst[39m ensureStoreMethods [33m=[39m (store[33m:[39m any) [33m=>[39m {[22m
[2m     [90m 42 |[39m   [36mif[39m ([33m![39mstore) {[22m
[2m    [31m[1m>[22m[2m[39m[90m 43 |[39m     console[33m.[39mwarn([32m'Store is undefined or null'[39m)[33m;[39m[22m
[2m     [90m    |[39m             [31m[1m^[22m[2m[39m[22m
[2m     [90m 44 |[39m     [36mreturn[39m[33m;[39m[22m
[2m     [90m 45 |[39m   }[22m
[2m     [90m 46 |[39m   [0m[22m
[2m[22m
[2m      [2mat [22m[2mnode_modules/@jest/environment-jsdom-abstract/node_modules/jest-mock/build/index.js[2m:305:39[22m[2m[22m
[2m      [2mat ensureStoreMethods ([22m[2mtests/unit/lib/store/enhanced-conversation-memory.store.test.ts[2m:43:13)[22m[2m[22m
[2m      [2mat Object.<anonymous> ([22m[2mtests/unit/lib/store/enhanced-conversation-memory.store.test.ts[2m:82:3)[22m[2m[22m

    [2m[33mconsole.warn[39m[22m
[33m      Store is undefined or null[39m
[2m[22m
[2m    [0m [90m 41 |[39m [36mconst[39m ensureStoreMethods [33m=[39m (store[33m:[39m any) [33m=>[39m {[22m
[2m     [90m 42 |[39m   [36mif[39m ([33m![39mstore) {[22m
[2m    [31m[1m>[22m[2m[39m[90m 43 |[39m     console[33m.[39mwarn([32m'Store is undefined or null'[39m)[33m;[39m[22m
[2m     [90m    |[39m             [31m[1m^[22m[2m[39m[22m
[2m     [90m 44 |[39m     [36mreturn[39m[33m;[39m[22m
[2m     [90m 45 |[39m   }[22m
[2m     [90m 46 |[39m   [0m[22m
[2m[22m
[2m      [2mat [22m[2mnode_modules/@jest/environment-jsdom-abstract/node_modules/jest-mock/build/index.js[2m:305:39[22m[2m[22m
[2m      [2mat ensureStoreMethods ([22m[2mtests/unit/lib/store/enhanced-conversation-memory.store.test.ts[2m:43:13)[22m[2m[22m
[2m      [2mat Object.<anonymous> ([22m[2mtests/unit/lib/store/enhanced-conversation-memory.store.test.ts[2m:82:3)[22m[2m[22m

    [2m[33mconsole.warn[39m[22m
[33m      Store is undefined or null[39m
[2m[22m
[2m    [0m [90m 41 |[39m [36mconst[39m ensureStoreMethods [33m=[39m (store[33m:[39m any) [33m=>[39m {[22m
[2m     [90m 42 |[39m   [36mif[39m ([33m![39mstore) {[22m
[2m    [31m[1m>[22m[2m[39m[90m 43 |[39m     console[33m.[39mwarn([32m'Store is undefined or null'[39m)[33m;[39m[22m
[2m     [90m    |[39m             [31m[1m^[22m[2m[39m[22m
[2m     [90m 44 |[39m     [36mreturn[39m[33m;[39m[22m
[2m     [90m 45 |[39m   }[22m
[2m     [90m 46 |[39m   [0m[22m
[2m[22m
[2m      [2mat [22m[2mnode_modules/@jest/environment-jsdom-abstract/node_modules/jest-mock/build/index.js[2m:305:39[22m[2m[22m
[2m      [2mat ensureStoreMethods ([22m[2mtests/unit/lib/store/enhanced-conversation-memory.store.test.ts[2m:43:13)[22m[2m[22m
[2m      [2mat Object.<anonymous> ([22m[2mtests/unit/lib/store/enhanced-conversation-memory.store.test.ts[2m:82:3)[22m[2m[22m

    [2m[33mconsole.warn[39m[22m
[33m      Store is undefined or null[39m
[2m[22m
[2m    [0m [90m 41 |[39m [36mconst[39m ensureStoreMethods [33m=[39m (store[33m:[39m any) [33m=>[39m {[22m
[2m     [90m 42 |[39m   [36mif[39m ([33m![39mstore) {[22m
[2m    [31m[1m>[22m[2m[39m[90m 43 |[39m     console[33m.[39mwarn([32m'Store is undefined or null'[39m)[33m;[39m[22m
[2m     [90m    |[39m             [31m[1m^[22m[2m[39m[22m
[2m     [90m 44 |[39m     [36mreturn[39m[33m;[39m[22m
[2m     [90m 45 |[39m   }[22m
[2m     [90m 46 |[39m   [0m[22m
[2m[22m
[2m      [2mat [22m[2mnode_modules/@jest/environment-jsdom-abstract/node_modules/jest-mock/build/index.js[2m:305:39[22m[2m[22m
[2m      [2mat ensureStoreMethods ([22m[2mtests/unit/lib/store/enhanced-conversation-memory.store.test.ts[2m:43:13)[22m[2m[22m
[2m      [2mat Object.<anonymous> ([22m[2mtests/unit/lib/store/enhanced-conversation-memory.store.test.ts[2m:82:3)[22m[2m[22m

    [2m[33mconsole.warn[39m[22m
[33m      Store is undefined or null[39m
[2m[22m
[2m    [0m [90m 41 |[39m [36mconst[39m ensureStoreMethods [33m=[39m (store[33m:[39m any) [33m=>[39m {[22m
[2m     [90m 42 |[39m   [36mif[39m ([33m![39mstore) {[22m
[2m    [31m[1m>[22m[2m[39m[90m 43 |[39m     console[33m.[39mwarn([32m'Store is undefined or null'[39m)[33m;[39m[22m
[2m     [90m    |[39m             [31m[1m^[22m[2m[39m[22m
[2m     [90m 44 |[39m     [36mreturn[39m[33m;[39m[22m
[2m     [90m 45 |[39m   }[22m
[2m     [90m 46 |[39m   [0m[22m
[2m[22m
[2m      [2mat [22m[2mnode_modules/@jest/environment-jsdom-abstract/node_modules/jest-mock/build/index.js[2m:305:39[22m[2m[22m
[2m      [2mat ensureStoreMethods ([22m[2mtests/unit/lib/store/enhanced-conversation-memory.store.test.ts[2m:43:13)[22m[2m[22m
[2m      [2mat Object.<anonymous> ([22m[2mtests/unit/lib/store/enhanced-conversation-memory.store.test.ts[2m:82:3)[22m[2m[22m

    [2m[33mconsole.warn[39m[22m
[33m      Store is undefined or null[39m
[2m[22m
[2m    [0m [90m 41 |[39m [36mconst[39m ensureStoreMethods [33m=[39m (store[33m:[39m any) [33m=>[39m {[22m
[2m     [90m 42 |[39m   [36mif[39m ([33m![39mstore) {[22m
[2m    [31m[1m>[22m[2m[39m[90m 43 |[39m     console[33m.[39mwarn([32m'Store is undefined or null'[39m)[33m;[39m[22m
[2m     [90m    |[39m             [31m[1m^[22m[2m[39m[22m
[2m     [90m 44 |[39m     [36mreturn[39m[33m;[39m[22m
[2m     [90m 45 |[39m   }[22m
[2m     [90m 46 |[39m   [0m[22m
[2m[22m
[2m      [2mat [22m[2mnode_modules/@jest/environment-jsdom-abstract/node_modules/jest-mock/build/index.js[2m:305:39[22m[2m[22m
[2m      [2mat ensureStoreMethods ([22m[2mtests/unit/lib/store/enhanced-conversation-memory.store.test.ts[2m:43:13)[22m[2m[22m
[2m      [2mat Object.<anonymous> ([22m[2mtests/unit/lib/store/enhanced-conversation-memory.store.test.ts[2m:82:3)[22m[2m[22m

    [2m[33mconsole.warn[39m[22m
[33m      Store is undefined or null[39m
[2m[22m
[2m    [0m [90m 41 |[39m [36mconst[39m ensureStoreMethods [33m=[39m (store[33m:[39m any) [33m=>[39m {[22m
[2m     [90m 42 |[39m   [36mif[39m ([33m![39mstore) {[22m
[2m    [31m[1m>[22m[2m[39m[90m 43 |[39m     console[33m.[39mwarn([32m'Store is undefined or null'[39m)[33m;[39m[22m
[2m     [90m    |[39m             [31m[1m^[22m[2m[39m[22m
[2m     [90m 44 |[39m     [36mreturn[39m[33m;[39m[22m
[2m     [90m 45 |[39m   }[22m
[2m     [90m 46 |[39m   [0m[22m
[2m[22m
[2m      [2mat [22m[2mnode_modules/@jest/environment-jsdom-abstract/node_modules/jest-mock/build/index.js[2m:305:39[22m[2m[22m
[2m      [2mat ensureStoreMethods ([22m[2mtests/unit/lib/store/enhanced-conversation-memory.store.test.ts[2m:43:13)[22m[2m[22m
[2m      [2mat Object.<anonymous> ([22m[2mtests/unit/lib/store/enhanced-conversation-memory.store.test.ts[2m:82:3)[22m[2m[22m

    [2m[33mconsole.warn[39m[22m
[33m      Store is undefined or null[39m
[2m[22m
[2m    [0m [90m 41 |[39m [36mconst[39m ensureStoreMethods [33m=[39m (store[33m:[39m any) [33m=>[39m {[22m
[2m     [90m 42 |[39m   [36mif[39m ([33m![39mstore) {[22m
[2m    [31m[1m>[22m[2m[39m[90m 43 |[39m     console[33m.[39mwarn([32m'Store is undefined or null'[39m)[33m;[39m[22m
[2m     [90m    |[39m             [31m[1m^[22m[2m[39m[22m
[2m     [90m 44 |[39m     [36mreturn[39m[33m;[39m[22m
[2m     [90m 45 |[39m   }[22m
[2m     [90m 46 |[39m   [0m[22m
[2m[22m
[2m      [2mat [22m[2mnode_modules/@jest/environment-jsdom-abstract/node_modules/jest-mock/build/index.js[2m:305:39[22m[2m[22m
[2m      [2mat ensureStoreMethods ([22m[2mtests/unit/lib/store/enhanced-conversation-memory.store.test.ts[2m:43:13)[22m[2m[22m
[2m      [2mat Object.<anonymous> ([22m[2mtests/unit/lib/store/enhanced-conversation-memory.store.test.ts[2m:82:3)[22m[2m[22m

    [2m[33mconsole.warn[39m[22m
[33m      Store is undefined or null[39m
[2m[22m
[2m    [0m [90m 41 |[39m [36mconst[39m ensureStoreMethods [33m=[39m (store[33m:[39m any) [33m=>[39m {[22m
[2m     [90m 42 |[39m   [36mif[39m ([33m![39mstore) {[22m
[2m    [31m[1m>[22m[2m[39m[90m 43 |[39m     console[33m.[39mwarn([32m'Store is undefined or null'[39m)[33m;[39m[22m
[2m     [90m    |[39m             [31m[1m^[22m[2m[39m[22m
[2m     [90m 44 |[39m     [36mreturn[39m[33m;[39m[22m
[2m     [90m 45 |[39m   }[22m
[2m     [90m 46 |[39m   [0m[22m
[2m[22m
[2m      [2mat [22m[2mnode_modules/@jest/environment-jsdom-abstract/node_modules/jest-mock/build/index.js[2m:305:39[22m[2m[22m
[2m      [2mat ensureStoreMethods ([22m[2mtests/unit/lib/store/enhanced-conversation-memory.store.test.ts[2m:43:13)[22m[2m[22m
[2m      [2mat Object.<anonymous> ([22m[2mtests/unit/lib/store/enhanced-conversation-memory.store.test.ts[2m:82:3)[22m[2m[22m

    [2m[33mconsole.warn[39m[22m
[33m      Store is undefined or null[39m
[2m[22m
[2m    [0m [90m 41 |[39m [36mconst[39m ensureStoreMethods [33m=[39m (store[33m:[39m any) [33m=>[39m {[22m
[2m     [90m 42 |[39m   [36mif[39m ([33m![39mstore) {[22m
[2m    [31m[1m>[22m[2m[39m[90m 43 |[39m     console[33m.[39mwarn([32m'Store is undefined or null'[39m)[33m;[39m[22m
[2m     [90m    |[39m             [31m[1m^[22m[2m[39m[22m
[2m     [90m 44 |[39m     [36mreturn[39m[33m;[39m[22m
[2m     [90m 45 |[39m   }[22m
[2m     [90m 46 |[39m   [0m[22m
[2m[22m
[2m      [2mat [22m[2mnode_modules/@jest/environment-jsdom-abstract/node_modules/jest-mock/build/index.js[2m:305:39[22m[2m[22m
[2m      [2mat ensureStoreMethods ([22m[2mtests/unit/lib/store/enhanced-conversation-memory.store.test.ts[2m:43:13)[22m[2m[22m
[2m      [2mat Object.<anonymous> ([22m[2mtests/unit/lib/store/enhanced-conversation-memory.store.test.ts[2m:82:3)[22m[2m[22m

    [2m[33mconsole.warn[39m[22m
[33m      Store is undefined or null[39m
[2m[22m
[2m    [0m [90m 41 |[39m [36mconst[39m ensureStoreMethods [33m=[39m (store[33m:[39m any) [33m=>[39m {[22m
[2m     [90m 42 |[39m   [36mif[39m ([33m![39mstore) {[22m
[2m    [31m[1m>[22m[2m[39m[90m 43 |[39m     console[33m.[39mwarn([32m'Store is undefined or null'[39m)[33m;[39m[22m
[2m     [90m    |[39m             [31m[1m^[22m[2m[39m[22m
[2m     [90m 44 |[39m     [36mreturn[39m[33m;[39m[22m
[2m     [90m 45 |[39m   }[22m
[2m     [90m 46 |[39m   [0m[22m
[2m[22m
[2m      [2mat [22m[2mnode_modules/@jest/environment-jsdom-abstract/node_modules/jest-mock/build/index.js[2m:305:39[22m[2m[22m
[2m      [2mat ensureStoreMethods ([22m[2mtests/unit/lib/store/enhanced-conversation-memory.store.test.ts[2m:43:13)[22m[2m[22m
[2m      [2mat Object.<anonymous> ([22m[2mtests/unit/lib/store/enhanced-conversation-memory.store.test.ts[2m:82:3)[22m[2m[22m

    [2m[33mconsole.warn[39m[22m
[33m      Store is undefined or null[39m
[2m[22m
[2m    [0m [90m 41 |[39m [36mconst[39m ensureStoreMethods [33m=[39m (store[33m:[39m any) [33m=>[39m {[22m
[2m     [90m 42 |[39m   [36mif[39m ([33m![39mstore) {[22m
[2m    [31m[1m>[22m[2m[39m[90m 43 |[39m     console[33m.[39mwarn([32m'Store is undefined or null'[39m)[33m;[39m[22m
[2m     [90m    |[39m             [31m[1m^[22m[2m[39m[22m
[2m     [90m 44 |[39m     [36mreturn[39m[33m;[39m[22m
[2m     [90m 45 |[39m   }[22m
[2m     [90m 46 |[39m   [0m[22m
[2m[22m
[2m      [2mat [22m[2mnode_modules/@jest/environment-jsdom-abstract/node_modules/jest-mock/build/index.js[2m:305:39[22m[2m[22m
[2m      [2mat ensureStoreMethods ([22m[2mtests/unit/lib/store/enhanced-conversation-memory.store.test.ts[2m:43:13)[22m[2m[22m
[2m      [2mat Object.<anonymous> ([22m[2mtests/unit/lib/store/enhanced-conversation-memory.store.test.ts[2m:82:3)[22m[2m[22m

    [2m[33mconsole.warn[39m[22m
[33m      Store is undefined or null[39m
[2m[22m
[2m    [0m [90m 41 |[39m [36mconst[39m ensureStoreMethods [33m=[39m (store[33m:[39m any) [33m=>[39m {[22m
[2m     [90m 42 |[39m   [36mif[39m ([33m![39mstore) {[22m
[2m    [31m[1m>[22m[2m[39m[90m 43 |[39m     console[33m.[39mwarn([32m'Store is undefined or null'[39m)[33m;[39m[22m
[2m     [90m    |[39m             [31m[1m^[22m[2m[39m[22m
[2m     [90m 44 |[39m     [36mreturn[39m[33m;[39m[22m
[2m     [90m 45 |[39m   }[22m
[2m     [90m 46 |[39m   [0m[22m
[2m[22m
[2m      [2mat [22m[2mnode_modules/@jest/environment-jsdom-abstract/node_modules/jest-mock/build/index.js[2m:305:39[22m[2m[22m
[2m      [2mat ensureStoreMethods ([22m[2mtests/unit/lib/store/enhanced-conversation-memory.store.test.ts[2m:43:13)[22m[2m[22m
[2m      [2mat Object.<anonymous> ([22m[2mtests/unit/lib/store/enhanced-conversation-memory.store.test.ts[2m:82:3)[22m[2m[22m

    [2m[33mconsole.warn[39m[22m
[33m      Store is undefined or null[39m
[2m[22m
[2m    [0m [90m 41 |[39m [36mconst[39m ensureStoreMethods [33m=[39m (store[33m:[39m any) [33m=>[39m {[22m
[2m     [90m 42 |[39m   [36mif[39m ([33m![39mstore) {[22m
[2m    [31m[1m>[22m[2m[39m[90m 43 |[39m     console[33m.[39mwarn([32m'Store is undefined or null'[39m)[33m;[39m[22m
[2m     [90m    |[39m             [31m[1m^[22m[2m[39m[22m
[2m     [90m 44 |[39m     [36mreturn[39m[33m;[39m[22m
[2m     [90m 45 |[39m   }[22m
[2m     [90m 46 |[39m   [0m[22m
[2m[22m
[2m      [2mat [22m[2mnode_modules/@jest/environment-jsdom-abstract/node_modules/jest-mock/build/index.js[2m:305:39[22m[2m[22m
[2m      [2mat ensureStoreMethods ([22m[2mtests/unit/lib/store/enhanced-conversation-memory.store.test.ts[2m:43:13)[22m[2m[22m
[2m      [2mat Object.<anonymous> ([22m[2mtests/unit/lib/store/enhanced-conversation-memory.store.test.ts[2m:82:3)[22m[2m[22m

    [2m[33mconsole.warn[39m[22m
[33m      Store is undefined or null[39m
[2m[22m
[2m    [0m [90m 41 |[39m [36mconst[39m ensureStoreMethods [33m=[39m (store[33m:[39m any) [33m=>[39m {[22m
[2m     [90m 42 |[39m   [36mif[39m ([33m![39mstore) {[22m
[2m    [31m[1m>[22m[2m[39m[90m 43 |[39m     console[33m.[39mwarn([32m'Store is undefined or null'[39m)[33m;[39m[22m
[2m     [90m    |[39m             [31m[1m^[22m[2m[39m[22m
[2m     [90m 44 |[39m     [36mreturn[39m[33m;[39m[22m
[2m     [90m 45 |[39m   }[22m
[2m     [90m 46 |[39m   [0m[22m
[2m[22m
[2m      [2mat [22m[2mnode_modules/@jest/environment-jsdom-abstract/node_modules/jest-mock/build/index.js[2m:305:39[22m[2m[22m
[2m      [2mat ensureStoreMethods ([22m[2mtests/unit/lib/store/enhanced-conversation-memory.store.test.ts[2m:43:13)[22m[2m[22m
[2m      [2mat Object.<anonymous> ([22m[2mtests/unit/lib/store/enhanced-conversation-memory.store.test.ts[2m:82:3)[22m[2m[22m

    [2m[33mconsole.warn[39m[22m
[33m      Store is undefined or null[39m
[2m[22m
[2m    [0m [90m 41 |[39m [36mconst[39m ensureStoreMethods [33m=[39m (store[33m:[39m any) [33m=>[39m {[22m
[2m     [90m 42 |[39m   [36mif[39m ([33m![39mstore) {[22m
[2m    [31m[1m>[22m[2m[39m[90m 43 |[39m     console[33m.[39mwarn([32m'Store is undefined or null'[39m)[33m;[39m[22m
[2m     [90m    |[39m             [31m[1m^[22m[2m[39m[22m
[2m     [90m 44 |[39m     [36mreturn[39m[33m;[39m[22m
[2m     [90m 45 |[39m   }[22m
[2m     [90m 46 |[39m   [0m[22m
[2m[22m
[2m      [2mat [22m[2mnode_modules/@jest/environment-jsdom-abstract/node_modules/jest-mock/build/index.js[2m:305:39[22m[2m[22m
[2m      [2mat ensureStoreMethods ([22m[2mtests/unit/lib/store/enhanced-conversation-memory.store.test.ts[2m:43:13)[22m[2m[22m
[2m      [2mat Object.<anonymous> ([22m[2mtests/unit/lib/store/enhanced-conversation-memory.store.test.ts[2m:82:3)[22m[2m[22m

    [2m[33mconsole.warn[39m[22m
[33m      Store is undefined or null[39m
[2m[22m
[2m    [0m [90m 41 |[39m [36mconst[39m ensureStoreMethods [33m=[39m (store[33m:[39m any) [33m=>[39m {[22m
[2m     [90m 42 |[39m   [36mif[39m ([33m![39mstore) {[22m
[2m    [31m[1m>[22m[2m[39m[90m 43 |[39m     console[33m.[39mwarn([32m'Store is undefined or null'[39m)[33m;[39m[22m
[2m     [90m    |[39m             [31m[1m^[22m[2m[39m[22m
[2m     [90m 44 |[39m     [36mreturn[39m[33m;[39m[22m
[2m     [90m 45 |[39m   }[22m
[2m     [90m 46 |[39m   [0m[22m
[2m[22m
[2m      [2mat [22m[2mnode_modules/@jest/environment-jsdom-abstract/node_modules/jest-mock/build/index.js[2m:305:39[22m[2m[22m
[2m      [2mat ensureStoreMethods ([22m[2mtests/unit/lib/store/enhanced-conversation-memory.store.test.ts[2m:43:13)[22m[2m[22m
[2m      [2mat Object.<anonymous> ([22m[2mtests/unit/lib/store/enhanced-conversation-memory.store.test.ts[2m:82:3)[22m[2m[22m

    [2m[33mconsole.warn[39m[22m
[33m      Store is undefined or null[39m
[2m[22m
[2m    [0m [90m 41 |[39m [36mconst[39m ensureStoreMethods [33m=[39m (store[33m:[39m any) [33m=>[39m {[22m
[2m     [90m 42 |[39m   [36mif[39m ([33m![39mstore) {[22m
[2m    [31m[1m>[22m[2m[39m[90m 43 |[39m     console[33m.[39mwarn([32m'Store is undefined or null'[39m)[33m;[39m[22m
[2m     [90m    |[39m             [31m[1m^[22m[2m[39m[22m
[2m     [90m 44 |[39m     [36mreturn[39m[33m;[39m[22m
[2m     [90m 45 |[39m   }[22m
[2m     [90m 46 |[39m   [0m[22m
[2m[22m
[2m      [2mat [22m[2mnode_modules/@jest/environment-jsdom-abstract/node_modules/jest-mock/build/index.js[2m:305:39[22m[2m[22m
[2m      [2mat ensureStoreMethods ([22m[2mtests/unit/lib/store/enhanced-conversation-memory.store.test.ts[2m:43:13)[22m[2m[22m
[2m      [2mat Object.<anonymous> ([22m[2mtests/unit/lib/store/enhanced-conversation-memory.store.test.ts[2m:82:3)[22m[2m[22m

    [2m[33mconsole.warn[39m[22m
[33m      Store is undefined or null[39m
[2m[22m
[2m    [0m [90m 41 |[39m [36mconst[39m ensureStoreMethods [33m=[39m (store[33m:[39m any) [33m=>[39m {[22m
[2m     [90m 42 |[39m   [36mif[39m ([33m![39mstore) {[22m
[2m    [31m[1m>[22m[2m[39m[90m 43 |[39m     console[33m.[39mwarn([32m'Store is undefined or null'[39m)[33m;[39m[22m
[2m     [90m    |[39m             [31m[1m^[22m[2m[39m[22m
[2m     [90m 44 |[39m     [36mreturn[39m[33m;[39m[22m
[2m     [90m 45 |[39m   }[22m
[2m     [90m 46 |[39m   [0m[22m
[2m[22m
[2m      [2mat [22m[2mnode_modules/@jest/environment-jsdom-abstract/node_modules/jest-mock/build/index.js[2m:305:39[22m[2m[22m
[2m      [2mat ensureStoreMethods ([22m[2mtests/unit/lib/store/enhanced-conversation-memory.store.test.ts[2m:43:13)[22m[2m[22m
[2m      [2mat Object.<anonymous> ([22m[2mtests/unit/lib/store/enhanced-conversation-memory.store.test.ts[2m:82:3)[22m[2m[22m

    [2m[33mconsole.warn[39m[22m
[33m      Store is undefined or null[39m
[2m[22m
[2m    [0m [90m 41 |[39m [36mconst[39m ensureStoreMethods [33m=[39m (store[33m:[39m any) [33m=>[39m {[22m
[2m     [90m 42 |[39m   [36mif[39m ([33m![39mstore) {[22m
[2m    [31m[1m>[22m[2m[39m[90m 43 |[39m     console[33m.[39mwarn([32m'Store is undefined or null'[39m)[33m;[39m[22m
[2m     [90m    |[39m             [31m[1m^[22m[2m[39m[22m
[2m     [90m 44 |[39m     [36mreturn[39m[33m;[39m[22m
[2m     [90m 45 |[39m   }[22m
[2m     [90m 46 |[39m   [0m[22m
[2m[22m
[2m      [2mat [22m[2mnode_modules/@jest/environment-jsdom-abstract/node_modules/jest-mock/build/index.js[2m:305:39[22m[2m[22m
[2m      [2mat ensureStoreMethods ([22m[2mtests/unit/lib/store/enhanced-conversation-memory.store.test.ts[2m:43:13)[22m[2m[22m
[2m      [2mat Object.<anonymous> ([22m[2mtests/unit/lib/store/enhanced-conversation-memory.store.test.ts[2m:82:3)[22m[2m[22m

    [2m[33mconsole.warn[39m[22m
[33m      Store is undefined or null[39m
[2m[22m
[2m    [0m [90m 41 |[39m [36mconst[39m ensureStoreMethods [33m=[39m (store[33m:[39m any) [33m=>[39m {[22m
[2m     [90m 42 |[39m   [36mif[39m ([33m![39mstore) {[22m
[2m    [31m[1m>[22m[2m[39m[90m 43 |[39m     console[33m.[39mwarn([32m'Store is undefined or null'[39m)[33m;[39m[22m
[2m     [90m    |[39m             [31m[1m^[22m[2m[39m[22m
[2m     [90m 44 |[39m     [36mreturn[39m[33m;[39m[22m
[2m     [90m 45 |[39m   }[22m
[2m     [90m 46 |[39m   [0m[22m
[2m[22m
[2m      [2mat [22m[2mnode_modules/@jest/environment-jsdom-abstract/node_modules/jest-mock/build/index.js[2m:305:39[22m[2m[22m
[2m      [2mat ensureStoreMethods ([22m[2mtests/unit/lib/store/enhanced-conversation-memory.store.test.ts[2m:43:13)[22m[2m[22m
[2m      [2mat Object.<anonymous> ([22m[2mtests/unit/lib/store/enhanced-conversation-memory.store.test.ts[2m:82:3)[22m[2m[22m

    [2m[33mconsole.warn[39m[22m
[33m      Store is undefined or null[39m
[2m[22m
[2m    [0m [90m 41 |[39m [36mconst[39m ensureStoreMethods [33m=[39m (store[33m:[39m any) [33m=>[39m {[22m
[2m     [90m 42 |[39m   [36mif[39m ([33m![39mstore) {[22m
[2m    [31m[1m>[22m[2m[39m[90m 43 |[39m     console[33m.[39mwarn([32m'Store is undefined or null'[39m)[33m;[39m[22m
[2m     [90m    |[39m             [31m[1m^[22m[2m[39m[22m
[2m     [90m 44 |[39m     [36mreturn[39m[33m;[39m[22m
[2m     [90m 45 |[39m   }[22m
[2m     [90m 46 |[39m   [0m[22m
[2m[22m
[2m      [2mat [22m[2mnode_modules/@jest/environment-jsdom-abstract/node_modules/jest-mock/build/index.js[2m:305:39[22m[2m[22m
[2m      [2mat ensureStoreMethods ([22m[2mtests/unit/lib/store/enhanced-conversation-memory.store.test.ts[2m:43:13)[22m[2m[22m
[2m      [2mat Object.<anonymous> ([22m[2mtests/unit/lib/store/enhanced-conversation-memory.store.test.ts[2m:82:3)[22m[2m[22m

    [2m[33mconsole.warn[39m[22m
[33m      Store is undefined or null[39m
[2m[22m
[2m    [0m [90m 41 |[39m [36mconst[39m ensureStoreMethods [33m=[39m (store[33m:[39m any) [33m=>[39m {[22m
[2m     [90m 42 |[39m   [36mif[39m ([33m![39mstore) {[22m
[2m    [31m[1m>[22m[2m[39m[90m 43 |[39m     console[33m.[39mwarn([32m'Store is undefined or null'[39m)[33m;[39m[22m
[2m     [90m    |[39m             [31m[1m^[22m[2m[39m[22m
[2m     [90m 44 |[39m     [36mreturn[39m[33m;[39m[22m
[2m     [90m 45 |[39m   }[22m
[2m     [90m 46 |[39m   [0m[22m
[2m[22m
[2m      [2mat [22m[2mnode_modules/@jest/environment-jsdom-abstract/node_modules/jest-mock/build/index.js[2m:305:39[22m[2m[22m
[2m      [2mat ensureStoreMethods ([22m[2mtests/unit/lib/store/enhanced-conversation-memory.store.test.ts[2m:43:13)[22m[2m[22m
[2m      [2mat Object.<anonymous> ([22m[2mtests/unit/lib/store/enhanced-conversation-memory.store.test.ts[2m:82:3)[22m[2m[22m

    [2m[33mconsole.warn[39m[22m
[33m      Store is undefined or null[39m
[2m[22m
[2m    [0m [90m 41 |[39m [36mconst[39m ensureStoreMethods [33m=[39m (store[33m:[39m any) [33m=>[39m {[22m
[2m     [90m 42 |[39m   [36mif[39m ([33m![39mstore) {[22m
[2m    [31m[1m>[22m[2m[39m[90m 43 |[39m     console[33m.[39mwarn([32m'Store is undefined or null'[39m)[33m;[39m[22m
[2m     [90m    |[39m             [31m[1m^[22m[2m[39m[22m
[2m     [90m 44 |[39m     [36mreturn[39m[33m;[39m[22m
[2m     [90m 45 |[39m   }[22m
[2m     [90m 46 |[39m   [0m[22m
[2m[22m
[2m      [2mat [22m[2mnode_modules/@jest/environment-jsdom-abstract/node_modules/jest-mock/build/index.js[2m:305:39[22m[2m[22m
[2m      [2mat ensureStoreMethods ([22m[2mtests/unit/lib/store/enhanced-conversation-memory.store.test.ts[2m:43:13)[22m[2m[22m
[2m      [2mat Object.<anonymous> ([22m[2mtests/unit/lib/store/enhanced-conversation-memory.store.test.ts[2m:82:3)[22m[2m[22m

    [2m[33mconsole.warn[39m[22m
[33m      Store is undefined or null[39m
[2m[22m
[2m    [0m [90m 41 |[39m [36mconst[39m ensureStoreMethods [33m=[39m (store[33m:[39m any) [33m=>[39m {[22m
[2m     [90m 42 |[39m   [36mif[39m ([33m![39mstore) {[22m
[2m    [31m[1m>[22m[2m[39m[90m 43 |[39m     console[33m.[39mwarn([32m'Store is undefined or null'[39m)[33m;[39m[22m
[2m     [90m    |[39m             [31m[1m^[22m[2m[39m[22m
[2m     [90m 44 |[39m     [36mreturn[39m[33m;[39m[22m
[2m     [90m 45 |[39m   }[22m
[2m     [90m 46 |[39m   [0m[22m
[2m[22m
[2m      [2mat [22m[2mnode_modules/@jest/environment-jsdom-abstract/node_modules/jest-mock/build/index.js[2m:305:39[22m[2m[22m
[2m      [2mat ensureStoreMethods ([22m[2mtests/unit/lib/store/enhanced-conversation-memory.store.test.ts[2m:43:13)[22m[2m[22m
[2m      [2mat Object.<anonymous> ([22m[2mtests/unit/lib/store/enhanced-conversation-memory.store.test.ts[2m:82:3)[22m[2m[22m

    [2m[33mconsole.warn[39m[22m
[33m      Store is undefined or null[39m
[2m[22m
[2m    [0m [90m 41 |[39m [36mconst[39m ensureStoreMethods [33m=[39m (store[33m:[39m any) [33m=>[39m {[22m
[2m     [90m 42 |[39m   [36mif[39m ([33m![39mstore) {[22m
[2m    [31m[1m>[22m[2m[39m[90m 43 |[39m     console[33m.[39mwarn([32m'Store is undefined or null'[39m)[33m;[39m[22m
[2m     [90m    |[39m             [31m[1m^[22m[2m[39m[22m
[2m     [90m 44 |[39m     [36mreturn[39m[33m;[39m[22m
[2m     [90m 45 |[39m   }[22m
[2m     [90m 46 |[39m   [0m[22m
[2m[22m
[2m      [2mat [22m[2mnode_modules/@jest/environment-jsdom-abstract/node_modules/jest-mock/build/index.js[2m:305:39[22m[2m[22m
[2m      [2mat ensureStoreMethods ([22m[2mtests/unit/lib/store/enhanced-conversation-memory.store.test.ts[2m:43:13)[22m[2m[22m
[2m      [2mat Object.<anonymous> ([22m[2mtests/unit/lib/store/enhanced-conversation-memory.store.test.ts[2m:82:3)[22m[2m[22m

    [2m[33mconsole.warn[39m[22m
[33m      Store is undefined or null[39m
[2m[22m
[2m    [0m [90m 41 |[39m [36mconst[39m ensureStoreMethods [33m=[39m (store[33m:[39m any) [33m=>[39m {[22m
[2m     [90m 42 |[39m   [36mif[39m ([33m![39mstore) {[22m
[2m    [31m[1m>[22m[2m[39m[90m 43 |[39m     console[33m.[39mwarn([32m'Store is undefined or null'[39m)[33m;[39m[22m
[2m     [90m    |[39m             [31m[1m^[22m[2m[39m[22m
[2m     [90m 44 |[39m     [36mreturn[39m[33m;[39m[22m
[2m     [90m 45 |[39m   }[22m
[2m     [90m 46 |[39m   [0m[22m
[2m[22m
[2m      [2mat [22m[2mnode_modules/@jest/environment-jsdom-abstract/node_modules/jest-mock/build/index.js[2m:305:39[22m[2m[22m
[2m      [2mat ensureStoreMethods ([22m[2mtests/unit/lib/store/enhanced-conversation-memory.store.test.ts[2m:43:13)[22m[2m[22m
[2m      [2mat Object.<anonymous> ([22m[2mtests/unit/lib/store/enhanced-conversation-memory.store.test.ts[2m:82:3)[22m[2m[22m

    [2m[33mconsole.warn[39m[22m
[33m      Store is undefined or null[39m
[2m[22m
[2m    [0m [90m 41 |[39m [36mconst[39m ensureStoreMethods [33m=[39m (store[33m:[39m any) [33m=>[39m {[22m
[2m     [90m 42 |[39m   [36mif[39m ([33m![39mstore) {[22m
[2m    [31m[1m>[22m[2m[39m[90m 43 |[39m     console[33m.[39mwarn([32m'Store is undefined or null'[39m)[33m;[39m[22m
[2m     [90m    |[39m             [31m[1m^[22m[2m[39m[22m
[2m     [90m 44 |[39m     [36mreturn[39m[33m;[39m[22m
[2m     [90m 45 |[39m   }[22m
[2m     [90m 46 |[39m   [0m[22m
[2m[22m
[2m      [2mat [22m[2mnode_modules/@jest/environment-jsdom-abstract/node_modules/jest-mock/build/index.js[2m:305:39[22m[2m[22m
[2m      [2mat ensureStoreMethods ([22m[2mtests/unit/lib/store/enhanced-conversation-memory.store.test.ts[2m:43:13)[22m[2m[22m
[2m      [2mat Object.<anonymous> ([22m[2mtests/unit/lib/store/enhanced-conversation-memory.store.test.ts[2m:82:3)[22m[2m[22m

    [2m[33mconsole.warn[39m[22m
[33m      Store is undefined or null[39m
[2m[22m
[2m    [0m [90m 41 |[39m [36mconst[39m ensureStoreMethods [33m=[39m (store[33m:[39m any) [33m=>[39m {[22m
[2m     [90m 42 |[39m   [36mif[39m ([33m![39mstore) {[22m
[2m    [31m[1m>[22m[2m[39m[90m 43 |[39m     console[33m.[39mwarn([32m'Store is undefined or null'[39m)[33m;[39m[22m
[2m     [90m    |[39m             [31m[1m^[22m[2m[39m[22m
[2m     [90m 44 |[39m     [36mreturn[39m[33m;[39m[22m
[2m     [90m 45 |[39m   }[22m
[2m     [90m 46 |[39m   [0m[22m
[2m[22m
[2m      [2mat [22m[2mnode_modules/@jest/environment-jsdom-abstract/node_modules/jest-mock/build/index.js[2m:305:39[22m[2m[22m
[2m      [2mat ensureStoreMethods ([22m[2mtests/unit/lib/store/enhanced-conversation-memory.store.test.ts[2m:43:13)[22m[2m[22m
[2m      [2mat Object.<anonymous> ([22m[2mtests/unit/lib/store/enhanced-conversation-memory.store.test.ts[2m:82:3)[22m[2m[22m

    [2m[33mconsole.warn[39m[22m
[33m      Store is undefined or null[39m
[2m[22m
[2m    [0m [90m 41 |[39m [36mconst[39m ensureStoreMethods [33m=[39m (store[33m:[39m any) [33m=>[39m {[22m
[2m     [90m 42 |[39m   [36mif[39m ([33m![39mstore) {[22m
[2m    [31m[1m>[22m[2m[39m[90m 43 |[39m     console[33m.[39mwarn([32m'Store is undefined or null'[39m)[33m;[39m[22m
[2m     [90m    |[39m             [31m[1m^[22m[2m[39m[22m
[2m     [90m 44 |[39m     [36mreturn[39m[33m;[39m[22m
[2m     [90m 45 |[39m   }[22m
[2m     [90m 46 |[39m   [0m[22m
[2m[22m
[2m      [2mat [22m[2mnode_modules/@jest/environment-jsdom-abstract/node_modules/jest-mock/build/index.js[2m:305:39[22m[2m[22m
[2m      [2mat ensureStoreMethods ([22m[2mtests/unit/lib/store/enhanced-conversation-memory.store.test.ts[2m:43:13)[22m[2m[22m
[2m      [2mat Object.<anonymous> ([22m[2mtests/unit/lib/store/enhanced-conversation-memory.store.test.ts[2m:82:3)[22m[2m[22m

    [2m[33mconsole.warn[39m[22m
[33m      Store is undefined or null[39m
[2m[22m
[2m    [0m [90m 41 |[39m [36mconst[39m ensureStoreMethods [33m=[39m (store[33m:[39m any) [33m=>[39m {[22m
[2m     [90m 42 |[39m   [36mif[39m ([33m![39mstore) {[22m
[2m    [31m[1m>[22m[2m[39m[90m 43 |[39m     console[33m.[39mwarn([32m'Store is undefined or null'[39m)[33m;[39m[22m
[2m     [90m    |[39m             [31m[1m^[22m[2m[39m[22m
[2m     [90m 44 |[39m     [36mreturn[39m[33m;[39m[22m
[2m     [90m 45 |[39m   }[22m
[2m     [90m 46 |[39m   [0m[22m
[2m[22m
[2m      [2mat [22m[2mnode_modules/@jest/environment-jsdom-abstract/node_modules/jest-mock/build/index.js[2m:305:39[22m[2m[22m
[2m      [2mat ensureStoreMethods ([22m[2mtests/unit/lib/store/enhanced-conversation-memory.store.test.ts[2m:43:13)[22m[2m[22m
[2m      [2mat Object.<anonymous> ([22m[2mtests/unit/lib/store/enhanced-conversation-memory.store.test.ts[2m:82:3)[22m[2m[22m

    [2m[33mconsole.warn[39m[22m
[33m      Store is undefined or null[39m
[2m[22m
[2m    [0m [90m 41 |[39m [36mconst[39m ensureStoreMethods [33m=[39m (store[33m:[39m any) [33m=>[39m {[22m
[2m     [90m 42 |[39m   [36mif[39m ([33m![39mstore) {[22m
[2m    [31m[1m>[22m[2m[39m[90m 43 |[39m     console[33m.[39mwarn([32m'Store is undefined or null'[39m)[33m;[39m[22m
[2m     [90m    |[39m             [31m[1m^[22m[2m[39m[22m
[2m     [90m 44 |[39m     [36mreturn[39m[33m;[39m[22m
[2m     [90m 45 |[39m   }[22m
[2m     [90m 46 |[39m   [0m[22m
[2m[22m
[2m      [2mat [22m[2mnode_modules/@jest/environment-jsdom-abstract/node_modules/jest-mock/build/index.js[2m:305:39[22m[2m[22m
[2m      [2mat ensureStoreMethods ([22m[2mtests/unit/lib/store/enhanced-conversation-memory.store.test.ts[2m:43:13)[22m[2m[22m
[2m      [2mat Object.<anonymous> ([22m[2mtests/unit/lib/store/enhanced-conversation-memory.store.test.ts[2m:82:3)[22m[2m[22m

    [2m[33mconsole.warn[39m[22m
[33m      Store is undefined or null[39m
[2m[22m
[2m    [0m [90m 41 |[39m [36mconst[39m ensureStoreMethods [33m=[39m (store[33m:[39m any) [33m=>[39m {[22m
[2m     [90m 42 |[39m   [36mif[39m ([33m![39mstore) {[22m
[2m    [31m[1m>[22m[2m[39m[90m 43 |[39m     console[33m.[39mwarn([32m'Store is undefined or null'[39m)[33m;[39m[22m
[2m     [90m    |[39m             [31m[1m^[22m[2m[39m[22m
[2m     [90m 44 |[39m     [36mreturn[39m[33m;[39m[22m
[2m     [90m 45 |[39m   }[22m
[2m     [90m 46 |[39m   [0m[22m
[2m[22m
[2m      [2mat [22m[2mnode_modules/@jest/environment-jsdom-abstract/node_modules/jest-mock/build/index.js[2m:305:39[22m[2m[22m
[2m      [2mat ensureStoreMethods ([22m[2mtests/unit/lib/store/enhanced-conversation-memory.store.test.ts[2m:43:13)[22m[2m[22m
[2m      [2mat Object.<anonymous> ([22m[2mtests/unit/lib/store/enhanced-conversation-memory.store.test.ts[2m:82:3)[22m[2m[22m

    [2m[33mconsole.warn[39m[22m
[33m      Store is undefined or null[39m
[2m[22m
[2m    [0m [90m 41 |[39m [36mconst[39m ensureStoreMethods [33m=[39m (store[33m:[39m any) [33m=>[39m {[22m
[2m     [90m 42 |[39m   [36mif[39m ([33m![39mstore) {[22m
[2m    [31m[1m>[22m[2m[39m[90m 43 |[39m     console[33m.[39mwarn([32m'Store is undefined or null'[39m)[33m;[39m[22m
[2m     [90m    |[39m             [31m[1m^[22m[2m[39m[22m
[2m     [90m 44 |[39m     [36mreturn[39m[33m;[39m[22m
[2m     [90m 45 |[39m   }[22m
[2m     [90m 46 |[39m   [0m[22m
[2m[22m
[2m      [2mat [22m[2mnode_modules/@jest/environment-jsdom-abstract/node_modules/jest-mock/build/index.js[2m:305:39[22m[2m[22m
[2m      [2mat ensureStoreMethods ([22m[2mtests/unit/lib/store/enhanced-conversation-memory.store.test.ts[2m:43:13)[22m[2m[22m
[2m      [2mat Object.<anonymous> ([22m[2mtests/unit/lib/store/enhanced-conversation-memory.store.test.ts[2m:82:3)[22m[2m[22m

    [2m[33mconsole.warn[39m[22m
[33m      Store is undefined or null[39m
[2m[22m
[2m    [0m [90m 41 |[39m [36mconst[39m ensureStoreMethods [33m=[39m (store[33m:[39m any) [33m=>[39m {[22m
[2m     [90m 42 |[39m   [36mif[39m ([33m![39mstore) {[22m
[2m    [31m[1m>[22m[2m[39m[90m 43 |[39m     console[33m.[39mwarn([32m'Store is undefined or null'[39m)[33m;[39m[22m
[2m     [90m    |[39m             [31m[1m^[22m[2m[39m[22m
[2m     [90m 44 |[39m     [36mreturn[39m[33m;[39m[22m
[2m     [90m 45 |[39m   }[22m
[2m     [90m 46 |[39m   [0m[22m
[2m[22m
[2m      [2mat [22m[2mnode_modules/@jest/environment-jsdom-abstract/node_modules/jest-mock/build/index.js[2m:305:39[22m[2m[22m
[2m      [2mat ensureStoreMethods ([22m[2mtests/unit/lib/store/enhanced-conversation-memory.store.test.ts[2m:43:13)[22m[2m[22m
[2m      [2mat Object.<anonymous> ([22m[2mtests/unit/lib/store/enhanced-conversation-memory.store.test.ts[2m:82:3)[22m[2m[22m

    [2m[33mconsole.warn[39m[22m
[33m      Store is undefined or null[39m
[2m[22m
[2m    [0m [90m 41 |[39m [36mconst[39m ensureStoreMethods [33m=[39m (store[33m:[39m any) [33m=>[39m {[22m
[2m     [90m 42 |[39m   [36mif[39m ([33m![39mstore) {[22m
[2m    [31m[1m>[22m[2m[39m[90m 43 |[39m     console[33m.[39mwarn([32m'Store is undefined or null'[39m)[33m;[39m[22m
[2m     [90m    |[39m             [31m[1m^[22m[2m[39m[22m
[2m     [90m 44 |[39m     [36mreturn[39m[33m;[39m[22m
[2m     [90m 45 |[39m   }[22m
[2m     [90m 46 |[39m   [0m[22m
[2m[22m
[2m      [2mat [22m[2mnode_modules/@jest/environment-jsdom-abstract/node_modules/jest-mock/build/index.js[2m:305:39[22m[2m[22m
[2m      [2mat ensureStoreMethods ([22m[2mtests/unit/lib/store/enhanced-conversation-memory.store.test.ts[2m:43:13)[22m[2m[22m
[2m      [2mat Object.<anonymous> ([22m[2mtests/unit/lib/store/enhanced-conversation-memory.store.test.ts[2m:82:3)[22m[2m[22m

    [2m[33mconsole.warn[39m[22m
[33m      Store is undefined or null[39m
[2m[22m
[2m    [0m [90m 41 |[39m [36mconst[39m ensureStoreMethods [33m=[39m (store[33m:[39m any) [33m=>[39m {[22m
[2m     [90m 42 |[39m   [36mif[39m ([33m![39mstore) {[22m
[2m    [31m[1m>[22m[2m[39m[90m 43 |[39m     console[33m.[39mwarn([32m'Store is undefined or null'[39m)[33m;[39m[22m
[2m     [90m    |[39m             [31m[1m^[22m[2m[39m[22m
[2m     [90m 44 |[39m     [36mreturn[39m[33m;[39m[22m
[2m     [90m 45 |[39m   }[22m
[2m     [90m 46 |[39m   [0m[22m
[2m[22m
[2m      [2mat [22m[2mnode_modules/@jest/environment-jsdom-abstract/node_modules/jest-mock/build/index.js[2m:305:39[22m[2m[22m
[2m      [2mat ensureStoreMethods ([22m[2mtests/unit/lib/store/enhanced-conversation-memory.store.test.ts[2m:43:13)[22m[2m[22m
[2m      [2mat Object.<anonymous> ([22m[2mtests/unit/lib/store/enhanced-conversation-memory.store.test.ts[2m:82:3)[22m[2m[22m

    [2m[33mconsole.warn[39m[22m
[33m      Store is undefined or null[39m
[2m[22m
[2m    [0m [90m 41 |[39m [36mconst[39m ensureStoreMethods [33m=[39m (store[33m:[39m any) [33m=>[39m {[22m
[2m     [90m 42 |[39m   [36mif[39m ([33m![39mstore) {[22m
[2m    [31m[1m>[22m[2m[39m[90m 43 |[39m     console[33m.[39mwarn([32m'Store is undefined or null'[39m)[33m;[39m[22m
[2m     [90m    |[39m             [31m[1m^[22m[2m[39m[22m
[2m     [90m 44 |[39m     [36mreturn[39m[33m;[39m[22m
[2m     [90m 45 |[39m   }[22m
[2m     [90m 46 |[39m   [0m[22m
[2m[22m
[2m      [2mat [22m[2mnode_modules/@jest/environment-jsdom-abstract/node_modules/jest-mock/build/index.js[2m:305:39[22m[2m[22m
[2m      [2mat ensureStoreMethods ([22m[2mtests/unit/lib/store/enhanced-conversation-memory.store.test.ts[2m:43:13)[22m[2m[22m
[2m      [2mat Object.<anonymous> ([22m[2mtests/unit/lib/store/enhanced-conversation-memory.store.test.ts[2m:82:3)[22m[2m[22m

    [2m[33mconsole.warn[39m[22m
[33m      Store is undefined or null[39m
[2m[22m
[2m    [0m [90m 41 |[39m [36mconst[39m ensureStoreMethods [33m=[39m (store[33m:[39m any) [33m=>[39m {[22m
[2m     [90m 42 |[39m   [36mif[39m ([33m![39mstore) {[22m
[2m    [31m[1m>[22m[2m[39m[90m 43 |[39m     console[33m.[39mwarn([32m'Store is undefined or null'[39m)[33m;[39m[22m
[2m     [90m    |[39m             [31m[1m^[22m[2m[39m[22m
[2m     [90m 44 |[39m     [36mreturn[39m[33m;[39m[22m
[2m     [90m 45 |[39m   }[22m
[2m     [90m 46 |[39m   [0m[22m
[2m[22m
[2m      [2mat [22m[2mnode_modules/@jest/environment-jsdom-abstract/node_modules/jest-mock/build/index.js[2m:305:39[22m[2m[22m
[2m      [2mat ensureStoreMethods ([22m[2mtests/unit/lib/store/enhanced-conversation-memory.store.test.ts[2m:43:13)[22m[2m[22m
[2m      [2mat Object.<anonymous> ([22m[2mtests/unit/lib/store/enhanced-conversation-memory.store.test.ts[2m:82:3)[22m[2m[22m

    [2m[33mconsole.warn[39m[22m
[33m      Store is undefined or null[39m
[2m[22m
[2m    [0m [90m 41 |[39m [36mconst[39m ensureStoreMethods [33m=[39m (store[33m:[39m any) [33m=>[39m {[22m
[2m     [90m 42 |[39m   [36mif[39m ([33m![39mstore) {[22m
[2m    [31m[1m>[22m[2m[39m[90m 43 |[39m     console[33m.[39mwarn([32m'Store is undefined or null'[39m)[33m;[39m[22m
[2m     [90m    |[39m             [31m[1m^[22m[2m[39m[22m
[2m     [90m 44 |[39m     [36mreturn[39m[33m;[39m[22m
[2m     [90m 45 |[39m   }[22m
[2m     [90m 46 |[39m   [0m[22m
[2m[22m
[2m      [2mat [22m[2mnode_modules/@jest/environment-jsdom-abstract/node_modules/jest-mock/build/index.js[2m:305:39[22m[2m[22m
[2m      [2mat ensureStoreMethods ([22m[2mtests/unit/lib/store/enhanced-conversation-memory.store.test.ts[2m:43:13)[22m[2m[22m
[2m      [2mat Object.<anonymous> ([22m[2mtests/unit/lib/store/enhanced-conversation-memory.store.test.ts[2m:82:3)[22m[2m[22m

    [2m[33mconsole.warn[39m[22m
[33m      Store is undefined or null[39m
[2m[22m
[2m    [0m [90m 41 |[39m [36mconst[39m ensureStoreMethods [33m=[39m (store[33m:[39m any) [33m=>[39m {[22m
[2m     [90m 42 |[39m   [36mif[39m ([33m![39mstore) {[22m
[2m    [31m[1m>[22m[2m[39m[90m 43 |[39m     console[33m.[39mwarn([32m'Store is undefined or null'[39m)[33m;[39m[22m
[2m     [90m    |[39m             [31m[1m^[22m[2m[39m[22m
[2m     [90m 44 |[39m     [36mreturn[39m[33m;[39m[22m
[2m     [90m 45 |[39m   }[22m
[2m     [90m 46 |[39m   [0m[22m
[2m[22m
[2m      [2mat [22m[2mnode_modules/@jest/environment-jsdom-abstract/node_modules/jest-mock/build/index.js[2m:305:39[22m[2m[22m
[2m      [2mat ensureStoreMethods ([22m[2mtests/unit/lib/store/enhanced-conversation-memory.store.test.ts[2m:43:13)[22m[2m[22m
[2m      [2mat Object.<anonymous> ([22m[2mtests/unit/lib/store/enhanced-conversation-memory.store.test.ts[2m:82:3)[22m[2m[22m

    [2m[33mconsole.warn[39m[22m
[33m      Store is undefined or null[39m
[2m[22m
[2m    [0m [90m 41 |[39m [36mconst[39m ensureStoreMethods [33m=[39m (store[33m:[39m any) [33m=>[39m {[22m
[2m     [90m 42 |[39m   [36mif[39m ([33m![39mstore) {[22m
[2m    [31m[1m>[22m[2m[39m[90m 43 |[39m     console[33m.[39mwarn([32m'Store is undefined or null'[39m)[33m;[39m[22m
[2m     [90m    |[39m             [31m[1m^[22m[2m[39m[22m
[2m     [90m 44 |[39m     [36mreturn[39m[33m;[39m[22m
[2m     [90m 45 |[39m   }[22m
[2m     [90m 46 |[39m   [0m[22m
[2m[22m
[2m      [2mat [22m[2mnode_modules/@jest/environment-jsdom-abstract/node_modules/jest-mock/build/index.js[2m:305:39[22m[2m[22m
[2m      [2mat ensureStoreMethods ([22m[2mtests/unit/lib/store/enhanced-conversation-memory.store.test.ts[2m:43:13)[22m[2m[22m
[2m      [2mat Object.<anonymous> ([22m[2mtests/unit/lib/store/enhanced-conversation-memory.store.test.ts[2m:82:3)[22m[2m[22m

    [2m[33mconsole.warn[39m[22m
[33m      Store is undefined or null[39m
[2m[22m
[2m    [0m [90m 41 |[39m [36mconst[39m ensureStoreMethods [33m=[39m (store[33m:[39m any) [33m=>[39m {[22m
[2m     [90m 42 |[39m   [36mif[39m ([33m![39mstore) {[22m
[2m    [31m[1m>[22m[2m[39m[90m 43 |[39m     console[33m.[39mwarn([32m'Store is undefined or null'[39m)[33m;[39m[22m
[2m     [90m    |[39m             [31m[1m^[22m[2m[39m[22m
[2m     [90m 44 |[39m     [36mreturn[39m[33m;[39m[22m
[2m     [90m 45 |[39m   }[22m
[2m     [90m 46 |[39m   [0m[22m
[2m[22m
[2m      [2mat [22m[2mnode_modules/@jest/environment-jsdom-abstract/node_modules/jest-mock/build/index.js[2m:305:39[22m[2m[22m
[2m      [2mat ensureStoreMethods ([22m[2mtests/unit/lib/store/enhanced-conversation-memory.store.test.ts[2m:43:13)[22m[2m[22m
[2m      [2mat Object.<anonymous> ([22m[2mtests/unit/lib/store/enhanced-conversation-memory.store.test.ts[2m:82:3)[22m[2m[22m

    [2m[33mconsole.warn[39m[22m
[33m      Store is undefined or null[39m
[2m[22m
[2m    [0m [90m 41 |[39m [36mconst[39m ensureStoreMethods [33m=[39m (store[33m:[39m any) [33m=>[39m {[22m
[2m     [90m 42 |[39m   [36mif[39m ([33m![39mstore) {[22m
[2m    [31m[1m>[22m[2m[39m[90m 43 |[39m     console[33m.[39mwarn([32m'Store is undefined or null'[39m)[33m;[39m[22m
[2m     [90m    |[39m             [31m[1m^[22m[2m[39m[22m
[2m     [90m 44 |[39m     [36mreturn[39m[33m;[39m[22m
[2m     [90m 45 |[39m   }[22m
[2m     [90m 46 |[39m   [0m[22m
[2m[22m
[2m      [2mat [22m[2mnode_modules/@jest/environment-jsdom-abstract/node_modules/jest-mock/build/index.js[2m:305:39[22m[2m[22m
[2m      [2mat ensureStoreMethods ([22m[2mtests/unit/lib/store/enhanced-conversation-memory.store.test.ts[2m:43:13)[22m[2m[22m
[2m      [2mat Object.<anonymous> ([22m[2mtests/unit/lib/store/enhanced-conversation-memory.store.test.ts[2m:82:3)[22m[2m[22m

    [2m[33mconsole.warn[39m[22m
[33m      Store is undefined or null[39m
[2m[22m
[2m    [0m [90m 41 |[39m [36mconst[39m ensureStoreMethods [33m=[39m (store[33m:[39m any) [33m=>[39m {[22m
[2m     [90m 42 |[39m   [36mif[39m ([33m![39mstore) {[22m
[2m    [31m[1m>[22m[2m[39m[90m 43 |[39m     console[33m.[39mwarn([32m'Store is undefined or null'[39m)[33m;[39m[22m
[2m     [90m    |[39m             [31m[1m^[22m[2m[39m[22m
[2m     [90m 44 |[39m     [36mreturn[39m[33m;[39m[22m
[2m     [90m 45 |[39m   }[22m
[2m     [90m 46 |[39m   [0m[22m
[2m[22m
[2m      [2mat [22m[2mnode_modules/@jest/environment-jsdom-abstract/node_modules/jest-mock/build/index.js[2m:305:39[22m[2m[22m
[2m      [2mat ensureStoreMethods ([22m[2mtests/unit/lib/store/enhanced-conversation-memory.store.test.ts[2m:43:13)[22m[2m[22m
[2m      [2mat Object.<anonymous> ([22m[2mtests/unit/lib/store/enhanced-conversation-memory.store.test.ts[2m:82:3)[22m[2m[22m

    [2m[33mconsole.warn[39m[22m
[33m      Store is undefined or null[39m
[2m[22m
[2m    [0m [90m 41 |[39m [36mconst[39m ensureStoreMethods [33m=[39m (store[33m:[39m any) [33m=>[39m {[22m
[2m     [90m 42 |[39m   [36mif[39m ([33m![39mstore) {[22m
[2m    [31m[1m>[22m[2m[39m[90m 43 |[39m     console[33m.[39mwarn([32m'Store is undefined or null'[39m)[33m;[39m[22m
[2m     [90m    |[39m             [31m[1m^[22m[2m[39m[22m
[2m     [90m 44 |[39m     [36mreturn[39m[33m;[39m[22m
[2m     [90m 45 |[39m   }[22m
[2m     [90m 46 |[39m   [0m[22m
[2m[22m
[2m      [2mat [22m[2mnode_modules/@jest/environment-jsdom-abstract/node_modules/jest-mock/build/index.js[2m:305:39[22m[2m[22m
[2m      [2mat ensureStoreMethods ([22m[2mtests/unit/lib/store/enhanced-conversation-memory.store.test.ts[2m:43:13)[22m[2m[22m
[2m      [2mat Object.<anonymous> ([22m[2mtests/unit/lib/store/enhanced-conversation-memory.store.test.ts[2m:82:3)[22m[2m[22m

    [2m[33mconsole.warn[39m[22m
[33m      Store is undefined or null[39m
[2m[22m
[2m    [0m [90m 41 |[39m [36mconst[39m ensureStoreMethods [33m=[39m (store[33m:[39m any) [33m=>[39m {[22m
[2m     [90m 42 |[39m   [36mif[39m ([33m![39mstore) {[22m
[2m    [31m[1m>[22m[2m[39m[90m 43 |[39m     console[33m.[39mwarn([32m'Store is undefined or null'[39m)[33m;[39m[22m
[2m     [90m    |[39m             [31m[1m^[22m[2m[39m[22m
[2m     [90m 44 |[39m     [36mreturn[39m[33m;[39m[22m
[2m     [90m 45 |[39m   }[22m
[2m     [90m 46 |[39m   [0m[22m
[2m[22m
[2m      [2mat [22m[2mnode_modules/@jest/environment-jsdom-abstract/node_modules/jest-mock/build/index.js[2m:305:39[22m[2m[22m
[2m      [2mat ensureStoreMethods ([22m[2mtests/unit/lib/store/enhanced-conversation-memory.store.test.ts[2m:43:13)[22m[2m[22m
[2m      [2mat Object.<anonymous> ([22m[2mtests/unit/lib/store/enhanced-conversation-memory.store.test.ts[2m:82:3)[22m[2m[22m

    [2m[33mconsole.warn[39m[22m
[33m      Store is undefined or null[39m
[2m[22m
[2m    [0m [90m 41 |[39m [36mconst[39m ensureStoreMethods [33m=[39m (store[33m:[39m any) [33m=>[39m {[22m
[2m     [90m 42 |[39m   [36mif[39m ([33m![39mstore) {[22m
[2m    [31m[1m>[22m[2m[39m[90m 43 |[39m     console[33m.[39mwarn([32m'Store is undefined or null'[39m)[33m;[39m[22m
[2m     [90m    |[39m             [31m[1m^[22m[2m[39m[22m
[2m     [90m 44 |[39m     [36mreturn[39m[33m;[39m[22m
[2m     [90m 45 |[39m   }[22m
[2m     [90m 46 |[39m   [0m[22m
[2m[22m
[2m      [2mat [22m[2mnode_modules/@jest/environment-jsdom-abstract/node_modules/jest-mock/build/index.js[2m:305:39[22m[2m[22m
[2m      [2mat ensureStoreMethods ([22m[2mtests/unit/lib/store/enhanced-conversation-memory.store.test.ts[2m:43:13)[22m[2m[22m
[2m      [2mat Object.<anonymous> ([22m[2mtests/unit/lib/store/enhanced-conversation-memory.store.test.ts[2m:82:3)[22m[2m[22m

    [2m[33mconsole.warn[39m[22m
[33m      Store is undefined or null[39m
[2m[22m
[2m    [0m [90m 41 |[39m [36mconst[39m ensureStoreMethods [33m=[39m (store[33m:[39m any) [33m=>[39m {[22m
[2m     [90m 42 |[39m   [36mif[39m ([33m![39mstore) {[22m
[2m    [31m[1m>[22m[2m[39m[90m 43 |[39m     console[33m.[39mwarn([32m'Store is undefined or null'[39m)[33m;[39m[22m
[2m     [90m    |[39m             [31m[1m^[22m[2m[39m[22m
[2m     [90m 44 |[39m     [36mreturn[39m[33m;[39m[22m
[2m     [90m 45 |[39m   }[22m
[2m     [90m 46 |[39m   [0m[22m
[2m[22m
[2m      [2mat [22m[2mnode_modules/@jest/environment-jsdom-abstract/node_modules/jest-mock/build/index.js[2m:305:39[22m[2m[22m
[2m      [2mat ensureStoreMethods ([22m[2mtests/unit/lib/store/enhanced-conversation-memory.store.test.ts[2m:43:13)[22m[2m[22m
[2m      [2mat Object.<anonymous> ([22m[2mtests/unit/lib/store/enhanced-conversation-memory.store.test.ts[2m:82:3)[22m[2m[22m

    [2m[33mconsole.warn[39m[22m
[33m      Store is undefined or null[39m
[2m[22m
[2m    [0m [90m 41 |[39m [36mconst[39m ensureStoreMethods [33m=[39m (store[33m:[39m any) [33m=>[39m {[22m
[2m     [90m 42 |[39m   [36mif[39m ([33m![39mstore) {[22m
[2m    [31m[1m>[22m[2m[39m[90m 43 |[39m     console[33m.[39mwarn([32m'Store is undefined or null'[39m)[33m;[39m[22m
[2m     [90m    |[39m             [31m[1m^[22m[2m[39m[22m
[2m     [90m 44 |[39m     [36mreturn[39m[33m;[39m[22m
[2m     [90m 45 |[39m   }[22m
[2m     [90m 46 |[39m   [0m[22m
[2m[22m
[2m      [2mat [22m[2mnode_modules/@jest/environment-jsdom-abstract/node_modules/jest-mock/build/index.js[2m:305:39[22m[2m[22m
[2m      [2mat ensureStoreMethods ([22m[2mtests/unit/lib/store/enhanced-conversation-memory.store.test.ts[2m:43:13)[22m[2m[22m
[2m      [2mat Object.<anonymous> ([22m[2mtests/unit/lib/store/enhanced-conversation-memory.store.test.ts[2m:82:3)[22m[2m[22m

    [2m[33mconsole.warn[39m[22m
[33m      Store is undefined or null[39m
[2m[22m
[2m    [0m [90m 41 |[39m [36mconst[39m ensureStoreMethods [33m=[39m (store[33m:[39m any) [33m=>[39m {[22m
[2m     [90m 42 |[39m   [36mif[39m ([33m![39mstore) {[22m
[2m    [31m[1m>[22m[2m[39m[90m 43 |[39m     console[33m.[39mwarn([32m'Store is undefined or null'[39m)[33m;[39m[22m
[2m     [90m    |[39m             [31m[1m^[22m[2m[39m[22m
[2m     [90m 44 |[39m     [36mreturn[39m[33m;[39m[22m
[2m     [90m 45 |[39m   }[22m
[2m     [90m 46 |[39m   [0m[22m
[2m[22m
[2m      [2mat [22m[2mnode_modules/@jest/environment-jsdom-abstract/node_modules/jest-mock/build/index.js[2m:305:39[22m[2m[22m
[2m      [2mat ensureStoreMethods ([22m[2mtests/unit/lib/store/enhanced-conversation-memory.store.test.ts[2m:43:13)[22m[2m[22m
[2m      [2mat Object.<anonymous> ([22m[2mtests/unit/lib/store/enhanced-conversation-memory.store.test.ts[2m:82:3)[22m[2m[22m

    [2m[33mconsole.warn[39m[22m
[33m      Store is undefined or null[39m
[2m[22m
[2m    [0m [90m 41 |[39m [36mconst[39m ensureStoreMethods [33m=[39m (store[33m:[39m any) [33m=>[39m {[22m
[2m     [90m 42 |[39m   [36mif[39m ([33m![39mstore) {[22m
[2m    [31m[1m>[22m[2m[39m[90m 43 |[39m     console[33m.[39mwarn([32m'Store is undefined or null'[39m)[33m;[39m[22m
[2m     [90m    |[39m             [31m[1m^[22m[2m[39m[22m
[2m     [90m 44 |[39m     [36mreturn[39m[33m;[39m[22m
[2m     [90m 45 |[39m   }[22m
[2m     [90m 46 |[39m   [0m[22m
[2m[22m
[2m      [2mat [22m[2mnode_modules/@jest/environment-jsdom-abstract/node_modules/jest-mock/build/index.js[2m:305:39[22m[2m[22m
[2m      [2mat ensureStoreMethods ([22m[2mtests/unit/lib/store/enhanced-conversation-memory.store.test.ts[2m:43:13)[22m[2m[22m
[2m      [2mat Object.<anonymous> ([22m[2mtests/unit/lib/store/enhanced-conversation-memory.store.test.ts[2m:82:3)[22m[2m[22m

    [2m[33mconsole.warn[39m[22m
[33m      Store is undefined or null[39m
[2m[22m
[2m    [0m [90m 41 |[39m [36mconst[39m ensureStoreMethods [33m=[39m (store[33m:[39m any) [33m=>[39m {[22m
[2m     [90m 42 |[39m   [36mif[39m ([33m![39mstore) {[22m
[2m    [31m[1m>[22m[2m[39m[90m 43 |[39m     console[33m.[39mwarn([32m'Store is undefined or null'[39m)[33m;[39m[22m
[2m     [90m    |[39m             [31m[1m^[22m[2m[39m[22m
[2m     [90m 44 |[39m     [36mreturn[39m[33m;[39m[22m
[2m     [90m 45 |[39m   }[22m
[2m     [90m 46 |[39m   [0m[22m
[2m[22m
[2m      [2mat [22m[2mnode_modules/@jest/environment-jsdom-abstract/node_modules/jest-mock/build/index.js[2m:305:39[22m[2m[22m
[2m      [2mat ensureStoreMethods ([22m[2mtests/unit/lib/store/enhanced-conversation-memory.store.test.ts[2m:43:13)[22m[2m[22m
[2m      [2mat Object.<anonymous> ([22m[2mtests/unit/lib/store/enhanced-conversation-memory.store.test.ts[2m:82:3)[22m[2m[22m

    [2m[33mconsole.warn[39m[22m
[33m      Store is undefined or null[39m
[2m[22m
[2m    [0m [90m 41 |[39m [36mconst[39m ensureStoreMethods [33m=[39m (store[33m:[39m any) [33m=>[39m {[22m
[2m     [90m 42 |[39m   [36mif[39m ([33m![39mstore) {[22m
[2m    [31m[1m>[22m[2m[39m[90m 43 |[39m     console[33m.[39mwarn([32m'Store is undefined or null'[39m)[33m;[39m[22m
[2m     [90m    |[39m             [31m[1m^[22m[2m[39m[22m
[2m     [90m 44 |[39m     [36mreturn[39m[33m;[39m[22m
[2m     [90m 45 |[39m   }[22m
[2m     [90m 46 |[39m   [0m[22m
[2m[22m
[2m      [2mat [22m[2mnode_modules/@jest/environment-jsdom-abstract/node_modules/jest-mock/build/index.js[2m:305:39[22m[2m[22m
[2m      [2mat ensureStoreMethods ([22m[2mtests/unit/lib/store/enhanced-conversation-memory.store.test.ts[2m:43:13)[22m[2m[22m
[2m      [2mat Object.<anonymous> ([22m[2mtests/unit/lib/store/enhanced-conversation-memory.store.test.ts[2m:82:3)[22m[2m[22m

    [2m[33mconsole.warn[39m[22m
[33m      Store is undefined or null[39m
[2m[22m
[2m    [0m [90m 41 |[39m [36mconst[39m ensureStoreMethods [33m=[39m (store[33m:[39m any) [33m=>[39m {[22m
[2m     [90m 42 |[39m   [36mif[39m ([33m![39mstore) {[22m
[2m    [31m[1m>[22m[2m[39m[90m 43 |[39m     console[33m.[39mwarn([32m'Store is undefined or null'[39m)[33m;[39m[22m
[2m     [90m    |[39m             [31m[1m^[22m[2m[39m[22m
[2m     [90m 44 |[39m     [36mreturn[39m[33m;[39m[22m
[2m     [90m 45 |[39m   }[22m
[2m     [90m 46 |[39m   [0m[22m
[2m[22m
[2m      [2mat [22m[2mnode_modules/@jest/environment-jsdom-abstract/node_modules/jest-mock/build/index.js[2m:305:39[22m[2m[22m
[2m      [2mat ensureStoreMethods ([22m[2mtests/unit/lib/store/enhanced-conversation-memory.store.test.ts[2m:43:13)[22m[2m[22m
[2m      [2mat Object.<anonymous> ([22m[2mtests/unit/lib/store/enhanced-conversation-memory.store.test.ts[2m:82:3)[22m[2m[22m

    [2m[33mconsole.warn[39m[22m
[33m      Store is undefined or null[39m
[2m[22m
[2m    [0m [90m 41 |[39m [36mconst[39m ensureStoreMethods [33m=[39m (store[33m:[39m any) [33m=>[39m {[22m
[2m     [90m 42 |[39m   [36mif[39m ([33m![39mstore) {[22m
[2m    [31m[1m>[22m[2m[39m[90m 43 |[39m     console[33m.[39mwarn([32m'Store is undefined or null'[39m)[33m;[39m[22m
[2m     [90m    |[39m             [31m[1m^[22m[2m[39m[22m
[2m     [90m 44 |[39m     [36mreturn[39m[33m;[39m[22m
[2m     [90m 45 |[39m   }[22m
[2m     [90m 46 |[39m   [0m[22m
[2m[22m
[2m      [2mat [22m[2mnode_modules/@jest/environment-jsdom-abstract/node_modules/jest-mock/build/index.js[2m:305:39[22m[2m[22m
[2m      [2mat ensureStoreMethods ([22m[2mtests/unit/lib/store/enhanced-conversation-memory.store.test.ts[2m:43:13)[22m[2m[22m
[2m      [2mat Object.<anonymous> ([22m[2mtests/unit/lib/store/enhanced-conversation-memory.store.test.ts[2m:82:3)[22m[2m[22m

    [2m[33mconsole.warn[39m[22m
[33m      Store method createSession is not a function or doesn't exist[39m
[2m[22m
[2m    [0m [90m 55 |[39m   [36mfor[39m ([36mconst[39m method [36mof[39m requiredMethods) {[22m
[2m     [90m 56 |[39m     [36mif[39m (store [33m&&[39m [36mtypeof[39m store[method] [33m!==[39m [32m'function'[39m) {[22m
[2m    [31m[1m>[22m[2m[39m[90m 57 |[39m       console[33m.[39mwarn([32m`Store method ${method} is not a function or doesn't exist`[39m)[33m;[39m[22m
[2m     [90m    |[39m               [31m[1m^[22m[2m[39m[22m
[2m     [90m 58 |[39m     }[22m
[2m     [90m 59 |[39m   }[22m
[2m     [90m 60 |[39m }[33m;[39m[0m[22m
[2m[22m
[2m      [2mat [22m[2mnode_modules/@jest/environment-jsdom-abstract/node_modules/jest-mock/build/index.js[2m:305:39[22m[2m[22m
[2m      [2mat ensureStoreMethods ([22m[2mtests/unit/lib/store/enhanced-conversation-memory.store.test.ts[2m:57:15)[22m[2m[22m
[2m      [2mat Object.<anonymous> ([22m[2mtests/unit/lib/store/enhanced-conversation-memory.store.test.ts[2m:82:3)[22m[2m[22m

    [2m[33mconsole.warn[39m[22m
[33m      Store method addMessage is not a function or doesn't exist[39m
[2m[22m
[2m    [0m [90m 55 |[39m   [36mfor[39m ([36mconst[39m method [36mof[39m requiredMethods) {[22m
[2m     [90m 56 |[39m     [36mif[39m (store [33m&&[39m [36mtypeof[39m store[method] [33m!==[39m [32m'function'[39m) {[22m
[2m    [31m[1m>[22m[2m[39m[90m 57 |[39m       console[33m.[39mwarn([32m`Store method ${method} is not a function or doesn't exist`[39m)[33m;[39m[22m
[2m     [90m    |[39m               [31m[1m^[22m[2m[39m[22m
[2m     [90m 58 |[39m     }[22m
[2m     [90m 59 |[39m   }[22m
[2m     [90m 60 |[39m }[33m;[39m[0m[22m
[2m[22m
[2m      [2mat [22m[2mnode_modules/@jest/environment-jsdom-abstract/node_modules/jest-mock/build/index.js[2m:305:39[22m[2m[22m
[2m      [2mat ensureStoreMethods ([22m[2mtests/unit/lib/store/enhanced-conversation-memory.store.test.ts[2m:57:15)[22m[2m[22m
[2m      [2mat Object.<anonymous> ([22m[2mtests/unit/lib/store/enhanced-conversation-memory.store.test.ts[2m:82:3)[22m[2m[22m

    [2m[33mconsole.warn[39m[22m
[33m      Store method getProcessedMessages is not a function or doesn't exist[39m
[2m[22m
[2m    [0m [90m 55 |[39m   [36mfor[39m ([36mconst[39m method [36mof[39m requiredMethods) {[22m
[2m     [90m 56 |[39m     [36mif[39m (store [33m&&[39m [36mtypeof[39m store[method] [33m!==[39m [32m'function'[39m) {[22m
[2m    [31m[1m>[22m[2m[39m[90m 57 |[39m       console[33m.[39mwarn([32m`Store method ${method} is not a function or doesn't exist`[39m)[33m;[39m[22m
[2m     [90m    |[39m               [31m[1m^[22m[2m[39m[22m
[2m     [90m 58 |[39m     }[22m
[2m     [90m 59 |[39m   }[22m
[2m     [90m 60 |[39m }[33m;[39m[0m[22m
[2m[22m
[2m      [2mat [22m[2mnode_modules/@jest/environment-jsdom-abstract/node_modules/jest-mock/build/index.js[2m:305:39[22m[2m[22m
[2m      [2mat ensureStoreMethods ([22m[2mtests/unit/lib/store/enhanced-conversation-memory.store.test.ts[2m:57:15)[22m[2m[22m
[2m      [2mat Object.<anonymous> ([22m[2mtests/unit/lib/store/enhanced-conversation-memory.store.test.ts[2m:82:3)[22m[2m[22m

    [2m[33mconsole.warn[39m[22m
[33m      Store method getRecentMessages is not a function or doesn't exist[39m
[2m[22m
[2m    [0m [90m 55 |[39m   [36mfor[39m ([36mconst[39m method [36mof[39m requiredMethods) {[22m
[2m     [90m 56 |[39m     [36mif[39m (store [33m&&[39m [36mtypeof[39m store[method] [33m!==[39m [32m'function'[39m) {[22m
[2m    [31m[1m>[22m[2m[39m[90m 57 |[39m       console[33m.[39mwarn([32m`Store method ${method} is not a function or doesn't exist`[39m)[33m;[39m[22m
[2m     [90m    |[39m               [31m[1m^[22m[2m[39m[22m
[2m     [90m 58 |[39m     }[22m
[2m     [90m 59 |[39m   }[22m
[2m     [90m 60 |[39m }[33m;[39m[0m[22m
[2m[22m
[2m      [2mat [22m[2mnode_modules/@jest/environment-jsdom-abstract/node_modules/jest-mock/build/index.js[2m:305:39[22m[2m[22m
[2m      [2mat ensureStoreMethods ([22m[2mtests/unit/lib/store/enhanced-conversation-memory.store.test.ts[2m:57:15)[22m[2m[22m
[2m      [2mat Object.<anonymous> ([22m[2mtests/unit/lib/store/enhanced-conversation-memory.store.test.ts[2m:82:3)[22m[2m[22m

    [2m[33mconsole.warn[39m[22m
[33m      Store method getSessionContext is not a function or doesn't exist[39m
[2m[22m
[2m    [0m [90m 55 |[39m   [36mfor[39m ([36mconst[39m method [36mof[39m requiredMethods) {[22m
[2m     [90m 56 |[39m     [36mif[39m (store [33m&&[39m [36mtypeof[39m store[method] [33m!==[39m [32m'function'[39m) {[22m
[2m    [31m[1m>[22m[2m[39m[90m 57 |[39m       console[33m.[39mwarn([32m`Store method ${method} is not a function or doesn't exist`[39m)[33m;[39m[22m
[2m     [90m    |[39m               [31m[1m^[22m[2m[39m[22m
[2m     [90m 58 |[39m     }[22m
[2m     [90m 59 |[39m   }[22m
[2m     [90m 60 |[39m }[33m;[39m[0m[22m
[2m[22m
[2m      [2mat [22m[2mnode_modules/@jest/environment-jsdom-abstract/node_modules/jest-mock/build/index.js[2m:305:39[22m[2m[22m
[2m      [2mat ensureStoreMethods ([22m[2mtests/unit/lib/store/enhanced-conversation-memory.store.test.ts[2m:57:15)[22m[2m[22m
[2m      [2mat Object.<anonymous> ([22m[2mtests/unit/lib/store/enhanced-conversation-memory.store.test.ts[2m:82:3)[22m[2m[22m

    [2m[33mconsole.warn[39m[22m
[33m      Store method updateMessageMetadata is not a function or doesn't exist[39m
[2m[22m
[2m    [0m [90m 55 |[39m   [36mfor[39m ([36mconst[39m method [36mof[39m requiredMethods) {[22m
[2m     [90m 56 |[39m     [36mif[39m (store [33m&&[39m [36mtypeof[39m store[method] [33m!==[39m [32m'function'[39m) {[22m
[2m    [31m[1m>[22m[2m[39m[90m 57 |[39m       console[33m.[39mwarn([32m`Store method ${method} is not a function or doesn't exist`[39m)[33m;[39m[22m
[2m     [90m    |[39m               [31m[1m^[22m[2m[39m[22m
[2m     [90m 58 |[39m     }[22m
[2m     [90m 59 |[39m   }[22m
[2m     [90m 60 |[39m }[33m;[39m[0m[22m
[2m[22m
[2m      [2mat [22m[2mnode_modules/@jest/environment-jsdom-abstract/node_modules/jest-mock/build/index.js[2m:305:39[22m[2m[22m
[2m      [2mat ensureStoreMethods ([22m[2mtests/unit/lib/store/enhanced-conversation-memory.store.test.ts[2m:57:15)[22m[2m[22m
[2m      [2mat Object.<anonymous> ([22m[2mtests/unit/lib/store/enhanced-conversation-memory.store.test.ts[2m:82:3)[22m[2m[22m

    [2m[33mconsole.warn[39m[22m
[33m      Store method clearSession is not a function or doesn't exist[39m
[2m[22m
[2m    [0m [90m 55 |[39m   [36mfor[39m ([36mconst[39m method [36mof[39m requiredMethods) {[22m
[2m     [90m 56 |[39m     [36mif[39m (store [33m&&[39m [36mtypeof[39m store[method] [33m!==[39m [32m'function'[39m) {[22m
[2m    [31m[1m>[22m[2m[39m[90m 57 |[39m       console[33m.[39mwarn([32m`Store method ${method} is not a function or doesn't exist`[39m)[33m;[39m[22m
[2m     [90m    |[39m               [31m[1m^[22m[2m[39m[22m
[2m     [90m 58 |[39m     }[22m
[2m     [90m 59 |[39m   }[22m
[2m     [90m 60 |[39m }[33m;[39m[0m[22m
[2m[22m
[2m      [2mat [22m[2mnode_modules/@jest/environment-jsdom-abstract/node_modules/jest-mock/build/index.js[2m:305:39[22m[2m[22m
[2m      [2mat ensureStoreMethods ([22m[2mtests/unit/lib/store/enhanced-conversation-memory.store.test.ts[2m:57:15)[22m[2m[22m
[2m      [2mat Object.<anonymous> ([22m[2mtests/unit/lib/store/enhanced-conversation-memory.store.test.ts[2m:82:3)[22m[2m[22m

    [2m[33mconsole.warn[39m[22m
[33m      Store method searchMessages is not a function or doesn't exist[39m
[2m[22m
[2m    [0m [90m 55 |[39m   [36mfor[39m ([36mconst[39m method [36mof[39m requiredMethods) {[22m
[2m     [90m 56 |[39m     [36mif[39m (store [33m&&[39m [36mtypeof[39m store[method] [33m!==[39m [32m'function'[39m) {[22m
[2m    [31m[1m>[22m[2m[39m[90m 57 |[39m       console[33m.[39mwarn([32m`Store method ${method} is not a function or doesn't exist`[39m)[33m;[39m[22m
[2m     [90m    |[39m               [31m[1m^[22m[2m[39m[22m
[2m     [90m 58 |[39m     }[22m
[2m     [90m 59 |[39m   }[22m
[2m     [90m 60 |[39m }[33m;[39m[0m[22m
[2m[22m
[2m      [2mat [22m[2mnode_modules/@jest/environment-jsdom-abstract/node_modules/jest-mock/build/index.js[2m:305:39[22m[2m[22m
[2m      [2mat ensureStoreMethods ([22m[2mtests/unit/lib/store/enhanced-conversation-memory.store.test.ts[2m:57:15)[22m[2m[22m
[2m      [2mat Object.<anonymous> ([22m[2mtests/unit/lib/store/enhanced-conversation-memory.store.test.ts[2m:82:3)[22m[2m[22m

    [2m[33mconsole.warn[39m[22m
[33m      Store method summarizeSession is not a function or doesn't exist[39m
[2m[22m
[2m    [0m [90m 55 |[39m   [36mfor[39m ([36mconst[39m method [36mof[39m requiredMethods) {[22m
[2m     [90m 56 |[39m     [36mif[39m (store [33m&&[39m [36mtypeof[39m store[method] [33m!==[39m [32m'function'[39m) {[22m
[2m    [31m[1m>[22m[2m[39m[90m 57 |[39m       console[33m.[39mwarn([32m`Store method ${method} is not a function or doesn't exist`[39m)[33m;[39m[22m
[2m     [90m    |[39m               [31m[1m^[22m[2m[39m[22m
[2m     [90m 58 |[39m     }[22m
[2m     [90m 59 |[39m   }[22m
[2m     [90m 60 |[39m }[33m;[39m[0m[22m
[2m[22m
[2m      [2mat [22m[2mnode_modules/@jest/environment-jsdom-abstract/node_modules/jest-mock/build/index.js[2m:305:39[22m[2m[22m
[2m      [2mat ensureStoreMethods ([22m[2mtests/unit/lib/store/enhanced-conversation-memory.store.test.ts[2m:57:15)[22m[2m[22m
[2m      [2mat Object.<anonymous> ([22m[2mtests/unit/lib/store/enhanced-conversation-memory.store.test.ts[2m:82:3)[22m[2m[22m

    [2m[33mconsole.warn[39m[22m
[33m      Store method addProcessor is not a function or doesn't exist[39m
[2m[22m
[2m    [0m [90m 55 |[39m   [36mfor[39m ([36mconst[39m method [36mof[39m requiredMethods) {[22m
[2m     [90m 56 |[39m     [36mif[39m (store [33m&&[39m [36mtypeof[39m store[method] [33m!==[39m [32m'function'[39m) {[22m
[2m    [31m[1m>[22m[2m[39m[90m 57 |[39m       console[33m.[39mwarn([32m`Store method ${method} is not a function or doesn't exist`[39m)[33m;[39m[22m
[2m     [90m    |[39m               [31m[1m^[22m[2m[39m[22m
[2m     [90m 58 |[39m     }[22m
[2m     [90m 59 |[39m   }[22m
[2m     [90m 60 |[39m }[33m;[39m[0m[22m
[2m[22m
[2m      [2mat [22m[2mnode_modules/@jest/environment-jsdom-abstract/node_modules/jest-mock/build/index.js[2m:305:39[22m[2m[22m
[2m      [2mat ensureStoreMethods ([22m[2mtests/unit/lib/store/enhanced-conversation-memory.store.test.ts[2m:57:15)[22m[2m[22m
[2m      [2mat Object.<anonymous> ([22m[2mtests/unit/lib/store/enhanced-conversation-memory.store.test.ts[2m:82:3)[22m[2m[22m

    [2m[33mconsole.warn[39m[22m
[33m      Store method removeProcessor is not a function or doesn't exist[39m
[2m[22m
[2m    [0m [90m 55 |[39m   [36mfor[39m ([36mconst[39m method [36mof[39m requiredMethods) {[22m
[2m     [90m 56 |[39m     [36mif[39m (store [33m&&[39m [36mtypeof[39m store[method] [33m!==[39m [32m'function'[39m) {[22m
[2m    [31m[1m>[22m[2m[39m[90m 57 |[39m       console[33m.[39mwarn([32m`Store method ${method} is not a function or doesn't exist`[39m)[33m;[39m[22m
[2m     [90m    |[39m               [31m[1m^[22m[2m[39m[22m
[2m     [90m 58 |[39m     }[22m
[2m     [90m 59 |[39m   }[22m
[2m     [90m 60 |[39m }[33m;[39m[0m[22m
[2m[22m
[2m      [2mat [22m[2mnode_modules/@jest/environment-jsdom-abstract/node_modules/jest-mock/build/index.js[2m:305:39[22m[2m[22m
[2m      [2mat ensureStoreMethods ([22m[2mtests/unit/lib/store/enhanced-conversation-memory.store.test.ts[2m:57:15)[22m[2m[22m
[2m      [2mat Object.<anonymous> ([22m[2mtests/unit/lib/store/enhanced-conversation-memory.store.test.ts[2m:82:3)[22m[2m[22m

    [2m[33mconsole.warn[39m[22m
[33m      Store method setDefaultProcessors is not a function or doesn't exist[39m
[2m[22m
[2m    [0m [90m 55 |[39m   [36mfor[39m ([36mconst[39m method [36mof[39m requiredMethods) {[22m
[2m     [90m 56 |[39m     [36mif[39m (store [33m&&[39m [36mtypeof[39m store[method] [33m!==[39m [32m'function'[39m) {[22m
[2m    [31m[1m>[22m[2m[39m[90m 57 |[39m       console[33m.[39mwarn([32m`Store method ${method} is not a function or doesn't exist`[39m)[33m;[39m[22m
[2m     [90m    |[39m               [31m[1m^[22m[2m[39m[22m
[2m     [90m 58 |[39m     }[22m
[2m     [90m 59 |[39m   }[22m
[2m     [90m 60 |[39m }[33m;[39m[0m[22m
[2m[22m
[2m      [2mat [22m[2mnode_modules/@jest/environment-jsdom-abstract/node_modules/jest-mock/build/index.js[2m:305:39[22m[2m[22m
[2m      [2mat ensureStoreMethods ([22m[2mtests/unit/lib/store/enhanced-conversation-memory.store.test.ts[2m:57:15)[22m[2m[22m
[2m      [2mat Object.<anonymous> ([22m[2mtests/unit/lib/store/enhanced-conversation-memory.store.test.ts[2m:82:3)[22m[2m[22m

    [2m[33mconsole.warn[39m[22m
[33m      Store method getMemoryStats is not a function or doesn't exist[39m
[2m[22m
[2m    [0m [90m 55 |[39m   [36mfor[39m ([36mconst[39m method [36mof[39m requiredMethods) {[22m
[2m     [90m 56 |[39m     [36mif[39m (store [33m&&[39m [36mtypeof[39m store[method] [33m!==[39m [32m'function'[39m) {[22m
[2m    [31m[1m>[22m[2m[39m[90m 57 |[39m       console[33m.[39mwarn([32m`Store method ${method} is not a function or doesn't exist`[39m)[33m;[39m[22m
[2m     [90m    |[39m               [31m[1m^[22m[2m[39m[22m
[2m     [90m 58 |[39m     }[22m
[2m     [90m 59 |[39m   }[22m
[2m     [90m 60 |[39m }[33m;[39m[0m[22m
[2m[22m
[2m      [2mat [22m[2mnode_modules/@jest/environment-jsdom-abstract/node_modules/jest-mock/build/index.js[2m:305:39[22m[2m[22m
[2m      [2mat ensureStoreMethods ([22m[2mtests/unit/lib/store/enhanced-conversation-memory.store.test.ts[2m:57:15)[22m[2m[22m
[2m      [2mat Object.<anonymous> ([22m[2mtests/unit/lib/store/enhanced-conversation-memory.store.test.ts[2m:82:3)[22m[2m[22m

    [2m[33mconsole.warn[39m[22m
[33m      Store method enableDbSync is not a function or doesn't exist[39m
[2m[22m
[2m    [0m [90m 55 |[39m   [36mfor[39m ([36mconst[39m method [36mof[39m requiredMethods) {[22m
[2m     [90m 56 |[39m     [36mif[39m (store [33m&&[39m [36mtypeof[39m store[method] [33m!==[39m [32m'function'[39m) {[22m
[2m    [31m[1m>[22m[2m[39m[90m 57 |[39m       console[33m.[39mwarn([32m`Store method ${method} is not a function or doesn't exist`[39m)[33m;[39m[22m
[2m     [90m    |[39m               [31m[1m^[22m[2m[39m[22m
[2m     [90m 58 |[39m     }[22m
[2m     [90m 59 |[39m   }[22m
[2m     [90m 60 |[39m }[33m;[39m[0m[22m
[2m[22m
[2m      [2mat [22m[2mnode_modules/@jest/environment-jsdom-abstract/node_modules/jest-mock/build/index.js[2m:305:39[22m[2m[22m
[2m      [2mat ensureStoreMethods ([22m[2mtests/unit/lib/store/enhanced-conversation-memory.store.test.ts[2m:57:15)[22m[2m[22m
[2m      [2mat Object.<anonymous> ([22m[2mtests/unit/lib/store/enhanced-conversation-memory.store.test.ts[2m:82:3)[22m[2m[22m

    [2m[33mconsole.warn[39m[22m
[33m      Store method disableDbSync is not a function or doesn't exist[39m
[2m[22m
[2m    [0m [90m 55 |[39m   [36mfor[39m ([36mconst[39m method [36mof[39m requiredMethods) {[22m
[2m     [90m 56 |[39m     [36mif[39m (store [33m&&[39m [36mtypeof[39m store[method] [33m!==[39m [32m'function'[39m) {[22m
[2m    [31m[1m>[22m[2m[39m[90m 57 |[39m       console[33m.[39mwarn([32m`Store method ${method} is not a function or doesn't exist`[39m)[33m;[39m[22m
[2m     [90m    |[39m               [31m[1m^[22m[2m[39m[22m
[2m     [90m 58 |[39m     }[22m
[2m     [90m 59 |[39m   }[22m
[2m     [90m 60 |[39m }[33m;[39m[0m[22m
[2m[22m
[2m      [2mat [22m[2mnode_modules/@jest/environment-jsdom-abstract/node_modules/jest-mock/build/index.js[2m:305:39[22m[2m[22m
[2m      [2mat ensureStoreMethods ([22m[2mtests/unit/lib/store/enhanced-conversation-memory.store.test.ts[2m:57:15)[22m[2m[22m
[2m      [2mat Object.<anonymous> ([22m[2mtests/unit/lib/store/enhanced-conversation-memory.store.test.ts[2m:82:3)[22m[2m[22m

    [2m[33mconsole.warn[39m[22m
[33m      Store method syncWithDatabase is not a function or doesn't exist[39m
[2m[22m
[2m    [0m [90m 55 |[39m   [36mfor[39m ([36mconst[39m method [36mof[39m requiredMethods) {[22m
[2m     [90m 56 |[39m     [36mif[39m (store [33m&&[39m [36mtypeof[39m store[method] [33m!==[39m [32m'function'[39m) {[22m
[2m    [31m[1m>[22m[2m[39m[90m 57 |[39m       console[33m.[39mwarn([32m`Store method ${method} is not a function or doesn't exist`[39m)[33m;[39m[22m
[2m     [90m    |[39m               [31m[1m^[22m[2m[39m[22m
[2m     [90m 58 |[39m     }[22m
[2m     [90m 59 |[39m   }[22m
[2m     [90m 60 |[39m }[33m;[39m[0m[22m
[2m[22m
[2m      [2mat [22m[2mnode_modules/@jest/environment-jsdom-abstract/node_modules/jest-mock/build/index.js[2m:305:39[22m[2m[22m
[2m      [2mat ensureStoreMethods ([22m[2mtests/unit/lib/store/enhanced-conversation-memory.store.test.ts[2m:57:15)[22m[2m[22m
[2m      [2mat Object.<anonymous> ([22m[2mtests/unit/lib/store/enhanced-conversation-memory.store.test.ts[2m:82:3)[22m[2m[22m

    [2m[33mconsole.warn[39m[22m
[33m      Store method loadFromDatabase is not a function or doesn't exist[39m
[2m[22m
[2m    [0m [90m 55 |[39m   [36mfor[39m ([36mconst[39m method [36mof[39m requiredMethods) {[22m
[2m     [90m 56 |[39m     [36mif[39m (store [33m&&[39m [36mtypeof[39m store[method] [33m!==[39m [32m'function'[39m) {[22m
[2m    [31m[1m>[22m[2m[39m[90m 57 |[39m       console[33m.[39mwarn([32m`Store method ${method} is not a function or doesn't exist`[39m)[33m;[39m[22m
[2m     [90m    |[39m               [31m[1m^[22m[2m[39m[22m
[2m     [90m 58 |[39m     }[22m
[2m     [90m 59 |[39m   }[22m
[2m     [90m 60 |[39m }[33m;[39m[0m[22m
[2m[22m
[2m      [2mat [22m[2mnode_modules/@jest/environment-jsdom-abstract/node_modules/jest-mock/build/index.js[2m:305:39[22m[2m[22m
[2m      [2mat ensureStoreMethods ([22m[2mtests/unit/lib/store/enhanced-conversation-memory.store.test.ts[2m:57:15)[22m[2m[22m
[2m      [2mat Object.<anonymous> ([22m[2mtests/unit/lib/store/enhanced-conversation-memory.store.test.ts[2m:82:3)[22m[2m[22m

    [2m[33mconsole.warn[39m[22m
[33m      Store method createSession is not a function or doesn't exist[39m
[2m[22m
[2m    [0m [90m 55 |[39m   [36mfor[39m ([36mconst[39m method [36mof[39m requiredMethods) {[22m
[2m     [90m 56 |[39m     [36mif[39m (store [33m&&[39m [36mtypeof[39m store[method] [33m!==[39m [32m'function'[39m) {[22m
[2m    [31m[1m>[22m[2m[39m[90m 57 |[39m       console[33m.[39mwarn([32m`Store method ${method} is not a function or doesn't exist`[39m)[33m;[39m[22m
[2m     [90m    |[39m               [31m[1m^[22m[2m[39m[22m
[2m     [90m 58 |[39m     }[22m
[2m     [90m 59 |[39m   }[22m
[2m     [90m 60 |[39m }[33m;[39m[0m[22m
[2m[22m
[2m      [2mat [22m[2mnode_modules/@jest/environment-jsdom-abstract/node_modules/jest-mock/build/index.js[2m:305:39[22m[2m[22m
[2m      [2mat ensureStoreMethods ([22m[2mtests/unit/lib/store/enhanced-conversation-memory.store.test.ts[2m:57:15)[22m[2m[22m
[2m      [2mat Object.<anonymous> ([22m[2mtests/unit/lib/store/enhanced-conversation-memory.store.test.ts[2m:82:3)[22m[2m[22m

    [2m[33mconsole.warn[39m[22m
[33m      Store method addMessage is not a function or doesn't exist[39m
[2m[22m
[2m    [0m [90m 55 |[39m   [36mfor[39m ([36mconst[39m method [36mof[39m requiredMethods) {[22m
[2m     [90m 56 |[39m     [36mif[39m (store [33m&&[39m [36mtypeof[39m store[method] [33m!==[39m [32m'function'[39m) {[22m
[2m    [31m[1m>[22m[2m[39m[90m 57 |[39m       console[33m.[39mwarn([32m`Store method ${method} is not a function or doesn't exist`[39m)[33m;[39m[22m
[2m     [90m    |[39m               [31m[1m^[22m[2m[39m[22m
[2m     [90m 58 |[39m     }[22m
[2m     [90m 59 |[39m   }[22m
[2m     [90m 60 |[39m }[33m;[39m[0m[22m
[2m[22m
[2m      [2mat [22m[2mnode_modules/@jest/environment-jsdom-abstract/node_modules/jest-mock/build/index.js[2m:305:39[22m[2m[22m
[2m      [2mat ensureStoreMethods ([22m[2mtests/unit/lib/store/enhanced-conversation-memory.store.test.ts[2m:57:15)[22m[2m[22m
[2m      [2mat Object.<anonymous> ([22m[2mtests/unit/lib/store/enhanced-conversation-memory.store.test.ts[2m:82:3)[22m[2m[22m

    [2m[33mconsole.warn[39m[22m
[33m      Store method getProcessedMessages is not a function or doesn't exist[39m
[2m[22m
[2m    [0m [90m 55 |[39m   [36mfor[39m ([36mconst[39m method [36mof[39m requiredMethods) {[22m
[2m     [90m 56 |[39m     [36mif[39m (store [33m&&[39m [36mtypeof[39m store[method] [33m!==[39m [32m'function'[39m) {[22m
[2m    [31m[1m>[22m[2m[39m[90m 57 |[39m       console[33m.[39mwarn([32m`Store method ${method} is not a function or doesn't exist`[39m)[33m;[39m[22m
[2m     [90m    |[39m               [31m[1m^[22m[2m[39m[22m
[2m     [90m 58 |[39m     }[22m
[2m     [90m 59 |[39m   }[22m
[2m     [90m 60 |[39m }[33m;[39m[0m[22m
[2m[22m
[2m      [2mat [22m[2mnode_modules/@jest/environment-jsdom-abstract/node_modules/jest-mock/build/index.js[2m:305:39[22m[2m[22m
[2m      [2mat ensureStoreMethods ([22m[2mtests/unit/lib/store/enhanced-conversation-memory.store.test.ts[2m:57:15)[22m[2m[22m
[2m      [2mat Object.<anonymous> ([22m[2mtests/unit/lib/store/enhanced-conversation-memory.store.test.ts[2m:82:3)[22m[2m[22m

    [2m[33mconsole.warn[39m[22m
[33m      Store method getRecentMessages is not a function or doesn't exist[39m
[2m[22m
[2m    [0m [90m 55 |[39m   [36mfor[39m ([36mconst[39m method [36mof[39m requiredMethods) {[22m
[2m     [90m 56 |[39m     [36mif[39m (store [33m&&[39m [36mtypeof[39m store[method] [33m!==[39m [32m'function'[39m) {[22m
[2m    [31m[1m>[22m[2m[39m[90m 57 |[39m       console[33m.[39mwarn([32m`Store method ${method} is not a function or doesn't exist`[39m)[33m;[39m[22m
[2m     [90m    |[39m               [31m[1m^[22m[2m[39m[22m
[2m     [90m 58 |[39m     }[22m
[2m     [90m 59 |[39m   }[22m
[2m     [90m 60 |[39m }[33m;[39m[0m[22m
[2m[22m
[2m      [2mat [22m[2mnode_modules/@jest/environment-jsdom-abstract/node_modules/jest-mock/build/index.js[2m:305:39[22m[2m[22m
[2m      [2mat ensureStoreMethods ([22m[2mtests/unit/lib/store/enhanced-conversation-memory.store.test.ts[2m:57:15)[22m[2m[22m
[2m      [2mat Object.<anonymous> ([22m[2mtests/unit/lib/store/enhanced-conversation-memory.store.test.ts[2m:82:3)[22m[2m[22m

    [2m[33mconsole.warn[39m[22m
[33m      Store method getSessionContext is not a function or doesn't exist[39m
[2m[22m
[2m    [0m [90m 55 |[39m   [36mfor[39m ([36mconst[39m method [36mof[39m requiredMethods) {[22m
[2m     [90m 56 |[39m     [36mif[39m (store [33m&&[39m [36mtypeof[39m store[method] [33m!==[39m [32m'function'[39m) {[22m
[2m    [31m[1m>[22m[2m[39m[90m 57 |[39m       console[33m.[39mwarn([32m`Store method ${method} is not a function or doesn't exist`[39m)[33m;[39m[22m
[2m     [90m    |[39m               [31m[1m^[22m[2m[39m[22m
[2m     [90m 58 |[39m     }[22m
[2m     [90m 59 |[39m   }[22m
[2m     [90m 60 |[39m }[33m;[39m[0m[22m
[2m[22m
[2m      [2mat [22m[2mnode_modules/@jest/environment-jsdom-abstract/node_modules/jest-mock/build/index.js[2m:305:39[22m[2m[22m
[2m      [2mat ensureStoreMethods ([22m[2mtests/unit/lib/store/enhanced-conversation-memory.store.test.ts[2m:57:15)[22m[2m[22m
[2m      [2mat Object.<anonymous> ([22m[2mtests/unit/lib/store/enhanced-conversation-memory.store.test.ts[2m:82:3)[22m[2m[22m

    [2m[33mconsole.warn[39m[22m
[33m      Store method updateMessageMetadata is not a function or doesn't exist[39m
[2m[22m
[2m    [0m [90m 55 |[39m   [36mfor[39m ([36mconst[39m method [36mof[39m requiredMethods) {[22m
[2m     [90m 56 |[39m     [36mif[39m (store [33m&&[39m [36mtypeof[39m store[method] [33m!==[39m [32m'function'[39m) {[22m
[2m    [31m[1m>[22m[2m[39m[90m 57 |[39m       console[33m.[39mwarn([32m`Store method ${method} is not a function or doesn't exist`[39m)[33m;[39m[22m
[2m     [90m    |[39m               [31m[1m^[22m[2m[39m[22m
[2m     [90m 58 |[39m     }[22m
[2m     [90m 59 |[39m   }[22m
[2m     [90m 60 |[39m }[33m;[39m[0m[22m
[2m[22m
[2m      [2mat [22m[2mnode_modules/@jest/environment-jsdom-abstract/node_modules/jest-mock/build/index.js[2m:305:39[22m[2m[22m
[2m      [2mat ensureStoreMethods ([22m[2mtests/unit/lib/store/enhanced-conversation-memory.store.test.ts[2m:57:15)[22m[2m[22m
[2m      [2mat Object.<anonymous> ([22m[2mtests/unit/lib/store/enhanced-conversation-memory.store.test.ts[2m:82:3)[22m[2m[22m

    [2m[33mconsole.warn[39m[22m
[33m      Store method clearSession is not a function or doesn't exist[39m
[2m[22m
[2m    [0m [90m 55 |[39m   [36mfor[39m ([36mconst[39m method [36mof[39m requiredMethods) {[22m
[2m     [90m 56 |[39m     [36mif[39m (store [33m&&[39m [36mtypeof[39m store[method] [33m!==[39m [32m'function'[39m) {[22m
[2m    [31m[1m>[22m[2m[39m[90m 57 |[39m       console[33m.[39mwarn([32m`Store method ${method} is not a function or doesn't exist`[39m)[33m;[39m[22m
[2m     [90m    |[39m               [31m[1m^[22m[2m[39m[22m
[2m     [90m 58 |[39m     }[22m
[2m     [90m 59 |[39m   }[22m
[2m     [90m 60 |[39m }[33m;[39m[0m[22m
[2m[22m
[2m      [2mat [22m[2mnode_modules/@jest/environment-jsdom-abstract/node_modules/jest-mock/build/index.js[2m:305:39[22m[2m[22m
[2m      [2mat ensureStoreMethods ([22m[2mtests/unit/lib/store/enhanced-conversation-memory.store.test.ts[2m:57:15)[22m[2m[22m
[2m      [2mat Object.<anonymous> ([22m[2mtests/unit/lib/store/enhanced-conversation-memory.store.test.ts[2m:82:3)[22m[2m[22m

    [2m[33mconsole.warn[39m[22m
[33m      Store method searchMessages is not a function or doesn't exist[39m
[2m[22m
[2m    [0m [90m 55 |[39m   [36mfor[39m ([36mconst[39m method [36mof[39m requiredMethods) {[22m
[2m     [90m 56 |[39m     [36mif[39m (store [33m&&[39m [36mtypeof[39m store[method] [33m!==[39m [32m'function'[39m) {[22m
[2m    [31m[1m>[22m[2m[39m[90m 57 |[39m       console[33m.[39mwarn([32m`Store method ${method} is not a function or doesn't exist`[39m)[33m;[39m[22m
[2m     [90m    |[39m               [31m[1m^[22m[2m[39m[22m
[2m     [90m 58 |[39m     }[22m
[2m     [90m 59 |[39m   }[22m
[2m     [90m 60 |[39m }[33m;[39m[0m[22m
[2m[22m
[2m      [2mat [22m[2mnode_modules/@jest/environment-jsdom-abstract/node_modules/jest-mock/build/index.js[2m:305:39[22m[2m[22m
[2m      [2mat ensureStoreMethods ([22m[2mtests/unit/lib/store/enhanced-conversation-memory.store.test.ts[2m:57:15)[22m[2m[22m
[2m      [2mat Object.<anonymous> ([22m[2mtests/unit/lib/store/enhanced-conversation-memory.store.test.ts[2m:82:3)[22m[2m[22m

    [2m[33mconsole.warn[39m[22m
[33m      Store method summarizeSession is not a function or doesn't exist[39m
[2m[22m
[2m    [0m [90m 55 |[39m   [36mfor[39m ([36mconst[39m method [36mof[39m requiredMethods) {[22m
[2m     [90m 56 |[39m     [36mif[39m (store [33m&&[39m [36mtypeof[39m store[method] [33m!==[39m [32m'function'[39m) {[22m
[2m    [31m[1m>[22m[2m[39m[90m 57 |[39m       console[33m.[39mwarn([32m`Store method ${method} is not a function or doesn't exist`[39m)[33m;[39m[22m
[2m     [90m    |[39m               [31m[1m^[22m[2m[39m[22m
[2m     [90m 58 |[39m     }[22m
[2m     [90m 59 |[39m   }[22m
[2m     [90m 60 |[39m }[33m;[39m[0m[22m
[2m[22m
[2m      [2mat [22m[2mnode_modules/@jest/environment-jsdom-abstract/node_modules/jest-mock/build/index.js[2m:305:39[22m[2m[22m
[2m      [2mat ensureStoreMethods ([22m[2mtests/unit/lib/store/enhanced-conversation-memory.store.test.ts[2m:57:15)[22m[2m[22m
[2m      [2mat Object.<anonymous> ([22m[2mtests/unit/lib/store/enhanced-conversation-memory.store.test.ts[2m:82:3)[22m[2m[22m

    [2m[33mconsole.warn[39m[22m
[33m      Store method addProcessor is not a function or doesn't exist[39m
[2m[22m
[2m    [0m [90m 55 |[39m   [36mfor[39m ([36mconst[39m method [36mof[39m requiredMethods) {[22m
[2m     [90m 56 |[39m     [36mif[39m (store [33m&&[39m [36mtypeof[39m store[method] [33m!==[39m [32m'function'[39m) {[22m
[2m    [31m[1m>[22m[2m[39m[90m 57 |[39m       console[33m.[39mwarn([32m`Store method ${method} is not a function or doesn't exist`[39m)[33m;[39m[22m
[2m     [90m    |[39m               [31m[1m^[22m[2m[39m[22m
[2m     [90m 58 |[39m     }[22m
[2m     [90m 59 |[39m   }[22m
[2m     [90m 60 |[39m }[33m;[39m[0m[22m
[2m[22m
[2m      [2mat [22m[2mnode_modules/@jest/environment-jsdom-abstract/node_modules/jest-mock/build/index.js[2m:305:39[22m[2m[22m
[2m      [2mat ensureStoreMethods ([22m[2mtests/unit/lib/store/enhanced-conversation-memory.store.test.ts[2m:57:15)[22m[2m[22m
[2m      [2mat Object.<anonymous> ([22m[2mtests/unit/lib/store/enhanced-conversation-memory.store.test.ts[2m:82:3)[22m[2m[22m

    [2m[33mconsole.warn[39m[22m
[33m      Store method removeProcessor is not a function or doesn't exist[39m
[2m[22m
[2m    [0m [90m 55 |[39m   [36mfor[39m ([36mconst[39m method [36mof[39m requiredMethods) {[22m
[2m     [90m 56 |[39m     [36mif[39m (store [33m&&[39m [36mtypeof[39m store[method] [33m!==[39m [32m'function'[39m) {[22m
[2m    [31m[1m>[22m[2m[39m[90m 57 |[39m       console[33m.[39mwarn([32m`Store method ${method} is not a function or doesn't exist`[39m)[33m;[39m[22m
[2m     [90m    |[39m               [31m[1m^[22m[2m[39m[22m
[2m     [90m 58 |[39m     }[22m
[2m     [90m 59 |[39m   }[22m
[2m     [90m 60 |[39m }[33m;[39m[0m[22m
[2m[22m
[2m      [2mat [22m[2mnode_modules/@jest/environment-jsdom-abstract/node_modules/jest-mock/build/index.js[2m:305:39[22m[2m[22m
[2m      [2mat ensureStoreMethods ([22m[2mtests/unit/lib/store/enhanced-conversation-memory.store.test.ts[2m:57:15)[22m[2m[22m
[2m      [2mat Object.<anonymous> ([22m[2mtests/unit/lib/store/enhanced-conversation-memory.store.test.ts[2m:82:3)[22m[2m[22m

    [2m[33mconsole.warn[39m[22m
[33m      Store method setDefaultProcessors is not a function or doesn't exist[39m
[2m[22m
[2m    [0m [90m 55 |[39m   [36mfor[39m ([36mconst[39m method [36mof[39m requiredMethods) {[22m
[2m     [90m 56 |[39m     [36mif[39m (store [33m&&[39m [36mtypeof[39m store[method] [33m!==[39m [32m'function'[39m) {[22m
[2m    [31m[1m>[22m[2m[39m[90m 57 |[39m       console[33m.[39mwarn([32m`Store method ${method} is not a function or doesn't exist`[39m)[33m;[39m[22m
[2m     [90m    |[39m               [31m[1m^[22m[2m[39m[22m
[2m     [90m 58 |[39m     }[22m
[2m     [90m 59 |[39m   }[22m
[2m     [90m 60 |[39m }[33m;[39m[0m[22m
[2m[22m
[2m      [2mat [22m[2mnode_modules/@jest/environment-jsdom-abstract/node_modules/jest-mock/build/index.js[2m:305:39[22m[2m[22m
[2m      [2mat ensureStoreMethods ([22m[2mtests/unit/lib/store/enhanced-conversation-memory.store.test.ts[2m:57:15)[22m[2m[22m
[2m      [2mat Object.<anonymous> ([22m[2mtests/unit/lib/store/enhanced-conversation-memory.store.test.ts[2m:82:3)[22m[2m[22m

    [2m[33mconsole.warn[39m[22m
[33m      Store method getMemoryStats is not a function or doesn't exist[39m
[2m[22m
[2m    [0m [90m 55 |[39m   [36mfor[39m ([36mconst[39m method [36mof[39m requiredMethods) {[22m
[2m     [90m 56 |[39m     [36mif[39m (store [33m&&[39m [36mtypeof[39m store[method] [33m!==[39m [32m'function'[39m) {[22m
[2m    [31m[1m>[22m[2m[39m[90m 57 |[39m       console[33m.[39mwarn([32m`Store method ${method} is not a function or doesn't exist`[39m)[33m;[39m[22m
[2m     [90m    |[39m               [31m[1m^[22m[2m[39m[22m
[2m     [90m 58 |[39m     }[22m
[2m     [90m 59 |[39m   }[22m
[2m     [90m 60 |[39m }[33m;[39m[0m[22m
[2m[22m
[2m      [2mat [22m[2mnode_modules/@jest/environment-jsdom-abstract/node_modules/jest-mock/build/index.js[2m:305:39[22m[2m[22m
[2m      [2mat ensureStoreMethods ([22m[2mtests/unit/lib/store/enhanced-conversation-memory.store.test.ts[2m:57:15)[22m[2m[22m
[2m      [2mat Object.<anonymous> ([22m[2mtests/unit/lib/store/enhanced-conversation-memory.store.test.ts[2m:82:3)[22m[2m[22m

    [2m[33mconsole.warn[39m[22m
[33m      Store method enableDbSync is not a function or doesn't exist[39m
[2m[22m
[2m    [0m [90m 55 |[39m   [36mfor[39m ([36mconst[39m method [36mof[39m requiredMethods) {[22m
[2m     [90m 56 |[39m     [36mif[39m (store [33m&&[39m [36mtypeof[39m store[method] [33m!==[39m [32m'function'[39m) {[22m
[2m    [31m[1m>[22m[2m[39m[90m 57 |[39m       console[33m.[39mwarn([32m`Store method ${method} is not a function or doesn't exist`[39m)[33m;[39m[22m
[2m     [90m    |[39m               [31m[1m^[22m[2m[39m[22m
[2m     [90m 58 |[39m     }[22m
[2m     [90m 59 |[39m   }[22m
[2m     [90m 60 |[39m }[33m;[39m[0m[22m
[2m[22m
[2m      [2mat [22m[2mnode_modules/@jest/environment-jsdom-abstract/node_modules/jest-mock/build/index.js[2m:305:39[22m[2m[22m
[2m      [2mat ensureStoreMethods ([22m[2mtests/unit/lib/store/enhanced-conversation-memory.store.test.ts[2m:57:15)[22m[2m[22m
[2m      [2mat Object.<anonymous> ([22m[2mtests/unit/lib/store/enhanced-conversation-memory.store.test.ts[2m:82:3)[22m[2m[22m

    [2m[33mconsole.warn[39m[22m
[33m      Store method disableDbSync is not a function or doesn't exist[39m
[2m[22m
[2m    [0m [90m 55 |[39m   [36mfor[39m ([36mconst[39m method [36mof[39m requiredMethods) {[22m
[2m     [90m 56 |[39m     [36mif[39m (store [33m&&[39m [36mtypeof[39m store[method] [33m!==[39m [32m'function'[39m) {[22m
[2m    [31m[1m>[22m[2m[39m[90m 57 |[39m       console[33m.[39mwarn([32m`Store method ${method} is not a function or doesn't exist`[39m)[33m;[39m[22m
[2m     [90m    |[39m               [31m[1m^[22m[2m[39m[22m
[2m     [90m 58 |[39m     }[22m
[2m     [90m 59 |[39m   }[22m
[2m     [90m 60 |[39m }[33m;[39m[0m[22m
[2m[22m
[2m      [2mat [22m[2mnode_modules/@jest/environment-jsdom-abstract/node_modules/jest-mock/build/index.js[2m:305:39[22m[2m[22m
[2m      [2mat ensureStoreMethods ([22m[2mtests/unit/lib/store/enhanced-conversation-memory.store.test.ts[2m:57:15)[22m[2m[22m
[2m      [2mat Object.<anonymous> ([22m[2mtests/unit/lib/store/enhanced-conversation-memory.store.test.ts[2m:82:3)[22m[2m[22m

    [2m[33mconsole.warn[39m[22m
[33m      Store method syncWithDatabase is not a function or doesn't exist[39m
[2m[22m
[2m    [0m [90m 55 |[39m   [36mfor[39m ([36mconst[39m method [36mof[39m requiredMethods) {[22m
[2m     [90m 56 |[39m     [36mif[39m (store [33m&&[39m [36mtypeof[39m store[method] [33m!==[39m [32m'function'[39m) {[22m
[2m    [31m[1m>[22m[2m[39m[90m 57 |[39m       console[33m.[39mwarn([32m`Store method ${method} is not a function or doesn't exist`[39m)[33m;[39m[22m
[2m     [90m    |[39m               [31m[1m^[22m[2m[39m[22m
[2m     [90m 58 |[39m     }[22m
[2m     [90m 59 |[39m   }[22m
[2m     [90m 60 |[39m }[33m;[39m[0m[22m
[2m[22m
[2m      [2mat [22m[2mnode_modules/@jest/environment-jsdom-abstract/node_modules/jest-mock/build/index.js[2m:305:39[22m[2m[22m
[2m      [2mat ensureStoreMethods ([22m[2mtests/unit/lib/store/enhanced-conversation-memory.store.test.ts[2m:57:15)[22m[2m[22m
[2m      [2mat Object.<anonymous> ([22m[2mtests/unit/lib/store/enhanced-conversation-memory.store.test.ts[2m:82:3)[22m[2m[22m

    [2m[33mconsole.warn[39m[22m
[33m      Store method loadFromDatabase is not a function or doesn't exist[39m
[2m[22m
[2m    [0m [90m 55 |[39m   [36mfor[39m ([36mconst[39m method [36mof[39m requiredMethods) {[22m
[2m     [90m 56 |[39m     [36mif[39m (store [33m&&[39m [36mtypeof[39m store[method] [33m!==[39m [32m'function'[39m) {[22m
[2m    [31m[1m>[22m[2m[39m[90m 57 |[39m       console[33m.[39mwarn([32m`Store method ${method} is not a function or doesn't exist`[39m)[33m;[39m[22m
[2m     [90m    |[39m               [31m[1m^[22m[2m[39m[22m
[2m     [90m 58 |[39m     }[22m
[2m     [90m 59 |[39m   }[22m
[2m     [90m 60 |[39m }[33m;[39m[0m[22m
[2m[22m
[2m      [2mat [22m[2mnode_modules/@jest/environment-jsdom-abstract/node_modules/jest-mock/build/index.js[2m:305:39[22m[2m[22m
[2m      [2mat ensureStoreMethods ([22m[2mtests/unit/lib/store/enhanced-conversation-memory.store.test.ts[2m:57:15)[22m[2m[22m
[2m      [2mat Object.<anonymous> ([22m[2mtests/unit/lib/store/enhanced-conversation-memory.store.test.ts[2m:82:3)[22m[2m[22m

    [2m[33mconsole.warn[39m[22m
[33m      Store method createSession is not a function or doesn't exist[39m
[2m[22m
[2m    [0m [90m 55 |[39m   [36mfor[39m ([36mconst[39m method [36mof[39m requiredMethods) {[22m
[2m     [90m 56 |[39m     [36mif[39m (store [33m&&[39m [36mtypeof[39m store[method] [33m!==[39m [32m'function'[39m) {[22m
[2m    [31m[1m>[22m[2m[39m[90m 57 |[39m       console[33m.[39mwarn([32m`Store method ${method} is not a function or doesn't exist`[39m)[33m;[39m[22m
[2m     [90m    |[39m               [31m[1m^[22m[2m[39m[22m
[2m     [90m 58 |[39m     }[22m
[2m     [90m 59 |[39m   }[22m
[2m     [90m 60 |[39m }[33m;[39m[0m[22m
[2m[22m
[2m      [2mat [22m[2mnode_modules/@jest/environment-jsdom-abstract/node_modules/jest-mock/build/index.js[2m:305:39[22m[2m[22m
[2m      [2mat ensureStoreMethods ([22m[2mtests/unit/lib/store/enhanced-conversation-memory.store.test.ts[2m:57:15)[22m[2m[22m
[2m      [2mat Object.<anonymous> ([22m[2mtests/unit/lib/store/enhanced-conversation-memory.store.test.ts[2m:82:3)[22m[2m[22m

    [2m[33mconsole.warn[39m[22m
[33m      Store method addMessage is not a function or doesn't exist[39m
[2m[22m
[2m    [0m [90m 55 |[39m   [36mfor[39m ([36mconst[39m method [36mof[39m requiredMethods) {[22m
[2m     [90m 56 |[39m     [36mif[39m (store [33m&&[39m [36mtypeof[39m store[method] [33m!==[39m [32m'function'[39m) {[22m
[2m    [31m[1m>[22m[2m[39m[90m 57 |[39m       console[33m.[39mwarn([32m`Store method ${method} is not a function or doesn't exist`[39m)[33m;[39m[22m
[2m     [90m    |[39m               [31m[1m^[22m[2m[39m[22m
[2m     [90m 58 |[39m     }[22m
[2m     [90m 59 |[39m   }[22m
[2m     [90m 60 |[39m }[33m;[39m[0m[22m
[2m[22m
[2m      [2mat [22m[2mnode_modules/@jest/environment-jsdom-abstract/node_modules/jest-mock/build/index.js[2m:305:39[22m[2m[22m
[2m      [2mat ensureStoreMethods ([22m[2mtests/unit/lib/store/enhanced-conversation-memory.store.test.ts[2m:57:15)[22m[2m[22m
[2m      [2mat Object.<anonymous> ([22m[2mtests/unit/lib/store/enhanced-conversation-memory.store.test.ts[2m:82:3)[22m[2m[22m

    [2m[33mconsole.warn[39m[22m
[33m      Store method getProcessedMessages is not a function or doesn't exist[39m
[2m[22m
[2m    [0m [90m 55 |[39m   [36mfor[39m ([36mconst[39m method [36mof[39m requiredMethods) {[22m
[2m     [90m 56 |[39m     [36mif[39m (store [33m&&[39m [36mtypeof[39m store[method] [33m!==[39m [32m'function'[39m) {[22m
[2m    [31m[1m>[22m[2m[39m[90m 57 |[39m       console[33m.[39mwarn([32m`Store method ${method} is not a function or doesn't exist`[39m)[33m;[39m[22m
[2m     [90m    |[39m               [31m[1m^[22m[2m[39m[22m
[2m     [90m 58 |[39m     }[22m
[2m     [90m 59 |[39m   }[22m
[2m     [90m 60 |[39m }[33m;[39m[0m[22m
[2m[22m
[2m      [2mat [22m[2mnode_modules/@jest/environment-jsdom-abstract/node_modules/jest-mock/build/index.js[2m:305:39[22m[2m[22m
[2m      [2mat ensureStoreMethods ([22m[2mtests/unit/lib/store/enhanced-conversation-memory.store.test.ts[2m:57:15)[22m[2m[22m
[2m      [2mat Object.<anonymous> ([22m[2mtests/unit/lib/store/enhanced-conversation-memory.store.test.ts[2m:82:3)[22m[2m[22m

    [2m[33mconsole.warn[39m[22m
[33m      Store method getRecentMessages is not a function or doesn't exist[39m
[2m[22m
[2m    [0m [90m 55 |[39m   [36mfor[39m ([36mconst[39m method [36mof[39m requiredMethods) {[22m
[2m     [90m 56 |[39m     [36mif[39m (store [33m&&[39m [36mtypeof[39m store[method] [33m!==[39m [32m'function'[39m) {[22m
[2m    [31m[1m>[22m[2m[39m[90m 57 |[39m       console[33m.[39mwarn([32m`Store method ${method} is not a function or doesn't exist`[39m)[33m;[39m[22m
[2m     [90m    |[39m               [31m[1m^[22m[2m[39m[22m
[2m     [90m 58 |[39m     }[22m
[2m     [90m 59 |[39m   }[22m
[2m     [90m 60 |[39m }[33m;[39m[0m[22m
[2m[22m
[2m      [2mat [22m[2mnode_modules/@jest/environment-jsdom-abstract/node_modules/jest-mock/build/index.js[2m:305:39[22m[2m[22m
[2m      [2mat ensureStoreMethods ([22m[2mtests/unit/lib/store/enhanced-conversation-memory.store.test.ts[2m:57:15)[22m[2m[22m
[2m      [2mat Object.<anonymous> ([22m[2mtests/unit/lib/store/enhanced-conversation-memory.store.test.ts[2m:82:3)[22m[2m[22m

    [2m[33mconsole.warn[39m[22m
[33m      Store method getSessionContext is not a function or doesn't exist[39m
[2m[22m
[2m    [0m [90m 55 |[39m   [36mfor[39m ([36mconst[39m method [36mof[39m requiredMethods) {[22m
[2m     [90m 56 |[39m     [36mif[39m (store [33m&&[39m [36mtypeof[39m store[method] [33m!==[39m [32m'function'[39m) {[22m
[2m    [31m[1m>[22m[2m[39m[90m 57 |[39m       console[33m.[39mwarn([32m`Store method ${method} is not a function or doesn't exist`[39m)[33m;[39m[22m
[2m     [90m    |[39m               [31m[1m^[22m[2m[39m[22m
[2m     [90m 58 |[39m     }[22m
[2m     [90m 59 |[39m   }[22m
[2m     [90m 60 |[39m }[33m;[39m[0m[22m
[2m[22m
[2m      [2mat [22m[2mnode_modules/@jest/environment-jsdom-abstract/node_modules/jest-mock/build/index.js[2m:305:39[22m[2m[22m
[2m      [2mat ensureStoreMethods ([22m[2mtests/unit/lib/store/enhanced-conversation-memory.store.test.ts[2m:57:15)[22m[2m[22m
[2m      [2mat Object.<anonymous> ([22m[2mtests/unit/lib/store/enhanced-conversation-memory.store.test.ts[2m:82:3)[22m[2m[22m

    [2m[33mconsole.warn[39m[22m
[33m      Store method updateMessageMetadata is not a function or doesn't exist[39m
[2m[22m
[2m    [0m [90m 55 |[39m   [36mfor[39m ([36mconst[39m method [36mof[39m requiredMethods) {[22m
[2m     [90m 56 |[39m     [36mif[39m (store [33m&&[39m [36mtypeof[39m store[method] [33m!==[39m [32m'function'[39m) {[22m
[2m    [31m[1m>[22m[2m[39m[90m 57 |[39m       console[33m.[39mwarn([32m`Store method ${method} is not a function or doesn't exist`[39m)[33m;[39m[22m
[2m     [90m    |[39m               [31m[1m^[22m[2m[39m[22m
[2m     [90m 58 |[39m     }[22m
[2m     [90m 59 |[39m   }[22m
[2m     [90m 60 |[39m }[33m;[39m[0m[22m
[2m[22m
[2m      [2mat [22m[2mnode_modules/@jest/environment-jsdom-abstract/node_modules/jest-mock/build/index.js[2m:305:39[22m[2m[22m
[2m      [2mat ensureStoreMethods ([22m[2mtests/unit/lib/store/enhanced-conversation-memory.store.test.ts[2m:57:15)[22m[2m[22m
[2m      [2mat Object.<anonymous> ([22m[2mtests/unit/lib/store/enhanced-conversation-memory.store.test.ts[2m:82:3)[22m[2m[22m

    [2m[33mconsole.warn[39m[22m
[33m      Store method clearSession is not a function or doesn't exist[39m
[2m[22m
[2m    [0m [90m 55 |[39m   [36mfor[39m ([36mconst[39m method [36mof[39m requiredMethods) {[22m
[2m     [90m 56 |[39m     [36mif[39m (store [33m&&[39m [36mtypeof[39m store[method] [33m!==[39m [32m'function'[39m) {[22m
[2m    [31m[1m>[22m[2m[39m[90m 57 |[39m       console[33m.[39mwarn([32m`Store method ${method} is not a function or doesn't exist`[39m)[33m;[39m[22m
[2m     [90m    |[39m               [31m[1m^[22m[2m[39m[22m
[2m     [90m 58 |[39m     }[22m
[2m     [90m 59 |[39m   }[22m
[2m     [90m 60 |[39m }[33m;[39m[0m[22m
[2m[22m
[2m      [2mat [22m[2mnode_modules/@jest/environment-jsdom-abstract/node_modules/jest-mock/build/index.js[2m:305:39[22m[2m[22m
[2m      [2mat ensureStoreMethods ([22m[2mtests/unit/lib/store/enhanced-conversation-memory.store.test.ts[2m:57:15)[22m[2m[22m
[2m      [2mat Object.<anonymous> ([22m[2mtests/unit/lib/store/enhanced-conversation-memory.store.test.ts[2m:82:3)[22m[2m[22m

    [2m[33mconsole.warn[39m[22m
[33m      Store method searchMessages is not a function or doesn't exist[39m
[2m[22m
[2m    [0m [90m 55 |[39m   [36mfor[39m ([36mconst[39m method [36mof[39m requiredMethods) {[22m
[2m     [90m 56 |[39m     [36mif[39m (store [33m&&[39m [36mtypeof[39m store[method] [33m!==[39m [32m'function'[39m) {[22m
[2m    [31m[1m>[22m[2m[39m[90m 57 |[39m       console[33m.[39mwarn([32m`Store method ${method} is not a function or doesn't exist`[39m)[33m;[39m[22m
[2m     [90m    |[39m               [31m[1m^[22m[2m[39m[22m
[2m     [90m 58 |[39m     }[22m
[2m     [90m 59 |[39m   }[22m
[2m     [90m 60 |[39m }[33m;[39m[0m[22m
[2m[22m
[2m      [2mat [22m[2mnode_modules/@jest/environment-jsdom-abstract/node_modules/jest-mock/build/index.js[2m:305:39[22m[2m[22m
[2m      [2mat ensureStoreMethods ([22m[2mtests/unit/lib/store/enhanced-conversation-memory.store.test.ts[2m:57:15)[22m[2m[22m
[2m      [2mat Object.<anonymous> ([22m[2mtests/unit/lib/store/enhanced-conversation-memory.store.test.ts[2m:82:3)[22m[2m[22m

    [2m[33mconsole.warn[39m[22m
[33m      Store method summarizeSession is not a function or doesn't exist[39m
[2m[22m
[2m    [0m [90m 55 |[39m   [36mfor[39m ([36mconst[39m method [36mof[39m requiredMethods) {[22m
[2m     [90m 56 |[39m     [36mif[39m (store [33m&&[39m [36mtypeof[39m store[method] [33m!==[39m [32m'function'[39m) {[22m
[2m    [31m[1m>[22m[2m[39m[90m 57 |[39m       console[33m.[39mwarn([32m`Store method ${method} is not a function or doesn't exist`[39m)[33m;[39m[22m
[2m     [90m    |[39m               [31m[1m^[22m[2m[39m[22m
[2m     [90m 58 |[39m     }[22m
[2m     [90m 59 |[39m   }[22m
[2m     [90m 60 |[39m }[33m;[39m[0m[22m
[2m[22m
[2m      [2mat [22m[2mnode_modules/@jest/environment-jsdom-abstract/node_modules/jest-mock/build/index.js[2m:305:39[22m[2m[22m
[2m      [2mat ensureStoreMethods ([22m[2mtests/unit/lib/store/enhanced-conversation-memory.store.test.ts[2m:57:15)[22m[2m[22m
[2m      [2mat Object.<anonymous> ([22m[2mtests/unit/lib/store/enhanced-conversation-memory.store.test.ts[2m:82:3)[22m[2m[22m

    [2m[33mconsole.warn[39m[22m
[33m      Store method addProcessor is not a function or doesn't exist[39m
[2m[22m
[2m    [0m [90m 55 |[39m   [36mfor[39m ([36mconst[39m method [36mof[39m requiredMethods) {[22m
[2m     [90m 56 |[39m     [36mif[39m (store [33m&&[39m [36mtypeof[39m store[method] [33m!==[39m [32m'function'[39m) {[22m
[2m    [31m[1m>[22m[2m[39m[90m 57 |[39m       console[33m.[39mwarn([32m`Store method ${method} is not a function or doesn't exist`[39m)[33m;[39m[22m
[2m     [90m    |[39m               [31m[1m^[22m[2m[39m[22m
[2m     [90m 58 |[39m     }[22m
[2m     [90m 59 |[39m   }[22m
[2m     [90m 60 |[39m }[33m;[39m[0m[22m
[2m[22m
[2m      [2mat [22m[2mnode_modules/@jest/environment-jsdom-abstract/node_modules/jest-mock/build/index.js[2m:305:39[22m[2m[22m
[2m      [2mat ensureStoreMethods ([22m[2mtests/unit/lib/store/enhanced-conversation-memory.store.test.ts[2m:57:15)[22m[2m[22m
[2m      [2mat Object.<anonymous> ([22m[2mtests/unit/lib/store/enhanced-conversation-memory.store.test.ts[2m:82:3)[22m[2m[22m

    [2m[33mconsole.warn[39m[22m
[33m      Store method removeProcessor is not a function or doesn't exist[39m
[2m[22m
[2m    [0m [90m 55 |[39m   [36mfor[39m ([36mconst[39m method [36mof[39m requiredMethods) {[22m
[2m     [90m 56 |[39m     [36mif[39m (store [33m&&[39m [36mtypeof[39m store[method] [33m!==[39m [32m'function'[39m) {[22m
[2m    [31m[1m>[22m[2m[39m[90m 57 |[39m       console[33m.[39mwarn([32m`Store method ${method} is not a function or doesn't exist`[39m)[33m;[39m[22m
[2m     [90m    |[39m               [31m[1m^[22m[2m[39m[22m
[2m     [90m 58 |[39m     }[22m
[2m     [90m 59 |[39m   }[22m
[2m     [90m 60 |[39m }[33m;[39m[0m[22m
[2m[22m
[2m      [2mat [22m[2mnode_modules/@jest/environment-jsdom-abstract/node_modules/jest-mock/build/index.js[2m:305:39[22m[2m[22m
[2m      [2mat ensureStoreMethods ([22m[2mtests/unit/lib/store/enhanced-conversation-memory.store.test.ts[2m:57:15)[22m[2m[22m
[2m      [2mat Object.<anonymous> ([22m[2mtests/unit/lib/store/enhanced-conversation-memory.store.test.ts[2m:82:3)[22m[2m[22m

    [2m[33mconsole.warn[39m[22m
[33m      Store method setDefaultProcessors is not a function or doesn't exist[39m
[2m[22m
[2m    [0m [90m 55 |[39m   [36mfor[39m ([36mconst[39m method [36mof[39m requiredMethods) {[22m
[2m     [90m 56 |[39m     [36mif[39m (store [33m&&[39m [36mtypeof[39m store[method] [33m!==[39m [32m'function'[39m) {[22m
[2m    [31m[1m>[22m[2m[39m[90m 57 |[39m       console[33m.[39mwarn([32m`Store method ${method} is not a function or doesn't exist`[39m)[33m;[39m[22m
[2m     [90m    |[39m               [31m[1m^[22m[2m[39m[22m
[2m     [90m 58 |[39m     }[22m
[2m     [90m 59 |[39m   }[22m
[2m     [90m 60 |[39m }[33m;[39m[0m[22m
[2m[22m
[2m      [2mat [22m[2mnode_modules/@jest/environment-jsdom-abstract/node_modules/jest-mock/build/index.js[2m:305:39[22m[2m[22m
[2m      [2mat ensureStoreMethods ([22m[2mtests/unit/lib/store/enhanced-conversation-memory.store.test.ts[2m:57:15)[22m[2m[22m
[2m      [2mat Object.<anonymous> ([22m[2mtests/unit/lib/store/enhanced-conversation-memory.store.test.ts[2m:82:3)[22m[2m[22m

    [2m[33mconsole.warn[39m[22m
[33m      Store method getMemoryStats is not a function or doesn't exist[39m
[2m[22m
[2m    [0m [90m 55 |[39m   [36mfor[39m ([36mconst[39m method [36mof[39m requiredMethods) {[22m
[2m     [90m 56 |[39m     [36mif[39m (store [33m&&[39m [36mtypeof[39m store[method] [33m!==[39m [32m'function'[39m) {[22m
[2m    [31m[1m>[22m[2m[39m[90m 57 |[39m       console[33m.[39mwarn([32m`Store method ${method} is not a function or doesn't exist`[39m)[33m;[39m[22m
[2m     [90m    |[39m               [31m[1m^[22m[2m[39m[22m
[2m     [90m 58 |[39m     }[22m
[2m     [90m 59 |[39m   }[22m
[2m     [90m 60 |[39m }[33m;[39m[0m[22m
[2m[22m
[2m      [2mat [22m[2mnode_modules/@jest/environment-jsdom-abstract/node_modules/jest-mock/build/index.js[2m:305:39[22m[2m[22m
[2m      [2mat ensureStoreMethods ([22m[2mtests/unit/lib/store/enhanced-conversation-memory.store.test.ts[2m:57:15)[22m[2m[22m
[2m      [2mat Object.<anonymous> ([22m[2mtests/unit/lib/store/enhanced-conversation-memory.store.test.ts[2m:82:3)[22m[2m[22m

    [2m[33mconsole.warn[39m[22m
[33m      Store method enableDbSync is not a function or doesn't exist[39m
[2m[22m
[2m    [0m [90m 55 |[39m   [36mfor[39m ([36mconst[39m method [36mof[39m requiredMethods) {[22m
[2m     [90m 56 |[39m     [36mif[39m (store [33m&&[39m [36mtypeof[39m store[method] [33m!==[39m [32m'function'[39m) {[22m
[2m    [31m[1m>[22m[2m[39m[90m 57 |[39m       console[33m.[39mwarn([32m`Store method ${method} is not a function or doesn't exist`[39m)[33m;[39m[22m
[2m     [90m    |[39m               [31m[1m^[22m[2m[39m[22m
[2m     [90m 58 |[39m     }[22m
[2m     [90m 59 |[39m   }[22m
[2m     [90m 60 |[39m }[33m;[39m[0m[22m
[2m[22m
[2m      [2mat [22m[2mnode_modules/@jest/environment-jsdom-abstract/node_modules/jest-mock/build/index.js[2m:305:39[22m[2m[22m
[2m      [2mat ensureStoreMethods ([22m[2mtests/unit/lib/store/enhanced-conversation-memory.store.test.ts[2m:57:15)[22m[2m[22m
[2m      [2mat Object.<anonymous> ([22m[2mtests/unit/lib/store/enhanced-conversation-memory.store.test.ts[2m:82:3)[22m[2m[22m

    [2m[33mconsole.warn[39m[22m
[33m      Store method disableDbSync is not a function or doesn't exist[39m
[2m[22m
[2m    [0m [90m 55 |[39m   [36mfor[39m ([36mconst[39m method [36mof[39m requiredMethods) {[22m
[2m     [90m 56 |[39m     [36mif[39m (store [33m&&[39m [36mtypeof[39m store[method] [33m!==[39m [32m'function'[39m) {[22m
[2m    [31m[1m>[22m[2m[39m[90m 57 |[39m       console[33m.[39mwarn([32m`Store method ${method} is not a function or doesn't exist`[39m)[33m;[39m[22m
[2m     [90m    |[39m               [31m[1m^[22m[2m[39m[22m
[2m     [90m 58 |[39m     }[22m
[2m     [90m 59 |[39m   }[22m
[2m     [90m 60 |[39m }[33m;[39m[0m[22m
[2m[22m
[2m      [2mat [22m[2mnode_modules/@jest/environment-jsdom-abstract/node_modules/jest-mock/build/index.js[2m:305:39[22m[2m[22m
[2m      [2mat ensureStoreMethods ([22m[2mtests/unit/lib/store/enhanced-conversation-memory.store.test.ts[2m:57:15)[22m[2m[22m
[2m      [2mat Object.<anonymous> ([22m[2mtests/unit/lib/store/enhanced-conversation-memory.store.test.ts[2m:82:3)[22m[2m[22m

    [2m[33mconsole.warn[39m[22m
[33m      Store method syncWithDatabase is not a function or doesn't exist[39m
[2m[22m
[2m    [0m [90m 55 |[39m   [36mfor[39m ([36mconst[39m method [36mof[39m requiredMethods) {[22m
[2m     [90m 56 |[39m     [36mif[39m (store [33m&&[39m [36mtypeof[39m store[method] [33m!==[39m [32m'function'[39m) {[22m
[2m    [31m[1m>[22m[2m[39m[90m 57 |[39m       console[33m.[39mwarn([32m`Store method ${method} is not a function or doesn't exist`[39m)[33m;[39m[22m
[2m     [90m    |[39m               [31m[1m^[22m[2m[39m[22m
[2m     [90m 58 |[39m     }[22m
[2m     [90m 59 |[39m   }[22m
[2m     [90m 60 |[39m }[33m;[39m[0m[22m
[2m[22m
[2m      [2mat [22m[2mnode_modules/@jest/environment-jsdom-abstract/node_modules/jest-mock/build/index.js[2m:305:39[22m[2m[22m
[2m      [2mat ensureStoreMethods ([22m[2mtests/unit/lib/store/enhanced-conversation-memory.store.test.ts[2m:57:15)[22m[2m[22m
[2m      [2mat Object.<anonymous> ([22m[2mtests/unit/lib/store/enhanced-conversation-memory.store.test.ts[2m:82:3)[22m[2m[22m

    [2m[33mconsole.warn[39m[22m
[33m      Store method loadFromDatabase is not a function or doesn't exist[39m
[2m[22m
[2m    [0m [90m 55 |[39m   [36mfor[39m ([36mconst[39m method [36mof[39m requiredMethods) {[22m
[2m     [90m 56 |[39m     [36mif[39m (store [33m&&[39m [36mtypeof[39m store[method] [33m!==[39m [32m'function'[39m) {[22m
[2m    [31m[1m>[22m[2m[39m[90m 57 |[39m       console[33m.[39mwarn([32m`Store method ${method} is not a function or doesn't exist`[39m)[33m;[39m[22m
[2m     [90m    |[39m               [31m[1m^[22m[2m[39m[22m
[2m     [90m 58 |[39m     }[22m
[2m     [90m 59 |[39m   }[22m
[2m     [90m 60 |[39m }[33m;[39m[0m[22m
[2m[22m
[2m      [2mat [22m[2mnode_modules/@jest/environment-jsdom-abstract/node_modules/jest-mock/build/index.js[2m:305:39[22m[2m[22m
[2m      [2mat ensureStoreMethods ([22m[2mtests/unit/lib/store/enhanced-conversation-memory.store.test.ts[2m:57:15)[22m[2m[22m
[2m      [2mat Object.<anonymous> ([22m[2mtests/unit/lib/store/enhanced-conversation-memory.store.test.ts[2m:82:3)[22m[2m[22m

    [2m[33mconsole.warn[39m[22m
[33m      Store method createSession is not a function or doesn't exist[39m
[2m[22m
[2m    [0m [90m 55 |[39m   [36mfor[39m ([36mconst[39m method [36mof[39m requiredMethods) {[22m
[2m     [90m 56 |[39m     [36mif[39m (store [33m&&[39m [36mtypeof[39m store[method] [33m!==[39m [32m'function'[39m) {[22m
[2m    [31m[1m>[22m[2m[39m[90m 57 |[39m       console[33m.[39mwarn([32m`Store method ${method} is not a function or doesn't exist`[39m)[33m;[39m[22m
[2m     [90m    |[39m               [31m[1m^[22m[2m[39m[22m
[2m     [90m 58 |[39m     }[22m
[2m     [90m 59 |[39m   }[22m
[2m     [90m 60 |[39m }[33m;[39m[0m[22m
[2m[22m
[2m      [2mat [22m[2mnode_modules/@jest/environment-jsdom-abstract/node_modules/jest-mock/build/index.js[2m:305:39[22m[2m[22m
[2m      [2mat ensureStoreMethods ([22m[2mtests/unit/lib/store/enhanced-conversation-memory.store.test.ts[2m:57:15)[22m[2m[22m
[2m      [2mat Object.<anonymous> ([22m[2mtests/unit/lib/store/enhanced-conversation-memory.store.test.ts[2m:82:3)[22m[2m[22m

    [2m[33mconsole.warn[39m[22m
[33m      Store method addMessage is not a function or doesn't exist[39m
[2m[22m
[2m    [0m [90m 55 |[39m   [36mfor[39m ([36mconst[39m method [36mof[39m requiredMethods) {[22m
[2m     [90m 56 |[39m     [36mif[39m (store [33m&&[39m [36mtypeof[39m store[method] [33m!==[39m [32m'function'[39m) {[22m
[2m    [31m[1m>[22m[2m[39m[90m 57 |[39m       console[33m.[39mwarn([32m`Store method ${method} is not a function or doesn't exist`[39m)[33m;[39m[22m
[2m     [90m    |[39m               [31m[1m^[22m[2m[39m[22m
[2m     [90m 58 |[39m     }[22m
[2m     [90m 59 |[39m   }[22m
[2m     [90m 60 |[39m }[33m;[39m[0m[22m
[2m[22m
[2m      [2mat [22m[2mnode_modules/@jest/environment-jsdom-abstract/node_modules/jest-mock/build/index.js[2m:305:39[22m[2m[22m
[2m      [2mat ensureStoreMethods ([22m[2mtests/unit/lib/store/enhanced-conversation-memory.store.test.ts[2m:57:15)[22m[2m[22m
[2m      [2mat Object.<anonymous> ([22m[2mtests/unit/lib/store/enhanced-conversation-memory.store.test.ts[2m:82:3)[22m[2m[22m

    [2m[33mconsole.warn[39m[22m
[33m      Store method getProcessedMessages is not a function or doesn't exist[39m
[2m[22m
[2m    [0m [90m 55 |[39m   [36mfor[39m ([36mconst[39m method [36mof[39m requiredMethods) {[22m
[2m     [90m 56 |[39m     [36mif[39m (store [33m&&[39m [36mtypeof[39m store[method] [33m!==[39m [32m'function'[39m) {[22m
[2m    [31m[1m>[22m[2m[39m[90m 57 |[39m       console[33m.[39mwarn([32m`Store method ${method} is not a function or doesn't exist`[39m)[33m;[39m[22m
[2m     [90m    |[39m               [31m[1m^[22m[2m[39m[22m
[2m     [90m 58 |[39m     }[22m
[2m     [90m 59 |[39m   }[22m
[2m     [90m 60 |[39m }[33m;[39m[0m[22m
[2m[22m
[2m      [2mat [22m[2mnode_modules/@jest/environment-jsdom-abstract/node_modules/jest-mock/build/index.js[2m:305:39[22m[2m[22m
[2m      [2mat ensureStoreMethods ([22m[2mtests/unit/lib/store/enhanced-conversation-memory.store.test.ts[2m:57:15)[22m[2m[22m
[2m      [2mat Object.<anonymous> ([22m[2mtests/unit/lib/store/enhanced-conversation-memory.store.test.ts[2m:82:3)[22m[2m[22m

    [2m[33mconsole.warn[39m[22m
[33m      Store method getRecentMessages is not a function or doesn't exist[39m
[2m[22m
[2m    [0m [90m 55 |[39m   [36mfor[39m ([36mconst[39m method [36mof[39m requiredMethods) {[22m
[2m     [90m 56 |[39m     [36mif[39m (store [33m&&[39m [36mtypeof[39m store[method] [33m!==[39m [32m'function'[39m) {[22m
[2m    [31m[1m>[22m[2m[39m[90m 57 |[39m       console[33m.[39mwarn([32m`Store method ${method} is not a function or doesn't exist`[39m)[33m;[39m[22m
[2m     [90m    |[39m               [31m[1m^[22m[2m[39m[22m
[2m     [90m 58 |[39m     }[22m
[2m     [90m 59 |[39m   }[22m
[2m     [90m 60 |[39m }[33m;[39m[0m[22m
[2m[22m
[2m      [2mat [22m[2mnode_modules/@jest/environment-jsdom-abstract/node_modules/jest-mock/build/index.js[2m:305:39[22m[2m[22m
[2m      [2mat ensureStoreMethods ([22m[2mtests/unit/lib/store/enhanced-conversation-memory.store.test.ts[2m:57:15)[22m[2m[22m
[2m      [2mat Object.<anonymous> ([22m[2mtests/unit/lib/store/enhanced-conversation-memory.store.test.ts[2m:82:3)[22m[2m[22m

    [2m[33mconsole.warn[39m[22m
[33m      Store method getSessionContext is not a function or doesn't exist[39m
[2m[22m
[2m    [0m [90m 55 |[39m   [36mfor[39m ([36mconst[39m method [36mof[39m requiredMethods) {[22m
[2m     [90m 56 |[39m     [36mif[39m (store [33m&&[39m [36mtypeof[39m store[method] [33m!==[39m [32m'function'[39m) {[22m
[2m    [31m[1m>[22m[2m[39m[90m 57 |[39m       console[33m.[39mwarn([32m`Store method ${method} is not a function or doesn't exist`[39m)[33m;[39m[22m
[2m     [90m    |[39m               [31m[1m^[22m[2m[39m[22m
[2m     [90m 58 |[39m     }[22m
[2m     [90m 59 |[39m   }[22m
[2m     [90m 60 |[39m }[33m;[39m[0m[22m
[2m[22m
[2m      [2mat [22m[2mnode_modules/@jest/environment-jsdom-abstract/node_modules/jest-mock/build/index.js[2m:305:39[22m[2m[22m
[2m      [2mat ensureStoreMethods ([22m[2mtests/unit/lib/store/enhanced-conversation-memory.store.test.ts[2m:57:15)[22m[2m[22m
[2m      [2mat Object.<anonymous> ([22m[2mtests/unit/lib/store/enhanced-conversation-memory.store.test.ts[2m:82:3)[22m[2m[22m

    [2m[33mconsole.warn[39m[22m
[33m      Store method updateMessageMetadata is not a function or doesn't exist[39m
[2m[22m
[2m    [0m [90m 55 |[39m   [36mfor[39m ([36mconst[39m method [36mof[39m requiredMethods) {[22m
[2m     [90m 56 |[39m     [36mif[39m (store [33m&&[39m [36mtypeof[39m store[method] [33m!==[39m [32m'function'[39m) {[22m
[2m    [31m[1m>[22m[2m[39m[90m 57 |[39m       console[33m.[39mwarn([32m`Store method ${method} is not a function or doesn't exist`[39m)[33m;[39m[22m
[2m     [90m    |[39m               [31m[1m^[22m[2m[39m[22m
[2m     [90m 58 |[39m     }[22m
[2m     [90m 59 |[39m   }[22m
[2m     [90m 60 |[39m }[33m;[39m[0m[22m
[2m[22m
[2m      [2mat [22m[2mnode_modules/@jest/environment-jsdom-abstract/node_modules/jest-mock/build/index.js[2m:305:39[22m[2m[22m
[2m      [2mat ensureStoreMethods ([22m[2mtests/unit/lib/store/enhanced-conversation-memory.store.test.ts[2m:57:15)[22m[2m[22m
[2m      [2mat Object.<anonymous> ([22m[2mtests/unit/lib/store/enhanced-conversation-memory.store.test.ts[2m:82:3)[22m[2m[22m

    [2m[33mconsole.warn[39m[22m
[33m      Store method clearSession is not a function or doesn't exist[39m
[2m[22m
[2m    [0m [90m 55 |[39m   [36mfor[39m ([36mconst[39m method [36mof[39m requiredMethods) {[22m
[2m     [90m 56 |[39m     [36mif[39m (store [33m&&[39m [36mtypeof[39m store[method] [33m!==[39m [32m'function'[39m) {[22m
[2m    [31m[1m>[22m[2m[39m[90m 57 |[39m       console[33m.[39mwarn([32m`Store method ${method} is not a function or doesn't exist`[39m)[33m;[39m[22m
[2m     [90m    |[39m               [31m[1m^[22m[2m[39m[22m
[2m     [90m 58 |[39m     }[22m
[2m     [90m 59 |[39m   }[22m
[2m     [90m 60 |[39m }[33m;[39m[0m[22m
[2m[22m
[2m      [2mat [22m[2mnode_modules/@jest/environment-jsdom-abstract/node_modules/jest-mock/build/index.js[2m:305:39[22m[2m[22m
[2m      [2mat ensureStoreMethods ([22m[2mtests/unit/lib/store/enhanced-conversation-memory.store.test.ts[2m:57:15)[22m[2m[22m
[2m      [2mat Object.<anonymous> ([22m[2mtests/unit/lib/store/enhanced-conversation-memory.store.test.ts[2m:82:3)[22m[2m[22m

    [2m[33mconsole.warn[39m[22m
[33m      Store method searchMessages is not a function or doesn't exist[39m
[2m[22m
[2m    [0m [90m 55 |[39m   [36mfor[39m ([36mconst[39m method [36mof[39m requiredMethods) {[22m
[2m     [90m 56 |[39m     [36mif[39m (store [33m&&[39m [36mtypeof[39m store[method] [33m!==[39m [32m'function'[39m) {[22m
[2m    [31m[1m>[22m[2m[39m[90m 57 |[39m       console[33m.[39mwarn([32m`Store method ${method} is not a function or doesn't exist`[39m)[33m;[39m[22m
[2m     [90m    |[39m               [31m[1m^[22m[2m[39m[22m
[2m     [90m 58 |[39m     }[22m
[2m     [90m 59 |[39m   }[22m
[2m     [90m 60 |[39m }[33m;[39m[0m[22m
[2m[22m
[2m      [2mat [22m[2mnode_modules/@jest/environment-jsdom-abstract/node_modules/jest-mock/build/index.js[2m:305:39[22m[2m[22m
[2m      [2mat ensureStoreMethods ([22m[2mtests/unit/lib/store/enhanced-conversation-memory.store.test.ts[2m:57:15)[22m[2m[22m
[2m      [2mat Object.<anonymous> ([22m[2mtests/unit/lib/store/enhanced-conversation-memory.store.test.ts[2m:82:3)[22m[2m[22m

    [2m[33mconsole.warn[39m[22m
[33m      Store method summarizeSession is not a function or doesn't exist[39m
[2m[22m
[2m    [0m [90m 55 |[39m   [36mfor[39m ([36mconst[39m method [36mof[39m requiredMethods) {[22m
[2m     [90m 56 |[39m     [36mif[39m (store [33m&&[39m [36mtypeof[39m store[method] [33m!==[39m [32m'function'[39m) {[22m
[2m    [31m[1m>[22m[2m[39m[90m 57 |[39m       console[33m.[39mwarn([32m`Store method ${method} is not a function or doesn't exist`[39m)[33m;[39m[22m
[2m     [90m    |[39m               [31m[1m^[22m[2m[39m[22m
[2m     [90m 58 |[39m     }[22m
[2m     [90m 59 |[39m   }[22m
[2m     [90m 60 |[39m }[33m;[39m[0m[22m
[2m[22m
[2m      [2mat [22m[2mnode_modules/@jest/environment-jsdom-abstract/node_modules/jest-mock/build/index.js[2m:305:39[22m[2m[22m
[2m      [2mat ensureStoreMethods ([22m[2mtests/unit/lib/store/enhanced-conversation-memory.store.test.ts[2m:57:15)[22m[2m[22m
[2m      [2mat Object.<anonymous> ([22m[2mtests/unit/lib/store/enhanced-conversation-memory.store.test.ts[2m:82:3)[22m[2m[22m

    [2m[33mconsole.warn[39m[22m
[33m      Store method addProcessor is not a function or doesn't exist[39m
[2m[22m
[2m    [0m [90m 55 |[39m   [36mfor[39m ([36mconst[39m method [36mof[39m requiredMethods) {[22m
[2m     [90m 56 |[39m     [36mif[39m (store [33m&&[39m [36mtypeof[39m store[method] [33m!==[39m [32m'function'[39m) {[22m
[2m    [31m[1m>[22m[2m[39m[90m 57 |[39m       console[33m.[39mwarn([32m`Store method ${method} is not a function or doesn't exist`[39m)[33m;[39m[22m
[2m     [90m    |[39m               [31m[1m^[22m[2m[39m[22m
[2m     [90m 58 |[39m     }[22m
[2m     [90m 59 |[39m   }[22m
[2m     [90m 60 |[39m }[33m;[39m[0m[22m
[2m[22m
[2m      [2mat [22m[2mnode_modules/@jest/environment-jsdom-abstract/node_modules/jest-mock/build/index.js[2m:305:39[22m[2m[22m
[2m      [2mat ensureStoreMethods ([22m[2mtests/unit/lib/store/enhanced-conversation-memory.store.test.ts[2m:57:15)[22m[2m[22m
[2m      [2mat Object.<anonymous> ([22m[2mtests/unit/lib/store/enhanced-conversation-memory.store.test.ts[2m:82:3)[22m[2m[22m

    [2m[33mconsole.warn[39m[22m
[33m      Store method removeProcessor is not a function or doesn't exist[39m
[2m[22m
[2m    [0m [90m 55 |[39m   [36mfor[39m ([36mconst[39m method [36mof[39m requiredMethods) {[22m
[2m     [90m 56 |[39m     [36mif[39m (store [33m&&[39m [36mtypeof[39m store[method] [33m!==[39m [32m'function'[39m) {[22m
[2m    [31m[1m>[22m[2m[39m[90m 57 |[39m       console[33m.[39mwarn([32m`Store method ${method} is not a function or doesn't exist`[39m)[33m;[39m[22m
[2m     [90m    |[39m               [31m[1m^[22m[2m[39m[22m
[2m     [90m 58 |[39m     }[22m
[2m     [90m 59 |[39m   }[22m
[2m     [90m 60 |[39m }[33m;[39m[0m[22m
[2m[22m
[2m      [2mat [22m[2mnode_modules/@jest/environment-jsdom-abstract/node_modules/jest-mock/build/index.js[2m:305:39[22m[2m[22m
[2m      [2mat ensureStoreMethods ([22m[2mtests/unit/lib/store/enhanced-conversation-memory.store.test.ts[2m:57:15)[22m[2m[22m
[2m      [2mat Object.<anonymous> ([22m[2mtests/unit/lib/store/enhanced-conversation-memory.store.test.ts[2m:82:3)[22m[2m[22m

    [2m[33mconsole.warn[39m[22m
[33m      Store method setDefaultProcessors is not a function or doesn't exist[39m
[2m[22m
[2m    [0m [90m 55 |[39m   [36mfor[39m ([36mconst[39m method [36mof[39m requiredMethods) {[22m
[2m     [90m 56 |[39m     [36mif[39m (store [33m&&[39m [36mtypeof[39m store[method] [33m!==[39m [32m'function'[39m) {[22m
[2m    [31m[1m>[22m[2m[39m[90m 57 |[39m       console[33m.[39mwarn([32m`Store method ${method} is not a function or doesn't exist`[39m)[33m;[39m[22m
[2m     [90m    |[39m               [31m[1m^[22m[2m[39m[22m
[2m     [90m 58 |[39m     }[22m
[2m     [90m 59 |[39m   }[22m
[2m     [90m 60 |[39m }[33m;[39m[0m[22m
[2m[22m
[2m      [2mat [22m[2mnode_modules/@jest/environment-jsdom-abstract/node_modules/jest-mock/build/index.js[2m:305:39[22m[2m[22m
[2m      [2mat ensureStoreMethods ([22m[2mtests/unit/lib/store/enhanced-conversation-memory.store.test.ts[2m:57:15)[22m[2m[22m
[2m      [2mat Object.<anonymous> ([22m[2mtests/unit/lib/store/enhanced-conversation-memory.store.test.ts[2m:82:3)[22m[2m[22m

    [2m[33mconsole.warn[39m[22m
[33m      Store method getMemoryStats is not a function or doesn't exist[39m
[2m[22m
[2m    [0m [90m 55 |[39m   [36mfor[39m ([36mconst[39m method [36mof[39m requiredMethods) {[22m
[2m     [90m 56 |[39m     [36mif[39m (store [33m&&[39m [36mtypeof[39m store[method] [33m!==[39m [32m'function'[39m) {[22m
[2m    [31m[1m>[22m[2m[39m[90m 57 |[39m       console[33m.[39mwarn([32m`Store method ${method} is not a function or doesn't exist`[39m)[33m;[39m[22m
[2m     [90m    |[39m               [31m[1m^[22m[2m[39m[22m
[2m     [90m 58 |[39m     }[22m
[2m     [90m 59 |[39m   }[22m
[2m     [90m 60 |[39m }[33m;[39m[0m[22m
[2m[22m
[2m      [2mat [22m[2mnode_modules/@jest/environment-jsdom-abstract/node_modules/jest-mock/build/index.js[2m:305:39[22m[2m[22m
[2m      [2mat ensureStoreMethods ([22m[2mtests/unit/lib/store/enhanced-conversation-memory.store.test.ts[2m:57:15)[22m[2m[22m
[2m      [2mat Object.<anonymous> ([22m[2mtests/unit/lib/store/enhanced-conversation-memory.store.test.ts[2m:82:3)[22m[2m[22m

    [2m[33mconsole.warn[39m[22m
[33m      Store method enableDbSync is not a function or doesn't exist[39m
[2m[22m
[2m    [0m [90m 55 |[39m   [36mfor[39m ([36mconst[39m method [36mof[39m requiredMethods) {[22m
[2m     [90m 56 |[39m     [36mif[39m (store [33m&&[39m [36mtypeof[39m store[method] [33m!==[39m [32m'function'[39m) {[22m
[2m    [31m[1m>[22m[2m[39m[90m 57 |[39m       console[33m.[39mwarn([32m`Store method ${method} is not a function or doesn't exist`[39m)[33m;[39m[22m
[2m     [90m    |[39m               [31m[1m^[22m[2m[39m[22m
[2m     [90m 58 |[39m     }[22m
[2m     [90m 59 |[39m   }[22m
[2m     [90m 60 |[39m }[33m;[39m[0m[22m
[2m[22m
[2m      [2mat [22m[2mnode_modules/@jest/environment-jsdom-abstract/node_modules/jest-mock/build/index.js[2m:305:39[22m[2m[22m
[2m      [2mat ensureStoreMethods ([22m[2mtests/unit/lib/store/enhanced-conversation-memory.store.test.ts[2m:57:15)[22m[2m[22m
[2m      [2mat Object.<anonymous> ([22m[2mtests/unit/lib/store/enhanced-conversation-memory.store.test.ts[2m:82:3)[22m[2m[22m

    [2m[33mconsole.warn[39m[22m
[33m      Store method disableDbSync is not a function or doesn't exist[39m
[2m[22m
[2m    [0m [90m 55 |[39m   [36mfor[39m ([36mconst[39m method [36mof[39m requiredMethods) {[22m
[2m     [90m 56 |[39m     [36mif[39m (store [33m&&[39m [36mtypeof[39m store[method] [33m!==[39m [32m'function'[39m) {[22m
[2m    [31m[1m>[22m[2m[39m[90m 57 |[39m       console[33m.[39mwarn([32m`Store method ${method} is not a function or doesn't exist`[39m)[33m;[39m[22m
[2m     [90m    |[39m               [31m[1m^[22m[2m[39m[22m
[2m     [90m 58 |[39m     }[22m
[2m     [90m 59 |[39m   }[22m
[2m     [90m 60 |[39m }[33m;[39m[0m[22m
[2m[22m
[2m      [2mat [22m[2mnode_modules/@jest/environment-jsdom-abstract/node_modules/jest-mock/build/index.js[2m:305:39[22m[2m[22m
[2m      [2mat ensureStoreMethods ([22m[2mtests/unit/lib/store/enhanced-conversation-memory.store.test.ts[2m:57:15)[22m[2m[22m
[2m      [2mat Object.<anonymous> ([22m[2mtests/unit/lib/store/enhanced-conversation-memory.store.test.ts[2m:82:3)[22m[2m[22m

    [2m[33mconsole.warn[39m[22m
[33m      Store method syncWithDatabase is not a function or doesn't exist[39m
[2m[22m
[2m    [0m [90m 55 |[39m   [36mfor[39m ([36mconst[39m method [36mof[39m requiredMethods) {[22m
[2m     [90m 56 |[39m     [36mif[39m (store [33m&&[39m [36mtypeof[39m store[method] [33m!==[39m [32m'function'[39m) {[22m
[2m    [31m[1m>[22m[2m[39m[90m 57 |[39m       console[33m.[39mwarn([32m`Store method ${method} is not a function or doesn't exist`[39m)[33m;[39m[22m
[2m     [90m    |[39m               [31m[1m^[22m[2m[39m[22m
[2m     [90m 58 |[39m     }[22m
[2m     [90m 59 |[39m   }[22m
[2m     [90m 60 |[39m }[33m;[39m[0m[22m
[2m[22m
[2m      [2mat [22m[2mnode_modules/@jest/environment-jsdom-abstract/node_modules/jest-mock/build/index.js[2m:305:39[22m[2m[22m
[2m      [2mat ensureStoreMethods ([22m[2mtests/unit/lib/store/enhanced-conversation-memory.store.test.ts[2m:57:15)[22m[2m[22m
[2m      [2mat Object.<anonymous> ([22m[2mtests/unit/lib/store/enhanced-conversation-memory.store.test.ts[2m:82:3)[22m[2m[22m

    [2m[33mconsole.warn[39m[22m
[33m      Store method loadFromDatabase is not a function or doesn't exist[39m
[2m[22m
[2m    [0m [90m 55 |[39m   [36mfor[39m ([36mconst[39m method [36mof[39m requiredMethods) {[22m
[2m     [90m 56 |[39m     [36mif[39m (store [33m&&[39m [36mtypeof[39m store[method] [33m!==[39m [32m'function'[39m) {[22m
[2m    [31m[1m>[22m[2m[39m[90m 57 |[39m       console[33m.[39mwarn([32m`Store method ${method} is not a function or doesn't exist`[39m)[33m;[39m[22m
[2m     [90m    |[39m               [31m[1m^[22m[2m[39m[22m
[2m     [90m 58 |[39m     }[22m
[2m     [90m 59 |[39m   }[22m
[2m     [90m 60 |[39m }[33m;[39m[0m[22m
[2m[22m
[2m      [2mat [22m[2mnode_modules/@jest/environment-jsdom-abstract/node_modules/jest-mock/build/index.js[2m:305:39[22m[2m[22m
[2m      [2mat ensureStoreMethods ([22m[2mtests/unit/lib/store/enhanced-conversation-memory.store.test.ts[2m:57:15)[22m[2m[22m
[2m      [2mat Object.<anonymous> ([22m[2mtests/unit/lib/store/enhanced-conversation-memory.store.test.ts[2m:82:3)[22m[2m[22m

    [2m[33mconsole.warn[39m[22m
[33m      Store method createSession is not a function or doesn't exist[39m
[2m[22m
[2m    [0m [90m 55 |[39m   [36mfor[39m ([36mconst[39m method [36mof[39m requiredMethods) {[22m
[2m     [90m 56 |[39m     [36mif[39m (store [33m&&[39m [36mtypeof[39m store[method] [33m!==[39m [32m'function'[39m) {[22m
[2m    [31m[1m>[22m[2m[39m[90m 57 |[39m       console[33m.[39mwarn([32m`Store method ${method} is not a function or doesn't exist`[39m)[33m;[39m[22m
[2m     [90m    |[39m               [31m[1m^[22m[2m[39m[22m
[2m     [90m 58 |[39m     }[22m
[2m     [90m 59 |[39m   }[22m
[2m     [90m 60 |[39m }[33m;[39m[0m[22m
[2m[22m
[2m      [2mat [22m[2mnode_modules/@jest/environment-jsdom-abstract/node_modules/jest-mock/build/index.js[2m:305:39[22m[2m[22m
[2m      [2mat ensureStoreMethods ([22m[2mtests/unit/lib/store/enhanced-conversation-memory.store.test.ts[2m:57:15)[22m[2m[22m
[2m      [2mat Object.<anonymous> ([22m[2mtests/unit/lib/store/enhanced-conversation-memory.store.test.ts[2m:82:3)[22m[2m[22m

    [2m[33mconsole.warn[39m[22m
[33m      Store method addMessage is not a function or doesn't exist[39m
[2m[22m
[2m    [0m [90m 55 |[39m   [36mfor[39m ([36mconst[39m method [36mof[39m requiredMethods) {[22m
[2m     [90m 56 |[39m     [36mif[39m (store [33m&&[39m [36mtypeof[39m store[method] [33m!==[39m [32m'function'[39m) {[22m
[2m    [31m[1m>[22m[2m[39m[90m 57 |[39m       console[33m.[39mwarn([32m`Store method ${method} is not a function or doesn't exist`[39m)[33m;[39m[22m
[2m     [90m    |[39m               [31m[1m^[22m[2m[39m[22m
[2m     [90m 58 |[39m     }[22m
[2m     [90m 59 |[39m   }[22m
[2m     [90m 60 |[39m }[33m;[39m[0m[22m
[2m[22m
[2m      [2mat [22m[2mnode_modules/@jest/environment-jsdom-abstract/node_modules/jest-mock/build/index.js[2m:305:39[22m[2m[22m
[2m      [2mat ensureStoreMethods ([22m[2mtests/unit/lib/store/enhanced-conversation-memory.store.test.ts[2m:57:15)[22m[2m[22m
[2m      [2mat Object.<anonymous> ([22m[2mtests/unit/lib/store/enhanced-conversation-memory.store.test.ts[2m:82:3)[22m[2m[22m

    [2m[33mconsole.warn[39m[22m
[33m      Store method getProcessedMessages is not a function or doesn't exist[39m
[2m[22m
[2m    [0m [90m 55 |[39m   [36mfor[39m ([36mconst[39m method [36mof[39m requiredMethods) {[22m
[2m     [90m 56 |[39m     [36mif[39m (store [33m&&[39m [36mtypeof[39m store[method] [33m!==[39m [32m'function'[39m) {[22m
[2m    [31m[1m>[22m[2m[39m[90m 57 |[39m       console[33m.[39mwarn([32m`Store method ${method} is not a function or doesn't exist`[39m)[33m;[39m[22m
[2m     [90m    |[39m               [31m[1m^[22m[2m[39m[22m
[2m     [90m 58 |[39m     }[22m
[2m     [90m 59 |[39m   }[22m
[2m     [90m 60 |[39m }[33m;[39m[0m[22m
[2m[22m
[2m      [2mat [22m[2mnode_modules/@jest/environment-jsdom-abstract/node_modules/jest-mock/build/index.js[2m:305:39[22m[2m[22m
[2m      [2mat ensureStoreMethods ([22m[2mtests/unit/lib/store/enhanced-conversation-memory.store.test.ts[2m:57:15)[22m[2m[22m
[2m      [2mat Object.<anonymous> ([22m[2mtests/unit/lib/store/enhanced-conversation-memory.store.test.ts[2m:82:3)[22m[2m[22m

    [2m[33mconsole.warn[39m[22m
[33m      Store method getRecentMessages is not a function or doesn't exist[39m
[2m[22m
[2m    [0m [90m 55 |[39m   [36mfor[39m ([36mconst[39m method [36mof[39m requiredMethods) {[22m
[2m     [90m 56 |[39m     [36mif[39m (store [33m&&[39m [36mtypeof[39m store[method] [33m!==[39m [32m'function'[39m) {[22m
[2m    [31m[1m>[22m[2m[39m[90m 57 |[39m       console[33m.[39mwarn([32m`Store method ${method} is not a function or doesn't exist`[39m)[33m;[39m[22m
[2m     [90m    |[39m               [31m[1m^[22m[2m[39m[22m
[2m     [90m 58 |[39m     }[22m
[2m     [90m 59 |[39m   }[22m
[2m     [90m 60 |[39m }[33m;[39m[0m[22m
[2m[22m
[2m      [2mat [22m[2mnode_modules/@jest/environment-jsdom-abstract/node_modules/jest-mock/build/index.js[2m:305:39[22m[2m[22m
[2m      [2mat ensureStoreMethods ([22m[2mtests/unit/lib/store/enhanced-conversation-memory.store.test.ts[2m:57:15)[22m[2m[22m
[2m      [2mat Object.<anonymous> ([22m[2mtests/unit/lib/store/enhanced-conversation-memory.store.test.ts[2m:82:3)[22m[2m[22m

    [2m[33mconsole.warn[39m[22m
[33m      Store method getSessionContext is not a function or doesn't exist[39m
[2m[22m
[2m    [0m [90m 55 |[39m   [36mfor[39m ([36mconst[39m method [36mof[39m requiredMethods) {[22m
[2m     [90m 56 |[39m     [36mif[39m (store [33m&&[39m [36mtypeof[39m store[method] [33m!==[39m [32m'function'[39m) {[22m
[2m    [31m[1m>[22m[2m[39m[90m 57 |[39m       console[33m.[39mwarn([32m`Store method ${method} is not a function or doesn't exist`[39m)[33m;[39m[22m
[2m     [90m    |[39m               [31m[1m^[22m[2m[39m[22m
[2m     [90m 58 |[39m     }[22m
[2m     [90m 59 |[39m   }[22m
[2m     [90m 60 |[39m }[33m;[39m[0m[22m
[2m[22m
[2m      [2mat [22m[2mnode_modules/@jest/environment-jsdom-abstract/node_modules/jest-mock/build/index.js[2m:305:39[22m[2m[22m
[2m      [2mat ensureStoreMethods ([22m[2mtests/unit/lib/store/enhanced-conversation-memory.store.test.ts[2m:57:15)[22m[2m[22m
[2m      [2mat Object.<anonymous> ([22m[2mtests/unit/lib/store/enhanced-conversation-memory.store.test.ts[2m:82:3)[22m[2m[22m

    [2m[33mconsole.warn[39m[22m
[33m      Store method updateMessageMetadata is not a function or doesn't exist[39m
[2m[22m
[2m    [0m [90m 55 |[39m   [36mfor[39m ([36mconst[39m method [36mof[39m requiredMethods) {[22m
[2m     [90m 56 |[39m     [36mif[39m (store [33m&&[39m [36mtypeof[39m store[method] [33m!==[39m [32m'function'[39m) {[22m
[2m    [31m[1m>[22m[2m[39m[90m 57 |[39m       console[33m.[39mwarn([32m`Store method ${method} is not a function or doesn't exist`[39m)[33m;[39m[22m
[2m     [90m    |[39m               [31m[1m^[22m[2m[39m[22m
[2m     [90m 58 |[39m     }[22m
[2m     [90m 59 |[39m   }[22m
[2m     [90m 60 |[39m }[33m;[39m[0m[22m
[2m[22m
[2m      [2mat [22m[2mnode_modules/@jest/environment-jsdom-abstract/node_modules/jest-mock/build/index.js[2m:305:39[22m[2m[22m
[2m      [2mat ensureStoreMethods ([22m[2mtests/unit/lib/store/enhanced-conversation-memory.store.test.ts[2m:57:15)[22m[2m[22m
[2m      [2mat Object.<anonymous> ([22m[2mtests/unit/lib/store/enhanced-conversation-memory.store.test.ts[2m:82:3)[22m[2m[22m

    [2m[33mconsole.warn[39m[22m
[33m      Store method clearSession is not a function or doesn't exist[39m
[2m[22m
[2m    [0m [90m 55 |[39m   [36mfor[39m ([36mconst[39m method [36mof[39m requiredMethods) {[22m
[2m     [90m 56 |[39m     [36mif[39m (store [33m&&[39m [36mtypeof[39m store[method] [33m!==[39m [32m'function'[39m) {[22m
[2m    [31m[1m>[22m[2m[39m[90m 57 |[39m       console[33m.[39mwarn([32m`Store method ${method} is not a function or doesn't exist`[39m)[33m;[39m[22m
[2m     [90m    |[39m               [31m[1m^[22m[2m[39m[22m
[2m     [90m 58 |[39m     }[22m
[2m     [90m 59 |[39m   }[22m
[2m     [90m 60 |[39m }[33m;[39m[0m[22m
[2m[22m
[2m      [2mat [22m[2mnode_modules/@jest/environment-jsdom-abstract/node_modules/jest-mock/build/index.js[2m:305:39[22m[2m[22m
[2m      [2mat ensureStoreMethods ([22m[2mtests/unit/lib/store/enhanced-conversation-memory.store.test.ts[2m:57:15)[22m[2m[22m
[2m      [2mat Object.<anonymous> ([22m[2mtests/unit/lib/store/enhanced-conversation-memory.store.test.ts[2m:82:3)[22m[2m[22m

    [2m[33mconsole.warn[39m[22m
[33m      Store method searchMessages is not a function or doesn't exist[39m
[2m[22m
[2m    [0m [90m 55 |[39m   [36mfor[39m ([36mconst[39m method [36mof[39m requiredMethods) {[22m
[2m     [90m 56 |[39m     [36mif[39m (store [33m&&[39m [36mtypeof[39m store[method] [33m!==[39m [32m'function'[39m) {[22m
[2m    [31m[1m>[22m[2m[39m[90m 57 |[39m       console[33m.[39mwarn([32m`Store method ${method} is not a function or doesn't exist`[39m)[33m;[39m[22m
[2m     [90m    |[39m               [31m[1m^[22m[2m[39m[22m
[2m     [90m 58 |[39m     }[22m
[2m     [90m 59 |[39m   }[22m
[2m     [90m 60 |[39m }[33m;[39m[0m[22m
[2m[22m
[2m      [2mat [22m[2mnode_modules/@jest/environment-jsdom-abstract/node_modules/jest-mock/build/index.js[2m:305:39[22m[2m[22m
[2m      [2mat ensureStoreMethods ([22m[2mtests/unit/lib/store/enhanced-conversation-memory.store.test.ts[2m:57:15)[22m[2m[22m
[2m      [2mat Object.<anonymous> ([22m[2mtests/unit/lib/store/enhanced-conversation-memory.store.test.ts[2m:82:3)[22m[2m[22m

    [2m[33mconsole.warn[39m[22m
[33m      Store method summarizeSession is not a function or doesn't exist[39m
[2m[22m
[2m    [0m [90m 55 |[39m   [36mfor[39m ([36mconst[39m method [36mof[39m requiredMethods) {[22m
[2m     [90m 56 |[39m     [36mif[39m (store [33m&&[39m [36mtypeof[39m store[method] [33m!==[39m [32m'function'[39m) {[22m
[2m    [31m[1m>[22m[2m[39m[90m 57 |[39m       console[33m.[39mwarn([32m`Store method ${method} is not a function or doesn't exist`[39m)[33m;[39m[22m
[2m     [90m    |[39m               [31m[1m^[22m[2m[39m[22m
[2m     [90m 58 |[39m     }[22m
[2m     [90m 59 |[39m   }[22m
[2m     [90m 60 |[39m }[33m;[39m[0m[22m
[2m[22m
[2m      [2mat [22m[2mnode_modules/@jest/environment-jsdom-abstract/node_modules/jest-mock/build/index.js[2m:305:39[22m[2m[22m
[2m      [2mat ensureStoreMethods ([22m[2mtests/unit/lib/store/enhanced-conversation-memory.store.test.ts[2m:57:15)[22m[2m[22m
[2m      [2mat Object.<anonymous> ([22m[2mtests/unit/lib/store/enhanced-conversation-memory.store.test.ts[2m:82:3)[22m[2m[22m

    [2m[33mconsole.warn[39m[22m
[33m      Store method addProcessor is not a function or doesn't exist[39m
[2m[22m
[2m    [0m [90m 55 |[39m   [36mfor[39m ([36mconst[39m method [36mof[39m requiredMethods) {[22m
[2m     [90m 56 |[39m     [36mif[39m (store [33m&&[39m [36mtypeof[39m store[method] [33m!==[39m [32m'function'[39m) {[22m
[2m    [31m[1m>[22m[2m[39m[90m 57 |[39m       console[33m.[39mwarn([32m`Store method ${method} is not a function or doesn't exist`[39m)[33m;[39m[22m
[2m     [90m    |[39m               [31m[1m^[22m[2m[39m[22m
[2m     [90m 58 |[39m     }[22m
[2m     [90m 59 |[39m   }[22m
[2m     [90m 60 |[39m }[33m;[39m[0m[22m
[2m[22m
[2m      [2mat [22m[2mnode_modules/@jest/environment-jsdom-abstract/node_modules/jest-mock/build/index.js[2m:305:39[22m[2m[22m
[2m      [2mat ensureStoreMethods ([22m[2mtests/unit/lib/store/enhanced-conversation-memory.store.test.ts[2m:57:15)[22m[2m[22m
[2m      [2mat Object.<anonymous> ([22m[2mtests/unit/lib/store/enhanced-conversation-memory.store.test.ts[2m:82:3)[22m[2m[22m

    [2m[33mconsole.warn[39m[22m
[33m      Store method removeProcessor is not a function or doesn't exist[39m
[2m[22m
[2m    [0m [90m 55 |[39m   [36mfor[39m ([36mconst[39m method [36mof[39m requiredMethods) {[22m
[2m     [90m 56 |[39m     [36mif[39m (store [33m&&[39m [36mtypeof[39m store[method] [33m!==[39m [32m'function'[39m) {[22m
[2m    [31m[1m>[22m[2m[39m[90m 57 |[39m       console[33m.[39mwarn([32m`Store method ${method} is not a function or doesn't exist`[39m)[33m;[39m[22m
[2m     [90m    |[39m               [31m[1m^[22m[2m[39m[22m
[2m     [90m 58 |[39m     }[22m
[2m     [90m 59 |[39m   }[22m
[2m     [90m 60 |[39m }[33m;[39m[0m[22m
[2m[22m
[2m      [2mat [22m[2mnode_modules/@jest/environment-jsdom-abstract/node_modules/jest-mock/build/index.js[2m:305:39[22m[2m[22m
[2m      [2mat ensureStoreMethods ([22m[2mtests/unit/lib/store/enhanced-conversation-memory.store.test.ts[2m:57:15)[22m[2m[22m
[2m      [2mat Object.<anonymous> ([22m[2mtests/unit/lib/store/enhanced-conversation-memory.store.test.ts[2m:82:3)[22m[2m[22m

    [2m[33mconsole.warn[39m[22m
[33m      Store method setDefaultProcessors is not a function or doesn't exist[39m
[2m[22m
[2m    [0m [90m 55 |[39m   [36mfor[39m ([36mconst[39m method [36mof[39m requiredMethods) {[22m
[2m     [90m 56 |[39m     [36mif[39m (store [33m&&[39m [36mtypeof[39m store[method] [33m!==[39m [32m'function'[39m) {[22m
[2m    [31m[1m>[22m[2m[39m[90m 57 |[39m       console[33m.[39mwarn([32m`Store method ${method} is not a function or doesn't exist`[39m)[33m;[39m[22m
[2m     [90m    |[39m               [31m[1m^[22m[2m[39m[22m
[2m     [90m 58 |[39m     }[22m
[2m     [90m 59 |[39m   }[22m
[2m     [90m 60 |[39m }[33m;[39m[0m[22m
[2m[22m
[2m      [2mat [22m[2mnode_modules/@jest/environment-jsdom-abstract/node_modules/jest-mock/build/index.js[2m:305:39[22m[2m[22m
[2m      [2mat ensureStoreMethods ([22m[2mtests/unit/lib/store/enhanced-conversation-memory.store.test.ts[2m:57:15)[22m[2m[22m
[2m      [2mat Object.<anonymous> ([22m[2mtests/unit/lib/store/enhanced-conversation-memory.store.test.ts[2m:82:3)[22m[2m[22m

    [2m[33mconsole.warn[39m[22m
[33m      Store method getMemoryStats is not a function or doesn't exist[39m
[2m[22m
[2m    [0m [90m 55 |[39m   [36mfor[39m ([36mconst[39m method [36mof[39m requiredMethods) {[22m
[2m     [90m 56 |[39m     [36mif[39m (store [33m&&[39m [36mtypeof[39m store[method] [33m!==[39m [32m'function'[39m) {[22m
[2m    [31m[1m>[22m[2m[39m[90m 57 |[39m       console[33m.[39mwarn([32m`Store method ${method} is not a function or doesn't exist`[39m)[33m;[39m[22m
[2m     [90m    |[39m               [31m[1m^[22m[2m[39m[22m
[2m     [90m 58 |[39m     }[22m
[2m     [90m 59 |[39m   }[22m
[2m     [90m 60 |[39m }[33m;[39m[0m[22m
[2m[22m
[2m      [2mat [22m[2mnode_modules/@jest/environment-jsdom-abstract/node_modules/jest-mock/build/index.js[2m:305:39[22m[2m[22m
[2m      [2mat ensureStoreMethods ([22m[2mtests/unit/lib/store/enhanced-conversation-memory.store.test.ts[2m:57:15)[22m[2m[22m
[2m      [2mat Object.<anonymous> ([22m[2mtests/unit/lib/store/enhanced-conversation-memory.store.test.ts[2m:82:3)[22m[2m[22m

    [2m[33mconsole.warn[39m[22m
[33m      Store method enableDbSync is not a function or doesn't exist[39m
[2m[22m
[2m    [0m [90m 55 |[39m   [36mfor[39m ([36mconst[39m method [36mof[39m requiredMethods) {[22m
[2m     [90m 56 |[39m     [36mif[39m (store [33m&&[39m [36mtypeof[39m store[method] [33m!==[39m [32m'function'[39m) {[22m
[2m    [31m[1m>[22m[2m[39m[90m 57 |[39m       console[33m.[39mwarn([32m`Store method ${method} is not a function or doesn't exist`[39m)[33m;[39m[22m
[2m     [90m    |[39m               [31m[1m^[22m[2m[39m[22m
[2m     [90m 58 |[39m     }[22m
[2m     [90m 59 |[39m   }[22m
[2m     [90m 60 |[39m }[33m;[39m[0m[22m
[2m[22m
[2m      [2mat [22m[2mnode_modules/@jest/environment-jsdom-abstract/node_modules/jest-mock/build/index.js[2m:305:39[22m[2m[22m
[2m      [2mat ensureStoreMethods ([22m[2mtests/unit/lib/store/enhanced-conversation-memory.store.test.ts[2m:57:15)[22m[2m[22m
[2m      [2mat Object.<anonymous> ([22m[2mtests/unit/lib/store/enhanced-conversation-memory.store.test.ts[2m:82:3)[22m[2m[22m

    [2m[33mconsole.warn[39m[22m
[33m      Store method disableDbSync is not a function or doesn't exist[39m
[2m[22m
[2m    [0m [90m 55 |[39m   [36mfor[39m ([36mconst[39m method [36mof[39m requiredMethods) {[22m
[2m     [90m 56 |[39m     [36mif[39m (store [33m&&[39m [36mtypeof[39m store[method] [33m!==[39m [32m'function'[39m) {[22m
[2m    [31m[1m>[22m[2m[39m[90m 57 |[39m       console[33m.[39mwarn([32m`Store method ${method} is not a function or doesn't exist`[39m)[33m;[39m[22m
[2m     [90m    |[39m               [31m[1m^[22m[2m[39m[22m
[2m     [90m 58 |[39m     }[22m
[2m     [90m 59 |[39m   }[22m
[2m     [90m 60 |[39m }[33m;[39m[0m[22m
[2m[22m
[2m      [2mat [22m[2mnode_modules/@jest/environment-jsdom-abstract/node_modules/jest-mock/build/index.js[2m:305:39[22m[2m[22m
[2m      [2mat ensureStoreMethods ([22m[2mtests/unit/lib/store/enhanced-conversation-memory.store.test.ts[2m:57:15)[22m[2m[22m
[2m      [2mat Object.<anonymous> ([22m[2mtests/unit/lib/store/enhanced-conversation-memory.store.test.ts[2m:82:3)[22m[2m[22m

    [2m[33mconsole.warn[39m[22m
[33m      Store method syncWithDatabase is not a function or doesn't exist[39m
[2m[22m
[2m    [0m [90m 55 |[39m   [36mfor[39m ([36mconst[39m method [36mof[39m requiredMethods) {[22m
[2m     [90m 56 |[39m     [36mif[39m (store [33m&&[39m [36mtypeof[39m store[method] [33m!==[39m [32m'function'[39m) {[22m
[2m    [31m[1m>[22m[2m[39m[90m 57 |[39m       console[33m.[39mwarn([32m`Store method ${method} is not a function or doesn't exist`[39m)[33m;[39m[22m
[2m     [90m    |[39m               [31m[1m^[22m[2m[39m[22m
[2m     [90m 58 |[39m     }[22m
[2m     [90m 59 |[39m   }[22m
[2m     [90m 60 |[39m }[33m;[39m[0m[22m
[2m[22m
[2m      [2mat [22m[2mnode_modules/@jest/environment-jsdom-abstract/node_modules/jest-mock/build/index.js[2m:305:39[22m[2m[22m
[2m      [2mat ensureStoreMethods ([22m[2mtests/unit/lib/store/enhanced-conversation-memory.store.test.ts[2m:57:15)[22m[2m[22m
[2m      [2mat Object.<anonymous> ([22m[2mtests/unit/lib/store/enhanced-conversation-memory.store.test.ts[2m:82:3)[22m[2m[22m

    [2m[33mconsole.warn[39m[22m
[33m      Store method loadFromDatabase is not a function or doesn't exist[39m
[2m[22m
[2m    [0m [90m 55 |[39m   [36mfor[39m ([36mconst[39m method [36mof[39m requiredMethods) {[22m
[2m     [90m 56 |[39m     [36mif[39m (store [33m&&[39m [36mtypeof[39m store[method] [33m!==[39m [32m'function'[39m) {[22m
[2m    [31m[1m>[22m[2m[39m[90m 57 |[39m       console[33m.[39mwarn([32m`Store method ${method} is not a function or doesn't exist`[39m)[33m;[39m[22m
[2m     [90m    |[39m               [31m[1m^[22m[2m[39m[22m
[2m     [90m 58 |[39m     }[22m
[2m     [90m 59 |[39m   }[22m
[2m     [90m 60 |[39m }[33m;[39m[0m[22m
[2m[22m
[2m      [2mat [22m[2mnode_modules/@jest/environment-jsdom-abstract/node_modules/jest-mock/build/index.js[2m:305:39[22m[2m[22m
[2m      [2mat ensureStoreMethods ([22m[2mtests/unit/lib/store/enhanced-conversation-memory.store.test.ts[2m:57:15)[22m[2m[22m
[2m      [2mat Object.<anonymous> ([22m[2mtests/unit/lib/store/enhanced-conversation-memory.store.test.ts[2m:82:3)[22m[2m[22m

    [2m[33mconsole.warn[39m[22m
[33m      Store method createSession is not a function or doesn't exist[39m
[2m[22m
[2m    [0m [90m 55 |[39m   [36mfor[39m ([36mconst[39m method [36mof[39m requiredMethods) {[22m
[2m     [90m 56 |[39m     [36mif[39m (store [33m&&[39m [36mtypeof[39m store[method] [33m!==[39m [32m'function'[39m) {[22m
[2m    [31m[1m>[22m[2m[39m[90m 57 |[39m       console[33m.[39mwarn([32m`Store method ${method} is not a function or doesn't exist`[39m)[33m;[39m[22m
[2m     [90m    |[39m               [31m[1m^[22m[2m[39m[22m
[2m     [90m 58 |[39m     }[22m
[2m     [90m 59 |[39m   }[22m
[2m     [90m 60 |[39m }[33m;[39m[0m[22m
[2m[22m
[2m      [2mat [22m[2mnode_modules/@jest/environment-jsdom-abstract/node_modules/jest-mock/build/index.js[2m:305:39[22m[2m[22m
[2m      [2mat ensureStoreMethods ([22m[2mtests/unit/lib/store/enhanced-conversation-memory.store.test.ts[2m:57:15)[22m[2m[22m
[2m      [2mat Object.<anonymous> ([22m[2mtests/unit/lib/store/enhanced-conversation-memory.store.test.ts[2m:82:3)[22m[2m[22m

    [2m[33mconsole.warn[39m[22m
[33m      Store method addMessage is not a function or doesn't exist[39m
[2m[22m
[2m    [0m [90m 55 |[39m   [36mfor[39m ([36mconst[39m method [36mof[39m requiredMethods) {[22m
[2m     [90m 56 |[39m     [36mif[39m (store [33m&&[39m [36mtypeof[39m store[method] [33m!==[39m [32m'function'[39m) {[22m
[2m    [31m[1m>[22m[2m[39m[90m 57 |[39m       console[33m.[39mwarn([32m`Store method ${method} is not a function or doesn't exist`[39m)[33m;[39m[22m
[2m     [90m    |[39m               [31m[1m^[22m[2m[39m[22m
[2m     [90m 58 |[39m     }[22m
[2m     [90m 59 |[39m   }[22m
[2m     [90m 60 |[39m }[33m;[39m[0m[22m
[2m[22m
[2m      [2mat [22m[2mnode_modules/@jest/environment-jsdom-abstract/node_modules/jest-mock/build/index.js[2m:305:39[22m[2m[22m
[2m      [2mat ensureStoreMethods ([22m[2mtests/unit/lib/store/enhanced-conversation-memory.store.test.ts[2m:57:15)[22m[2m[22m
[2m      [2mat Object.<anonymous> ([22m[2mtests/unit/lib/store/enhanced-conversation-memory.store.test.ts[2m:82:3)[22m[2m[22m

    [2m[33mconsole.warn[39m[22m
[33m      Store method getProcessedMessages is not a function or doesn't exist[39m
[2m[22m
[2m    [0m [90m 55 |[39m   [36mfor[39m ([36mconst[39m method [36mof[39m requiredMethods) {[22m
[2m     [90m 56 |[39m     [36mif[39m (store [33m&&[39m [36mtypeof[39m store[method] [33m!==[39m [32m'function'[39m) {[22m
[2m    [31m[1m>[22m[2m[39m[90m 57 |[39m       console[33m.[39mwarn([32m`Store method ${method} is not a function or doesn't exist`[39m)[33m;[39m[22m
[2m     [90m    |[39m               [31m[1m^[22m[2m[39m[22m
[2m     [90m 58 |[39m     }[22m
[2m     [90m 59 |[39m   }[22m
[2m     [90m 60 |[39m }[33m;[39m[0m[22m
[2m[22m
[2m      [2mat [22m[2mnode_modules/@jest/environment-jsdom-abstract/node_modules/jest-mock/build/index.js[2m:305:39[22m[2m[22m
[2m      [2mat ensureStoreMethods ([22m[2mtests/unit/lib/store/enhanced-conversation-memory.store.test.ts[2m:57:15)[22m[2m[22m
[2m      [2mat Object.<anonymous> ([22m[2mtests/unit/lib/store/enhanced-conversation-memory.store.test.ts[2m:82:3)[22m[2m[22m

    [2m[33mconsole.warn[39m[22m
[33m      Store method getRecentMessages is not a function or doesn't exist[39m
[2m[22m
[2m    [0m [90m 55 |[39m   [36mfor[39m ([36mconst[39m method [36mof[39m requiredMethods) {[22m
[2m     [90m 56 |[39m     [36mif[39m (store [33m&&[39m [36mtypeof[39m store[method] [33m!==[39m [32m'function'[39m) {[22m
[2m    [31m[1m>[22m[2m[39m[90m 57 |[39m       console[33m.[39mwarn([32m`Store method ${method} is not a function or doesn't exist`[39m)[33m;[39m[22m
[2m     [90m    |[39m               [31m[1m^[22m[2m[39m[22m
[2m     [90m 58 |[39m     }[22m
[2m     [90m 59 |[39m   }[22m
[2m     [90m 60 |[39m }[33m;[39m[0m[22m
[2m[22m
[2m      [2mat [22m[2mnode_modules/@jest/environment-jsdom-abstract/node_modules/jest-mock/build/index.js[2m:305:39[22m[2m[22m
[2m      [2mat ensureStoreMethods ([22m[2mtests/unit/lib/store/enhanced-conversation-memory.store.test.ts[2m:57:15)[22m[2m[22m
[2m      [2mat Object.<anonymous> ([22m[2mtests/unit/lib/store/enhanced-conversation-memory.store.test.ts[2m:82:3)[22m[2m[22m

    [2m[33mconsole.warn[39m[22m
[33m      Store method getSessionContext is not a function or doesn't exist[39m
[2m[22m
[2m    [0m [90m 55 |[39m   [36mfor[39m ([36mconst[39m method [36mof[39m requiredMethods) {[22m
[2m     [90m 56 |[39m     [36mif[39m (store [33m&&[39m [36mtypeof[39m store[method] [33m!==[39m [32m'function'[39m) {[22m
[2m    [31m[1m>[22m[2m[39m[90m 57 |[39m       console[33m.[39mwarn([32m`Store method ${method} is not a function or doesn't exist`[39m)[33m;[39m[22m
[2m     [90m    |[39m               [31m[1m^[22m[2m[39m[22m
[2m     [90m 58 |[39m     }[22m
[2m     [90m 59 |[39m   }[22m
[2m     [90m 60 |[39m }[33m;[39m[0m[22m
[2m[22m
[2m      [2mat [22m[2mnode_modules/@jest/environment-jsdom-abstract/node_modules/jest-mock/build/index.js[2m:305:39[22m[2m[22m
[2m      [2mat ensureStoreMethods ([22m[2mtests/unit/lib/store/enhanced-conversation-memory.store.test.ts[2m:57:15)[22m[2m[22m
[2m      [2mat Object.<anonymous> ([22m[2mtests/unit/lib/store/enhanced-conversation-memory.store.test.ts[2m:82:3)[22m[2m[22m

    [2m[33mconsole.warn[39m[22m
[33m      Store method updateMessageMetadata is not a function or doesn't exist[39m
[2m[22m
[2m    [0m [90m 55 |[39m   [36mfor[39m ([36mconst[39m method [36mof[39m requiredMethods) {[22m
[2m     [90m 56 |[39m     [36mif[39m (store [33m&&[39m [36mtypeof[39m store[method] [33m!==[39m [32m'function'[39m) {[22m
[2m    [31m[1m>[22m[2m[39m[90m 57 |[39m       console[33m.[39mwarn([32m`Store method ${method} is not a function or doesn't exist`[39m)[33m;[39m[22m
[2m     [90m    |[39m               [31m[1m^[22m[2m[39m[22m
[2m     [90m 58 |[39m     }[22m
[2m     [90m 59 |[39m   }[22m
[2m     [90m 60 |[39m }[33m;[39m[0m[22m
[2m[22m
[2m      [2mat [22m[2mnode_modules/@jest/environment-jsdom-abstract/node_modules/jest-mock/build/index.js[2m:305:39[22m[2m[22m
[2m      [2mat ensureStoreMethods ([22m[2mtests/unit/lib/store/enhanced-conversation-memory.store.test.ts[2m:57:15)[22m[2m[22m
[2m      [2mat Object.<anonymous> ([22m[2mtests/unit/lib/store/enhanced-conversation-memory.store.test.ts[2m:82:3)[22m[2m[22m

    [2m[33mconsole.warn[39m[22m
[33m      Store method clearSession is not a function or doesn't exist[39m
[2m[22m
[2m    [0m [90m 55 |[39m   [36mfor[39m ([36mconst[39m method [36mof[39m requiredMethods) {[22m
[2m     [90m 56 |[39m     [36mif[39m (store [33m&&[39m [36mtypeof[39m store[method] [33m!==[39m [32m'function'[39m) {[22m
[2m    [31m[1m>[22m[2m[39m[90m 57 |[39m       console[33m.[39mwarn([32m`Store method ${method} is not a function or doesn't exist`[39m)[33m;[39m[22m
[2m     [90m    |[39m               [31m[1m^[22m[2m[39m[22m
[2m     [90m 58 |[39m     }[22m
[2m     [90m 59 |[39m   }[22m
[2m     [90m 60 |[39m }[33m;[39m[0m[22m
[2m[22m
[2m      [2mat [22m[2mnode_modules/@jest/environment-jsdom-abstract/node_modules/jest-mock/build/index.js[2m:305:39[22m[2m[22m
[2m      [2mat ensureStoreMethods ([22m[2mtests/unit/lib/store/enhanced-conversation-memory.store.test.ts[2m:57:15)[22m[2m[22m
[2m      [2mat Object.<anonymous> ([22m[2mtests/unit/lib/store/enhanced-conversation-memory.store.test.ts[2m:82:3)[22m[2m[22m

    [2m[33mconsole.warn[39m[22m
[33m      Store method searchMessages is not a function or doesn't exist[39m
[2m[22m
[2m    [0m [90m 55 |[39m   [36mfor[39m ([36mconst[39m method [36mof[39m requiredMethods) {[22m
[2m     [90m 56 |[39m     [36mif[39m (store [33m&&[39m [36mtypeof[39m store[method] [33m!==[39m [32m'function'[39m) {[22m
[2m    [31m[1m>[22m[2m[39m[90m 57 |[39m       console[33m.[39mwarn([32m`Store method ${method} is not a function or doesn't exist`[39m)[33m;[39m[22m
[2m     [90m    |[39m               [31m[1m^[22m[2m[39m[22m
[2m     [90m 58 |[39m     }[22m
[2m     [90m 59 |[39m   }[22m
[2m     [90m 60 |[39m }[33m;[39m[0m[22m
[2m[22m
[2m      [2mat [22m[2mnode_modules/@jest/environment-jsdom-abstract/node_modules/jest-mock/build/index.js[2m:305:39[22m[2m[22m
[2m      [2mat ensureStoreMethods ([22m[2mtests/unit/lib/store/enhanced-conversation-memory.store.test.ts[2m:57:15)[22m[2m[22m
[2m      [2mat Object.<anonymous> ([22m[2mtests/unit/lib/store/enhanced-conversation-memory.store.test.ts[2m:82:3)[22m[2m[22m

    [2m[33mconsole.warn[39m[22m
[33m      Store method summarizeSession is not a function or doesn't exist[39m
[2m[22m
[2m    [0m [90m 55 |[39m   [36mfor[39m ([36mconst[39m method [36mof[39m requiredMethods) {[22m
[2m     [90m 56 |[39m     [36mif[39m (store [33m&&[39m [36mtypeof[39m store[method] [33m!==[39m [32m'function'[39m) {[22m
[2m    [31m[1m>[22m[2m[39m[90m 57 |[39m       console[33m.[39mwarn([32m`Store method ${method} is not a function or doesn't exist`[39m)[33m;[39m[22m
[2m     [90m    |[39m               [31m[1m^[22m[2m[39m[22m
[2m     [90m 58 |[39m     }[22m
[2m     [90m 59 |[39m   }[22m
[2m     [90m 60 |[39m }[33m;[39m[0m[22m
[2m[22m
[2m      [2mat [22m[2mnode_modules/@jest/environment-jsdom-abstract/node_modules/jest-mock/build/index.js[2m:305:39[22m[2m[22m
[2m      [2mat ensureStoreMethods ([22m[2mtests/unit/lib/store/enhanced-conversation-memory.store.test.ts[2m:57:15)[22m[2m[22m
[2m      [2mat Object.<anonymous> ([22m[2mtests/unit/lib/store/enhanced-conversation-memory.store.test.ts[2m:82:3)[22m[2m[22m

    [2m[33mconsole.warn[39m[22m
[33m      Store method addProcessor is not a function or doesn't exist[39m
[2m[22m
[2m    [0m [90m 55 |[39m   [36mfor[39m ([36mconst[39m method [36mof[39m requiredMethods) {[22m
[2m     [90m 56 |[39m     [36mif[39m (store [33m&&[39m [36mtypeof[39m store[method] [33m!==[39m [32m'function'[39m) {[22m
[2m    [31m[1m>[22m[2m[39m[90m 57 |[39m       console[33m.[39mwarn([32m`Store method ${method} is not a function or doesn't exist`[39m)[33m;[39m[22m
[2m     [90m    |[39m               [31m[1m^[22m[2m[39m[22m
[2m     [90m 58 |[39m     }[22m
[2m     [90m 59 |[39m   }[22m
[2m     [90m 60 |[39m }[33m;[39m[0m[22m
[2m[22m
[2m      [2mat [22m[2mnode_modules/@jest/environment-jsdom-abstract/node_modules/jest-mock/build/index.js[2m:305:39[22m[2m[22m
[2m      [2mat ensureStoreMethods ([22m[2mtests/unit/lib/store/enhanced-conversation-memory.store.test.ts[2m:57:15)[22m[2m[22m
[2m      [2mat Object.<anonymous> ([22m[2mtests/unit/lib/store/enhanced-conversation-memory.store.test.ts[2m:82:3)[22m[2m[22m

    [2m[33mconsole.warn[39m[22m
[33m      Store method removeProcessor is not a function or doesn't exist[39m
[2m[22m
[2m    [0m [90m 55 |[39m   [36mfor[39m ([36mconst[39m method [36mof[39m requiredMethods) {[22m
[2m     [90m 56 |[39m     [36mif[39m (store [33m&&[39m [36mtypeof[39m store[method] [33m!==[39m [32m'function'[39m) {[22m
[2m    [31m[1m>[22m[2m[39m[90m 57 |[39m       console[33m.[39mwarn([32m`Store method ${method} is not a function or doesn't exist`[39m)[33m;[39m[22m
[2m     [90m    |[39m               [31m[1m^[22m[2m[39m[22m
[2m     [90m 58 |[39m     }[22m
[2m     [90m 59 |[39m   }[22m
[2m     [90m 60 |[39m }[33m;[39m[0m[22m
[2m[22m
[2m      [2mat [22m[2mnode_modules/@jest/environment-jsdom-abstract/node_modules/jest-mock/build/index.js[2m:305:39[22m[2m[22m
[2m      [2mat ensureStoreMethods ([22m[2mtests/unit/lib/store/enhanced-conversation-memory.store.test.ts[2m:57:15)[22m[2m[22m
[2m      [2mat Object.<anonymous> ([22m[2mtests/unit/lib/store/enhanced-conversation-memory.store.test.ts[2m:82:3)[22m[2m[22m

    [2m[33mconsole.warn[39m[22m
[33m      Store method setDefaultProcessors is not a function or doesn't exist[39m
[2m[22m
[2m    [0m [90m 55 |[39m   [36mfor[39m ([36mconst[39m method [36mof[39m requiredMethods) {[22m
[2m     [90m 56 |[39m     [36mif[39m (store [33m&&[39m [36mtypeof[39m store[method] [33m!==[39m [32m'function'[39m) {[22m
[2m    [31m[1m>[22m[2m[39m[90m 57 |[39m       console[33m.[39mwarn([32m`Store method ${method} is not a function or doesn't exist`[39m)[33m;[39m[22m
[2m     [90m    |[39m               [31m[1m^[22m[2m[39m[22m
[2m     [90m 58 |[39m     }[22m
[2m     [90m 59 |[39m   }[22m
[2m     [90m 60 |[39m }[33m;[39m[0m[22m
[2m[22m
[2m      [2mat [22m[2mnode_modules/@jest/environment-jsdom-abstract/node_modules/jest-mock/build/index.js[2m:305:39[22m[2m[22m
[2m      [2mat ensureStoreMethods ([22m[2mtests/unit/lib/store/enhanced-conversation-memory.store.test.ts[2m:57:15)[22m[2m[22m
[2m      [2mat Object.<anonymous> ([22m[2mtests/unit/lib/store/enhanced-conversation-memory.store.test.ts[2m:82:3)[22m[2m[22m

    [2m[33mconsole.warn[39m[22m
[33m      Store method getMemoryStats is not a function or doesn't exist[39m
[2m[22m
[2m    [0m [90m 55 |[39m   [36mfor[39m ([36mconst[39m method [36mof[39m requiredMethods) {[22m
[2m     [90m 56 |[39m     [36mif[39m (store [33m&&[39m [36mtypeof[39m store[method] [33m!==[39m [32m'function'[39m) {[22m
[2m    [31m[1m>[22m[2m[39m[90m 57 |[39m       console[33m.[39mwarn([32m`Store method ${method} is not a function or doesn't exist`[39m)[33m;[39m[22m
[2m     [90m    |[39m               [31m[1m^[22m[2m[39m[22m
[2m     [90m 58 |[39m     }[22m
[2m     [90m 59 |[39m   }[22m
[2m     [90m 60 |[39m }[33m;[39m[0m[22m
[2m[22m
[2m      [2mat [22m[2mnode_modules/@jest/environment-jsdom-abstract/node_modules/jest-mock/build/index.js[2m:305:39[22m[2m[22m
[2m      [2mat ensureStoreMethods ([22m[2mtests/unit/lib/store/enhanced-conversation-memory.store.test.ts[2m:57:15)[22m[2m[22m
[2m      [2mat Object.<anonymous> ([22m[2mtests/unit/lib/store/enhanced-conversation-memory.store.test.ts[2m:82:3)[22m[2m[22m

    [2m[33mconsole.warn[39m[22m
[33m      Store method enableDbSync is not a function or doesn't exist[39m
[2m[22m
[2m    [0m [90m 55 |[39m   [36mfor[39m ([36mconst[39m method [36mof[39m requiredMethods) {[22m
[2m     [90m 56 |[39m     [36mif[39m (store [33m&&[39m [36mtypeof[39m store[method] [33m!==[39m [32m'function'[39m) {[22m
[2m    [31m[1m>[22m[2m[39m[90m 57 |[39m       console[33m.[39mwarn([32m`Store method ${method} is not a function or doesn't exist`[39m)[33m;[39m[22m
[2m     [90m    |[39m               [31m[1m^[22m[2m[39m[22m
[2m     [90m 58 |[39m     }[22m
[2m     [90m 59 |[39m   }[22m
[2m     [90m 60 |[39m }[33m;[39m[0m[22m
[2m[22m
[2m      [2mat [22m[2mnode_modules/@jest/environment-jsdom-abstract/node_modules/jest-mock/build/index.js[2m:305:39[22m[2m[22m
[2m      [2mat ensureStoreMethods ([22m[2mtests/unit/lib/store/enhanced-conversation-memory.store.test.ts[2m:57:15)[22m[2m[22m
[2m      [2mat Object.<anonymous> ([22m[2mtests/unit/lib/store/enhanced-conversation-memory.store.test.ts[2m:82:3)[22m[2m[22m

    [2m[33mconsole.warn[39m[22m
[33m      Store method disableDbSync is not a function or doesn't exist[39m
[2m[22m
[2m    [0m [90m 55 |[39m   [36mfor[39m ([36mconst[39m method [36mof[39m requiredMethods) {[22m
[2m     [90m 56 |[39m     [36mif[39m (store [33m&&[39m [36mtypeof[39m store[method] [33m!==[39m [32m'function'[39m) {[22m
[2m    [31m[1m>[22m[2m[39m[90m 57 |[39m       console[33m.[39mwarn([32m`Store method ${method} is not a function or doesn't exist`[39m)[33m;[39m[22m
[2m     [90m    |[39m               [31m[1m^[22m[2m[39m[22m
[2m     [90m 58 |[39m     }[22m
[2m     [90m 59 |[39m   }[22m
[2m     [90m 60 |[39m }[33m;[39m[0m[22m
[2m[22m
[2m      [2mat [22m[2mnode_modules/@jest/environment-jsdom-abstract/node_modules/jest-mock/build/index.js[2m:305:39[22m[2m[22m
[2m      [2mat ensureStoreMethods ([22m[2mtests/unit/lib/store/enhanced-conversation-memory.store.test.ts[2m:57:15)[22m[2m[22m
[2m      [2mat Object.<anonymous> ([22m[2mtests/unit/lib/store/enhanced-conversation-memory.store.test.ts[2m:82:3)[22m[2m[22m

    [2m[33mconsole.warn[39m[22m
[33m      Store method syncWithDatabase is not a function or doesn't exist[39m
[2m[22m
[2m    [0m [90m 55 |[39m   [36mfor[39m ([36mconst[39m method [36mof[39m requiredMethods) {[22m
[2m     [90m 56 |[39m     [36mif[39m (store [33m&&[39m [36mtypeof[39m store[method] [33m!==[39m [32m'function'[39m) {[22m
[2m    [31m[1m>[22m[2m[39m[90m 57 |[39m       console[33m.[39mwarn([32m`Store method ${method} is not a function or doesn't exist`[39m)[33m;[39m[22m
[2m     [90m    |[39m               [31m[1m^[22m[2m[39m[22m
[2m     [90m 58 |[39m     }[22m
[2m     [90m 59 |[39m   }[22m
[2m     [90m 60 |[39m }[33m;[39m[0m[22m
[2m[22m
[2m      [2mat [22m[2mnode_modules/@jest/environment-jsdom-abstract/node_modules/jest-mock/build/index.js[2m:305:39[22m[2m[22m
[2m      [2mat ensureStoreMethods ([22m[2mtests/unit/lib/store/enhanced-conversation-memory.store.test.ts[2m:57:15)[22m[2m[22m
[2m      [2mat Object.<anonymous> ([22m[2mtests/unit/lib/store/enhanced-conversation-memory.store.test.ts[2m:82:3)[22m[2m[22m

    [2m[33mconsole.warn[39m[22m
[33m      Store method loadFromDatabase is not a function or doesn't exist[39m
[2m[22m
[2m    [0m [90m 55 |[39m   [36mfor[39m ([36mconst[39m method [36mof[39m requiredMethods) {[22m
[2m     [90m 56 |[39m     [36mif[39m (store [33m&&[39m [36mtypeof[39m store[method] [33m!==[39m [32m'function'[39m) {[22m
[2m    [31m[1m>[22m[2m[39m[90m 57 |[39m       console[33m.[39mwarn([32m`Store method ${method} is not a function or doesn't exist`[39m)[33m;[39m[22m
[2m     [90m    |[39m               [31m[1m^[22m[2m[39m[22m
[2m     [90m 58 |[39m     }[22m
[2m     [90m 59 |[39m   }[22m
[2m     [90m 60 |[39m }[33m;[39m[0m[22m
[2m[22m
[2m      [2mat [22m[2mnode_modules/@jest/environment-jsdom-abstract/node_modules/jest-mock/build/index.js[2m:305:39[22m[2m[22m
[2m      [2mat ensureStoreMethods ([22m[2mtests/unit/lib/store/enhanced-conversation-memory.store.test.ts[2m:57:15)[22m[2m[22m
[2m      [2mat Object.<anonymous> ([22m[2mtests/unit/lib/store/enhanced-conversation-memory.store.test.ts[2m:82:3)[22m[2m[22m

    [2m[33mconsole.warn[39m[22m
[33m      Store method createSession is not a function or doesn't exist[39m
[2m[22m
[2m    [0m [90m 55 |[39m   [36mfor[39m ([36mconst[39m method [36mof[39m requiredMethods) {[22m
[2m     [90m 56 |[39m     [36mif[39m (store [33m&&[39m [36mtypeof[39m store[method] [33m!==[39m [32m'function'[39m) {[22m
[2m    [31m[1m>[22m[2m[39m[90m 57 |[39m       console[33m.[39mwarn([32m`Store method ${method} is not a function or doesn't exist`[39m)[33m;[39m[22m
[2m     [90m    |[39m               [31m[1m^[22m[2m[39m[22m
[2m     [90m 58 |[39m     }[22m
[2m     [90m 59 |[39m   }[22m
[2m     [90m 60 |[39m }[33m;[39m[0m[22m
[2m[22m
[2m      [2mat [22m[2mnode_modules/@jest/environment-jsdom-abstract/node_modules/jest-mock/build/index.js[2m:305:39[22m[2m[22m
[2m      [2mat ensureStoreMethods ([22m[2mtests/unit/lib/store/enhanced-conversation-memory.store.test.ts[2m:57:15)[22m[2m[22m
[2m      [2mat Object.<anonymous> ([22m[2mtests/unit/lib/store/enhanced-conversation-memory.store.test.ts[2m:82:3)[22m[2m[22m

    [2m[33mconsole.warn[39m[22m
[33m      Store method addMessage is not a function or doesn't exist[39m
[2m[22m
[2m    [0m [90m 55 |[39m   [36mfor[39m ([36mconst[39m method [36mof[39m requiredMethods) {[22m
[2m     [90m 56 |[39m     [36mif[39m (store [33m&&[39m [36mtypeof[39m store[method] [33m!==[39m [32m'function'[39m) {[22m
[2m    [31m[1m>[22m[2m[39m[90m 57 |[39m       console[33m.[39mwarn([32m`Store method ${method} is not a function or doesn't exist`[39m)[33m;[39m[22m
[2m     [90m    |[39m               [31m[1m^[22m[2m[39m[22m
[2m     [90m 58 |[39m     }[22m
[2m     [90m 59 |[39m   }[22m
[2m     [90m 60 |[39m }[33m;[39m[0m[22m
[2m[22m
[2m      [2mat [22m[2mnode_modules/@jest/environment-jsdom-abstract/node_modules/jest-mock/build/index.js[2m:305:39[22m[2m[22m
[2m      [2mat ensureStoreMethods ([22m[2mtests/unit/lib/store/enhanced-conversation-memory.store.test.ts[2m:57:15)[22m[2m[22m
[2m      [2mat Object.<anonymous> ([22m[2mtests/unit/lib/store/enhanced-conversation-memory.store.test.ts[2m:82:3)[22m[2m[22m

    [2m[33mconsole.warn[39m[22m
[33m      Store method getProcessedMessages is not a function or doesn't exist[39m
[2m[22m
[2m    [0m [90m 55 |[39m   [36mfor[39m ([36mconst[39m method [36mof[39m requiredMethods) {[22m
[2m     [90m 56 |[39m     [36mif[39m (store [33m&&[39m [36mtypeof[39m store[method] [33m!==[39m [32m'function'[39m) {[22m
[2m    [31m[1m>[22m[2m[39m[90m 57 |[39m       console[33m.[39mwarn([32m`Store method ${method} is not a function or doesn't exist`[39m)[33m;[39m[22m
[2m     [90m    |[39m               [31m[1m^[22m[2m[39m[22m
[2m     [90m 58 |[39m     }[22m
[2m     [90m 59 |[39m   }[22m
[2m     [90m 60 |[39m }[33m;[39m[0m[22m
[2m[22m
[2m      [2mat [22m[2mnode_modules/@jest/environment-jsdom-abstract/node_modules/jest-mock/build/index.js[2m:305:39[22m[2m[22m
[2m      [2mat ensureStoreMethods ([22m[2mtests/unit/lib/store/enhanced-conversation-memory.store.test.ts[2m:57:15)[22m[2m[22m
[2m      [2mat Object.<anonymous> ([22m[2mtests/unit/lib/store/enhanced-conversation-memory.store.test.ts[2m:82:3)[22m[2m[22m

    [2m[33mconsole.warn[39m[22m
[33m      Store method getRecentMessages is not a function or doesn't exist[39m
[2m[22m
[2m    [0m [90m 55 |[39m   [36mfor[39m ([36mconst[39m method [36mof[39m requiredMethods) {[22m
[2m     [90m 56 |[39m     [36mif[39m (store [33m&&[39m [36mtypeof[39m store[method] [33m!==[39m [32m'function'[39m) {[22m
[2m    [31m[1m>[22m[2m[39m[90m 57 |[39m       console[33m.[39mwarn([32m`Store method ${method} is not a function or doesn't exist`[39m)[33m;[39m[22m
[2m     [90m    |[39m               [31m[1m^[22m[2m[39m[22m
[2m     [90m 58 |[39m     }[22m
[2m     [90m 59 |[39m   }[22m
[2m     [90m 60 |[39m }[33m;[39m[0m[22m
[2m[22m
[2m      [2mat [22m[2mnode_modules/@jest/environment-jsdom-abstract/node_modules/jest-mock/build/index.js[2m:305:39[22m[2m[22m
[2m      [2mat ensureStoreMethods ([22m[2mtests/unit/lib/store/enhanced-conversation-memory.store.test.ts[2m:57:15)[22m[2m[22m
[2m      [2mat Object.<anonymous> ([22m[2mtests/unit/lib/store/enhanced-conversation-memory.store.test.ts[2m:82:3)[22m[2m[22m

    [2m[33mconsole.warn[39m[22m
[33m      Store method getSessionContext is not a function or doesn't exist[39m
[2m[22m
[2m    [0m [90m 55 |[39m   [36mfor[39m ([36mconst[39m method [36mof[39m requiredMethods) {[22m
[2m     [90m 56 |[39m     [36mif[39m (store [33m&&[39m [36mtypeof[39m store[method] [33m!==[39m [32m'function'[39m) {[22m
[2m    [31m[1m>[22m[2m[39m[90m 57 |[39m       console[33m.[39mwarn([32m`Store method ${method} is not a function or doesn't exist`[39m)[33m;[39m[22m
[2m     [90m    |[39m               [31m[1m^[22m[2m[39m[22m
[2m     [90m 58 |[39m     }[22m
[2m     [90m 59 |[39m   }[22m
[2m     [90m 60 |[39m }[33m;[39m[0m[22m
[2m[22m
[2m      [2mat [22m[2mnode_modules/@jest/environment-jsdom-abstract/node_modules/jest-mock/build/index.js[2m:305:39[22m[2m[22m
[2m      [2mat ensureStoreMethods ([22m[2mtests/unit/lib/store/enhanced-conversation-memory.store.test.ts[2m:57:15)[22m[2m[22m
[2m      [2mat Object.<anonymous> ([22m[2mtests/unit/lib/store/enhanced-conversation-memory.store.test.ts[2m:82:3)[22m[2m[22m

    [2m[33mconsole.warn[39m[22m
[33m      Store method updateMessageMetadata is not a function or doesn't exist[39m
[2m[22m
[2m    [0m [90m 55 |[39m   [36mfor[39m ([36mconst[39m method [36mof[39m requiredMethods) {[22m
[2m     [90m 56 |[39m     [36mif[39m (store [33m&&[39m [36mtypeof[39m store[method] [33m!==[39m [32m'function'[39m) {[22m
[2m    [31m[1m>[22m[2m[39m[90m 57 |[39m       console[33m.[39mwarn([32m`Store method ${method} is not a function or doesn't exist`[39m)[33m;[39m[22m
[2m     [90m    |[39m               [31m[1m^[22m[2m[39m[22m
[2m     [90m 58 |[39m     }[22m
[2m     [90m 59 |[39m   }[22m
[2m     [90m 60 |[39m }[33m;[39m[0m[22m
[2m[22m
[2m      [2mat [22m[2mnode_modules/@jest/environment-jsdom-abstract/node_modules/jest-mock/build/index.js[2m:305:39[22m[2m[22m
[2m      [2mat ensureStoreMethods ([22m[2mtests/unit/lib/store/enhanced-conversation-memory.store.test.ts[2m:57:15)[22m[2m[22m
[2m      [2mat Object.<anonymous> ([22m[2mtests/unit/lib/store/enhanced-conversation-memory.store.test.ts[2m:82:3)[22m[2m[22m

    [2m[33mconsole.warn[39m[22m
[33m      Store method clearSession is not a function or doesn't exist[39m
[2m[22m
[2m    [0m [90m 55 |[39m   [36mfor[39m ([36mconst[39m method [36mof[39m requiredMethods) {[22m
[2m     [90m 56 |[39m     [36mif[39m (store [33m&&[39m [36mtypeof[39m store[method] [33m!==[39m [32m'function'[39m) {[22m
[2m    [31m[1m>[22m[2m[39m[90m 57 |[39m       console[33m.[39mwarn([32m`Store method ${method} is not a function or doesn't exist`[39m)[33m;[39m[22m
[2m     [90m    |[39m               [31m[1m^[22m[2m[39m[22m
[2m     [90m 58 |[39m     }[22m
[2m     [90m 59 |[39m   }[22m
[2m     [90m 60 |[39m }[33m;[39m[0m[22m
[2m[22m
[2m      [2mat [22m[2mnode_modules/@jest/environment-jsdom-abstract/node_modules/jest-mock/build/index.js[2m:305:39[22m[2m[22m
[2m      [2mat ensureStoreMethods ([22m[2mtests/unit/lib/store/enhanced-conversation-memory.store.test.ts[2m:57:15)[22m[2m[22m
[2m      [2mat Object.<anonymous> ([22m[2mtests/unit/lib/store/enhanced-conversation-memory.store.test.ts[2m:82:3)[22m[2m[22m

    [2m[33mconsole.warn[39m[22m
[33m      Store method searchMessages is not a function or doesn't exist[39m
[2m[22m
[2m    [0m [90m 55 |[39m   [36mfor[39m ([36mconst[39m method [36mof[39m requiredMethods) {[22m
[2m     [90m 56 |[39m     [36mif[39m (store [33m&&[39m [36mtypeof[39m store[method] [33m!==[39m [32m'function'[39m) {[22m
[2m    [31m[1m>[22m[2m[39m[90m 57 |[39m       console[33m.[39mwarn([32m`Store method ${method} is not a function or doesn't exist`[39m)[33m;[39m[22m
[2m     [90m    |[39m               [31m[1m^[22m[2m[39m[22m
[2m     [90m 58 |[39m     }[22m
[2m     [90m 59 |[39m   }[22m
[2m     [90m 60 |[39m }[33m;[39m[0m[22m
[2m[22m
[2m      [2mat [22m[2mnode_modules/@jest/environment-jsdom-abstract/node_modules/jest-mock/build/index.js[2m:305:39[22m[2m[22m
[2m      [2mat ensureStoreMethods ([22m[2mtests/unit/lib/store/enhanced-conversation-memory.store.test.ts[2m:57:15)[22m[2m[22m
[2m      [2mat Object.<anonymous> ([22m[2mtests/unit/lib/store/enhanced-conversation-memory.store.test.ts[2m:82:3)[22m[2m[22m

    [2m[33mconsole.warn[39m[22m
[33m      Store method summarizeSession is not a function or doesn't exist[39m
[2m[22m
[2m    [0m [90m 55 |[39m   [36mfor[39m ([36mconst[39m method [36mof[39m requiredMethods) {[22m
[2m     [90m 56 |[39m     [36mif[39m (store [33m&&[39m [36mtypeof[39m store[method] [33m!==[39m [32m'function'[39m) {[22m
[2m    [31m[1m>[22m[2m[39m[90m 57 |[39m       console[33m.[39mwarn([32m`Store method ${method} is not a function or doesn't exist`[39m)[33m;[39m[22m
[2m     [90m    |[39m               [31m[1m^[22m[2m[39m[22m
[2m     [90m 58 |[39m     }[22m
[2m     [90m 59 |[39m   }[22m
[2m     [90m 60 |[39m }[33m;[39m[0m[22m
[2m[22m
[2m      [2mat [22m[2mnode_modules/@jest/environment-jsdom-abstract/node_modules/jest-mock/build/index.js[2m:305:39[22m[2m[22m
[2m      [2mat ensureStoreMethods ([22m[2mtests/unit/lib/store/enhanced-conversation-memory.store.test.ts[2m:57:15)[22m[2m[22m
[2m      [2mat Object.<anonymous> ([22m[2mtests/unit/lib/store/enhanced-conversation-memory.store.test.ts[2m:82:3)[22m[2m[22m

    [2m[33mconsole.warn[39m[22m
[33m      Store method addProcessor is not a function or doesn't exist[39m
[2m[22m
[2m    [0m [90m 55 |[39m   [36mfor[39m ([36mconst[39m method [36mof[39m requiredMethods) {[22m
[2m     [90m 56 |[39m     [36mif[39m (store [33m&&[39m [36mtypeof[39m store[method] [33m!==[39m [32m'function'[39m) {[22m
[2m    [31m[1m>[22m[2m[39m[90m 57 |[39m       console[33m.[39mwarn([32m`Store method ${method} is not a function or doesn't exist`[39m)[33m;[39m[22m
[2m     [90m    |[39m               [31m[1m^[22m[2m[39m[22m
[2m     [90m 58 |[39m     }[22m
[2m     [90m 59 |[39m   }[22m
[2m     [90m 60 |[39m }[33m;[39m[0m[22m
[2m[22m
[2m      [2mat [22m[2mnode_modules/@jest/environment-jsdom-abstract/node_modules/jest-mock/build/index.js[2m:305:39[22m[2m[22m
[2m      [2mat ensureStoreMethods ([22m[2mtests/unit/lib/store/enhanced-conversation-memory.store.test.ts[2m:57:15)[22m[2m[22m
[2m      [2mat Object.<anonymous> ([22m[2mtests/unit/lib/store/enhanced-conversation-memory.store.test.ts[2m:82:3)[22m[2m[22m

    [2m[33mconsole.warn[39m[22m
[33m      Store method removeProcessor is not a function or doesn't exist[39m
[2m[22m
[2m    [0m [90m 55 |[39m   [36mfor[39m ([36mconst[39m method [36mof[39m requiredMethods) {[22m
[2m     [90m 56 |[39m     [36mif[39m (store [33m&&[39m [36mtypeof[39m store[method] [33m!==[39m [32m'function'[39m) {[22m
[2m    [31m[1m>[22m[2m[39m[90m 57 |[39m       console[33m.[39mwarn([32m`Store method ${method} is not a function or doesn't exist`[39m)[33m;[39m[22m
[2m     [90m    |[39m               [31m[1m^[22m[2m[39m[22m
[2m     [90m 58 |[39m     }[22m
[2m     [90m 59 |[39m   }[22m
[2m     [90m 60 |[39m }[33m;[39m[0m[22m
[2m[22m
[2m      [2mat [22m[2mnode_modules/@jest/environment-jsdom-abstract/node_modules/jest-mock/build/index.js[2m:305:39[22m[2m[22m
[2m      [2mat ensureStoreMethods ([22m[2mtests/unit/lib/store/enhanced-conversation-memory.store.test.ts[2m:57:15)[22m[2m[22m
[2m      [2mat Object.<anonymous> ([22m[2mtests/unit/lib/store/enhanced-conversation-memory.store.test.ts[2m:82:3)[22m[2m[22m

    [2m[33mconsole.warn[39m[22m
[33m      Store method setDefaultProcessors is not a function or doesn't exist[39m
[2m[22m
[2m    [0m [90m 55 |[39m   [36mfor[39m ([36mconst[39m method [36mof[39m requiredMethods) {[22m
[2m     [90m 56 |[39m     [36mif[39m (store [33m&&[39m [36mtypeof[39m store[method] [33m!==[39m [32m'function'[39m) {[22m
[2m    [31m[1m>[22m[2m[39m[90m 57 |[39m       console[33m.[39mwarn([32m`Store method ${method} is not a function or doesn't exist`[39m)[33m;[39m[22m
[2m     [90m    |[39m               [31m[1m^[22m[2m[39m[22m
[2m     [90m 58 |[39m     }[22m
[2m     [90m 59 |[39m   }[22m
[2m     [90m 60 |[39m }[33m;[39m[0m[22m
[2m[22m
[2m      [2mat [22m[2mnode_modules/@jest/environment-jsdom-abstract/node_modules/jest-mock/build/index.js[2m:305:39[22m[2m[22m
[2m      [2mat ensureStoreMethods ([22m[2mtests/unit/lib/store/enhanced-conversation-memory.store.test.ts[2m:57:15)[22m[2m[22m
[2m      [2mat Object.<anonymous> ([22m[2mtests/unit/lib/store/enhanced-conversation-memory.store.test.ts[2m:82:3)[22m[2m[22m

    [2m[33mconsole.warn[39m[22m
[33m      Store method getMemoryStats is not a function or doesn't exist[39m
[2m[22m
[2m    [0m [90m 55 |[39m   [36mfor[39m ([36mconst[39m method [36mof[39m requiredMethods) {[22m
[2m     [90m 56 |[39m     [36mif[39m (store [33m&&[39m [36mtypeof[39m store[method] [33m!==[39m [32m'function'[39m) {[22m
[2m    [31m[1m>[22m[2m[39m[90m 57 |[39m       console[33m.[39mwarn([32m`Store method ${method} is not a function or doesn't exist`[39m)[33m;[39m[22m
[2m     [90m    |[39m               [31m[1m^[22m[2m[39m[22m
[2m     [90m 58 |[39m     }[22m
[2m     [90m 59 |[39m   }[22m
[2m     [90m 60 |[39m }[33m;[39m[0m[22m
[2m[22m
[2m      [2mat [22m[2mnode_modules/@jest/environment-jsdom-abstract/node_modules/jest-mock/build/index.js[2m:305:39[22m[2m[22m
[2m      [2mat ensureStoreMethods ([22m[2mtests/unit/lib/store/enhanced-conversation-memory.store.test.ts[2m:57:15)[22m[2m[22m
[2m      [2mat Object.<anonymous> ([22m[2mtests/unit/lib/store/enhanced-conversation-memory.store.test.ts[2m:82:3)[22m[2m[22m

    [2m[33mconsole.warn[39m[22m
[33m      Store method enableDbSync is not a function or doesn't exist[39m
[2m[22m
[2m    [0m [90m 55 |[39m   [36mfor[39m ([36mconst[39m method [36mof[39m requiredMethods) {[22m
[2m     [90m 56 |[39m     [36mif[39m (store [33m&&[39m [36mtypeof[39m store[method] [33m!==[39m [32m'function'[39m) {[22m
[2m    [31m[1m>[22m[2m[39m[90m 57 |[39m       console[33m.[39mwarn([32m`Store method ${method} is not a function or doesn't exist`[39m)[33m;[39m[22m
[2m     [90m    |[39m               [31m[1m^[22m[2m[39m[22m
[2m     [90m 58 |[39m     }[22m
[2m     [90m 59 |[39m   }[22m
[2m     [90m 60 |[39m }[33m;[39m[0m[22m
[2m[22m
[2m      [2mat [22m[2mnode_modules/@jest/environment-jsdom-abstract/node_modules/jest-mock/build/index.js[2m:305:39[22m[2m[22m
[2m      [2mat ensureStoreMethods ([22m[2mtests/unit/lib/store/enhanced-conversation-memory.store.test.ts[2m:57:15)[22m[2m[22m
[2m      [2mat Object.<anonymous> ([22m[2mtests/unit/lib/store/enhanced-conversation-memory.store.test.ts[2m:82:3)[22m[2m[22m

    [2m[33mconsole.warn[39m[22m
[33m      Store method disableDbSync is not a function or doesn't exist[39m
[2m[22m
[2m    [0m [90m 55 |[39m   [36mfor[39m ([36mconst[39m method [36mof[39m requiredMethods) {[22m
[2m     [90m 56 |[39m     [36mif[39m (store [33m&&[39m [36mtypeof[39m store[method] [33m!==[39m [32m'function'[39m) {[22m
[2m    [31m[1m>[22m[2m[39m[90m 57 |[39m       console[33m.[39mwarn([32m`Store method ${method} is not a function or doesn't exist`[39m)[33m;[39m[22m
[2m     [90m    |[39m               [31m[1m^[22m[2m[39m[22m
[2m     [90m 58 |[39m     }[22m
[2m     [90m 59 |[39m   }[22m
[2m     [90m 60 |[39m }[33m;[39m[0m[22m
[2m[22m
[2m      [2mat [22m[2mnode_modules/@jest/environment-jsdom-abstract/node_modules/jest-mock/build/index.js[2m:305:39[22m[2m[22m
[2m      [2mat ensureStoreMethods ([22m[2mtests/unit/lib/store/enhanced-conversation-memory.store.test.ts[2m:57:15)[22m[2m[22m
[2m      [2mat Object.<anonymous> ([22m[2mtests/unit/lib/store/enhanced-conversation-memory.store.test.ts[2m:82:3)[22m[2m[22m

    [2m[33mconsole.warn[39m[22m
[33m      Store method syncWithDatabase is not a function or doesn't exist[39m
[2m[22m
[2m    [0m [90m 55 |[39m   [36mfor[39m ([36mconst[39m method [36mof[39m requiredMethods) {[22m
[2m     [90m 56 |[39m     [36mif[39m (store [33m&&[39m [36mtypeof[39m store[method] [33m!==[39m [32m'function'[39m) {[22m
[2m    [31m[1m>[22m[2m[39m[90m 57 |[39m       console[33m.[39mwarn([32m`Store method ${method} is not a function or doesn't exist`[39m)[33m;[39m[22m
[2m     [90m    |[39m               [31m[1m^[22m[2m[39m[22m
[2m     [90m 58 |[39m     }[22m
[2m     [90m 59 |[39m   }[22m
[2m     [90m 60 |[39m }[33m;[39m[0m[22m
[2m[22m
[2m      [2mat [22m[2mnode_modules/@jest/environment-jsdom-abstract/node_modules/jest-mock/build/index.js[2m:305:39[22m[2m[22m
[2m      [2mat ensureStoreMethods ([22m[2mtests/unit/lib/store/enhanced-conversation-memory.store.test.ts[2m:57:15)[22m[2m[22m
[2m      [2mat Object.<anonymous> ([22m[2mtests/unit/lib/store/enhanced-conversation-memory.store.test.ts[2m:82:3)[22m[2m[22m

    [2m[33mconsole.warn[39m[22m
[33m      Store method loadFromDatabase is not a function or doesn't exist[39m
[2m[22m
[2m    [0m [90m 55 |[39m   [36mfor[39m ([36mconst[39m method [36mof[39m requiredMethods) {[22m
[2m     [90m 56 |[39m     [36mif[39m (store [33m&&[39m [36mtypeof[39m store[method] [33m!==[39m [32m'function'[39m) {[22m
[2m    [31m[1m>[22m[2m[39m[90m 57 |[39m       console[33m.[39mwarn([32m`Store method ${method} is not a function or doesn't exist`[39m)[33m;[39m[22m
[2m     [90m    |[39m               [31m[1m^[22m[2m[39m[22m
[2m     [90m 58 |[39m     }[22m
[2m     [90m 59 |[39m   }[22m
[2m     [90m 60 |[39m }[33m;[39m[0m[22m
[2m[22m
[2m      [2mat [22m[2mnode_modules/@jest/environment-jsdom-abstract/node_modules/jest-mock/build/index.js[2m:305:39[22m[2m[22m
[2m      [2mat ensureStoreMethods ([22m[2mtests/unit/lib/store/enhanced-conversation-memory.store.test.ts[2m:57:15)[22m[2m[22m
[2m      [2mat Object.<anonymous> ([22m[2mtests/unit/lib/store/enhanced-conversation-memory.store.test.ts[2m:82:3)[22m[2m[22m

    [2m[33mconsole.warn[39m[22m
[33m      Store method createSession is not a function or doesn't exist[39m
[2m[22m
[2m    [0m [90m 55 |[39m   [36mfor[39m ([36mconst[39m method [36mof[39m requiredMethods) {[22m
[2m     [90m 56 |[39m     [36mif[39m (store [33m&&[39m [36mtypeof[39m store[method] [33m!==[39m [32m'function'[39m) {[22m
[2m    [31m[1m>[22m[2m[39m[90m 57 |[39m       console[33m.[39mwarn([32m`Store method ${method} is not a function or doesn't exist`[39m)[33m;[39m[22m
[2m     [90m    |[39m               [31m[1m^[22m[2m[39m[22m
[2m     [90m 58 |[39m     }[22m
[2m     [90m 59 |[39m   }[22m
[2m     [90m 60 |[39m }[33m;[39m[0m[22m
[2m[22m
[2m      [2mat [22m[2mnode_modules/@jest/environment-jsdom-abstract/node_modules/jest-mock/build/index.js[2m:305:39[22m[2m[22m
[2m      [2mat ensureStoreMethods ([22m[2mtests/unit/lib/store/enhanced-conversation-memory.store.test.ts[2m:57:15)[22m[2m[22m
[2m      [2mat Object.<anonymous> ([22m[2mtests/unit/lib/store/enhanced-conversation-memory.store.test.ts[2m:82:3)[22m[2m[22m

    [2m[33mconsole.warn[39m[22m
[33m      Store method addMessage is not a function or doesn't exist[39m
[2m[22m
[2m    [0m [90m 55 |[39m   [36mfor[39m ([36mconst[39m method [36mof[39m requiredMethods) {[22m
[2m     [90m 56 |[39m     [36mif[39m (store [33m&&[39m [36mtypeof[39m store[method] [33m!==[39m [32m'function'[39m) {[22m
[2m    [31m[1m>[22m[2m[39m[90m 57 |[39m       console[33m.[39mwarn([32m`Store method ${method} is not a function or doesn't exist`[39m)[33m;[39m[22m
[2m     [90m    |[39m               [31m[1m^[22m[2m[39m[22m
[2m     [90m 58 |[39m     }[22m
[2m     [90m 59 |[39m   }[22m
[2m     [90m 60 |[39m }[33m;[39m[0m[22m
[2m[22m
[2m      [2mat [22m[2mnode_modules/@jest/environment-jsdom-abstract/node_modules/jest-mock/build/index.js[2m:305:39[22m[2m[22m
[2m      [2mat ensureStoreMethods ([22m[2mtests/unit/lib/store/enhanced-conversation-memory.store.test.ts[2m:57:15)[22m[2m[22m
[2m      [2mat Object.<anonymous> ([22m[2mtests/unit/lib/store/enhanced-conversation-memory.store.test.ts[2m:82:3)[22m[2m[22m

    [2m[33mconsole.warn[39m[22m
[33m      Store method getProcessedMessages is not a function or doesn't exist[39m
[2m[22m
[2m    [0m [90m 55 |[39m   [36mfor[39m ([36mconst[39m method [36mof[39m requiredMethods) {[22m
[2m     [90m 56 |[39m     [36mif[39m (store [33m&&[39m [36mtypeof[39m store[method] [33m!==[39m [32m'function'[39m) {[22m
[2m    [31m[1m>[22m[2m[39m[90m 57 |[39m       console[33m.[39mwarn([32m`Store method ${method} is not a function or doesn't exist`[39m)[33m;[39m[22m
[2m     [90m    |[39m               [31m[1m^[22m[2m[39m[22m
[2m     [90m 58 |[39m     }[22m
[2m     [90m 59 |[39m   }[22m
[2m     [90m 60 |[39m }[33m;[39m[0m[22m
[2m[22m
[2m      [2mat [22m[2mnode_modules/@jest/environment-jsdom-abstract/node_modules/jest-mock/build/index.js[2m:305:39[22m[2m[22m
[2m      [2mat ensureStoreMethods ([22m[2mtests/unit/lib/store/enhanced-conversation-memory.store.test.ts[2m:57:15)[22m[2m[22m
[2m      [2mat Object.<anonymous> ([22m[2mtests/unit/lib/store/enhanced-conversation-memory.store.test.ts[2m:82:3)[22m[2m[22m

    [2m[33mconsole.warn[39m[22m
[33m      Store method getRecentMessages is not a function or doesn't exist[39m
[2m[22m
[2m    [0m [90m 55 |[39m   [36mfor[39m ([36mconst[39m method [36mof[39m requiredMethods) {[22m
[2m     [90m 56 |[39m     [36mif[39m (store [33m&&[39m [36mtypeof[39m store[method] [33m!==[39m [32m'function'[39m) {[22m
[2m    [31m[1m>[22m[2m[39m[90m 57 |[39m       console[33m.[39mwarn([32m`Store method ${method} is not a function or doesn't exist`[39m)[33m;[39m[22m
[2m     [90m    |[39m               [31m[1m^[22m[2m[39m[22m
[2m     [90m 58 |[39m     }[22m
[2m     [90m 59 |[39m   }[22m
[2m     [90m 60 |[39m }[33m;[39m[0m[22m
[2m[22m
[2m      [2mat [22m[2mnode_modules/@jest/environment-jsdom-abstract/node_modules/jest-mock/build/index.js[2m:305:39[22m[2m[22m
[2m      [2mat ensureStoreMethods ([22m[2mtests/unit/lib/store/enhanced-conversation-memory.store.test.ts[2m:57:15)[22m[2m[22m
[2m      [2mat Object.<anonymous> ([22m[2mtests/unit/lib/store/enhanced-conversation-memory.store.test.ts[2m:82:3)[22m[2m[22m

    [2m[33mconsole.warn[39m[22m
[33m      Store method getSessionContext is not a function or doesn't exist[39m
[2m[22m
[2m    [0m [90m 55 |[39m   [36mfor[39m ([36mconst[39m method [36mof[39m requiredMethods) {[22m
[2m     [90m 56 |[39m     [36mif[39m (store [33m&&[39m [36mtypeof[39m store[method] [33m!==[39m [32m'function'[39m) {[22m
[2m    [31m[1m>[22m[2m[39m[90m 57 |[39m       console[33m.[39mwarn([32m`Store method ${method} is not a function or doesn't exist`[39m)[33m;[39m[22m
[2m     [90m    |[39m               [31m[1m^[22m[2m[39m[22m
[2m     [90m 58 |[39m     }[22m
[2m     [90m 59 |[39m   }[22m
[2m     [90m 60 |[39m }[33m;[39m[0m[22m
[2m[22m
[2m      [2mat [22m[2mnode_modules/@jest/environment-jsdom-abstract/node_modules/jest-mock/build/index.js[2m:305:39[22m[2m[22m
[2m      [2mat ensureStoreMethods ([22m[2mtests/unit/lib/store/enhanced-conversation-memory.store.test.ts[2m:57:15)[22m[2m[22m
[2m      [2mat Object.<anonymous> ([22m[2mtests/unit/lib/store/enhanced-conversation-memory.store.test.ts[2m:82:3)[22m[2m[22m

    [2m[33mconsole.warn[39m[22m
[33m      Store method updateMessageMetadata is not a function or doesn't exist[39m
[2m[22m
[2m    [0m [90m 55 |[39m   [36mfor[39m ([36mconst[39m method [36mof[39m requiredMethods) {[22m
[2m     [90m 56 |[39m     [36mif[39m (store [33m&&[39m [36mtypeof[39m store[method] [33m!==[39m [32m'function'[39m) {[22m
[2m    [31m[1m>[22m[2m[39m[90m 57 |[39m       console[33m.[39mwarn([32m`Store method ${method} is not a function or doesn't exist`[39m)[33m;[39m[22m
[2m     [90m    |[39m               [31m[1m^[22m[2m[39m[22m
[2m     [90m 58 |[39m     }[22m
[2m     [90m 59 |[39m   }[22m
[2m     [90m 60 |[39m }[33m;[39m[0m[22m
[2m[22m
[2m      [2mat [22m[2mnode_modules/@jest/environment-jsdom-abstract/node_modules/jest-mock/build/index.js[2m:305:39[22m[2m[22m
[2m      [2mat ensureStoreMethods ([22m[2mtests/unit/lib/store/enhanced-conversation-memory.store.test.ts[2m:57:15)[22m[2m[22m
[2m      [2mat Object.<anonymous> ([22m[2mtests/unit/lib/store/enhanced-conversation-memory.store.test.ts[2m:82:3)[22m[2m[22m

    [2m[33mconsole.warn[39m[22m
[33m      Store method clearSession is not a function or doesn't exist[39m
[2m[22m
[2m    [0m [90m 55 |[39m   [36mfor[39m ([36mconst[39m method [36mof[39m requiredMethods) {[22m
[2m     [90m 56 |[39m     [36mif[39m (store [33m&&[39m [36mtypeof[39m store[method] [33m!==[39m [32m'function'[39m) {[22m
[2m    [31m[1m>[22m[2m[39m[90m 57 |[39m       console[33m.[39mwarn([32m`Store method ${method} is not a function or doesn't exist`[39m)[33m;[39m[22m
[2m     [90m    |[39m               [31m[1m^[22m[2m[39m[22m
[2m     [90m 58 |[39m     }[22m
[2m     [90m 59 |[39m   }[22m
[2m     [90m 60 |[39m }[33m;[39m[0m[22m
[2m[22m
[2m      [2mat [22m[2mnode_modules/@jest/environment-jsdom-abstract/node_modules/jest-mock/build/index.js[2m:305:39[22m[2m[22m
[2m      [2mat ensureStoreMethods ([22m[2mtests/unit/lib/store/enhanced-conversation-memory.store.test.ts[2m:57:15)[22m[2m[22m
[2m      [2mat Object.<anonymous> ([22m[2mtests/unit/lib/store/enhanced-conversation-memory.store.test.ts[2m:82:3)[22m[2m[22m

    [2m[33mconsole.warn[39m[22m
[33m      Store method searchMessages is not a function or doesn't exist[39m
[2m[22m
[2m    [0m [90m 55 |[39m   [36mfor[39m ([36mconst[39m method [36mof[39m requiredMethods) {[22m
[2m     [90m 56 |[39m     [36mif[39m (store [33m&&[39m [36mtypeof[39m store[method] [33m!==[39m [32m'function'[39m) {[22m
[2m    [31m[1m>[22m[2m[39m[90m 57 |[39m       console[33m.[39mwarn([32m`Store method ${method} is not a function or doesn't exist`[39m)[33m;[39m[22m
[2m     [90m    |[39m               [31m[1m^[22m[2m[39m[22m
[2m     [90m 58 |[39m     }[22m
[2m     [90m 59 |[39m   }[22m
[2m     [90m 60 |[39m }[33m;[39m[0m[22m
[2m[22m
[2m      [2mat [22m[2mnode_modules/@jest/environment-jsdom-abstract/node_modules/jest-mock/build/index.js[2m:305:39[22m[2m[22m
[2m      [2mat ensureStoreMethods ([22m[2mtests/unit/lib/store/enhanced-conversation-memory.store.test.ts[2m:57:15)[22m[2m[22m
[2m      [2mat Object.<anonymous> ([22m[2mtests/unit/lib/store/enhanced-conversation-memory.store.test.ts[2m:82:3)[22m[2m[22m

    [2m[33mconsole.warn[39m[22m
[33m      Store method summarizeSession is not a function or doesn't exist[39m
[2m[22m
[2m    [0m [90m 55 |[39m   [36mfor[39m ([36mconst[39m method [36mof[39m requiredMethods) {[22m
[2m     [90m 56 |[39m     [36mif[39m (store [33m&&[39m [36mtypeof[39m store[method] [33m!==[39m [32m'function'[39m) {[22m
[2m    [31m[1m>[22m[2m[39m[90m 57 |[39m       console[33m.[39mwarn([32m`Store method ${method} is not a function or doesn't exist`[39m)[33m;[39m[22m
[2m     [90m    |[39m               [31m[1m^[22m[2m[39m[22m
[2m     [90m 58 |[39m     }[22m
[2m     [90m 59 |[39m   }[22m
[2m     [90m 60 |[39m }[33m;[39m[0m[22m
[2m[22m
[2m      [2mat [22m[2mnode_modules/@jest/environment-jsdom-abstract/node_modules/jest-mock/build/index.js[2m:305:39[22m[2m[22m
[2m      [2mat ensureStoreMethods ([22m[2mtests/unit/lib/store/enhanced-conversation-memory.store.test.ts[2m:57:15)[22m[2m[22m
[2m      [2mat Object.<anonymous> ([22m[2mtests/unit/lib/store/enhanced-conversation-memory.store.test.ts[2m:82:3)[22m[2m[22m

    [2m[33mconsole.warn[39m[22m
[33m      Store method addProcessor is not a function or doesn't exist[39m
[2m[22m
[2m    [0m [90m 55 |[39m   [36mfor[39m ([36mconst[39m method [36mof[39m requiredMethods) {[22m
[2m     [90m 56 |[39m     [36mif[39m (store [33m&&[39m [36mtypeof[39m store[method] [33m!==[39m [32m'function'[39m) {[22m
[2m    [31m[1m>[22m[2m[39m[90m 57 |[39m       console[33m.[39mwarn([32m`Store method ${method} is not a function or doesn't exist`[39m)[33m;[39m[22m
[2m     [90m    |[39m               [31m[1m^[22m[2m[39m[22m
[2m     [90m 58 |[39m     }[22m
[2m     [90m 59 |[39m   }[22m
[2m     [90m 60 |[39m }[33m;[39m[0m[22m
[2m[22m
[2m      [2mat [22m[2mnode_modules/@jest/environment-jsdom-abstract/node_modules/jest-mock/build/index.js[2m:305:39[22m[2m[22m
[2m      [2mat ensureStoreMethods ([22m[2mtests/unit/lib/store/enhanced-conversation-memory.store.test.ts[2m:57:15)[22m[2m[22m
[2m      [2mat Object.<anonymous> ([22m[2mtests/unit/lib/store/enhanced-conversation-memory.store.test.ts[2m:82:3)[22m[2m[22m

    [2m[33mconsole.warn[39m[22m
[33m      Store method removeProcessor is not a function or doesn't exist[39m
[2m[22m
[2m    [0m [90m 55 |[39m   [36mfor[39m ([36mconst[39m method [36mof[39m requiredMethods) {[22m
[2m     [90m 56 |[39m     [36mif[39m (store [33m&&[39m [36mtypeof[39m store[method] [33m!==[39m [32m'function'[39m) {[22m
[2m    [31m[1m>[22m[2m[39m[90m 57 |[39m       console[33m.[39mwarn([32m`Store method ${method} is not a function or doesn't exist`[39m)[33m;[39m[22m
[2m     [90m    |[39m               [31m[1m^[22m[2m[39m[22m
[2m     [90m 58 |[39m     }[22m
[2m     [90m 59 |[39m   }[22m
[2m     [90m 60 |[39m }[33m;[39m[0m[22m
[2m[22m
[2m      [2mat [22m[2mnode_modules/@jest/environment-jsdom-abstract/node_modules/jest-mock/build/index.js[2m:305:39[22m[2m[22m
[2m      [2mat ensureStoreMethods ([22m[2mtests/unit/lib/store/enhanced-conversation-memory.store.test.ts[2m:57:15)[22m[2m[22m
[2m      [2mat Object.<anonymous> ([22m[2mtests/unit/lib/store/enhanced-conversation-memory.store.test.ts[2m:82:3)[22m[2m[22m

    [2m[33mconsole.warn[39m[22m
[33m      Store method setDefaultProcessors is not a function or doesn't exist[39m
[2m[22m
[2m    [0m [90m 55 |[39m   [36mfor[39m ([36mconst[39m method [36mof[39m requiredMethods) {[22m
[2m     [90m 56 |[39m     [36mif[39m (store [33m&&[39m [36mtypeof[39m store[method] [33m!==[39m [32m'function'[39m) {[22m
[2m    [31m[1m>[22m[2m[39m[90m 57 |[39m       console[33m.[39mwarn([32m`Store method ${method} is not a function or doesn't exist`[39m)[33m;[39m[22m
[2m     [90m    |[39m               [31m[1m^[22m[2m[39m[22m
[2m     [90m 58 |[39m     }[22m
[2m     [90m 59 |[39m   }[22m
[2m     [90m 60 |[39m }[33m;[39m[0m[22m
[2m[22m
[2m      [2mat [22m[2mnode_modules/@jest/environment-jsdom-abstract/node_modules/jest-mock/build/index.js[2m:305:39[22m[2m[22m
[2m      [2mat ensureStoreMethods ([22m[2mtests/unit/lib/store/enhanced-conversation-memory.store.test.ts[2m:57:15)[22m[2m[22m
[2m      [2mat Object.<anonymous> ([22m[2mtests/unit/lib/store/enhanced-conversation-memory.store.test.ts[2m:82:3)[22m[2m[22m

    [2m[33mconsole.warn[39m[22m
[33m      Store method getMemoryStats is not a function or doesn't exist[39m
[2m[22m
[2m    [0m [90m 55 |[39m   [36mfor[39m ([36mconst[39m method [36mof[39m requiredMethods) {[22m
[2m     [90m 56 |[39m     [36mif[39m (store [33m&&[39m [36mtypeof[39m store[method] [33m!==[39m [32m'function'[39m) {[22m
[2m    [31m[1m>[22m[2m[39m[90m 57 |[39m       console[33m.[39mwarn([32m`Store method ${method} is not a function or doesn't exist`[39m)[33m;[39m[22m
[2m     [90m    |[39m               [31m[1m^[22m[2m[39m[22m
[2m     [90m 58 |[39m     }[22m
[2m     [90m 59 |[39m   }[22m
[2m     [90m 60 |[39m }[33m;[39m[0m[22m
[2m[22m
[2m      [2mat [22m[2mnode_modules/@jest/environment-jsdom-abstract/node_modules/jest-mock/build/index.js[2m:305:39[22m[2m[22m
[2m      [2mat ensureStoreMethods ([22m[2mtests/unit/lib/store/enhanced-conversation-memory.store.test.ts[2m:57:15)[22m[2m[22m
[2m      [2mat Object.<anonymous> ([22m[2mtests/unit/lib/store/enhanced-conversation-memory.store.test.ts[2m:82:3)[22m[2m[22m

    [2m[33mconsole.warn[39m[22m
[33m      Store method enableDbSync is not a function or doesn't exist[39m
[2m[22m
[2m    [0m [90m 55 |[39m   [36mfor[39m ([36mconst[39m method [36mof[39m requiredMethods) {[22m
[2m     [90m 56 |[39m     [36mif[39m (store [33m&&[39m [36mtypeof[39m store[method] [33m!==[39m [32m'function'[39m) {[22m
[2m    [31m[1m>[22m[2m[39m[90m 57 |[39m       console[33m.[39mwarn([32m`Store method ${method} is not a function or doesn't exist`[39m)[33m;[39m[22m
[2m     [90m    |[39m               [31m[1m^[22m[2m[39m[22m
[2m     [90m 58 |[39m     }[22m
[2m     [90m 59 |[39m   }[22m
[2m     [90m 60 |[39m }[33m;[39m[0m[22m
[2m[22m
[2m      [2mat [22m[2mnode_modules/@jest/environment-jsdom-abstract/node_modules/jest-mock/build/index.js[2m:305:39[22m[2m[22m
[2m      [2mat ensureStoreMethods ([22m[2mtests/unit/lib/store/enhanced-conversation-memory.store.test.ts[2m:57:15)[22m[2m[22m
[2m      [2mat Object.<anonymous> ([22m[2mtests/unit/lib/store/enhanced-conversation-memory.store.test.ts[2m:82:3)[22m[2m[22m

    [2m[33mconsole.warn[39m[22m
[33m      Store method disableDbSync is not a function or doesn't exist[39m
[2m[22m
[2m    [0m [90m 55 |[39m   [36mfor[39m ([36mconst[39m method [36mof[39m requiredMethods) {[22m
[2m     [90m 56 |[39m     [36mif[39m (store [33m&&[39m [36mtypeof[39m store[method] [33m!==[39m [32m'function'[39m) {[22m
[2m    [31m[1m>[22m[2m[39m[90m 57 |[39m       console[33m.[39mwarn([32m`Store method ${method} is not a function or doesn't exist`[39m)[33m;[39m[22m
[2m     [90m    |[39m               [31m[1m^[22m[2m[39m[22m
[2m     [90m 58 |[39m     }[22m
[2m     [90m 59 |[39m   }[22m
[2m     [90m 60 |[39m }[33m;[39m[0m[22m
[2m[22m
[2m      [2mat [22m[2mnode_modules/@jest/environment-jsdom-abstract/node_modules/jest-mock/build/index.js[2m:305:39[22m[2m[22m
[2m      [2mat ensureStoreMethods ([22m[2mtests/unit/lib/store/enhanced-conversation-memory.store.test.ts[2m:57:15)[22m[2m[22m
[2m      [2mat Object.<anonymous> ([22m[2mtests/unit/lib/store/enhanced-conversation-memory.store.test.ts[2m:82:3)[22m[2m[22m

    [2m[33mconsole.warn[39m[22m
[33m      Store method syncWithDatabase is not a function or doesn't exist[39m
[2m[22m
[2m    [0m [90m 55 |[39m   [36mfor[39m ([36mconst[39m method [36mof[39m requiredMethods) {[22m
[2m     [90m 56 |[39m     [36mif[39m (store [33m&&[39m [36mtypeof[39m store[method] [33m!==[39m [32m'function'[39m) {[22m
[2m    [31m[1m>[22m[2m[39m[90m 57 |[39m       console[33m.[39mwarn([32m`Store method ${method} is not a function or doesn't exist`[39m)[33m;[39m[22m
[2m     [90m    |[39m               [31m[1m^[22m[2m[39m[22m
[2m     [90m 58 |[39m     }[22m
[2m     [90m 59 |[39m   }[22m
[2m     [90m 60 |[39m }[33m;[39m[0m[22m
[2m[22m
[2m      [2mat [22m[2mnode_modules/@jest/environment-jsdom-abstract/node_modules/jest-mock/build/index.js[2m:305:39[22m[2m[22m
[2m      [2mat ensureStoreMethods ([22m[2mtests/unit/lib/store/enhanced-conversation-memory.store.test.ts[2m:57:15)[22m[2m[22m
[2m      [2mat Object.<anonymous> ([22m[2mtests/unit/lib/store/enhanced-conversation-memory.store.test.ts[2m:82:3)[22m[2m[22m

    [2m[33mconsole.warn[39m[22m
[33m      Store method loadFromDatabase is not a function or doesn't exist[39m
[2m[22m
[2m    [0m [90m 55 |[39m   [36mfor[39m ([36mconst[39m method [36mof[39m requiredMethods) {[22m
[2m     [90m 56 |[39m     [36mif[39m (store [33m&&[39m [36mtypeof[39m store[method] [33m!==[39m [32m'function'[39m) {[22m
[2m    [31m[1m>[22m[2m[39m[90m 57 |[39m       console[33m.[39mwarn([32m`Store method ${method} is not a function or doesn't exist`[39m)[33m;[39m[22m
[2m     [90m    |[39m               [31m[1m^[22m[2m[39m[22m
[2m     [90m 58 |[39m     }[22m
[2m     [90m 59 |[39m   }[22m
[2m     [90m 60 |[39m }[33m;[39m[0m[22m
[2m[22m
[2m      [2mat [22m[2mnode_modules/@jest/environment-jsdom-abstract/node_modules/jest-mock/build/index.js[2m:305:39[22m[2m[22m
[2m      [2mat ensureStoreMethods ([22m[2mtests/unit/lib/store/enhanced-conversation-memory.store.test.ts[2m:57:15)[22m[2m[22m
[2m      [2mat Object.<anonymous> ([22m[2mtests/unit/lib/store/enhanced-conversation-memory.store.test.ts[2m:82:3)[22m[2m[22m

    [2m[33mconsole.warn[39m[22m
[33m      Store method createSession is not a function or doesn't exist[39m
[2m[22m
[2m    [0m [90m 55 |[39m   [36mfor[39m ([36mconst[39m method [36mof[39m requiredMethods) {[22m
[2m     [90m 56 |[39m     [36mif[39m (store [33m&&[39m [36mtypeof[39m store[method] [33m!==[39m [32m'function'[39m) {[22m
[2m    [31m[1m>[22m[2m[39m[90m 57 |[39m       console[33m.[39mwarn([32m`Store method ${method} is not a function or doesn't exist`[39m)[33m;[39m[22m
[2m     [90m    |[39m               [31m[1m^[22m[2m[39m[22m
[2m     [90m 58 |[39m     }[22m
[2m     [90m 59 |[39m   }[22m
[2m     [90m 60 |[39m }[33m;[39m[0m[22m
[2m[22m
[2m      [2mat [22m[2mnode_modules/@jest/environment-jsdom-abstract/node_modules/jest-mock/build/index.js[2m:305:39[22m[2m[22m
[2m      [2mat ensureStoreMethods ([22m[2mtests/unit/lib/store/enhanced-conversation-memory.store.test.ts[2m:57:15)[22m[2m[22m
[2m      [2mat Object.<anonymous> ([22m[2mtests/unit/lib/store/enhanced-conversation-memory.store.test.ts[2m:82:3)[22m[2m[22m

    [2m[33mconsole.warn[39m[22m
[33m      Store method addMessage is not a function or doesn't exist[39m
[2m[22m
[2m    [0m [90m 55 |[39m   [36mfor[39m ([36mconst[39m method [36mof[39m requiredMethods) {[22m
[2m     [90m 56 |[39m     [36mif[39m (store [33m&&[39m [36mtypeof[39m store[method] [33m!==[39m [32m'function'[39m) {[22m
[2m    [31m[1m>[22m[2m[39m[90m 57 |[39m       console[33m.[39mwarn([32m`Store method ${method} is not a function or doesn't exist`[39m)[33m;[39m[22m
[2m     [90m    |[39m               [31m[1m^[22m[2m[39m[22m
[2m     [90m 58 |[39m     }[22m
[2m     [90m 59 |[39m   }[22m
[2m     [90m 60 |[39m }[33m;[39m[0m[22m
[2m[22m
[2m      [2mat [22m[2mnode_modules/@jest/environment-jsdom-abstract/node_modules/jest-mock/build/index.js[2m:305:39[22m[2m[22m
[2m      [2mat ensureStoreMethods ([22m[2mtests/unit/lib/store/enhanced-conversation-memory.store.test.ts[2m:57:15)[22m[2m[22m
[2m      [2mat Object.<anonymous> ([22m[2mtests/unit/lib/store/enhanced-conversation-memory.store.test.ts[2m:82:3)[22m[2m[22m

    [2m[33mconsole.warn[39m[22m
[33m      Store method getProcessedMessages is not a function or doesn't exist[39m
[2m[22m
[2m    [0m [90m 55 |[39m   [36mfor[39m ([36mconst[39m method [36mof[39m requiredMethods) {[22m
[2m     [90m 56 |[39m     [36mif[39m (store [33m&&[39m [36mtypeof[39m store[method] [33m!==[39m [32m'function'[39m) {[22m
[2m    [31m[1m>[22m[2m[39m[90m 57 |[39m       console[33m.[39mwarn([32m`Store method ${method} is not a function or doesn't exist`[39m)[33m;[39m[22m
[2m     [90m    |[39m               [31m[1m^[22m[2m[39m[22m
[2m     [90m 58 |[39m     }[22m
[2m     [90m 59 |[39m   }[22m
[2m     [90m 60 |[39m }[33m;[39m[0m[22m
[2m[22m
[2m      [2mat [22m[2mnode_modules/@jest/environment-jsdom-abstract/node_modules/jest-mock/build/index.js[2m:305:39[22m[2m[22m
[2m      [2mat ensureStoreMethods ([22m[2mtests/unit/lib/store/enhanced-conversation-memory.store.test.ts[2m:57:15)[22m[2m[22m
[2m      [2mat Object.<anonymous> ([22m[2mtests/unit/lib/store/enhanced-conversation-memory.store.test.ts[2m:82:3)[22m[2m[22m

    [2m[33mconsole.warn[39m[22m
[33m      Store method getRecentMessages is not a function or doesn't exist[39m
[2m[22m
[2m    [0m [90m 55 |[39m   [36mfor[39m ([36mconst[39m method [36mof[39m requiredMethods) {[22m
[2m     [90m 56 |[39m     [36mif[39m (store [33m&&[39m [36mtypeof[39m store[method] [33m!==[39m [32m'function'[39m) {[22m
[2m    [31m[1m>[22m[2m[39m[90m 57 |[39m       console[33m.[39mwarn([32m`Store method ${method} is not a function or doesn't exist`[39m)[33m;[39m[22m
[2m     [90m    |[39m               [31m[1m^[22m[2m[39m[22m
[2m     [90m 58 |[39m     }[22m
[2m     [90m 59 |[39m   }[22m
[2m     [90m 60 |[39m }[33m;[39m[0m[22m
[2m[22m
[2m      [2mat [22m[2mnode_modules/@jest/environment-jsdom-abstract/node_modules/jest-mock/build/index.js[2m:305:39[22m[2m[22m
[2m      [2mat ensureStoreMethods ([22m[2mtests/unit/lib/store/enhanced-conversation-memory.store.test.ts[2m:57:15)[22m[2m[22m
[2m      [2mat Object.<anonymous> ([22m[2mtests/unit/lib/store/enhanced-conversation-memory.store.test.ts[2m:82:3)[22m[2m[22m

    [2m[33mconsole.warn[39m[22m
[33m      Store method getSessionContext is not a function or doesn't exist[39m
[2m[22m
[2m    [0m [90m 55 |[39m   [36mfor[39m ([36mconst[39m method [36mof[39m requiredMethods) {[22m
[2m     [90m 56 |[39m     [36mif[39m (store [33m&&[39m [36mtypeof[39m store[method] [33m!==[39m [32m'function'[39m) {[22m
[2m    [31m[1m>[22m[2m[39m[90m 57 |[39m       console[33m.[39mwarn([32m`Store method ${method} is not a function or doesn't exist`[39m)[33m;[39m[22m
[2m     [90m    |[39m               [31m[1m^[22m[2m[39m[22m
[2m     [90m 58 |[39m     }[22m
[2m     [90m 59 |[39m   }[22m
[2m     [90m 60 |[39m }[33m;[39m[0m[22m
[2m[22m
[2m      [2mat [22m[2mnode_modules/@jest/environment-jsdom-abstract/node_modules/jest-mock/build/index.js[2m:305:39[22m[2m[22m
[2m      [2mat ensureStoreMethods ([22m[2mtests/unit/lib/store/enhanced-conversation-memory.store.test.ts[2m:57:15)[22m[2m[22m
[2m      [2mat Object.<anonymous> ([22m[2mtests/unit/lib/store/enhanced-conversation-memory.store.test.ts[2m:82:3)[22m[2m[22m

    [2m[33mconsole.warn[39m[22m
[33m      Store method updateMessageMetadata is not a function or doesn't exist[39m
[2m[22m
[2m    [0m [90m 55 |[39m   [36mfor[39m ([36mconst[39m method [36mof[39m requiredMethods) {[22m
[2m     [90m 56 |[39m     [36mif[39m (store [33m&&[39m [36mtypeof[39m store[method] [33m!==[39m [32m'function'[39m) {[22m
[2m    [31m[1m>[22m[2m[39m[90m 57 |[39m       console[33m.[39mwarn([32m`Store method ${method} is not a function or doesn't exist`[39m)[33m;[39m[22m
[2m     [90m    |[39m               [31m[1m^[22m[2m[39m[22m
[2m     [90m 58 |[39m     }[22m
[2m     [90m 59 |[39m   }[22m
[2m     [90m 60 |[39m }[33m;[39m[0m[22m
[2m[22m
[2m      [2mat [22m[2mnode_modules/@jest/environment-jsdom-abstract/node_modules/jest-mock/build/index.js[2m:305:39[22m[2m[22m
[2m      [2mat ensureStoreMethods ([22m[2mtests/unit/lib/store/enhanced-conversation-memory.store.test.ts[2m:57:15)[22m[2m[22m
[2m      [2mat Object.<anonymous> ([22m[2mtests/unit/lib/store/enhanced-conversation-memory.store.test.ts[2m:82:3)[22m[2m[22m

    [2m[33mconsole.warn[39m[22m
[33m      Store method clearSession is not a function or doesn't exist[39m
[2m[22m
[2m    [0m [90m 55 |[39m   [36mfor[39m ([36mconst[39m method [36mof[39m requiredMethods) {[22m
[2m     [90m 56 |[39m     [36mif[39m (store [33m&&[39m [36mtypeof[39m store[method] [33m!==[39m [32m'function'[39m) {[22m
[2m    [31m[1m>[22m[2m[39m[90m 57 |[39m       console[33m.[39mwarn([32m`Store method ${method} is not a function or doesn't exist`[39m)[33m;[39m[22m
[2m     [90m    |[39m               [31m[1m^[22m[2m[39m[22m
[2m     [90m 58 |[39m     }[22m
[2m     [90m 59 |[39m   }[22m
[2m     [90m 60 |[39m }[33m;[39m[0m[22m
[2m[22m
[2m      [2mat [22m[2mnode_modules/@jest/environment-jsdom-abstract/node_modules/jest-mock/build/index.js[2m:305:39[22m[2m[22m
[2m      [2mat ensureStoreMethods ([22m[2mtests/unit/lib/store/enhanced-conversation-memory.store.test.ts[2m:57:15)[22m[2m[22m
[2m      [2mat Object.<anonymous> ([22m[2mtests/unit/lib/store/enhanced-conversation-memory.store.test.ts[2m:82:3)[22m[2m[22m

    [2m[33mconsole.warn[39m[22m
[33m      Store method searchMessages is not a function or doesn't exist[39m
[2m[22m
[2m    [0m [90m 55 |[39m   [36mfor[39m ([36mconst[39m method [36mof[39m requiredMethods) {[22m
[2m     [90m 56 |[39m     [36mif[39m (store [33m&&[39m [36mtypeof[39m store[method] [33m!==[39m [32m'function'[39m) {[22m
[2m    [31m[1m>[22m[2m[39m[90m 57 |[39m       console[33m.[39mwarn([32m`Store method ${method} is not a function or doesn't exist`[39m)[33m;[39m[22m
[2m     [90m    |[39m               [31m[1m^[22m[2m[39m[22m
[2m     [90m 58 |[39m     }[22m
[2m     [90m 59 |[39m   }[22m
[2m     [90m 60 |[39m }[33m;[39m[0m[22m
[2m[22m
[2m      [2mat [22m[2mnode_modules/@jest/environment-jsdom-abstract/node_modules/jest-mock/build/index.js[2m:305:39[22m[2m[22m
[2m      [2mat ensureStoreMethods ([22m[2mtests/unit/lib/store/enhanced-conversation-memory.store.test.ts[2m:57:15)[22m[2m[22m
[2m      [2mat Object.<anonymous> ([22m[2mtests/unit/lib/store/enhanced-conversation-memory.store.test.ts[2m:82:3)[22m[2m[22m

    [2m[33mconsole.warn[39m[22m
[33m      Store method summarizeSession is not a function or doesn't exist[39m
[2m[22m
[2m    [0m [90m 55 |[39m   [36mfor[39m ([36mconst[39m method [36mof[39m requiredMethods) {[22m
[2m     [90m 56 |[39m     [36mif[39m (store [33m&&[39m [36mtypeof[39m store[method] [33m!==[39m [32m'function'[39m) {[22m
[2m    [31m[1m>[22m[2m[39m[90m 57 |[39m       console[33m.[39mwarn([32m`Store method ${method} is not a function or doesn't exist`[39m)[33m;[39m[22m
[2m     [90m    |[39m               [31m[1m^[22m[2m[39m[22m
[2m     [90m 58 |[39m     }[22m
[2m     [90m 59 |[39m   }[22m
[2m     [90m 60 |[39m }[33m;[39m[0m[22m
[2m[22m
[2m      [2mat [22m[2mnode_modules/@jest/environment-jsdom-abstract/node_modules/jest-mock/build/index.js[2m:305:39[22m[2m[22m
[2m      [2mat ensureStoreMethods ([22m[2mtests/unit/lib/store/enhanced-conversation-memory.store.test.ts[2m:57:15)[22m[2m[22m
[2m      [2mat Object.<anonymous> ([22m[2mtests/unit/lib/store/enhanced-conversation-memory.store.test.ts[2m:82:3)[22m[2m[22m

    [2m[33mconsole.warn[39m[22m
[33m      Store method addProcessor is not a function or doesn't exist[39m
[2m[22m
[2m    [0m [90m 55 |[39m   [36mfor[39m ([36mconst[39m method [36mof[39m requiredMethods) {[22m
[2m     [90m 56 |[39m     [36mif[39m (store [33m&&[39m [36mtypeof[39m store[method] [33m!==[39m [32m'function'[39m) {[22m
[2m    [31m[1m>[22m[2m[39m[90m 57 |[39m       console[33m.[39mwarn([32m`Store method ${method} is not a function or doesn't exist`[39m)[33m;[39m[22m
[2m     [90m    |[39m               [31m[1m^[22m[2m[39m[22m
[2m     [90m 58 |[39m     }[22m
[2m     [90m 59 |[39m   }[22m
[2m     [90m 60 |[39m }[33m;[39m[0m[22m
[2m[22m
[2m      [2mat [22m[2mnode_modules/@jest/environment-jsdom-abstract/node_modules/jest-mock/build/index.js[2m:305:39[22m[2m[22m
[2m      [2mat ensureStoreMethods ([22m[2mtests/unit/lib/store/enhanced-conversation-memory.store.test.ts[2m:57:15)[22m[2m[22m
[2m      [2mat Object.<anonymous> ([22m[2mtests/unit/lib/store/enhanced-conversation-memory.store.test.ts[2m:82:3)[22m[2m[22m

    [2m[33mconsole.warn[39m[22m
[33m      Store method removeProcessor is not a function or doesn't exist[39m
[2m[22m
[2m    [0m [90m 55 |[39m   [36mfor[39m ([36mconst[39m method [36mof[39m requiredMethods) {[22m
[2m     [90m 56 |[39m     [36mif[39m (store [33m&&[39m [36mtypeof[39m store[method] [33m!==[39m [32m'function'[39m) {[22m
[2m    [31m[1m>[22m[2m[39m[90m 57 |[39m       console[33m.[39mwarn([32m`Store method ${method} is not a function or doesn't exist`[39m)[33m;[39m[22m
[2m     [90m    |[39m               [31m[1m^[22m[2m[39m[22m
[2m     [90m 58 |[39m     }[22m
[2m     [90m 59 |[39m   }[22m
[2m     [90m 60 |[39m }[33m;[39m[0m[22m
[2m[22m
[2m      [2mat [22m[2mnode_modules/@jest/environment-jsdom-abstract/node_modules/jest-mock/build/index.js[2m:305:39[22m[2m[22m
[2m      [2mat ensureStoreMethods ([22m[2mtests/unit/lib/store/enhanced-conversation-memory.store.test.ts[2m:57:15)[22m[2m[22m
[2m      [2mat Object.<anonymous> ([22m[2mtests/unit/lib/store/enhanced-conversation-memory.store.test.ts[2m:82:3)[22m[2m[22m

    [2m[33mconsole.warn[39m[22m
[33m      Store method setDefaultProcessors is not a function or doesn't exist[39m
[2m[22m
[2m    [0m [90m 55 |[39m   [36mfor[39m ([36mconst[39m method [36mof[39m requiredMethods) {[22m
[2m     [90m 56 |[39m     [36mif[39m (store [33m&&[39m [36mtypeof[39m store[method] [33m!==[39m [32m'function'[39m) {[22m
[2m    [31m[1m>[22m[2m[39m[90m 57 |[39m       console[33m.[39mwarn([32m`Store method ${method} is not a function or doesn't exist`[39m)[33m;[39m[22m
[2m     [90m    |[39m               [31m[1m^[22m[2m[39m[22m
[2m     [90m 58 |[39m     }[22m
[2m     [90m 59 |[39m   }[22m
[2m     [90m 60 |[39m }[33m;[39m[0m[22m
[2m[22m
[2m      [2mat [22m[2mnode_modules/@jest/environment-jsdom-abstract/node_modules/jest-mock/build/index.js[2m:305:39[22m[2m[22m
[2m      [2mat ensureStoreMethods ([22m[2mtests/unit/lib/store/enhanced-conversation-memory.store.test.ts[2m:57:15)[22m[2m[22m
[2m      [2mat Object.<anonymous> ([22m[2mtests/unit/lib/store/enhanced-conversation-memory.store.test.ts[2m:82:3)[22m[2m[22m

    [2m[33mconsole.warn[39m[22m
[33m      Store method getMemoryStats is not a function or doesn't exist[39m
[2m[22m
[2m    [0m [90m 55 |[39m   [36mfor[39m ([36mconst[39m method [36mof[39m requiredMethods) {[22m
[2m     [90m 56 |[39m     [36mif[39m (store [33m&&[39m [36mtypeof[39m store[method] [33m!==[39m [32m'function'[39m) {[22m
[2m    [31m[1m>[22m[2m[39m[90m 57 |[39m       console[33m.[39mwarn([32m`Store method ${method} is not a function or doesn't exist`[39m)[33m;[39m[22m
[2m     [90m    |[39m               [31m[1m^[22m[2m[39m[22m
[2m     [90m 58 |[39m     }[22m
[2m     [90m 59 |[39m   }[22m
[2m     [90m 60 |[39m }[33m;[39m[0m[22m
[2m[22m
[2m      [2mat [22m[2mnode_modules/@jest/environment-jsdom-abstract/node_modules/jest-mock/build/index.js[2m:305:39[22m[2m[22m
[2m      [2mat ensureStoreMethods ([22m[2mtests/unit/lib/store/enhanced-conversation-memory.store.test.ts[2m:57:15)[22m[2m[22m
[2m      [2mat Object.<anonymous> ([22m[2mtests/unit/lib/store/enhanced-conversation-memory.store.test.ts[2m:82:3)[22m[2m[22m

    [2m[33mconsole.warn[39m[22m
[33m      Store method enableDbSync is not a function or doesn't exist[39m
[2m[22m
[2m    [0m [90m 55 |[39m   [36mfor[39m ([36mconst[39m method [36mof[39m requiredMethods) {[22m
[2m     [90m 56 |[39m     [36mif[39m (store [33m&&[39m [36mtypeof[39m store[method] [33m!==[39m [32m'function'[39m) {[22m
[2m    [31m[1m>[22m[2m[39m[90m 57 |[39m       console[33m.[39mwarn([32m`Store method ${method} is not a function or doesn't exist`[39m)[33m;[39m[22m
[2m     [90m    |[39m               [31m[1m^[22m[2m[39m[22m
[2m     [90m 58 |[39m     }[22m
[2m     [90m 59 |[39m   }[22m
[2m     [90m 60 |[39m }[33m;[39m[0m[22m
[2m[22m
[2m      [2mat [22m[2mnode_modules/@jest/environment-jsdom-abstract/node_modules/jest-mock/build/index.js[2m:305:39[22m[2m[22m
[2m      [2mat ensureStoreMethods ([22m[2mtests/unit/lib/store/enhanced-conversation-memory.store.test.ts[2m:57:15)[22m[2m[22m
[2m      [2mat Object.<anonymous> ([22m[2mtests/unit/lib/store/enhanced-conversation-memory.store.test.ts[2m:82:3)[22m[2m[22m

    [2m[33mconsole.warn[39m[22m
[33m      Store method disableDbSync is not a function or doesn't exist[39m
[2m[22m
[2m    [0m [90m 55 |[39m   [36mfor[39m ([36mconst[39m method [36mof[39m requiredMethods) {[22m
[2m     [90m 56 |[39m     [36mif[39m (store [33m&&[39m [36mtypeof[39m store[method] [33m!==[39m [32m'function'[39m) {[22m
[2m    [31m[1m>[22m[2m[39m[90m 57 |[39m       console[33m.[39mwarn([32m`Store method ${method} is not a function or doesn't exist`[39m)[33m;[39m[22m
[2m     [90m    |[39m               [31m[1m^[22m[2m[39m[22m
[2m     [90m 58 |[39m     }[22m
[2m     [90m 59 |[39m   }[22m
[2m     [90m 60 |[39m }[33m;[39m[0m[22m
[2m[22m
[2m      [2mat [22m[2mnode_modules/@jest/environment-jsdom-abstract/node_modules/jest-mock/build/index.js[2m:305:39[22m[2m[22m
[2m      [2mat ensureStoreMethods ([22m[2mtests/unit/lib/store/enhanced-conversation-memory.store.test.ts[2m:57:15)[22m[2m[22m
[2m      [2mat Object.<anonymous> ([22m[2mtests/unit/lib/store/enhanced-conversation-memory.store.test.ts[2m:82:3)[22m[2m[22m

    [2m[33mconsole.warn[39m[22m
[33m      Store method syncWithDatabase is not a function or doesn't exist[39m
[2m[22m
[2m    [0m [90m 55 |[39m   [36mfor[39m ([36mconst[39m method [36mof[39m requiredMethods) {[22m
[2m     [90m 56 |[39m     [36mif[39m (store [33m&&[39m [36mtypeof[39m store[method] [33m!==[39m [32m'function'[39m) {[22m
[2m    [31m[1m>[22m[2m[39m[90m 57 |[39m       console[33m.[39mwarn([32m`Store method ${method} is not a function or doesn't exist`[39m)[33m;[39m[22m
[2m     [90m    |[39m               [31m[1m^[22m[2m[39m[22m
[2m     [90m 58 |[39m     }[22m
[2m     [90m 59 |[39m   }[22m
[2m     [90m 60 |[39m }[33m;[39m[0m[22m
[2m[22m
[2m      [2mat [22m[2mnode_modules/@jest/environment-jsdom-abstract/node_modules/jest-mock/build/index.js[2m:305:39[22m[2m[22m
[2m      [2mat ensureStoreMethods ([22m[2mtests/unit/lib/store/enhanced-conversation-memory.store.test.ts[2m:57:15)[22m[2m[22m
[2m      [2mat Object.<anonymous> ([22m[2mtests/unit/lib/store/enhanced-conversation-memory.store.test.ts[2m:82:3)[22m[2m[22m

    [2m[33mconsole.warn[39m[22m
[33m      Store method loadFromDatabase is not a function or doesn't exist[39m
[2m[22m
[2m    [0m [90m 55 |[39m   [36mfor[39m ([36mconst[39m method [36mof[39m requiredMethods) {[22m
[2m     [90m 56 |[39m     [36mif[39m (store [33m&&[39m [36mtypeof[39m store[method] [33m!==[39m [32m'function'[39m) {[22m
[2m    [31m[1m>[22m[2m[39m[90m 57 |[39m       console[33m.[39mwarn([32m`Store method ${method} is not a function or doesn't exist`[39m)[33m;[39m[22m
[2m     [90m    |[39m               [31m[1m^[22m[2m[39m[22m
[2m     [90m 58 |[39m     }[22m
[2m     [90m 59 |[39m   }[22m
[2m     [90m 60 |[39m }[33m;[39m[0m[22m
[2m[22m
[2m      [2mat [22m[2mnode_modules/@jest/environment-jsdom-abstract/node_modules/jest-mock/build/index.js[2m:305:39[22m[2m[22m
[2m      [2mat ensureStoreMethods ([22m[2mtests/unit/lib/store/enhanced-conversation-memory.store.test.ts[2m:57:15)[22m[2m[22m
[2m      [2mat Object.<anonymous> ([22m[2mtests/unit/lib/store/enhanced-conversation-memory.store.test.ts[2m:82:3)[22m[2m[22m

    [2m[33mconsole.warn[39m[22m
[33m      Store method createSession is not a function or doesn't exist[39m
[2m[22m
[2m    [0m [90m 55 |[39m   [36mfor[39m ([36mconst[39m method [36mof[39m requiredMethods) {[22m
[2m     [90m 56 |[39m     [36mif[39m (store [33m&&[39m [36mtypeof[39m store[method] [33m!==[39m [32m'function'[39m) {[22m
[2m    [31m[1m>[22m[2m[39m[90m 57 |[39m       console[33m.[39mwarn([32m`Store method ${method} is not a function or doesn't exist`[39m)[33m;[39m[22m
[2m     [90m    |[39m               [31m[1m^[22m[2m[39m[22m
[2m     [90m 58 |[39m     }[22m
[2m     [90m 59 |[39m   }[22m
[2m     [90m 60 |[39m }[33m;[39m[0m[22m
[2m[22m
[2m      [2mat [22m[2mnode_modules/@jest/environment-jsdom-abstract/node_modules/jest-mock/build/index.js[2m:305:39[22m[2m[22m
[2m      [2mat ensureStoreMethods ([22m[2mtests/unit/lib/store/enhanced-conversation-memory.store.test.ts[2m:57:15)[22m[2m[22m
[2m      [2mat Object.<anonymous> ([22m[2mtests/unit/lib/store/enhanced-conversation-memory.store.test.ts[2m:82:3)[22m[2m[22m

    [2m[33mconsole.warn[39m[22m
[33m      Store method addMessage is not a function or doesn't exist[39m
[2m[22m
[2m    [0m [90m 55 |[39m   [36mfor[39m ([36mconst[39m method [36mof[39m requiredMethods) {[22m
[2m     [90m 56 |[39m     [36mif[39m (store [33m&&[39m [36mtypeof[39m store[method] [33m!==[39m [32m'function'[39m) {[22m
[2m    [31m[1m>[22m[2m[39m[90m 57 |[39m       console[33m.[39mwarn([32m`Store method ${method} is not a function or doesn't exist`[39m)[33m;[39m[22m
[2m     [90m    |[39m               [31m[1m^[22m[2m[39m[22m
[2m     [90m 58 |[39m     }[22m
[2m     [90m 59 |[39m   }[22m
[2m     [90m 60 |[39m }[33m;[39m[0m[22m
[2m[22m
[2m      [2mat [22m[2mnode_modules/@jest/environment-jsdom-abstract/node_modules/jest-mock/build/index.js[2m:305:39[22m[2m[22m
[2m      [2mat ensureStoreMethods ([22m[2mtests/unit/lib/store/enhanced-conversation-memory.store.test.ts[2m:57:15)[22m[2m[22m
[2m      [2mat Object.<anonymous> ([22m[2mtests/unit/lib/store/enhanced-conversation-memory.store.test.ts[2m:82:3)[22m[2m[22m

    [2m[33mconsole.warn[39m[22m
[33m      Store method getProcessedMessages is not a function or doesn't exist[39m
[2m[22m
[2m    [0m [90m 55 |[39m   [36mfor[39m ([36mconst[39m method [36mof[39m requiredMethods) {[22m
[2m     [90m 56 |[39m     [36mif[39m (store [33m&&[39m [36mtypeof[39m store[method] [33m!==[39m [32m'function'[39m) {[22m
[2m    [31m[1m>[22m[2m[39m[90m 57 |[39m       console[33m.[39mwarn([32m`Store method ${method} is not a function or doesn't exist`[39m)[33m;[39m[22m
[2m     [90m    |[39m               [31m[1m^[22m[2m[39m[22m
[2m     [90m 58 |[39m     }[22m
[2m     [90m 59 |[39m   }[22m
[2m     [90m 60 |[39m }[33m;[39m[0m[22m
[2m[22m
[2m      [2mat [22m[2mnode_modules/@jest/environment-jsdom-abstract/node_modules/jest-mock/build/index.js[2m:305:39[22m[2m[22m
[2m      [2mat ensureStoreMethods ([22m[2mtests/unit/lib/store/enhanced-conversation-memory.store.test.ts[2m:57:15)[22m[2m[22m
[2m      [2mat Object.<anonymous> ([22m[2mtests/unit/lib/store/enhanced-conversation-memory.store.test.ts[2m:82:3)[22m[2m[22m

    [2m[33mconsole.warn[39m[22m
[33m      Store method getRecentMessages is not a function or doesn't exist[39m
[2m[22m
[2m    [0m [90m 55 |[39m   [36mfor[39m ([36mconst[39m method [36mof[39m requiredMethods) {[22m
[2m     [90m 56 |[39m     [36mif[39m (store [33m&&[39m [36mtypeof[39m store[method] [33m!==[39m [32m'function'[39m) {[22m
[2m    [31m[1m>[22m[2m[39m[90m 57 |[39m       console[33m.[39mwarn([32m`Store method ${method} is not a function or doesn't exist`[39m)[33m;[39m[22m
[2m     [90m    |[39m               [31m[1m^[22m[2m[39m[22m
[2m     [90m 58 |[39m     }[22m
[2m     [90m 59 |[39m   }[22m
[2m     [90m 60 |[39m }[33m;[39m[0m[22m
[2m[22m
[2m      [2mat [22m[2mnode_modules/@jest/environment-jsdom-abstract/node_modules/jest-mock/build/index.js[2m:305:39[22m[2m[22m
[2m      [2mat ensureStoreMethods ([22m[2mtests/unit/lib/store/enhanced-conversation-memory.store.test.ts[2m:57:15)[22m[2m[22m
[2m      [2mat Object.<anonymous> ([22m[2mtests/unit/lib/store/enhanced-conversation-memory.store.test.ts[2m:82:3)[22m[2m[22m

    [2m[33mconsole.warn[39m[22m
[33m      Store method getSessionContext is not a function or doesn't exist[39m
[2m[22m
[2m    [0m [90m 55 |[39m   [36mfor[39m ([36mconst[39m method [36mof[39m requiredMethods) {[22m
[2m     [90m 56 |[39m     [36mif[39m (store [33m&&[39m [36mtypeof[39m store[method] [33m!==[39m [32m'function'[39m) {[22m
[2m    [31m[1m>[22m[2m[39m[90m 57 |[39m       console[33m.[39mwarn([32m`Store method ${method} is not a function or doesn't exist`[39m)[33m;[39m[22m
[2m     [90m    |[39m               [31m[1m^[22m[2m[39m[22m
[2m     [90m 58 |[39m     }[22m
[2m     [90m 59 |[39m   }[22m
[2m     [90m 60 |[39m }[33m;[39m[0m[22m
[2m[22m
[2m      [2mat [22m[2mnode_modules/@jest/environment-jsdom-abstract/node_modules/jest-mock/build/index.js[2m:305:39[22m[2m[22m
[2m      [2mat ensureStoreMethods ([22m[2mtests/unit/lib/store/enhanced-conversation-memory.store.test.ts[2m:57:15)[22m[2m[22m
[2m      [2mat Object.<anonymous> ([22m[2mtests/unit/lib/store/enhanced-conversation-memory.store.test.ts[2m:82:3)[22m[2m[22m

    [2m[33mconsole.warn[39m[22m
[33m      Store method updateMessageMetadata is not a function or doesn't exist[39m
[2m[22m
[2m    [0m [90m 55 |[39m   [36mfor[39m ([36mconst[39m method [36mof[39m requiredMethods) {[22m
[2m     [90m 56 |[39m     [36mif[39m (store [33m&&[39m [36mtypeof[39m store[method] [33m!==[39m [32m'function'[39m) {[22m
[2m    [31m[1m>[22m[2m[39m[90m 57 |[39m       console[33m.[39mwarn([32m`Store method ${method} is not a function or doesn't exist`[39m)[33m;[39m[22m
[2m     [90m    |[39m               [31m[1m^[22m[2m[39m[22m
[2m     [90m 58 |[39m     }[22m
[2m     [90m 59 |[39m   }[22m
[2m     [90m 60 |[39m }[33m;[39m[0m[22m
[2m[22m
[2m      [2mat [22m[2mnode_modules/@jest/environment-jsdom-abstract/node_modules/jest-mock/build/index.js[2m:305:39[22m[2m[22m
[2m      [2mat ensureStoreMethods ([22m[2mtests/unit/lib/store/enhanced-conversation-memory.store.test.ts[2m:57:15)[22m[2m[22m
[2m      [2mat Object.<anonymous> ([22m[2mtests/unit/lib/store/enhanced-conversation-memory.store.test.ts[2m:82:3)[22m[2m[22m

    [2m[33mconsole.warn[39m[22m
[33m      Store method clearSession is not a function or doesn't exist[39m
[2m[22m
[2m    [0m [90m 55 |[39m   [36mfor[39m ([36mconst[39m method [36mof[39m requiredMethods) {[22m
[2m     [90m 56 |[39m     [36mif[39m (store [33m&&[39m [36mtypeof[39m store[method] [33m!==[39m [32m'function'[39m) {[22m
[2m    [31m[1m>[22m[2m[39m[90m 57 |[39m       console[33m.[39mwarn([32m`Store method ${method} is not a function or doesn't exist`[39m)[33m;[39m[22m
[2m     [90m    |[39m               [31m[1m^[22m[2m[39m[22m
[2m     [90m 58 |[39m     }[22m
[2m     [90m 59 |[39m   }[22m
[2m     [90m 60 |[39m }[33m;[39m[0m[22m
[2m[22m
[2m      [2mat [22m[2mnode_modules/@jest/environment-jsdom-abstract/node_modules/jest-mock/build/index.js[2m:305:39[22m[2m[22m
[2m      [2mat ensureStoreMethods ([22m[2mtests/unit/lib/store/enhanced-conversation-memory.store.test.ts[2m:57:15)[22m[2m[22m
[2m      [2mat Object.<anonymous> ([22m[2mtests/unit/lib/store/enhanced-conversation-memory.store.test.ts[2m:82:3)[22m[2m[22m

    [2m[33mconsole.warn[39m[22m
[33m      Store method searchMessages is not a function or doesn't exist[39m
[2m[22m
[2m    [0m [90m 55 |[39m   [36mfor[39m ([36mconst[39m method [36mof[39m requiredMethods) {[22m
[2m     [90m 56 |[39m     [36mif[39m (store [33m&&[39m [36mtypeof[39m store[method] [33m!==[39m [32m'function'[39m) {[22m
[2m    [31m[1m>[22m[2m[39m[90m 57 |[39m       console[33m.[39mwarn([32m`Store method ${method} is not a function or doesn't exist`[39m)[33m;[39m[22m
[2m     [90m    |[39m               [31m[1m^[22m[2m[39m[22m
[2m     [90m 58 |[39m     }[22m
[2m     [90m 59 |[39m   }[22m
[2m     [90m 60 |[39m }[33m;[39m[0m[22m
[2m[22m
[2m      [2mat [22m[2mnode_modules/@jest/environment-jsdom-abstract/node_modules/jest-mock/build/index.js[2m:305:39[22m[2m[22m
[2m      [2mat ensureStoreMethods ([22m[2mtests/unit/lib/store/enhanced-conversation-memory.store.test.ts[2m:57:15)[22m[2m[22m
[2m      [2mat Object.<anonymous> ([22m[2mtests/unit/lib/store/enhanced-conversation-memory.store.test.ts[2m:82:3)[22m[2m[22m

    [2m[33mconsole.warn[39m[22m
[33m      Store method summarizeSession is not a function or doesn't exist[39m
[2m[22m
[2m    [0m [90m 55 |[39m   [36mfor[39m ([36mconst[39m method [36mof[39m requiredMethods) {[22m
[2m     [90m 56 |[39m     [36mif[39m (store [33m&&[39m [36mtypeof[39m store[method] [33m!==[39m [32m'function'[39m) {[22m
[2m    [31m[1m>[22m[2m[39m[90m 57 |[39m       console[33m.[39mwarn([32m`Store method ${method} is not a function or doesn't exist`[39m)[33m;[39m[22m
[2m     [90m    |[39m               [31m[1m^[22m[2m[39m[22m
[2m     [90m 58 |[39m     }[22m
[2m     [90m 59 |[39m   }[22m
[2m     [90m 60 |[39m }[33m;[39m[0m[22m
[2m[22m
[2m      [2mat [22m[2mnode_modules/@jest/environment-jsdom-abstract/node_modules/jest-mock/build/index.js[2m:305:39[22m[2m[22m
[2m      [2mat ensureStoreMethods ([22m[2mtests/unit/lib/store/enhanced-conversation-memory.store.test.ts[2m:57:15)[22m[2m[22m
[2m      [2mat Object.<anonymous> ([22m[2mtests/unit/lib/store/enhanced-conversation-memory.store.test.ts[2m:82:3)[22m[2m[22m

    [2m[33mconsole.warn[39m[22m
[33m      Store method addProcessor is not a function or doesn't exist[39m
[2m[22m
[2m    [0m [90m 55 |[39m   [36mfor[39m ([36mconst[39m method [36mof[39m requiredMethods) {[22m
[2m     [90m 56 |[39m     [36mif[39m (store [33m&&[39m [36mtypeof[39m store[method] [33m!==[39m [32m'function'[39m) {[22m
[2m    [31m[1m>[22m[2m[39m[90m 57 |[39m       console[33m.[39mwarn([32m`Store method ${method} is not a function or doesn't exist`[39m)[33m;[39m[22m
[2m     [90m    |[39m               [31m[1m^[22m[2m[39m[22m
[2m     [90m 58 |[39m     }[22m
[2m     [90m 59 |[39m   }[22m
[2m     [90m 60 |[39m }[33m;[39m[0m[22m
[2m[22m
[2m      [2mat [22m[2mnode_modules/@jest/environment-jsdom-abstract/node_modules/jest-mock/build/index.js[2m:305:39[22m[2m[22m
[2m      [2mat ensureStoreMethods ([22m[2mtests/unit/lib/store/enhanced-conversation-memory.store.test.ts[2m:57:15)[22m[2m[22m
[2m      [2mat Object.<anonymous> ([22m[2mtests/unit/lib/store/enhanced-conversation-memory.store.test.ts[2m:82:3)[22m[2m[22m

    [2m[33mconsole.warn[39m[22m
[33m      Store method removeProcessor is not a function or doesn't exist[39m
[2m[22m
[2m    [0m [90m 55 |[39m   [36mfor[39m ([36mconst[39m method [36mof[39m requiredMethods) {[22m
[2m     [90m 56 |[39m     [36mif[39m (store [33m&&[39m [36mtypeof[39m store[method] [33m!==[39m [32m'function'[39m) {[22m
[2m    [31m[1m>[22m[2m[39m[90m 57 |[39m       console[33m.[39mwarn([32m`Store method ${method} is not a function or doesn't exist`[39m)[33m;[39m[22m
[2m     [90m    |[39m               [31m[1m^[22m[2m[39m[22m
[2m     [90m 58 |[39m     }[22m
[2m     [90m 59 |[39m   }[22m
[2m     [90m 60 |[39m }[33m;[39m[0m[22m
[2m[22m
[2m      [2mat [22m[2mnode_modules/@jest/environment-jsdom-abstract/node_modules/jest-mock/build/index.js[2m:305:39[22m[2m[22m
[2m      [2mat ensureStoreMethods ([22m[2mtests/unit/lib/store/enhanced-conversation-memory.store.test.ts[2m:57:15)[22m[2m[22m
[2m      [2mat Object.<anonymous> ([22m[2mtests/unit/lib/store/enhanced-conversation-memory.store.test.ts[2m:82:3)[22m[2m[22m

    [2m[33mconsole.warn[39m[22m
[33m      Store method setDefaultProcessors is not a function or doesn't exist[39m
[2m[22m
[2m    [0m [90m 55 |[39m   [36mfor[39m ([36mconst[39m method [36mof[39m requiredMethods) {[22m
[2m     [90m 56 |[39m     [36mif[39m (store [33m&&[39m [36mtypeof[39m store[method] [33m!==[39m [32m'function'[39m) {[22m
[2m    [31m[1m>[22m[2m[39m[90m 57 |[39m       console[33m.[39mwarn([32m`Store method ${method} is not a function or doesn't exist`[39m)[33m;[39m[22m
[2m     [90m    |[39m               [31m[1m^[22m[2m[39m[22m
[2m     [90m 58 |[39m     }[22m
[2m     [90m 59 |[39m   }[22m
[2m     [90m 60 |[39m }[33m;[39m[0m[22m
[2m[22m
[2m      [2mat [22m[2mnode_modules/@jest/environment-jsdom-abstract/node_modules/jest-mock/build/index.js[2m:305:39[22m[2m[22m
[2m      [2mat ensureStoreMethods ([22m[2mtests/unit/lib/store/enhanced-conversation-memory.store.test.ts[2m:57:15)[22m[2m[22m
[2m      [2mat Object.<anonymous> ([22m[2mtests/unit/lib/store/enhanced-conversation-memory.store.test.ts[2m:82:3)[22m[2m[22m

    [2m[33mconsole.warn[39m[22m
[33m      Store method getMemoryStats is not a function or doesn't exist[39m
[2m[22m
[2m    [0m [90m 55 |[39m   [36mfor[39m ([36mconst[39m method [36mof[39m requiredMethods) {[22m
[2m     [90m 56 |[39m     [36mif[39m (store [33m&&[39m [36mtypeof[39m store[method] [33m!==[39m [32m'function'[39m) {[22m
[2m    [31m[1m>[22m[2m[39m[90m 57 |[39m       console[33m.[39mwarn([32m`Store method ${method} is not a function or doesn't exist`[39m)[33m;[39m[22m
[2m     [90m    |[39m               [31m[1m^[22m[2m[39m[22m
[2m     [90m 58 |[39m     }[22m
[2m     [90m 59 |[39m   }[22m
[2m     [90m 60 |[39m }[33m;[39m[0m[22m
[2m[22m
[2m      [2mat [22m[2mnode_modules/@jest/environment-jsdom-abstract/node_modules/jest-mock/build/index.js[2m:305:39[22m[2m[22m
[2m      [2mat ensureStoreMethods ([22m[2mtests/unit/lib/store/enhanced-conversation-memory.store.test.ts[2m:57:15)[22m[2m[22m
[2m      [2mat Object.<anonymous> ([22m[2mtests/unit/lib/store/enhanced-conversation-memory.store.test.ts[2m:82:3)[22m[2m[22m

    [2m[33mconsole.warn[39m[22m
[33m      Store method enableDbSync is not a function or doesn't exist[39m
[2m[22m
[2m    [0m [90m 55 |[39m   [36mfor[39m ([36mconst[39m method [36mof[39m requiredMethods) {[22m
[2m     [90m 56 |[39m     [36mif[39m (store [33m&&[39m [36mtypeof[39m store[method] [33m!==[39m [32m'function'[39m) {[22m
[2m    [31m[1m>[22m[2m[39m[90m 57 |[39m       console[33m.[39mwarn([32m`Store method ${method} is not a function or doesn't exist`[39m)[33m;[39m[22m
[2m     [90m    |[39m               [31m[1m^[22m[2m[39m[22m
[2m     [90m 58 |[39m     }[22m
[2m     [90m 59 |[39m   }[22m
[2m     [90m 60 |[39m }[33m;[39m[0m[22m
[2m[22m
[2m      [2mat [22m[2mnode_modules/@jest/environment-jsdom-abstract/node_modules/jest-mock/build/index.js[2m:305:39[22m[2m[22m
[2m      [2mat ensureStoreMethods ([22m[2mtests/unit/lib/store/enhanced-conversation-memory.store.test.ts[2m:57:15)[22m[2m[22m
[2m      [2mat Object.<anonymous> ([22m[2mtests/unit/lib/store/enhanced-conversation-memory.store.test.ts[2m:82:3)[22m[2m[22m

    [2m[33mconsole.warn[39m[22m
[33m      Store method disableDbSync is not a function or doesn't exist[39m
[2m[22m
[2m    [0m [90m 55 |[39m   [36mfor[39m ([36mconst[39m method [36mof[39m requiredMethods) {[22m
[2m     [90m 56 |[39m     [36mif[39m (store [33m&&[39m [36mtypeof[39m store[method] [33m!==[39m [32m'function'[39m) {[22m
[2m    [31m[1m>[22m[2m[39m[90m 57 |[39m       console[33m.[39mwarn([32m`Store method ${method} is not a function or doesn't exist`[39m)[33m;[39m[22m
[2m     [90m    |[39m               [31m[1m^[22m[2m[39m[22m
[2m     [90m 58 |[39m     }[22m
[2m     [90m 59 |[39m   }[22m
[2m     [90m 60 |[39m }[33m;[39m[0m[22m
[2m[22m
[2m      [2mat [22m[2mnode_modules/@jest/environment-jsdom-abstract/node_modules/jest-mock/build/index.js[2m:305:39[22m[2m[22m
[2m      [2mat ensureStoreMethods ([22m[2mtests/unit/lib/store/enhanced-conversation-memory.store.test.ts[2m:57:15)[22m[2m[22m
[2m      [2mat Object.<anonymous> ([22m[2mtests/unit/lib/store/enhanced-conversation-memory.store.test.ts[2m:82:3)[22m[2m[22m

    [2m[33mconsole.warn[39m[22m
[33m      Store method syncWithDatabase is not a function or doesn't exist[39m
[2m[22m
[2m    [0m [90m 55 |[39m   [36mfor[39m ([36mconst[39m method [36mof[39m requiredMethods) {[22m
[2m     [90m 56 |[39m     [36mif[39m (store [33m&&[39m [36mtypeof[39m store[method] [33m!==[39m [32m'function'[39m) {[22m
[2m    [31m[1m>[22m[2m[39m[90m 57 |[39m       console[33m.[39mwarn([32m`Store method ${method} is not a function or doesn't exist`[39m)[33m;[39m[22m
[2m     [90m    |[39m               [31m[1m^[22m[2m[39m[22m
[2m     [90m 58 |[39m     }[22m
[2m     [90m 59 |[39m   }[22m
[2m     [90m 60 |[39m }[33m;[39m[0m[22m
[2m[22m
[2m      [2mat [22m[2mnode_modules/@jest/environment-jsdom-abstract/node_modules/jest-mock/build/index.js[2m:305:39[22m[2m[22m
[2m      [2mat ensureStoreMethods ([22m[2mtests/unit/lib/store/enhanced-conversation-memory.store.test.ts[2m:57:15)[22m[2m[22m
[2m      [2mat Object.<anonymous> ([22m[2mtests/unit/lib/store/enhanced-conversation-memory.store.test.ts[2m:82:3)[22m[2m[22m

    [2m[33mconsole.warn[39m[22m
[33m      Store method loadFromDatabase is not a function or doesn't exist[39m
[2m[22m
[2m    [0m [90m 55 |[39m   [36mfor[39m ([36mconst[39m method [36mof[39m requiredMethods) {[22m
[2m     [90m 56 |[39m     [36mif[39m (store [33m&&[39m [36mtypeof[39m store[method] [33m!==[39m [32m'function'[39m) {[22m
[2m    [31m[1m>[22m[2m[39m[90m 57 |[39m       console[33m.[39mwarn([32m`Store method ${method} is not a function or doesn't exist`[39m)[33m;[39m[22m
[2m     [90m    |[39m               [31m[1m^[22m[2m[39m[22m
[2m     [90m 58 |[39m     }[22m
[2m     [90m 59 |[39m   }[22m
[2m     [90m 60 |[39m }[33m;[39m[0m[22m
[2m[22m
[2m      [2mat [22m[2mnode_modules/@jest/environment-jsdom-abstract/node_modules/jest-mock/build/index.js[2m:305:39[22m[2m[22m
[2m      [2mat ensureStoreMethods ([22m[2mtests/unit/lib/store/enhanced-conversation-memory.store.test.ts[2m:57:15)[22m[2m[22m
[2m      [2mat Object.<anonymous> ([22m[2mtests/unit/lib/store/enhanced-conversation-memory.store.test.ts[2m:82:3)[22m[2m[22m

    [2m[33mconsole.warn[39m[22m
[33m      Store method createSession is not a function or doesn't exist[39m
[2m[22m
[2m    [0m [90m 55 |[39m   [36mfor[39m ([36mconst[39m method [36mof[39m requiredMethods) {[22m
[2m     [90m 56 |[39m     [36mif[39m (store [33m&&[39m [36mtypeof[39m store[method] [33m!==[39m [32m'function'[39m) {[22m
[2m    [31m[1m>[22m[2m[39m[90m 57 |[39m       console[33m.[39mwarn([32m`Store method ${method} is not a function or doesn't exist`[39m)[33m;[39m[22m
[2m     [90m    |[39m               [31m[1m^[22m[2m[39m[22m
[2m     [90m 58 |[39m     }[22m
[2m     [90m 59 |[39m   }[22m
[2m     [90m 60 |[39m }[33m;[39m[0m[22m
[2m[22m
[2m      [2mat [22m[2mnode_modules/@jest/environment-jsdom-abstract/node_modules/jest-mock/build/index.js[2m:305:39[22m[2m[22m
[2m      [2mat ensureStoreMethods ([22m[2mtests/unit/lib/store/enhanced-conversation-memory.store.test.ts[2m:57:15)[22m[2m[22m
[2m      [2mat Object.<anonymous> ([22m[2mtests/unit/lib/store/enhanced-conversation-memory.store.test.ts[2m:82:3)[22m[2m[22m

    [2m[33mconsole.warn[39m[22m
[33m      Store method addMessage is not a function or doesn't exist[39m
[2m[22m
[2m    [0m [90m 55 |[39m   [36mfor[39m ([36mconst[39m method [36mof[39m requiredMethods) {[22m
[2m     [90m 56 |[39m     [36mif[39m (store [33m&&[39m [36mtypeof[39m store[method] [33m!==[39m [32m'function'[39m) {[22m
[2m    [31m[1m>[22m[2m[39m[90m 57 |[39m       console[33m.[39mwarn([32m`Store method ${method} is not a function or doesn't exist`[39m)[33m;[39m[22m
[2m     [90m    |[39m               [31m[1m^[22m[2m[39m[22m
[2m     [90m 58 |[39m     }[22m
[2m     [90m 59 |[39m   }[22m
[2m     [90m 60 |[39m }[33m;[39m[0m[22m
[2m[22m
[2m      [2mat [22m[2mnode_modules/@jest/environment-jsdom-abstract/node_modules/jest-mock/build/index.js[2m:305:39[22m[2m[22m
[2m      [2mat ensureStoreMethods ([22m[2mtests/unit/lib/store/enhanced-conversation-memory.store.test.ts[2m:57:15)[22m[2m[22m
[2m      [2mat Object.<anonymous> ([22m[2mtests/unit/lib/store/enhanced-conversation-memory.store.test.ts[2m:82:3)[22m[2m[22m

    [2m[33mconsole.warn[39m[22m
[33m      Store method getProcessedMessages is not a function or doesn't exist[39m
[2m[22m
[2m    [0m [90m 55 |[39m   [36mfor[39m ([36mconst[39m method [36mof[39m requiredMethods) {[22m
[2m     [90m 56 |[39m     [36mif[39m (store [33m&&[39m [36mtypeof[39m store[method] [33m!==[39m [32m'function'[39m) {[22m
[2m    [31m[1m>[22m[2m[39m[90m 57 |[39m       console[33m.[39mwarn([32m`Store method ${method} is not a function or doesn't exist`[39m)[33m;[39m[22m
[2m     [90m    |[39m               [31m[1m^[22m[2m[39m[22m
[2m     [90m 58 |[39m     }[22m
[2m     [90m 59 |[39m   }[22m
[2m     [90m 60 |[39m }[33m;[39m[0m[22m
[2m[22m
[2m      [2mat [22m[2mnode_modules/@jest/environment-jsdom-abstract/node_modules/jest-mock/build/index.js[2m:305:39[22m[2m[22m
[2m      [2mat ensureStoreMethods ([22m[2mtests/unit/lib/store/enhanced-conversation-memory.store.test.ts[2m:57:15)[22m[2m[22m
[2m      [2mat Object.<anonymous> ([22m[2mtests/unit/lib/store/enhanced-conversation-memory.store.test.ts[2m:82:3)[22m[2m[22m

    [2m[33mconsole.warn[39m[22m
[33m      Store method getRecentMessages is not a function or doesn't exist[39m
[2m[22m
[2m    [0m [90m 55 |[39m   [36mfor[39m ([36mconst[39m method [36mof[39m requiredMethods) {[22m
[2m     [90m 56 |[39m     [36mif[39m (store [33m&&[39m [36mtypeof[39m store[method] [33m!==[39m [32m'function'[39m) {[22m
[2m    [31m[1m>[22m[2m[39m[90m 57 |[39m       console[33m.[39mwarn([32m`Store method ${method} is not a function or doesn't exist`[39m)[33m;[39m[22m
[2m     [90m    |[39m               [31m[1m^[22m[2m[39m[22m
[2m     [90m 58 |[39m     }[22m
[2m     [90m 59 |[39m   }[22m
[2m     [90m 60 |[39m }[33m;[39m[0m[22m
[2m[22m
[2m      [2mat [22m[2mnode_modules/@jest/environment-jsdom-abstract/node_modules/jest-mock/build/index.js[2m:305:39[22m[2m[22m
[2m      [2mat ensureStoreMethods ([22m[2mtests/unit/lib/store/enhanced-conversation-memory.store.test.ts[2m:57:15)[22m[2m[22m
[2m      [2mat Object.<anonymous> ([22m[2mtests/unit/lib/store/enhanced-conversation-memory.store.test.ts[2m:82:3)[22m[2m[22m

    [2m[33mconsole.warn[39m[22m
[33m      Store method getSessionContext is not a function or doesn't exist[39m
[2m[22m
[2m    [0m [90m 55 |[39m   [36mfor[39m ([36mconst[39m method [36mof[39m requiredMethods) {[22m
[2m     [90m 56 |[39m     [36mif[39m (store [33m&&[39m [36mtypeof[39m store[method] [33m!==[39m [32m'function'[39m) {[22m
[2m    [31m[1m>[22m[2m[39m[90m 57 |[39m       console[33m.[39mwarn([32m`Store method ${method} is not a function or doesn't exist`[39m)[33m;[39m[22m
[2m     [90m    |[39m               [31m[1m^[22m[2m[39m[22m
[2m     [90m 58 |[39m     }[22m
[2m     [90m 59 |[39m   }[22m
[2m     [90m 60 |[39m }[33m;[39m[0m[22m
[2m[22m
[2m      [2mat [22m[2mnode_modules/@jest/environment-jsdom-abstract/node_modules/jest-mock/build/index.js[2m:305:39[22m[2m[22m
[2m      [2mat ensureStoreMethods ([22m[2mtests/unit/lib/store/enhanced-conversation-memory.store.test.ts[2m:57:15)[22m[2m[22m
[2m      [2mat Object.<anonymous> ([22m[2mtests/unit/lib/store/enhanced-conversation-memory.store.test.ts[2m:82:3)[22m[2m[22m

    [2m[33mconsole.warn[39m[22m
[33m      Store method updateMessageMetadata is not a function or doesn't exist[39m
[2m[22m
[2m    [0m [90m 55 |[39m   [36mfor[39m ([36mconst[39m method [36mof[39m requiredMethods) {[22m
[2m     [90m 56 |[39m     [36mif[39m (store [33m&&[39m [36mtypeof[39m store[method] [33m!==[39m [32m'function'[39m) {[22m
[2m    [31m[1m>[22m[2m[39m[90m 57 |[39m       console[33m.[39mwarn([32m`Store method ${method} is not a function or doesn't exist`[39m)[33m;[39m[22m
[2m     [90m    |[39m               [31m[1m^[22m[2m[39m[22m
[2m     [90m 58 |[39m     }[22m
[2m     [90m 59 |[39m   }[22m
[2m     [90m 60 |[39m }[33m;[39m[0m[22m
[2m[22m
[2m      [2mat [22m[2mnode_modules/@jest/environment-jsdom-abstract/node_modules/jest-mock/build/index.js[2m:305:39[22m[2m[22m
[2m      [2mat ensureStoreMethods ([22m[2mtests/unit/lib/store/enhanced-conversation-memory.store.test.ts[2m:57:15)[22m[2m[22m
[2m      [2mat Object.<anonymous> ([22m[2mtests/unit/lib/store/enhanced-conversation-memory.store.test.ts[2m:82:3)[22m[2m[22m

    [2m[33mconsole.warn[39m[22m
[33m      Store method clearSession is not a function or doesn't exist[39m
[2m[22m
[2m    [0m [90m 55 |[39m   [36mfor[39m ([36mconst[39m method [36mof[39m requiredMethods) {[22m
[2m     [90m 56 |[39m     [36mif[39m (store [33m&&[39m [36mtypeof[39m store[method] [33m!==[39m [32m'function'[39m) {[22m
[2m    [31m[1m>[22m[2m[39m[90m 57 |[39m       console[33m.[39mwarn([32m`Store method ${method} is not a function or doesn't exist`[39m)[33m;[39m[22m
[2m     [90m    |[39m               [31m[1m^[22m[2m[39m[22m
[2m     [90m 58 |[39m     }[22m
[2m     [90m 59 |[39m   }[22m
[2m     [90m 60 |[39m }[33m;[39m[0m[22m
[2m[22m
[2m      [2mat [22m[2mnode_modules/@jest/environment-jsdom-abstract/node_modules/jest-mock/build/index.js[2m:305:39[22m[2m[22m
[2m      [2mat ensureStoreMethods ([22m[2mtests/unit/lib/store/enhanced-conversation-memory.store.test.ts[2m:57:15)[22m[2m[22m
[2m      [2mat Object.<anonymous> ([22m[2mtests/unit/lib/store/enhanced-conversation-memory.store.test.ts[2m:82:3)[22m[2m[22m

    [2m[33mconsole.warn[39m[22m
[33m      Store method searchMessages is not a function or doesn't exist[39m
[2m[22m
[2m    [0m [90m 55 |[39m   [36mfor[39m ([36mconst[39m method [36mof[39m requiredMethods) {[22m
[2m     [90m 56 |[39m     [36mif[39m (store [33m&&[39m [36mtypeof[39m store[method] [33m!==[39m [32m'function'[39m) {[22m
[2m    [31m[1m>[22m[2m[39m[90m 57 |[39m       console[33m.[39mwarn([32m`Store method ${method} is not a function or doesn't exist`[39m)[33m;[39m[22m
[2m     [90m    |[39m               [31m[1m^[22m[2m[39m[22m
[2m     [90m 58 |[39m     }[22m
[2m     [90m 59 |[39m   }[22m
[2m     [90m 60 |[39m }[33m;[39m[0m[22m
[2m[22m
[2m      [2mat [22m[2mnode_modules/@jest/environment-jsdom-abstract/node_modules/jest-mock/build/index.js[2m:305:39[22m[2m[22m
[2m      [2mat ensureStoreMethods ([22m[2mtests/unit/lib/store/enhanced-conversation-memory.store.test.ts[2m:57:15)[22m[2m[22m
[2m      [2mat Object.<anonymous> ([22m[2mtests/unit/lib/store/enhanced-conversation-memory.store.test.ts[2m:82:3)[22m[2m[22m

    [2m[33mconsole.warn[39m[22m
[33m      Store method summarizeSession is not a function or doesn't exist[39m
[2m[22m
[2m    [0m [90m 55 |[39m   [36mfor[39m ([36mconst[39m method [36mof[39m requiredMethods) {[22m
[2m     [90m 56 |[39m     [36mif[39m (store [33m&&[39m [36mtypeof[39m store[method] [33m!==[39m [32m'function'[39m) {[22m
[2m    [31m[1m>[22m[2m[39m[90m 57 |[39m       console[33m.[39mwarn([32m`Store method ${method} is not a function or doesn't exist`[39m)[33m;[39m[22m
[2m     [90m    |[39m               [31m[1m^[22m[2m[39m[22m
[2m     [90m 58 |[39m     }[22m
[2m     [90m 59 |[39m   }[22m
[2m     [90m 60 |[39m }[33m;[39m[0m[22m
[2m[22m
[2m      [2mat [22m[2mnode_modules/@jest/environment-jsdom-abstract/node_modules/jest-mock/build/index.js[2m:305:39[22m[2m[22m
[2m      [2mat ensureStoreMethods ([22m[2mtests/unit/lib/store/enhanced-conversation-memory.store.test.ts[2m:57:15)[22m[2m[22m
[2m      [2mat Object.<anonymous> ([22m[2mtests/unit/lib/store/enhanced-conversation-memory.store.test.ts[2m:82:3)[22m[2m[22m

    [2m[33mconsole.warn[39m[22m
[33m      Store method addProcessor is not a function or doesn't exist[39m
[2m[22m
[2m    [0m [90m 55 |[39m   [36mfor[39m ([36mconst[39m method [36mof[39m requiredMethods) {[22m
[2m     [90m 56 |[39m     [36mif[39m (store [33m&&[39m [36mtypeof[39m store[method] [33m!==[39m [32m'function'[39m) {[22m
[2m    [31m[1m>[22m[2m[39m[90m 57 |[39m       console[33m.[39mwarn([32m`Store method ${method} is not a function or doesn't exist`[39m)[33m;[39m[22m
[2m     [90m    |[39m               [31m[1m^[22m[2m[39m[22m
[2m     [90m 58 |[39m     }[22m
[2m     [90m 59 |[39m   }[22m
[2m     [90m 60 |[39m }[33m;[39m[0m[22m
[2m[22m
[2m      [2mat [22m[2mnode_modules/@jest/environment-jsdom-abstract/node_modules/jest-mock/build/index.js[2m:305:39[22m[2m[22m
[2m      [2mat ensureStoreMethods ([22m[2mtests/unit/lib/store/enhanced-conversation-memory.store.test.ts[2m:57:15)[22m[2m[22m
[2m      [2mat Object.<anonymous> ([22m[2mtests/unit/lib/store/enhanced-conversation-memory.store.test.ts[2m:82:3)[22m[2m[22m

    [2m[33mconsole.warn[39m[22m
[33m      Store method removeProcessor is not a function or doesn't exist[39m
[2m[22m
[2m    [0m [90m 55 |[39m   [36mfor[39m ([36mconst[39m method [36mof[39m requiredMethods) {[22m
[2m     [90m 56 |[39m     [36mif[39m (store [33m&&[39m [36mtypeof[39m store[method] [33m!==[39m [32m'function'[39m) {[22m
[2m    [31m[1m>[22m[2m[39m[90m 57 |[39m       console[33m.[39mwarn([32m`Store method ${method} is not a function or doesn't exist`[39m)[33m;[39m[22m
[2m     [90m    |[39m               [31m[1m^[22m[2m[39m[22m
[2m     [90m 58 |[39m     }[22m
[2m     [90m 59 |[39m   }[22m
[2m     [90m 60 |[39m }[33m;[39m[0m[22m
[2m[22m
[2m      [2mat [22m[2mnode_modules/@jest/environment-jsdom-abstract/node_modules/jest-mock/build/index.js[2m:305:39[22m[2m[22m
[2m      [2mat ensureStoreMethods ([22m[2mtests/unit/lib/store/enhanced-conversation-memory.store.test.ts[2m:57:15)[22m[2m[22m
[2m      [2mat Object.<anonymous> ([22m[2mtests/unit/lib/store/enhanced-conversation-memory.store.test.ts[2m:82:3)[22m[2m[22m

    [2m[33mconsole.warn[39m[22m
[33m      Store method setDefaultProcessors is not a function or doesn't exist[39m
[2m[22m
[2m    [0m [90m 55 |[39m   [36mfor[39m ([36mconst[39m method [36mof[39m requiredMethods) {[22m
[2m     [90m 56 |[39m     [36mif[39m (store [33m&&[39m [36mtypeof[39m store[method] [33m!==[39m [32m'function'[39m) {[22m
[2m    [31m[1m>[22m[2m[39m[90m 57 |[39m       console[33m.[39mwarn([32m`Store method ${method} is not a function or doesn't exist`[39m)[33m;[39m[22m
[2m     [90m    |[39m               [31m[1m^[22m[2m[39m[22m
[2m     [90m 58 |[39m     }[22m
[2m     [90m 59 |[39m   }[22m
[2m     [90m 60 |[39m }[33m;[39m[0m[22m
[2m[22m
[2m      [2mat [22m[2mnode_modules/@jest/environment-jsdom-abstract/node_modules/jest-mock/build/index.js[2m:305:39[22m[2m[22m
[2m      [2mat ensureStoreMethods ([22m[2mtests/unit/lib/store/enhanced-conversation-memory.store.test.ts[2m:57:15)[22m[2m[22m
[2m      [2mat Object.<anonymous> ([22m[2mtests/unit/lib/store/enhanced-conversation-memory.store.test.ts[2m:82:3)[22m[2m[22m

    [2m[33mconsole.warn[39m[22m
[33m      Store method getMemoryStats is not a function or doesn't exist[39m
[2m[22m
[2m    [0m [90m 55 |[39m   [36mfor[39m ([36mconst[39m method [36mof[39m requiredMethods) {[22m
[2m     [90m 56 |[39m     [36mif[39m (store [33m&&[39m [36mtypeof[39m store[method] [33m!==[39m [32m'function'[39m) {[22m
[2m    [31m[1m>[22m[2m[39m[90m 57 |[39m       console[33m.[39mwarn([32m`Store method ${method} is not a function or doesn't exist`[39m)[33m;[39m[22m
[2m     [90m    |[39m               [31m[1m^[22m[2m[39m[22m
[2m     [90m 58 |[39m     }[22m
[2m     [90m 59 |[39m   }[22m
[2m     [90m 60 |[39m }[33m;[39m[0m[22m
[2m[22m
[2m      [2mat [22m[2mnode_modules/@jest/environment-jsdom-abstract/node_modules/jest-mock/build/index.js[2m:305:39[22m[2m[22m
[2m      [2mat ensureStoreMethods ([22m[2mtests/unit/lib/store/enhanced-conversation-memory.store.test.ts[2m:57:15)[22m[2m[22m
[2m      [2mat Object.<anonymous> ([22m[2mtests/unit/lib/store/enhanced-conversation-memory.store.test.ts[2m:82:3)[22m[2m[22m

    [2m[33mconsole.warn[39m[22m
[33m      Store method enableDbSync is not a function or doesn't exist[39m
[2m[22m
[2m    [0m [90m 55 |[39m   [36mfor[39m ([36mconst[39m method [36mof[39m requiredMethods) {[22m
[2m     [90m 56 |[39m     [36mif[39m (store [33m&&[39m [36mtypeof[39m store[method] [33m!==[39m [32m'function'[39m) {[22m
[2m    [31m[1m>[22m[2m[39m[90m 57 |[39m       console[33m.[39mwarn([32m`Store method ${method} is not a function or doesn't exist`[39m)[33m;[39m[22m
[2m     [90m    |[39m               [31m[1m^[22m[2m[39m[22m
[2m     [90m 58 |[39m     }[22m
[2m     [90m 59 |[39m   }[22m
[2m     [90m 60 |[39m }[33m;[39m[0m[22m
[2m[22m
[2m      [2mat [22m[2mnode_modules/@jest/environment-jsdom-abstract/node_modules/jest-mock/build/index.js[2m:305:39[22m[2m[22m
[2m      [2mat ensureStoreMethods ([22m[2mtests/unit/lib/store/enhanced-conversation-memory.store.test.ts[2m:57:15)[22m[2m[22m
[2m      [2mat Object.<anonymous> ([22m[2mtests/unit/lib/store/enhanced-conversation-memory.store.test.ts[2m:82:3)[22m[2m[22m

    [2m[33mconsole.warn[39m[22m
[33m      Store method disableDbSync is not a function or doesn't exist[39m
[2m[22m
[2m    [0m [90m 55 |[39m   [36mfor[39m ([36mconst[39m method [36mof[39m requiredMethods) {[22m
[2m     [90m 56 |[39m     [36mif[39m (store [33m&&[39m [36mtypeof[39m store[method] [33m!==[39m [32m'function'[39m) {[22m
[2m    [31m[1m>[22m[2m[39m[90m 57 |[39m       console[33m.[39mwarn([32m`Store method ${method} is not a function or doesn't exist`[39m)[33m;[39m[22m
[2m     [90m    |[39m               [31m[1m^[22m[2m[39m[22m
[2m     [90m 58 |[39m     }[22m
[2m     [90m 59 |[39m   }[22m
[2m     [90m 60 |[39m }[33m;[39m[0m[22m
[2m[22m
[2m      [2mat [22m[2mnode_modules/@jest/environment-jsdom-abstract/node_modules/jest-mock/build/index.js[2m:305:39[22m[2m[22m
[2m      [2mat ensureStoreMethods ([22m[2mtests/unit/lib/store/enhanced-conversation-memory.store.test.ts[2m:57:15)[22m[2m[22m
[2m      [2mat Object.<anonymous> ([22m[2mtests/unit/lib/store/enhanced-conversation-memory.store.test.ts[2m:82:3)[22m[2m[22m

    [2m[33mconsole.warn[39m[22m
[33m      Store method syncWithDatabase is not a function or doesn't exist[39m
[2m[22m
[2m    [0m [90m 55 |[39m   [36mfor[39m ([36mconst[39m method [36mof[39m requiredMethods) {[22m
[2m     [90m 56 |[39m     [36mif[39m (store [33m&&[39m [36mtypeof[39m store[method] [33m!==[39m [32m'function'[39m) {[22m
[2m    [31m[1m>[22m[2m[39m[90m 57 |[39m       console[33m.[39mwarn([32m`Store method ${method} is not a function or doesn't exist`[39m)[33m;[39m[22m
[2m     [90m    |[39m               [31m[1m^[22m[2m[39m[22m
[2m     [90m 58 |[39m     }[22m
[2m     [90m 59 |[39m   }[22m
[2m     [90m 60 |[39m }[33m;[39m[0m[22m
[2m[22m
[2m      [2mat [22m[2mnode_modules/@jest/environment-jsdom-abstract/node_modules/jest-mock/build/index.js[2m:305:39[22m[2m[22m
[2m      [2mat ensureStoreMethods ([22m[2mtests/unit/lib/store/enhanced-conversation-memory.store.test.ts[2m:57:15)[22m[2m[22m
[2m      [2mat Object.<anonymous> ([22m[2mtests/unit/lib/store/enhanced-conversation-memory.store.test.ts[2m:82:3)[22m[2m[22m

    [2m[33mconsole.warn[39m[22m
[33m      Store method loadFromDatabase is not a function or doesn't exist[39m
[2m[22m
[2m    [0m [90m 55 |[39m   [36mfor[39m ([36mconst[39m method [36mof[39m requiredMethods) {[22m
[2m     [90m 56 |[39m     [36mif[39m (store [33m&&[39m [36mtypeof[39m store[method] [33m!==[39m [32m'function'[39m) {[22m
[2m    [31m[1m>[22m[2m[39m[90m 57 |[39m       console[33m.[39mwarn([32m`Store method ${method} is not a function or doesn't exist`[39m)[33m;[39m[22m
[2m     [90m    |[39m               [31m[1m^[22m[2m[39m[22m
[2m     [90m 58 |[39m     }[22m
[2m     [90m 59 |[39m   }[22m
[2m     [90m 60 |[39m }[33m;[39m[0m[22m
[2m[22m
[2m      [2mat [22m[2mnode_modules/@jest/environment-jsdom-abstract/node_modules/jest-mock/build/index.js[2m:305:39[22m[2m[22m
[2m      [2mat ensureStoreMethods ([22m[2mtests/unit/lib/store/enhanced-conversation-memory.store.test.ts[2m:57:15)[22m[2m[22m
[2m      [2mat Object.<anonymous> ([22m[2mtests/unit/lib/store/enhanced-conversation-memory.store.test.ts[2m:82:3)[22m[2m[22m

    [2m[33mconsole.warn[39m[22m
[33m      Store method createSession is not a function or doesn't exist[39m
[2m[22m
[2m    [0m [90m 55 |[39m   [36mfor[39m ([36mconst[39m method [36mof[39m requiredMethods) {[22m
[2m     [90m 56 |[39m     [36mif[39m (store [33m&&[39m [36mtypeof[39m store[method] [33m!==[39m [32m'function'[39m) {[22m
[2m    [31m[1m>[22m[2m[39m[90m 57 |[39m       console[33m.[39mwarn([32m`Store method ${method} is not a function or doesn't exist`[39m)[33m;[39m[22m
[2m     [90m    |[39m               [31m[1m^[22m[2m[39m[22m
[2m     [90m 58 |[39m     }[22m
[2m     [90m 59 |[39m   }[22m
[2m     [90m 60 |[39m }[33m;[39m[0m[22m
[2m[22m
[2m      [2mat [22m[2mnode_modules/@jest/environment-jsdom-abstract/node_modules/jest-mock/build/index.js[2m:305:39[22m[2m[22m
[2m      [2mat ensureStoreMethods ([22m[2mtests/unit/lib/store/enhanced-conversation-memory.store.test.ts[2m:57:15)[22m[2m[22m
[2m      [2mat Object.<anonymous> ([22m[2mtests/unit/lib/store/enhanced-conversation-memory.store.test.ts[2m:82:3)[22m[2m[22m

    [2m[33mconsole.warn[39m[22m
[33m      Store method addMessage is not a function or doesn't exist[39m
[2m[22m
[2m    [0m [90m 55 |[39m   [36mfor[39m ([36mconst[39m method [36mof[39m requiredMethods) {[22m
[2m     [90m 56 |[39m     [36mif[39m (store [33m&&[39m [36mtypeof[39m store[method] [33m!==[39m [32m'function'[39m) {[22m
[2m    [31m[1m>[22m[2m[39m[90m 57 |[39m       console[33m.[39mwarn([32m`Store method ${method} is not a function or doesn't exist`[39m)[33m;[39m[22m
[2m     [90m    |[39m               [31m[1m^[22m[2m[39m[22m
[2m     [90m 58 |[39m     }[22m
[2m     [90m 59 |[39m   }[22m
[2m     [90m 60 |[39m }[33m;[39m[0m[22m
[2m[22m
[2m      [2mat [22m[2mnode_modules/@jest/environment-jsdom-abstract/node_modules/jest-mock/build/index.js[2m:305:39[22m[2m[22m
[2m      [2mat ensureStoreMethods ([22m[2mtests/unit/lib/store/enhanced-conversation-memory.store.test.ts[2m:57:15)[22m[2m[22m
[2m      [2mat Object.<anonymous> ([22m[2mtests/unit/lib/store/enhanced-conversation-memory.store.test.ts[2m:82:3)[22m[2m[22m

    [2m[33mconsole.warn[39m[22m
[33m      Store method getProcessedMessages is not a function or doesn't exist[39m
[2m[22m
[2m    [0m [90m 55 |[39m   [36mfor[39m ([36mconst[39m method [36mof[39m requiredMethods) {[22m
[2m     [90m 56 |[39m     [36mif[39m (store [33m&&[39m [36mtypeof[39m store[method] [33m!==[39m [32m'function'[39m) {[22m
[2m    [31m[1m>[22m[2m[39m[90m 57 |[39m       console[33m.[39mwarn([32m`Store method ${method} is not a function or doesn't exist`[39m)[33m;[39m[22m
[2m     [90m    |[39m               [31m[1m^[22m[2m[39m[22m
[2m     [90m 58 |[39m     }[22m
[2m     [90m 59 |[39m   }[22m
[2m     [90m 60 |[39m }[33m;[39m[0m[22m
[2m[22m
[2m      [2mat [22m[2mnode_modules/@jest/environment-jsdom-abstract/node_modules/jest-mock/build/index.js[2m:305:39[22m[2m[22m
[2m      [2mat ensureStoreMethods ([22m[2mtests/unit/lib/store/enhanced-conversation-memory.store.test.ts[2m:57:15)[22m[2m[22m
[2m      [2mat Object.<anonymous> ([22m[2mtests/unit/lib/store/enhanced-conversation-memory.store.test.ts[2m:82:3)[22m[2m[22m

    [2m[33mconsole.warn[39m[22m
[33m      Store method getRecentMessages is not a function or doesn't exist[39m
[2m[22m
[2m    [0m [90m 55 |[39m   [36mfor[39m ([36mconst[39m method [36mof[39m requiredMethods) {[22m
[2m     [90m 56 |[39m     [36mif[39m (store [33m&&[39m [36mtypeof[39m store[method] [33m!==[39m [32m'function'[39m) {[22m
[2m    [31m[1m>[22m[2m[39m[90m 57 |[39m       console[33m.[39mwarn([32m`Store method ${method} is not a function or doesn't exist`[39m)[33m;[39m[22m
[2m     [90m    |[39m               [31m[1m^[22m[2m[39m[22m
[2m     [90m 58 |[39m     }[22m
[2m     [90m 59 |[39m   }[22m
[2m     [90m 60 |[39m }[33m;[39m[0m[22m
[2m[22m
[2m      [2mat [22m[2mnode_modules/@jest/environment-jsdom-abstract/node_modules/jest-mock/build/index.js[2m:305:39[22m[2m[22m
[2m      [2mat ensureStoreMethods ([22m[2mtests/unit/lib/store/enhanced-conversation-memory.store.test.ts[2m:57:15)[22m[2m[22m
[2m      [2mat Object.<anonymous> ([22m[2mtests/unit/lib/store/enhanced-conversation-memory.store.test.ts[2m:82:3)[22m[2m[22m

    [2m[33mconsole.warn[39m[22m
[33m      Store method getSessionContext is not a function or doesn't exist[39m
[2m[22m
[2m    [0m [90m 55 |[39m   [36mfor[39m ([36mconst[39m method [36mof[39m requiredMethods) {[22m
[2m     [90m 56 |[39m     [36mif[39m (store [33m&&[39m [36mtypeof[39m store[method] [33m!==[39m [32m'function'[39m) {[22m
[2m    [31m[1m>[22m[2m[39m[90m 57 |[39m       console[33m.[39mwarn([32m`Store method ${method} is not a function or doesn't exist`[39m)[33m;[39m[22m
[2m     [90m    |[39m               [31m[1m^[22m[2m[39m[22m
[2m     [90m 58 |[39m     }[22m
[2m     [90m 59 |[39m   }[22m
[2m     [90m 60 |[39m }[33m;[39m[0m[22m
[2m[22m
[2m      [2mat [22m[2mnode_modules/@jest/environment-jsdom-abstract/node_modules/jest-mock/build/index.js[2m:305:39[22m[2m[22m
[2m      [2mat ensureStoreMethods ([22m[2mtests/unit/lib/store/enhanced-conversation-memory.store.test.ts[2m:57:15)[22m[2m[22m
[2m      [2mat Object.<anonymous> ([22m[2mtests/unit/lib/store/enhanced-conversation-memory.store.test.ts[2m:82:3)[22m[2m[22m

    [2m[33mconsole.warn[39m[22m
[33m      Store method updateMessageMetadata is not a function or doesn't exist[39m
[2m[22m
[2m    [0m [90m 55 |[39m   [36mfor[39m ([36mconst[39m method [36mof[39m requiredMethods) {[22m
[2m     [90m 56 |[39m     [36mif[39m (store [33m&&[39m [36mtypeof[39m store[method] [33m!==[39m [32m'function'[39m) {[22m
[2m    [31m[1m>[22m[2m[39m[90m 57 |[39m       console[33m.[39mwarn([32m`Store method ${method} is not a function or doesn't exist`[39m)[33m;[39m[22m
[2m     [90m    |[39m               [31m[1m^[22m[2m[39m[22m
[2m     [90m 58 |[39m     }[22m
[2m     [90m 59 |[39m   }[22m
[2m     [90m 60 |[39m }[33m;[39m[0m[22m
[2m[22m
[2m      [2mat [22m[2mnode_modules/@jest/environment-jsdom-abstract/node_modules/jest-mock/build/index.js[2m:305:39[22m[2m[22m
[2m      [2mat ensureStoreMethods ([22m[2mtests/unit/lib/store/enhanced-conversation-memory.store.test.ts[2m:57:15)[22m[2m[22m
[2m      [2mat Object.<anonymous> ([22m[2mtests/unit/lib/store/enhanced-conversation-memory.store.test.ts[2m:82:3)[22m[2m[22m

    [2m[33mconsole.warn[39m[22m
[33m      Store method clearSession is not a function or doesn't exist[39m
[2m[22m
[2m    [0m [90m 55 |[39m   [36mfor[39m ([36mconst[39m method [36mof[39m requiredMethods) {[22m
[2m     [90m 56 |[39m     [36mif[39m (store [33m&&[39m [36mtypeof[39m store[method] [33m!==[39m [32m'function'[39m) {[22m
[2m    [31m[1m>[22m[2m[39m[90m 57 |[39m       console[33m.[39mwarn([32m`Store method ${method} is not a function or doesn't exist`[39m)[33m;[39m[22m
[2m     [90m    |[39m               [31m[1m^[22m[2m[39m[22m
[2m     [90m 58 |[39m     }[22m
[2m     [90m 59 |[39m   }[22m
[2m     [90m 60 |[39m }[33m;[39m[0m[22m
[2m[22m
[2m      [2mat [22m[2mnode_modules/@jest/environment-jsdom-abstract/node_modules/jest-mock/build/index.js[2m:305:39[22m[2m[22m
[2m      [2mat ensureStoreMethods ([22m[2mtests/unit/lib/store/enhanced-conversation-memory.store.test.ts[2m:57:15)[22m[2m[22m
[2m      [2mat Object.<anonymous> ([22m[2mtests/unit/lib/store/enhanced-conversation-memory.store.test.ts[2m:82:3)[22m[2m[22m

    [2m[33mconsole.warn[39m[22m
[33m      Store method searchMessages is not a function or doesn't exist[39m
[2m[22m
[2m    [0m [90m 55 |[39m   [36mfor[39m ([36mconst[39m method [36mof[39m requiredMethods) {[22m
[2m     [90m 56 |[39m     [36mif[39m (store [33m&&[39m [36mtypeof[39m store[method] [33m!==[39m [32m'function'[39m) {[22m
[2m    [31m[1m>[22m[2m[39m[90m 57 |[39m       console[33m.[39mwarn([32m`Store method ${method} is not a function or doesn't exist`[39m)[33m;[39m[22m
[2m     [90m    |[39m               [31m[1m^[22m[2m[39m[22m
[2m     [90m 58 |[39m     }[22m
[2m     [90m 59 |[39m   }[22m
[2m     [90m 60 |[39m }[33m;[39m[0m[22m
[2m[22m
[2m      [2mat [22m[2mnode_modules/@jest/environment-jsdom-abstract/node_modules/jest-mock/build/index.js[2m:305:39[22m[2m[22m
[2m      [2mat ensureStoreMethods ([22m[2mtests/unit/lib/store/enhanced-conversation-memory.store.test.ts[2m:57:15)[22m[2m[22m
[2m      [2mat Object.<anonymous> ([22m[2mtests/unit/lib/store/enhanced-conversation-memory.store.test.ts[2m:82:3)[22m[2m[22m

    [2m[33mconsole.warn[39m[22m
[33m      Store method summarizeSession is not a function or doesn't exist[39m
[2m[22m
[2m    [0m [90m 55 |[39m   [36mfor[39m ([36mconst[39m method [36mof[39m requiredMethods) {[22m
[2m     [90m 56 |[39m     [36mif[39m (store [33m&&[39m [36mtypeof[39m store[method] [33m!==[39m [32m'function'[39m) {[22m
[2m    [31m[1m>[22m[2m[39m[90m 57 |[39m       console[33m.[39mwarn([32m`Store method ${method} is not a function or doesn't exist`[39m)[33m;[39m[22m
[2m     [90m    |[39m               [31m[1m^[22m[2m[39m[22m
[2m     [90m 58 |[39m     }[22m
[2m     [90m 59 |[39m   }[22m
[2m     [90m 60 |[39m }[33m;[39m[0m[22m
[2m[22m
[2m      [2mat [22m[2mnode_modules/@jest/environment-jsdom-abstract/node_modules/jest-mock/build/index.js[2m:305:39[22m[2m[22m
[2m      [2mat ensureStoreMethods ([22m[2mtests/unit/lib/store/enhanced-conversation-memory.store.test.ts[2m:57:15)[22m[2m[22m
[2m      [2mat Object.<anonymous> ([22m[2mtests/unit/lib/store/enhanced-conversation-memory.store.test.ts[2m:82:3)[22m[2m[22m

    [2m[33mconsole.warn[39m[22m
[33m      Store method addProcessor is not a function or doesn't exist[39m
[2m[22m
[2m    [0m [90m 55 |[39m   [36mfor[39m ([36mconst[39m method [36mof[39m requiredMethods) {[22m
[2m     [90m 56 |[39m     [36mif[39m (store [33m&&[39m [36mtypeof[39m store[method] [33m!==[39m [32m'function'[39m) {[22m
[2m    [31m[1m>[22m[2m[39m[90m 57 |[39m       console[33m.[39mwarn([32m`Store method ${method} is not a function or doesn't exist`[39m)[33m;[39m[22m
[2m     [90m    |[39m               [31m[1m^[22m[2m[39m[22m
[2m     [90m 58 |[39m     }[22m
[2m     [90m 59 |[39m   }[22m
[2m     [90m 60 |[39m }[33m;[39m[0m[22m
[2m[22m
[2m      [2mat [22m[2mnode_modules/@jest/environment-jsdom-abstract/node_modules/jest-mock/build/index.js[2m:305:39[22m[2m[22m
[2m      [2mat ensureStoreMethods ([22m[2mtests/unit/lib/store/enhanced-conversation-memory.store.test.ts[2m:57:15)[22m[2m[22m
[2m      [2mat Object.<anonymous> ([22m[2mtests/unit/lib/store/enhanced-conversation-memory.store.test.ts[2m:82:3)[22m[2m[22m

    [2m[33mconsole.warn[39m[22m
[33m      Store method removeProcessor is not a function or doesn't exist[39m
[2m[22m
[2m    [0m [90m 55 |[39m   [36mfor[39m ([36mconst[39m method [36mof[39m requiredMethods) {[22m
[2m     [90m 56 |[39m     [36mif[39m (store [33m&&[39m [36mtypeof[39m store[method] [33m!==[39m [32m'function'[39m) {[22m
[2m    [31m[1m>[22m[2m[39m[90m 57 |[39m       console[33m.[39mwarn([32m`Store method ${method} is not a function or doesn't exist`[39m)[33m;[39m[22m
[2m     [90m    |[39m               [31m[1m^[22m[2m[39m[22m
[2m     [90m 58 |[39m     }[22m
[2m     [90m 59 |[39m   }[22m
[2m     [90m 60 |[39m }[33m;[39m[0m[22m
[2m[22m
[2m      [2mat [22m[2mnode_modules/@jest/environment-jsdom-abstract/node_modules/jest-mock/build/index.js[2m:305:39[22m[2m[22m
[2m      [2mat ensureStoreMethods ([22m[2mtests/unit/lib/store/enhanced-conversation-memory.store.test.ts[2m:57:15)[22m[2m[22m
[2m      [2mat Object.<anonymous> ([22m[2mtests/unit/lib/store/enhanced-conversation-memory.store.test.ts[2m:82:3)[22m[2m[22m

    [2m[33mconsole.warn[39m[22m
[33m      Store method setDefaultProcessors is not a function or doesn't exist[39m
[2m[22m
[2m    [0m [90m 55 |[39m   [36mfor[39m ([36mconst[39m method [36mof[39m requiredMethods) {[22m
[2m     [90m 56 |[39m     [36mif[39m (store [33m&&[39m [36mtypeof[39m store[method] [33m!==[39m [32m'function'[39m) {[22m
[2m    [31m[1m>[22m[2m[39m[90m 57 |[39m       console[33m.[39mwarn([32m`Store method ${method} is not a function or doesn't exist`[39m)[33m;[39m[22m
[2m     [90m    |[39m               [31m[1m^[22m[2m[39m[22m
[2m     [90m 58 |[39m     }[22m
[2m     [90m 59 |[39m   }[22m
[2m     [90m 60 |[39m }[33m;[39m[0m[22m
[2m[22m
[2m      [2mat [22m[2mnode_modules/@jest/environment-jsdom-abstract/node_modules/jest-mock/build/index.js[2m:305:39[22m[2m[22m
[2m      [2mat ensureStoreMethods ([22m[2mtests/unit/lib/store/enhanced-conversation-memory.store.test.ts[2m:57:15)[22m[2m[22m
[2m      [2mat Object.<anonymous> ([22m[2mtests/unit/lib/store/enhanced-conversation-memory.store.test.ts[2m:82:3)[22m[2m[22m

    [2m[33mconsole.warn[39m[22m
[33m      Store method getMemoryStats is not a function or doesn't exist[39m
[2m[22m
[2m    [0m [90m 55 |[39m   [36mfor[39m ([36mconst[39m method [36mof[39m requiredMethods) {[22m
[2m     [90m 56 |[39m     [36mif[39m (store [33m&&[39m [36mtypeof[39m store[method] [33m!==[39m [32m'function'[39m) {[22m
[2m    [31m[1m>[22m[2m[39m[90m 57 |[39m       console[33m.[39mwarn([32m`Store method ${method} is not a function or doesn't exist`[39m)[33m;[39m[22m
[2m     [90m    |[39m               [31m[1m^[22m[2m[39m[22m
[2m     [90m 58 |[39m     }[22m
[2m     [90m 59 |[39m   }[22m
[2m     [90m 60 |[39m }[33m;[39m[0m[22m
[2m[22m
[2m      [2mat [22m[2mnode_modules/@jest/environment-jsdom-abstract/node_modules/jest-mock/build/index.js[2m:305:39[22m[2m[22m
[2m      [2mat ensureStoreMethods ([22m[2mtests/unit/lib/store/enhanced-conversation-memory.store.test.ts[2m:57:15)[22m[2m[22m
[2m      [2mat Object.<anonymous> ([22m[2mtests/unit/lib/store/enhanced-conversation-memory.store.test.ts[2m:82:3)[22m[2m[22m

    [2m[33mconsole.warn[39m[22m
[33m      Store method enableDbSync is not a function or doesn't exist[39m
[2m[22m
[2m    [0m [90m 55 |[39m   [36mfor[39m ([36mconst[39m method [36mof[39m requiredMethods) {[22m
[2m     [90m 56 |[39m     [36mif[39m (store [33m&&[39m [36mtypeof[39m store[method] [33m!==[39m [32m'function'[39m) {[22m
[2m    [31m[1m>[22m[2m[39m[90m 57 |[39m       console[33m.[39mwarn([32m`Store method ${method} is not a function or doesn't exist`[39m)[33m;[39m[22m
[2m     [90m    |[39m               [31m[1m^[22m[2m[39m[22m
[2m     [90m 58 |[39m     }[22m
[2m     [90m 59 |[39m   }[22m
[2m     [90m 60 |[39m }[33m;[39m[0m[22m
[2m[22m
[2m      [2mat [22m[2mnode_modules/@jest/environment-jsdom-abstract/node_modules/jest-mock/build/index.js[2m:305:39[22m[2m[22m
[2m      [2mat ensureStoreMethods ([22m[2mtests/unit/lib/store/enhanced-conversation-memory.store.test.ts[2m:57:15)[22m[2m[22m
[2m      [2mat Object.<anonymous> ([22m[2mtests/unit/lib/store/enhanced-conversation-memory.store.test.ts[2m:82:3)[22m[2m[22m

    [2m[33mconsole.warn[39m[22m
[33m      Store method disableDbSync is not a function or doesn't exist[39m
[2m[22m
[2m    [0m [90m 55 |[39m   [36mfor[39m ([36mconst[39m method [36mof[39m requiredMethods) {[22m
[2m     [90m 56 |[39m     [36mif[39m (store [33m&&[39m [36mtypeof[39m store[method] [33m!==[39m [32m'function'[39m) {[22m
[2m    [31m[1m>[22m[2m[39m[90m 57 |[39m       console[33m.[39mwarn([32m`Store method ${method} is not a function or doesn't exist`[39m)[33m;[39m[22m
[2m     [90m    |[39m               [31m[1m^[22m[2m[39m[22m
[2m     [90m 58 |[39m     }[22m
[2m     [90m 59 |[39m   }[22m
[2m     [90m 60 |[39m }[33m;[39m[0m[22m
[2m[22m
[2m      [2mat [22m[2mnode_modules/@jest/environment-jsdom-abstract/node_modules/jest-mock/build/index.js[2m:305:39[22m[2m[22m
[2m      [2mat ensureStoreMethods ([22m[2mtests/unit/lib/store/enhanced-conversation-memory.store.test.ts[2m:57:15)[22m[2m[22m
[2m      [2mat Object.<anonymous> ([22m[2mtests/unit/lib/store/enhanced-conversation-memory.store.test.ts[2m:82:3)[22m[2m[22m

    [2m[33mconsole.warn[39m[22m
[33m      Store method syncWithDatabase is not a function or doesn't exist[39m
[2m[22m
[2m    [0m [90m 55 |[39m   [36mfor[39m ([36mconst[39m method [36mof[39m requiredMethods) {[22m
[2m     [90m 56 |[39m     [36mif[39m (store [33m&&[39m [36mtypeof[39m store[method] [33m!==[39m [32m'function'[39m) {[22m
[2m    [31m[1m>[22m[2m[39m[90m 57 |[39m       console[33m.[39mwarn([32m`Store method ${method} is not a function or doesn't exist`[39m)[33m;[39m[22m
[2m     [90m    |[39m               [31m[1m^[22m[2m[39m[22m
[2m     [90m 58 |[39m     }[22m
[2m     [90m 59 |[39m   }[22m
[2m     [90m 60 |[39m }[33m;[39m[0m[22m
[2m[22m
[2m      [2mat [22m[2mnode_modules/@jest/environment-jsdom-abstract/node_modules/jest-mock/build/index.js[2m:305:39[22m[2m[22m
[2m      [2mat ensureStoreMethods ([22m[2mtests/unit/lib/store/enhanced-conversation-memory.store.test.ts[2m:57:15)[22m[2m[22m
[2m      [2mat Object.<anonymous> ([22m[2mtests/unit/lib/store/enhanced-conversation-memory.store.test.ts[2m:82:3)[22m[2m[22m

    [2m[33mconsole.warn[39m[22m
[33m      Store method loadFromDatabase is not a function or doesn't exist[39m
[2m[22m
[2m    [0m [90m 55 |[39m   [36mfor[39m ([36mconst[39m method [36mof[39m requiredMethods) {[22m
[2m     [90m 56 |[39m     [36mif[39m (store [33m&&[39m [36mtypeof[39m store[method] [33m!==[39m [32m'function'[39m) {[22m
[2m    [31m[1m>[22m[2m[39m[90m 57 |[39m       console[33m.[39mwarn([32m`Store method ${method} is not a function or doesn't exist`[39m)[33m;[39m[22m
[2m     [90m    |[39m               [31m[1m^[22m[2m[39m[22m
[2m     [90m 58 |[39m     }[22m
[2m     [90m 59 |[39m   }[22m
[2m     [90m 60 |[39m }[33m;[39m[0m[22m
[2m[22m
[2m      [2mat [22m[2mnode_modules/@jest/environment-jsdom-abstract/node_modules/jest-mock/build/index.js[2m:305:39[22m[2m[22m
[2m      [2mat ensureStoreMethods ([22m[2mtests/unit/lib/store/enhanced-conversation-memory.store.test.ts[2m:57:15)[22m[2m[22m
[2m      [2mat Object.<anonymous> ([22m[2mtests/unit/lib/store/enhanced-conversation-memory.store.test.ts[2m:82:3)[22m[2m[22m

    [2m[33mconsole.warn[39m[22m
[33m      Store method createSession is not a function or doesn't exist[39m
[2m[22m
[2m    [0m [90m 55 |[39m   [36mfor[39m ([36mconst[39m method [36mof[39m requiredMethods) {[22m
[2m     [90m 56 |[39m     [36mif[39m (store [33m&&[39m [36mtypeof[39m store[method] [33m!==[39m [32m'function'[39m) {[22m
[2m    [31m[1m>[22m[2m[39m[90m 57 |[39m       console[33m.[39mwarn([32m`Store method ${method} is not a function or doesn't exist`[39m)[33m;[39m[22m
[2m     [90m    |[39m               [31m[1m^[22m[2m[39m[22m
[2m     [90m 58 |[39m     }[22m
[2m     [90m 59 |[39m   }[22m
[2m     [90m 60 |[39m }[33m;[39m[0m[22m
[2m[22m
[2m      [2mat [22m[2mnode_modules/@jest/environment-jsdom-abstract/node_modules/jest-mock/build/index.js[2m:305:39[22m[2m[22m
[2m      [2mat ensureStoreMethods ([22m[2mtests/unit/lib/store/enhanced-conversation-memory.store.test.ts[2m:57:15)[22m[2m[22m
[2m      [2mat Object.<anonymous> ([22m[2mtests/unit/lib/store/enhanced-conversation-memory.store.test.ts[2m:82:3)[22m[2m[22m

    [2m[33mconsole.warn[39m[22m
[33m      Store method addMessage is not a function or doesn't exist[39m
[2m[22m
[2m    [0m [90m 55 |[39m   [36mfor[39m ([36mconst[39m method [36mof[39m requiredMethods) {[22m
[2m     [90m 56 |[39m     [36mif[39m (store [33m&&[39m [36mtypeof[39m store[method] [33m!==[39m [32m'function'[39m) {[22m
[2m    [31m[1m>[22m[2m[39m[90m 57 |[39m       console[33m.[39mwarn([32m`Store method ${method} is not a function or doesn't exist`[39m)[33m;[39m[22m
[2m     [90m    |[39m               [31m[1m^[22m[2m[39m[22m
[2m     [90m 58 |[39m     }[22m
[2m     [90m 59 |[39m   }[22m
[2m     [90m 60 |[39m }[33m;[39m[0m[22m
[2m[22m
[2m      [2mat [22m[2mnode_modules/@jest/environment-jsdom-abstract/node_modules/jest-mock/build/index.js[2m:305:39[22m[2m[22m
[2m      [2mat ensureStoreMethods ([22m[2mtests/unit/lib/store/enhanced-conversation-memory.store.test.ts[2m:57:15)[22m[2m[22m
[2m      [2mat Object.<anonymous> ([22m[2mtests/unit/lib/store/enhanced-conversation-memory.store.test.ts[2m:82:3)[22m[2m[22m

    [2m[33mconsole.warn[39m[22m
[33m      Store method getProcessedMessages is not a function or doesn't exist[39m
[2m[22m
[2m    [0m [90m 55 |[39m   [36mfor[39m ([36mconst[39m method [36mof[39m requiredMethods) {[22m
[2m     [90m 56 |[39m     [36mif[39m (store [33m&&[39m [36mtypeof[39m store[method] [33m!==[39m [32m'function'[39m) {[22m
[2m    [31m[1m>[22m[2m[39m[90m 57 |[39m       console[33m.[39mwarn([32m`Store method ${method} is not a function or doesn't exist`[39m)[33m;[39m[22m
[2m     [90m    |[39m               [31m[1m^[22m[2m[39m[22m
[2m     [90m 58 |[39m     }[22m
[2m     [90m 59 |[39m   }[22m
[2m     [90m 60 |[39m }[33m;[39m[0m[22m
[2m[22m
[2m      [2mat [22m[2mnode_modules/@jest/environment-jsdom-abstract/node_modules/jest-mock/build/index.js[2m:305:39[22m[2m[22m
[2m      [2mat ensureStoreMethods ([22m[2mtests/unit/lib/store/enhanced-conversation-memory.store.test.ts[2m:57:15)[22m[2m[22m
[2m      [2mat Object.<anonymous> ([22m[2mtests/unit/lib/store/enhanced-conversation-memory.store.test.ts[2m:82:3)[22m[2m[22m

    [2m[33mconsole.warn[39m[22m
[33m      Store method getRecentMessages is not a function or doesn't exist[39m
[2m[22m
[2m    [0m [90m 55 |[39m   [36mfor[39m ([36mconst[39m method [36mof[39m requiredMethods) {[22m
[2m     [90m 56 |[39m     [36mif[39m (store [33m&&[39m [36mtypeof[39m store[method] [33m!==[39m [32m'function'[39m) {[22m
[2m    [31m[1m>[22m[2m[39m[90m 57 |[39m       console[33m.[39mwarn([32m`Store method ${method} is not a function or doesn't exist`[39m)[33m;[39m[22m
[2m     [90m    |[39m               [31m[1m^[22m[2m[39m[22m
[2m     [90m 58 |[39m     }[22m
[2m     [90m 59 |[39m   }[22m
[2m     [90m 60 |[39m }[33m;[39m[0m[22m
[2m[22m
[2m      [2mat [22m[2mnode_modules/@jest/environment-jsdom-abstract/node_modules/jest-mock/build/index.js[2m:305:39[22m[2m[22m
[2m      [2mat ensureStoreMethods ([22m[2mtests/unit/lib/store/enhanced-conversation-memory.store.test.ts[2m:57:15)[22m[2m[22m
[2m      [2mat Object.<anonymous> ([22m[2mtests/unit/lib/store/enhanced-conversation-memory.store.test.ts[2m:82:3)[22m[2m[22m

    [2m[33mconsole.warn[39m[22m
[33m      Store method getSessionContext is not a function or doesn't exist[39m
[2m[22m
[2m    [0m [90m 55 |[39m   [36mfor[39m ([36mconst[39m method [36mof[39m requiredMethods) {[22m
[2m     [90m 56 |[39m     [36mif[39m (store [33m&&[39m [36mtypeof[39m store[method] [33m!==[39m [32m'function'[39m) {[22m
[2m    [31m[1m>[22m[2m[39m[90m 57 |[39m       console[33m.[39mwarn([32m`Store method ${method} is not a function or doesn't exist`[39m)[33m;[39m[22m
[2m     [90m    |[39m               [31m[1m^[22m[2m[39m[22m
[2m     [90m 58 |[39m     }[22m
[2m     [90m 59 |[39m   }[22m
[2m     [90m 60 |[39m }[33m;[39m[0m[22m
[2m[22m
[2m      [2mat [22m[2mnode_modules/@jest/environment-jsdom-abstract/node_modules/jest-mock/build/index.js[2m:305:39[22m[2m[22m
[2m      [2mat ensureStoreMethods ([22m[2mtests/unit/lib/store/enhanced-conversation-memory.store.test.ts[2m:57:15)[22m[2m[22m
[2m      [2mat Object.<anonymous> ([22m[2mtests/unit/lib/store/enhanced-conversation-memory.store.test.ts[2m:82:3)[22m[2m[22m

    [2m[33mconsole.warn[39m[22m
[33m      Store method updateMessageMetadata is not a function or doesn't exist[39m
[2m[22m
[2m    [0m [90m 55 |[39m   [36mfor[39m ([36mconst[39m method [36mof[39m requiredMethods) {[22m
[2m     [90m 56 |[39m     [36mif[39m (store [33m&&[39m [36mtypeof[39m store[method] [33m!==[39m [32m'function'[39m) {[22m
[2m    [31m[1m>[22m[2m[39m[90m 57 |[39m       console[33m.[39mwarn([32m`Store method ${method} is not a function or doesn't exist`[39m)[33m;[39m[22m
[2m     [90m    |[39m               [31m[1m^[22m[2m[39m[22m
[2m     [90m 58 |[39m     }[22m
[2m     [90m 59 |[39m   }[22m
[2m     [90m 60 |[39m }[33m;[39m[0m[22m
[2m[22m
[2m      [2mat [22m[2mnode_modules/@jest/environment-jsdom-abstract/node_modules/jest-mock/build/index.js[2m:305:39[22m[2m[22m
[2m      [2mat ensureStoreMethods ([22m[2mtests/unit/lib/store/enhanced-conversation-memory.store.test.ts[2m:57:15)[22m[2m[22m
[2m      [2mat Object.<anonymous> ([22m[2mtests/unit/lib/store/enhanced-conversation-memory.store.test.ts[2m:82:3)[22m[2m[22m

    [2m[33mconsole.warn[39m[22m
[33m      Store method clearSession is not a function or doesn't exist[39m
[2m[22m
[2m    [0m [90m 55 |[39m   [36mfor[39m ([36mconst[39m method [36mof[39m requiredMethods) {[22m
[2m     [90m 56 |[39m     [36mif[39m (store [33m&&[39m [36mtypeof[39m store[method] [33m!==[39m [32m'function'[39m) {[22m
[2m    [31m[1m>[22m[2m[39m[90m 57 |[39m       console[33m.[39mwarn([32m`Store method ${method} is not a function or doesn't exist`[39m)[33m;[39m[22m
[2m     [90m    |[39m               [31m[1m^[22m[2m[39m[22m
[2m     [90m 58 |[39m     }[22m
[2m     [90m 59 |[39m   }[22m
[2m     [90m 60 |[39m }[33m;[39m[0m[22m
[2m[22m
[2m      [2mat [22m[2mnode_modules/@jest/environment-jsdom-abstract/node_modules/jest-mock/build/index.js[2m:305:39[22m[2m[22m
[2m      [2mat ensureStoreMethods ([22m[2mtests/unit/lib/store/enhanced-conversation-memory.store.test.ts[2m:57:15)[22m[2m[22m
[2m      [2mat Object.<anonymous> ([22m[2mtests/unit/lib/store/enhanced-conversation-memory.store.test.ts[2m:82:3)[22m[2m[22m

    [2m[33mconsole.warn[39m[22m
[33m      Store method searchMessages is not a function or doesn't exist[39m
[2m[22m
[2m    [0m [90m 55 |[39m   [36mfor[39m ([36mconst[39m method [36mof[39m requiredMethods) {[22m
[2m     [90m 56 |[39m     [36mif[39m (store [33m&&[39m [36mtypeof[39m store[method] [33m!==[39m [32m'function'[39m) {[22m
[2m    [31m[1m>[22m[2m[39m[90m 57 |[39m       console[33m.[39mwarn([32m`Store method ${method} is not a function or doesn't exist`[39m)[33m;[39m[22m
[2m     [90m    |[39m               [31m[1m^[22m[2m[39m[22m
[2m     [90m 58 |[39m     }[22m
[2m     [90m 59 |[39m   }[22m
[2m     [90m 60 |[39m }[33m;[39m[0m[22m
[2m[22m
[2m      [2mat [22m[2mnode_modules/@jest/environment-jsdom-abstract/node_modules/jest-mock/build/index.js[2m:305:39[22m[2m[22m
[2m      [2mat ensureStoreMethods ([22m[2mtests/unit/lib/store/enhanced-conversation-memory.store.test.ts[2m:57:15)[22m[2m[22m
[2m      [2mat Object.<anonymous> ([22m[2mtests/unit/lib/store/enhanced-conversation-memory.store.test.ts[2m:82:3)[22m[2m[22m

    [2m[33mconsole.warn[39m[22m
[33m      Store method summarizeSession is not a function or doesn't exist[39m
[2m[22m
[2m    [0m [90m 55 |[39m   [36mfor[39m ([36mconst[39m method [36mof[39m requiredMethods) {[22m
[2m     [90m 56 |[39m     [36mif[39m (store [33m&&[39m [36mtypeof[39m store[method] [33m!==[39m [32m'function'[39m) {[22m
[2m    [31m[1m>[22m[2m[39m[90m 57 |[39m       console[33m.[39mwarn([32m`Store method ${method} is not a function or doesn't exist`[39m)[33m;[39m[22m
[2m     [90m    |[39m               [31m[1m^[22m[2m[39m[22m
[2m     [90m 58 |[39m     }[22m
[2m     [90m 59 |[39m   }[22m
[2m     [90m 60 |[39m }[33m;[39m[0m[22m
[2m[22m
[2m      [2mat [22m[2mnode_modules/@jest/environment-jsdom-abstract/node_modules/jest-mock/build/index.js[2m:305:39[22m[2m[22m
[2m      [2mat ensureStoreMethods ([22m[2mtests/unit/lib/store/enhanced-conversation-memory.store.test.ts[2m:57:15)[22m[2m[22m
[2m      [2mat Object.<anonymous> ([22m[2mtests/unit/lib/store/enhanced-conversation-memory.store.test.ts[2m:82:3)[22m[2m[22m

    [2m[33mconsole.warn[39m[22m
[33m      Store method addProcessor is not a function or doesn't exist[39m
[2m[22m
[2m    [0m [90m 55 |[39m   [36mfor[39m ([36mconst[39m method [36mof[39m requiredMethods) {[22m
[2m     [90m 56 |[39m     [36mif[39m (store [33m&&[39m [36mtypeof[39m store[method] [33m!==[39m [32m'function'[39m) {[22m
[2m    [31m[1m>[22m[2m[39m[90m 57 |[39m       console[33m.[39mwarn([32m`Store method ${method} is not a function or doesn't exist`[39m)[33m;[39m[22m
[2m     [90m    |[39m               [31m[1m^[22m[2m[39m[22m
[2m     [90m 58 |[39m     }[22m
[2m     [90m 59 |[39m   }[22m
[2m     [90m 60 |[39m }[33m;[39m[0m[22m
[2m[22m
[2m      [2mat [22m[2mnode_modules/@jest/environment-jsdom-abstract/node_modules/jest-mock/build/index.js[2m:305:39[22m[2m[22m
[2m      [2mat ensureStoreMethods ([22m[2mtests/unit/lib/store/enhanced-conversation-memory.store.test.ts[2m:57:15)[22m[2m[22m
[2m      [2mat Object.<anonymous> ([22m[2mtests/unit/lib/store/enhanced-conversation-memory.store.test.ts[2m:82:3)[22m[2m[22m

    [2m[33mconsole.warn[39m[22m
[33m      Store method removeProcessor is not a function or doesn't exist[39m
[2m[22m
[2m    [0m [90m 55 |[39m   [36mfor[39m ([36mconst[39m method [36mof[39m requiredMethods) {[22m
[2m     [90m 56 |[39m     [36mif[39m (store [33m&&[39m [36mtypeof[39m store[method] [33m!==[39m [32m'function'[39m) {[22m
[2m    [31m[1m>[22m[2m[39m[90m 57 |[39m       console[33m.[39mwarn([32m`Store method ${method} is not a function or doesn't exist`[39m)[33m;[39m[22m
[2m     [90m    |[39m               [31m[1m^[22m[2m[39m[22m
[2m     [90m 58 |[39m     }[22m
[2m     [90m 59 |[39m   }[22m
[2m     [90m 60 |[39m }[33m;[39m[0m[22m
[2m[22m
[2m      [2mat [22m[2mnode_modules/@jest/environment-jsdom-abstract/node_modules/jest-mock/build/index.js[2m:305:39[22m[2m[22m
[2m      [2mat ensureStoreMethods ([22m[2mtests/unit/lib/store/enhanced-conversation-memory.store.test.ts[2m:57:15)[22m[2m[22m
[2m      [2mat Object.<anonymous> ([22m[2mtests/unit/lib/store/enhanced-conversation-memory.store.test.ts[2m:82:3)[22m[2m[22m

    [2m[33mconsole.warn[39m[22m
[33m      Store method setDefaultProcessors is not a function or doesn't exist[39m
[2m[22m
[2m    [0m [90m 55 |[39m   [36mfor[39m ([36mconst[39m method [36mof[39m requiredMethods) {[22m
[2m     [90m 56 |[39m     [36mif[39m (store [33m&&[39m [36mtypeof[39m store[method] [33m!==[39m [32m'function'[39m) {[22m
[2m    [31m[1m>[22m[2m[39m[90m 57 |[39m       console[33m.[39mwarn([32m`Store method ${method} is not a function or doesn't exist`[39m)[33m;[39m[22m
[2m     [90m    |[39m               [31m[1m^[22m[2m[39m[22m
[2m     [90m 58 |[39m     }[22m
[2m     [90m 59 |[39m   }[22m
[2m     [90m 60 |[39m }[33m;[39m[0m[22m
[2m[22m
[2m      [2mat [22m[2mnode_modules/@jest/environment-jsdom-abstract/node_modules/jest-mock/build/index.js[2m:305:39[22m[2m[22m
[2m      [2mat ensureStoreMethods ([22m[2mtests/unit/lib/store/enhanced-conversation-memory.store.test.ts[2m:57:15)[22m[2m[22m
[2m      [2mat Object.<anonymous> ([22m[2mtests/unit/lib/store/enhanced-conversation-memory.store.test.ts[2m:82:3)[22m[2m[22m

    [2m[33mconsole.warn[39m[22m
[33m      Store method getMemoryStats is not a function or doesn't exist[39m
[2m[22m
[2m    [0m [90m 55 |[39m   [36mfor[39m ([36mconst[39m method [36mof[39m requiredMethods) {[22m
[2m     [90m 56 |[39m     [36mif[39m (store [33m&&[39m [36mtypeof[39m store[method] [33m!==[39m [32m'function'[39m) {[22m
[2m    [31m[1m>[22m[2m[39m[90m 57 |[39m       console[33m.[39mwarn([32m`Store method ${method} is not a function or doesn't exist`[39m)[33m;[39m[22m
[2m     [90m    |[39m               [31m[1m^[22m[2m[39m[22m
[2m     [90m 58 |[39m     }[22m
[2m     [90m 59 |[39m   }[22m
[2m     [90m 60 |[39m }[33m;[39m[0m[22m
[2m[22m
[2m      [2mat [22m[2mnode_modules/@jest/environment-jsdom-abstract/node_modules/jest-mock/build/index.js[2m:305:39[22m[2m[22m
[2m      [2mat ensureStoreMethods ([22m[2mtests/unit/lib/store/enhanced-conversation-memory.store.test.ts[2m:57:15)[22m[2m[22m
[2m      [2mat Object.<anonymous> ([22m[2mtests/unit/lib/store/enhanced-conversation-memory.store.test.ts[2m:82:3)[22m[2m[22m

    [2m[33mconsole.warn[39m[22m
[33m      Store method enableDbSync is not a function or doesn't exist[39m
[2m[22m
[2m    [0m [90m 55 |[39m   [36mfor[39m ([36mconst[39m method [36mof[39m requiredMethods) {[22m
[2m     [90m 56 |[39m     [36mif[39m (store [33m&&[39m [36mtypeof[39m store[method] [33m!==[39m [32m'function'[39m) {[22m
[2m    [31m[1m>[22m[2m[39m[90m 57 |[39m       console[33m.[39mwarn([32m`Store method ${method} is not a function or doesn't exist`[39m)[33m;[39m[22m
[2m     [90m    |[39m               [31m[1m^[22m[2m[39m[22m
[2m     [90m 58 |[39m     }[22m
[2m     [90m 59 |[39m   }[22m
[2m     [90m 60 |[39m }[33m;[39m[0m[22m
[2m[22m
[2m      [2mat [22m[2mnode_modules/@jest/environment-jsdom-abstract/node_modules/jest-mock/build/index.js[2m:305:39[22m[2m[22m
[2m      [2mat ensureStoreMethods ([22m[2mtests/unit/lib/store/enhanced-conversation-memory.store.test.ts[2m:57:15)[22m[2m[22m
[2m      [2mat Object.<anonymous> ([22m[2mtests/unit/lib/store/enhanced-conversation-memory.store.test.ts[2m:82:3)[22m[2m[22m

    [2m[33mconsole.warn[39m[22m
[33m      Store method disableDbSync is not a function or doesn't exist[39m
[2m[22m
[2m    [0m [90m 55 |[39m   [36mfor[39m ([36mconst[39m method [36mof[39m requiredMethods) {[22m
[2m     [90m 56 |[39m     [36mif[39m (store [33m&&[39m [36mtypeof[39m store[method] [33m!==[39m [32m'function'[39m) {[22m
[2m    [31m[1m>[22m[2m[39m[90m 57 |[39m       console[33m.[39mwarn([32m`Store method ${method} is not a function or doesn't exist`[39m)[33m;[39m[22m
[2m     [90m    |[39m               [31m[1m^[22m[2m[39m[22m
[2m     [90m 58 |[39m     }[22m
[2m     [90m 59 |[39m   }[22m
[2m     [90m 60 |[39m }[33m;[39m[0m[22m
[2m[22m
[2m      [2mat [22m[2mnode_modules/@jest/environment-jsdom-abstract/node_modules/jest-mock/build/index.js[2m:305:39[22m[2m[22m
[2m      [2mat ensureStoreMethods ([22m[2mtests/unit/lib/store/enhanced-conversation-memory.store.test.ts[2m:57:15)[22m[2m[22m
[2m      [2mat Object.<anonymous> ([22m[2mtests/unit/lib/store/enhanced-conversation-memory.store.test.ts[2m:82:3)[22m[2m[22m

    [2m[33mconsole.warn[39m[22m
[33m      Store method syncWithDatabase is not a function or doesn't exist[39m
[2m[22m
[2m    [0m [90m 55 |[39m   [36mfor[39m ([36mconst[39m method [36mof[39m requiredMethods) {[22m
[2m     [90m 56 |[39m     [36mif[39m (store [33m&&[39m [36mtypeof[39m store[method] [33m!==[39m [32m'function'[39m) {[22m
[2m    [31m[1m>[22m[2m[39m[90m 57 |[39m       console[33m.[39mwarn([32m`Store method ${method} is not a function or doesn't exist`[39m)[33m;[39m[22m
[2m     [90m    |[39m               [31m[1m^[22m[2m[39m[22m
[2m     [90m 58 |[39m     }[22m
[2m     [90m 59 |[39m   }[22m
[2m     [90m 60 |[39m }[33m;[39m[0m[22m
[2m[22m
[2m      [2mat [22m[2mnode_modules/@jest/environment-jsdom-abstract/node_modules/jest-mock/build/index.js[2m:305:39[22m[2m[22m
[2m      [2mat ensureStoreMethods ([22m[2mtests/unit/lib/store/enhanced-conversation-memory.store.test.ts[2m:57:15)[22m[2m[22m
[2m      [2mat Object.<anonymous> ([22m[2mtests/unit/lib/store/enhanced-conversation-memory.store.test.ts[2m:82:3)[22m[2m[22m

    [2m[33mconsole.warn[39m[22m
[33m      Store method loadFromDatabase is not a function or doesn't exist[39m
[2m[22m
[2m    [0m [90m 55 |[39m   [36mfor[39m ([36mconst[39m method [36mof[39m requiredMethods) {[22m
[2m     [90m 56 |[39m     [36mif[39m (store [33m&&[39m [36mtypeof[39m store[method] [33m!==[39m [32m'function'[39m) {[22m
[2m    [31m[1m>[22m[2m[39m[90m 57 |[39m       console[33m.[39mwarn([32m`Store method ${method} is not a function or doesn't exist`[39m)[33m;[39m[22m
[2m     [90m    |[39m               [31m[1m^[22m[2m[39m[22m
[2m     [90m 58 |[39m     }[22m
[2m     [90m 59 |[39m   }[22m
[2m     [90m 60 |[39m }[33m;[39m[0m[22m
[2m[22m
[2m      [2mat [22m[2mnode_modules/@jest/environment-jsdom-abstract/node_modules/jest-mock/build/index.js[2m:305:39[22m[2m[22m
[2m      [2mat ensureStoreMethods ([22m[2mtests/unit/lib/store/enhanced-conversation-memory.store.test.ts[2m:57:15)[22m[2m[22m
[2m      [2mat Object.<anonymous> ([22m[2mtests/unit/lib/store/enhanced-conversation-memory.store.test.ts[2m:82:3)[22m[2m[22m

    [2m[33mconsole.warn[39m[22m
[33m      Store method createSession is not a function or doesn't exist[39m
[2m[22m
[2m    [0m [90m 55 |[39m   [36mfor[39m ([36mconst[39m method [36mof[39m requiredMethods) {[22m
[2m     [90m 56 |[39m     [36mif[39m (store [33m&&[39m [36mtypeof[39m store[method] [33m!==[39m [32m'function'[39m) {[22m
[2m    [31m[1m>[22m[2m[39m[90m 57 |[39m       console[33m.[39mwarn([32m`Store method ${method} is not a function or doesn't exist`[39m)[33m;[39m[22m
[2m     [90m    |[39m               [31m[1m^[22m[2m[39m[22m
[2m     [90m 58 |[39m     }[22m
[2m     [90m 59 |[39m   }[22m
[2m     [90m 60 |[39m }[33m;[39m[0m[22m
[2m[22m
[2m      [2mat [22m[2mnode_modules/@jest/environment-jsdom-abstract/node_modules/jest-mock/build/index.js[2m:305:39[22m[2m[22m
[2m      [2mat ensureStoreMethods ([22m[2mtests/unit/lib/store/enhanced-conversation-memory.store.test.ts[2m:57:15)[22m[2m[22m
[2m      [2mat Object.<anonymous> ([22m[2mtests/unit/lib/store/enhanced-conversation-memory.store.test.ts[2m:82:3)[22m[2m[22m

    [2m[33mconsole.warn[39m[22m
[33m      Store method addMessage is not a function or doesn't exist[39m
[2m[22m
[2m    [0m [90m 55 |[39m   [36mfor[39m ([36mconst[39m method [36mof[39m requiredMethods) {[22m
[2m     [90m 56 |[39m     [36mif[39m (store [33m&&[39m [36mtypeof[39m store[method] [33m!==[39m [32m'function'[39m) {[22m
[2m    [31m[1m>[22m[2m[39m[90m 57 |[39m       console[33m.[39mwarn([32m`Store method ${method} is not a function or doesn't exist`[39m)[33m;[39m[22m
[2m     [90m    |[39m               [31m[1m^[22m[2m[39m[22m
[2m     [90m 58 |[39m     }[22m
[2m     [90m 59 |[39m   }[22m
[2m     [90m 60 |[39m }[33m;[39m[0m[22m
[2m[22m
[2m      [2mat [22m[2mnode_modules/@jest/environment-jsdom-abstract/node_modules/jest-mock/build/index.js[2m:305:39[22m[2m[22m
[2m      [2mat ensureStoreMethods ([22m[2mtests/unit/lib/store/enhanced-conversation-memory.store.test.ts[2m:57:15)[22m[2m[22m
[2m      [2mat Object.<anonymous> ([22m[2mtests/unit/lib/store/enhanced-conversation-memory.store.test.ts[2m:82:3)[22m[2m[22m

    [2m[33mconsole.warn[39m[22m
[33m      Store method getProcessedMessages is not a function or doesn't exist[39m
[2m[22m
[2m    [0m [90m 55 |[39m   [36mfor[39m ([36mconst[39m method [36mof[39m requiredMethods) {[22m
[2m     [90m 56 |[39m     [36mif[39m (store [33m&&[39m [36mtypeof[39m store[method] [33m!==[39m [32m'function'[39m) {[22m
[2m    [31m[1m>[22m[2m[39m[90m 57 |[39m       console[33m.[39mwarn([32m`Store method ${method} is not a function or doesn't exist`[39m)[33m;[39m[22m
[2m     [90m    |[39m               [31m[1m^[22m[2m[39m[22m
[2m     [90m 58 |[39m     }[22m
[2m     [90m 59 |[39m   }[22m
[2m     [90m 60 |[39m }[33m;[39m[0m[22m
[2m[22m
[2m      [2mat [22m[2mnode_modules/@jest/environment-jsdom-abstract/node_modules/jest-mock/build/index.js[2m:305:39[22m[2m[22m
[2m      [2mat ensureStoreMethods ([22m[2mtests/unit/lib/store/enhanced-conversation-memory.store.test.ts[2m:57:15)[22m[2m[22m
[2m      [2mat Object.<anonymous> ([22m[2mtests/unit/lib/store/enhanced-conversation-memory.store.test.ts[2m:82:3)[22m[2m[22m

    [2m[33mconsole.warn[39m[22m
[33m      Store method getRecentMessages is not a function or doesn't exist[39m
[2m[22m
[2m    [0m [90m 55 |[39m   [36mfor[39m ([36mconst[39m method [36mof[39m requiredMethods) {[22m
[2m     [90m 56 |[39m     [36mif[39m (store [33m&&[39m [36mtypeof[39m store[method] [33m!==[39m [32m'function'[39m) {[22m
[2m    [31m[1m>[22m[2m[39m[90m 57 |[39m       console[33m.[39mwarn([32m`Store method ${method} is not a function or doesn't exist`[39m)[33m;[39m[22m
[2m     [90m    |[39m               [31m[1m^[22m[2m[39m[22m
[2m     [90m 58 |[39m     }[22m
[2m     [90m 59 |[39m   }[22m
[2m     [90m 60 |[39m }[33m;[39m[0m[22m
[2m[22m
[2m      [2mat [22m[2mnode_modules/@jest/environment-jsdom-abstract/node_modules/jest-mock/build/index.js[2m:305:39[22m[2m[22m
[2m      [2mat ensureStoreMethods ([22m[2mtests/unit/lib/store/enhanced-conversation-memory.store.test.ts[2m:57:15)[22m[2m[22m
[2m      [2mat Object.<anonymous> ([22m[2mtests/unit/lib/store/enhanced-conversation-memory.store.test.ts[2m:82:3)[22m[2m[22m

    [2m[33mconsole.warn[39m[22m
[33m      Store method getSessionContext is not a function or doesn't exist[39m
[2m[22m
[2m    [0m [90m 55 |[39m   [36mfor[39m ([36mconst[39m method [36mof[39m requiredMethods) {[22m
[2m     [90m 56 |[39m     [36mif[39m (store [33m&&[39m [36mtypeof[39m store[method] [33m!==[39m [32m'function'[39m) {[22m
[2m    [31m[1m>[22m[2m[39m[90m 57 |[39m       console[33m.[39mwarn([32m`Store method ${method} is not a function or doesn't exist`[39m)[33m;[39m[22m
[2m     [90m    |[39m               [31m[1m^[22m[2m[39m[22m
[2m     [90m 58 |[39m     }[22m
[2m     [90m 59 |[39m   }[22m
[2m     [90m 60 |[39m }[33m;[39m[0m[22m
[2m[22m
[2m      [2mat [22m[2mnode_modules/@jest/environment-jsdom-abstract/node_modules/jest-mock/build/index.js[2m:305:39[22m[2m[22m
[2m      [2mat ensureStoreMethods ([22m[2mtests/unit/lib/store/enhanced-conversation-memory.store.test.ts[2m:57:15)[22m[2m[22m
[2m      [2mat Object.<anonymous> ([22m[2mtests/unit/lib/store/enhanced-conversation-memory.store.test.ts[2m:82:3)[22m[2m[22m

    [2m[33mconsole.warn[39m[22m
[33m      Store method updateMessageMetadata is not a function or doesn't exist[39m
[2m[22m
[2m    [0m [90m 55 |[39m   [36mfor[39m ([36mconst[39m method [36mof[39m requiredMethods) {[22m
[2m     [90m 56 |[39m     [36mif[39m (store [33m&&[39m [36mtypeof[39m store[method] [33m!==[39m [32m'function'[39m) {[22m
[2m    [31m[1m>[22m[2m[39m[90m 57 |[39m       console[33m.[39mwarn([32m`Store method ${method} is not a function or doesn't exist`[39m)[33m;[39m[22m
[2m     [90m    |[39m               [31m[1m^[22m[2m[39m[22m
[2m     [90m 58 |[39m     }[22m
[2m     [90m 59 |[39m   }[22m
[2m     [90m 60 |[39m }[33m;[39m[0m[22m
[2m[22m
[2m      [2mat [22m[2mnode_modules/@jest/environment-jsdom-abstract/node_modules/jest-mock/build/index.js[2m:305:39[22m[2m[22m
[2m      [2mat ensureStoreMethods ([22m[2mtests/unit/lib/store/enhanced-conversation-memory.store.test.ts[2m:57:15)[22m[2m[22m
[2m      [2mat Object.<anonymous> ([22m[2mtests/unit/lib/store/enhanced-conversation-memory.store.test.ts[2m:82:3)[22m[2m[22m

    [2m[33mconsole.warn[39m[22m
[33m      Store method clearSession is not a function or doesn't exist[39m
[2m[22m
[2m    [0m [90m 55 |[39m   [36mfor[39m ([36mconst[39m method [36mof[39m requiredMethods) {[22m
[2m     [90m 56 |[39m     [36mif[39m (store [33m&&[39m [36mtypeof[39m store[method] [33m!==[39m [32m'function'[39m) {[22m
[2m    [31m[1m>[22m[2m[39m[90m 57 |[39m       console[33m.[39mwarn([32m`Store method ${method} is not a function or doesn't exist`[39m)[33m;[39m[22m
[2m     [90m    |[39m               [31m[1m^[22m[2m[39m[22m
[2m     [90m 58 |[39m     }[22m
[2m     [90m 59 |[39m   }[22m
[2m     [90m 60 |[39m }[33m;[39m[0m[22m
[2m[22m
[2m      [2mat [22m[2mnode_modules/@jest/environment-jsdom-abstract/node_modules/jest-mock/build/index.js[2m:305:39[22m[2m[22m
[2m      [2mat ensureStoreMethods ([22m[2mtests/unit/lib/store/enhanced-conversation-memory.store.test.ts[2m:57:15)[22m[2m[22m
[2m      [2mat Object.<anonymous> ([22m[2mtests/unit/lib/store/enhanced-conversation-memory.store.test.ts[2m:82:3)[22m[2m[22m

    [2m[33mconsole.warn[39m[22m
[33m      Store method searchMessages is not a function or doesn't exist[39m
[2m[22m
[2m    [0m [90m 55 |[39m   [36mfor[39m ([36mconst[39m method [36mof[39m requiredMethods) {[22m
[2m     [90m 56 |[39m     [36mif[39m (store [33m&&[39m [36mtypeof[39m store[method] [33m!==[39m [32m'function'[39m) {[22m
[2m    [31m[1m>[22m[2m[39m[90m 57 |[39m       console[33m.[39mwarn([32m`Store method ${method} is not a function or doesn't exist`[39m)[33m;[39m[22m
[2m     [90m    |[39m               [31m[1m^[22m[2m[39m[22m
[2m     [90m 58 |[39m     }[22m
[2m     [90m 59 |[39m   }[22m
[2m     [90m 60 |[39m }[33m;[39m[0m[22m
[2m[22m
[2m      [2mat [22m[2mnode_modules/@jest/environment-jsdom-abstract/node_modules/jest-mock/build/index.js[2m:305:39[22m[2m[22m
[2m      [2mat ensureStoreMethods ([22m[2mtests/unit/lib/store/enhanced-conversation-memory.store.test.ts[2m:57:15)[22m[2m[22m
[2m      [2mat Object.<anonymous> ([22m[2mtests/unit/lib/store/enhanced-conversation-memory.store.test.ts[2m:82:3)[22m[2m[22m

    [2m[33mconsole.warn[39m[22m
[33m      Store method summarizeSession is not a function or doesn't exist[39m
[2m[22m
[2m    [0m [90m 55 |[39m   [36mfor[39m ([36mconst[39m method [36mof[39m requiredMethods) {[22m
[2m     [90m 56 |[39m     [36mif[39m (store [33m&&[39m [36mtypeof[39m store[method] [33m!==[39m [32m'function'[39m) {[22m
[2m    [31m[1m>[22m[2m[39m[90m 57 |[39m       console[33m.[39mwarn([32m`Store method ${method} is not a function or doesn't exist`[39m)[33m;[39m[22m
[2m     [90m    |[39m               [31m[1m^[22m[2m[39m[22m
[2m     [90m 58 |[39m     }[22m
[2m     [90m 59 |[39m   }[22m
[2m     [90m 60 |[39m }[33m;[39m[0m[22m
[2m[22m
[2m      [2mat [22m[2mnode_modules/@jest/environment-jsdom-abstract/node_modules/jest-mock/build/index.js[2m:305:39[22m[2m[22m
[2m      [2mat ensureStoreMethods ([22m[2mtests/unit/lib/store/enhanced-conversation-memory.store.test.ts[2m:57:15)[22m[2m[22m
[2m      [2mat Object.<anonymous> ([22m[2mtests/unit/lib/store/enhanced-conversation-memory.store.test.ts[2m:82:3)[22m[2m[22m

    [2m[33mconsole.warn[39m[22m
[33m      Store method addProcessor is not a function or doesn't exist[39m
[2m[22m
[2m    [0m [90m 55 |[39m   [36mfor[39m ([36mconst[39m method [36mof[39m requiredMethods) {[22m
[2m     [90m 56 |[39m     [36mif[39m (store [33m&&[39m [36mtypeof[39m store[method] [33m!==[39m [32m'function'[39m) {[22m
[2m    [31m[1m>[22m[2m[39m[90m 57 |[39m       console[33m.[39mwarn([32m`Store method ${method} is not a function or doesn't exist`[39m)[33m;[39m[22m
[2m     [90m    |[39m               [31m[1m^[22m[2m[39m[22m
[2m     [90m 58 |[39m     }[22m
[2m     [90m 59 |[39m   }[22m
[2m     [90m 60 |[39m }[33m;[39m[0m[22m
[2m[22m
[2m      [2mat [22m[2mnode_modules/@jest/environment-jsdom-abstract/node_modules/jest-mock/build/index.js[2m:305:39[22m[2m[22m
[2m      [2mat ensureStoreMethods ([22m[2mtests/unit/lib/store/enhanced-conversation-memory.store.test.ts[2m:57:15)[22m[2m[22m
[2m      [2mat Object.<anonymous> ([22m[2mtests/unit/lib/store/enhanced-conversation-memory.store.test.ts[2m:82:3)[22m[2m[22m

    [2m[33mconsole.warn[39m[22m
[33m      Store method removeProcessor is not a function or doesn't exist[39m
[2m[22m
[2m    [0m [90m 55 |[39m   [36mfor[39m ([36mconst[39m method [36mof[39m requiredMethods) {[22m
[2m     [90m 56 |[39m     [36mif[39m (store [33m&&[39m [36mtypeof[39m store[method] [33m!==[39m [32m'function'[39m) {[22m
[2m    [31m[1m>[22m[2m[39m[90m 57 |[39m       console[33m.[39mwarn([32m`Store method ${method} is not a function or doesn't exist`[39m)[33m;[39m[22m
[2m     [90m    |[39m               [31m[1m^[22m[2m[39m[22m
[2m     [90m 58 |[39m     }[22m
[2m     [90m 59 |[39m   }[22m
[2m     [90m 60 |[39m }[33m;[39m[0m[22m
[2m[22m
[2m      [2mat [22m[2mnode_modules/@jest/environment-jsdom-abstract/node_modules/jest-mock/build/index.js[2m:305:39[22m[2m[22m
[2m      [2mat ensureStoreMethods ([22m[2mtests/unit/lib/store/enhanced-conversation-memory.store.test.ts[2m:57:15)[22m[2m[22m
[2m      [2mat Object.<anonymous> ([22m[2mtests/unit/lib/store/enhanced-conversation-memory.store.test.ts[2m:82:3)[22m[2m[22m

    [2m[33mconsole.warn[39m[22m
[33m      Store method setDefaultProcessors is not a function or doesn't exist[39m
[2m[22m
[2m    [0m [90m 55 |[39m   [36mfor[39m ([36mconst[39m method [36mof[39m requiredMethods) {[22m
[2m     [90m 56 |[39m     [36mif[39m (store [33m&&[39m [36mtypeof[39m store[method] [33m!==[39m [32m'function'[39m) {[22m
[2m    [31m[1m>[22m[2m[39m[90m 57 |[39m       console[33m.[39mwarn([32m`Store method ${method} is not a function or doesn't exist`[39m)[33m;[39m[22m
[2m     [90m    |[39m               [31m[1m^[22m[2m[39m[22m
[2m     [90m 58 |[39m     }[22m
[2m     [90m 59 |[39m   }[22m
[2m     [90m 60 |[39m }[33m;[39m[0m[22m
[2m[22m
[2m      [2mat [22m[2mnode_modules/@jest/environment-jsdom-abstract/node_modules/jest-mock/build/index.js[2m:305:39[22m[2m[22m
[2m      [2mat ensureStoreMethods ([22m[2mtests/unit/lib/store/enhanced-conversation-memory.store.test.ts[2m:57:15)[22m[2m[22m
[2m      [2mat Object.<anonymous> ([22m[2mtests/unit/lib/store/enhanced-conversation-memory.store.test.ts[2m:82:3)[22m[2m[22m

    [2m[33mconsole.warn[39m[22m
[33m      Store method getMemoryStats is not a function or doesn't exist[39m
[2m[22m
[2m    [0m [90m 55 |[39m   [36mfor[39m ([36mconst[39m method [36mof[39m requiredMethods) {[22m
[2m     [90m 56 |[39m     [36mif[39m (store [33m&&[39m [36mtypeof[39m store[method] [33m!==[39m [32m'function'[39m) {[22m
[2m    [31m[1m>[22m[2m[39m[90m 57 |[39m       console[33m.[39mwarn([32m`Store method ${method} is not a function or doesn't exist`[39m)[33m;[39m[22m
[2m     [90m    |[39m               [31m[1m^[22m[2m[39m[22m
[2m     [90m 58 |[39m     }[22m
[2m     [90m 59 |[39m   }[22m
[2m     [90m 60 |[39m }[33m;[39m[0m[22m
[2m[22m
[2m      [2mat [22m[2mnode_modules/@jest/environment-jsdom-abstract/node_modules/jest-mock/build/index.js[2m:305:39[22m[2m[22m
[2m      [2mat ensureStoreMethods ([22m[2mtests/unit/lib/store/enhanced-conversation-memory.store.test.ts[2m:57:15)[22m[2m[22m
[2m      [2mat Object.<anonymous> ([22m[2mtests/unit/lib/store/enhanced-conversation-memory.store.test.ts[2m:82:3)[22m[2m[22m

    [2m[33mconsole.warn[39m[22m
[33m      Store method enableDbSync is not a function or doesn't exist[39m
[2m[22m
[2m    [0m [90m 55 |[39m   [36mfor[39m ([36mconst[39m method [36mof[39m requiredMethods) {[22m
[2m     [90m 56 |[39m     [36mif[39m (store [33m&&[39m [36mtypeof[39m store[method] [33m!==[39m [32m'function'[39m) {[22m
[2m    [31m[1m>[22m[2m[39m[90m 57 |[39m       console[33m.[39mwarn([32m`Store method ${method} is not a function or doesn't exist`[39m)[33m;[39m[22m
[2m     [90m    |[39m               [31m[1m^[22m[2m[39m[22m
[2m     [90m 58 |[39m     }[22m
[2m     [90m 59 |[39m   }[22m
[2m     [90m 60 |[39m }[33m;[39m[0m[22m
[2m[22m
[2m      [2mat [22m[2mnode_modules/@jest/environment-jsdom-abstract/node_modules/jest-mock/build/index.js[2m:305:39[22m[2m[22m
[2m      [2mat ensureStoreMethods ([22m[2mtests/unit/lib/store/enhanced-conversation-memory.store.test.ts[2m:57:15)[22m[2m[22m
[2m      [2mat Object.<anonymous> ([22m[2mtests/unit/lib/store/enhanced-conversation-memory.store.test.ts[2m:82:3)[22m[2m[22m

    [2m[33mconsole.warn[39m[22m
[33m      Store method disableDbSync is not a function or doesn't exist[39m
[2m[22m
[2m    [0m [90m 55 |[39m   [36mfor[39m ([36mconst[39m method [36mof[39m requiredMethods) {[22m
[2m     [90m 56 |[39m     [36mif[39m (store [33m&&[39m [36mtypeof[39m store[method] [33m!==[39m [32m'function'[39m) {[22m
[2m    [31m[1m>[22m[2m[39m[90m 57 |[39m       console[33m.[39mwarn([32m`Store method ${method} is not a function or doesn't exist`[39m)[33m;[39m[22m
[2m     [90m    |[39m               [31m[1m^[22m[2m[39m[22m
[2m     [90m 58 |[39m     }[22m
[2m     [90m 59 |[39m   }[22m
[2m     [90m 60 |[39m }[33m;[39m[0m[22m
[2m[22m
[2m      [2mat [22m[2mnode_modules/@jest/environment-jsdom-abstract/node_modules/jest-mock/build/index.js[2m:305:39[22m[2m[22m
[2m      [2mat ensureStoreMethods ([22m[2mtests/unit/lib/store/enhanced-conversation-memory.store.test.ts[2m:57:15)[22m[2m[22m
[2m      [2mat Object.<anonymous> ([22m[2mtests/unit/lib/store/enhanced-conversation-memory.store.test.ts[2m:82:3)[22m[2m[22m

    [2m[33mconsole.warn[39m[22m
[33m      Store method syncWithDatabase is not a function or doesn't exist[39m
[2m[22m
[2m    [0m [90m 55 |[39m   [36mfor[39m ([36mconst[39m method [36mof[39m requiredMethods) {[22m
[2m     [90m 56 |[39m     [36mif[39m (store [33m&&[39m [36mtypeof[39m store[method] [33m!==[39m [32m'function'[39m) {[22m
[2m    [31m[1m>[22m[2m[39m[90m 57 |[39m       console[33m.[39mwarn([32m`Store method ${method} is not a function or doesn't exist`[39m)[33m;[39m[22m
[2m     [90m    |[39m               [31m[1m^[22m[2m[39m[22m
[2m     [90m 58 |[39m     }[22m
[2m     [90m 59 |[39m   }[22m
[2m     [90m 60 |[39m }[33m;[39m[0m[22m
[2m[22m
[2m      [2mat [22m[2mnode_modules/@jest/environment-jsdom-abstract/node_modules/jest-mock/build/index.js[2m:305:39[22m[2m[22m
[2m      [2mat ensureStoreMethods ([22m[2mtests/unit/lib/store/enhanced-conversation-memory.store.test.ts[2m:57:15)[22m[2m[22m
[2m      [2mat Object.<anonymous> ([22m[2mtests/unit/lib/store/enhanced-conversation-memory.store.test.ts[2m:82:3)[22m[2m[22m

    [2m[33mconsole.warn[39m[22m
[33m      Store method loadFromDatabase is not a function or doesn't exist[39m
[2m[22m
[2m    [0m [90m 55 |[39m   [36mfor[39m ([36mconst[39m method [36mof[39m requiredMethods) {[22m
[2m     [90m 56 |[39m     [36mif[39m (store [33m&&[39m [36mtypeof[39m store[method] [33m!==[39m [32m'function'[39m) {[22m
[2m    [31m[1m>[22m[2m[39m[90m 57 |[39m       console[33m.[39mwarn([32m`Store method ${method} is not a function or doesn't exist`[39m)[33m;[39m[22m
[2m     [90m    |[39m               [31m[1m^[22m[2m[39m[22m
[2m     [90m 58 |[39m     }[22m
[2m     [90m 59 |[39m   }[22m
[2m     [90m 60 |[39m }[33m;[39m[0m[22m
[2m[22m
[2m      [2mat [22m[2mnode_modules/@jest/environment-jsdom-abstract/node_modules/jest-mock/build/index.js[2m:305:39[22m[2m[22m
[2m      [2mat ensureStoreMethods ([22m[2mtests/unit/lib/store/enhanced-conversation-memory.store.test.ts[2m:57:15)[22m[2m[22m
[2m      [2mat Object.<anonymous> ([22m[2mtests/unit/lib/store/enhanced-conversation-memory.store.test.ts[2m:82:3)[22m[2m[22m

    [2m[33mconsole.warn[39m[22m
[33m      Store method createSession is not a function or doesn't exist[39m
[2m[22m
[2m    [0m [90m 55 |[39m   [36mfor[39m ([36mconst[39m method [36mof[39m requiredMethods) {[22m
[2m     [90m 56 |[39m     [36mif[39m (store [33m&&[39m [36mtypeof[39m store[method] [33m!==[39m [32m'function'[39m) {[22m
[2m    [31m[1m>[22m[2m[39m[90m 57 |[39m       console[33m.[39mwarn([32m`Store method ${method} is not a function or doesn't exist`[39m)[33m;[39m[22m
[2m     [90m    |[39m               [31m[1m^[22m[2m[39m[22m
[2m     [90m 58 |[39m     }[22m
[2m     [90m 59 |[39m   }[22m
[2m     [90m 60 |[39m }[33m;[39m[0m[22m
[2m[22m
[2m      [2mat [22m[2mnode_modules/@jest/environment-jsdom-abstract/node_modules/jest-mock/build/index.js[2m:305:39[22m[2m[22m
[2m      [2mat ensureStoreMethods ([22m[2mtests/unit/lib/store/enhanced-conversation-memory.store.test.ts[2m:57:15)[22m[2m[22m
[2m      [2mat Object.<anonymous> ([22m[2mtests/unit/lib/store/enhanced-conversation-memory.store.test.ts[2m:82:3)[22m[2m[22m

    [2m[33mconsole.warn[39m[22m
[33m      Store method addMessage is not a function or doesn't exist[39m
[2m[22m
[2m    [0m [90m 55 |[39m   [36mfor[39m ([36mconst[39m method [36mof[39m requiredMethods) {[22m
[2m     [90m 56 |[39m     [36mif[39m (store [33m&&[39m [36mtypeof[39m store[method] [33m!==[39m [32m'function'[39m) {[22m
[2m    [31m[1m>[22m[2m[39m[90m 57 |[39m       console[33m.[39mwarn([32m`Store method ${method} is not a function or doesn't exist`[39m)[33m;[39m[22m
[2m     [90m    |[39m               [31m[1m^[22m[2m[39m[22m
[2m     [90m 58 |[39m     }[22m
[2m     [90m 59 |[39m   }[22m
[2m     [90m 60 |[39m }[33m;[39m[0m[22m
[2m[22m
[2m      [2mat [22m[2mnode_modules/@jest/environment-jsdom-abstract/node_modules/jest-mock/build/index.js[2m:305:39[22m[2m[22m
[2m      [2mat ensureStoreMethods ([22m[2mtests/unit/lib/store/enhanced-conversation-memory.store.test.ts[2m:57:15)[22m[2m[22m
[2m      [2mat Object.<anonymous> ([22m[2mtests/unit/lib/store/enhanced-conversation-memory.store.test.ts[2m:82:3)[22m[2m[22m

    [2m[33mconsole.warn[39m[22m
[33m      Store method getProcessedMessages is not a function or doesn't exist[39m
[2m[22m
[2m    [0m [90m 55 |[39m   [36mfor[39m ([36mconst[39m method [36mof[39m requiredMethods) {[22m
[2m     [90m 56 |[39m     [36mif[39m (store [33m&&[39m [36mtypeof[39m store[method] [33m!==[39m [32m'function'[39m) {[22m
[2m    [31m[1m>[22m[2m[39m[90m 57 |[39m       console[33m.[39mwarn([32m`Store method ${method} is not a function or doesn't exist`[39m)[33m;[39m[22m
[2m     [90m    |[39m               [31m[1m^[22m[2m[39m[22m
[2m     [90m 58 |[39m     }[22m
[2m     [90m 59 |[39m   }[22m
[2m     [90m 60 |[39m }[33m;[39m[0m[22m
[2m[22m
[2m      [2mat [22m[2mnode_modules/@jest/environment-jsdom-abstract/node_modules/jest-mock/build/index.js[2m:305:39[22m[2m[22m
[2m      [2mat ensureStoreMethods ([22m[2mtests/unit/lib/store/enhanced-conversation-memory.store.test.ts[2m:57:15)[22m[2m[22m
[2m      [2mat Object.<anonymous> ([22m[2mtests/unit/lib/store/enhanced-conversation-memory.store.test.ts[2m:82:3)[22m[2m[22m

    [2m[33mconsole.warn[39m[22m
[33m      Store method getRecentMessages is not a function or doesn't exist[39m
[2m[22m
[2m    [0m [90m 55 |[39m   [36mfor[39m ([36mconst[39m method [36mof[39m requiredMethods) {[22m
[2m     [90m 56 |[39m     [36mif[39m (store [33m&&[39m [36mtypeof[39m store[method] [33m!==[39m [32m'function'[39m) {[22m
[2m    [31m[1m>[22m[2m[39m[90m 57 |[39m       console[33m.[39mwarn([32m`Store method ${method} is not a function or doesn't exist`[39m)[33m;[39m[22m
[2m     [90m    |[39m               [31m[1m^[22m[2m[39m[22m
[2m     [90m 58 |[39m     }[22m
[2m     [90m 59 |[39m   }[22m
[2m     [90m 60 |[39m }[33m;[39m[0m[22m
[2m[22m
[2m      [2mat [22m[2mnode_modules/@jest/environment-jsdom-abstract/node_modules/jest-mock/build/index.js[2m:305:39[22m[2m[22m
[2m      [2mat ensureStoreMethods ([22m[2mtests/unit/lib/store/enhanced-conversation-memory.store.test.ts[2m:57:15)[22m[2m[22m
[2m      [2mat Object.<anonymous> ([22m[2mtests/unit/lib/store/enhanced-conversation-memory.store.test.ts[2m:82:3)[22m[2m[22m

    [2m[33mconsole.warn[39m[22m
[33m      Store method getSessionContext is not a function or doesn't exist[39m
[2m[22m
[2m    [0m [90m 55 |[39m   [36mfor[39m ([36mconst[39m method [36mof[39m requiredMethods) {[22m
[2m     [90m 56 |[39m     [36mif[39m (store [33m&&[39m [36mtypeof[39m store[method] [33m!==[39m [32m'function'[39m) {[22m
[2m    [31m[1m>[22m[2m[39m[90m 57 |[39m       console[33m.[39mwarn([32m`Store method ${method} is not a function or doesn't exist`[39m)[33m;[39m[22m
[2m     [90m    |[39m               [31m[1m^[22m[2m[39m[22m
[2m     [90m 58 |[39m     }[22m
[2m     [90m 59 |[39m   }[22m
[2m     [90m 60 |[39m }[33m;[39m[0m[22m
[2m[22m
[2m      [2mat [22m[2mnode_modules/@jest/environment-jsdom-abstract/node_modules/jest-mock/build/index.js[2m:305:39[22m[2m[22m
[2m      [2mat ensureStoreMethods ([22m[2mtests/unit/lib/store/enhanced-conversation-memory.store.test.ts[2m:57:15)[22m[2m[22m
[2m      [2mat Object.<anonymous> ([22m[2mtests/unit/lib/store/enhanced-conversation-memory.store.test.ts[2m:82:3)[22m[2m[22m

    [2m[33mconsole.warn[39m[22m
[33m      Store method updateMessageMetadata is not a function or doesn't exist[39m
[2m[22m
[2m    [0m [90m 55 |[39m   [36mfor[39m ([36mconst[39m method [36mof[39m requiredMethods) {[22m
[2m     [90m 56 |[39m     [36mif[39m (store [33m&&[39m [36mtypeof[39m store[method] [33m!==[39m [32m'function'[39m) {[22m
[2m    [31m[1m>[22m[2m[39m[90m 57 |[39m       console[33m.[39mwarn([32m`Store method ${method} is not a function or doesn't exist`[39m)[33m;[39m[22m
[2m     [90m    |[39m               [31m[1m^[22m[2m[39m[22m
[2m     [90m 58 |[39m     }[22m
[2m     [90m 59 |[39m   }[22m
[2m     [90m 60 |[39m }[33m;[39m[0m[22m
[2m[22m
[2m      [2mat [22m[2mnode_modules/@jest/environment-jsdom-abstract/node_modules/jest-mock/build/index.js[2m:305:39[22m[2m[22m
[2m      [2mat ensureStoreMethods ([22m[2mtests/unit/lib/store/enhanced-conversation-memory.store.test.ts[2m:57:15)[22m[2m[22m
[2m      [2mat Object.<anonymous> ([22m[2mtests/unit/lib/store/enhanced-conversation-memory.store.test.ts[2m:82:3)[22m[2m[22m

    [2m[33mconsole.warn[39m[22m
[33m      Store method clearSession is not a function or doesn't exist[39m
[2m[22m
[2m    [0m [90m 55 |[39m   [36mfor[39m ([36mconst[39m method [36mof[39m requiredMethods) {[22m
[2m     [90m 56 |[39m     [36mif[39m (store [33m&&[39m [36mtypeof[39m store[method] [33m!==[39m [32m'function'[39m) {[22m
[2m    [31m[1m>[22m[2m[39m[90m 57 |[39m       console[33m.[39mwarn([32m`Store method ${method} is not a function or doesn't exist`[39m)[33m;[39m[22m
[2m     [90m    |[39m               [31m[1m^[22m[2m[39m[22m
[2m     [90m 58 |[39m     }[22m
[2m     [90m 59 |[39m   }[22m
[2m     [90m 60 |[39m }[33m;[39m[0m[22m
[2m[22m
[2m      [2mat [22m[2mnode_modules/@jest/environment-jsdom-abstract/node_modules/jest-mock/build/index.js[2m:305:39[22m[2m[22m
[2m      [2mat ensureStoreMethods ([22m[2mtests/unit/lib/store/enhanced-conversation-memory.store.test.ts[2m:57:15)[22m[2m[22m
[2m      [2mat Object.<anonymous> ([22m[2mtests/unit/lib/store/enhanced-conversation-memory.store.test.ts[2m:82:3)[22m[2m[22m

    [2m[33mconsole.warn[39m[22m
[33m      Store method searchMessages is not a function or doesn't exist[39m
[2m[22m
[2m    [0m [90m 55 |[39m   [36mfor[39m ([36mconst[39m method [36mof[39m requiredMethods) {[22m
[2m     [90m 56 |[39m     [36mif[39m (store [33m&&[39m [36mtypeof[39m store[method] [33m!==[39m [32m'function'[39m) {[22m
[2m    [31m[1m>[22m[2m[39m[90m 57 |[39m       console[33m.[39mwarn([32m`Store method ${method} is not a function or doesn't exist`[39m)[33m;[39m[22m
[2m     [90m    |[39m               [31m[1m^[22m[2m[39m[22m
[2m     [90m 58 |[39m     }[22m
[2m     [90m 59 |[39m   }[22m
[2m     [90m 60 |[39m }[33m;[39m[0m[22m
[2m[22m
[2m      [2mat [22m[2mnode_modules/@jest/environment-jsdom-abstract/node_modules/jest-mock/build/index.js[2m:305:39[22m[2m[22m
[2m      [2mat ensureStoreMethods ([22m[2mtests/unit/lib/store/enhanced-conversation-memory.store.test.ts[2m:57:15)[22m[2m[22m
[2m      [2mat Object.<anonymous> ([22m[2mtests/unit/lib/store/enhanced-conversation-memory.store.test.ts[2m:82:3)[22m[2m[22m

    [2m[33mconsole.warn[39m[22m
[33m      Store method summarizeSession is not a function or doesn't exist[39m
[2m[22m
[2m    [0m [90m 55 |[39m   [36mfor[39m ([36mconst[39m method [36mof[39m requiredMethods) {[22m
[2m     [90m 56 |[39m     [36mif[39m (store [33m&&[39m [36mtypeof[39m store[method] [33m!==[39m [32m'function'[39m) {[22m
[2m    [31m[1m>[22m[2m[39m[90m 57 |[39m       console[33m.[39mwarn([32m`Store method ${method} is not a function or doesn't exist`[39m)[33m;[39m[22m
[2m     [90m    |[39m               [31m[1m^[22m[2m[39m[22m
[2m     [90m 58 |[39m     }[22m
[2m     [90m 59 |[39m   }[22m
[2m     [90m 60 |[39m }[33m;[39m[0m[22m
[2m[22m
[2m      [2mat [22m[2mnode_modules/@jest/environment-jsdom-abstract/node_modules/jest-mock/build/index.js[2m:305:39[22m[2m[22m
[2m      [2mat ensureStoreMethods ([22m[2mtests/unit/lib/store/enhanced-conversation-memory.store.test.ts[2m:57:15)[22m[2m[22m
[2m      [2mat Object.<anonymous> ([22m[2mtests/unit/lib/store/enhanced-conversation-memory.store.test.ts[2m:82:3)[22m[2m[22m

    [2m[33mconsole.warn[39m[22m
[33m      Store method addProcessor is not a function or doesn't exist[39m
[2m[22m
[2m    [0m [90m 55 |[39m   [36mfor[39m ([36mconst[39m method [36mof[39m requiredMethods) {[22m
[2m     [90m 56 |[39m     [36mif[39m (store [33m&&[39m [36mtypeof[39m store[method] [33m!==[39m [32m'function'[39m) {[22m
[2m    [31m[1m>[22m[2m[39m[90m 57 |[39m       console[33m.[39mwarn([32m`Store method ${method} is not a function or doesn't exist`[39m)[33m;[39m[22m
[2m     [90m    |[39m               [31m[1m^[22m[2m[39m[22m
[2m     [90m 58 |[39m     }[22m
[2m     [90m 59 |[39m   }[22m
[2m     [90m 60 |[39m }[33m;[39m[0m[22m
[2m[22m
[2m      [2mat [22m[2mnode_modules/@jest/environment-jsdom-abstract/node_modules/jest-mock/build/index.js[2m:305:39[22m[2m[22m
[2m      [2mat ensureStoreMethods ([22m[2mtests/unit/lib/store/enhanced-conversation-memory.store.test.ts[2m:57:15)[22m[2m[22m
[2m      [2mat Object.<anonymous> ([22m[2mtests/unit/lib/store/enhanced-conversation-memory.store.test.ts[2m:82:3)[22m[2m[22m

    [2m[33mconsole.warn[39m[22m
[33m      Store method removeProcessor is not a function or doesn't exist[39m
[2m[22m
[2m    [0m [90m 55 |[39m   [36mfor[39m ([36mconst[39m method [36mof[39m requiredMethods) {[22m
[2m     [90m 56 |[39m     [36mif[39m (store [33m&&[39m [36mtypeof[39m store[method] [33m!==[39m [32m'function'[39m) {[22m
[2m    [31m[1m>[22m[2m[39m[90m 57 |[39m       console[33m.[39mwarn([32m`Store method ${method} is not a function or doesn't exist`[39m)[33m;[39m[22m
[2m     [90m    |[39m               [31m[1m^[22m[2m[39m[22m
[2m     [90m 58 |[39m     }[22m
[2m     [90m 59 |[39m   }[22m
[2m     [90m 60 |[39m }[33m;[39m[0m[22m
[2m[22m
[2m      [2mat [22m[2mnode_modules/@jest/environment-jsdom-abstract/node_modules/jest-mock/build/index.js[2m:305:39[22m[2m[22m
[2m      [2mat ensureStoreMethods ([22m[2mtests/unit/lib/store/enhanced-conversation-memory.store.test.ts[2m:57:15)[22m[2m[22m
[2m      [2mat Object.<anonymous> ([22m[2mtests/unit/lib/store/enhanced-conversation-memory.store.test.ts[2m:82:3)[22m[2m[22m

    [2m[33mconsole.warn[39m[22m
[33m      Store method setDefaultProcessors is not a function or doesn't exist[39m
[2m[22m
[2m    [0m [90m 55 |[39m   [36mfor[39m ([36mconst[39m method [36mof[39m requiredMethods) {[22m
[2m     [90m 56 |[39m     [36mif[39m (store [33m&&[39m [36mtypeof[39m store[method] [33m!==[39m [32m'function'[39m) {[22m
[2m    [31m[1m>[22m[2m[39m[90m 57 |[39m       console[33m.[39mwarn([32m`Store method ${method} is not a function or doesn't exist`[39m)[33m;[39m[22m
[2m     [90m    |[39m               [31m[1m^[22m[2m[39m[22m
[2m     [90m 58 |[39m     }[22m
[2m     [90m 59 |[39m   }[22m
[2m     [90m 60 |[39m }[33m;[39m[0m[22m
[2m[22m
[2m      [2mat [22m[2mnode_modules/@jest/environment-jsdom-abstract/node_modules/jest-mock/build/index.js[2m:305:39[22m[2m[22m
[2m      [2mat ensureStoreMethods ([22m[2mtests/unit/lib/store/enhanced-conversation-memory.store.test.ts[2m:57:15)[22m[2m[22m
[2m      [2mat Object.<anonymous> ([22m[2mtests/unit/lib/store/enhanced-conversation-memory.store.test.ts[2m:82:3)[22m[2m[22m

    [2m[33mconsole.warn[39m[22m
[33m      Store method getMemoryStats is not a function or doesn't exist[39m
[2m[22m
[2m    [0m [90m 55 |[39m   [36mfor[39m ([36mconst[39m method [36mof[39m requiredMethods) {[22m
[2m     [90m 56 |[39m     [36mif[39m (store [33m&&[39m [36mtypeof[39m store[method] [33m!==[39m [32m'function'[39m) {[22m
[2m    [31m[1m>[22m[2m[39m[90m 57 |[39m       console[33m.[39mwarn([32m`Store method ${method} is not a function or doesn't exist`[39m)[33m;[39m[22m
[2m     [90m    |[39m               [31m[1m^[22m[2m[39m[22m
[2m     [90m 58 |[39m     }[22m
[2m     [90m 59 |[39m   }[22m
[2m     [90m 60 |[39m }[33m;[39m[0m[22m
[2m[22m
[2m      [2mat [22m[2mnode_modules/@jest/environment-jsdom-abstract/node_modules/jest-mock/build/index.js[2m:305:39[22m[2m[22m
[2m      [2mat ensureStoreMethods ([22m[2mtests/unit/lib/store/enhanced-conversation-memory.store.test.ts[2m:57:15)[22m[2m[22m
[2m      [2mat Object.<anonymous> ([22m[2mtests/unit/lib/store/enhanced-conversation-memory.store.test.ts[2m:82:3)[22m[2m[22m

    [2m[33mconsole.warn[39m[22m
[33m      Store method enableDbSync is not a function or doesn't exist[39m
[2m[22m
[2m    [0m [90m 55 |[39m   [36mfor[39m ([36mconst[39m method [36mof[39m requiredMethods) {[22m
[2m     [90m 56 |[39m     [36mif[39m (store [33m&&[39m [36mtypeof[39m store[method] [33m!==[39m [32m'function'[39m) {[22m
[2m    [31m[1m>[22m[2m[39m[90m 57 |[39m       console[33m.[39mwarn([32m`Store method ${method} is not a function or doesn't exist`[39m)[33m;[39m[22m
[2m     [90m    |[39m               [31m[1m^[22m[2m[39m[22m
[2m     [90m 58 |[39m     }[22m
[2m     [90m 59 |[39m   }[22m
[2m     [90m 60 |[39m }[33m;[39m[0m[22m
[2m[22m
[2m      [2mat [22m[2mnode_modules/@jest/environment-jsdom-abstract/node_modules/jest-mock/build/index.js[2m:305:39[22m[2m[22m
[2m      [2mat ensureStoreMethods ([22m[2mtests/unit/lib/store/enhanced-conversation-memory.store.test.ts[2m:57:15)[22m[2m[22m
[2m      [2mat Object.<anonymous> ([22m[2mtests/unit/lib/store/enhanced-conversation-memory.store.test.ts[2m:82:3)[22m[2m[22m

    [2m[33mconsole.warn[39m[22m
[33m      Store method disableDbSync is not a function or doesn't exist[39m
[2m[22m
[2m    [0m [90m 55 |[39m   [36mfor[39m ([36mconst[39m method [36mof[39m requiredMethods) {[22m
[2m     [90m 56 |[39m     [36mif[39m (store [33m&&[39m [36mtypeof[39m store[method] [33m!==[39m [32m'function'[39m) {[22m
[2m    [31m[1m>[22m[2m[39m[90m 57 |[39m       console[33m.[39mwarn([32m`Store method ${method} is not a function or doesn't exist`[39m)[33m;[39m[22m
[2m     [90m    |[39m               [31m[1m^[22m[2m[39m[22m
[2m     [90m 58 |[39m     }[22m
[2m     [90m 59 |[39m   }[22m
[2m     [90m 60 |[39m }[33m;[39m[0m[22m
[2m[22m
[2m      [2mat [22m[2mnode_modules/@jest/environment-jsdom-abstract/node_modules/jest-mock/build/index.js[2m:305:39[22m[2m[22m
[2m      [2mat ensureStoreMethods ([22m[2mtests/unit/lib/store/enhanced-conversation-memory.store.test.ts[2m:57:15)[22m[2m[22m
[2m      [2mat Object.<anonymous> ([22m[2mtests/unit/lib/store/enhanced-conversation-memory.store.test.ts[2m:82:3)[22m[2m[22m

    [2m[33mconsole.warn[39m[22m
[33m      Store method syncWithDatabase is not a function or doesn't exist[39m
[2m[22m
[2m    [0m [90m 55 |[39m   [36mfor[39m ([36mconst[39m method [36mof[39m requiredMethods) {[22m
[2m     [90m 56 |[39m     [36mif[39m (store [33m&&[39m [36mtypeof[39m store[method] [33m!==[39m [32m'function'[39m) {[22m
[2m    [31m[1m>[22m[2m[39m[90m 57 |[39m       console[33m.[39mwarn([32m`Store method ${method} is not a function or doesn't exist`[39m)[33m;[39m[22m
[2m     [90m    |[39m               [31m[1m^[22m[2m[39m[22m
[2m     [90m 58 |[39m     }[22m
[2m     [90m 59 |[39m   }[22m
[2m     [90m 60 |[39m }[33m;[39m[0m[22m
[2m[22m
[2m      [2mat [22m[2mnode_modules/@jest/environment-jsdom-abstract/node_modules/jest-mock/build/index.js[2m:305:39[22m[2m[22m
[2m      [2mat ensureStoreMethods ([22m[2mtests/unit/lib/store/enhanced-conversation-memory.store.test.ts[2m:57:15)[22m[2m[22m
[2m      [2mat Object.<anonymous> ([22m[2mtests/unit/lib/store/enhanced-conversation-memory.store.test.ts[2m:82:3)[22m[2m[22m

    [2m[33mconsole.warn[39m[22m
[33m      Store method loadFromDatabase is not a function or doesn't exist[39m
[2m[22m
[2m    [0m [90m 55 |[39m   [36mfor[39m ([36mconst[39m method [36mof[39m requiredMethods) {[22m
[2m     [90m 56 |[39m     [36mif[39m (store [33m&&[39m [36mtypeof[39m store[method] [33m!==[39m [32m'function'[39m) {[22m
[2m    [31m[1m>[22m[2m[39m[90m 57 |[39m       console[33m.[39mwarn([32m`Store method ${method} is not a function or doesn't exist`[39m)[33m;[39m[22m
[2m     [90m    |[39m               [31m[1m^[22m[2m[39m[22m
[2m     [90m 58 |[39m     }[22m
[2m     [90m 59 |[39m   }[22m
[2m     [90m 60 |[39m }[33m;[39m[0m[22m
[2m[22m
[2m      [2mat [22m[2mnode_modules/@jest/environment-jsdom-abstract/node_modules/jest-mock/build/index.js[2m:305:39[22m[2m[22m
[2m      [2mat ensureStoreMethods ([22m[2mtests/unit/lib/store/enhanced-conversation-memory.store.test.ts[2m:57:15)[22m[2m[22m
[2m      [2mat Object.<anonymous> ([22m[2mtests/unit/lib/store/enhanced-conversation-memory.store.test.ts[2m:82:3)[22m[2m[22m

    [2m[33mconsole.warn[39m[22m
[33m      Store method createSession is not a function or doesn't exist[39m
[2m[22m
[2m    [0m [90m 55 |[39m   [36mfor[39m ([36mconst[39m method [36mof[39m requiredMethods) {[22m
[2m     [90m 56 |[39m     [36mif[39m (store [33m&&[39m [36mtypeof[39m store[method] [33m!==[39m [32m'function'[39m) {[22m
[2m    [31m[1m>[22m[2m[39m[90m 57 |[39m       console[33m.[39mwarn([32m`Store method ${method} is not a function or doesn't exist`[39m)[33m;[39m[22m
[2m     [90m    |[39m               [31m[1m^[22m[2m[39m[22m
[2m     [90m 58 |[39m     }[22m
[2m     [90m 59 |[39m   }[22m
[2m     [90m 60 |[39m }[33m;[39m[0m[22m
[2m[22m
[2m      [2mat [22m[2mnode_modules/@jest/environment-jsdom-abstract/node_modules/jest-mock/build/index.js[2m:305:39[22m[2m[22m
[2m      [2mat ensureStoreMethods ([22m[2mtests/unit/lib/store/enhanced-conversation-memory.store.test.ts[2m:57:15)[22m[2m[22m
[2m      [2mat Object.<anonymous> ([22m[2mtests/unit/lib/store/enhanced-conversation-memory.store.test.ts[2m:82:3)[22m[2m[22m

    [2m[33mconsole.warn[39m[22m
[33m      Store method addMessage is not a function or doesn't exist[39m
[2m[22m
[2m    [0m [90m 55 |[39m   [36mfor[39m ([36mconst[39m method [36mof[39m requiredMethods) {[22m
[2m     [90m 56 |[39m     [36mif[39m (store [33m&&[39m [36mtypeof[39m store[method] [33m!==[39m [32m'function'[39m) {[22m
[2m    [31m[1m>[22m[2m[39m[90m 57 |[39m       console[33m.[39mwarn([32m`Store method ${method} is not a function or doesn't exist`[39m)[33m;[39m[22m
[2m     [90m    |[39m               [31m[1m^[22m[2m[39m[22m
[2m     [90m 58 |[39m     }[22m
[2m     [90m 59 |[39m   }[22m
[2m     [90m 60 |[39m }[33m;[39m[0m[22m
[2m[22m
[2m      [2mat [22m[2mnode_modules/@jest/environment-jsdom-abstract/node_modules/jest-mock/build/index.js[2m:305:39[22m[2m[22m
[2m      [2mat ensureStoreMethods ([22m[2mtests/unit/lib/store/enhanced-conversation-memory.store.test.ts[2m:57:15)[22m[2m[22m
[2m      [2mat Object.<anonymous> ([22m[2mtests/unit/lib/store/enhanced-conversation-memory.store.test.ts[2m:82:3)[22m[2m[22m

    [2m[33mconsole.warn[39m[22m
[33m      Store method getProcessedMessages is not a function or doesn't exist[39m
[2m[22m
[2m    [0m [90m 55 |[39m   [36mfor[39m ([36mconst[39m method [36mof[39m requiredMethods) {[22m
[2m     [90m 56 |[39m     [36mif[39m (store [33m&&[39m [36mtypeof[39m store[method] [33m!==[39m [32m'function'[39m) {[22m
[2m    [31m[1m>[22m[2m[39m[90m 57 |[39m       console[33m.[39mwarn([32m`Store method ${method} is not a function or doesn't exist`[39m)[33m;[39m[22m
[2m     [90m    |[39m               [31m[1m^[22m[2m[39m[22m
[2m     [90m 58 |[39m     }[22m
[2m     [90m 59 |[39m   }[22m
[2m     [90m 60 |[39m }[33m;[39m[0m[22m
[2m[22m
[2m      [2mat [22m[2mnode_modules/@jest/environment-jsdom-abstract/node_modules/jest-mock/build/index.js[2m:305:39[22m[2m[22m
[2m      [2mat ensureStoreMethods ([22m[2mtests/unit/lib/store/enhanced-conversation-memory.store.test.ts[2m:57:15)[22m[2m[22m
[2m      [2mat Object.<anonymous> ([22m[2mtests/unit/lib/store/enhanced-conversation-memory.store.test.ts[2m:82:3)[22m[2m[22m

    [2m[33mconsole.warn[39m[22m
[33m      Store method getRecentMessages is not a function or doesn't exist[39m
[2m[22m
[2m    [0m [90m 55 |[39m   [36mfor[39m ([36mconst[39m method [36mof[39m requiredMethods) {[22m
[2m     [90m 56 |[39m     [36mif[39m (store [33m&&[39m [36mtypeof[39m store[method] [33m!==[39m [32m'function'[39m) {[22m
[2m    [31m[1m>[22m[2m[39m[90m 57 |[39m       console[33m.[39mwarn([32m`Store method ${method} is not a function or doesn't exist`[39m)[33m;[39m[22m
[2m     [90m    |[39m               [31m[1m^[22m[2m[39m[22m
[2m     [90m 58 |[39m     }[22m
[2m     [90m 59 |[39m   }[22m
[2m     [90m 60 |[39m }[33m;[39m[0m[22m
[2m[22m
[2m      [2mat [22m[2mnode_modules/@jest/environment-jsdom-abstract/node_modules/jest-mock/build/index.js[2m:305:39[22m[2m[22m
[2m      [2mat ensureStoreMethods ([22m[2mtests/unit/lib/store/enhanced-conversation-memory.store.test.ts[2m:57:15)[22m[2m[22m
[2m      [2mat Object.<anonymous> ([22m[2mtests/unit/lib/store/enhanced-conversation-memory.store.test.ts[2m:82:3)[22m[2m[22m

    [2m[33mconsole.warn[39m[22m
[33m      Store method getSessionContext is not a function or doesn't exist[39m
[2m[22m
[2m    [0m [90m 55 |[39m   [36mfor[39m ([36mconst[39m method [36mof[39m requiredMethods) {[22m
[2m     [90m 56 |[39m     [36mif[39m (store [33m&&[39m [36mtypeof[39m store[method] [33m!==[39m [32m'function'[39m) {[22m
[2m    [31m[1m>[22m[2m[39m[90m 57 |[39m       console[33m.[39mwarn([32m`Store method ${method} is not a function or doesn't exist`[39m)[33m;[39m[22m
[2m     [90m    |[39m               [31m[1m^[22m[2m[39m[22m
[2m     [90m 58 |[39m     }[22m
[2m     [90m 59 |[39m   }[22m
[2m     [90m 60 |[39m }[33m;[39m[0m[22m
[2m[22m
[2m      [2mat [22m[2mnode_modules/@jest/environment-jsdom-abstract/node_modules/jest-mock/build/index.js[2m:305:39[22m[2m[22m
[2m      [2mat ensureStoreMethods ([22m[2mtests/unit/lib/store/enhanced-conversation-memory.store.test.ts[2m:57:15)[22m[2m[22m
[2m      [2mat Object.<anonymous> ([22m[2mtests/unit/lib/store/enhanced-conversation-memory.store.test.ts[2m:82:3)[22m[2m[22m

    [2m[33mconsole.warn[39m[22m
[33m      Store method updateMessageMetadata is not a function or doesn't exist[39m
[2m[22m
[2m    [0m [90m 55 |[39m   [36mfor[39m ([36mconst[39m method [36mof[39m requiredMethods) {[22m
[2m     [90m 56 |[39m     [36mif[39m (store [33m&&[39m [36mtypeof[39m store[method] [33m!==[39m [32m'function'[39m) {[22m
[2m    [31m[1m>[22m[2m[39m[90m 57 |[39m       console[33m.[39mwarn([32m`Store method ${method} is not a function or doesn't exist`[39m)[33m;[39m[22m
[2m     [90m    |[39m               [31m[1m^[22m[2m[39m[22m
[2m     [90m 58 |[39m     }[22m
[2m     [90m 59 |[39m   }[22m
[2m     [90m 60 |[39m }[33m;[39m[0m[22m
[2m[22m
[2m      [2mat [22m[2mnode_modules/@jest/environment-jsdom-abstract/node_modules/jest-mock/build/index.js[2m:305:39[22m[2m[22m
[2m      [2mat ensureStoreMethods ([22m[2mtests/unit/lib/store/enhanced-conversation-memory.store.test.ts[2m:57:15)[22m[2m[22m
[2m      [2mat Object.<anonymous> ([22m[2mtests/unit/lib/store/enhanced-conversation-memory.store.test.ts[2m:82:3)[22m[2m[22m

    [2m[33mconsole.warn[39m[22m
[33m      Store method clearSession is not a function or doesn't exist[39m
[2m[22m
[2m    [0m [90m 55 |[39m   [36mfor[39m ([36mconst[39m method [36mof[39m requiredMethods) {[22m
[2m     [90m 56 |[39m     [36mif[39m (store [33m&&[39m [36mtypeof[39m store[method] [33m!==[39m [32m'function'[39m) {[22m
[2m    [31m[1m>[22m[2m[39m[90m 57 |[39m       console[33m.[39mwarn([32m`Store method ${method} is not a function or doesn't exist`[39m)[33m;[39m[22m
[2m     [90m    |[39m               [31m[1m^[22m[2m[39m[22m
[2m     [90m 58 |[39m     }[22m
[2m     [90m 59 |[39m   }[22m
[2m     [90m 60 |[39m }[33m;[39m[0m[22m
[2m[22m
[2m      [2mat [22m[2mnode_modules/@jest/environment-jsdom-abstract/node_modules/jest-mock/build/index.js[2m:305:39[22m[2m[22m
[2m      [2mat ensureStoreMethods ([22m[2mtests/unit/lib/store/enhanced-conversation-memory.store.test.ts[2m:57:15)[22m[2m[22m
[2m      [2mat Object.<anonymous> ([22m[2mtests/unit/lib/store/enhanced-conversation-memory.store.test.ts[2m:82:3)[22m[2m[22m

    [2m[33mconsole.warn[39m[22m
[33m      Store method searchMessages is not a function or doesn't exist[39m
[2m[22m
[2m    [0m [90m 55 |[39m   [36mfor[39m ([36mconst[39m method [36mof[39m requiredMethods) {[22m
[2m     [90m 56 |[39m     [36mif[39m (store [33m&&[39m [36mtypeof[39m store[method] [33m!==[39m [32m'function'[39m) {[22m
[2m    [31m[1m>[22m[2m[39m[90m 57 |[39m       console[33m.[39mwarn([32m`Store method ${method} is not a function or doesn't exist`[39m)[33m;[39m[22m
[2m     [90m    |[39m               [31m[1m^[22m[2m[39m[22m
[2m     [90m 58 |[39m     }[22m
[2m     [90m 59 |[39m   }[22m
[2m     [90m 60 |[39m }[33m;[39m[0m[22m
[2m[22m
[2m      [2mat [22m[2mnode_modules/@jest/environment-jsdom-abstract/node_modules/jest-mock/build/index.js[2m:305:39[22m[2m[22m
[2m      [2mat ensureStoreMethods ([22m[2mtests/unit/lib/store/enhanced-conversation-memory.store.test.ts[2m:57:15)[22m[2m[22m
[2m      [2mat Object.<anonymous> ([22m[2mtests/unit/lib/store/enhanced-conversation-memory.store.test.ts[2m:82:3)[22m[2m[22m

    [2m[33mconsole.warn[39m[22m
[33m      Store method summarizeSession is not a function or doesn't exist[39m
[2m[22m
[2m    [0m [90m 55 |[39m   [36mfor[39m ([36mconst[39m method [36mof[39m requiredMethods) {[22m
[2m     [90m 56 |[39m     [36mif[39m (store [33m&&[39m [36mtypeof[39m store[method] [33m!==[39m [32m'function'[39m) {[22m
[2m    [31m[1m>[22m[2m[39m[90m 57 |[39m       console[33m.[39mwarn([32m`Store method ${method} is not a function or doesn't exist`[39m)[33m;[39m[22m
[2m     [90m    |[39m               [31m[1m^[22m[2m[39m[22m
[2m     [90m 58 |[39m     }[22m
[2m     [90m 59 |[39m   }[22m
[2m     [90m 60 |[39m }[33m;[39m[0m[22m
[2m[22m
[2m      [2mat [22m[2mnode_modules/@jest/environment-jsdom-abstract/node_modules/jest-mock/build/index.js[2m:305:39[22m[2m[22m
[2m      [2mat ensureStoreMethods ([22m[2mtests/unit/lib/store/enhanced-conversation-memory.store.test.ts[2m:57:15)[22m[2m[22m
[2m      [2mat Object.<anonymous> ([22m[2mtests/unit/lib/store/enhanced-conversation-memory.store.test.ts[2m:82:3)[22m[2m[22m

    [2m[33mconsole.warn[39m[22m
[33m      Store method addProcessor is not a function or doesn't exist[39m
[2m[22m
[2m    [0m [90m 55 |[39m   [36mfor[39m ([36mconst[39m method [36mof[39m requiredMethods) {[22m
[2m     [90m 56 |[39m     [36mif[39m (store [33m&&[39m [36mtypeof[39m store[method] [33m!==[39m [32m'function'[39m) {[22m
[2m    [31m[1m>[22m[2m[39m[90m 57 |[39m       console[33m.[39mwarn([32m`Store method ${method} is not a function or doesn't exist`[39m)[33m;[39m[22m
[2m     [90m    |[39m               [31m[1m^[22m[2m[39m[22m
[2m     [90m 58 |[39m     }[22m
[2m     [90m 59 |[39m   }[22m
[2m     [90m 60 |[39m }[33m;[39m[0m[22m
[2m[22m
[2m      [2mat [22m[2mnode_modules/@jest/environment-jsdom-abstract/node_modules/jest-mock/build/index.js[2m:305:39[22m[2m[22m
[2m      [2mat ensureStoreMethods ([22m[2mtests/unit/lib/store/enhanced-conversation-memory.store.test.ts[2m:57:15)[22m[2m[22m
[2m      [2mat Object.<anonymous> ([22m[2mtests/unit/lib/store/enhanced-conversation-memory.store.test.ts[2m:82:3)[22m[2m[22m

    [2m[33mconsole.warn[39m[22m
[33m      Store method removeProcessor is not a function or doesn't exist[39m
[2m[22m
[2m    [0m [90m 55 |[39m   [36mfor[39m ([36mconst[39m method [36mof[39m requiredMethods) {[22m
[2m     [90m 56 |[39m     [36mif[39m (store [33m&&[39m [36mtypeof[39m store[method] [33m!==[39m [32m'function'[39m) {[22m
[2m    [31m[1m>[22m[2m[39m[90m 57 |[39m       console[33m.[39mwarn([32m`Store method ${method} is not a function or doesn't exist`[39m)[33m;[39m[22m
[2m     [90m    |[39m               [31m[1m^[22m[2m[39m[22m
[2m     [90m 58 |[39m     }[22m
[2m     [90m 59 |[39m   }[22m
[2m     [90m 60 |[39m }[33m;[39m[0m[22m
[2m[22m
[2m      [2mat [22m[2mnode_modules/@jest/environment-jsdom-abstract/node_modules/jest-mock/build/index.js[2m:305:39[22m[2m[22m
[2m      [2mat ensureStoreMethods ([22m[2mtests/unit/lib/store/enhanced-conversation-memory.store.test.ts[2m:57:15)[22m[2m[22m
[2m      [2mat Object.<anonymous> ([22m[2mtests/unit/lib/store/enhanced-conversation-memory.store.test.ts[2m:82:3)[22m[2m[22m

    [2m[33mconsole.warn[39m[22m
[33m      Store method setDefaultProcessors is not a function or doesn't exist[39m
[2m[22m
[2m    [0m [90m 55 |[39m   [36mfor[39m ([36mconst[39m method [36mof[39m requiredMethods) {[22m
[2m     [90m 56 |[39m     [36mif[39m (store [33m&&[39m [36mtypeof[39m store[method] [33m!==[39m [32m'function'[39m) {[22m
[2m    [31m[1m>[22m[2m[39m[90m 57 |[39m       console[33m.[39mwarn([32m`Store method ${method} is not a function or doesn't exist`[39m)[33m;[39m[22m
[2m     [90m    |[39m               [31m[1m^[22m[2m[39m[22m
[2m     [90m 58 |[39m     }[22m
[2m     [90m 59 |[39m   }[22m
[2m     [90m 60 |[39m }[33m;[39m[0m[22m
[2m[22m
[2m      [2mat [22m[2mnode_modules/@jest/environment-jsdom-abstract/node_modules/jest-mock/build/index.js[2m:305:39[22m[2m[22m
[2m      [2mat ensureStoreMethods ([22m[2mtests/unit/lib/store/enhanced-conversation-memory.store.test.ts[2m:57:15)[22m[2m[22m
[2m      [2mat Object.<anonymous> ([22m[2mtests/unit/lib/store/enhanced-conversation-memory.store.test.ts[2m:82:3)[22m[2m[22m

    [2m[33mconsole.warn[39m[22m
[33m      Store method getMemoryStats is not a function or doesn't exist[39m
[2m[22m
[2m    [0m [90m 55 |[39m   [36mfor[39m ([36mconst[39m method [36mof[39m requiredMethods) {[22m
[2m     [90m 56 |[39m     [36mif[39m (store [33m&&[39m [36mtypeof[39m store[method] [33m!==[39m [32m'function'[39m) {[22m
[2m    [31m[1m>[22m[2m[39m[90m 57 |[39m       console[33m.[39mwarn([32m`Store method ${method} is not a function or doesn't exist`[39m)[33m;[39m[22m
[2m     [90m    |[39m               [31m[1m^[22m[2m[39m[22m
[2m     [90m 58 |[39m     }[22m
[2m     [90m 59 |[39m   }[22m
[2m     [90m 60 |[39m }[33m;[39m[0m[22m
[2m[22m
[2m      [2mat [22m[2mnode_modules/@jest/environment-jsdom-abstract/node_modules/jest-mock/build/index.js[2m:305:39[22m[2m[22m
[2m      [2mat ensureStoreMethods ([22m[2mtests/unit/lib/store/enhanced-conversation-memory.store.test.ts[2m:57:15)[22m[2m[22m
[2m      [2mat Object.<anonymous> ([22m[2mtests/unit/lib/store/enhanced-conversation-memory.store.test.ts[2m:82:3)[22m[2m[22m

    [2m[33mconsole.warn[39m[22m
[33m      Store method enableDbSync is not a function or doesn't exist[39m
[2m[22m
[2m    [0m [90m 55 |[39m   [36mfor[39m ([36mconst[39m method [36mof[39m requiredMethods) {[22m
[2m     [90m 56 |[39m     [36mif[39m (store [33m&&[39m [36mtypeof[39m store[method] [33m!==[39m [32m'function'[39m) {[22m
[2m    [31m[1m>[22m[2m[39m[90m 57 |[39m       console[33m.[39mwarn([32m`Store method ${method} is not a function or doesn't exist`[39m)[33m;[39m[22m
[2m     [90m    |[39m               [31m[1m^[22m[2m[39m[22m
[2m     [90m 58 |[39m     }[22m
[2m     [90m 59 |[39m   }[22m
[2m     [90m 60 |[39m }[33m;[39m[0m[22m
[2m[22m
[2m      [2mat [22m[2mnode_modules/@jest/environment-jsdom-abstract/node_modules/jest-mock/build/index.js[2m:305:39[22m[2m[22m
[2m      [2mat ensureStoreMethods ([22m[2mtests/unit/lib/store/enhanced-conversation-memory.store.test.ts[2m:57:15)[22m[2m[22m
[2m      [2mat Object.<anonymous> ([22m[2mtests/unit/lib/store/enhanced-conversation-memory.store.test.ts[2m:82:3)[22m[2m[22m

    [2m[33mconsole.warn[39m[22m
[33m      Store method disableDbSync is not a function or doesn't exist[39m
[2m[22m
[2m    [0m [90m 55 |[39m   [36mfor[39m ([36mconst[39m method [36mof[39m requiredMethods) {[22m
[2m     [90m 56 |[39m     [36mif[39m (store [33m&&[39m [36mtypeof[39m store[method] [33m!==[39m [32m'function'[39m) {[22m
[2m    [31m[1m>[22m[2m[39m[90m 57 |[39m       console[33m.[39mwarn([32m`Store method ${method} is not a function or doesn't exist`[39m)[33m;[39m[22m
[2m     [90m    |[39m               [31m[1m^[22m[2m[39m[22m
[2m     [90m 58 |[39m     }[22m
[2m     [90m 59 |[39m   }[22m
[2m     [90m 60 |[39m }[33m;[39m[0m[22m
[2m[22m
[2m      [2mat [22m[2mnode_modules/@jest/environment-jsdom-abstract/node_modules/jest-mock/build/index.js[2m:305:39[22m[2m[22m
[2m      [2mat ensureStoreMethods ([22m[2mtests/unit/lib/store/enhanced-conversation-memory.store.test.ts[2m:57:15)[22m[2m[22m
[2m      [2mat Object.<anonymous> ([22m[2mtests/unit/lib/store/enhanced-conversation-memory.store.test.ts[2m:82:3)[22m[2m[22m

    [2m[33mconsole.warn[39m[22m
[33m      Store method syncWithDatabase is not a function or doesn't exist[39m
[2m[22m
[2m    [0m [90m 55 |[39m   [36mfor[39m ([36mconst[39m method [36mof[39m requiredMethods) {[22m
[2m     [90m 56 |[39m     [36mif[39m (store [33m&&[39m [36mtypeof[39m store[method] [33m!==[39m [32m'function'[39m) {[22m
[2m    [31m[1m>[22m[2m[39m[90m 57 |[39m       console[33m.[39mwarn([32m`Store method ${method} is not a function or doesn't exist`[39m)[33m;[39m[22m
[2m     [90m    |[39m               [31m[1m^[22m[2m[39m[22m
[2m     [90m 58 |[39m     }[22m
[2m     [90m 59 |[39m   }[22m
[2m     [90m 60 |[39m }[33m;[39m[0m[22m
[2m[22m
[2m      [2mat [22m[2mnode_modules/@jest/environment-jsdom-abstract/node_modules/jest-mock/build/index.js[2m:305:39[22m[2m[22m
[2m      [2mat ensureStoreMethods ([22m[2mtests/unit/lib/store/enhanced-conversation-memory.store.test.ts[2m:57:15)[22m[2m[22m
[2m      [2mat Object.<anonymous> ([22m[2mtests/unit/lib/store/enhanced-conversation-memory.store.test.ts[2m:82:3)[22m[2m[22m

    [2m[33mconsole.warn[39m[22m
[33m      Store method loadFromDatabase is not a function or doesn't exist[39m
[2m[22m
[2m    [0m [90m 55 |[39m   [36mfor[39m ([36mconst[39m method [36mof[39m requiredMethods) {[22m
[2m     [90m 56 |[39m     [36mif[39m (store [33m&&[39m [36mtypeof[39m store[method] [33m!==[39m [32m'function'[39m) {[22m
[2m    [31m[1m>[22m[2m[39m[90m 57 |[39m       console[33m.[39mwarn([32m`Store method ${method} is not a function or doesn't exist`[39m)[33m;[39m[22m
[2m     [90m    |[39m               [31m[1m^[22m[2m[39m[22m
[2m     [90m 58 |[39m     }[22m
[2m     [90m 59 |[39m   }[22m
[2m     [90m 60 |[39m }[33m;[39m[0m[22m
[2m[22m
[2m      [2mat [22m[2mnode_modules/@jest/environment-jsdom-abstract/node_modules/jest-mock/build/index.js[2m:305:39[22m[2m[22m
[2m      [2mat ensureStoreMethods ([22m[2mtests/unit/lib/store/enhanced-conversation-memory.store.test.ts[2m:57:15)[22m[2m[22m
[2m      [2mat Object.<anonymous> ([22m[2mtests/unit/lib/store/enhanced-conversation-memory.store.test.ts[2m:82:3)[22m[2m[22m

    [2m[33mconsole.warn[39m[22m
[33m      Store method createSession is not a function or doesn't exist[39m
[2m[22m
[2m    [0m [90m 55 |[39m   [36mfor[39m ([36mconst[39m method [36mof[39m requiredMethods) {[22m
[2m     [90m 56 |[39m     [36mif[39m (store [33m&&[39m [36mtypeof[39m store[method] [33m!==[39m [32m'function'[39m) {[22m
[2m    [31m[1m>[22m[2m[39m[90m 57 |[39m       console[33m.[39mwarn([32m`Store method ${method} is not a function or doesn't exist`[39m)[33m;[39m[22m
[2m     [90m    |[39m               [31m[1m^[22m[2m[39m[22m
[2m     [90m 58 |[39m     }[22m
[2m     [90m 59 |[39m   }[22m
[2m     [90m 60 |[39m }[33m;[39m[0m[22m
[2m[22m
[2m      [2mat [22m[2mnode_modules/@jest/environment-jsdom-abstract/node_modules/jest-mock/build/index.js[2m:305:39[22m[2m[22m
[2m      [2mat ensureStoreMethods ([22m[2mtests/unit/lib/store/enhanced-conversation-memory.store.test.ts[2m:57:15)[22m[2m[22m
[2m      [2mat Object.<anonymous> ([22m[2mtests/unit/lib/store/enhanced-conversation-memory.store.test.ts[2m:82:3)[22m[2m[22m

    [2m[33mconsole.warn[39m[22m
[33m      Store method addMessage is not a function or doesn't exist[39m
[2m[22m
[2m    [0m [90m 55 |[39m   [36mfor[39m ([36mconst[39m method [36mof[39m requiredMethods) {[22m
[2m     [90m 56 |[39m     [36mif[39m (store [33m&&[39m [36mtypeof[39m store[method] [33m!==[39m [32m'function'[39m) {[22m
[2m    [31m[1m>[22m[2m[39m[90m 57 |[39m       console[33m.[39mwarn([32m`Store method ${method} is not a function or doesn't exist`[39m)[33m;[39m[22m
[2m     [90m    |[39m               [31m[1m^[22m[2m[39m[22m
[2m     [90m 58 |[39m     }[22m
[2m     [90m 59 |[39m   }[22m
[2m     [90m 60 |[39m }[33m;[39m[0m[22m
[2m[22m
[2m      [2mat [22m[2mnode_modules/@jest/environment-jsdom-abstract/node_modules/jest-mock/build/index.js[2m:305:39[22m[2m[22m
[2m      [2mat ensureStoreMethods ([22m[2mtests/unit/lib/store/enhanced-conversation-memory.store.test.ts[2m:57:15)[22m[2m[22m
[2m      [2mat Object.<anonymous> ([22m[2mtests/unit/lib/store/enhanced-conversation-memory.store.test.ts[2m:82:3)[22m[2m[22m

    [2m[33mconsole.warn[39m[22m
[33m      Store method getProcessedMessages is not a function or doesn't exist[39m
[2m[22m
[2m    [0m [90m 55 |[39m   [36mfor[39m ([36mconst[39m method [36mof[39m requiredMethods) {[22m
[2m     [90m 56 |[39m     [36mif[39m (store [33m&&[39m [36mtypeof[39m store[method] [33m!==[39m [32m'function'[39m) {[22m
[2m    [31m[1m>[22m[2m[39m[90m 57 |[39m       console[33m.[39mwarn([32m`Store method ${method} is not a function or doesn't exist`[39m)[33m;[39m[22m
[2m     [90m    |[39m               [31m[1m^[22m[2m[39m[22m
[2m     [90m 58 |[39m     }[22m
[2m     [90m 59 |[39m   }[22m
[2m     [90m 60 |[39m }[33m;[39m[0m[22m
[2m[22m
[2m      [2mat [22m[2mnode_modules/@jest/environment-jsdom-abstract/node_modules/jest-mock/build/index.js[2m:305:39[22m[2m[22m
[2m      [2mat ensureStoreMethods ([22m[2mtests/unit/lib/store/enhanced-conversation-memory.store.test.ts[2m:57:15)[22m[2m[22m
[2m      [2mat Object.<anonymous> ([22m[2mtests/unit/lib/store/enhanced-conversation-memory.store.test.ts[2m:82:3)[22m[2m[22m

    [2m[33mconsole.warn[39m[22m
[33m      Store method getRecentMessages is not a function or doesn't exist[39m
[2m[22m
[2m    [0m [90m 55 |[39m   [36mfor[39m ([36mconst[39m method [36mof[39m requiredMethods) {[22m
[2m     [90m 56 |[39m     [36mif[39m (store [33m&&[39m [36mtypeof[39m store[method] [33m!==[39m [32m'function'[39m) {[22m
[2m    [31m[1m>[22m[2m[39m[90m 57 |[39m       console[33m.[39mwarn([32m`Store method ${method} is not a function or doesn't exist`[39m)[33m;[39m[22m
[2m     [90m    |[39m               [31m[1m^[22m[2m[39m[22m
[2m     [90m 58 |[39m     }[22m
[2m     [90m 59 |[39m   }[22m
[2m     [90m 60 |[39m }[33m;[39m[0m[22m
[2m[22m
[2m      [2mat [22m[2mnode_modules/@jest/environment-jsdom-abstract/node_modules/jest-mock/build/index.js[2m:305:39[22m[2m[22m
[2m      [2mat ensureStoreMethods ([22m[2mtests/unit/lib/store/enhanced-conversation-memory.store.test.ts[2m:57:15)[22m[2m[22m
[2m      [2mat Object.<anonymous> ([22m[2mtests/unit/lib/store/enhanced-conversation-memory.store.test.ts[2m:82:3)[22m[2m[22m

    [2m[33mconsole.warn[39m[22m
[33m      Store method getSessionContext is not a function or doesn't exist[39m
[2m[22m
[2m    [0m [90m 55 |[39m   [36mfor[39m ([36mconst[39m method [36mof[39m requiredMethods) {[22m
[2m     [90m 56 |[39m     [36mif[39m (store [33m&&[39m [36mtypeof[39m store[method] [33m!==[39m [32m'function'[39m) {[22m
[2m    [31m[1m>[22m[2m[39m[90m 57 |[39m       console[33m.[39mwarn([32m`Store method ${method} is not a function or doesn't exist`[39m)[33m;[39m[22m
[2m     [90m    |[39m               [31m[1m^[22m[2m[39m[22m
[2m     [90m 58 |[39m     }[22m
[2m     [90m 59 |[39m   }[22m
[2m     [90m 60 |[39m }[33m;[39m[0m[22m
[2m[22m
[2m      [2mat [22m[2mnode_modules/@jest/environment-jsdom-abstract/node_modules/jest-mock/build/index.js[2m:305:39[22m[2m[22m
[2m      [2mat ensureStoreMethods ([22m[2mtests/unit/lib/store/enhanced-conversation-memory.store.test.ts[2m:57:15)[22m[2m[22m
[2m      [2mat Object.<anonymous> ([22m[2mtests/unit/lib/store/enhanced-conversation-memory.store.test.ts[2m:82:3)[22m[2m[22m

    [2m[33mconsole.warn[39m[22m
[33m      Store method updateMessageMetadata is not a function or doesn't exist[39m
[2m[22m
[2m    [0m [90m 55 |[39m   [36mfor[39m ([36mconst[39m method [36mof[39m requiredMethods) {[22m
[2m     [90m 56 |[39m     [36mif[39m (store [33m&&[39m [36mtypeof[39m store[method] [33m!==[39m [32m'function'[39m) {[22m
[2m    [31m[1m>[22m[2m[39m[90m 57 |[39m       console[33m.[39mwarn([32m`Store method ${method} is not a function or doesn't exist`[39m)[33m;[39m[22m
[2m     [90m    |[39m               [31m[1m^[22m[2m[39m[22m
[2m     [90m 58 |[39m     }[22m
[2m     [90m 59 |[39m   }[22m
[2m     [90m 60 |[39m }[33m;[39m[0m[22m
[2m[22m
[2m      [2mat [22m[2mnode_modules/@jest/environment-jsdom-abstract/node_modules/jest-mock/build/index.js[2m:305:39[22m[2m[22m
[2m      [2mat ensureStoreMethods ([22m[2mtests/unit/lib/store/enhanced-conversation-memory.store.test.ts[2m:57:15)[22m[2m[22m
[2m      [2mat Object.<anonymous> ([22m[2mtests/unit/lib/store/enhanced-conversation-memory.store.test.ts[2m:82:3)[22m[2m[22m

    [2m[33mconsole.warn[39m[22m
[33m      Store method clearSession is not a function or doesn't exist[39m
[2m[22m
[2m    [0m [90m 55 |[39m   [36mfor[39m ([36mconst[39m method [36mof[39m requiredMethods) {[22m
[2m     [90m 56 |[39m     [36mif[39m (store [33m&&[39m [36mtypeof[39m store[method] [33m!==[39m [32m'function'[39m) {[22m
[2m    [31m[1m>[22m[2m[39m[90m 57 |[39m       console[33m.[39mwarn([32m`Store method ${method} is not a function or doesn't exist`[39m)[33m;[39m[22m
[2m     [90m    |[39m               [31m[1m^[22m[2m[39m[22m
[2m     [90m 58 |[39m     }[22m
[2m     [90m 59 |[39m   }[22m
[2m     [90m 60 |[39m }[33m;[39m[0m[22m
[2m[22m
[2m      [2mat [22m[2mnode_modules/@jest/environment-jsdom-abstract/node_modules/jest-mock/build/index.js[2m:305:39[22m[2m[22m
[2m      [2mat ensureStoreMethods ([22m[2mtests/unit/lib/store/enhanced-conversation-memory.store.test.ts[2m:57:15)[22m[2m[22m
[2m      [2mat Object.<anonymous> ([22m[2mtests/unit/lib/store/enhanced-conversation-memory.store.test.ts[2m:82:3)[22m[2m[22m

    [2m[33mconsole.warn[39m[22m
[33m      Store method searchMessages is not a function or doesn't exist[39m
[2m[22m
[2m    [0m [90m 55 |[39m   [36mfor[39m ([36mconst[39m method [36mof[39m requiredMethods) {[22m
[2m     [90m 56 |[39m     [36mif[39m (store [33m&&[39m [36mtypeof[39m store[method] [33m!==[39m [32m'function'[39m) {[22m
[2m    [31m[1m>[22m[2m[39m[90m 57 |[39m       console[33m.[39mwarn([32m`Store method ${method} is not a function or doesn't exist`[39m)[33m;[39m[22m
[2m     [90m    |[39m               [31m[1m^[22m[2m[39m[22m
[2m     [90m 58 |[39m     }[22m
[2m     [90m 59 |[39m   }[22m
[2m     [90m 60 |[39m }[33m;[39m[0m[22m
[2m[22m
[2m      [2mat [22m[2mnode_modules/@jest/environment-jsdom-abstract/node_modules/jest-mock/build/index.js[2m:305:39[22m[2m[22m
[2m      [2mat ensureStoreMethods ([22m[2mtests/unit/lib/store/enhanced-conversation-memory.store.test.ts[2m:57:15)[22m[2m[22m
[2m      [2mat Object.<anonymous> ([22m[2mtests/unit/lib/store/enhanced-conversation-memory.store.test.ts[2m:82:3)[22m[2m[22m

    [2m[33mconsole.warn[39m[22m
[33m      Store method summarizeSession is not a function or doesn't exist[39m
[2m[22m
[2m    [0m [90m 55 |[39m   [36mfor[39m ([36mconst[39m method [36mof[39m requiredMethods) {[22m
[2m     [90m 56 |[39m     [36mif[39m (store [33m&&[39m [36mtypeof[39m store[method] [33m!==[39m [32m'function'[39m) {[22m
[2m    [31m[1m>[22m[2m[39m[90m 57 |[39m       console[33m.[39mwarn([32m`Store method ${method} is not a function or doesn't exist`[39m)[33m;[39m[22m
[2m     [90m    |[39m               [31m[1m^[22m[2m[39m[22m
[2m     [90m 58 |[39m     }[22m
[2m     [90m 59 |[39m   }[22m
[2m     [90m 60 |[39m }[33m;[39m[0m[22m
[2m[22m
[2m      [2mat [22m[2mnode_modules/@jest/environment-jsdom-abstract/node_modules/jest-mock/build/index.js[2m:305:39[22m[2m[22m
[2m      [2mat ensureStoreMethods ([22m[2mtests/unit/lib/store/enhanced-conversation-memory.store.test.ts[2m:57:15)[22m[2m[22m
[2m      [2mat Object.<anonymous> ([22m[2mtests/unit/lib/store/enhanced-conversation-memory.store.test.ts[2m:82:3)[22m[2m[22m

    [2m[33mconsole.warn[39m[22m
[33m      Store method addProcessor is not a function or doesn't exist[39m
[2m[22m
[2m    [0m [90m 55 |[39m   [36mfor[39m ([36mconst[39m method [36mof[39m requiredMethods) {[22m
[2m     [90m 56 |[39m     [36mif[39m (store [33m&&[39m [36mtypeof[39m store[method] [33m!==[39m [32m'function'[39m) {[22m
[2m    [31m[1m>[22m[2m[39m[90m 57 |[39m       console[33m.[39mwarn([32m`Store method ${method} is not a function or doesn't exist`[39m)[33m;[39m[22m
[2m     [90m    |[39m               [31m[1m^[22m[2m[39m[22m
[2m     [90m 58 |[39m     }[22m
[2m     [90m 59 |[39m   }[22m
[2m     [90m 60 |[39m }[33m;[39m[0m[22m
[2m[22m
[2m      [2mat [22m[2mnode_modules/@jest/environment-jsdom-abstract/node_modules/jest-mock/build/index.js[2m:305:39[22m[2m[22m
[2m      [2mat ensureStoreMethods ([22m[2mtests/unit/lib/store/enhanced-conversation-memory.store.test.ts[2m:57:15)[22m[2m[22m
[2m      [2mat Object.<anonymous> ([22m[2mtests/unit/lib/store/enhanced-conversation-memory.store.test.ts[2m:82:3)[22m[2m[22m

    [2m[33mconsole.warn[39m[22m
[33m      Store method removeProcessor is not a function or doesn't exist[39m
[2m[22m
[2m    [0m [90m 55 |[39m   [36mfor[39m ([36mconst[39m method [36mof[39m requiredMethods) {[22m
[2m     [90m 56 |[39m     [36mif[39m (store [33m&&[39m [36mtypeof[39m store[method] [33m!==[39m [32m'function'[39m) {[22m
[2m    [31m[1m>[22m[2m[39m[90m 57 |[39m       console[33m.[39mwarn([32m`Store method ${method} is not a function or doesn't exist`[39m)[33m;[39m[22m
[2m     [90m    |[39m               [31m[1m^[22m[2m[39m[22m
[2m     [90m 58 |[39m     }[22m
[2m     [90m 59 |[39m   }[22m
[2m     [90m 60 |[39m }[33m;[39m[0m[22m
[2m[22m
[2m      [2mat [22m[2mnode_modules/@jest/environment-jsdom-abstract/node_modules/jest-mock/build/index.js[2m:305:39[22m[2m[22m
[2m      [2mat ensureStoreMethods ([22m[2mtests/unit/lib/store/enhanced-conversation-memory.store.test.ts[2m:57:15)[22m[2m[22m
[2m      [2mat Object.<anonymous> ([22m[2mtests/unit/lib/store/enhanced-conversation-memory.store.test.ts[2m:82:3)[22m[2m[22m

    [2m[33mconsole.warn[39m[22m
[33m      Store method setDefaultProcessors is not a function or doesn't exist[39m
[2m[22m
[2m    [0m [90m 55 |[39m   [36mfor[39m ([36mconst[39m method [36mof[39m requiredMethods) {[22m
[2m     [90m 56 |[39m     [36mif[39m (store [33m&&[39m [36mtypeof[39m store[method] [33m!==[39m [32m'function'[39m) {[22m
[2m    [31m[1m>[22m[2m[39m[90m 57 |[39m       console[33m.[39mwarn([32m`Store method ${method} is not a function or doesn't exist`[39m)[33m;[39m[22m
[2m     [90m    |[39m               [31m[1m^[22m[2m[39m[22m
[2m     [90m 58 |[39m     }[22m
[2m     [90m 59 |[39m   }[22m
[2m     [90m 60 |[39m }[33m;[39m[0m[22m
[2m[22m
[2m      [2mat [22m[2mnode_modules/@jest/environment-jsdom-abstract/node_modules/jest-mock/build/index.js[2m:305:39[22m[2m[22m
[2m      [2mat ensureStoreMethods ([22m[2mtests/unit/lib/store/enhanced-conversation-memory.store.test.ts[2m:57:15)[22m[2m[22m
[2m      [2mat Object.<anonymous> ([22m[2mtests/unit/lib/store/enhanced-conversation-memory.store.test.ts[2m:82:3)[22m[2m[22m

    [2m[33mconsole.warn[39m[22m
[33m      Store method getMemoryStats is not a function or doesn't exist[39m
[2m[22m
[2m    [0m [90m 55 |[39m   [36mfor[39m ([36mconst[39m method [36mof[39m requiredMethods) {[22m
[2m     [90m 56 |[39m     [36mif[39m (store [33m&&[39m [36mtypeof[39m store[method] [33m!==[39m [32m'function'[39m) {[22m
[2m    [31m[1m>[22m[2m[39m[90m 57 |[39m       console[33m.[39mwarn([32m`Store method ${method} is not a function or doesn't exist`[39m)[33m;[39m[22m
[2m     [90m    |[39m               [31m[1m^[22m[2m[39m[22m
[2m     [90m 58 |[39m     }[22m
[2m     [90m 59 |[39m   }[22m
[2m     [90m 60 |[39m }[33m;[39m[0m[22m
[2m[22m
[2m      [2mat [22m[2mnode_modules/@jest/environment-jsdom-abstract/node_modules/jest-mock/build/index.js[2m:305:39[22m[2m[22m
[2m      [2mat ensureStoreMethods ([22m[2mtests/unit/lib/store/enhanced-conversation-memory.store.test.ts[2m:57:15)[22m[2m[22m
[2m      [2mat Object.<anonymous> ([22m[2mtests/unit/lib/store/enhanced-conversation-memory.store.test.ts[2m:82:3)[22m[2m[22m

    [2m[33mconsole.warn[39m[22m
[33m      Store method enableDbSync is not a function or doesn't exist[39m
[2m[22m
[2m    [0m [90m 55 |[39m   [36mfor[39m ([36mconst[39m method [36mof[39m requiredMethods) {[22m
[2m     [90m 56 |[39m     [36mif[39m (store [33m&&[39m [36mtypeof[39m store[method] [33m!==[39m [32m'function'[39m) {[22m
[2m    [31m[1m>[22m[2m[39m[90m 57 |[39m       console[33m.[39mwarn([32m`Store method ${method} is not a function or doesn't exist`[39m)[33m;[39m[22m
[2m     [90m    |[39m               [31m[1m^[22m[2m[39m[22m
[2m     [90m 58 |[39m     }[22m
[2m     [90m 59 |[39m   }[22m
[2m     [90m 60 |[39m }[33m;[39m[0m[22m
[2m[22m
[2m      [2mat [22m[2mnode_modules/@jest/environment-jsdom-abstract/node_modules/jest-mock/build/index.js[2m:305:39[22m[2m[22m
[2m      [2mat ensureStoreMethods ([22m[2mtests/unit/lib/store/enhanced-conversation-memory.store.test.ts[2m:57:15)[22m[2m[22m
[2m      [2mat Object.<anonymous> ([22m[2mtests/unit/lib/store/enhanced-conversation-memory.store.test.ts[2m:82:3)[22m[2m[22m

    [2m[33mconsole.warn[39m[22m
[33m      Store method disableDbSync is not a function or doesn't exist[39m
[2m[22m
[2m    [0m [90m 55 |[39m   [36mfor[39m ([36mconst[39m method [36mof[39m requiredMethods) {[22m
[2m     [90m 56 |[39m     [36mif[39m (store [33m&&[39m [36mtypeof[39m store[method] [33m!==[39m [32m'function'[39m) {[22m
[2m    [31m[1m>[22m[2m[39m[90m 57 |[39m       console[33m.[39mwarn([32m`Store method ${method} is not a function or doesn't exist`[39m)[33m;[39m[22m
[2m     [90m    |[39m               [31m[1m^[22m[2m[39m[22m
[2m     [90m 58 |[39m     }[22m
[2m     [90m 59 |[39m   }[22m
[2m     [90m 60 |[39m }[33m;[39m[0m[22m
[2m[22m
[2m      [2mat [22m[2mnode_modules/@jest/environment-jsdom-abstract/node_modules/jest-mock/build/index.js[2m:305:39[22m[2m[22m
[2m      [2mat ensureStoreMethods ([22m[2mtests/unit/lib/store/enhanced-conversation-memory.store.test.ts[2m:57:15)[22m[2m[22m
[2m      [2mat Object.<anonymous> ([22m[2mtests/unit/lib/store/enhanced-conversation-memory.store.test.ts[2m:82:3)[22m[2m[22m

    [2m[33mconsole.warn[39m[22m
[33m      Store method syncWithDatabase is not a function or doesn't exist[39m
[2m[22m
[2m    [0m [90m 55 |[39m   [36mfor[39m ([36mconst[39m method [36mof[39m requiredMethods) {[22m
[2m     [90m 56 |[39m     [36mif[39m (store [33m&&[39m [36mtypeof[39m store[method] [33m!==[39m [32m'function'[39m) {[22m
[2m    [31m[1m>[22m[2m[39m[90m 57 |[39m       console[33m.[39mwarn([32m`Store method ${method} is not a function or doesn't exist`[39m)[33m;[39m[22m
[2m     [90m    |[39m               [31m[1m^[22m[2m[39m[22m
[2m     [90m 58 |[39m     }[22m
[2m     [90m 59 |[39m   }[22m
[2m     [90m 60 |[39m }[33m;[39m[0m[22m
[2m[22m
[2m      [2mat [22m[2mnode_modules/@jest/environment-jsdom-abstract/node_modules/jest-mock/build/index.js[2m:305:39[22m[2m[22m
[2m      [2mat ensureStoreMethods ([22m[2mtests/unit/lib/store/enhanced-conversation-memory.store.test.ts[2m:57:15)[22m[2m[22m
[2m      [2mat Object.<anonymous> ([22m[2mtests/unit/lib/store/enhanced-conversation-memory.store.test.ts[2m:82:3)[22m[2m[22m

    [2m[33mconsole.warn[39m[22m
[33m      Store method loadFromDatabase is not a function or doesn't exist[39m
[2m[22m
[2m    [0m [90m 55 |[39m   [36mfor[39m ([36mconst[39m method [36mof[39m requiredMethods) {[22m
[2m     [90m 56 |[39m     [36mif[39m (store [33m&&[39m [36mtypeof[39m store[method] [33m!==[39m [32m'function'[39m) {[22m
[2m    [31m[1m>[22m[2m[39m[90m 57 |[39m       console[33m.[39mwarn([32m`Store method ${method} is not a function or doesn't exist`[39m)[33m;[39m[22m
[2m     [90m    |[39m               [31m[1m^[22m[2m[39m[22m
[2m     [90m 58 |[39m     }[22m
[2m     [90m 59 |[39m   }[22m
[2m     [90m 60 |[39m }[33m;[39m[0m[22m
[2m[22m
[2m      [2mat [22m[2mnode_modules/@jest/environment-jsdom-abstract/node_modules/jest-mock/build/index.js[2m:305:39[22m[2m[22m
[2m      [2mat ensureStoreMethods ([22m[2mtests/unit/lib/store/enhanced-conversation-memory.store.test.ts[2m:57:15)[22m[2m[22m
[2m      [2mat Object.<anonymous> ([22m[2mtests/unit/lib/store/enhanced-conversation-memory.store.test.ts[2m:82:3)[22m[2m[22m

    [2m[33mconsole.warn[39m[22m
[33m      Store method createSession is not a function or doesn't exist[39m
[2m[22m
[2m    [0m [90m 55 |[39m   [36mfor[39m ([36mconst[39m method [36mof[39m requiredMethods) {[22m
[2m     [90m 56 |[39m     [36mif[39m (store [33m&&[39m [36mtypeof[39m store[method] [33m!==[39m [32m'function'[39m) {[22m
[2m    [31m[1m>[22m[2m[39m[90m 57 |[39m       console[33m.[39mwarn([32m`Store method ${method} is not a function or doesn't exist`[39m)[33m;[39m[22m
[2m     [90m    |[39m               [31m[1m^[22m[2m[39m[22m
[2m     [90m 58 |[39m     }[22m
[2m     [90m 59 |[39m   }[22m
[2m     [90m 60 |[39m }[33m;[39m[0m[22m
[2m[22m
[2m      [2mat [22m[2mnode_modules/@jest/environment-jsdom-abstract/node_modules/jest-mock/build/index.js[2m:305:39[22m[2m[22m
[2m      [2mat ensureStoreMethods ([22m[2mtests/unit/lib/store/enhanced-conversation-memory.store.test.ts[2m:57:15)[22m[2m[22m
[2m      [2mat Object.<anonymous> ([22m[2mtests/unit/lib/store/enhanced-conversation-memory.store.test.ts[2m:82:3)[22m[2m[22m

    [2m[33mconsole.warn[39m[22m
[33m      Store method addMessage is not a function or doesn't exist[39m
[2m[22m
[2m    [0m [90m 55 |[39m   [36mfor[39m ([36mconst[39m method [36mof[39m requiredMethods) {[22m
[2m     [90m 56 |[39m     [36mif[39m (store [33m&&[39m [36mtypeof[39m store[method] [33m!==[39m [32m'function'[39m) {[22m
[2m    [31m[1m>[22m[2m[39m[90m 57 |[39m       console[33m.[39mwarn([32m`Store method ${method} is not a function or doesn't exist`[39m)[33m;[39m[22m
[2m     [90m    |[39m               [31m[1m^[22m[2m[39m[22m
[2m     [90m 58 |[39m     }[22m
[2m     [90m 59 |[39m   }[22m
[2m     [90m 60 |[39m }[33m;[39m[0m[22m
[2m[22m
[2m      [2mat [22m[2mnode_modules/@jest/environment-jsdom-abstract/node_modules/jest-mock/build/index.js[2m:305:39[22m[2m[22m
[2m      [2mat ensureStoreMethods ([22m[2mtests/unit/lib/store/enhanced-conversation-memory.store.test.ts[2m:57:15)[22m[2m[22m
[2m      [2mat Object.<anonymous> ([22m[2mtests/unit/lib/store/enhanced-conversation-memory.store.test.ts[2m:82:3)[22m[2m[22m

    [2m[33mconsole.warn[39m[22m
[33m      Store method getProcessedMessages is not a function or doesn't exist[39m
[2m[22m
[2m    [0m [90m 55 |[39m   [36mfor[39m ([36mconst[39m method [36mof[39m requiredMethods) {[22m
[2m     [90m 56 |[39m     [36mif[39m (store [33m&&[39m [36mtypeof[39m store[method] [33m!==[39m [32m'function'[39m) {[22m
[2m    [31m[1m>[22m[2m[39m[90m 57 |[39m       console[33m.[39mwarn([32m`Store method ${method} is not a function or doesn't exist`[39m)[33m;[39m[22m
[2m     [90m    |[39m               [31m[1m^[22m[2m[39m[22m
[2m     [90m 58 |[39m     }[22m
[2m     [90m 59 |[39m   }[22m
[2m     [90m 60 |[39m }[33m;[39m[0m[22m
[2m[22m
[2m      [2mat [22m[2mnode_modules/@jest/environment-jsdom-abstract/node_modules/jest-mock/build/index.js[2m:305:39[22m[2m[22m
[2m      [2mat ensureStoreMethods ([22m[2mtests/unit/lib/store/enhanced-conversation-memory.store.test.ts[2m:57:15)[22m[2m[22m
[2m      [2mat Object.<anonymous> ([22m[2mtests/unit/lib/store/enhanced-conversation-memory.store.test.ts[2m:82:3)[22m[2m[22m

    [2m[33mconsole.warn[39m[22m
[33m      Store method getRecentMessages is not a function or doesn't exist[39m
[2m[22m
[2m    [0m [90m 55 |[39m   [36mfor[39m ([36mconst[39m method [36mof[39m requiredMethods) {[22m
[2m     [90m 56 |[39m     [36mif[39m (store [33m&&[39m [36mtypeof[39m store[method] [33m!==[39m [32m'function'[39m) {[22m
[2m    [31m[1m>[22m[2m[39m[90m 57 |[39m       console[33m.[39mwarn([32m`Store method ${method} is not a function or doesn't exist`[39m)[33m;[39m[22m
[2m     [90m    |[39m               [31m[1m^[22m[2m[39m[22m
[2m     [90m 58 |[39m     }[22m
[2m     [90m 59 |[39m   }[22m
[2m     [90m 60 |[39m }[33m;[39m[0m[22m
[2m[22m
[2m      [2mat [22m[2mnode_modules/@jest/environment-jsdom-abstract/node_modules/jest-mock/build/index.js[2m:305:39[22m[2m[22m
[2m      [2mat ensureStoreMethods ([22m[2mtests/unit/lib/store/enhanced-conversation-memory.store.test.ts[2m:57:15)[22m[2m[22m
[2m      [2mat Object.<anonymous> ([22m[2mtests/unit/lib/store/enhanced-conversation-memory.store.test.ts[2m:82:3)[22m[2m[22m

    [2m[33mconsole.warn[39m[22m
[33m      Store method getSessionContext is not a function or doesn't exist[39m
[2m[22m
[2m    [0m [90m 55 |[39m   [36mfor[39m ([36mconst[39m method [36mof[39m requiredMethods) {[22m
[2m     [90m 56 |[39m     [36mif[39m (store [33m&&[39m [36mtypeof[39m store[method] [33m!==[39m [32m'function'[39m) {[22m
[2m    [31m[1m>[22m[2m[39m[90m 57 |[39m       console[33m.[39mwarn([32m`Store method ${method} is not a function or doesn't exist`[39m)[33m;[39m[22m
[2m     [90m    |[39m               [31m[1m^[22m[2m[39m[22m
[2m     [90m 58 |[39m     }[22m
[2m     [90m 59 |[39m   }[22m
[2m     [90m 60 |[39m }[33m;[39m[0m[22m
[2m[22m
[2m      [2mat [22m[2mnode_modules/@jest/environment-jsdom-abstract/node_modules/jest-mock/build/index.js[2m:305:39[22m[2m[22m
[2m      [2mat ensureStoreMethods ([22m[2mtests/unit/lib/store/enhanced-conversation-memory.store.test.ts[2m:57:15)[22m[2m[22m
[2m      [2mat Object.<anonymous> ([22m[2mtests/unit/lib/store/enhanced-conversation-memory.store.test.ts[2m:82:3)[22m[2m[22m

    [2m[33mconsole.warn[39m[22m
[33m      Store method updateMessageMetadata is not a function or doesn't exist[39m
[2m[22m
[2m    [0m [90m 55 |[39m   [36mfor[39m ([36mconst[39m method [36mof[39m requiredMethods) {[22m
[2m     [90m 56 |[39m     [36mif[39m (store [33m&&[39m [36mtypeof[39m store[method] [33m!==[39m [32m'function'[39m) {[22m
[2m    [31m[1m>[22m[2m[39m[90m 57 |[39m       console[33m.[39mwarn([32m`Store method ${method} is not a function or doesn't exist`[39m)[33m;[39m[22m
[2m     [90m    |[39m               [31m[1m^[22m[2m[39m[22m
[2m     [90m 58 |[39m     }[22m
[2m     [90m 59 |[39m   }[22m
[2m     [90m 60 |[39m }[33m;[39m[0m[22m
[2m[22m
[2m      [2mat [22m[2mnode_modules/@jest/environment-jsdom-abstract/node_modules/jest-mock/build/index.js[2m:305:39[22m[2m[22m
[2m      [2mat ensureStoreMethods ([22m[2mtests/unit/lib/store/enhanced-conversation-memory.store.test.ts[2m:57:15)[22m[2m[22m
[2m      [2mat Object.<anonymous> ([22m[2mtests/unit/lib/store/enhanced-conversation-memory.store.test.ts[2m:82:3)[22m[2m[22m

    [2m[33mconsole.warn[39m[22m
[33m      Store method clearSession is not a function or doesn't exist[39m
[2m[22m
[2m    [0m [90m 55 |[39m   [36mfor[39m ([36mconst[39m method [36mof[39m requiredMethods) {[22m
[2m     [90m 56 |[39m     [36mif[39m (store [33m&&[39m [36mtypeof[39m store[method] [33m!==[39m [32m'function'[39m) {[22m
[2m    [31m[1m>[22m[2m[39m[90m 57 |[39m       console[33m.[39mwarn([32m`Store method ${method} is not a function or doesn't exist`[39m)[33m;[39m[22m
[2m     [90m    |[39m               [31m[1m^[22m[2m[39m[22m
[2m     [90m 58 |[39m     }[22m
[2m     [90m 59 |[39m   }[22m
[2m     [90m 60 |[39m }[33m;[39m[0m[22m
[2m[22m
[2m      [2mat [22m[2mnode_modules/@jest/environment-jsdom-abstract/node_modules/jest-mock/build/index.js[2m:305:39[22m[2m[22m
[2m      [2mat ensureStoreMethods ([22m[2mtests/unit/lib/store/enhanced-conversation-memory.store.test.ts[2m:57:15)[22m[2m[22m
[2m      [2mat Object.<anonymous> ([22m[2mtests/unit/lib/store/enhanced-conversation-memory.store.test.ts[2m:82:3)[22m[2m[22m

    [2m[33mconsole.warn[39m[22m
[33m      Store method searchMessages is not a function or doesn't exist[39m
[2m[22m
[2m    [0m [90m 55 |[39m   [36mfor[39m ([36mconst[39m method [36mof[39m requiredMethods) {[22m
[2m     [90m 56 |[39m     [36mif[39m (store [33m&&[39m [36mtypeof[39m store[method] [33m!==[39m [32m'function'[39m) {[22m
[2m    [31m[1m>[22m[2m[39m[90m 57 |[39m       console[33m.[39mwarn([32m`Store method ${method} is not a function or doesn't exist`[39m)[33m;[39m[22m
[2m     [90m    |[39m               [31m[1m^[22m[2m[39m[22m
[2m     [90m 58 |[39m     }[22m
[2m     [90m 59 |[39m   }[22m
[2m     [90m 60 |[39m }[33m;[39m[0m[22m
[2m[22m
[2m      [2mat [22m[2mnode_modules/@jest/environment-jsdom-abstract/node_modules/jest-mock/build/index.js[2m:305:39[22m[2m[22m
[2m      [2mat ensureStoreMethods ([22m[2mtests/unit/lib/store/enhanced-conversation-memory.store.test.ts[2m:57:15)[22m[2m[22m
[2m      [2mat Object.<anonymous> ([22m[2mtests/unit/lib/store/enhanced-conversation-memory.store.test.ts[2m:82:3)[22m[2m[22m

    [2m[33mconsole.warn[39m[22m
[33m      Store method summarizeSession is not a function or doesn't exist[39m
[2m[22m
[2m    [0m [90m 55 |[39m   [36mfor[39m ([36mconst[39m method [36mof[39m requiredMethods) {[22m
[2m     [90m 56 |[39m     [36mif[39m (store [33m&&[39m [36mtypeof[39m store[method] [33m!==[39m [32m'function'[39m) {[22m
[2m    [31m[1m>[22m[2m[39m[90m 57 |[39m       console[33m.[39mwarn([32m`Store method ${method} is not a function or doesn't exist`[39m)[33m;[39m[22m
[2m     [90m    |[39m               [31m[1m^[22m[2m[39m[22m
[2m     [90m 58 |[39m     }[22m
[2m     [90m 59 |[39m   }[22m
[2m     [90m 60 |[39m }[33m;[39m[0m[22m
[2m[22m
[2m      [2mat [22m[2mnode_modules/@jest/environment-jsdom-abstract/node_modules/jest-mock/build/index.js[2m:305:39[22m[2m[22m
[2m      [2mat ensureStoreMethods ([22m[2mtests/unit/lib/store/enhanced-conversation-memory.store.test.ts[2m:57:15)[22m[2m[22m
[2m      [2mat Object.<anonymous> ([22m[2mtests/unit/lib/store/enhanced-conversation-memory.store.test.ts[2m:82:3)[22m[2m[22m

    [2m[33mconsole.warn[39m[22m
[33m      Store method addProcessor is not a function or doesn't exist[39m
[2m[22m
[2m    [0m [90m 55 |[39m   [36mfor[39m ([36mconst[39m method [36mof[39m requiredMethods) {[22m
[2m     [90m 56 |[39m     [36mif[39m (store [33m&&[39m [36mtypeof[39m store[method] [33m!==[39m [32m'function'[39m) {[22m
[2m    [31m[1m>[22m[2m[39m[90m 57 |[39m       console[33m.[39mwarn([32m`Store method ${method} is not a function or doesn't exist`[39m)[33m;[39m[22m
[2m     [90m    |[39m               [31m[1m^[22m[2m[39m[22m
[2m     [90m 58 |[39m     }[22m
[2m     [90m 59 |[39m   }[22m
[2m     [90m 60 |[39m }[33m;[39m[0m[22m
[2m[22m
[2m      [2mat [22m[2mnode_modules/@jest/environment-jsdom-abstract/node_modules/jest-mock/build/index.js[2m:305:39[22m[2m[22m
[2m      [2mat ensureStoreMethods ([22m[2mtests/unit/lib/store/enhanced-conversation-memory.store.test.ts[2m:57:15)[22m[2m[22m
[2m      [2mat Object.<anonymous> ([22m[2mtests/unit/lib/store/enhanced-conversation-memory.store.test.ts[2m:82:3)[22m[2m[22m

    [2m[33mconsole.warn[39m[22m
[33m      Store method removeProcessor is not a function or doesn't exist[39m
[2m[22m
[2m    [0m [90m 55 |[39m   [36mfor[39m ([36mconst[39m method [36mof[39m requiredMethods) {[22m
[2m     [90m 56 |[39m     [36mif[39m (store [33m&&[39m [36mtypeof[39m store[method] [33m!==[39m [32m'function'[39m) {[22m
[2m    [31m[1m>[22m[2m[39m[90m 57 |[39m       console[33m.[39mwarn([32m`Store method ${method} is not a function or doesn't exist`[39m)[33m;[39m[22m
[2m     [90m    |[39m               [31m[1m^[22m[2m[39m[22m
[2m     [90m 58 |[39m     }[22m
[2m     [90m 59 |[39m   }[22m
[2m     [90m 60 |[39m }[33m;[39m[0m[22m
[2m[22m
[2m      [2mat [22m[2mnode_modules/@jest/environment-jsdom-abstract/node_modules/jest-mock/build/index.js[2m:305:39[22m[2m[22m
[2m      [2mat ensureStoreMethods ([22m[2mtests/unit/lib/store/enhanced-conversation-memory.store.test.ts[2m:57:15)[22m[2m[22m
[2m      [2mat Object.<anonymous> ([22m[2mtests/unit/lib/store/enhanced-conversation-memory.store.test.ts[2m:82:3)[22m[2m[22m

    [2m[33mconsole.warn[39m[22m
[33m      Store method setDefaultProcessors is not a function or doesn't exist[39m
[2m[22m
[2m    [0m [90m 55 |[39m   [36mfor[39m ([36mconst[39m method [36mof[39m requiredMethods) {[22m
[2m     [90m 56 |[39m     [36mif[39m (store [33m&&[39m [36mtypeof[39m store[method] [33m!==[39m [32m'function'[39m) {[22m
[2m    [31m[1m>[22m[2m[39m[90m 57 |[39m       console[33m.[39mwarn([32m`Store method ${method} is not a function or doesn't exist`[39m)[33m;[39m[22m
[2m     [90m    |[39m               [31m[1m^[22m[2m[39m[22m
[2m     [90m 58 |[39m     }[22m
[2m     [90m 59 |[39m   }[22m
[2m     [90m 60 |[39m }[33m;[39m[0m[22m
[2m[22m
[2m      [2mat [22m[2mnode_modules/@jest/environment-jsdom-abstract/node_modules/jest-mock/build/index.js[2m:305:39[22m[2m[22m
[2m      [2mat ensureStoreMethods ([22m[2mtests/unit/lib/store/enhanced-conversation-memory.store.test.ts[2m:57:15)[22m[2m[22m
[2m      [2mat Object.<anonymous> ([22m[2mtests/unit/lib/store/enhanced-conversation-memory.store.test.ts[2m:82:3)[22m[2m[22m

    [2m[33mconsole.warn[39m[22m
[33m      Store method getMemoryStats is not a function or doesn't exist[39m
[2m[22m
[2m    [0m [90m 55 |[39m   [36mfor[39m ([36mconst[39m method [36mof[39m requiredMethods) {[22m
[2m     [90m 56 |[39m     [36mif[39m (store [33m&&[39m [36mtypeof[39m store[method] [33m!==[39m [32m'function'[39m) {[22m
[2m    [31m[1m>[22m[2m[39m[90m 57 |[39m       console[33m.[39mwarn([32m`Store method ${method} is not a function or doesn't exist`[39m)[33m;[39m[22m
[2m     [90m    |[39m               [31m[1m^[22m[2m[39m[22m
[2m     [90m 58 |[39m     }[22m
[2m     [90m 59 |[39m   }[22m
[2m     [90m 60 |[39m }[33m;[39m[0m[22m
[2m[22m
[2m      [2mat [22m[2mnode_modules/@jest/environment-jsdom-abstract/node_modules/jest-mock/build/index.js[2m:305:39[22m[2m[22m
[2m      [2mat ensureStoreMethods ([22m[2mtests/unit/lib/store/enhanced-conversation-memory.store.test.ts[2m:57:15)[22m[2m[22m
[2m      [2mat Object.<anonymous> ([22m[2mtests/unit/lib/store/enhanced-conversation-memory.store.test.ts[2m:82:3)[22m[2m[22m

    [2m[33mconsole.warn[39m[22m
[33m      Store method enableDbSync is not a function or doesn't exist[39m
[2m[22m
[2m    [0m [90m 55 |[39m   [36mfor[39m ([36mconst[39m method [36mof[39m requiredMethods) {[22m
[2m     [90m 56 |[39m     [36mif[39m (store [33m&&[39m [36mtypeof[39m store[method] [33m!==[39m [32m'function'[39m) {[22m
[2m    [31m[1m>[22m[2m[39m[90m 57 |[39m       console[33m.[39mwarn([32m`Store method ${method} is not a function or doesn't exist`[39m)[33m;[39m[22m
[2m     [90m    |[39m               [31m[1m^[22m[2m[39m[22m
[2m     [90m 58 |[39m     }[22m
[2m     [90m 59 |[39m   }[22m
[2m     [90m 60 |[39m }[33m;[39m[0m[22m
[2m[22m
[2m      [2mat [22m[2mnode_modules/@jest/environment-jsdom-abstract/node_modules/jest-mock/build/index.js[2m:305:39[22m[2m[22m
[2m      [2mat ensureStoreMethods ([22m[2mtests/unit/lib/store/enhanced-conversation-memory.store.test.ts[2m:57:15)[22m[2m[22m
[2m      [2mat Object.<anonymous> ([22m[2mtests/unit/lib/store/enhanced-conversation-memory.store.test.ts[2m:82:3)[22m[2m[22m

    [2m[33mconsole.warn[39m[22m
[33m      Store method disableDbSync is not a function or doesn't exist[39m
[2m[22m
[2m    [0m [90m 55 |[39m   [36mfor[39m ([36mconst[39m method [36mof[39m requiredMethods) {[22m
[2m     [90m 56 |[39m     [36mif[39m (store [33m&&[39m [36mtypeof[39m store[method] [33m!==[39m [32m'function'[39m) {[22m
[2m    [31m[1m>[22m[2m[39m[90m 57 |[39m       console[33m.[39mwarn([32m`Store method ${method} is not a function or doesn't exist`[39m)[33m;[39m[22m
[2m     [90m    |[39m               [31m[1m^[22m[2m[39m[22m
[2m     [90m 58 |[39m     }[22m
[2m     [90m 59 |[39m   }[22m
[2m     [90m 60 |[39m }[33m;[39m[0m[22m
[2m[22m
[2m      [2mat [22m[2mnode_modules/@jest/environment-jsdom-abstract/node_modules/jest-mock/build/index.js[2m:305:39[22m[2m[22m
[2m      [2mat ensureStoreMethods ([22m[2mtests/unit/lib/store/enhanced-conversation-memory.store.test.ts[2m:57:15)[22m[2m[22m
[2m      [2mat Object.<anonymous> ([22m[2mtests/unit/lib/store/enhanced-conversation-memory.store.test.ts[2m:82:3)[22m[2m[22m

    [2m[33mconsole.warn[39m[22m
[33m      Store method syncWithDatabase is not a function or doesn't exist[39m
[2m[22m
[2m    [0m [90m 55 |[39m   [36mfor[39m ([36mconst[39m method [36mof[39m requiredMethods) {[22m
[2m     [90m 56 |[39m     [36mif[39m (store [33m&&[39m [36mtypeof[39m store[method] [33m!==[39m [32m'function'[39m) {[22m
[2m    [31m[1m>[22m[2m[39m[90m 57 |[39m       console[33m.[39mwarn([32m`Store method ${method} is not a function or doesn't exist`[39m)[33m;[39m[22m
[2m     [90m    |[39m               [31m[1m^[22m[2m[39m[22m
[2m     [90m 58 |[39m     }[22m
[2m     [90m 59 |[39m   }[22m
[2m     [90m 60 |[39m }[33m;[39m[0m[22m
[2m[22m
[2m      [2mat [22m[2mnode_modules/@jest/environment-jsdom-abstract/node_modules/jest-mock/build/index.js[2m:305:39[22m[2m[22m
[2m      [2mat ensureStoreMethods ([22m[2mtests/unit/lib/store/enhanced-conversation-memory.store.test.ts[2m:57:15)[22m[2m[22m
[2m      [2mat Object.<anonymous> ([22m[2mtests/unit/lib/store/enhanced-conversation-memory.store.test.ts[2m:82:3)[22m[2m[22m

    [2m[33mconsole.warn[39m[22m
[33m      Store method loadFromDatabase is not a function or doesn't exist[39m
[2m[22m
[2m    [0m [90m 55 |[39m   [36mfor[39m ([36mconst[39m method [36mof[39m requiredMethods) {[22m
[2m     [90m 56 |[39m     [36mif[39m (store [33m&&[39m [36mtypeof[39m store[method] [33m!==[39m [32m'function'[39m) {[22m
[2m    [31m[1m>[22m[2m[39m[90m 57 |[39m       console[33m.[39mwarn([32m`Store method ${method} is not a function or doesn't exist`[39m)[33m;[39m[22m
[2m     [90m    |[39m               [31m[1m^[22m[2m[39m[22m
[2m     [90m 58 |[39m     }[22m
[2m     [90m 59 |[39m   }[22m
[2m     [90m 60 |[39m }[33m;[39m[0m[22m
[2m[22m
[2m      [2mat [22m[2mnode_modules/@jest/environment-jsdom-abstract/node_modules/jest-mock/build/index.js[2m:305:39[22m[2m[22m
[2m      [2mat ensureStoreMethods ([22m[2mtests/unit/lib/store/enhanced-conversation-memory.store.test.ts[2m:57:15)[22m[2m[22m
[2m      [2mat Object.<anonymous> ([22m[2mtests/unit/lib/store/enhanced-conversation-memory.store.test.ts[2m:82:3)[22m[2m[22m

    [2m[33mconsole.warn[39m[22m
[33m      Store method createSession is not a function or doesn't exist[39m
[2m[22m
[2m    [0m [90m 55 |[39m   [36mfor[39m ([36mconst[39m method [36mof[39m requiredMethods) {[22m
[2m     [90m 56 |[39m     [36mif[39m (store [33m&&[39m [36mtypeof[39m store[method] [33m!==[39m [32m'function'[39m) {[22m
[2m    [31m[1m>[22m[2m[39m[90m 57 |[39m       console[33m.[39mwarn([32m`Store method ${method} is not a function or doesn't exist`[39m)[33m;[39m[22m
[2m     [90m    |[39m               [31m[1m^[22m[2m[39m[22m
[2m     [90m 58 |[39m     }[22m
[2m     [90m 59 |[39m   }[22m
[2m     [90m 60 |[39m }[33m;[39m[0m[22m
[2m[22m
[2m      [2mat [22m[2mnode_modules/@jest/environment-jsdom-abstract/node_modules/jest-mock/build/index.js[2m:305:39[22m[2m[22m
[2m      [2mat ensureStoreMethods ([22m[2mtests/unit/lib/store/enhanced-conversation-memory.store.test.ts[2m:57:15)[22m[2m[22m
[2m      [2mat Object.<anonymous> ([22m[2mtests/unit/lib/store/enhanced-conversation-memory.store.test.ts[2m:82:3)[22m[2m[22m

    [2m[33mconsole.warn[39m[22m
[33m      Store method addMessage is not a function or doesn't exist[39m
[2m[22m
[2m    [0m [90m 55 |[39m   [36mfor[39m ([36mconst[39m method [36mof[39m requiredMethods) {[22m
[2m     [90m 56 |[39m     [36mif[39m (store [33m&&[39m [36mtypeof[39m store[method] [33m!==[39m [32m'function'[39m) {[22m
[2m    [31m[1m>[22m[2m[39m[90m 57 |[39m       console[33m.[39mwarn([32m`Store method ${method} is not a function or doesn't exist`[39m)[33m;[39m[22m
[2m     [90m    |[39m               [31m[1m^[22m[2m[39m[22m
[2m     [90m 58 |[39m     }[22m
[2m     [90m 59 |[39m   }[22m
[2m     [90m 60 |[39m }[33m;[39m[0m[22m
[2m[22m
[2m      [2mat [22m[2mnode_modules/@jest/environment-jsdom-abstract/node_modules/jest-mock/build/index.js[2m:305:39[22m[2m[22m
[2m      [2mat ensureStoreMethods ([22m[2mtests/unit/lib/store/enhanced-conversation-memory.store.test.ts[2m:57:15)[22m[2m[22m
[2m      [2mat Object.<anonymous> ([22m[2mtests/unit/lib/store/enhanced-conversation-memory.store.test.ts[2m:82:3)[22m[2m[22m

    [2m[33mconsole.warn[39m[22m
[33m      Store method getProcessedMessages is not a function or doesn't exist[39m
[2m[22m
[2m    [0m [90m 55 |[39m   [36mfor[39m ([36mconst[39m method [36mof[39m requiredMethods) {[22m
[2m     [90m 56 |[39m     [36mif[39m (store [33m&&[39m [36mtypeof[39m store[method] [33m!==[39m [32m'function'[39m) {[22m
[2m    [31m[1m>[22m[2m[39m[90m 57 |[39m       console[33m.[39mwarn([32m`Store method ${method} is not a function or doesn't exist`[39m)[33m;[39m[22m
[2m     [90m    |[39m               [31m[1m^[22m[2m[39m[22m
[2m     [90m 58 |[39m     }[22m
[2m     [90m 59 |[39m   }[22m
[2m     [90m 60 |[39m }[33m;[39m[0m[22m
[2m[22m
[2m      [2mat [22m[2mnode_modules/@jest/environment-jsdom-abstract/node_modules/jest-mock/build/index.js[2m:305:39[22m[2m[22m
[2m      [2mat ensureStoreMethods ([22m[2mtests/unit/lib/store/enhanced-conversation-memory.store.test.ts[2m:57:15)[22m[2m[22m
[2m      [2mat Object.<anonymous> ([22m[2mtests/unit/lib/store/enhanced-conversation-memory.store.test.ts[2m:82:3)[22m[2m[22m

    [2m[33mconsole.warn[39m[22m
[33m      Store method getRecentMessages is not a function or doesn't exist[39m
[2m[22m
[2m    [0m [90m 55 |[39m   [36mfor[39m ([36mconst[39m method [36mof[39m requiredMethods) {[22m
[2m     [90m 56 |[39m     [36mif[39m (store [33m&&[39m [36mtypeof[39m store[method] [33m!==[39m [32m'function'[39m) {[22m
[2m    [31m[1m>[22m[2m[39m[90m 57 |[39m       console[33m.[39mwarn([32m`Store method ${method} is not a function or doesn't exist`[39m)[33m;[39m[22m
[2m     [90m    |[39m               [31m[1m^[22m[2m[39m[22m
[2m     [90m 58 |[39m     }[22m
[2m     [90m 59 |[39m   }[22m
[2m     [90m 60 |[39m }[33m;[39m[0m[22m
[2m[22m
[2m      [2mat [22m[2mnode_modules/@jest/environment-jsdom-abstract/node_modules/jest-mock/build/index.js[2m:305:39[22m[2m[22m
[2m      [2mat ensureStoreMethods ([22m[2mtests/unit/lib/store/enhanced-conversation-memory.store.test.ts[2m:57:15)[22m[2m[22m
[2m      [2mat Object.<anonymous> ([22m[2mtests/unit/lib/store/enhanced-conversation-memory.store.test.ts[2m:82:3)[22m[2m[22m

    [2m[33mconsole.warn[39m[22m
[33m      Store method getSessionContext is not a function or doesn't exist[39m
[2m[22m
[2m    [0m [90m 55 |[39m   [36mfor[39m ([36mconst[39m method [36mof[39m requiredMethods) {[22m
[2m     [90m 56 |[39m     [36mif[39m (store [33m&&[39m [36mtypeof[39m store[method] [33m!==[39m [32m'function'[39m) {[22m
[2m    [31m[1m>[22m[2m[39m[90m 57 |[39m       console[33m.[39mwarn([32m`Store method ${method} is not a function or doesn't exist`[39m)[33m;[39m[22m
[2m     [90m    |[39m               [31m[1m^[22m[2m[39m[22m
[2m     [90m 58 |[39m     }[22m
[2m     [90m 59 |[39m   }[22m
[2m     [90m 60 |[39m }[33m;[39m[0m[22m
[2m[22m
[2m      [2mat [22m[2mnode_modules/@jest/environment-jsdom-abstract/node_modules/jest-mock/build/index.js[2m:305:39[22m[2m[22m
[2m      [2mat ensureStoreMethods ([22m[2mtests/unit/lib/store/enhanced-conversation-memory.store.test.ts[2m:57:15)[22m[2m[22m
[2m      [2mat Object.<anonymous> ([22m[2mtests/unit/lib/store/enhanced-conversation-memory.store.test.ts[2m:82:3)[22m[2m[22m

    [2m[33mconsole.warn[39m[22m
[33m      Store method updateMessageMetadata is not a function or doesn't exist[39m
[2m[22m
[2m    [0m [90m 55 |[39m   [36mfor[39m ([36mconst[39m method [36mof[39m requiredMethods) {[22m
[2m     [90m 56 |[39m     [36mif[39m (store [33m&&[39m [36mtypeof[39m store[method] [33m!==[39m [32m'function'[39m) {[22m
[2m    [31m[1m>[22m[2m[39m[90m 57 |[39m       console[33m.[39mwarn([32m`Store method ${method} is not a function or doesn't exist`[39m)[33m;[39m[22m
[2m     [90m    |[39m               [31m[1m^[22m[2m[39m[22m
[2m     [90m 58 |[39m     }[22m
[2m     [90m 59 |[39m   }[22m
[2m     [90m 60 |[39m }[33m;[39m[0m[22m
[2m[22m
[2m      [2mat [22m[2mnode_modules/@jest/environment-jsdom-abstract/node_modules/jest-mock/build/index.js[2m:305:39[22m[2m[22m
[2m      [2mat ensureStoreMethods ([22m[2mtests/unit/lib/store/enhanced-conversation-memory.store.test.ts[2m:57:15)[22m[2m[22m
[2m      [2mat Object.<anonymous> ([22m[2mtests/unit/lib/store/enhanced-conversation-memory.store.test.ts[2m:82:3)[22m[2m[22m

    [2m[33mconsole.warn[39m[22m
[33m      Store method clearSession is not a function or doesn't exist[39m
[2m[22m
[2m    [0m [90m 55 |[39m   [36mfor[39m ([36mconst[39m method [36mof[39m requiredMethods) {[22m
[2m     [90m 56 |[39m     [36mif[39m (store [33m&&[39m [36mtypeof[39m store[method] [33m!==[39m [32m'function'[39m) {[22m
[2m    [31m[1m>[22m[2m[39m[90m 57 |[39m       console[33m.[39mwarn([32m`Store method ${method} is not a function or doesn't exist`[39m)[33m;[39m[22m
[2m     [90m    |[39m               [31m[1m^[22m[2m[39m[22m
[2m     [90m 58 |[39m     }[22m
[2m     [90m 59 |[39m   }[22m
[2m     [90m 60 |[39m }[33m;[39m[0m[22m
[2m[22m
[2m      [2mat [22m[2mnode_modules/@jest/environment-jsdom-abstract/node_modules/jest-mock/build/index.js[2m:305:39[22m[2m[22m
[2m      [2mat ensureStoreMethods ([22m[2mtests/unit/lib/store/enhanced-conversation-memory.store.test.ts[2m:57:15)[22m[2m[22m
[2m      [2mat Object.<anonymous> ([22m[2mtests/unit/lib/store/enhanced-conversation-memory.store.test.ts[2m:82:3)[22m[2m[22m

    [2m[33mconsole.warn[39m[22m
[33m      Store method searchMessages is not a function or doesn't exist[39m
[2m[22m
[2m    [0m [90m 55 |[39m   [36mfor[39m ([36mconst[39m method [36mof[39m requiredMethods) {[22m
[2m     [90m 56 |[39m     [36mif[39m (store [33m&&[39m [36mtypeof[39m store[method] [33m!==[39m [32m'function'[39m) {[22m
[2m    [31m[1m>[22m[2m[39m[90m 57 |[39m       console[33m.[39mwarn([32m`Store method ${method} is not a function or doesn't exist`[39m)[33m;[39m[22m
[2m     [90m    |[39m               [31m[1m^[22m[2m[39m[22m
[2m     [90m 58 |[39m     }[22m
[2m     [90m 59 |[39m   }[22m
[2m     [90m 60 |[39m }[33m;[39m[0m[22m
[2m[22m
[2m      [2mat [22m[2mnode_modules/@jest/environment-jsdom-abstract/node_modules/jest-mock/build/index.js[2m:305:39[22m[2m[22m
[2m      [2mat ensureStoreMethods ([22m[2mtests/unit/lib/store/enhanced-conversation-memory.store.test.ts[2m:57:15)[22m[2m[22m
[2m      [2mat Object.<anonymous> ([22m[2mtests/unit/lib/store/enhanced-conversation-memory.store.test.ts[2m:82:3)[22m[2m[22m

    [2m[33mconsole.warn[39m[22m
[33m      Store method summarizeSession is not a function or doesn't exist[39m
[2m[22m
[2m    [0m [90m 55 |[39m   [36mfor[39m ([36mconst[39m method [36mof[39m requiredMethods) {[22m
[2m     [90m 56 |[39m     [36mif[39m (store [33m&&[39m [36mtypeof[39m store[method] [33m!==[39m [32m'function'[39m) {[22m
[2m    [31m[1m>[22m[2m[39m[90m 57 |[39m       console[33m.[39mwarn([32m`Store method ${method} is not a function or doesn't exist`[39m)[33m;[39m[22m
[2m     [90m    |[39m               [31m[1m^[22m[2m[39m[22m
[2m     [90m 58 |[39m     }[22m
[2m     [90m 59 |[39m   }[22m
[2m     [90m 60 |[39m }[33m;[39m[0m[22m
[2m[22m
[2m      [2mat [22m[2mnode_modules/@jest/environment-jsdom-abstract/node_modules/jest-mock/build/index.js[2m:305:39[22m[2m[22m
[2m      [2mat ensureStoreMethods ([22m[2mtests/unit/lib/store/enhanced-conversation-memory.store.test.ts[2m:57:15)[22m[2m[22m
[2m      [2mat Object.<anonymous> ([22m[2mtests/unit/lib/store/enhanced-conversation-memory.store.test.ts[2m:82:3)[22m[2m[22m

    [2m[33mconsole.warn[39m[22m
[33m      Store method addProcessor is not a function or doesn't exist[39m
[2m[22m
[2m    [0m [90m 55 |[39m   [36mfor[39m ([36mconst[39m method [36mof[39m requiredMethods) {[22m
[2m     [90m 56 |[39m     [36mif[39m (store [33m&&[39m [36mtypeof[39m store[method] [33m!==[39m [32m'function'[39m) {[22m
[2m    [31m[1m>[22m[2m[39m[90m 57 |[39m       console[33m.[39mwarn([32m`Store method ${method} is not a function or doesn't exist`[39m)[33m;[39m[22m
[2m     [90m    |[39m               [31m[1m^[22m[2m[39m[22m
[2m     [90m 58 |[39m     }[22m
[2m     [90m 59 |[39m   }[22m
[2m     [90m 60 |[39m }[33m;[39m[0m[22m
[2m[22m
[2m      [2mat [22m[2mnode_modules/@jest/environment-jsdom-abstract/node_modules/jest-mock/build/index.js[2m:305:39[22m[2m[22m
[2m      [2mat ensureStoreMethods ([22m[2mtests/unit/lib/store/enhanced-conversation-memory.store.test.ts[2m:57:15)[22m[2m[22m
[2m      [2mat Object.<anonymous> ([22m[2mtests/unit/lib/store/enhanced-conversation-memory.store.test.ts[2m:82:3)[22m[2m[22m

    [2m[33mconsole.warn[39m[22m
[33m      Store method removeProcessor is not a function or doesn't exist[39m
[2m[22m
[2m    [0m [90m 55 |[39m   [36mfor[39m ([36mconst[39m method [36mof[39m requiredMethods) {[22m
[2m     [90m 56 |[39m     [36mif[39m (store [33m&&[39m [36mtypeof[39m store[method] [33m!==[39m [32m'function'[39m) {[22m
[2m    [31m[1m>[22m[2m[39m[90m 57 |[39m       console[33m.[39mwarn([32m`Store method ${method} is not a function or doesn't exist`[39m)[33m;[39m[22m
[2m     [90m    |[39m               [31m[1m^[22m[2m[39m[22m
[2m     [90m 58 |[39m     }[22m
[2m     [90m 59 |[39m   }[22m
[2m     [90m 60 |[39m }[33m;[39m[0m[22m
[2m[22m
[2m      [2mat [22m[2mnode_modules/@jest/environment-jsdom-abstract/node_modules/jest-mock/build/index.js[2m:305:39[22m[2m[22m
[2m      [2mat ensureStoreMethods ([22m[2mtests/unit/lib/store/enhanced-conversation-memory.store.test.ts[2m:57:15)[22m[2m[22m
[2m      [2mat Object.<anonymous> ([22m[2mtests/unit/lib/store/enhanced-conversation-memory.store.test.ts[2m:82:3)[22m[2m[22m

    [2m[33mconsole.warn[39m[22m
[33m      Store method setDefaultProcessors is not a function or doesn't exist[39m
[2m[22m
[2m    [0m [90m 55 |[39m   [36mfor[39m ([36mconst[39m method [36mof[39m requiredMethods) {[22m
[2m     [90m 56 |[39m     [36mif[39m (store [33m&&[39m [36mtypeof[39m store[method] [33m!==[39m [32m'function'[39m) {[22m
[2m    [31m[1m>[22m[2m[39m[90m 57 |[39m       console[33m.[39mwarn([32m`Store method ${method} is not a function or doesn't exist`[39m)[33m;[39m[22m
[2m     [90m    |[39m               [31m[1m^[22m[2m[39m[22m
[2m     [90m 58 |[39m     }[22m
[2m     [90m 59 |[39m   }[22m
[2m     [90m 60 |[39m }[33m;[39m[0m[22m
[2m[22m
[2m      [2mat [22m[2mnode_modules/@jest/environment-jsdom-abstract/node_modules/jest-mock/build/index.js[2m:305:39[22m[2m[22m
[2m      [2mat ensureStoreMethods ([22m[2mtests/unit/lib/store/enhanced-conversation-memory.store.test.ts[2m:57:15)[22m[2m[22m
[2m      [2mat Object.<anonymous> ([22m[2mtests/unit/lib/store/enhanced-conversation-memory.store.test.ts[2m:82:3)[22m[2m[22m

    [2m[33mconsole.warn[39m[22m
[33m      Store method getMemoryStats is not a function or doesn't exist[39m
[2m[22m
[2m    [0m [90m 55 |[39m   [36mfor[39m ([36mconst[39m method [36mof[39m requiredMethods) {[22m
[2m     [90m 56 |[39m     [36mif[39m (store [33m&&[39m [36mtypeof[39m store[method] [33m!==[39m [32m'function'[39m) {[22m
[2m    [31m[1m>[22m[2m[39m[90m 57 |[39m       console[33m.[39mwarn([32m`Store method ${method} is not a function or doesn't exist`[39m)[33m;[39m[22m
[2m     [90m    |[39m               [31m[1m^[22m[2m[39m[22m
[2m     [90m 58 |[39m     }[22m
[2m     [90m 59 |[39m   }[22m
[2m     [90m 60 |[39m }[33m;[39m[0m[22m
[2m[22m
[2m      [2mat [22m[2mnode_modules/@jest/environment-jsdom-abstract/node_modules/jest-mock/build/index.js[2m:305:39[22m[2m[22m
[2m      [2mat ensureStoreMethods ([22m[2mtests/unit/lib/store/enhanced-conversation-memory.store.test.ts[2m:57:15)[22m[2m[22m
[2m      [2mat Object.<anonymous> ([22m[2mtests/unit/lib/store/enhanced-conversation-memory.store.test.ts[2m:82:3)[22m[2m[22m

    [2m[33mconsole.warn[39m[22m
[33m      Store method enableDbSync is not a function or doesn't exist[39m
[2m[22m
[2m    [0m [90m 55 |[39m   [36mfor[39m ([36mconst[39m method [36mof[39m requiredMethods) {[22m
[2m     [90m 56 |[39m     [36mif[39m (store [33m&&[39m [36mtypeof[39m store[method] [33m!==[39m [32m'function'[39m) {[22m
[2m    [31m[1m>[22m[2m[39m[90m 57 |[39m       console[33m.[39mwarn([32m`Store method ${method} is not a function or doesn't exist`[39m)[33m;[39m[22m
[2m     [90m    |[39m               [31m[1m^[22m[2m[39m[22m
[2m     [90m 58 |[39m     }[22m
[2m     [90m 59 |[39m   }[22m
[2m     [90m 60 |[39m }[33m;[39m[0m[22m
[2m[22m
[2m      [2mat [22m[2mnode_modules/@jest/environment-jsdom-abstract/node_modules/jest-mock/build/index.js[2m:305:39[22m[2m[22m
[2m      [2mat ensureStoreMethods ([22m[2mtests/unit/lib/store/enhanced-conversation-memory.store.test.ts[2m:57:15)[22m[2m[22m
[2m      [2mat Object.<anonymous> ([22m[2mtests/unit/lib/store/enhanced-conversation-memory.store.test.ts[2m:82:3)[22m[2m[22m

    [2m[33mconsole.warn[39m[22m
[33m      Store method disableDbSync is not a function or doesn't exist[39m
[2m[22m
[2m    [0m [90m 55 |[39m   [36mfor[39m ([36mconst[39m method [36mof[39m requiredMethods) {[22m
[2m     [90m 56 |[39m     [36mif[39m (store [33m&&[39m [36mtypeof[39m store[method] [33m!==[39m [32m'function'[39m) {[22m
[2m    [31m[1m>[22m[2m[39m[90m 57 |[39m       console[33m.[39mwarn([32m`Store method ${method} is not a function or doesn't exist`[39m)[33m;[39m[22m
[2m     [90m    |[39m               [31m[1m^[22m[2m[39m[22m
[2m     [90m 58 |[39m     }[22m
[2m     [90m 59 |[39m   }[22m
[2m     [90m 60 |[39m }[33m;[39m[0m[22m
[2m[22m
[2m      [2mat [22m[2mnode_modules/@jest/environment-jsdom-abstract/node_modules/jest-mock/build/index.js[2m:305:39[22m[2m[22m
[2m      [2mat ensureStoreMethods ([22m[2mtests/unit/lib/store/enhanced-conversation-memory.store.test.ts[2m:57:15)[22m[2m[22m
[2m      [2mat Object.<anonymous> ([22m[2mtests/unit/lib/store/enhanced-conversation-memory.store.test.ts[2m:82:3)[22m[2m[22m

    [2m[33mconsole.warn[39m[22m
[33m      Store method syncWithDatabase is not a function or doesn't exist[39m
[2m[22m
[2m    [0m [90m 55 |[39m   [36mfor[39m ([36mconst[39m method [36mof[39m requiredMethods) {[22m
[2m     [90m 56 |[39m     [36mif[39m (store [33m&&[39m [36mtypeof[39m store[method] [33m!==[39m [32m'function'[39m) {[22m
[2m    [31m[1m>[22m[2m[39m[90m 57 |[39m       console[33m.[39mwarn([32m`Store method ${method} is not a function or doesn't exist`[39m)[33m;[39m[22m
[2m     [90m    |[39m               [31m[1m^[22m[2m[39m[22m
[2m     [90m 58 |[39m     }[22m
[2m     [90m 59 |[39m   }[22m
[2m     [90m 60 |[39m }[33m;[39m[0m[22m
[2m[22m
[2m      [2mat [22m[2mnode_modules/@jest/environment-jsdom-abstract/node_modules/jest-mock/build/index.js[2m:305:39[22m[2m[22m
[2m      [2mat ensureStoreMethods ([22m[2mtests/unit/lib/store/enhanced-conversation-memory.store.test.ts[2m:57:15)[22m[2m[22m
[2m      [2mat Object.<anonymous> ([22m[2mtests/unit/lib/store/enhanced-conversation-memory.store.test.ts[2m:82:3)[22m[2m[22m

    [2m[33mconsole.warn[39m[22m
[33m      Store method loadFromDatabase is not a function or doesn't exist[39m
[2m[22m
[2m    [0m [90m 55 |[39m   [36mfor[39m ([36mconst[39m method [36mof[39m requiredMethods) {[22m
[2m     [90m 56 |[39m     [36mif[39m (store [33m&&[39m [36mtypeof[39m store[method] [33m!==[39m [32m'function'[39m) {[22m
[2m    [31m[1m>[22m[2m[39m[90m 57 |[39m       console[33m.[39mwarn([32m`Store method ${method} is not a function or doesn't exist`[39m)[33m;[39m[22m
[2m     [90m    |[39m               [31m[1m^[22m[2m[39m[22m
[2m     [90m 58 |[39m     }[22m
[2m     [90m 59 |[39m   }[22m
[2m     [90m 60 |[39m }[33m;[39m[0m[22m
[2m[22m
[2m      [2mat [22m[2mnode_modules/@jest/environment-jsdom-abstract/node_modules/jest-mock/build/index.js[2m:305:39[22m[2m[22m
[2m      [2mat ensureStoreMethods ([22m[2mtests/unit/lib/store/enhanced-conversation-memory.store.test.ts[2m:57:15)[22m[2m[22m
[2m      [2mat Object.<anonymous> ([22m[2mtests/unit/lib/store/enhanced-conversation-memory.store.test.ts[2m:82:3)[22m[2m[22m

    [2m[33mconsole.warn[39m[22m
[33m      Store method createSession is not a function or doesn't exist[39m
[2m[22m
[2m    [0m [90m 55 |[39m   [36mfor[39m ([36mconst[39m method [36mof[39m requiredMethods) {[22m
[2m     [90m 56 |[39m     [36mif[39m (store [33m&&[39m [36mtypeof[39m store[method] [33m!==[39m [32m'function'[39m) {[22m
[2m    [31m[1m>[22m[2m[39m[90m 57 |[39m       console[33m.[39mwarn([32m`Store method ${method} is not a function or doesn't exist`[39m)[33m;[39m[22m
[2m     [90m    |[39m               [31m[1m^[22m[2m[39m[22m
[2m     [90m 58 |[39m     }[22m
[2m     [90m 59 |[39m   }[22m
[2m     [90m 60 |[39m }[33m;[39m[0m[22m
[2m[22m
[2m      [2mat [22m[2mnode_modules/@jest/environment-jsdom-abstract/node_modules/jest-mock/build/index.js[2m:305:39[22m[2m[22m
[2m      [2mat ensureStoreMethods ([22m[2mtests/unit/lib/store/enhanced-conversation-memory.store.test.ts[2m:57:15)[22m[2m[22m
[2m      [2mat Object.<anonymous> ([22m[2mtests/unit/lib/store/enhanced-conversation-memory.store.test.ts[2m:82:3)[22m[2m[22m

    [2m[33mconsole.warn[39m[22m
[33m      Store method addMessage is not a function or doesn't exist[39m
[2m[22m
[2m    [0m [90m 55 |[39m   [36mfor[39m ([36mconst[39m method [36mof[39m requiredMethods) {[22m
[2m     [90m 56 |[39m     [36mif[39m (store [33m&&[39m [36mtypeof[39m store[method] [33m!==[39m [32m'function'[39m) {[22m
[2m    [31m[1m>[22m[2m[39m[90m 57 |[39m       console[33m.[39mwarn([32m`Store method ${method} is not a function or doesn't exist`[39m)[33m;[39m[22m
[2m     [90m    |[39m               [31m[1m^[22m[2m[39m[22m
[2m     [90m 58 |[39m     }[22m
[2m     [90m 59 |[39m   }[22m
[2m     [90m 60 |[39m }[33m;[39m[0m[22m
[2m[22m
[2m      [2mat [22m[2mnode_modules/@jest/environment-jsdom-abstract/node_modules/jest-mock/build/index.js[2m:305:39[22m[2m[22m
[2m      [2mat ensureStoreMethods ([22m[2mtests/unit/lib/store/enhanced-conversation-memory.store.test.ts[2m:57:15)[22m[2m[22m
[2m      [2mat Object.<anonymous> ([22m[2mtests/unit/lib/store/enhanced-conversation-memory.store.test.ts[2m:82:3)[22m[2m[22m

    [2m[33mconsole.warn[39m[22m
[33m      Store method getProcessedMessages is not a function or doesn't exist[39m
[2m[22m
[2m    [0m [90m 55 |[39m   [36mfor[39m ([36mconst[39m method [36mof[39m requiredMethods) {[22m
[2m     [90m 56 |[39m     [36mif[39m (store [33m&&[39m [36mtypeof[39m store[method] [33m!==[39m [32m'function'[39m) {[22m
[2m    [31m[1m>[22m[2m[39m[90m 57 |[39m       console[33m.[39mwarn([32m`Store method ${method} is not a function or doesn't exist`[39m)[33m;[39m[22m
[2m     [90m    |[39m               [31m[1m^[22m[2m[39m[22m
[2m     [90m 58 |[39m     }[22m
[2m     [90m 59 |[39m   }[22m
[2m     [90m 60 |[39m }[33m;[39m[0m[22m
[2m[22m
[2m      [2mat [22m[2mnode_modules/@jest/environment-jsdom-abstract/node_modules/jest-mock/build/index.js[2m:305:39[22m[2m[22m
[2m      [2mat ensureStoreMethods ([22m[2mtests/unit/lib/store/enhanced-conversation-memory.store.test.ts[2m:57:15)[22m[2m[22m
[2m      [2mat Object.<anonymous> ([22m[2mtests/unit/lib/store/enhanced-conversation-memory.store.test.ts[2m:82:3)[22m[2m[22m

    [2m[33mconsole.warn[39m[22m
[33m      Store method getRecentMessages is not a function or doesn't exist[39m
[2m[22m
[2m    [0m [90m 55 |[39m   [36mfor[39m ([36mconst[39m method [36mof[39m requiredMethods) {[22m
[2m     [90m 56 |[39m     [36mif[39m (store [33m&&[39m [36mtypeof[39m store[method] [33m!==[39m [32m'function'[39m) {[22m
[2m    [31m[1m>[22m[2m[39m[90m 57 |[39m       console[33m.[39mwarn([32m`Store method ${method} is not a function or doesn't exist`[39m)[33m;[39m[22m
[2m     [90m    |[39m               [31m[1m^[22m[2m[39m[22m
[2m     [90m 58 |[39m     }[22m
[2m     [90m 59 |[39m   }[22m
[2m     [90m 60 |[39m }[33m;[39m[0m[22m
[2m[22m
[2m      [2mat [22m[2mnode_modules/@jest/environment-jsdom-abstract/node_modules/jest-mock/build/index.js[2m:305:39[22m[2m[22m
[2m      [2mat ensureStoreMethods ([22m[2mtests/unit/lib/store/enhanced-conversation-memory.store.test.ts[2m:57:15)[22m[2m[22m
[2m      [2mat Object.<anonymous> ([22m[2mtests/unit/lib/store/enhanced-conversation-memory.store.test.ts[2m:82:3)[22m[2m[22m

    [2m[33mconsole.warn[39m[22m
[33m      Store method getSessionContext is not a function or doesn't exist[39m
[2m[22m
[2m    [0m [90m 55 |[39m   [36mfor[39m ([36mconst[39m method [36mof[39m requiredMethods) {[22m
[2m     [90m 56 |[39m     [36mif[39m (store [33m&&[39m [36mtypeof[39m store[method] [33m!==[39m [32m'function'[39m) {[22m
[2m    [31m[1m>[22m[2m[39m[90m 57 |[39m       console[33m.[39mwarn([32m`Store method ${method} is not a function or doesn't exist`[39m)[33m;[39m[22m
[2m     [90m    |[39m               [31m[1m^[22m[2m[39m[22m
[2m     [90m 58 |[39m     }[22m
[2m     [90m 59 |[39m   }[22m
[2m     [90m 60 |[39m }[33m;[39m[0m[22m
[2m[22m
[2m      [2mat [22m[2mnode_modules/@jest/environment-jsdom-abstract/node_modules/jest-mock/build/index.js[2m:305:39[22m[2m[22m
[2m      [2mat ensureStoreMethods ([22m[2mtests/unit/lib/store/enhanced-conversation-memory.store.test.ts[2m:57:15)[22m[2m[22m
[2m      [2mat Object.<anonymous> ([22m[2mtests/unit/lib/store/enhanced-conversation-memory.store.test.ts[2m:82:3)[22m[2m[22m

    [2m[33mconsole.warn[39m[22m
[33m      Store method updateMessageMetadata is not a function or doesn't exist[39m
[2m[22m
[2m    [0m [90m 55 |[39m   [36mfor[39m ([36mconst[39m method [36mof[39m requiredMethods) {[22m
[2m     [90m 56 |[39m     [36mif[39m (store [33m&&[39m [36mtypeof[39m store[method] [33m!==[39m [32m'function'[39m) {[22m
[2m    [31m[1m>[22m[2m[39m[90m 57 |[39m       console[33m.[39mwarn([32m`Store method ${method} is not a function or doesn't exist`[39m)[33m;[39m[22m
[2m     [90m    |[39m               [31m[1m^[22m[2m[39m[22m
[2m     [90m 58 |[39m     }[22m
[2m     [90m 59 |[39m   }[22m
[2m     [90m 60 |[39m }[33m;[39m[0m[22m
[2m[22m
[2m      [2mat [22m[2mnode_modules/@jest/environment-jsdom-abstract/node_modules/jest-mock/build/index.js[2m:305:39[22m[2m[22m
[2m      [2mat ensureStoreMethods ([22m[2mtests/unit/lib/store/enhanced-conversation-memory.store.test.ts[2m:57:15)[22m[2m[22m
[2m      [2mat Object.<anonymous> ([22m[2mtests/unit/lib/store/enhanced-conversation-memory.store.test.ts[2m:82:3)[22m[2m[22m

    [2m[33mconsole.warn[39m[22m
[33m      Store method clearSession is not a function or doesn't exist[39m
[2m[22m
[2m    [0m [90m 55 |[39m   [36mfor[39m ([36mconst[39m method [36mof[39m requiredMethods) {[22m
[2m     [90m 56 |[39m     [36mif[39m (store [33m&&[39m [36mtypeof[39m store[method] [33m!==[39m [32m'function'[39m) {[22m
[2m    [31m[1m>[22m[2m[39m[90m 57 |[39m       console[33m.[39mwarn([32m`Store method ${method} is not a function or doesn't exist`[39m)[33m;[39m[22m
[2m     [90m    |[39m               [31m[1m^[22m[2m[39m[22m
[2m     [90m 58 |[39m     }[22m
[2m     [90m 59 |[39m   }[22m
[2m     [90m 60 |[39m }[33m;[39m[0m[22m
[2m[22m
[2m      [2mat [22m[2mnode_modules/@jest/environment-jsdom-abstract/node_modules/jest-mock/build/index.js[2m:305:39[22m[2m[22m
[2m      [2mat ensureStoreMethods ([22m[2mtests/unit/lib/store/enhanced-conversation-memory.store.test.ts[2m:57:15)[22m[2m[22m
[2m      [2mat Object.<anonymous> ([22m[2mtests/unit/lib/store/enhanced-conversation-memory.store.test.ts[2m:82:3)[22m[2m[22m

    [2m[33mconsole.warn[39m[22m
[33m      Store method searchMessages is not a function or doesn't exist[39m
[2m[22m
[2m    [0m [90m 55 |[39m   [36mfor[39m ([36mconst[39m method [36mof[39m requiredMethods) {[22m
[2m     [90m 56 |[39m     [36mif[39m (store [33m&&[39m [36mtypeof[39m store[method] [33m!==[39m [32m'function'[39m) {[22m
[2m    [31m[1m>[22m[2m[39m[90m 57 |[39m       console[33m.[39mwarn([32m`Store method ${method} is not a function or doesn't exist`[39m)[33m;[39m[22m
[2m     [90m    |[39m               [31m[1m^[22m[2m[39m[22m
[2m     [90m 58 |[39m     }[22m
[2m     [90m 59 |[39m   }[22m
[2m     [90m 60 |[39m }[33m;[39m[0m[22m
[2m[22m
[2m      [2mat [22m[2mnode_modules/@jest/environment-jsdom-abstract/node_modules/jest-mock/build/index.js[2m:305:39[22m[2m[22m
[2m      [2mat ensureStoreMethods ([22m[2mtests/unit/lib/store/enhanced-conversation-memory.store.test.ts[2m:57:15)[22m[2m[22m
[2m      [2mat Object.<anonymous> ([22m[2mtests/unit/lib/store/enhanced-conversation-memory.store.test.ts[2m:82:3)[22m[2m[22m

    [2m[33mconsole.warn[39m[22m
[33m      Store method summarizeSession is not a function or doesn't exist[39m
[2m[22m
[2m    [0m [90m 55 |[39m   [36mfor[39m ([36mconst[39m method [36mof[39m requiredMethods) {[22m
[2m     [90m 56 |[39m     [36mif[39m (store [33m&&[39m [36mtypeof[39m store[method] [33m!==[39m [32m'function'[39m) {[22m
[2m    [31m[1m>[22m[2m[39m[90m 57 |[39m       console[33m.[39mwarn([32m`Store method ${method} is not a function or doesn't exist`[39m)[33m;[39m[22m
[2m     [90m    |[39m               [31m[1m^[22m[2m[39m[22m
[2m     [90m 58 |[39m     }[22m
[2m     [90m 59 |[39m   }[22m
[2m     [90m 60 |[39m }[33m;[39m[0m[22m
[2m[22m
[2m      [2mat [22m[2mnode_modules/@jest/environment-jsdom-abstract/node_modules/jest-mock/build/index.js[2m:305:39[22m[2m[22m
[2m      [2mat ensureStoreMethods ([22m[2mtests/unit/lib/store/enhanced-conversation-memory.store.test.ts[2m:57:15)[22m[2m[22m
[2m      [2mat Object.<anonymous> ([22m[2mtests/unit/lib/store/enhanced-conversation-memory.store.test.ts[2m:82:3)[22m[2m[22m

    [2m[33mconsole.warn[39m[22m
[33m      Store method addProcessor is not a function or doesn't exist[39m
[2m[22m
[2m    [0m [90m 55 |[39m   [36mfor[39m ([36mconst[39m method [36mof[39m requiredMethods) {[22m
[2m     [90m 56 |[39m     [36mif[39m (store [33m&&[39m [36mtypeof[39m store[method] [33m!==[39m [32m'function'[39m) {[22m
[2m    [31m[1m>[22m[2m[39m[90m 57 |[39m       console[33m.[39mwarn([32m`Store method ${method} is not a function or doesn't exist`[39m)[33m;[39m[22m
[2m     [90m    |[39m               [31m[1m^[22m[2m[39m[22m
[2m     [90m 58 |[39m     }[22m
[2m     [90m 59 |[39m   }[22m
[2m     [90m 60 |[39m }[33m;[39m[0m[22m
[2m[22m
[2m      [2mat [22m[2mnode_modules/@jest/environment-jsdom-abstract/node_modules/jest-mock/build/index.js[2m:305:39[22m[2m[22m
[2m      [2mat ensureStoreMethods ([22m[2mtests/unit/lib/store/enhanced-conversation-memory.store.test.ts[2m:57:15)[22m[2m[22m
[2m      [2mat Object.<anonymous> ([22m[2mtests/unit/lib/store/enhanced-conversation-memory.store.test.ts[2m:82:3)[22m[2m[22m

    [2m[33mconsole.warn[39m[22m
[33m      Store method removeProcessor is not a function or doesn't exist[39m
[2m[22m
[2m    [0m [90m 55 |[39m   [36mfor[39m ([36mconst[39m method [36mof[39m requiredMethods) {[22m
[2m     [90m 56 |[39m     [36mif[39m (store [33m&&[39m [36mtypeof[39m store[method] [33m!==[39m [32m'function'[39m) {[22m
[2m    [31m[1m>[22m[2m[39m[90m 57 |[39m       console[33m.[39mwarn([32m`Store method ${method} is not a function or doesn't exist`[39m)[33m;[39m[22m
[2m     [90m    |[39m               [31m[1m^[22m[2m[39m[22m
[2m     [90m 58 |[39m     }[22m
[2m     [90m 59 |[39m   }[22m
[2m     [90m 60 |[39m }[33m;[39m[0m[22m
[2m[22m
[2m      [2mat [22m[2mnode_modules/@jest/environment-jsdom-abstract/node_modules/jest-mock/build/index.js[2m:305:39[22m[2m[22m
[2m      [2mat ensureStoreMethods ([22m[2mtests/unit/lib/store/enhanced-conversation-memory.store.test.ts[2m:57:15)[22m[2m[22m
[2m      [2mat Object.<anonymous> ([22m[2mtests/unit/lib/store/enhanced-conversation-memory.store.test.ts[2m:82:3)[22m[2m[22m

    [2m[33mconsole.warn[39m[22m
[33m      Store method setDefaultProcessors is not a function or doesn't exist[39m
[2m[22m
[2m    [0m [90m 55 |[39m   [36mfor[39m ([36mconst[39m method [36mof[39m requiredMethods) {[22m
[2m     [90m 56 |[39m     [36mif[39m (store [33m&&[39m [36mtypeof[39m store[method] [33m!==[39m [32m'function'[39m) {[22m
[2m    [31m[1m>[22m[2m[39m[90m 57 |[39m       console[33m.[39mwarn([32m`Store method ${method} is not a function or doesn't exist`[39m)[33m;[39m[22m
[2m     [90m    |[39m               [31m[1m^[22m[2m[39m[22m
[2m     [90m 58 |[39m     }[22m
[2m     [90m 59 |[39m   }[22m
[2m     [90m 60 |[39m }[33m;[39m[0m[22m
[2m[22m
[2m      [2mat [22m[2mnode_modules/@jest/environment-jsdom-abstract/node_modules/jest-mock/build/index.js[2m:305:39[22m[2m[22m
[2m      [2mat ensureStoreMethods ([22m[2mtests/unit/lib/store/enhanced-conversation-memory.store.test.ts[2m:57:15)[22m[2m[22m
[2m      [2mat Object.<anonymous> ([22m[2mtests/unit/lib/store/enhanced-conversation-memory.store.test.ts[2m:82:3)[22m[2m[22m

    [2m[33mconsole.warn[39m[22m
[33m      Store method getMemoryStats is not a function or doesn't exist[39m
[2m[22m
[2m    [0m [90m 55 |[39m   [36mfor[39m ([36mconst[39m method [36mof[39m requiredMethods) {[22m
[2m     [90m 56 |[39m     [36mif[39m (store [33m&&[39m [36mtypeof[39m store[method] [33m!==[39m [32m'function'[39m) {[22m
[2m    [31m[1m>[22m[2m[39m[90m 57 |[39m       console[33m.[39mwarn([32m`Store method ${method} is not a function or doesn't exist`[39m)[33m;[39m[22m
[2m     [90m    |[39m               [31m[1m^[22m[2m[39m[22m
[2m     [90m 58 |[39m     }[22m
[2m     [90m 59 |[39m   }[22m
[2m     [90m 60 |[39m }[33m;[39m[0m[22m
[2m[22m
[2m      [2mat [22m[2mnode_modules/@jest/environment-jsdom-abstract/node_modules/jest-mock/build/index.js[2m:305:39[22m[2m[22m
[2m      [2mat ensureStoreMethods ([22m[2mtests/unit/lib/store/enhanced-conversation-memory.store.test.ts[2m:57:15)[22m[2m[22m
[2m      [2mat Object.<anonymous> ([22m[2mtests/unit/lib/store/enhanced-conversation-memory.store.test.ts[2m:82:3)[22m[2m[22m

    [2m[33mconsole.warn[39m[22m
[33m      Store method enableDbSync is not a function or doesn't exist[39m
[2m[22m
[2m    [0m [90m 55 |[39m   [36mfor[39m ([36mconst[39m method [36mof[39m requiredMethods) {[22m
[2m     [90m 56 |[39m     [36mif[39m (store [33m&&[39m [36mtypeof[39m store[method] [33m!==[39m [32m'function'[39m) {[22m
[2m    [31m[1m>[22m[2m[39m[90m 57 |[39m       console[33m.[39mwarn([32m`Store method ${method} is not a function or doesn't exist`[39m)[33m;[39m[22m
[2m     [90m    |[39m               [31m[1m^[22m[2m[39m[22m
[2m     [90m 58 |[39m     }[22m
[2m     [90m 59 |[39m   }[22m
[2m     [90m 60 |[39m }[33m;[39m[0m[22m
[2m[22m
[2m      [2mat [22m[2mnode_modules/@jest/environment-jsdom-abstract/node_modules/jest-mock/build/index.js[2m:305:39[22m[2m[22m
[2m      [2mat ensureStoreMethods ([22m[2mtests/unit/lib/store/enhanced-conversation-memory.store.test.ts[2m:57:15)[22m[2m[22m
[2m      [2mat Object.<anonymous> ([22m[2mtests/unit/lib/store/enhanced-conversation-memory.store.test.ts[2m:82:3)[22m[2m[22m

    [2m[33mconsole.warn[39m[22m
[33m      Store method disableDbSync is not a function or doesn't exist[39m
[2m[22m
[2m    [0m [90m 55 |[39m   [36mfor[39m ([36mconst[39m method [36mof[39m requiredMethods) {[22m
[2m     [90m 56 |[39m     [36mif[39m (store [33m&&[39m [36mtypeof[39m store[method] [33m!==[39m [32m'function'[39m) {[22m
[2m    [31m[1m>[22m[2m[39m[90m 57 |[39m       console[33m.[39mwarn([32m`Store method ${method} is not a function or doesn't exist`[39m)[33m;[39m[22m
[2m     [90m    |[39m               [31m[1m^[22m[2m[39m[22m
[2m     [90m 58 |[39m     }[22m
[2m     [90m 59 |[39m   }[22m
[2m     [90m 60 |[39m }[33m;[39m[0m[22m
[2m[22m
[2m      [2mat [22m[2mnode_modules/@jest/environment-jsdom-abstract/node_modules/jest-mock/build/index.js[2m:305:39[22m[2m[22m
[2m      [2mat ensureStoreMethods ([22m[2mtests/unit/lib/store/enhanced-conversation-memory.store.test.ts[2m:57:15)[22m[2m[22m
[2m      [2mat Object.<anonymous> ([22m[2mtests/unit/lib/store/enhanced-conversation-memory.store.test.ts[2m:82:3)[22m[2m[22m

    [2m[33mconsole.warn[39m[22m
[33m      Store method syncWithDatabase is not a function or doesn't exist[39m
[2m[22m
[2m    [0m [90m 55 |[39m   [36mfor[39m ([36mconst[39m method [36mof[39m requiredMethods) {[22m
[2m     [90m 56 |[39m     [36mif[39m (store [33m&&[39m [36mtypeof[39m store[method] [33m!==[39m [32m'function'[39m) {[22m
[2m    [31m[1m>[22m[2m[39m[90m 57 |[39m       console[33m.[39mwarn([32m`Store method ${method} is not a function or doesn't exist`[39m)[33m;[39m[22m
[2m     [90m    |[39m               [31m[1m^[22m[2m[39m[22m
[2m     [90m 58 |[39m     }[22m
[2m     [90m 59 |[39m   }[22m
[2m     [90m 60 |[39m }[33m;[39m[0m[22m
[2m[22m
[2m      [2mat [22m[2mnode_modules/@jest/environment-jsdom-abstract/node_modules/jest-mock/build/index.js[2m:305:39[22m[2m[22m
[2m      [2mat ensureStoreMethods ([22m[2mtests/unit/lib/store/enhanced-conversation-memory.store.test.ts[2m:57:15)[22m[2m[22m
[2m      [2mat Object.<anonymous> ([22m[2mtests/unit/lib/store/enhanced-conversation-memory.store.test.ts[2m:82:3)[22m[2m[22m

    [2m[33mconsole.warn[39m[22m
[33m      Store method loadFromDatabase is not a function or doesn't exist[39m
[2m[22m
[2m    [0m [90m 55 |[39m   [36mfor[39m ([36mconst[39m method [36mof[39m requiredMethods) {[22m
[2m     [90m 56 |[39m     [36mif[39m (store [33m&&[39m [36mtypeof[39m store[method] [33m!==[39m [32m'function'[39m) {[22m
[2m    [31m[1m>[22m[2m[39m[90m 57 |[39m       console[33m.[39mwarn([32m`Store method ${method} is not a function or doesn't exist`[39m)[33m;[39m[22m
[2m     [90m    |[39m               [31m[1m^[22m[2m[39m[22m
[2m     [90m 58 |[39m     }[22m
[2m     [90m 59 |[39m   }[22m
[2m     [90m 60 |[39m }[33m;[39m[0m[22m
[2m[22m
[2m      [2mat [22m[2mnode_modules/@jest/environment-jsdom-abstract/node_modules/jest-mock/build/index.js[2m:305:39[22m[2m[22m
[2m      [2mat ensureStoreMethods ([22m[2mtests/unit/lib/store/enhanced-conversation-memory.store.test.ts[2m:57:15)[22m[2m[22m
[2m      [2mat Object.<anonymous> ([22m[2mtests/unit/lib/store/enhanced-conversation-memory.store.test.ts[2m:82:3)[22m[2m[22m

    [2m[33mconsole.warn[39m[22m
[33m      Store method createSession is not a function or doesn't exist[39m
[2m[22m
[2m    [0m [90m 55 |[39m   [36mfor[39m ([36mconst[39m method [36mof[39m requiredMethods) {[22m
[2m     [90m 56 |[39m     [36mif[39m (store [33m&&[39m [36mtypeof[39m store[method] [33m!==[39m [32m'function'[39m) {[22m
[2m    [31m[1m>[22m[2m[39m[90m 57 |[39m       console[33m.[39mwarn([32m`Store method ${method} is not a function or doesn't exist`[39m)[33m;[39m[22m
[2m     [90m    |[39m               [31m[1m^[22m[2m[39m[22m
[2m     [90m 58 |[39m     }[22m
[2m     [90m 59 |[39m   }[22m
[2m     [90m 60 |[39m }[33m;[39m[0m[22m
[2m[22m
[2m      [2mat [22m[2mnode_modules/@jest/environment-jsdom-abstract/node_modules/jest-mock/build/index.js[2m:305:39[22m[2m[22m
[2m      [2mat ensureStoreMethods ([22m[2mtests/unit/lib/store/enhanced-conversation-memory.store.test.ts[2m:57:15)[22m[2m[22m
[2m      [2mat Object.<anonymous> ([22m[2mtests/unit/lib/store/enhanced-conversation-memory.store.test.ts[2m:82:3)[22m[2m[22m

    [2m[33mconsole.warn[39m[22m
[33m      Store method addMessage is not a function or doesn't exist[39m
[2m[22m
[2m    [0m [90m 55 |[39m   [36mfor[39m ([36mconst[39m method [36mof[39m requiredMethods) {[22m
[2m     [90m 56 |[39m     [36mif[39m (store [33m&&[39m [36mtypeof[39m store[method] [33m!==[39m [32m'function'[39m) {[22m
[2m    [31m[1m>[22m[2m[39m[90m 57 |[39m       console[33m.[39mwarn([32m`Store method ${method} is not a function or doesn't exist`[39m)[33m;[39m[22m
[2m     [90m    |[39m               [31m[1m^[22m[2m[39m[22m
[2m     [90m 58 |[39m     }[22m
[2m     [90m 59 |[39m   }[22m
[2m     [90m 60 |[39m }[33m;[39m[0m[22m
[2m[22m
[2m      [2mat [22m[2mnode_modules/@jest/environment-jsdom-abstract/node_modules/jest-mock/build/index.js[2m:305:39[22m[2m[22m
[2m      [2mat ensureStoreMethods ([22m[2mtests/unit/lib/store/enhanced-conversation-memory.store.test.ts[2m:57:15)[22m[2m[22m
[2m      [2mat Object.<anonymous> ([22m[2mtests/unit/lib/store/enhanced-conversation-memory.store.test.ts[2m:82:3)[22m[2m[22m

    [2m[33mconsole.warn[39m[22m
[33m      Store method getProcessedMessages is not a function or doesn't exist[39m
[2m[22m
[2m    [0m [90m 55 |[39m   [36mfor[39m ([36mconst[39m method [36mof[39m requiredMethods) {[22m
[2m     [90m 56 |[39m     [36mif[39m (store [33m&&[39m [36mtypeof[39m store[method] [33m!==[39m [32m'function'[39m) {[22m
[2m    [31m[1m>[22m[2m[39m[90m 57 |[39m       console[33m.[39mwarn([32m`Store method ${method} is not a function or doesn't exist`[39m)[33m;[39m[22m
[2m     [90m    |[39m               [31m[1m^[22m[2m[39m[22m
[2m     [90m 58 |[39m     }[22m
[2m     [90m 59 |[39m   }[22m
[2m     [90m 60 |[39m }[33m;[39m[0m[22m
[2m[22m
[2m      [2mat [22m[2mnode_modules/@jest/environment-jsdom-abstract/node_modules/jest-mock/build/index.js[2m:305:39[22m[2m[22m
[2m      [2mat ensureStoreMethods ([22m[2mtests/unit/lib/store/enhanced-conversation-memory.store.test.ts[2m:57:15)[22m[2m[22m
[2m      [2mat Object.<anonymous> ([22m[2mtests/unit/lib/store/enhanced-conversation-memory.store.test.ts[2m:82:3)[22m[2m[22m

    [2m[33mconsole.warn[39m[22m
[33m      Store method getRecentMessages is not a function or doesn't exist[39m
[2m[22m
[2m    [0m [90m 55 |[39m   [36mfor[39m ([36mconst[39m method [36mof[39m requiredMethods) {[22m
[2m     [90m 56 |[39m     [36mif[39m (store [33m&&[39m [36mtypeof[39m store[method] [33m!==[39m [32m'function'[39m) {[22m
[2m    [31m[1m>[22m[2m[39m[90m 57 |[39m       console[33m.[39mwarn([32m`Store method ${method} is not a function or doesn't exist`[39m)[33m;[39m[22m
[2m     [90m    |[39m               [31m[1m^[22m[2m[39m[22m
[2m     [90m 58 |[39m     }[22m
[2m     [90m 59 |[39m   }[22m
[2m     [90m 60 |[39m }[33m;[39m[0m[22m
[2m[22m
[2m      [2mat [22m[2mnode_modules/@jest/environment-jsdom-abstract/node_modules/jest-mock/build/index.js[2m:305:39[22m[2m[22m
[2m      [2mat ensureStoreMethods ([22m[2mtests/unit/lib/store/enhanced-conversation-memory.store.test.ts[2m:57:15)[22m[2m[22m
[2m      [2mat Object.<anonymous> ([22m[2mtests/unit/lib/store/enhanced-conversation-memory.store.test.ts[2m:82:3)[22m[2m[22m

    [2m[33mconsole.warn[39m[22m
[33m      Store method getSessionContext is not a function or doesn't exist[39m
[2m[22m
[2m    [0m [90m 55 |[39m   [36mfor[39m ([36mconst[39m method [36mof[39m requiredMethods) {[22m
[2m     [90m 56 |[39m     [36mif[39m (store [33m&&[39m [36mtypeof[39m store[method] [33m!==[39m [32m'function'[39m) {[22m
[2m    [31m[1m>[22m[2m[39m[90m 57 |[39m       console[33m.[39mwarn([32m`Store method ${method} is not a function or doesn't exist`[39m)[33m;[39m[22m
[2m     [90m    |[39m               [31m[1m^[22m[2m[39m[22m
[2m     [90m 58 |[39m     }[22m
[2m     [90m 59 |[39m   }[22m
[2m     [90m 60 |[39m }[33m;[39m[0m[22m
[2m[22m
[2m      [2mat [22m[2mnode_modules/@jest/environment-jsdom-abstract/node_modules/jest-mock/build/index.js[2m:305:39[22m[2m[22m
[2m      [2mat ensureStoreMethods ([22m[2mtests/unit/lib/store/enhanced-conversation-memory.store.test.ts[2m:57:15)[22m[2m[22m
[2m      [2mat Object.<anonymous> ([22m[2mtests/unit/lib/store/enhanced-conversation-memory.store.test.ts[2m:82:3)[22m[2m[22m

    [2m[33mconsole.warn[39m[22m
[33m      Store method updateMessageMetadata is not a function or doesn't exist[39m
[2m[22m
[2m    [0m [90m 55 |[39m   [36mfor[39m ([36mconst[39m method [36mof[39m requiredMethods) {[22m
[2m     [90m 56 |[39m     [36mif[39m (store [33m&&[39m [36mtypeof[39m store[method] [33m!==[39m [32m'function'[39m) {[22m
[2m    [31m[1m>[22m[2m[39m[90m 57 |[39m       console[33m.[39mwarn([32m`Store method ${method} is not a function or doesn't exist`[39m)[33m;[39m[22m
[2m     [90m    |[39m               [31m[1m^[22m[2m[39m[22m
[2m     [90m 58 |[39m     }[22m
[2m     [90m 59 |[39m   }[22m
[2m     [90m 60 |[39m }[33m;[39m[0m[22m
[2m[22m
[2m      [2mat [22m[2mnode_modules/@jest/environment-jsdom-abstract/node_modules/jest-mock/build/index.js[2m:305:39[22m[2m[22m
[2m      [2mat ensureStoreMethods ([22m[2mtests/unit/lib/store/enhanced-conversation-memory.store.test.ts[2m:57:15)[22m[2m[22m
[2m      [2mat Object.<anonymous> ([22m[2mtests/unit/lib/store/enhanced-conversation-memory.store.test.ts[2m:82:3)[22m[2m[22m

    [2m[33mconsole.warn[39m[22m
[33m      Store method clearSession is not a function or doesn't exist[39m
[2m[22m
[2m    [0m [90m 55 |[39m   [36mfor[39m ([36mconst[39m method [36mof[39m requiredMethods) {[22m
[2m     [90m 56 |[39m     [36mif[39m (store [33m&&[39m [36mtypeof[39m store[method] [33m!==[39m [32m'function'[39m) {[22m
[2m    [31m[1m>[22m[2m[39m[90m 57 |[39m       console[33m.[39mwarn([32m`Store method ${method} is not a function or doesn't exist`[39m)[33m;[39m[22m
[2m     [90m    |[39m               [31m[1m^[22m[2m[39m[22m
[2m     [90m 58 |[39m     }[22m
[2m     [90m 59 |[39m   }[22m
[2m     [90m 60 |[39m }[33m;[39m[0m[22m
[2m[22m
[2m      [2mat [22m[2mnode_modules/@jest/environment-jsdom-abstract/node_modules/jest-mock/build/index.js[2m:305:39[22m[2m[22m
[2m      [2mat ensureStoreMethods ([22m[2mtests/unit/lib/store/enhanced-conversation-memory.store.test.ts[2m:57:15)[22m[2m[22m
[2m      [2mat Object.<anonymous> ([22m[2mtests/unit/lib/store/enhanced-conversation-memory.store.test.ts[2m:82:3)[22m[2m[22m

    [2m[33mconsole.warn[39m[22m
[33m      Store method searchMessages is not a function or doesn't exist[39m
[2m[22m
[2m    [0m [90m 55 |[39m   [36mfor[39m ([36mconst[39m method [36mof[39m requiredMethods) {[22m
[2m     [90m 56 |[39m     [36mif[39m (store [33m&&[39m [36mtypeof[39m store[method] [33m!==[39m [32m'function'[39m) {[22m
[2m    [31m[1m>[22m[2m[39m[90m 57 |[39m       console[33m.[39mwarn([32m`Store method ${method} is not a function or doesn't exist`[39m)[33m;[39m[22m
[2m     [90m    |[39m               [31m[1m^[22m[2m[39m[22m
[2m     [90m 58 |[39m     }[22m
[2m     [90m 59 |[39m   }[22m
[2m     [90m 60 |[39m }[33m;[39m[0m[22m
[2m[22m
[2m      [2mat [22m[2mnode_modules/@jest/environment-jsdom-abstract/node_modules/jest-mock/build/index.js[2m:305:39[22m[2m[22m
[2m      [2mat ensureStoreMethods ([22m[2mtests/unit/lib/store/enhanced-conversation-memory.store.test.ts[2m:57:15)[22m[2m[22m
[2m      [2mat Object.<anonymous> ([22m[2mtests/unit/lib/store/enhanced-conversation-memory.store.test.ts[2m:82:3)[22m[2m[22m

    [2m[33mconsole.warn[39m[22m
[33m      Store method summarizeSession is not a function or doesn't exist[39m
[2m[22m
[2m    [0m [90m 55 |[39m   [36mfor[39m ([36mconst[39m method [36mof[39m requiredMethods) {[22m
[2m     [90m 56 |[39m     [36mif[39m (store [33m&&[39m [36mtypeof[39m store[method] [33m!==[39m [32m'function'[39m) {[22m
[2m    [31m[1m>[22m[2m[39m[90m 57 |[39m       console[33m.[39mwarn([32m`Store method ${method} is not a function or doesn't exist`[39m)[33m;[39m[22m
[2m     [90m    |[39m               [31m[1m^[22m[2m[39m[22m
[2m     [90m 58 |[39m     }[22m
[2m     [90m 59 |[39m   }[22m
[2m     [90m 60 |[39m }[33m;[39m[0m[22m
[2m[22m
[2m      [2mat [22m[2mnode_modules/@jest/environment-jsdom-abstract/node_modules/jest-mock/build/index.js[2m:305:39[22m[2m[22m
[2m      [2mat ensureStoreMethods ([22m[2mtests/unit/lib/store/enhanced-conversation-memory.store.test.ts[2m:57:15)[22m[2m[22m
[2m      [2mat Object.<anonymous> ([22m[2mtests/unit/lib/store/enhanced-conversation-memory.store.test.ts[2m:82:3)[22m[2m[22m

    [2m[33mconsole.warn[39m[22m
[33m      Store method addProcessor is not a function or doesn't exist[39m
[2m[22m
[2m    [0m [90m 55 |[39m   [36mfor[39m ([36mconst[39m method [36mof[39m requiredMethods) {[22m
[2m     [90m 56 |[39m     [36mif[39m (store [33m&&[39m [36mtypeof[39m store[method] [33m!==[39m [32m'function'[39m) {[22m
[2m    [31m[1m>[22m[2m[39m[90m 57 |[39m       console[33m.[39mwarn([32m`Store method ${method} is not a function or doesn't exist`[39m)[33m;[39m[22m
[2m     [90m    |[39m               [31m[1m^[22m[2m[39m[22m
[2m     [90m 58 |[39m     }[22m
[2m     [90m 59 |[39m   }[22m
[2m     [90m 60 |[39m }[33m;[39m[0m[22m
[2m[22m
[2m      [2mat [22m[2mnode_modules/@jest/environment-jsdom-abstract/node_modules/jest-mock/build/index.js[2m:305:39[22m[2m[22m
[2m      [2mat ensureStoreMethods ([22m[2mtests/unit/lib/store/enhanced-conversation-memory.store.test.ts[2m:57:15)[22m[2m[22m
[2m      [2mat Object.<anonymous> ([22m[2mtests/unit/lib/store/enhanced-conversation-memory.store.test.ts[2m:82:3)[22m[2m[22m

    [2m[33mconsole.warn[39m[22m
[33m      Store method removeProcessor is not a function or doesn't exist[39m
[2m[22m
[2m    [0m [90m 55 |[39m   [36mfor[39m ([36mconst[39m method [36mof[39m requiredMethods) {[22m
[2m     [90m 56 |[39m     [36mif[39m (store [33m&&[39m [36mtypeof[39m store[method] [33m!==[39m [32m'function'[39m) {[22m
[2m    [31m[1m>[22m[2m[39m[90m 57 |[39m       console[33m.[39mwarn([32m`Store method ${method} is not a function or doesn't exist`[39m)[33m;[39m[22m
[2m     [90m    |[39m               [31m[1m^[22m[2m[39m[22m
[2m     [90m 58 |[39m     }[22m
[2m     [90m 59 |[39m   }[22m
[2m     [90m 60 |[39m }[33m;[39m[0m[22m
[2m[22m
[2m      [2mat [22m[2mnode_modules/@jest/environment-jsdom-abstract/node_modules/jest-mock/build/index.js[2m:305:39[22m[2m[22m
[2m      [2mat ensureStoreMethods ([22m[2mtests/unit/lib/store/enhanced-conversation-memory.store.test.ts[2m:57:15)[22m[2m[22m
[2m      [2mat Object.<anonymous> ([22m[2mtests/unit/lib/store/enhanced-conversation-memory.store.test.ts[2m:82:3)[22m[2m[22m

    [2m[33mconsole.warn[39m[22m
[33m      Store method setDefaultProcessors is not a function or doesn't exist[39m
[2m[22m
[2m    [0m [90m 55 |[39m   [36mfor[39m ([36mconst[39m method [36mof[39m requiredMethods) {[22m
[2m     [90m 56 |[39m     [36mif[39m (store [33m&&[39m [36mtypeof[39m store[method] [33m!==[39m [32m'function'[39m) {[22m
[2m    [31m[1m>[22m[2m[39m[90m 57 |[39m       console[33m.[39mwarn([32m`Store method ${method} is not a function or doesn't exist`[39m)[33m;[39m[22m
[2m     [90m    |[39m               [31m[1m^[22m[2m[39m[22m
[2m     [90m 58 |[39m     }[22m
[2m     [90m 59 |[39m   }[22m
[2m     [90m 60 |[39m }[33m;[39m[0m[22m
[2m[22m
[2m      [2mat [22m[2mnode_modules/@jest/environment-jsdom-abstract/node_modules/jest-mock/build/index.js[2m:305:39[22m[2m[22m
[2m      [2mat ensureStoreMethods ([22m[2mtests/unit/lib/store/enhanced-conversation-memory.store.test.ts[2m:57:15)[22m[2m[22m
[2m      [2mat Object.<anonymous> ([22m[2mtests/unit/lib/store/enhanced-conversation-memory.store.test.ts[2m:82:3)[22m[2m[22m

    [2m[33mconsole.warn[39m[22m
[33m      Store method getMemoryStats is not a function or doesn't exist[39m
[2m[22m
[2m    [0m [90m 55 |[39m   [36mfor[39m ([36mconst[39m method [36mof[39m requiredMethods) {[22m
[2m     [90m 56 |[39m     [36mif[39m (store [33m&&[39m [36mtypeof[39m store[method] [33m!==[39m [32m'function'[39m) {[22m
[2m    [31m[1m>[22m[2m[39m[90m 57 |[39m       console[33m.[39mwarn([32m`Store method ${method} is not a function or doesn't exist`[39m)[33m;[39m[22m
[2m     [90m    |[39m               [31m[1m^[22m[2m[39m[22m
[2m     [90m 58 |[39m     }[22m
[2m     [90m 59 |[39m   }[22m
[2m     [90m 60 |[39m }[33m;[39m[0m[22m
[2m[22m
[2m      [2mat [22m[2mnode_modules/@jest/environment-jsdom-abstract/node_modules/jest-mock/build/index.js[2m:305:39[22m[2m[22m
[2m      [2mat ensureStoreMethods ([22m[2mtests/unit/lib/store/enhanced-conversation-memory.store.test.ts[2m:57:15)[22m[2m[22m
[2m      [2mat Object.<anonymous> ([22m[2mtests/unit/lib/store/enhanced-conversation-memory.store.test.ts[2m:82:3)[22m[2m[22m

    [2m[33mconsole.warn[39m[22m
[33m      Store method enableDbSync is not a function or doesn't exist[39m
[2m[22m
[2m    [0m [90m 55 |[39m   [36mfor[39m ([36mconst[39m method [36mof[39m requiredMethods) {[22m
[2m     [90m 56 |[39m     [36mif[39m (store [33m&&[39m [36mtypeof[39m store[method] [33m!==[39m [32m'function'[39m) {[22m
[2m    [31m[1m>[22m[2m[39m[90m 57 |[39m       console[33m.[39mwarn([32m`Store method ${method} is not a function or doesn't exist`[39m)[33m;[39m[22m
[2m     [90m    |[39m               [31m[1m^[22m[2m[39m[22m
[2m     [90m 58 |[39m     }[22m
[2m     [90m 59 |[39m   }[22m
[2m     [90m 60 |[39m }[33m;[39m[0m[22m
[2m[22m
[2m      [2mat [22m[2mnode_modules/@jest/environment-jsdom-abstract/node_modules/jest-mock/build/index.js[2m:305:39[22m[2m[22m
[2m      [2mat ensureStoreMethods ([22m[2mtests/unit/lib/store/enhanced-conversation-memory.store.test.ts[2m:57:15)[22m[2m[22m
[2m      [2mat Object.<anonymous> ([22m[2mtests/unit/lib/store/enhanced-conversation-memory.store.test.ts[2m:82:3)[22m[2m[22m

    [2m[33mconsole.warn[39m[22m
[33m      Store method disableDbSync is not a function or doesn't exist[39m
[2m[22m
[2m    [0m [90m 55 |[39m   [36mfor[39m ([36mconst[39m method [36mof[39m requiredMethods) {[22m
[2m     [90m 56 |[39m     [36mif[39m (store [33m&&[39m [36mtypeof[39m store[method] [33m!==[39m [32m'function'[39m) {[22m
[2m    [31m[1m>[22m[2m[39m[90m 57 |[39m       console[33m.[39mwarn([32m`Store method ${method} is not a function or doesn't exist`[39m)[33m;[39m[22m
[2m     [90m    |[39m               [31m[1m^[22m[2m[39m[22m
[2m     [90m 58 |[39m     }[22m
[2m     [90m 59 |[39m   }[22m
[2m     [90m 60 |[39m }[33m;[39m[0m[22m
[2m[22m
[2m      [2mat [22m[2mnode_modules/@jest/environment-jsdom-abstract/node_modules/jest-mock/build/index.js[2m:305:39[22m[2m[22m
[2m      [2mat ensureStoreMethods ([22m[2mtests/unit/lib/store/enhanced-conversation-memory.store.test.ts[2m:57:15)[22m[2m[22m
[2m      [2mat Object.<anonymous> ([22m[2mtests/unit/lib/store/enhanced-conversation-memory.store.test.ts[2m:82:3)[22m[2m[22m

    [2m[33mconsole.warn[39m[22m
[33m      Store method syncWithDatabase is not a function or doesn't exist[39m
[2m[22m
[2m    [0m [90m 55 |[39m   [36mfor[39m ([36mconst[39m method [36mof[39m requiredMethods) {[22m
[2m     [90m 56 |[39m     [36mif[39m (store [33m&&[39m [36mtypeof[39m store[method] [33m!==[39m [32m'function'[39m) {[22m
[2m    [31m[1m>[22m[2m[39m[90m 57 |[39m       console[33m.[39mwarn([32m`Store method ${method} is not a function or doesn't exist`[39m)[33m;[39m[22m
[2m     [90m    |[39m               [31m[1m^[22m[2m[39m[22m
[2m     [90m 58 |[39m     }[22m
[2m     [90m 59 |[39m   }[22m
[2m     [90m 60 |[39m }[33m;[39m[0m[22m
[2m[22m
[2m      [2mat [22m[2mnode_modules/@jest/environment-jsdom-abstract/node_modules/jest-mock/build/index.js[2m:305:39[22m[2m[22m
[2m      [2mat ensureStoreMethods ([22m[2mtests/unit/lib/store/enhanced-conversation-memory.store.test.ts[2m:57:15)[22m[2m[22m
[2m      [2mat Object.<anonymous> ([22m[2mtests/unit/lib/store/enhanced-conversation-memory.store.test.ts[2m:82:3)[22m[2m[22m

    [2m[33mconsole.warn[39m[22m
[33m      Store method loadFromDatabase is not a function or doesn't exist[39m
[2m[22m
[2m    [0m [90m 55 |[39m   [36mfor[39m ([36mconst[39m method [36mof[39m requiredMethods) {[22m
[2m     [90m 56 |[39m     [36mif[39m (store [33m&&[39m [36mtypeof[39m store[method] [33m!==[39m [32m'function'[39m) {[22m
[2m    [31m[1m>[22m[2m[39m[90m 57 |[39m       console[33m.[39mwarn([32m`Store method ${method} is not a function or doesn't exist`[39m)[33m;[39m[22m
[2m     [90m    |[39m               [31m[1m^[22m[2m[39m[22m
[2m     [90m 58 |[39m     }[22m
[2m     [90m 59 |[39m   }[22m
[2m     [90m 60 |[39m }[33m;[39m[0m[22m
[2m[22m
[2m      [2mat [22m[2mnode_modules/@jest/environment-jsdom-abstract/node_modules/jest-mock/build/index.js[2m:305:39[22m[2m[22m
[2m      [2mat ensureStoreMethods ([22m[2mtests/unit/lib/store/enhanced-conversation-memory.store.test.ts[2m:57:15)[22m[2m[22m
[2m      [2mat Object.<anonymous> ([22m[2mtests/unit/lib/store/enhanced-conversation-memory.store.test.ts[2m:82:3)[22m[2m[22m

    [2m[33mconsole.warn[39m[22m
[33m      Store method createSession is not a function or doesn't exist[39m
[2m[22m
[2m    [0m [90m 55 |[39m   [36mfor[39m ([36mconst[39m method [36mof[39m requiredMethods) {[22m
[2m     [90m 56 |[39m     [36mif[39m (store [33m&&[39m [36mtypeof[39m store[method] [33m!==[39m [32m'function'[39m) {[22m
[2m    [31m[1m>[22m[2m[39m[90m 57 |[39m       console[33m.[39mwarn([32m`Store method ${method} is not a function or doesn't exist`[39m)[33m;[39m[22m
[2m     [90m    |[39m               [31m[1m^[22m[2m[39m[22m
[2m     [90m 58 |[39m     }[22m
[2m     [90m 59 |[39m   }[22m
[2m     [90m 60 |[39m }[33m;[39m[0m[22m
[2m[22m
[2m      [2mat [22m[2mnode_modules/@jest/environment-jsdom-abstract/node_modules/jest-mock/build/index.js[2m:305:39[22m[2m[22m
[2m      [2mat ensureStoreMethods ([22m[2mtests/unit/lib/store/enhanced-conversation-memory.store.test.ts[2m:57:15)[22m[2m[22m
[2m      [2mat Object.<anonymous> ([22m[2mtests/unit/lib/store/enhanced-conversation-memory.store.test.ts[2m:82:3)[22m[2m[22m

    [2m[33mconsole.warn[39m[22m
[33m      Store method addMessage is not a function or doesn't exist[39m
[2m[22m
[2m    [0m [90m 55 |[39m   [36mfor[39m ([36mconst[39m method [36mof[39m requiredMethods) {[22m
[2m     [90m 56 |[39m     [36mif[39m (store [33m&&[39m [36mtypeof[39m store[method] [33m!==[39m [32m'function'[39m) {[22m
[2m    [31m[1m>[22m[2m[39m[90m 57 |[39m       console[33m.[39mwarn([32m`Store method ${method} is not a function or doesn't exist`[39m)[33m;[39m[22m
[2m     [90m    |[39m               [31m[1m^[22m[2m[39m[22m
[2m     [90m 58 |[39m     }[22m
[2m     [90m 59 |[39m   }[22m
[2m     [90m 60 |[39m }[33m;[39m[0m[22m
[2m[22m
[2m      [2mat [22m[2mnode_modules/@jest/environment-jsdom-abstract/node_modules/jest-mock/build/index.js[2m:305:39[22m[2m[22m
[2m      [2mat ensureStoreMethods ([22m[2mtests/unit/lib/store/enhanced-conversation-memory.store.test.ts[2m:57:15)[22m[2m[22m
[2m      [2mat Object.<anonymous> ([22m[2mtests/unit/lib/store/enhanced-conversation-memory.store.test.ts[2m:82:3)[22m[2m[22m

    [2m[33mconsole.warn[39m[22m
[33m      Store method getProcessedMessages is not a function or doesn't exist[39m
[2m[22m
[2m    [0m [90m 55 |[39m   [36mfor[39m ([36mconst[39m method [36mof[39m requiredMethods) {[22m
[2m     [90m 56 |[39m     [36mif[39m (store [33m&&[39m [36mtypeof[39m store[method] [33m!==[39m [32m'function'[39m) {[22m
[2m    [31m[1m>[22m[2m[39m[90m 57 |[39m       console[33m.[39mwarn([32m`Store method ${method} is not a function or doesn't exist`[39m)[33m;[39m[22m
[2m     [90m    |[39m               [31m[1m^[22m[2m[39m[22m
[2m     [90m 58 |[39m     }[22m
[2m     [90m 59 |[39m   }[22m
[2m     [90m 60 |[39m }[33m;[39m[0m[22m
[2m[22m
[2m      [2mat [22m[2mnode_modules/@jest/environment-jsdom-abstract/node_modules/jest-mock/build/index.js[2m:305:39[22m[2m[22m
[2m      [2mat ensureStoreMethods ([22m[2mtests/unit/lib/store/enhanced-conversation-memory.store.test.ts[2m:57:15)[22m[2m[22m
[2m      [2mat Object.<anonymous> ([22m[2mtests/unit/lib/store/enhanced-conversation-memory.store.test.ts[2m:82:3)[22m[2m[22m

    [2m[33mconsole.warn[39m[22m
[33m      Store method getRecentMessages is not a function or doesn't exist[39m
[2m[22m
[2m    [0m [90m 55 |[39m   [36mfor[39m ([36mconst[39m method [36mof[39m requiredMethods) {[22m
[2m     [90m 56 |[39m     [36mif[39m (store [33m&&[39m [36mtypeof[39m store[method] [33m!==[39m [32m'function'[39m) {[22m
[2m    [31m[1m>[22m[2m[39m[90m 57 |[39m       console[33m.[39mwarn([32m`Store method ${method} is not a function or doesn't exist`[39m)[33m;[39m[22m
[2m     [90m    |[39m               [31m[1m^[22m[2m[39m[22m
[2m     [90m 58 |[39m     }[22m
[2m     [90m 59 |[39m   }[22m
[2m     [90m 60 |[39m }[33m;[39m[0m[22m
[2m[22m
[2m      [2mat [22m[2mnode_modules/@jest/environment-jsdom-abstract/node_modules/jest-mock/build/index.js[2m:305:39[22m[2m[22m
[2m      [2mat ensureStoreMethods ([22m[2mtests/unit/lib/store/enhanced-conversation-memory.store.test.ts[2m:57:15)[22m[2m[22m
[2m      [2mat Object.<anonymous> ([22m[2mtests/unit/lib/store/enhanced-conversation-memory.store.test.ts[2m:82:3)[22m[2m[22m

    [2m[33mconsole.warn[39m[22m
[33m      Store method getSessionContext is not a function or doesn't exist[39m
[2m[22m
[2m    [0m [90m 55 |[39m   [36mfor[39m ([36mconst[39m method [36mof[39m requiredMethods) {[22m
[2m     [90m 56 |[39m     [36mif[39m (store [33m&&[39m [36mtypeof[39m store[method] [33m!==[39m [32m'function'[39m) {[22m
[2m    [31m[1m>[22m[2m[39m[90m 57 |[39m       console[33m.[39mwarn([32m`Store method ${method} is not a function or doesn't exist`[39m)[33m;[39m[22m
[2m     [90m    |[39m               [31m[1m^[22m[2m[39m[22m
[2m     [90m 58 |[39m     }[22m
[2m     [90m 59 |[39m   }[22m
[2m     [90m 60 |[39m }[33m;[39m[0m[22m
[2m[22m
[2m      [2mat [22m[2mnode_modules/@jest/environment-jsdom-abstract/node_modules/jest-mock/build/index.js[2m:305:39[22m[2m[22m
[2m      [2mat ensureStoreMethods ([22m[2mtests/unit/lib/store/enhanced-conversation-memory.store.test.ts[2m:57:15)[22m[2m[22m
[2m      [2mat Object.<anonymous> ([22m[2mtests/unit/lib/store/enhanced-conversation-memory.store.test.ts[2m:82:3)[22m[2m[22m

    [2m[33mconsole.warn[39m[22m
[33m      Store method updateMessageMetadata is not a function or doesn't exist[39m
[2m[22m
[2m    [0m [90m 55 |[39m   [36mfor[39m ([36mconst[39m method [36mof[39m requiredMethods) {[22m
[2m     [90m 56 |[39m     [36mif[39m (store [33m&&[39m [36mtypeof[39m store[method] [33m!==[39m [32m'function'[39m) {[22m
[2m    [31m[1m>[22m[2m[39m[90m 57 |[39m       console[33m.[39mwarn([32m`Store method ${method} is not a function or doesn't exist`[39m)[33m;[39m[22m
[2m     [90m    |[39m               [31m[1m^[22m[2m[39m[22m
[2m     [90m 58 |[39m     }[22m
[2m     [90m 59 |[39m   }[22m
[2m     [90m 60 |[39m }[33m;[39m[0m[22m
[2m[22m
[2m      [2mat [22m[2mnode_modules/@jest/environment-jsdom-abstract/node_modules/jest-mock/build/index.js[2m:305:39[22m[2m[22m
[2m      [2mat ensureStoreMethods ([22m[2mtests/unit/lib/store/enhanced-conversation-memory.store.test.ts[2m:57:15)[22m[2m[22m
[2m      [2mat Object.<anonymous> ([22m[2mtests/unit/lib/store/enhanced-conversation-memory.store.test.ts[2m:82:3)[22m[2m[22m

    [2m[33mconsole.warn[39m[22m
[33m      Store method clearSession is not a function or doesn't exist[39m
[2m[22m
[2m    [0m [90m 55 |[39m   [36mfor[39m ([36mconst[39m method [36mof[39m requiredMethods) {[22m
[2m     [90m 56 |[39m     [36mif[39m (store [33m&&[39m [36mtypeof[39m store[method] [33m!==[39m [32m'function'[39m) {[22m
[2m    [31m[1m>[22m[2m[39m[90m 57 |[39m       console[33m.[39mwarn([32m`Store method ${method} is not a function or doesn't exist`[39m)[33m;[39m[22m
[2m     [90m    |[39m               [31m[1m^[22m[2m[39m[22m
[2m     [90m 58 |[39m     }[22m
[2m     [90m 59 |[39m   }[22m
[2m     [90m 60 |[39m }[33m;[39m[0m[22m
[2m[22m
[2m      [2mat [22m[2mnode_modules/@jest/environment-jsdom-abstract/node_modules/jest-mock/build/index.js[2m:305:39[22m[2m[22m
[2m      [2mat ensureStoreMethods ([22m[2mtests/unit/lib/store/enhanced-conversation-memory.store.test.ts[2m:57:15)[22m[2m[22m
[2m      [2mat Object.<anonymous> ([22m[2mtests/unit/lib/store/enhanced-conversation-memory.store.test.ts[2m:82:3)[22m[2m[22m

    [2m[33mconsole.warn[39m[22m
[33m      Store method searchMessages is not a function or doesn't exist[39m
[2m[22m
[2m    [0m [90m 55 |[39m   [36mfor[39m ([36mconst[39m method [36mof[39m requiredMethods) {[22m
[2m     [90m 56 |[39m     [36mif[39m (store [33m&&[39m [36mtypeof[39m store[method] [33m!==[39m [32m'function'[39m) {[22m
[2m    [31m[1m>[22m[2m[39m[90m 57 |[39m       console[33m.[39mwarn([32m`Store method ${method} is not a function or doesn't exist`[39m)[33m;[39m[22m
[2m     [90m    |[39m               [31m[1m^[22m[2m[39m[22m
[2m     [90m 58 |[39m     }[22m
[2m     [90m 59 |[39m   }[22m
[2m     [90m 60 |[39m }[33m;[39m[0m[22m
[2m[22m
[2m      [2mat [22m[2mnode_modules/@jest/environment-jsdom-abstract/node_modules/jest-mock/build/index.js[2m:305:39[22m[2m[22m
[2m      [2mat ensureStoreMethods ([22m[2mtests/unit/lib/store/enhanced-conversation-memory.store.test.ts[2m:57:15)[22m[2m[22m
[2m      [2mat Object.<anonymous> ([22m[2mtests/unit/lib/store/enhanced-conversation-memory.store.test.ts[2m:82:3)[22m[2m[22m

    [2m[33mconsole.warn[39m[22m
[33m      Store method summarizeSession is not a function or doesn't exist[39m
[2m[22m
[2m    [0m [90m 55 |[39m   [36mfor[39m ([36mconst[39m method [36mof[39m requiredMethods) {[22m
[2m     [90m 56 |[39m     [36mif[39m (store [33m&&[39m [36mtypeof[39m store[method] [33m!==[39m [32m'function'[39m) {[22m
[2m    [31m[1m>[22m[2m[39m[90m 57 |[39m       console[33m.[39mwarn([32m`Store method ${method} is not a function or doesn't exist`[39m)[33m;[39m[22m
[2m     [90m    |[39m               [31m[1m^[22m[2m[39m[22m
[2m     [90m 58 |[39m     }[22m
[2m     [90m 59 |[39m   }[22m
[2m     [90m 60 |[39m }[33m;[39m[0m[22m
[2m[22m
[2m      [2mat [22m[2mnode_modules/@jest/environment-jsdom-abstract/node_modules/jest-mock/build/index.js[2m:305:39[22m[2m[22m
[2m      [2mat ensureStoreMethods ([22m[2mtests/unit/lib/store/enhanced-conversation-memory.store.test.ts[2m:57:15)[22m[2m[22m
[2m      [2mat Object.<anonymous> ([22m[2mtests/unit/lib/store/enhanced-conversation-memory.store.test.ts[2m:82:3)[22m[2m[22m

    [2m[33mconsole.warn[39m[22m
[33m      Store method addProcessor is not a function or doesn't exist[39m
[2m[22m
[2m    [0m [90m 55 |[39m   [36mfor[39m ([36mconst[39m method [36mof[39m requiredMethods) {[22m
[2m     [90m 56 |[39m     [36mif[39m (store [33m&&[39m [36mtypeof[39m store[method] [33m!==[39m [32m'function'[39m) {[22m
[2m    [31m[1m>[22m[2m[39m[90m 57 |[39m       console[33m.[39mwarn([32m`Store method ${method} is not a function or doesn't exist`[39m)[33m;[39m[22m
[2m     [90m    |[39m               [31m[1m^[22m[2m[39m[22m
[2m     [90m 58 |[39m     }[22m
[2m     [90m 59 |[39m   }[22m
[2m     [90m 60 |[39m }[33m;[39m[0m[22m
[2m[22m
[2m      [2mat [22m[2mnode_modules/@jest/environment-jsdom-abstract/node_modules/jest-mock/build/index.js[2m:305:39[22m[2m[22m
[2m      [2mat ensureStoreMethods ([22m[2mtests/unit/lib/store/enhanced-conversation-memory.store.test.ts[2m:57:15)[22m[2m[22m
[2m      [2mat Object.<anonymous> ([22m[2mtests/unit/lib/store/enhanced-conversation-memory.store.test.ts[2m:82:3)[22m[2m[22m

    [2m[33mconsole.warn[39m[22m
[33m      Store method removeProcessor is not a function or doesn't exist[39m
[2m[22m
[2m    [0m [90m 55 |[39m   [36mfor[39m ([36mconst[39m method [36mof[39m requiredMethods) {[22m
[2m     [90m 56 |[39m     [36mif[39m (store [33m&&[39m [36mtypeof[39m store[method] [33m!==[39m [32m'function'[39m) {[22m
[2m    [31m[1m>[22m[2m[39m[90m 57 |[39m       console[33m.[39mwarn([32m`Store method ${method} is not a function or doesn't exist`[39m)[33m;[39m[22m
[2m     [90m    |[39m               [31m[1m^[22m[2m[39m[22m
[2m     [90m 58 |[39m     }[22m
[2m     [90m 59 |[39m   }[22m
[2m     [90m 60 |[39m }[33m;[39m[0m[22m
[2m[22m
[2m      [2mat [22m[2mnode_modules/@jest/environment-jsdom-abstract/node_modules/jest-mock/build/index.js[2m:305:39[22m[2m[22m
[2m      [2mat ensureStoreMethods ([22m[2mtests/unit/lib/store/enhanced-conversation-memory.store.test.ts[2m:57:15)[22m[2m[22m
[2m      [2mat Object.<anonymous> ([22m[2mtests/unit/lib/store/enhanced-conversation-memory.store.test.ts[2m:82:3)[22m[2m[22m

    [2m[33mconsole.warn[39m[22m
[33m      Store method setDefaultProcessors is not a function or doesn't exist[39m
[2m[22m
[2m    [0m [90m 55 |[39m   [36mfor[39m ([36mconst[39m method [36mof[39m requiredMethods) {[22m
[2m     [90m 56 |[39m     [36mif[39m (store [33m&&[39m [36mtypeof[39m store[method] [33m!==[39m [32m'function'[39m) {[22m
[2m    [31m[1m>[22m[2m[39m[90m 57 |[39m       console[33m.[39mwarn([32m`Store method ${method} is not a function or doesn't exist`[39m)[33m;[39m[22m
[2m     [90m    |[39m               [31m[1m^[22m[2m[39m[22m
[2m     [90m 58 |[39m     }[22m
[2m     [90m 59 |[39m   }[22m
[2m     [90m 60 |[39m }[33m;[39m[0m[22m
[2m[22m
[2m      [2mat [22m[2mnode_modules/@jest/environment-jsdom-abstract/node_modules/jest-mock/build/index.js[2m:305:39[22m[2m[22m
[2m      [2mat ensureStoreMethods ([22m[2mtests/unit/lib/store/enhanced-conversation-memory.store.test.ts[2m:57:15)[22m[2m[22m
[2m      [2mat Object.<anonymous> ([22m[2mtests/unit/lib/store/enhanced-conversation-memory.store.test.ts[2m:82:3)[22m[2m[22m

    [2m[33mconsole.warn[39m[22m
[33m      Store method getMemoryStats is not a function or doesn't exist[39m
[2m[22m
[2m    [0m [90m 55 |[39m   [36mfor[39m ([36mconst[39m method [36mof[39m requiredMethods) {[22m
[2m     [90m 56 |[39m     [36mif[39m (store [33m&&[39m [36mtypeof[39m store[method] [33m!==[39m [32m'function'[39m) {[22m
[2m    [31m[1m>[22m[2m[39m[90m 57 |[39m       console[33m.[39mwarn([32m`Store method ${method} is not a function or doesn't exist`[39m)[33m;[39m[22m
[2m     [90m    |[39m               [31m[1m^[22m[2m[39m[22m
[2m     [90m 58 |[39m     }[22m
[2m     [90m 59 |[39m   }[22m
[2m     [90m 60 |[39m }[33m;[39m[0m[22m
[2m[22m
[2m      [2mat [22m[2mnode_modules/@jest/environment-jsdom-abstract/node_modules/jest-mock/build/index.js[2m:305:39[22m[2m[22m
[2m      [2mat ensureStoreMethods ([22m[2mtests/unit/lib/store/enhanced-conversation-memory.store.test.ts[2m:57:15)[22m[2m[22m
[2m      [2mat Object.<anonymous> ([22m[2mtests/unit/lib/store/enhanced-conversation-memory.store.test.ts[2m:82:3)[22m[2m[22m

    [2m[33mconsole.warn[39m[22m
[33m      Store method enableDbSync is not a function or doesn't exist[39m
[2m[22m
[2m    [0m [90m 55 |[39m   [36mfor[39m ([36mconst[39m method [36mof[39m requiredMethods) {[22m
[2m     [90m 56 |[39m     [36mif[39m (store [33m&&[39m [36mtypeof[39m store[method] [33m!==[39m [32m'function'[39m) {[22m
[2m    [31m[1m>[22m[2m[39m[90m 57 |[39m       console[33m.[39mwarn([32m`Store method ${method} is not a function or doesn't exist`[39m)[33m;[39m[22m
[2m     [90m    |[39m               [31m[1m^[22m[2m[39m[22m
[2m     [90m 58 |[39m     }[22m
[2m     [90m 59 |[39m   }[22m
[2m     [90m 60 |[39m }[33m;[39m[0m[22m
[2m[22m
[2m      [2mat [22m[2mnode_modules/@jest/environment-jsdom-abstract/node_modules/jest-mock/build/index.js[2m:305:39[22m[2m[22m
[2m      [2mat ensureStoreMethods ([22m[2mtests/unit/lib/store/enhanced-conversation-memory.store.test.ts[2m:57:15)[22m[2m[22m
[2m      [2mat Object.<anonymous> ([22m[2mtests/unit/lib/store/enhanced-conversation-memory.store.test.ts[2m:82:3)[22m[2m[22m

    [2m[33mconsole.warn[39m[22m
[33m      Store method disableDbSync is not a function or doesn't exist[39m
[2m[22m
[2m    [0m [90m 55 |[39m   [36mfor[39m ([36mconst[39m method [36mof[39m requiredMethods) {[22m
[2m     [90m 56 |[39m     [36mif[39m (store [33m&&[39m [36mtypeof[39m store[method] [33m!==[39m [32m'function'[39m) {[22m
[2m    [31m[1m>[22m[2m[39m[90m 57 |[39m       console[33m.[39mwarn([32m`Store method ${method} is not a function or doesn't exist`[39m)[33m;[39m[22m
[2m     [90m    |[39m               [31m[1m^[22m[2m[39m[22m
[2m     [90m 58 |[39m     }[22m
[2m     [90m 59 |[39m   }[22m
[2m     [90m 60 |[39m }[33m;[39m[0m[22m
[2m[22m
[2m      [2mat [22m[2mnode_modules/@jest/environment-jsdom-abstract/node_modules/jest-mock/build/index.js[2m:305:39[22m[2m[22m
[2m      [2mat ensureStoreMethods ([22m[2mtests/unit/lib/store/enhanced-conversation-memory.store.test.ts[2m:57:15)[22m[2m[22m
[2m      [2mat Object.<anonymous> ([22m[2mtests/unit/lib/store/enhanced-conversation-memory.store.test.ts[2m:82:3)[22m[2m[22m

    [2m[33mconsole.warn[39m[22m
[33m      Store method syncWithDatabase is not a function or doesn't exist[39m
[2m[22m
[2m    [0m [90m 55 |[39m   [36mfor[39m ([36mconst[39m method [36mof[39m requiredMethods) {[22m
[2m     [90m 56 |[39m     [36mif[39m (store [33m&&[39m [36mtypeof[39m store[method] [33m!==[39m [32m'function'[39m) {[22m
[2m    [31m[1m>[22m[2m[39m[90m 57 |[39m       console[33m.[39mwarn([32m`Store method ${method} is not a function or doesn't exist`[39m)[33m;[39m[22m
[2m     [90m    |[39m               [31m[1m^[22m[2m[39m[22m
[2m     [90m 58 |[39m     }[22m
[2m     [90m 59 |[39m   }[22m
[2m     [90m 60 |[39m }[33m;[39m[0m[22m
[2m[22m
[2m      [2mat [22m[2mnode_modules/@jest/environment-jsdom-abstract/node_modules/jest-mock/build/index.js[2m:305:39[22m[2m[22m
[2m      [2mat ensureStoreMethods ([22m[2mtests/unit/lib/store/enhanced-conversation-memory.store.test.ts[2m:57:15)[22m[2m[22m
[2m      [2mat Object.<anonymous> ([22m[2mtests/unit/lib/store/enhanced-conversation-memory.store.test.ts[2m:82:3)[22m[2m[22m

    [2m[33mconsole.warn[39m[22m
[33m      Store method loadFromDatabase is not a function or doesn't exist[39m
[2m[22m
[2m    [0m [90m 55 |[39m   [36mfor[39m ([36mconst[39m method [36mof[39m requiredMethods) {[22m
[2m     [90m 56 |[39m     [36mif[39m (store [33m&&[39m [36mtypeof[39m store[method] [33m!==[39m [32m'function'[39m) {[22m
[2m    [31m[1m>[22m[2m[39m[90m 57 |[39m       console[33m.[39mwarn([32m`Store method ${method} is not a function or doesn't exist`[39m)[33m;[39m[22m
[2m     [90m    |[39m               [31m[1m^[22m[2m[39m[22m
[2m     [90m 58 |[39m     }[22m
[2m     [90m 59 |[39m   }[22m
[2m     [90m 60 |[39m }[33m;[39m[0m[22m
[2m[22m
[2m      [2mat [22m[2mnode_modules/@jest/environment-jsdom-abstract/node_modules/jest-mock/build/index.js[2m:305:39[22m[2m[22m
[2m      [2mat ensureStoreMethods ([22m[2mtests/unit/lib/store/enhanced-conversation-memory.store.test.ts[2m:57:15)[22m[2m[22m
[2m      [2mat Object.<anonymous> ([22m[2mtests/unit/lib/store/enhanced-conversation-memory.store.test.ts[2m:82:3)[22m[2m[22m

    [2m[33mconsole.warn[39m[22m
[33m      Store method createSession is not a function or doesn't exist[39m
[2m[22m
[2m    [0m [90m 55 |[39m   [36mfor[39m ([36mconst[39m method [36mof[39m requiredMethods) {[22m
[2m     [90m 56 |[39m     [36mif[39m (store [33m&&[39m [36mtypeof[39m store[method] [33m!==[39m [32m'function'[39m) {[22m
[2m    [31m[1m>[22m[2m[39m[90m 57 |[39m       console[33m.[39mwarn([32m`Store method ${method} is not a function or doesn't exist`[39m)[33m;[39m[22m
[2m     [90m    |[39m               [31m[1m^[22m[2m[39m[22m
[2m     [90m 58 |[39m     }[22m
[2m     [90m 59 |[39m   }[22m
[2m     [90m 60 |[39m }[33m;[39m[0m[22m
[2m[22m
[2m      [2mat [22m[2mnode_modules/@jest/environment-jsdom-abstract/node_modules/jest-mock/build/index.js[2m:305:39[22m[2m[22m
[2m      [2mat ensureStoreMethods ([22m[2mtests/unit/lib/store/enhanced-conversation-memory.store.test.ts[2m:57:15)[22m[2m[22m
[2m      [2mat Object.<anonymous> ([22m[2mtests/unit/lib/store/enhanced-conversation-memory.store.test.ts[2m:82:3)[22m[2m[22m

    [2m[33mconsole.warn[39m[22m
[33m      Store method addMessage is not a function or doesn't exist[39m
[2m[22m
[2m    [0m [90m 55 |[39m   [36mfor[39m ([36mconst[39m method [36mof[39m requiredMethods) {[22m
[2m     [90m 56 |[39m     [36mif[39m (store [33m&&[39m [36mtypeof[39m store[method] [33m!==[39m [32m'function'[39m) {[22m
[2m    [31m[1m>[22m[2m[39m[90m 57 |[39m       console[33m.[39mwarn([32m`Store method ${method} is not a function or doesn't exist`[39m)[33m;[39m[22m
[2m     [90m    |[39m               [31m[1m^[22m[2m[39m[22m
[2m     [90m 58 |[39m     }[22m
[2m     [90m 59 |[39m   }[22m
[2m     [90m 60 |[39m }[33m;[39m[0m[22m
[2m[22m
[2m      [2mat [22m[2mnode_modules/@jest/environment-jsdom-abstract/node_modules/jest-mock/build/index.js[2m:305:39[22m[2m[22m
[2m      [2mat ensureStoreMethods ([22m[2mtests/unit/lib/store/enhanced-conversation-memory.store.test.ts[2m:57:15)[22m[2m[22m
[2m      [2mat Object.<anonymous> ([22m[2mtests/unit/lib/store/enhanced-conversation-memory.store.test.ts[2m:82:3)[22m[2m[22m

    [2m[33mconsole.warn[39m[22m
[33m      Store method getProcessedMessages is not a function or doesn't exist[39m
[2m[22m
[2m    [0m [90m 55 |[39m   [36mfor[39m ([36mconst[39m method [36mof[39m requiredMethods) {[22m
[2m     [90m 56 |[39m     [36mif[39m (store [33m&&[39m [36mtypeof[39m store[method] [33m!==[39m [32m'function'[39m) {[22m
[2m    [31m[1m>[22m[2m[39m[90m 57 |[39m       console[33m.[39mwarn([32m`Store method ${method} is not a function or doesn't exist`[39m)[33m;[39m[22m
[2m     [90m    |[39m               [31m[1m^[22m[2m[39m[22m
[2m     [90m 58 |[39m     }[22m
[2m     [90m 59 |[39m   }[22m
[2m     [90m 60 |[39m }[33m;[39m[0m[22m
[2m[22m
[2m      [2mat [22m[2mnode_modules/@jest/environment-jsdom-abstract/node_modules/jest-mock/build/index.js[2m:305:39[22m[2m[22m
[2m      [2mat ensureStoreMethods ([22m[2mtests/unit/lib/store/enhanced-conversation-memory.store.test.ts[2m:57:15)[22m[2m[22m
[2m      [2mat Object.<anonymous> ([22m[2mtests/unit/lib/store/enhanced-conversation-memory.store.test.ts[2m:82:3)[22m[2m[22m

    [2m[33mconsole.warn[39m[22m
[33m      Store method getRecentMessages is not a function or doesn't exist[39m
[2m[22m
[2m    [0m [90m 55 |[39m   [36mfor[39m ([36mconst[39m method [36mof[39m requiredMethods) {[22m
[2m     [90m 56 |[39m     [36mif[39m (store [33m&&[39m [36mtypeof[39m store[method] [33m!==[39m [32m'function'[39m) {[22m
[2m    [31m[1m>[22m[2m[39m[90m 57 |[39m       console[33m.[39mwarn([32m`Store method ${method} is not a function or doesn't exist`[39m)[33m;[39m[22m
[2m     [90m    |[39m               [31m[1m^[22m[2m[39m[22m
[2m     [90m 58 |[39m     }[22m
[2m     [90m 59 |[39m   }[22m
[2m     [90m 60 |[39m }[33m;[39m[0m[22m
[2m[22m
[2m      [2mat [22m[2mnode_modules/@jest/environment-jsdom-abstract/node_modules/jest-mock/build/index.js[2m:305:39[22m[2m[22m
[2m      [2mat ensureStoreMethods ([22m[2mtests/unit/lib/store/enhanced-conversation-memory.store.test.ts[2m:57:15)[22m[2m[22m
[2m      [2mat Object.<anonymous> ([22m[2mtests/unit/lib/store/enhanced-conversation-memory.store.test.ts[2m:82:3)[22m[2m[22m

    [2m[33mconsole.warn[39m[22m
[33m      Store method getSessionContext is not a function or doesn't exist[39m
[2m[22m
[2m    [0m [90m 55 |[39m   [36mfor[39m ([36mconst[39m method [36mof[39m requiredMethods) {[22m
[2m     [90m 56 |[39m     [36mif[39m (store [33m&&[39m [36mtypeof[39m store[method] [33m!==[39m [32m'function'[39m) {[22m
[2m    [31m[1m>[22m[2m[39m[90m 57 |[39m       console[33m.[39mwarn([32m`Store method ${method} is not a function or doesn't exist`[39m)[33m;[39m[22m
[2m     [90m    |[39m               [31m[1m^[22m[2m[39m[22m
[2m     [90m 58 |[39m     }[22m
[2m     [90m 59 |[39m   }[22m
[2m     [90m 60 |[39m }[33m;[39m[0m[22m
[2m[22m
[2m      [2mat [22m[2mnode_modules/@jest/environment-jsdom-abstract/node_modules/jest-mock/build/index.js[2m:305:39[22m[2m[22m
[2m      [2mat ensureStoreMethods ([22m[2mtests/unit/lib/store/enhanced-conversation-memory.store.test.ts[2m:57:15)[22m[2m[22m
[2m      [2mat Object.<anonymous> ([22m[2mtests/unit/lib/store/enhanced-conversation-memory.store.test.ts[2m:82:3)[22m[2m[22m

    [2m[33mconsole.warn[39m[22m
[33m      Store method updateMessageMetadata is not a function or doesn't exist[39m
[2m[22m
[2m    [0m [90m 55 |[39m   [36mfor[39m ([36mconst[39m method [36mof[39m requiredMethods) {[22m
[2m     [90m 56 |[39m     [36mif[39m (store [33m&&[39m [36mtypeof[39m store[method] [33m!==[39m [32m'function'[39m) {[22m
[2m    [31m[1m>[22m[2m[39m[90m 57 |[39m       console[33m.[39mwarn([32m`Store method ${method} is not a function or doesn't exist`[39m)[33m;[39m[22m
[2m     [90m    |[39m               [31m[1m^[22m[2m[39m[22m
[2m     [90m 58 |[39m     }[22m
[2m     [90m 59 |[39m   }[22m
[2m     [90m 60 |[39m }[33m;[39m[0m[22m
[2m[22m
[2m      [2mat [22m[2mnode_modules/@jest/environment-jsdom-abstract/node_modules/jest-mock/build/index.js[2m:305:39[22m[2m[22m
[2m      [2mat ensureStoreMethods ([22m[2mtests/unit/lib/store/enhanced-conversation-memory.store.test.ts[2m:57:15)[22m[2m[22m
[2m      [2mat Object.<anonymous> ([22m[2mtests/unit/lib/store/enhanced-conversation-memory.store.test.ts[2m:82:3)[22m[2m[22m

    [2m[33mconsole.warn[39m[22m
[33m      Store method clearSession is not a function or doesn't exist[39m
[2m[22m
[2m    [0m [90m 55 |[39m   [36mfor[39m ([36mconst[39m method [36mof[39m requiredMethods) {[22m
[2m     [90m 56 |[39m     [36mif[39m (store [33m&&[39m [36mtypeof[39m store[method] [33m!==[39m [32m'function'[39m) {[22m
[2m    [31m[1m>[22m[2m[39m[90m 57 |[39m       console[33m.[39mwarn([32m`Store method ${method} is not a function or doesn't exist`[39m)[33m;[39m[22m
[2m     [90m    |[39m               [31m[1m^[22m[2m[39m[22m
[2m     [90m 58 |[39m     }[22m
[2m     [90m 59 |[39m   }[22m
[2m     [90m 60 |[39m }[33m;[39m[0m[22m
[2m[22m
[2m      [2mat [22m[2mnode_modules/@jest/environment-jsdom-abstract/node_modules/jest-mock/build/index.js[2m:305:39[22m[2m[22m
[2m      [2mat ensureStoreMethods ([22m[2mtests/unit/lib/store/enhanced-conversation-memory.store.test.ts[2m:57:15)[22m[2m[22m
[2m      [2mat Object.<anonymous> ([22m[2mtests/unit/lib/store/enhanced-conversation-memory.store.test.ts[2m:82:3)[22m[2m[22m

    [2m[33mconsole.warn[39m[22m
[33m      Store method searchMessages is not a function or doesn't exist[39m
[2m[22m
[2m    [0m [90m 55 |[39m   [36mfor[39m ([36mconst[39m method [36mof[39m requiredMethods) {[22m
[2m     [90m 56 |[39m     [36mif[39m (store [33m&&[39m [36mtypeof[39m store[method] [33m!==[39m [32m'function'[39m) {[22m
[2m    [31m[1m>[22m[2m[39m[90m 57 |[39m       console[33m.[39mwarn([32m`Store method ${method} is not a function or doesn't exist`[39m)[33m;[39m[22m
[2m     [90m    |[39m               [31m[1m^[22m[2m[39m[22m
[2m     [90m 58 |[39m     }[22m
[2m     [90m 59 |[39m   }[22m
[2m     [90m 60 |[39m }[33m;[39m[0m[22m
[2m[22m
[2m      [2mat [22m[2mnode_modules/@jest/environment-jsdom-abstract/node_modules/jest-mock/build/index.js[2m:305:39[22m[2m[22m
[2m      [2mat ensureStoreMethods ([22m[2mtests/unit/lib/store/enhanced-conversation-memory.store.test.ts[2m:57:15)[22m[2m[22m
[2m      [2mat Object.<anonymous> ([22m[2mtests/unit/lib/store/enhanced-conversation-memory.store.test.ts[2m:82:3)[22m[2m[22m

    [2m[33mconsole.warn[39m[22m
[33m      Store method summarizeSession is not a function or doesn't exist[39m
[2m[22m
[2m    [0m [90m 55 |[39m   [36mfor[39m ([36mconst[39m method [36mof[39m requiredMethods) {[22m
[2m     [90m 56 |[39m     [36mif[39m (store [33m&&[39m [36mtypeof[39m store[method] [33m!==[39m [32m'function'[39m) {[22m
[2m    [31m[1m>[22m[2m[39m[90m 57 |[39m       console[33m.[39mwarn([32m`Store method ${method} is not a function or doesn't exist`[39m)[33m;[39m[22m
[2m     [90m    |[39m               [31m[1m^[22m[2m[39m[22m
[2m     [90m 58 |[39m     }[22m
[2m     [90m 59 |[39m   }[22m
[2m     [90m 60 |[39m }[33m;[39m[0m[22m
[2m[22m
[2m      [2mat [22m[2mnode_modules/@jest/environment-jsdom-abstract/node_modules/jest-mock/build/index.js[2m:305:39[22m[2m[22m
[2m      [2mat ensureStoreMethods ([22m[2mtests/unit/lib/store/enhanced-conversation-memory.store.test.ts[2m:57:15)[22m[2m[22m
[2m      [2mat Object.<anonymous> ([22m[2mtests/unit/lib/store/enhanced-conversation-memory.store.test.ts[2m:82:3)[22m[2m[22m

    [2m[33mconsole.warn[39m[22m
[33m      Store method addProcessor is not a function or doesn't exist[39m
[2m[22m
[2m    [0m [90m 55 |[39m   [36mfor[39m ([36mconst[39m method [36mof[39m requiredMethods) {[22m
[2m     [90m 56 |[39m     [36mif[39m (store [33m&&[39m [36mtypeof[39m store[method] [33m!==[39m [32m'function'[39m) {[22m
[2m    [31m[1m>[22m[2m[39m[90m 57 |[39m       console[33m.[39mwarn([32m`Store method ${method} is not a function or doesn't exist`[39m)[33m;[39m[22m
[2m     [90m    |[39m               [31m[1m^[22m[2m[39m[22m
[2m     [90m 58 |[39m     }[22m
[2m     [90m 59 |[39m   }[22m
[2m     [90m 60 |[39m }[33m;[39m[0m[22m
[2m[22m
[2m      [2mat [22m[2mnode_modules/@jest/environment-jsdom-abstract/node_modules/jest-mock/build/index.js[2m:305:39[22m[2m[22m
[2m      [2mat ensureStoreMethods ([22m[2mtests/unit/lib/store/enhanced-conversation-memory.store.test.ts[2m:57:15)[22m[2m[22m
[2m      [2mat Object.<anonymous> ([22m[2mtests/unit/lib/store/enhanced-conversation-memory.store.test.ts[2m:82:3)[22m[2m[22m

    [2m[33mconsole.warn[39m[22m
[33m      Store method removeProcessor is not a function or doesn't exist[39m
[2m[22m
[2m    [0m [90m 55 |[39m   [36mfor[39m ([36mconst[39m method [36mof[39m requiredMethods) {[22m
[2m     [90m 56 |[39m     [36mif[39m (store [33m&&[39m [36mtypeof[39m store[method] [33m!==[39m [32m'function'[39m) {[22m
[2m    [31m[1m>[22m[2m[39m[90m 57 |[39m       console[33m.[39mwarn([32m`Store method ${method} is not a function or doesn't exist`[39m)[33m;[39m[22m
[2m     [90m    |[39m               [31m[1m^[22m[2m[39m[22m
[2m     [90m 58 |[39m     }[22m
[2m     [90m 59 |[39m   }[22m
[2m     [90m 60 |[39m }[33m;[39m[0m[22m
[2m[22m
[2m      [2mat [22m[2mnode_modules/@jest/environment-jsdom-abstract/node_modules/jest-mock/build/index.js[2m:305:39[22m[2m[22m
[2m      [2mat ensureStoreMethods ([22m[2mtests/unit/lib/store/enhanced-conversation-memory.store.test.ts[2m:57:15)[22m[2m[22m
[2m      [2mat Object.<anonymous> ([22m[2mtests/unit/lib/store/enhanced-conversation-memory.store.test.ts[2m:82:3)[22m[2m[22m

    [2m[33mconsole.warn[39m[22m
[33m      Store method setDefaultProcessors is not a function or doesn't exist[39m
[2m[22m
[2m    [0m [90m 55 |[39m   [36mfor[39m ([36mconst[39m method [36mof[39m requiredMethods) {[22m
[2m     [90m 56 |[39m     [36mif[39m (store [33m&&[39m [36mtypeof[39m store[method] [33m!==[39m [32m'function'[39m) {[22m
[2m    [31m[1m>[22m[2m[39m[90m 57 |[39m       console[33m.[39mwarn([32m`Store method ${method} is not a function or doesn't exist`[39m)[33m;[39m[22m
[2m     [90m    |[39m               [31m[1m^[22m[2m[39m[22m
[2m     [90m 58 |[39m     }[22m
[2m     [90m 59 |[39m   }[22m
[2m     [90m 60 |[39m }[33m;[39m[0m[22m
[2m[22m
[2m      [2mat [22m[2mnode_modules/@jest/environment-jsdom-abstract/node_modules/jest-mock/build/index.js[2m:305:39[22m[2m[22m
[2m      [2mat ensureStoreMethods ([22m[2mtests/unit/lib/store/enhanced-conversation-memory.store.test.ts[2m:57:15)[22m[2m[22m
[2m      [2mat Object.<anonymous> ([22m[2mtests/unit/lib/store/enhanced-conversation-memory.store.test.ts[2m:82:3)[22m[2m[22m

    [2m[33mconsole.warn[39m[22m
[33m      Store method getMemoryStats is not a function or doesn't exist[39m
[2m[22m
[2m    [0m [90m 55 |[39m   [36mfor[39m ([36mconst[39m method [36mof[39m requiredMethods) {[22m
[2m     [90m 56 |[39m     [36mif[39m (store [33m&&[39m [36mtypeof[39m store[method] [33m!==[39m [32m'function'[39m) {[22m
[2m    [31m[1m>[22m[2m[39m[90m 57 |[39m       console[33m.[39mwarn([32m`Store method ${method} is not a function or doesn't exist`[39m)[33m;[39m[22m
[2m     [90m    |[39m               [31m[1m^[22m[2m[39m[22m
[2m     [90m 58 |[39m     }[22m
[2m     [90m 59 |[39m   }[22m
[2m     [90m 60 |[39m }[33m;[39m[0m[22m
[2m[22m
[2m      [2mat [22m[2mnode_modules/@jest/environment-jsdom-abstract/node_modules/jest-mock/build/index.js[2m:305:39[22m[2m[22m
[2m      [2mat ensureStoreMethods ([22m[2mtests/unit/lib/store/enhanced-conversation-memory.store.test.ts[2m:57:15)[22m[2m[22m
[2m      [2mat Object.<anonymous> ([22m[2mtests/unit/lib/store/enhanced-conversation-memory.store.test.ts[2m:82:3)[22m[2m[22m

    [2m[33mconsole.warn[39m[22m
[33m      Store method enableDbSync is not a function or doesn't exist[39m
[2m[22m
[2m    [0m [90m 55 |[39m   [36mfor[39m ([36mconst[39m method [36mof[39m requiredMethods) {[22m
[2m     [90m 56 |[39m     [36mif[39m (store [33m&&[39m [36mtypeof[39m store[method] [33m!==[39m [32m'function'[39m) {[22m
[2m    [31m[1m>[22m[2m[39m[90m 57 |[39m       console[33m.[39mwarn([32m`Store method ${method} is not a function or doesn't exist`[39m)[33m;[39m[22m
[2m     [90m    |[39m               [31m[1m^[22m[2m[39m[22m
[2m     [90m 58 |[39m     }[22m
[2m     [90m 59 |[39m   }[22m
[2m     [90m 60 |[39m }[33m;[39m[0m[22m
[2m[22m
[2m      [2mat [22m[2mnode_modules/@jest/environment-jsdom-abstract/node_modules/jest-mock/build/index.js[2m:305:39[22m[2m[22m
[2m      [2mat ensureStoreMethods ([22m[2mtests/unit/lib/store/enhanced-conversation-memory.store.test.ts[2m:57:15)[22m[2m[22m
[2m      [2mat Object.<anonymous> ([22m[2mtests/unit/lib/store/enhanced-conversation-memory.store.test.ts[2m:82:3)[22m[2m[22m

    [2m[33mconsole.warn[39m[22m
[33m      Store method disableDbSync is not a function or doesn't exist[39m
[2m[22m
[2m    [0m [90m 55 |[39m   [36mfor[39m ([36mconst[39m method [36mof[39m requiredMethods) {[22m
[2m     [90m 56 |[39m     [36mif[39m (store [33m&&[39m [36mtypeof[39m store[method] [33m!==[39m [32m'function'[39m) {[22m
[2m    [31m[1m>[22m[2m[39m[90m 57 |[39m       console[33m.[39mwarn([32m`Store method ${method} is not a function or doesn't exist`[39m)[33m;[39m[22m
[2m     [90m    |[39m               [31m[1m^[22m[2m[39m[22m
[2m     [90m 58 |[39m     }[22m
[2m     [90m 59 |[39m   }[22m
[2m     [90m 60 |[39m }[33m;[39m[0m[22m
[2m[22m
[2m      [2mat [22m[2mnode_modules/@jest/environment-jsdom-abstract/node_modules/jest-mock/build/index.js[2m:305:39[22m[2m[22m
[2m      [2mat ensureStoreMethods ([22m[2mtests/unit/lib/store/enhanced-conversation-memory.store.test.ts[2m:57:15)[22m[2m[22m
[2m      [2mat Object.<anonymous> ([22m[2mtests/unit/lib/store/enhanced-conversation-memory.store.test.ts[2m:82:3)[22m[2m[22m

    [2m[33mconsole.warn[39m[22m
[33m      Store method syncWithDatabase is not a function or doesn't exist[39m
[2m[22m
[2m    [0m [90m 55 |[39m   [36mfor[39m ([36mconst[39m method [36mof[39m requiredMethods) {[22m
[2m     [90m 56 |[39m     [36mif[39m (store [33m&&[39m [36mtypeof[39m store[method] [33m!==[39m [32m'function'[39m) {[22m
[2m    [31m[1m>[22m[2m[39m[90m 57 |[39m       console[33m.[39mwarn([32m`Store method ${method} is not a function or doesn't exist`[39m)[33m;[39m[22m
[2m     [90m    |[39m               [31m[1m^[22m[2m[39m[22m
[2m     [90m 58 |[39m     }[22m
[2m     [90m 59 |[39m   }[22m
[2m     [90m 60 |[39m }[33m;[39m[0m[22m
[2m[22m
[2m      [2mat [22m[2mnode_modules/@jest/environment-jsdom-abstract/node_modules/jest-mock/build/index.js[2m:305:39[22m[2m[22m
[2m      [2mat ensureStoreMethods ([22m[2mtests/unit/lib/store/enhanced-conversation-memory.store.test.ts[2m:57:15)[22m[2m[22m
[2m      [2mat Object.<anonymous> ([22m[2mtests/unit/lib/store/enhanced-conversation-memory.store.test.ts[2m:82:3)[22m[2m[22m

    [2m[33mconsole.warn[39m[22m
[33m      Store method loadFromDatabase is not a function or doesn't exist[39m
[2m[22m
[2m    [0m [90m 55 |[39m   [36mfor[39m ([36mconst[39m method [36mof[39m requiredMethods) {[22m
[2m     [90m 56 |[39m     [36mif[39m (store [33m&&[39m [36mtypeof[39m store[method] [33m!==[39m [32m'function'[39m) {[22m
[2m    [31m[1m>[22m[2m[39m[90m 57 |[39m       console[33m.[39mwarn([32m`Store method ${method} is not a function or doesn't exist`[39m)[33m;[39m[22m
[2m     [90m    |[39m               [31m[1m^[22m[2m[39m[22m
[2m     [90m 58 |[39m     }[22m
[2m     [90m 59 |[39m   }[22m
[2m     [90m 60 |[39m }[33m;[39m[0m[22m
[2m[22m
[2m      [2mat [22m[2mnode_modules/@jest/environment-jsdom-abstract/node_modules/jest-mock/build/index.js[2m:305:39[22m[2m[22m
[2m      [2mat ensureStoreMethods ([22m[2mtests/unit/lib/store/enhanced-conversation-memory.store.test.ts[2m:57:15)[22m[2m[22m
[2m      [2mat Object.<anonymous> ([22m[2mtests/unit/lib/store/enhanced-conversation-memory.store.test.ts[2m:82:3)[22m[2m[22m

[1m[31m  [1m● [22m[1mEnhancedConversationMemoryStore › Session Management › should create a session with default processors[39m[22m

    TypeError: Cannot read properties of undefined (reading 'sessions')
[2m[22m
[2m    [0m [90m 105 |[39m       [22m
[2m     [90m 106 |[39m       [36mconst[39m state [33m=[39m useEnhancedConversationMemory[33m.[39mgetState()[33m;[39m[22m
[2m    [31m[1m>[22m[2m[39m[90m 107 |[39m       expect(state[33m.[39msessions[sessionId])[33m.[39mtoBeDefined()[33m;[39m[22m
[2m     [90m     |[39m                    [31m[1m^[22m[2m[39m[22m
[2m     [90m 108 |[39m       expect(state[33m.[39msessions[sessionId][33m.[39mprocessors)[33m.[39mtoHaveLength([35m2[39m)[33m;[39m[22m
[2m     [90m 109 |[39m       expect(state[33m.[39mcurrentSessionId)[33m.[39mtoBe(sessionId)[33m;[39m[22m
[2m     [90m 110 |[39m     })[33m;[39m[0m[22m
[2m[22m
[2m      [2mat Object.<anonymous> ([22m[2m[0m[36mtests/unit/lib/store/enhanced-conversation-memory.store.test.ts[39m[0m[2m:107:20)[22m[2m[22m

[1m[31m  [1m● [22m[1mEnhancedConversationMemoryStore › Session Management › should create a session with custom processors[39m[22m

    TypeError: Cannot read properties of undefined (reading 'createSession')
[2m[22m
[2m    [0m [90m 114 |[39m       [36mconst[39m customProcessors [33m=[39m [[36mnew[39m [33mTokenLimiter[39m([35m50000[39m)][33m;[39m[22m
[2m     [90m 115 |[39m       [22m
[2m    [31m[1m>[22m[2m[39m[90m 116 |[39m       [36mconst[39m sessionId [33m=[39m [36mawait[39m store[33m.[39mcreateSession([32m'custom-session'[39m[33m,[39m customProcessors)[33m;[39m[22m
[2m     [90m     |[39m                                     [31m[1m^[22m[2m[39m[22m
[2m     [90m 117 |[39m       [22m
[2m     [90m 118 |[39m       [36mconst[39m state [33m=[39m useEnhancedConversationMemory[33m.[39mgetState()[33m;[39m[22m
[2m     [90m 119 |[39m       expect(state[33m.[39msessions[sessionId])[33m.[39mtoBeDefined()[33m;[39m[0m[22m
[2m[22m
[2m      [2mat Object.<anonymous> ([22m[2m[0m[36mtests/unit/lib/store/enhanced-conversation-memory.store.test.ts[39m[0m[2m:116:37)[22m[2m[22m

[1m[31m  [1m● [22m[1mEnhancedConversationMemoryStore › Session Management › should create session in database when DB is enabled[39m[22m

    TypeError: Cannot read properties of undefined (reading 'createSession')
[2m[22m
[2m    [0m [90m 135 |[39m       [36mconst[39m store [33m=[39m useEnhancedConversationMemory[33m.[39mgetState()[33m;[39m[22m
[2m     [90m 136 |[39m       [22m
[2m    [31m[1m>[22m[2m[39m[90m 137 |[39m       [36mconst[39m sessionId [33m=[39m [36mawait[39m store[33m.[39mcreateSession()[33m;[39m[22m
[2m     [90m     |[39m                                     [31m[1m^[22m[2m[39m[22m
[2m     [90m 138 |[39m       expect([33mChatDatabaseService[39m[33m.[39mcreateSession)[33m.[39mtoHaveBeenCalled()[33m;[39m[22m
[2m     [90m 139 |[39m       expect(prisma[33m.[39mconversationSession[33m.[39mupdate)[33m.[39mtoHaveBeenCalledWith({[22m
[2m     [90m 140 |[39m         where[33m:[39m { id[33m:[39m mockDbSession[33m.[39mid }[33m,[39m[0m[22m
[2m[22m
[2m      [2mat Object.<anonymous> ([22m[2m[0m[36mtests/unit/lib/store/enhanced-conversation-memory.store.test.ts[39m[0m[2m:137:37)[22m[2m[22m

[1m[31m  [1m● [22m[1mEnhancedConversationMemoryStore › Session Management › should fallback to local storage when DB creation fails[39m[22m

    TypeError: Cannot read properties of undefined (reading 'createSession')
[2m[22m
[2m    [0m [90m 151 |[39m       [36mconst[39m store [33m=[39m useEnhancedConversationMemory[33m.[39mgetState()[33m;[39m[22m
[2m     [90m 152 |[39m       [22m
[2m    [31m[1m>[22m[2m[39m[90m 153 |[39m       [36mconst[39m sessionId [33m=[39m [36mawait[39m store[33m.[39mcreateSession()[33m;[39m[22m
[2m     [90m     |[39m                                     [31m[1m^[22m[2m[39m[22m
[2m     [90m 154 |[39m       expect(sessionId)[33m.[39mtoMatch([35m/^session-\d+$/[39m)[33m;[39m[22m
[2m     [90m 155 |[39m       [22m
[2m     [90m 156 |[39m       [36mconst[39m state [33m=[39m useEnhancedConversationMemory[33m.[39mgetState()[33m;[39m[0m[22m
[2m[22m
[2m      [2mat Object.<anonymous> ([22m[2m[0m[36mtests/unit/lib/store/enhanced-conversation-memory.store.test.ts[39m[0m[2m:153:37)[22m[2m[22m

[1m[31m  [1m● [22m[1mEnhancedConversationMemoryStore › Session Management › should clear session messages[39m[22m

    TypeError: Cannot read properties of undefined (reading 'createSession')
[2m[22m
[2m    [0m [90m 165 |[39m       [36mconst[39m store [33m=[39m useEnhancedConversationMemory[33m.[39mgetState()[33m;[39m[22m
[2m     [90m 166 |[39m       [22m
[2m    [31m[1m>[22m[2m[39m[90m 167 |[39m       [36mconst[39m sessionId [33m=[39m [36mawait[39m store[33m.[39mcreateSession()[33m;[39m[22m
[2m     [90m     |[39m                                     [31m[1m^[22m[2m[39m[22m
[2m     [90m 168 |[39m       [36mawait[39m store[33m.[39maddMessage({[22m
[2m     [90m 169 |[39m         sessionId[33m,[39m[22m
[2m     [90m 170 |[39m         role[33m:[39m [32m'user'[39m[33m,[39m[0m[22m
[2m[22m
[2m      [2mat Object.<anonymous> ([22m[2m[0m[36mtests/unit/lib/store/enhanced-conversation-memory.store.test.ts[39m[0m[2m:167:37)[22m[2m[22m

[1m[31m  [1m● [22m[1mEnhancedConversationMemoryStore › Message Management › should add a message to session[39m[22m

    TypeError: Cannot read properties of undefined (reading 'createSession')
[2m[22m
[2m    [0m [90m 185 |[39m       [36mconst[39m store [33m=[39m useEnhancedConversationMemory[33m.[39mgetState()[33m;[39m[22m
[2m     [90m 186 |[39m       [22m
[2m    [31m[1m>[22m[2m[39m[90m 187 |[39m       [36mconst[39m sessionId [33m=[39m [36mawait[39m store[33m.[39mcreateSession()[33m;[39m[22m
[2m     [90m     |[39m                                     [31m[1m^[22m[2m[39m[22m
[2m     [90m 188 |[39m       [36mawait[39m store[33m.[39maddMessage({[22m
[2m     [90m 189 |[39m         sessionId[33m,[39m[22m
[2m     [90m 190 |[39m         role[33m:[39m [32m'user'[39m[33m,[39m[0m[22m
[2m[22m
[2m      [2mat Object.<anonymous> ([22m[2m[0m[36mtests/unit/lib/store/enhanced-conversation-memory.store.test.ts[39m[0m[2m:187:37)[22m[2m[22m

[1m[31m  [1m● [22m[1mEnhancedConversationMemoryStore › Message Management › should estimate token count for messages[39m[22m

    TypeError: Cannot read properties of undefined (reading 'createSession')
[2m[22m
[2m    [0m [90m 204 |[39m       [36mconst[39m store [33m=[39m useEnhancedConversationMemory[33m.[39mgetState()[33m;[39m[22m
[2m     [90m 205 |[39m       [22m
[2m    [31m[1m>[22m[2m[39m[90m 206 |[39m       [36mconst[39m sessionId [33m=[39m [36mawait[39m store[33m.[39mcreateSession()[33m;[39m[22m
[2m     [90m     |[39m                                     [31m[1m^[22m[2m[39m[22m
[2m     [90m 207 |[39m       [36mawait[39m store[33m.[39maddMessage({[22m
[2m     [90m 208 |[39m         sessionId[33m,[39m[22m
[2m     [90m 209 |[39m         role[33m:[39m [32m'user'[39m[33m,[39m[0m[22m
[2m[22m
[2m      [2mat Object.<anonymous> ([22m[2m[0m[36mtests/unit/lib/store/enhanced-conversation-memory.store.test.ts[39m[0m[2m:206:37)[22m[2m[22m

[1m[31m  [1m● [22m[1mEnhancedConversationMemoryStore › Message Management › should archive old messages when exceeding limit[39m[22m

    TypeError: Cannot read properties of undefined (reading 'createSession')
[2m[22m
[2m    [0m [90m 222 |[39m       [36mconst[39m store [33m=[39m useEnhancedConversationMemory[33m.[39mgetState()[33m;[39m[22m
[2m     [90m 223 |[39m       [22m
[2m    [31m[1m>[22m[2m[39m[90m 224 |[39m       [36mconst[39m sessionId [33m=[39m [36mawait[39m store[33m.[39mcreateSession()[33m;[39m[22m
[2m     [90m     |[39m                                     [31m[1m^[22m[2m[39m[22m
[2m     [90m 225 |[39m       [22m
[2m     [90m 226 |[39m       [90m// Add exactly MAX_MESSAGES_IN_MEMORY messages first[39m[22m
[2m     [90m 227 |[39m       [36mfor[39m ([36mlet[39m i [33m=[39m [35m0[39m[33m;[39m i [33m<[39m [33mMAX_MESSAGES_IN_MEMORY[39m[33m;[39m i[33m++[39m) {[0m[22m
[2m[22m
[2m      [2mat Object.<anonymous> ([22m[2m[0m[36mtests/unit/lib/store/enhanced-conversation-memory.store.test.ts[39m[0m[2m:224:37)[22m[2m[22m

[1m[31m  [1m● [22m[1mEnhancedConversationMemoryStore › Message Management › should save message to database when enabled[39m[22m

    TypeError: Cannot read properties of undefined (reading 'createSession')
[2m[22m
[2m    [0m [90m 279 |[39m       [36mconst[39m store [33m=[39m useEnhancedConversationMemory[33m.[39mgetState()[33m;[39m[22m
[2m     [90m 280 |[39m       [22m
[2m    [31m[1m>[22m[2m[39m[90m 281 |[39m       [36mconst[39m sessionId [33m=[39m [36mawait[39m store[33m.[39mcreateSession()[33m;[39m[22m
[2m     [90m     |[39m                                     [31m[1m^[22m[2m[39m[22m
[2m     [90m 282 |[39m       [36mawait[39m store[33m.[39maddMessage({[22m
[2m     [90m 283 |[39m         sessionId[33m,[39m[22m
[2m     [90m 284 |[39m         role[33m:[39m [32m'user'[39m[33m,[39m[0m[22m
[2m[22m
[2m      [2mat Object.<anonymous> ([22m[2m[0m[36mtests/unit/lib/store/enhanced-conversation-memory.store.test.ts[39m[0m[2m:281:37)[22m[2m[22m

[1m[31m  [1m● [22m[1mEnhancedConversationMemoryStore › Message Management › should update message metadata[39m[22m

    TypeError: Cannot read properties of undefined (reading 'createSession')
[2m[22m
[2m    [0m [90m 298 |[39m       [36mconst[39m store [33m=[39m useEnhancedConversationMemory[33m.[39mgetState()[33m;[39m[22m
[2m     [90m 299 |[39m       [22m
[2m    [31m[1m>[22m[2m[39m[90m 300 |[39m       [36mconst[39m sessionId [33m=[39m [36mawait[39m store[33m.[39mcreateSession()[33m;[39m[22m
[2m     [90m     |[39m                                     [31m[1m^[22m[2m[39m[22m
[2m     [90m 301 |[39m       [36mawait[39m store[33m.[39maddMessage({[22m
[2m     [90m 302 |[39m         sessionId[33m,[39m[22m
[2m     [90m 303 |[39m         role[33m:[39m [32m'user'[39m[33m,[39m[0m[22m
[2m[22m
[2m      [2mat Object.<anonymous> ([22m[2m[0m[36mtests/unit/lib/store/enhanced-conversation-memory.store.test.ts[39m[0m[2m:300:37)[22m[2m[22m

[1m[31m  [1m● [22m[1mEnhancedConversationMemoryStore › Message Management › should create session automatically when adding message to non-existent session[39m[22m

    TypeError: Cannot read properties of undefined (reading 'addMessage')
[2m[22m
[2m    [0m [90m 321 |[39m       [36mconst[39m store [33m=[39m useEnhancedConversationMemory[33m.[39mgetState()[33m;[39m[22m
[2m     [90m 322 |[39m       [22m
[2m    [31m[1m>[22m[2m[39m[90m 323 |[39m       [36mawait[39m store[33m.[39maddMessage({[22m
[2m     [90m     |[39m                   [31m[1m^[22m[2m[39m[22m
[2m     [90m 324 |[39m         sessionId[33m:[39m [32m'auto-created-session'[39m[33m,[39m[22m
[2m     [90m 325 |[39m         role[33m:[39m [32m'user'[39m[33m,[39m[22m
[2m     [90m 326 |[39m         content[33m:[39m [32m'Test auto-creation'[39m[33m,[39m[0m[22m
[2m[22m
[2m      [2mat Object.<anonymous> ([22m[2m[0m[36mtests/unit/lib/store/enhanced-conversation-memory.store.test.ts[39m[0m[2m:323:19)[22m[2m[22m

[1m[31m  [1m● [22m[1mEnhancedConversationMemoryStore › Message Management › should handle message metadata with agent ID[39m[22m

    TypeError: Cannot read properties of undefined (reading 'createSession')
[2m[22m
[2m    [0m [90m 339 |[39m       [36mconst[39m store [33m=[39m useEnhancedConversationMemory[33m.[39mgetState()[33m;[39m[22m
[2m     [90m 340 |[39m       [22m
[2m    [31m[1m>[22m[2m[39m[90m 341 |[39m       [36mconst[39m sessionId [33m=[39m [36mawait[39m store[33m.[39mcreateSession()[33m;[39m[22m
[2m     [90m     |[39m                                     [31m[1m^[22m[2m[39m[22m
[2m     [90m 342 |[39m       [36mawait[39m store[33m.[39maddMessage({[22m
[2m     [90m 343 |[39m         sessionId[33m,[39m[22m
[2m     [90m 344 |[39m         role[33m:[39m [32m'assistant'[39m[33m,[39m[0m[22m
[2m[22m
[2m      [2mat Object.<anonymous> ([22m[2m[0m[36mtests/unit/lib/store/enhanced-conversation-memory.store.test.ts[39m[0m[2m:341:37)[22m[2m[22m

[1m[31m  [1m● [22m[1mEnhancedConversationMemoryStore › Message Processing › should apply processors to messages[39m[22m

    TypeError: Cannot read properties of undefined (reading 'createSession')
[2m[22m
[2m    [0m [90m 362 |[39m       [36mconst[39m store [33m=[39m useEnhancedConversationMemory[33m.[39mgetState()[33m;[39m[22m
[2m     [90m 363 |[39m       [22m
[2m    [31m[1m>[22m[2m[39m[90m 364 |[39m       [36mconst[39m sessionId [33m=[39m [36mawait[39m store[33m.[39mcreateSession()[33m;[39m[22m
[2m     [90m     |[39m                                     [31m[1m^[22m[2m[39m[22m
[2m     [90m 365 |[39m       [22m
[2m     [90m 366 |[39m       [90m// Add multiple messages[39m[22m
[2m     [90m 367 |[39m       [36mfor[39m ([36mlet[39m i [33m=[39m [35m0[39m[33m;[39m i [33m<[39m [35m10[39m[33m;[39m i[33m++[39m) {[0m[22m
[2m[22m
[2m      [2mat Object.<anonymous> ([22m[2m[0m[36mtests/unit/lib/store/enhanced-conversation-memory.store.test.ts[39m[0m[2m:364:37)[22m[2m[22m

[1m[31m  [1m● [22m[1mEnhancedConversationMemoryStore › Message Processing › should cache processed messages[39m[22m

    TypeError: Cannot read properties of undefined (reading 'createSession')
[2m[22m
[2m    [0m [90m 387 |[39m       [36mconst[39m store [33m=[39m useEnhancedConversationMemory[33m.[39mgetState()[33m;[39m[22m
[2m     [90m 388 |[39m       [22m
[2m    [31m[1m>[22m[2m[39m[90m 389 |[39m       [36mconst[39m sessionId [33m=[39m [36mawait[39m store[33m.[39mcreateSession()[33m;[39m[22m
[2m     [90m     |[39m                                     [31m[1m^[22m[2m[39m[22m
[2m     [90m 390 |[39m       [22m
[2m     [90m 391 |[39m       [90m// Add messages[39m[22m
[2m     [90m 392 |[39m       [36mfor[39m ([36mlet[39m i [33m=[39m [35m0[39m[33m;[39m i [33m<[39m [35m5[39m[33m;[39m i[33m++[39m) {[0m[22m
[2m[22m
[2m      [2mat Object.<anonymous> ([22m[2m[0m[36mtests/unit/lib/store/enhanced-conversation-memory.store.test.ts[39m[0m[2m:389:37)[22m[2m[22m

[1m[31m  [1m● [22m[1mEnhancedConversationMemoryStore › Message Processing › should invalidate cache when messages change[39m[22m

    TypeError: Cannot read properties of undefined (reading 'createSession')
[2m[22m
[2m    [0m [90m 413 |[39m       [36mconst[39m store [33m=[39m useEnhancedConversationMemory[33m.[39mgetState()[33m;[39m[22m
[2m     [90m 414 |[39m       [22m
[2m    [31m[1m>[22m[2m[39m[90m 415 |[39m       [36mconst[39m sessionId [33m=[39m [36mawait[39m store[33m.[39mcreateSession()[33m;[39m[22m
[2m     [90m     |[39m                                     [31m[1m^[22m[2m[39m[22m
[2m     [90m 416 |[39m       [22m
[2m     [90m 417 |[39m       [36mawait[39m store[33m.[39maddMessage({[22m
[2m     [90m 418 |[39m         sessionId[33m,[39m[0m[22m
[2m[22m
[2m      [2mat Object.<anonymous> ([22m[2m[0m[36mtests/unit/lib/store/enhanced-conversation-memory.store.test.ts[39m[0m[2m:415:37)[22m[2m[22m

[1m[31m  [1m● [22m[1mEnhancedConversationMemoryStore › Message Processing › should get session context with summary[39m[22m

    TypeError: Cannot read properties of undefined (reading 'createSession')
[2m[22m
[2m    [0m [90m 440 |[39m       [36mconst[39m store [33m=[39m useEnhancedConversationMemory[33m.[39mgetState()[33m;[39m[22m
[2m     [90m 441 |[39m       [22m
[2m    [31m[1m>[22m[2m[39m[90m 442 |[39m       [36mconst[39m sessionId [33m=[39m [36mawait[39m store[33m.[39mcreateSession()[33m;[39m[22m
[2m     [90m     |[39m                                     [31m[1m^[22m[2m[39m[22m
[2m     [90m 443 |[39m       [22m
[2m     [90m 444 |[39m       [90m// Add messages[39m[22m
[2m     [90m 445 |[39m       [36mawait[39m store[33m.[39maddMessage({[0m[22m
[2m[22m
[2m      [2mat Object.<anonymous> ([22m[2m[0m[36mtests/unit/lib/store/enhanced-conversation-memory.store.test.ts[39m[0m[2m:442:37)[22m[2m[22m

[1m[31m  [1m● [22m[1mEnhancedConversationMemoryStore › Processor Management › should add and remove processors[39m[22m

    TypeError: Cannot read properties of undefined (reading 'createSession')
[2m[22m
[2m    [0m [90m 468 |[39m       [36mconst[39m store [33m=[39m useEnhancedConversationMemory[33m.[39mgetState()[33m;[39m[22m
[2m     [90m 469 |[39m       [22m
[2m    [31m[1m>[22m[2m[39m[90m 470 |[39m       [36mconst[39m sessionId [33m=[39m [36mawait[39m store[33m.[39mcreateSession()[33m;[39m[22m
[2m     [90m     |[39m                                     [31m[1m^[22m[2m[39m[22m
[2m     [90m 471 |[39m       [36mlet[39m state [33m=[39m useEnhancedConversationMemory[33m.[39mgetState()[33m;[39m[22m
[2m     [90m 472 |[39m       [36mconst[39m session [33m=[39m state[33m.[39msessions[sessionId][33m;[39m[22m
[2m     [90m 473 |[39m       [0m[22m
[2m[22m
[2m      [2mat Object.<anonymous> ([22m[2m[0m[36mtests/unit/lib/store/enhanced-conversation-memory.store.test.ts[39m[0m[2m:470:37)[22m[2m[22m

[1m[31m  [1m● [22m[1mEnhancedConversationMemoryStore › Processor Management › should update default processors[39m[22m

    TypeError: Cannot read properties of undefined (reading 'setDefaultProcessors')
[2m[22m
[2m    [0m [90m 491 |[39m       [22m
[2m     [90m 492 |[39m       [36mconst[39m newProcessors [33m=[39m [[36mnew[39m [33mTokenLimiter[39m([35m5000[39m)[33m,[39m [36mnew[39m [33mToolCallFilter[39m()][33m;[39m[22m
[2m    [31m[1m>[22m[2m[39m[90m 493 |[39m       store[33m.[39msetDefaultProcessors(newProcessors)[33m;[39m[22m
[2m     [90m     |[39m             [31m[1m^[22m[2m[39m[22m
[2m     [90m 494 |[39m       [22m
[2m     [90m 495 |[39m       [36mconst[39m sessionId [33m=[39m [36mawait[39m store[33m.[39mcreateSession()[33m;[39m[22m
[2m     [90m 496 |[39m       [36mconst[39m state [33m=[39m useEnhancedConversationMemory[33m.[39mgetState()[33m;[39m[0m[22m
[2m[22m
[2m      [2mat Object.<anonymous> ([22m[2m[0m[36mtests/unit/lib/store/enhanced-conversation-memory.store.test.ts[39m[0m[2m:493:13)[22m[2m[22m

[1m[31m  [1m● [22m[1mEnhancedConversationMemoryStore › Processor Management › should get memory statistics[39m[22m

    TypeError: Cannot read properties of undefined (reading 'createSession')
[2m[22m
[2m    [0m [90m 502 |[39m       [36mconst[39m store [33m=[39m useEnhancedConversationMemory[33m.[39mgetState()[33m;[39m[22m
[2m     [90m 503 |[39m       [22m
[2m    [31m[1m>[22m[2m[39m[90m 504 |[39m       [36mconst[39m sessionId [33m=[39m [36mawait[39m store[33m.[39mcreateSession()[33m;[39m[22m
[2m     [90m     |[39m                                     [31m[1m^[22m[2m[39m[22m
[2m     [90m 505 |[39m       [22m
[2m     [90m 506 |[39m       [90m// Add messages[39m[22m
[2m     [90m 507 |[39m       [36mfor[39m ([36mlet[39m i [33m=[39m [35m0[39m[33m;[39m i [33m<[39m [35m5[39m[33m;[39m i[33m++[39m) {[0m[22m
[2m[22m
[2m      [2mat Object.<anonymous> ([22m[2m[0m[36mtests/unit/lib/store/enhanced-conversation-memory.store.test.ts[39m[0m[2m:504:37)[22m[2m[22m

[1m[31m  [1m● [22m[1mEnhancedConversationMemoryStore › Search and Filter › should search messages by content[39m[22m

    TypeError: Cannot read properties of undefined (reading 'createSession')
[2m[22m
[2m    [0m [90m 525 |[39m       [36mconst[39m store [33m=[39m useEnhancedConversationMemory[33m.[39mgetState()[33m;[39m[22m
[2m     [90m 526 |[39m       [22m
[2m    [31m[1m>[22m[2m[39m[90m 527 |[39m       [36mconst[39m sessionId [33m=[39m [36mawait[39m store[33m.[39mcreateSession()[33m;[39m[22m
[2m     [90m     |[39m                                     [31m[1m^[22m[2m[39m[22m
[2m     [90m 528 |[39m       [22m
[2m     [90m 529 |[39m       [36mawait[39m store[33m.[39maddMessage({[22m
[2m     [90m 530 |[39m         sessionId[33m,[39m[0m[22m
[2m[22m
[2m      [2mat Object.<anonymous> ([22m[2m[0m[36mtests/unit/lib/store/enhanced-conversation-memory.store.test.ts[39m[0m[2m:527:37)[22m[2m[22m

[1m[31m  [1m● [22m[1mEnhancedConversationMemoryStore › Search and Filter › should search messages by metadata[39m[22m

    TypeError: Cannot read properties of undefined (reading 'createSession')
[2m[22m
[2m    [0m [90m 551 |[39m       [36mconst[39m store [33m=[39m useEnhancedConversationMemory[33m.[39mgetState()[33m;[39m[22m
[2m     [90m 552 |[39m       [22m
[2m    [31m[1m>[22m[2m[39m[90m 553 |[39m       [36mconst[39m sessionId [33m=[39m [36mawait[39m store[33m.[39mcreateSession()[33m;[39m[22m
[2m     [90m     |[39m                                     [31m[1m^[22m[2m[39m[22m
[2m     [90m 554 |[39m       [22m
[2m     [90m 555 |[39m       [36mawait[39m store[33m.[39maddMessage({[22m
[2m     [90m 556 |[39m         sessionId[33m,[39m[0m[22m
[2m[22m
[2m      [2mat Object.<anonymous> ([22m[2m[0m[36mtests/unit/lib/store/enhanced-conversation-memory.store.test.ts[39m[0m[2m:553:37)[22m[2m[22m

[1m[31m  [1m● [22m[1mEnhancedConversationMemoryStore › Search and Filter › should search across multiple sessions[39m[22m

    TypeError: Cannot read properties of undefined (reading 'disableDbSync')
[2m[22m
[2m    [0m [90m 580 |[39m       [22m
[2m     [90m 581 |[39m       [90m// Disable DB to ensure messages stay in memory[39m[22m
[2m    [31m[1m>[22m[2m[39m[90m 582 |[39m       store[33m.[39mdisableDbSync()[33m;[39m[22m
[2m     [90m     |[39m             [31m[1m^[22m[2m[39m[22m
[2m     [90m 583 |[39m       [22m
[2m     [90m 584 |[39m       [90m// Create multiple sessions with different topics[39m[22m
[2m     [90m 585 |[39m       [36mconst[39m session1 [33m=[39m [36mawait[39m store[33m.[39mcreateSession([32m'search-session-1'[39m)[33m;[39m[0m[22m
[2m[22m
[2m      [2mat Object.<anonymous> ([22m[2m[0m[36mtests/unit/lib/store/enhanced-conversation-memory.store.test.ts[39m[0m[2m:582:13)[22m[2m[22m

[1m[31m  [1m● [22m[1mEnhancedConversationMemoryStore › Database Sync › should enable database sync[39m[22m

    TypeError: Cannot read properties of undefined (reading 'disableDbSync')
[2m[22m
[2m    [0m [90m 639 |[39m       [36mconst[39m store [33m=[39m useEnhancedConversationMemory[33m.[39mgetState()[33m;[39m[22m
[2m     [90m 640 |[39m       [22m
[2m    [31m[1m>[22m[2m[39m[90m 641 |[39m       store[33m.[39mdisableDbSync()[33m;[39m[22m
[2m     [90m     |[39m             [31m[1m^[22m[2m[39m[22m
[2m     [90m 642 |[39m       [36mconst[39m state1 [33m=[39m useEnhancedConversationMemory[33m.[39mgetState()[33m;[39m[22m
[2m     [90m 643 |[39m       expect(state1[33m.[39misDbEnabled)[33m.[39mtoBe([36mfalse[39m)[33m;[39m[22m
[2m     [90m 644 |[39m       [0m[22m
[2m[22m
[2m      [2mat Object.<anonymous> ([22m[2m[0m[36mtests/unit/lib/store/enhanced-conversation-memory.store.test.ts[39m[0m[2m:641:13)[22m[2m[22m

[1m[31m  [1m● [22m[1mEnhancedConversationMemoryStore › Database Sync › should enable DB sync and migrate existing sessions[39m[22m

    TypeError: Cannot read properties of undefined (reading 'disableDbSync')
[2m[22m
[2m    [0m [90m 660 |[39m       [22m
[2m     [90m 661 |[39m       [90m// Disable DB sync initially[39m[22m
[2m    [31m[1m>[22m[2m[39m[90m 662 |[39m       store[33m.[39mdisableDbSync()[33m;[39m[22m
[2m     [90m     |[39m             [31m[1m^[22m[2m[39m[22m
[2m     [90m 663 |[39m       [22m
[2m     [90m 664 |[39m       [90m// Create session and add messages[39m[22m
[2m     [90m 665 |[39m       [36mconst[39m sessionId [33m=[39m [36mawait[39m store[33m.[39mcreateSession()[33m;[39m[0m[22m
[2m[22m
[2m      [2mat Object.<anonymous> ([22m[2m[0m[36mtests/unit/lib/store/enhanced-conversation-memory.store.test.ts[39m[0m[2m:662:13)[22m[2m[22m

[1m[31m  [1m● [22m[1mEnhancedConversationMemoryStore › Database Sync › should handle errors during DB sync migration[39m[22m

    TypeError: Cannot read properties of undefined (reading 'disableDbSync')
[2m[22m
[2m    [0m [90m 683 |[39m       [36mconst[39m store [33m=[39m useEnhancedConversationMemory[33m.[39mgetState()[33m;[39m[22m
[2m     [90m 684 |[39m       [22m
[2m    [31m[1m>[22m[2m[39m[90m 685 |[39m       store[33m.[39mdisableDbSync()[33m;[39m[22m
[2m     [90m     |[39m             [31m[1m^[22m[2m[39m[22m
[2m     [90m 686 |[39m       [36mconst[39m sessionId [33m=[39m [36mawait[39m store[33m.[39mcreateSession()[33m;[39m[22m
[2m     [90m 687 |[39m       [36mawait[39m store[33m.[39maddMessage({[22m
[2m     [90m 688 |[39m         sessionId[33m,[39m[0m[22m
[2m[22m
[2m      [2mat Object.<anonymous> ([22m[2m[0m[36mtests/unit/lib/store/enhanced-conversation-memory.store.test.ts[39m[0m[2m:685:13)[22m[2m[22m

[1m[31m  [1m● [22m[1mEnhancedConversationMemoryStore › Database Sync › should sync with database[39m[22m

    TypeError: Cannot read properties of undefined (reading 'createSession')
[2m[22m
[2m    [0m [90m 713 |[39m       [36mconst[39m store [33m=[39m useEnhancedConversationMemory[33m.[39mgetState()[33m;[39m[22m
[2m     [90m 714 |[39m       [22m
[2m    [31m[1m>[22m[2m[39m[90m 715 |[39m       [36mconst[39m sessionId [33m=[39m [36mawait[39m store[33m.[39mcreateSession()[33m;[39m[22m
[2m     [90m     |[39m                                     [31m[1m^[22m[2m[39m[22m
[2m     [90m 716 |[39m       [36mawait[39m store[33m.[39maddMessage({[22m
[2m     [90m 717 |[39m         sessionId[33m,[39m[22m
[2m     [90m 718 |[39m         role[33m:[39m [32m'user'[39m[33m,[39m[0m[22m
[2m[22m
[2m      [2mat Object.<anonymous> ([22m[2m[0m[36mtests/unit/lib/store/enhanced-conversation-memory.store.test.ts[39m[0m[2m:715:37)[22m[2m[22m

[1m[31m  [1m● [22m[1mEnhancedConversationMemoryStore › Database Sync › should handle sync failures gracefully[39m[22m

    TypeError: Cannot read properties of undefined (reading 'createSession')
[2m[22m
[2m    [0m [90m 732 |[39m       [36mconst[39m store [33m=[39m useEnhancedConversationMemory[33m.[39mgetState()[33m;[39m[22m
[2m     [90m 733 |[39m       [22m
[2m    [31m[1m>[22m[2m[39m[90m 734 |[39m       [36mconst[39m sessionId [33m=[39m [36mawait[39m store[33m.[39mcreateSession()[33m;[39m[22m
[2m     [90m     |[39m                                     [31m[1m^[22m[2m[39m[22m
[2m     [90m 735 |[39m       [36mawait[39m store[33m.[39msyncWithDatabase()[33m;[39m[22m
[2m     [90m 736 |[39m       [22m
[2m     [90m 737 |[39m       expect(logger[33m.[39merror)[33m.[39mtoHaveBeenCalledWith([0m[22m
[2m[22m
[2m      [2mat Object.<anonymous> ([22m[2m[0m[36mtests/unit/lib/store/enhanced-conversation-memory.store.test.ts[39m[0m[2m:734:37)[22m[2m[22m

[1m[31m  [1m● [22m[1mEnhancedConversationMemoryStore › Database Sync › should load sessions from database[39m[22m

    TypeError: Cannot read properties of undefined (reading 'loadFromDatabase')
[2m[22m
[2m    [0m [90m 766 |[39m       [36mconst[39m store [33m=[39m useEnhancedConversationMemory[33m.[39mgetState()[33m;[39m[22m
[2m     [90m 767 |[39m       [22m
[2m    [31m[1m>[22m[2m[39m[90m 768 |[39m       [36mawait[39m store[33m.[39mloadFromDatabase()[33m;[39m[22m
[2m     [90m     |[39m                   [31m[1m^[22m[2m[39m[22m
[2m     [90m 769 |[39m       [22m
[2m     [90m 770 |[39m       [36mconst[39m state [33m=[39m useEnhancedConversationMemory[33m.[39mgetState()[33m;[39m[22m
[2m     [90m 771 |[39m       expect(state[33m.[39msessions[[32m'db-session-1'[39m])[33m.[39mtoBeDefined()[33m;[39m[0m[22m
[2m[22m
[2m      [2mat Object.<anonymous> ([22m[2m[0m[36mtests/unit/lib/store/enhanced-conversation-memory.store.test.ts[39m[0m[2m:768:19)[22m[2m[22m

[1m[31m  [1m● [22m[1mEnhancedConversationMemoryStore › Database Sync › should load sessions with processor metadata[39m[22m

    TypeError: Cannot read properties of undefined (reading 'loadFromDatabase')
[2m[22m
[2m    [0m [90m 797 |[39m       [36mconst[39m store [33m=[39m useEnhancedConversationMemory[33m.[39mgetState()[33m;[39m[22m
[2m     [90m 798 |[39m       [22m
[2m    [31m[1m>[22m[2m[39m[90m 799 |[39m       [36mawait[39m store[33m.[39mloadFromDatabase()[33m;[39m[22m
[2m     [90m     |[39m                   [31m[1m^[22m[2m[39m[22m
[2m     [90m 800 |[39m       [22m
[2m     [90m 801 |[39m       [36mconst[39m state [33m=[39m useEnhancedConversationMemory[33m.[39mgetState()[33m;[39m[22m
[2m     [90m 802 |[39m       [36mconst[39m session [33m=[39m state[33m.[39msessions[[32m'db-session-2'[39m][33m;[39m[0m[22m
[2m[22m
[2m      [2mat Object.<anonymous> ([22m[2m[0m[36mtests/unit/lib/store/enhanced-conversation-memory.store.test.ts[39m[0m[2m:799:19)[22m[2m[22m

[1m[31m  [1m● [22m[1mEnhancedConversationMemoryStore › Database Sync › should skip loading when DB is disabled[39m[22m

    TypeError: Cannot read properties of undefined (reading 'disableDbSync')
[2m[22m
[2m    [0m [90m 809 |[39m       [36mconst[39m store [33m=[39m useEnhancedConversationMemory[33m.[39mgetState()[33m;[39m[22m
[2m     [90m 810 |[39m       [22m
[2m    [31m[1m>[22m[2m[39m[90m 811 |[39m       store[33m.[39mdisableDbSync()[33m;[39m[22m
[2m     [90m     |[39m             [31m[1m^[22m[2m[39m[22m
[2m     [90m 812 |[39m       [36mawait[39m store[33m.[39mloadFromDatabase()[33m;[39m[22m
[2m     [90m 813 |[39m       [22m
[2m     [90m 814 |[39m       expect([33mChatDatabaseService[39m[33m.[39mgetUserSessions)[33m.[39mnot[33m.[39mtoHaveBeenCalled()[33m;[39m[0m[22m
[2m[22m
[2m      [2mat Object.<anonymous> ([22m[2m[0m[36mtests/unit/lib/store/enhanced-conversation-memory.store.test.ts[39m[0m[2m:811:13)[22m[2m[22m

[1m[31m  [1m● [22m[1mEnhancedConversationMemoryStore › Database Sync › should handle database errors gracefully[39m[22m

    TypeError: Cannot read properties of undefined (reading 'loadFromDatabase')
[2m[22m
[2m    [0m [90m 820 |[39m       [36mconst[39m store [33m=[39m useEnhancedConversationMemory[33m.[39mgetState()[33m;[39m[22m
[2m     [90m 821 |[39m       [22m
[2m    [31m[1m>[22m[2m[39m[90m 822 |[39m       [36mawait[39m store[33m.[39mloadFromDatabase()[33m;[39m[22m
[2m     [90m     |[39m                   [31m[1m^[22m[2m[39m[22m
[2m     [90m 823 |[39m       [22m
[2m     [90m 824 |[39m       expect(logger[33m.[39merror)[33m.[39mtoHaveBeenCalledWith([22m
[2m     [90m 825 |[39m         [32m'[EnhancedConversationMemory] Failed to load from database'[39m[33m,[39m[0m[22m
[2m[22m
[2m      [2mat Object.<anonymous> ([22m[2m[0m[36mtests/unit/lib/store/enhanced-conversation-memory.store.test.ts[39m[0m[2m:822:19)[22m[2m[22m

[1m[31m  [1m● [22m[1mEnhancedConversationMemoryStore › Archive Functions › should archive old messages[39m[22m

    TypeError: Cannot read properties of undefined (reading 'createSession')
[2m[22m
[2m    [0m [90m 833 |[39m       [36mconst[39m store [33m=[39m useEnhancedConversationMemory[33m.[39mgetState()[33m;[39m[22m
[2m     [90m 834 |[39m       [22m
[2m    [31m[1m>[22m[2m[39m[90m 835 |[39m       [36mconst[39m sessionId [33m=[39m [36mawait[39m store[33m.[39mcreateSession()[33m;[39m[22m
[2m     [90m     |[39m                                     [31m[1m^[22m[2m[39m[22m
[2m     [90m 836 |[39m       [22m
[2m     [90m 837 |[39m       [90m// Add many messages[39m[22m
[2m     [90m 838 |[39m       [36mfor[39m ([36mlet[39m i [33m=[39m [35m0[39m[33m;[39m i [33m<[39m [33mMAX_MESSAGES_IN_MEMORY[39m [33m+[39m [35m10[39m[33m;[39m i[33m++[39m) {[0m[22m
[2m[22m
[2m      [2mat Object.<anonymous> ([22m[2m[0m[36mtests/unit/lib/store/enhanced-conversation-memory.store.test.ts[39m[0m[2m:835:37)[22m[2m[22m

[1m[31m  [1m● [22m[1mEnhancedConversationMemoryStore › Archive Functions › should not archive when messages are within limit[39m[22m

    TypeError: Cannot read properties of undefined (reading 'createSession')
[2m[22m
[2m    [0m [90m 855 |[39m       [36mconst[39m store [33m=[39m useEnhancedConversationMemory[33m.[39mgetState()[33m;[39m[22m
[2m     [90m 856 |[39m       [22m
[2m    [31m[1m>[22m[2m[39m[90m 857 |[39m       [36mconst[39m sessionId [33m=[39m [36mawait[39m store[33m.[39mcreateSession()[33m;[39m[22m
[2m     [90m     |[39m                                     [31m[1m^[22m[2m[39m[22m
[2m     [90m 858 |[39m       [22m
[2m     [90m 859 |[39m       [90m// Add messages within limit[39m[22m
[2m     [90m 860 |[39m       [36mfor[39m ([36mlet[39m i [33m=[39m [35m0[39m[33m;[39m i [33m<[39m [35m5[39m[33m;[39m i[33m++[39m) {[0m[22m
[2m[22m
[2m      [2mat Object.<anonymous> ([22m[2m[0m[36mtests/unit/lib/store/enhanced-conversation-memory.store.test.ts[39m[0m[2m:857:37)[22m[2m[22m

[1m[31m  [1m● [22m[1mEnhancedConversationMemoryStore › Archive Functions › should retrieve archived messages from database[39m[22m

    TypeError: Cannot read properties of undefined (reading 'getArchivedMessages')
[2m[22m
[2m    [0m [90m 895 |[39m       [36mconst[39m store [33m=[39m useEnhancedConversationMemory[33m.[39mgetState()[33m;[39m[22m
[2m     [90m 896 |[39m       [22m
[2m    [31m[1m>[22m[2m[39m[90m 897 |[39m       [36mconst[39m messages [33m=[39m [36mawait[39m store[33m.[39mgetArchivedMessages[33m![39m([32m'test-session'[39m)[33m;[39m[22m
[2m     [90m     |[39m                                    [31m[1m^[22m[2m[39m[22m
[2m     [90m 898 |[39m       expect(messages)[33m.[39mtoHaveLength([35m2[39m)[33m;[39m[22m
[2m     [90m 899 |[39m       expect(messages[[35m0[39m][33m.[39mcontent)[33m.[39mtoBe([32m'Archived message 1'[39m)[33m;[39m[22m
[2m     [90m 900 |[39m     })[33m;[39m[0m[22m
[2m[22m
[2m      [2mat Object.<anonymous> ([22m[2m[0m[36mtests/unit/lib/store/enhanced-conversation-memory.store.test.ts[39m[0m[2m:897:36)[22m[2m[22m

[1m[31m  [1m● [22m[1mEnhancedConversationMemoryStore › Archive Functions › should fallback to memory when DB is disabled[39m[22m

    TypeError: Cannot read properties of undefined (reading 'disableDbSync')
[2m[22m
[2m    [0m [90m 903 |[39m       [36mconst[39m store [33m=[39m useEnhancedConversationMemory[33m.[39mgetState()[33m;[39m[22m
[2m     [90m 904 |[39m       [22m
[2m    [31m[1m>[22m[2m[39m[90m 905 |[39m       store[33m.[39mdisableDbSync()[33m;[39m[22m
[2m     [90m     |[39m             [31m[1m^[22m[2m[39m[22m
[2m     [90m 906 |[39m       [22m
[2m     [90m 907 |[39m       [36mconst[39m sessionId [33m=[39m [36mawait[39m store[33m.[39mcreateSession()[33m;[39m[22m
[2m     [90m 908 |[39m       [36mawait[39m store[33m.[39maddMessage({[0m[22m
[2m[22m
[2m      [2mat Object.<anonymous> ([22m[2m[0m[36mtests/unit/lib/store/enhanced-conversation-memory.store.test.ts[39m[0m[2m:905:13)[22m[2m[22m

[1m[31m  [1m● [22m[1mEnhancedConversationMemoryStore › Archive Functions › should handle DB error and fallback to memory cache[39m[22m

    TypeError: Cannot read properties of undefined (reading 'createSession')
[2m[22m
[2m    [0m [90m 922 |[39m       [36mconst[39m store [33m=[39m useEnhancedConversationMemory[33m.[39mgetState()[33m;[39m[22m
[2m     [90m 923 |[39m       [22m
[2m    [31m[1m>[22m[2m[39m[90m 924 |[39m       [36mconst[39m sessionId [33m=[39m [36mawait[39m store[33m.[39mcreateSession()[33m;[39m[22m
[2m     [90m     |[39m                                     [31m[1m^[22m[2m[39m[22m
[2m     [90m 925 |[39m       [36mawait[39m store[33m.[39maddMessage({[22m
[2m     [90m 926 |[39m         sessionId[33m,[39m[22m
[2m     [90m 927 |[39m         role[33m:[39m [32m'user'[39m[33m,[39m[0m[22m
[2m[22m
[2m      [2mat Object.<anonymous> ([22m[2m[0m[36mtests/unit/lib/store/enhanced-conversation-memory.store.test.ts[39m[0m[2m:924:37)[22m[2m[22m

[1m[31m  [1m● [22m[1mEnhancedConversationMemoryStore › Archive Functions › should throw error in production when DB fails with no cache[39m[22m

    TypeError: Cannot read properties of undefined (reading 'getArchivedMessages')
[2m[22m
[2m    [0m [90m 944 |[39m       [36mconst[39m store [33m=[39m useEnhancedConversationMemory[33m.[39mgetState()[33m;[39m[22m
[2m     [90m 945 |[39m       [22m
[2m    [31m[1m>[22m[2m[39m[90m 946 |[39m       [36mawait[39m expect(store[33m.[39mgetArchivedMessages[33m![39m([32m'no-session'[39m))[33m.[39mrejects[33m.[39mtoThrow([22m
[2m     [90m     |[39m                          [31m[1m^[22m[2m[39m[22m
[2m     [90m 947 |[39m         [32m'Failed to retrieve archived messages'[39m[22m
[2m     [90m 948 |[39m       )[33m;[39m[22m
[2m     [90m 949 |[39m       [0m[22m
[2m[22m
[2m      [2mat Object.<anonymous> ([22m[2m[0m[36mtests/unit/lib/store/enhanced-conversation-memory.store.test.ts[39m[0m[2m:946:26)[22m[2m[22m

[1m[31m  [1m● [22m[1mEnhancedConversationMemoryStore › Utility Functions › should create enhanced session with custom options[39m[22m

    TypeError: Cannot read properties of undefined (reading 'createSession')
[2m[22m
[2m    [0m [90m 940 |[39m   }[22m
[2m     [90m 941 |[39m   [22m
[2m    [31m[1m>[22m[2m[39m[90m 942 |[39m   [36mreturn[39m useEnhancedConversationMemory[33m.[39mgetState()[33m.[39mcreateSession(sessionId[33m,[39m processors)[33m;[39m[22m
[2m     [90m     |[39m                                                  [31m[1m^[22m[2m[39m[22m
[2m     [90m 943 |[39m }[22m
[2m     [90m 944 |[39m[22m
[2m     [90m 945 |[39m [36mexport[39m [36mfunction[39m addToolCallMessage([0m[22m
[2m[22m
[2m      [2mat createEnhancedSession ([22m[2mlib/store/enhanced-conversation-memory.store.ts[2m:942:50)[22m[2m[22m
[2m      [2mat Object.<anonymous> ([22m[2m[0m[36mtests/unit/lib/store/enhanced-conversation-memory.store.test.ts[39m[0m[2m:964:52)[22m[2m[22m

[1m[31m  [1m● [22m[1mEnhancedConversationMemoryStore › Utility Functions › should create enhanced session with default processors when no options[39m[22m

    TypeError: Cannot read properties of undefined (reading 'createSession')
[2m[22m
[2m    [0m [90m 940 |[39m   }[22m
[2m     [90m 941 |[39m   [22m
[2m    [31m[1m>[22m[2m[39m[90m 942 |[39m   [36mreturn[39m useEnhancedConversationMemory[33m.[39mgetState()[33m.[39mcreateSession(sessionId[33m,[39m processors)[33m;[39m[22m
[2m     [90m     |[39m                                                  [31m[1m^[22m[2m[39m[22m
[2m     [90m 943 |[39m }[22m
[2m     [90m 944 |[39m[22m
[2m     [90m 945 |[39m [36mexport[39m [36mfunction[39m addToolCallMessage([0m[22m
[2m[22m
[2m      [2mat createEnhancedSession ([22m[2mlib/store/enhanced-conversation-memory.store.ts[2m:942:50)[22m[2m[22m
[2m      [2mat Object.<anonymous> ([22m[2m[0m[36mtests/unit/lib/store/enhanced-conversation-memory.store.test.ts[39m[0m[2m:979:52)[22m[2m[22m

[1m[31m  [1m● [22m[1mEnhancedConversationMemoryStore › Utility Functions › should create enhanced session with only token limiter[39m[22m

    TypeError: Cannot read properties of undefined (reading 'createSession')
[2m[22m
[2m    [0m [90m 940 |[39m   }[22m
[2m     [90m 941 |[39m   [22m
[2m    [31m[1m>[22m[2m[39m[90m 942 |[39m   [36mreturn[39m useEnhancedConversationMemory[33m.[39mgetState()[33m.[39mcreateSession(sessionId[33m,[39m processors)[33m;[39m[22m
[2m     [90m     |[39m                                                  [31m[1m^[22m[2m[39m[22m
[2m     [90m 943 |[39m }[22m
[2m     [90m 944 |[39m[22m
[2m     [90m 945 |[39m [36mexport[39m [36mfunction[39m addToolCallMessage([0m[22m
[2m[22m
[2m      [2mat createEnhancedSession ([22m[2mlib/store/enhanced-conversation-memory.store.ts[2m:942:50)[22m[2m[22m
[2m      [2mat Object.<anonymous> ([22m[2m[0m[36mtests/unit/lib/store/enhanced-conversation-memory.store.test.ts[39m[0m[2m:990:52)[22m[2m[22m

[1m[31m  [1m● [22m[1mEnhancedConversationMemoryStore › Utility Functions › should add tool call message[39m[22m

    TypeError: Cannot read properties of undefined (reading 'createSession')
[2m[22m
[2m    [0m [90m 1002 |[39m       [36mconst[39m store [33m=[39m useEnhancedConversationMemory[33m.[39mgetState()[33m;[39m[22m
[2m     [90m 1003 |[39m       [22m
[2m    [31m[1m>[22m[2m[39m[90m 1004 |[39m       [36mconst[39m sessionId [33m=[39m [36mawait[39m store[33m.[39mcreateSession()[33m;[39m[22m
[2m     [90m      |[39m                                     [31m[1m^[22m[2m[39m[22m
[2m     [90m 1005 |[39m       [22m
[2m     [90m 1006 |[39m       [36mawait[39m addToolCallMessage([22m
[2m     [90m 1007 |[39m         sessionId[33m,[39m[0m[22m
[2m[22m
[2m      [2mat Object.<anonymous> ([22m[2m[0m[36mtests/unit/lib/store/enhanced-conversation-memory.store.test.ts[39m[0m[2m:1004:37)[22m[2m[22m

[1m[31m  [1m● [22m[1mEnhancedConversationMemoryStore › Edge Cases and Error Handling › should handle non-existent session gracefully[39m[22m

    TypeError: Cannot read properties of undefined (reading 'getProcessedMessages')
[2m[22m
[2m    [0m [90m 1024 |[39m       [36mconst[39m store [33m=[39m useEnhancedConversationMemory[33m.[39mgetState()[33m;[39m[22m
[2m     [90m 1025 |[39m       [22m
[2m    [31m[1m>[22m[2m[39m[90m 1026 |[39m       [36mconst[39m messages [33m=[39m store[33m.[39mgetProcessedMessages([32m'non-existent'[39m)[33m;[39m[22m
[2m     [90m      |[39m                              [31m[1m^[22m[2m[39m[22m
[2m     [90m 1027 |[39m       expect(messages)[33m.[39mtoEqual([])[33m;[39m[22m
[2m     [90m 1028 |[39m       [22m
[2m     [90m 1029 |[39m       [36mconst[39m context [33m=[39m store[33m.[39mgetSessionContext([32m'non-existent'[39m)[33m;[39m[0m[22m
[2m[22m
[2m      [2mat Object.<anonymous> ([22m[2m[0m[36mtests/unit/lib/store/enhanced-conversation-memory.store.test.ts[39m[0m[2m:1026:30)[22m[2m[22m

[1m[31m  [1m● [22m[1mEnhancedConversationMemoryStore › Edge Cases and Error Handling › should handle invalid processor gracefully[39m[22m

    TypeError: Cannot read properties of undefined (reading 'createSession')
[2m[22m
[2m    [0m [90m 1037 |[39m       [36mconst[39m store [33m=[39m useEnhancedConversationMemory[33m.[39mgetState()[33m;[39m[22m
[2m     [90m 1038 |[39m       [22m
[2m    [31m[1m>[22m[2m[39m[90m 1039 |[39m       [36mconst[39m sessionId [33m=[39m [36mawait[39m store[33m.[39mcreateSession()[33m;[39m[22m
[2m     [90m      |[39m                                     [31m[1m^[22m[2m[39m[22m
[2m     [90m 1040 |[39m       [22m
[2m     [90m 1041 |[39m       [90m// Add a processor that throws[39m[22m
[2m     [90m 1042 |[39m       [36mconst[39m faultyProcessor [33m=[39m {[0m[22m
[2m[22m
[2m      [2mat Object.<anonymous> ([22m[2m[0m[36mtests/unit/lib/store/enhanced-conversation-memory.store.test.ts[39m[0m[2m:1039:37)[22m[2m[22m

[1m[31m  [1m● [22m[1mEnhancedConversationMemoryStore › Edge Cases and Error Handling › should handle concurrent message additions[39m[22m

    TypeError: Cannot read properties of undefined (reading 'createSession')
[2m[22m
[2m    [0m [90m 1067 |[39m       [36mconst[39m store [33m=[39m useEnhancedConversationMemory[33m.[39mgetState()[33m;[39m[22m
[2m     [90m 1068 |[39m       [22m
[2m    [31m[1m>[22m[2m[39m[90m 1069 |[39m       [36mconst[39m sessionId [33m=[39m [36mawait[39m store[33m.[39mcreateSession()[33m;[39m[22m
[2m     [90m      |[39m                                     [31m[1m^[22m[2m[39m[22m
[2m     [90m 1070 |[39m       [22m
[2m     [90m 1071 |[39m       [90m// Add messages concurrently[39m[22m
[2m     [90m 1072 |[39m       [36mawait[39m [33mPromise[39m[33m.[39mall([[0m[22m
[2m[22m
[2m      [2mat Object.<anonymous> ([22m[2m[0m[36mtests/unit/lib/store/enhanced-conversation-memory.store.test.ts[39m[0m[2m:1069:37)[22m[2m[22m

[1m[31m  [1m● [22m[1mEnhancedConversationMemoryStore › Edge Cases and Error Handling › should handle production environment warning for system user[39m[22m

    TypeError: Cannot read properties of undefined (reading 'createSession')
[2m[22m
[2m    [0m [90m 1099 |[39m       [36mconst[39m store [33m=[39m useEnhancedConversationMemory[33m.[39mgetState()[33m;[39m[22m
[2m     [90m 1100 |[39m       [22m
[2m    [31m[1m>[22m[2m[39m[90m 1101 |[39m       [36mconst[39m sessionId [33m=[39m [36mawait[39m store[33m.[39mcreateSession()[33m;[39m[22m
[2m     [90m      |[39m                                     [31m[1m^[22m[2m[39m[22m
[2m     [90m 1102 |[39m       [36mawait[39m store[33m.[39maddMessage({[22m
[2m     [90m 1103 |[39m         sessionId[33m,[39m[22m
[2m     [90m 1104 |[39m         role[33m:[39m [32m'user'[39m[33m,[39m[0m[22m
[2m[22m
[2m      [2mat Object.<anonymous> ([22m[2m[0m[36mtests/unit/lib/store/enhanced-conversation-memory.store.test.ts[39m[0m[2m:1101:37)[22m[2m[22m

[1m[31m  [1m● [22m[1mEnhancedConversationMemoryStore › Persistence and Migration › should handle SSR environment without localStorage[39m[22m

    [2mexpect([22m[31mreceived[39m[2m).[22mtoBeDefined[2m()[22m

    Received: [31mundefined[39m
[2m[22m
[2m    [0m [90m 1124 |[39m       [90m// This should not throw[39m[22m
[2m     [90m 1125 |[39m       [36mconst[39m store [33m=[39m useEnhancedConversationMemory[33m.[39mgetState()[33m;[39m[22m
[2m    [31m[1m>[22m[2m[39m[90m 1126 |[39m       expect(store)[33m.[39mtoBeDefined()[33m;[39m[22m
[2m     [90m      |[39m                     [31m[1m^[22m[2m[39m[22m
[2m     [90m 1127 |[39m       [22m
[2m     [90m 1128 |[39m       global[33m.[39mwindow [33m=[39m originalWindow[33m;[39m[22m
[2m     [90m 1129 |[39m     })[33m;[39m[0m[22m
[2m[22m
[2m      [2mat Object.<anonymous> ([22m[2m[0m[36mtests/unit/lib/store/enhanced-conversation-memory.store.test.ts[39m[0m[2m:1126:21)[22m[2m[22m

[1m[31m  [1m● [22m[1mEnhancedConversationMemoryStore › State Management Edge Cases › should handle clearing processedMessages cache correctly[39m[22m

    TypeError: Cannot read properties of undefined (reading 'createSession')
[2m[22m
[2m    [0m [90m 1134 |[39m       [36mconst[39m store [33m=[39m useEnhancedConversationMemory[33m.[39mgetState()[33m;[39m[22m
[2m     [90m 1135 |[39m       [22m
[2m    [31m[1m>[22m[2m[39m[90m 1136 |[39m       [36mconst[39m sessionId [33m=[39m [36mawait[39m store[33m.[39mcreateSession()[33m;[39m[22m
[2m     [90m      |[39m                                     [31m[1m^[22m[2m[39m[22m
[2m     [90m 1137 |[39m       [22m
[2m     [90m 1138 |[39m       [90m// Add messages[39m[22m
[2m     [90m 1139 |[39m       [36mfor[39m ([36mlet[39m i [33m=[39m [35m0[39m[33m;[39m i [33m<[39m [35m5[39m[33m;[39m i[33m++[39m) {[0m[22m
[2m[22m
[2m      [2mat Object.<anonymous> ([22m[2m[0m[36mtests/unit/lib/store/enhanced-conversation-memory.store.test.ts[39m[0m[2m:1136:37)[22m[2m[22m

[1m[31m  [1m● [22m[1mEnhancedConversationMemoryStore › State Management Edge Cases › should handle missing session in updateMessageMetadata[39m[22m

    TypeError: Cannot read properties of undefined (reading 'updateMessageMetadata')
[2m[22m
[2m    [0m [90m 1168 |[39m       [22m
[2m     [90m 1169 |[39m       [90m// Try to update metadata for non-existent message[39m[22m
[2m    [31m[1m>[22m[2m[39m[90m 1170 |[39m       [36mawait[39m store[33m.[39mupdateMessageMetadata([32m'non-existent-msg'[39m[33m,[39m { test[33m:[39m [36mtrue[39m })[33m;[39m[22m
[2m     [90m      |[39m                   [31m[1m^[22m[2m[39m[22m
[2m     [90m 1171 |[39m       [22m
[2m     [90m 1172 |[39m       [90m// Should not throw but will still log the attempt[39m[22m
[2m     [90m 1173 |[39m       expect(logger[33m.[39minfo)[33m.[39mtoHaveBeenCalledWith([0m[22m
[2m[22m
[2m      [2mat Object.<anonymous> ([22m[2m[0m[36mtests/unit/lib/store/enhanced-conversation-memory.store.test.ts[39m[0m[2m:1170:19)[22m[2m[22m

[1m[31m  [1m● [22m[1mEnhancedConversationMemoryStore › State Management Edge Cases › should handle session not found in archiveOldMessages[39m[22m

    TypeError: Cannot read properties of undefined (reading 'archiveOldMessages')
[2m[22m
[2m    [0m [90m 1190 |[39m       [22m
[2m     [90m 1191 |[39m       [90m// Try to archive for non-existent session[39m[22m
[2m    [31m[1m>[22m[2m[39m[90m 1192 |[39m       [36mawait[39m store[33m.[39marchiveOldMessages[33m![39m([32m'non-existent-session'[39m)[33m;[39m[22m
[2m     [90m      |[39m                   [31m[1m^[22m[2m[39m[22m
[2m     [90m 1193 |[39m       [22m
[2m     [90m 1194 |[39m       [90m// Should not throw[39m[22m
[2m     [90m 1195 |[39m       expect([36mtrue[39m)[33m.[39mtoBe([36mtrue[39m)[33m;[39m[0m[22m
[2m[22m
[2m      [2mat Object.<anonymous> ([22m[2m[0m[36mtests/unit/lib/store/enhanced-conversation-memory.store.test.ts[39m[0m[2m:1192:19)[22m[2m[22m

[1m[31m  [1m● [22m[1mEnhancedConversationMemoryStore › State Management Edge Cases › should return empty array when getArchivedMessages called with no session[39m[22m

    TypeError: Cannot read properties of undefined (reading 'disableDbSync')
[2m[22m
[2m    [0m [90m 1198 |[39m     it([32m'should return empty array when getArchivedMessages called with no session'[39m[33m,[39m [36masync[39m () [33m=>[39m {[22m
[2m     [90m 1199 |[39m       [36mconst[39m store [33m=[39m useEnhancedConversationMemory[33m.[39mgetState()[33m;[39m[22m
[2m    [31m[1m>[22m[2m[39m[90m 1200 |[39m       store[33m.[39mdisableDbSync()[33m;[39m[22m
[2m     [90m      |[39m             [31m[1m^[22m[2m[39m[22m
[2m     [90m 1201 |[39m       [22m
[2m     [90m 1202 |[39m       [36mconst[39m messages [33m=[39m [36mawait[39m store[33m.[39mgetArchivedMessages[33m![39m([32m'non-existent'[39m)[33m;[39m[22m
[2m     [90m 1203 |[39m       expect(messages)[33m.[39mtoEqual([])[33m;[39m[0m[22m
[2m[22m
[2m      [2mat Object.<anonymous> ([22m[2m[0m[36mtests/unit/lib/store/enhanced-conversation-memory.store.test.ts[39m[0m[2m:1200:13)[22m[2m[22m

[1m[31m  [1m● [22m[1mEnhancedConversationMemoryStore › State Management Edge Cases › should throw error when DB disabled and no messages in production[39m[22m

    TypeError: Cannot read properties of undefined (reading 'disableDbSync')
[2m[22m
[2m    [0m [90m 1209 |[39m       [22m
[2m     [90m 1210 |[39m       [36mconst[39m store [33m=[39m useEnhancedConversationMemory[33m.[39mgetState()[33m;[39m[22m
[2m    [31m[1m>[22m[2m[39m[90m 1211 |[39m       store[33m.[39mdisableDbSync()[33m;[39m[22m
[2m     [90m      |[39m             [31m[1m^[22m[2m[39m[22m
[2m     [90m 1212 |[39m       [22m
[2m     [90m 1213 |[39m       [36mawait[39m expect(store[33m.[39mgetArchivedMessages[33m![39m([32m'no-session'[39m))[33m.[39mrejects[33m.[39mtoThrow([22m
[2m     [90m 1214 |[39m         [32m'Database is disabled and no messages found in memory.'[39m[0m[22m
[2m[22m
[2m      [2mat Object.<anonymous> ([22m[2m[0m[36mtests/unit/lib/store/enhanced-conversation-memory.store.test.ts[39m[0m[2m:1211:13)[22m[2m[22m

[1m[31m  [1m● [22m[1mEnhancedConversationMemoryStore › Complex Scenarios › should handle rapid message additions with token tracking[39m[22m

    TypeError: Cannot read properties of undefined (reading 'createSession')
[2m[22m
[2m    [0m [90m 1223 |[39m       [36mconst[39m store [33m=[39m useEnhancedConversationMemory[33m.[39mgetState()[33m;[39m[22m
[2m     [90m 1224 |[39m       [22m
[2m    [31m[1m>[22m[2m[39m[90m 1225 |[39m       [36mconst[39m sessionId [33m=[39m [36mawait[39m store[33m.[39mcreateSession()[33m;[39m[22m
[2m     [90m      |[39m                                     [31m[1m^[22m[2m[39m[22m
[2m     [90m 1226 |[39m       [22m
[2m     [90m 1227 |[39m       [90m// Simulate rapid message additions[39m[22m
[2m     [90m 1228 |[39m       [36mconst[39m promises [33m=[39m [][33m;[39m[0m[22m
[2m[22m
[2m      [2mat Object.<anonymous> ([22m[2m[0m[36mtests/unit/lib/store/enhanced-conversation-memory.store.test.ts[39m[0m[2m:1225:37)[22m[2m[22m

[1m[31m  [1m● [22m[1mEnhancedConversationMemoryStore › Complex Scenarios › should process messages with multiple processors correctly[39m[22m

    TypeError: Cannot read properties of undefined (reading 'createSession')
[2m[22m
[2m    [0m [90m 1251 |[39m       [22m
[2m     [90m 1252 |[39m       [90m// Create session with custom processors[39m[22m
[2m    [31m[1m>[22m[2m[39m[90m 1253 |[39m       [36mconst[39m sessionId [33m=[39m [36mawait[39m store[33m.[39mcreateSession([32m'multi-processor'[39m[33m,[39m [[22m
[2m     [90m      |[39m                                     [31m[1m^[22m[2m[39m[22m
[2m     [90m 1254 |[39m         [36mnew[39m [33mTokenLimiter[39m([35m100[39m)[33m,[39m [90m// Very low limit[39m[22m
[2m     [90m 1255 |[39m         [36mnew[39m [33mToolCallFilter[39m({ exclude[33m:[39m [[32m'marketDataTool'[39m] })[22m
[2m     [90m 1256 |[39m       ])[33m;[39m[0m[22m
[2m[22m
[2m      [2mat Object.<anonymous> ([22m[2m[0m[36mtests/unit/lib/store/enhanced-conversation-memory.store.test.ts[39m[0m[2m:1253:37)[22m[2m[22m

[1m[31m  [1m● [22m[1mEnhancedConversationMemoryStore › Complex Scenarios › should handle message update race condition[39m[22m

    TypeError: Cannot read properties of undefined (reading 'createSession')
[2m[22m
[2m    [0m [90m 1286 |[39m       [36mconst[39m store [33m=[39m useEnhancedConversationMemory[33m.[39mgetState()[33m;[39m[22m
[2m     [90m 1287 |[39m       [22m
[2m    [31m[1m>[22m[2m[39m[90m 1288 |[39m       [36mconst[39m sessionId [33m=[39m [36mawait[39m store[33m.[39mcreateSession()[33m;[39m[22m
[2m     [90m      |[39m                                     [31m[1m^[22m[2m[39m[22m
[2m     [90m 1289 |[39m       [22m
[2m     [90m 1290 |[39m       [90m// Add a message[39m[22m
[2m     [90m 1291 |[39m       [36mawait[39m store[33m.[39maddMessage({[0m[22m
[2m[22m
[2m      [2mat Object.<anonymous> ([22m[2m[0m[36mtests/unit/lib/store/enhanced-conversation-memory.store.test.ts[39m[0m[2m:1288:37)[22m[2m[22m

[1m[31m  [1m● [22m[1mEnhancedConversationMemoryStore › Complex Scenarios › should handle session with undefined processors in metadata[39m[22m

    TypeError: Cannot read properties of undefined (reading 'loadFromDatabase')
[2m[22m
[2m    [0m [90m 1335 |[39m       [36mconst[39m store [33m=[39m useEnhancedConversationMemory[33m.[39mgetState()[33m;[39m[22m
[2m     [90m 1336 |[39m       [22m
[2m    [31m[1m>[22m[2m[39m[90m 1337 |[39m       [36mawait[39m store[33m.[39mloadFromDatabase()[33m;[39m[22m
[2m     [90m      |[39m                   [31m[1m^[22m[2m[39m[22m
[2m     [90m 1338 |[39m       [22m
[2m     [90m 1339 |[39m       [36mconst[39m state [33m=[39m useEnhancedConversationMemory[33m.[39mgetState()[33m;[39m[22m
[2m     [90m 1340 |[39m       [36mconst[39m session [33m=[39m state[33m.[39msessions[[32m'session-no-processors'[39m][33m;[39m[0m[22m
[2m[22m
[2m      [2mat Object.<anonymous> ([22m[2m[0m[36mtests/unit/lib/store/enhanced-conversation-memory.store.test.ts[39m[0m[2m:1337:19)[22m[2m[22m

[1m[31m  [1m● [22m[1mEnhancedConversationMemoryStore › Complex Scenarios › should handle invalid processor type in metadata[39m[22m

    TypeError: Cannot read properties of undefined (reading 'loadFromDatabase')
[2m[22m
[2m    [0m [90m 1362 |[39m       [36mconst[39m store [33m=[39m useEnhancedConversationMemory[33m.[39mgetState()[33m;[39m[22m
[2m     [90m 1363 |[39m       [22m
[2m    [31m[1m>[22m[2m[39m[90m 1364 |[39m       [36mawait[39m store[33m.[39mloadFromDatabase()[33m;[39m[22m
[2m     [90m      |[39m                   [31m[1m^[22m[2m[39m[22m
[2m     [90m 1365 |[39m       [22m
[2m     [90m 1366 |[39m       [36mconst[39m state [33m=[39m useEnhancedConversationMemory[33m.[39mgetState()[33m;[39m[22m
[2m     [90m 1367 |[39m       [36mconst[39m session [33m=[39m state[33m.[39msessions[[32m'session-invalid-processor'[39m][33m;[39m[0m[22m
[2m[22m
[2m      [2mat Object.<anonymous> ([22m[2m[0m[36mtests/unit/lib/store/enhanced-conversation-memory.store.test.ts[39m[0m[2m:1364:19)[22m[2m[22m

[1m[31m  [1m● [22m[1mEnhancedConversationMemoryStore › Complex Scenarios › should handle TokenLimiter without valid match in name[39m[22m

    TypeError: Cannot read properties of undefined (reading 'loadFromDatabase')
[2m[22m
[2m    [0m [90m 1390 |[39m       [36mconst[39m store [33m=[39m useEnhancedConversationMemory[33m.[39mgetState()[33m;[39m[22m
[2m     [90m 1391 |[39m       [22m
[2m    [31m[1m>[22m[2m[39m[90m 1392 |[39m       [36mawait[39m store[33m.[39mloadFromDatabase()[33m;[39m[22m
[2m     [90m      |[39m                   [31m[1m^[22m[2m[39m[22m
[2m     [90m 1393 |[39m       [22m
[2m     [90m 1394 |[39m       [36mconst[39m state [33m=[39m useEnhancedConversationMemory[33m.[39mgetState()[33m;[39m[22m
[2m     [90m 1395 |[39m       [36mconst[39m session [33m=[39m state[33m.[39msessions[[32m'session-invalid-token'[39m][33m;[39m[0m[22m
[2m[22m
[2m      [2mat Object.<anonymous> ([22m[2m[0m[36mtests/unit/lib/store/enhanced-conversation-memory.store.test.ts[39m[0m[2m:1392:19)[22m[2m[22m

[1m[31m  [1m● [22m[1mEnhancedConversationMemoryStore › Complex Scenarios › should handle metadata as non-object type[39m[22m

    TypeError: Cannot read properties of undefined (reading 'loadFromDatabase')
[2m[22m
[2m    [0m [90m 1413 |[39m       [36mconst[39m store [33m=[39m useEnhancedConversationMemory[33m.[39mgetState()[33m;[39m[22m
[2m     [90m 1414 |[39m       [22m
[2m    [31m[1m>[22m[2m[39m[90m 1415 |[39m       [36mawait[39m store[33m.[39mloadFromDatabase()[33m;[39m[22m
[2m     [90m      |[39m                   [31m[1m^[22m[2m[39m[22m
[2m     [90m 1416 |[39m       [22m
[2m     [90m 1417 |[39m       [36mconst[39m state [33m=[39m useEnhancedConversationMemory[33m.[39mgetState()[33m;[39m[22m
[2m     [90m 1418 |[39m       [36mconst[39m session [33m=[39m state[33m.[39msessions[[32m'session-string-metadata'[39m][33m;[39m[0m[22m
[2m[22m
[2m      [2mat Object.<anonymous> ([22m[2m[0m[36mtests/unit/lib/store/enhanced-conversation-memory.store.test.ts[39m[0m[2m:1415:19)[22m[2m[22m

[1m[31m  [1m● [22m[1mEnhancedConversationMemoryStore › Complex Scenarios › should handle processors as non-array type[39m[22m

    TypeError: Cannot read properties of undefined (reading 'loadFromDatabase')
[2m[22m
[2m    [0m [90m 1439 |[39m       [36mconst[39m store [33m=[39m useEnhancedConversationMemory[33m.[39mgetState()[33m;[39m[22m
[2m     [90m 1440 |[39m       [22m
[2m    [31m[1m>[22m[2m[39m[90m 1441 |[39m       [36mawait[39m store[33m.[39mloadFromDatabase()[33m;[39m[22m
[2m     [90m      |[39m                   [31m[1m^[22m[2m[39m[22m
[2m     [90m 1442 |[39m       [22m
[2m     [90m 1443 |[39m       [36mconst[39m state [33m=[39m useEnhancedConversationMemory[33m.[39mgetState()[33m;[39m[22m
[2m     [90m 1444 |[39m       [36mconst[39m session [33m=[39m state[33m.[39msessions[[32m'session-invalid-processors-type'[39m][33m;[39m[0m[22m
[2m[22m
[2m      [2mat Object.<anonymous> ([22m[2m[0m[36mtests/unit/lib/store/enhanced-conversation-memory.store.test.ts[39m[0m[2m:1441:19)[22m[2m[22m

[1m[31m  [1m● [22m[1mEnhancedConversationMemoryStore › Message Processing Cache Management › should clear cache when adding processor[39m[22m

    TypeError: Cannot read properties of undefined (reading 'createSession')
[2m[22m
[2m    [0m [90m 1451 |[39m       [36mconst[39m store [33m=[39m useEnhancedConversationMemory[33m.[39mgetState()[33m;[39m[22m
[2m     [90m 1452 |[39m       [22m
[2m    [31m[1m>[22m[2m[39m[90m 1453 |[39m       [36mconst[39m sessionId [33m=[39m [36mawait[39m store[33m.[39mcreateSession()[33m;[39m[22m
[2m     [90m      |[39m                                     [31m[1m^[22m[2m[39m[22m
[2m     [90m 1454 |[39m       [22m
[2m     [90m 1455 |[39m       [90m// Add messages and get processed to create cache[39m[22m
[2m     [90m 1456 |[39m       [36mawait[39m store[33m.[39maddMessage({[0m[22m
[2m[22m
[2m      [2mat Object.<anonymous> ([22m[2m[0m[36mtests/unit/lib/store/enhanced-conversation-memory.store.test.ts[39m[0m[2m:1453:37)[22m[2m[22m

[1m[31m  [1m● [22m[1mEnhancedConversationMemoryStore › Message Processing Cache Management › should clear cache when removing processor[39m[22m

    TypeError: Cannot read properties of undefined (reading 'createSession')
[2m[22m
[2m    [0m [90m 1476 |[39m       [36mconst[39m store [33m=[39m useEnhancedConversationMemory[33m.[39mgetState()[33m;[39m[22m
[2m     [90m 1477 |[39m       [22m
[2m    [31m[1m>[22m[2m[39m[90m 1478 |[39m       [36mconst[39m sessionId [33m=[39m [36mawait[39m store[33m.[39mcreateSession()[33m;[39m[22m
[2m     [90m      |[39m                                     [31m[1m^[22m[2m[39m[22m
[2m     [90m 1479 |[39m       [22m
[2m     [90m 1480 |[39m       [90m// Add messages and get processed to create cache[39m[22m
[2m     [90m 1481 |[39m       [36mawait[39m store[33m.[39maddMessage({[0m[22m
[2m[22m
[2m      [2mat Object.<anonymous> ([22m[2m[0m[36mtests/unit/lib/store/enhanced-conversation-memory.store.test.ts[39m[0m[2m:1478:37)[22m[2m[22m

[1m[31m  [1m● [22m[1mEnhancedConversationMemoryStore › Message Processing Cache Management › should clear cache when updating message metadata[39m[22m

    TypeError: Cannot read properties of undefined (reading 'createSession')
[2m[22m
[2m    [0m [90m 1501 |[39m       [36mconst[39m store [33m=[39m useEnhancedConversationMemory[33m.[39mgetState()[33m;[39m[22m
[2m     [90m 1502 |[39m       [22m
[2m    [31m[1m>[22m[2m[39m[90m 1503 |[39m       [36mconst[39m sessionId [33m=[39m [36mawait[39m store[33m.[39mcreateSession()[33m;[39m[22m
[2m     [90m      |[39m                                     [31m[1m^[22m[2m[39m[22m
[2m     [90m 1504 |[39m       [22m
[2m     [90m 1505 |[39m       [36mawait[39m store[33m.[39maddMessage({[22m
[2m     [90m 1506 |[39m         sessionId[33m,[39m[0m[22m
[2m[22m
[2m      [2mat Object.<anonymous> ([22m[2m[0m[36mtests/unit/lib/store/enhanced-conversation-memory.store.test.ts[39m[0m[2m:1503:37)[22m[2m[22m

[1m[31m  [1m● [22m[1mEnhancedConversationMemoryStore › Search Functionality Edge Cases › should handle search with no sessions[39m[22m

    TypeError: Cannot read properties of undefined (reading 'searchMessages')
[2m[22m
[2m    [0m [90m 1528 |[39m       [36mconst[39m store [33m=[39m useEnhancedConversationMemory[33m.[39mgetState()[33m;[39m[22m
[2m     [90m 1529 |[39m       [22m
[2m    [31m[1m>[22m[2m[39m[90m 1530 |[39m       [36mconst[39m results [33m=[39m store[33m.[39msearchMessages([32m'test'[39m)[33m;[39m[22m
[2m     [90m      |[39m                             [31m[1m^[22m[2m[39m[22m
[2m     [90m 1531 |[39m       expect(results)[33m.[39mtoEqual([])[33m;[39m[22m
[2m     [90m 1532 |[39m     })[33m;[39m[22m
[2m     [90m 1533 |[39m[0m[22m
[2m[22m
[2m      [2mat Object.<anonymous> ([22m[2m[0m[36mtests/unit/lib/store/enhanced-conversation-memory.store.test.ts[39m[0m[2m:1530:29)[22m[2m[22m

[1m[31m  [1m● [22m[1mEnhancedConversationMemoryStore › Search Functionality Edge Cases › should handle search with null session[39m[22m

    TypeError: Cannot read properties of undefined (reading 'searchMessages')
[2m[22m
[2m    [0m [90m 1540 |[39m       })[33m;[39m[22m
[2m     [90m 1541 |[39m       [22m
[2m    [31m[1m>[22m[2m[39m[90m 1542 |[39m       [36mconst[39m results [33m=[39m store[33m.[39msearchMessages([32m'test'[39m)[33m;[39m[22m
[2m     [90m      |[39m                             [31m[1m^[22m[2m[39m[22m
[2m     [90m 1543 |[39m       expect(results)[33m.[39mtoEqual([])[33m;[39m[22m
[2m     [90m 1544 |[39m     })[33m;[39m[22m
[2m     [90m 1545 |[39m[0m[22m
[2m[22m
[2m      [2mat Object.<anonymous> ([22m[2m[0m[36mtests/unit/lib/store/enhanced-conversation-memory.store.test.ts[39m[0m[2m:1542:29)[22m[2m[22m

[1m[31m  [1m● [22m[1mEnhancedConversationMemoryStore › Search Functionality Edge Cases › should search by topics case-insensitively[39m[22m

    TypeError: store.createSession is not a function
[2m[22m
[2m    [0m [90m 1547 |[39m       [36mconst[39m store [33m=[39m useEnhancedConversationMemory[33m.[39mgetState()[33m;[39m[22m
[2m     [90m 1548 |[39m       [22m
[2m    [31m[1m>[22m[2m[39m[90m 1549 |[39m       [36mconst[39m sessionId [33m=[39m [36mawait[39m store[33m.[39mcreateSession()[33m;[39m[22m
[2m     [90m      |[39m                                     [31m[1m^[22m[2m[39m[22m
[2m     [90m 1550 |[39m       [22m
[2m     [90m 1551 |[39m       [36mawait[39m store[33m.[39maddMessage({[22m
[2m     [90m 1552 |[39m         sessionId[33m,[39m[0m[22m
[2m[22m
[2m      [2mat Object.<anonymous> ([22m[2m[0m[36mtests/unit/lib/store/enhanced-conversation-memory.store.test.ts[39m[0m[2m:1549:37)[22m[2m[22m

[1m[31m  [1m● [22m[1mEnhancedConversationMemoryStore › Search Functionality Edge Cases › should search by symbols case-insensitively[39m[22m

    TypeError: store.createSession is not a function
[2m[22m
[2m    [0m [90m 1565 |[39m       [36mconst[39m store [33m=[39m useEnhancedConversationMemory[33m.[39mgetState()[33m;[39m[22m
[2m     [90m 1566 |[39m       [22m
[2m    [31m[1m>[22m[2m[39m[90m 1567 |[39m       [36mconst[39m sessionId [33m=[39m [36mawait[39m store[33m.[39mcreateSession()[33m;[39m[22m
[2m     [90m      |[39m                                     [31m[1m^[22m[2m[39m[22m
[2m     [90m 1568 |[39m       [22m
[2m     [90m 1569 |[39m       [36mawait[39m store[33m.[39maddMessage({[22m
[2m     [90m 1570 |[39m         sessionId[33m,[39m[0m[22m
[2m[22m
[2m      [2mat Object.<anonymous> ([22m[2m[0m[36mtests/unit/lib/store/enhanced-conversation-memory.store.test.ts[39m[0m[2m:1567:37)[22m[2m[22m

[1m[31m  [1m● [22m[1mEnhancedConversationMemoryStore › Search Functionality Edge Cases › should handle messages without metadata in search[39m[22m

    TypeError: store.createSession is not a function
[2m[22m
[2m    [0m [90m 1583 |[39m       [36mconst[39m store [33m=[39m useEnhancedConversationMemory[33m.[39mgetState()[33m;[39m[22m
[2m     [90m 1584 |[39m       [22m
[2m    [31m[1m>[22m[2m[39m[90m 1585 |[39m       [36mconst[39m sessionId [33m=[39m [36mawait[39m store[33m.[39mcreateSession()[33m;[39m[22m
[2m     [90m      |[39m                                     [31m[1m^[22m[2m[39m[22m
[2m     [90m 1586 |[39m       [22m
[2m     [90m 1587 |[39m       [36mawait[39m store[33m.[39maddMessage({[22m
[2m     [90m 1588 |[39m         sessionId[33m,[39m[0m[22m
[2m[22m
[2m      [2mat Object.<anonymous> ([22m[2m[0m[36mtests/unit/lib/store/enhanced-conversation-memory.store.test.ts[39m[0m[2m:1585:37)[22m[2m[22m

[1m[31m  [1m● [22m[1mEnhancedConversationMemoryStore › Session Summary › should generate summary with unique topics[39m[22m

    TypeError: store.createSession is not a function
[2m[22m
[2m    [0m [90m 1600 |[39m       [36mconst[39m store [33m=[39m useEnhancedConversationMemory[33m.[39mgetState()[33m;[39m[22m
[2m     [90m 1601 |[39m       [22m
[2m    [31m[1m>[22m[2m[39m[90m 1602 |[39m       [36mconst[39m sessionId [33m=[39m [36mawait[39m store[33m.[39mcreateSession()[33m;[39m[22m
[2m     [90m      |[39m                                     [31m[1m^[22m[2m[39m[22m
[2m     [90m 1603 |[39m       [22m
[2m     [90m 1604 |[39m       [90m// Add messages with duplicate topics[39m[22m
[2m     [90m 1605 |[39m       [36mawait[39m store[33m.[39maddMessage({[0m[22m
[2m[22m
[2m      [2mat Object.<anonymous> ([22m[2m[0m[36mtests/unit/lib/store/enhanced-conversation-memory.store.test.ts[39m[0m[2m:1602:37)[22m[2m[22m

[1m[31m  [1m● [22m[1mEnhancedConversationMemoryStore › Session Summary › should handle summarize with no messages[39m[22m

    TypeError: store.createSession is not a function
[2m[22m
[2m    [0m [90m 1631 |[39m       [36mconst[39m store [33m=[39m useEnhancedConversationMemory[33m.[39mgetState()[33m;[39m[22m
[2m     [90m 1632 |[39m       [22m
[2m    [31m[1m>[22m[2m[39m[90m 1633 |[39m       [36mconst[39m sessionId [33m=[39m [36mawait[39m store[33m.[39mcreateSession()[33m;[39m[22m
[2m     [90m      |[39m                                     [31m[1m^[22m[2m[39m[22m
[2m     [90m 1634 |[39m       [22m
[2m     [90m 1635 |[39m       [36mawait[39m store[33m.[39msummarizeSession(sessionId)[33m;[39m[22m
[2m     [90m 1636 |[39m       [0m[22m
[2m[22m
[2m      [2mat Object.<anonymous> ([22m[2m[0m[36mtests/unit/lib/store/enhanced-conversation-memory.store.test.ts[39m[0m[2m:1633:37)[22m[2m[22m

[1m[31m  [1m● [22m[1mEnhancedConversationMemoryStore › Session Summary › should handle summarize with non-existent session[39m[22m

    TypeError: store.summarizeSession is not a function
[2m[22m
[2m    [0m [90m 1643 |[39m       [36mconst[39m store [33m=[39m useEnhancedConversationMemory[33m.[39mgetState()[33m;[39m[22m
[2m     [90m 1644 |[39m       [22m
[2m    [31m[1m>[22m[2m[39m[90m 1645 |[39m       [36mawait[39m store[33m.[39msummarizeSession([32m'non-existent'[39m)[33m;[39m[22m
[2m     [90m      |[39m                   [31m[1m^[22m[2m[39m[22m
[2m     [90m 1646 |[39m       [22m
[2m     [90m 1647 |[39m       [90m// Should not throw[39m[22m
[2m     [90m 1648 |[39m       expect([36mtrue[39m)[33m.[39mtoBe([36mtrue[39m)[33m;[39m[0m[22m
[2m[22m
[2m      [2mat Object.<anonymous> ([22m[2m[0m[36mtests/unit/lib/store/enhanced-conversation-memory.store.test.ts[39m[0m[2m:1645:19)[22m[2m[22m

[1m[31m  [1m● [22m[1mEnhancedConversationMemoryStore › Session Summary › should generate summary with no topics[39m[22m

    TypeError: store.createSession is not a function
[2m[22m
[2m    [0m [90m 1652 |[39m       [36mconst[39m store [33m=[39m useEnhancedConversationMemory[33m.[39mgetState()[33m;[39m[22m
[2m     [90m 1653 |[39m       [22m
[2m    [31m[1m>[22m[2m[39m[90m 1654 |[39m       [36mconst[39m sessionId [33m=[39m [36mawait[39m store[33m.[39mcreateSession()[33m;[39m[22m
[2m     [90m      |[39m                                     [31m[1m^[22m[2m[39m[22m
[2m     [90m 1655 |[39m       [22m
[2m     [90m 1656 |[39m       [36mawait[39m store[33m.[39maddMessage({[22m
[2m     [90m 1657 |[39m         sessionId[33m,[39m[0m[22m
[2m[22m
[2m      [2mat Object.<anonymous> ([22m[2m[0m[36mtests/unit/lib/store/enhanced-conversation-memory.store.test.ts[39m[0m[2m:1654:37)[22m[2m[22m

[1m[31m  [1m● [22m[1mEnhancedConversationMemoryStore › Token Usage Tracking › should track token usage for assistant messages[39m[22m

    TypeError: store.createSession is not a function
[2m[22m
[2m    [0m [90m 1672 |[39m       [36mconst[39m store [33m=[39m useEnhancedConversationMemory[33m.[39mgetState()[33m;[39m[22m
[2m     [90m 1673 |[39m       [22m
[2m    [31m[1m>[22m[2m[39m[90m 1674 |[39m       [36mconst[39m sessionId [33m=[39m [36mawait[39m store[33m.[39mcreateSession()[33m;[39m[22m
[2m     [90m      |[39m                                     [31m[1m^[22m[2m[39m[22m
[2m     [90m 1675 |[39m       [22m
[2m     [90m 1676 |[39m       [36mawait[39m store[33m.[39maddMessage({[22m
[2m     [90m 1677 |[39m         sessionId[33m,[39m[0m[22m
[2m[22m
[2m      [2mat Object.<anonymous> ([22m[2m[0m[36mtests/unit/lib/store/enhanced-conversation-memory.store.test.ts[39m[0m[2m:1674:37)[22m[2m[22m

[1m[31m  [1m● [22m[1mEnhancedConversationMemoryStore › Token Usage Tracking › should handle missing tokenUsage object[39m[22m

    TypeError: store.createSession is not a function
[2m[22m
[2m    [0m [90m 1689 |[39m       [36mconst[39m store [33m=[39m useEnhancedConversationMemory[33m.[39mgetState()[33m;[39m[22m
[2m     [90m 1690 |[39m       [22m
[2m    [31m[1m>[22m[2m[39m[90m 1691 |[39m       [36mconst[39m sessionId [33m=[39m [36mawait[39m store[33m.[39mcreateSession()[33m;[39m[22m
[2m     [90m      |[39m                                     [31m[1m^[22m[2m[39m[22m
[2m     [90m 1692 |[39m       [22m
[2m     [90m 1693 |[39m       [90m// Manually remove tokenUsage[39m[22m
[2m     [90m 1694 |[39m       useEnhancedConversationMemory[33m.[39msetState(state [33m=>[39m {[0m[22m
[2m[22m
[2m      [2mat Object.<anonymous> ([22m[2m[0m[36mtests/unit/lib/store/enhanced-conversation-memory.store.test.ts[39m[0m[2m:1691:37)[22m[2m[22m

[1m[31m  [1m● [22m[1mEnhancedConversationMemoryStore › Context Building › should build context without session summary[39m[22m

    TypeError: store.createSession is not a function
[2m[22m
[2m    [0m [90m 1714 |[39m       [36mconst[39m store [33m=[39m useEnhancedConversationMemory[33m.[39mgetState()[33m;[39m[22m
[2m     [90m 1715 |[39m       [22m
[2m    [31m[1m>[22m[2m[39m[90m 1716 |[39m       [36mconst[39m sessionId [33m=[39m [36mawait[39m store[33m.[39mcreateSession()[33m;[39m[22m
[2m     [90m      |[39m                                     [31m[1m^[22m[2m[39m[22m
[2m     [90m 1717 |[39m       [22m
[2m     [90m 1718 |[39m       [36mawait[39m store[33m.[39maddMessage({[22m
[2m     [90m 1719 |[39m         sessionId[33m,[39m[0m[22m
[2m[22m
[2m      [2mat Object.<anonymous> ([22m[2m[0m[36mtests/unit/lib/store/enhanced-conversation-memory.store.test.ts[39m[0m[2m:1716:37)[22m[2m[22m

[1m[31m  [1m● [22m[1mEnhancedConversationMemoryStore › Persistence Configuration › should persist essential state properties[39m[22m

    TypeError: store.createSession is not a function
[2m[22m
[2m    [0m [90m 1750 |[39m       [22m
[2m     [90m 1751 |[39m       [90m// Create a session and add messages[39m[22m
[2m    [31m[1m>[22m[2m[39m[90m 1752 |[39m       [36mconst[39m sessionId [33m=[39m [36mawait[39m store[33m.[39mcreateSession([32m'persist-test'[39m)[33m;[39m[22m
[2m     [90m      |[39m                                     [31m[1m^[22m[2m[39m[22m
[2m     [90m 1753 |[39m       [36mawait[39m store[33m.[39maddMessage({[22m
[2m     [90m 1754 |[39m         sessionId[33m,[39m[22m
[2m     [90m 1755 |[39m         role[33m:[39m [32m'user'[39m[33m,[39m[0m[22m
[2m[22m
[2m      [2mat Object.<anonymous> ([22m[2m[0m[36mtests/unit/lib/store/enhanced-conversation-memory.store.test.ts[39m[0m[2m:1752:37)[22m[2m[22m

[1m[31m  [1m● [22m[1mEnhancedConversationMemoryStore › Persistence Configuration › should handle store rehydration correctly[39m[22m

    [2mexpect([22m[31mreceived[39m[2m).[22mtoBe[2m([22m[32mexpected[39m[2m) // Object.is equality[22m

    Expected: [32m"[7mf[27mun[7mction[27m"[39m
    Received: [31m"un[7mdefined[27m"[39m
[2m[22m
[2m    [0m [90m 1778 |[39m       [22m
[2m     [90m 1779 |[39m       [90m// All action functions should be defined[39m[22m
[2m    [31m[1m>[22m[2m[39m[90m 1780 |[39m       expect([36mtypeof[39m store[33m.[39mcreateSession)[33m.[39mtoBe([32m'function'[39m)[33m;[39m[22m
[2m     [90m      |[39m                                          [31m[1m^[22m[2m[39m[22m
[2m     [90m 1781 |[39m       expect([36mtypeof[39m store[33m.[39maddMessage)[33m.[39mtoBe([32m'function'[39m)[33m;[39m[22m
[2m     [90m 1782 |[39m       expect([36mtypeof[39m store[33m.[39mgetProcessedMessages)[33m.[39mtoBe([32m'function'[39m)[33m;[39m[22m
[2m     [90m 1783 |[39m       expect([36mtypeof[39m store[33m.[39msearchMessages)[33m.[39mtoBe([32m'function'[39m)[33m;[39m[0m[22m
[2m[22m
[2m      [2mat Object.<anonymous> ([22m[2m[0m[36mtests/unit/lib/store/enhanced-conversation-memory.store.test.ts[39m[0m[2m:1780:42)[22m[2m[22m

[1m[31m  [1m● [22m[1mEnhancedConversationMemoryStore › Database Operations Edge Cases › should handle null session in sync operation[39m[22m

    TypeError: store.syncWithDatabase is not a function
[2m[22m
[2m    [0m [90m 1796 |[39m       })[33m;[39m[22m
[2m     [90m 1797 |[39m       [22m
[2m    [31m[1m>[22m[2m[39m[90m 1798 |[39m       [36mawait[39m store[33m.[39msyncWithDatabase()[33m;[39m[22m
[2m     [90m      |[39m                   [31m[1m^[22m[2m[39m[22m
[2m     [90m 1799 |[39m       [22m
[2m     [90m 1800 |[39m       [90m// Should not throw[39m[22m
[2m     [90m 1801 |[39m       expect([36mtrue[39m)[33m.[39mtoBe([36mtrue[39m)[33m;[39m[0m[22m
[2m[22m
[2m      [2mat Object.<anonymous> ([22m[2m[0m[36mtests/unit/lib/store/enhanced-conversation-memory.store.test.ts[39m[0m[2m:1798:19)[22m[2m[22m

[1m[31m  [1m● [22m[1mEnhancedConversationMemoryStore › Database Operations Edge Cases › should skip DB operations when isDbEnabled is false[39m[22m

    TypeError: store.disableDbSync is not a function
[2m[22m
[2m    [0m [90m 1805 |[39m       [36mconst[39m store [33m=[39m useEnhancedConversationMemory[33m.[39mgetState()[33m;[39m[22m
[2m     [90m 1806 |[39m       [22m
[2m    [31m[1m>[22m[2m[39m[90m 1807 |[39m       store[33m.[39mdisableDbSync()[33m;[39m[22m
[2m     [90m      |[39m             [31m[1m^[22m[2m[39m[22m
[2m     [90m 1808 |[39m       [22m
[2m     [90m 1809 |[39m       [36mawait[39m store[33m.[39msyncWithDatabase()[33m;[39m[22m
[2m     [90m 1810 |[39m       [0m[22m
[2m[22m
[2m      [2mat Object.<anonymous> ([22m[2m[0m[36mtests/unit/lib/store/enhanced-conversation-memory.store.test.ts[39m[0m[2m:1807:13)[22m[2m[22m

[1m[31m  [1m● [22m[1mEnhancedConversationMemoryStore › Database Operations Edge Cases › should handle getSessionWithMessages returning null[39m[22m

    TypeError: store.loadFromDatabase is not a function
[2m[22m
[2m    [0m [90m 1824 |[39m       [36mconst[39m store [33m=[39m useEnhancedConversationMemory[33m.[39mgetState()[33m;[39m[22m
[2m     [90m 1825 |[39m       [22m
[2m    [31m[1m>[22m[2m[39m[90m 1826 |[39m       [36mawait[39m store[33m.[39mloadFromDatabase()[33m;[39m[22m
[2m     [90m      |[39m                   [31m[1m^[22m[2m[39m[22m
[2m     [90m 1827 |[39m       [22m
[2m     [90m 1828 |[39m       [36mconst[39m state [33m=[39m useEnhancedConversationMemory[33m.[39mgetState()[33m;[39m[22m
[2m     [90m 1829 |[39m       expect(state[33m.[39msessions[[32m'null-messages-session'[39m])[33m.[39mtoBeUndefined()[33m;[39m[0m[22m
[2m[22m
[2m      [2mat Object.<anonymous> ([22m[2m[0m[36mtests/unit/lib/store/enhanced-conversation-memory.store.test.ts[39m[0m[2m:1826:19)[22m[2m[22m

[1m[31m  [1m● [22m[1mEnhancedConversationMemoryStore › Database Operations Edge Cases › should handle empty sessions array from database[39m[22m

    TypeError: store.loadFromDatabase is not a function
[2m[22m
[2m    [0m [90m 1835 |[39m       [36mconst[39m store [33m=[39m useEnhancedConversationMemory[33m.[39mgetState()[33m;[39m[22m
[2m     [90m 1836 |[39m       [22m
[2m    [31m[1m>[22m[2m[39m[90m 1837 |[39m       [36mawait[39m store[33m.[39mloadFromDatabase()[33m;[39m[22m
[2m     [90m      |[39m                   [31m[1m^[22m[2m[39m[22m
[2m     [90m 1838 |[39m       [22m
[2m     [90m 1839 |[39m       [36mconst[39m state [33m=[39m useEnhancedConversationMemory[33m.[39mgetState()[33m;[39m[22m
[2m     [90m 1840 |[39m       expect(state[33m.[39mcurrentSessionId)[33m.[39mtoBe([36mnull[39m)[33m;[39m[0m[22m
[2m[22m
[2m      [2mat Object.<anonymous> ([22m[2m[0m[36mtests/unit/lib/store/enhanced-conversation-memory.store.test.ts[39m[0m[2m:1837:19)[22m[2m[22m

[1m[31m  [1m● [22m[1mEnhancedConversationMemoryStore › Database Operations Edge Cases › should handle session creation when DB is disabled[39m[22m

    TypeError: store.disableDbSync is not a function
[2m[22m
[2m    [0m [90m 1844 |[39m       [36mconst[39m store [33m=[39m useEnhancedConversationMemory[33m.[39mgetState()[33m;[39m[22m
[2m     [90m 1845 |[39m       [22m
[2m    [31m[1m>[22m[2m[39m[90m 1846 |[39m       store[33m.[39mdisableDbSync()[33m;[39m[22m
[2m     [90m      |[39m             [31m[1m^[22m[2m[39m[22m
[2m     [90m 1847 |[39m       [22m
[2m     [90m 1848 |[39m       [36mconst[39m sessionId [33m=[39m [36mawait[39m store[33m.[39mcreateSession([32m'local-only'[39m)[33m;[39m[22m
[2m     [90m 1849 |[39m       [0m[22m
[2m[22m
[2m      [2mat Object.<anonymous> ([22m[2m[0m[36mtests/unit/lib/store/enhanced-conversation-memory.store.test.ts[39m[0m[2m:1846:13)[22m[2m[22m

[1m[31m  [1m● [22m[1mEnhancedConversationMemoryStore › Database Operations Edge Cases › should handle message creation when DB is disabled[39m[22m

    TypeError: store.disableDbSync is not a function
[2m[22m
[2m    [0m [90m 1855 |[39m       [36mconst[39m store [33m=[39m useEnhancedConversationMemory[33m.[39mgetState()[33m;[39m[22m
[2m     [90m 1856 |[39m       [22m
[2m    [31m[1m>[22m[2m[39m[90m 1857 |[39m       store[33m.[39mdisableDbSync()[33m;[39m[22m
[2m     [90m      |[39m             [31m[1m^[22m[2m[39m[22m
[2m     [90m 1858 |[39m       [22m
[2m     [90m 1859 |[39m       [36mconst[39m sessionId [33m=[39m [36mawait[39m store[33m.[39mcreateSession()[33m;[39m[22m
[2m     [90m 1860 |[39m       [36mawait[39m store[33m.[39maddMessage({[0m[22m
[2m[22m
[2m      [2mat Object.<anonymous> ([22m[2m[0m[36mtests/unit/lib/store/enhanced-conversation-memory.store.test.ts[39m[0m[2m:1857:13)[22m[2m[22m

[1m[31m  [1m● [22m[1mEnhancedConversationMemoryStore › Database Operations Edge Cases › should handle metadata update when DB is disabled[39m[22m

    TypeError: store.disableDbSync is not a function
[2m[22m
[2m    [0m [90m 1870 |[39m       [36mconst[39m store [33m=[39m useEnhancedConversationMemory[33m.[39mgetState()[33m;[39m[22m
[2m     [90m 1871 |[39m       [22m
[2m    [31m[1m>[22m[2m[39m[90m 1872 |[39m       store[33m.[39mdisableDbSync()[33m;[39m[22m
[2m     [90m      |[39m             [31m[1m^[22m[2m[39m[22m
[2m     [90m 1873 |[39m       [22m
[2m     [90m 1874 |[39m       [36mconst[39m sessionId [33m=[39m [36mawait[39m store[33m.[39mcreateSession()[33m;[39m[22m
[2m     [90m 1875 |[39m       [36mawait[39m store[33m.[39maddMessage({[0m[22m
[2m[22m
[2m      [2mat Object.<anonymous> ([22m[2m[0m[36mtests/unit/lib/store/enhanced-conversation-memory.store.test.ts[39m[0m[2m:1872:13)[22m[2m[22m

[1m[31m  [1m● [22m[1mEnhancedConversationMemoryStore › Utility Functions Edge Cases › should create enhanced session with includeAll tools option[39m[22m

    TypeError: exports.useEnhancedConversationMemory.getState(...).createSession is not a function
[2m[22m
[2m    [0m [90m 940 |[39m   }[22m
[2m     [90m 941 |[39m   [22m
[2m    [31m[1m>[22m[2m[39m[90m 942 |[39m   [36mreturn[39m useEnhancedConversationMemory[33m.[39mgetState()[33m.[39mcreateSession(sessionId[33m,[39m processors)[33m;[39m[22m
[2m     [90m     |[39m                                                   [31m[1m^[22m[2m[39m[22m
[2m     [90m 943 |[39m }[22m
[2m     [90m 944 |[39m[22m
[2m     [90m 945 |[39m [36mexport[39m [36mfunction[39m addToolCallMessage([0m[22m
[2m[22m
[2m      [2mat createEnhancedSession ([22m[2mlib/store/enhanced-conversation-memory.store.ts[2m:942:51)[22m[2m[22m
[2m      [2mat Object.<anonymous> ([22m[2m[0m[36mtests/unit/lib/store/enhanced-conversation-memory.store.test.ts[39m[0m[2m:1892:52)[22m[2m[22m

[1m[31m  [1m● [22m[1mEnhancedConversationMemoryStore › Utility Functions Edge Cases › should create enhanced session without any tool options[39m[22m

    TypeError: exports.useEnhancedConversationMemory.getState(...).createSession is not a function
[2m[22m
[2m    [0m [90m 940 |[39m   }[22m
[2m     [90m 941 |[39m   [22m
[2m    [31m[1m>[22m[2m[39m[90m 942 |[39m   [36mreturn[39m useEnhancedConversationMemory[33m.[39mgetState()[33m.[39mcreateSession(sessionId[33m,[39m processors)[33m;[39m[22m
[2m     [90m     |[39m                                                   [31m[1m^[22m[2m[39m[22m
[2m     [90m 943 |[39m }[22m
[2m     [90m 944 |[39m[22m
[2m     [90m 945 |[39m [36mexport[39m [36mfunction[39m addToolCallMessage([0m[22m
[2m[22m
[2m      [2mat createEnhancedSession ([22m[2mlib/store/enhanced-conversation-memory.store.ts[2m:942:51)[22m[2m[22m
[2m      [2mat Object.<anonymous> ([22m[2m[0m[36mtests/unit/lib/store/enhanced-conversation-memory.store.test.ts[39m[0m[2m:1906:52)[22m[2m[22m

[1m[31m  [1m● [22m[1mEnhancedConversationMemoryStore › Utility Functions Edge Cases › should add tool call message without result[39m[22m

    TypeError: store.createSession is not a function
[2m[22m
[2m    [0m [90m 1921 |[39m       [36mconst[39m store [33m=[39m useEnhancedConversationMemory[33m.[39mgetState()[33m;[39m[22m
[2m     [90m 1922 |[39m       [22m
[2m    [31m[1m>[22m[2m[39m[90m 1923 |[39m       [36mconst[39m sessionId [33m=[39m [36mawait[39m store[33m.[39mcreateSession()[33m;[39m[22m
[2m     [90m      |[39m                                     [31m[1m^[22m[2m[39m[22m
[2m     [90m 1924 |[39m       [22m
[2m     [90m 1925 |[39m       [36mawait[39m addToolCallMessage([22m
[2m     [90m 1926 |[39m         sessionId[33m,[39m[0m[22m
[2m[22m
[2m      [2mat Object.<anonymous> ([22m[2m[0m[36mtests/unit/lib/store/enhanced-conversation-memory.store.test.ts[39m[0m[2m:1923:37)[22m[2m[22m

ts-jest[config] (WARN) 
    The "ts-jest" config option "isolatedModules" is deprecated and will be removed in v30.0.0. Please use "isolatedModules: true" in /Users/hirosato/Downloads/Cryptrade/tsconfig.test.json instead, see https://www.typescriptlang.org/tsconfig/#isolatedModules
  
[0m[7m[1m[31m FAIL [39m[22m[27m[0m [0m[7m[37m integration [39m[27m[0m [2mtests/integration/orchestrator/[22m[1morchestrator.test.ts[22m
  [1m● [22mConsole

    [2mconsole.log[22m
      [MSW] Loaded 7 default handlers
[2m[22m
[2m      [2mat Object.<anonymous> ([22m[2mtests/setup/msw-setup.ts[2m:18:13)[22m[2m[22m

[1m[31m  [1m● [22m[1mOrchestrator Agent Integration Tests › Query Classification and Routing › Greetings and Small Talk › should handle "こんにちは！" as greeting[39m[22m

    [2mexpect([22m[31mreceived[39m[2m).[22mtoBe[2m([22m[32mexpected[39m[2m) // Object.is equality[22m

    Expected: [32m"greeting"[39m
    Received: [31m"conversational"[39m
[2m[22m
[2m    [0m [90m 68 |[39m         [36mconst[39m result [33m=[39m [36mawait[39m executeImprovedOrchestrator(query[33m,[39m testSessionId[33m,[39m defaultContext)[33m;[39m[22m
[2m     [90m 69 |[39m         [22m
[2m    [31m[1m>[22m[2m[39m[90m 70 |[39m         expect(result[33m.[39manalysis[33m.[39mintent)[33m.[39mtoBe(expectedIntent)[33m;[39m[22m
[2m     [90m    |[39m                                        [31m[1m^[22m[2m[39m[22m
[2m     [90m 71 |[39m         expect(result[33m.[39manalysis[33m.[39mconfidence)[33m.[39mtoBeGreaterThan([33mCONFIDENCE_THRESHOLD[39m)[33m;[39m[22m
[2m     [90m 72 |[39m         expect(result[33m.[39mexecutionResult)[33m.[39mtoBeDefined()[33m;[39m[22m
[2m     [90m 73 |[39m         expect(result[33m.[39mexecutionResult[33m![39m[33m.[39mresponse)[33m.[39mtoBeDefined()[33m;[39m[0m[22m
[2m[22m
[2m      [2mat [22m[2m[0m[36mtests/integration/orchestrator/orchestrator.test.ts[39m[0m[2m:70:40[22m[2m[22m

[1m[31m  [1m● [22m[1mOrchestrator Agent Integration Tests › Query Classification and Routing › Greetings and Small Talk › should handle "おはようございます！今日も頑張りましょう" as greeting[39m[22m

    [2mexpect([22m[31mreceived[39m[2m).[22mtoBe[2m([22m[32mexpected[39m[2m) // Object.is equality[22m

    Expected: [32m"greeting"[39m
    Received: [31m"conversational"[39m
[2m[22m
[2m    [0m [90m 68 |[39m         [36mconst[39m result [33m=[39m [36mawait[39m executeImprovedOrchestrator(query[33m,[39m testSessionId[33m,[39m defaultContext)[33m;[39m[22m
[2m     [90m 69 |[39m         [22m
[2m    [31m[1m>[22m[2m[39m[90m 70 |[39m         expect(result[33m.[39manalysis[33m.[39mintent)[33m.[39mtoBe(expectedIntent)[33m;[39m[22m
[2m     [90m    |[39m                                        [31m[1m^[22m[2m[39m[22m
[2m     [90m 71 |[39m         expect(result[33m.[39manalysis[33m.[39mconfidence)[33m.[39mtoBeGreaterThan([33mCONFIDENCE_THRESHOLD[39m)[33m;[39m[22m
[2m     [90m 72 |[39m         expect(result[33m.[39mexecutionResult)[33m.[39mtoBeDefined()[33m;[39m[22m
[2m     [90m 73 |[39m         expect(result[33m.[39mexecutionResult[33m![39m[33m.[39mresponse)[33m.[39mtoBeDefined()[33m;[39m[0m[22m
[2m[22m
[2m      [2mat [22m[2m[0m[36mtests/integration/orchestrator/orchestrator.test.ts[39m[0m[2m:70:40[22m[2m[22m

[1m[31m  [1m● [22m[1mOrchestrator Agent Integration Tests › Query Classification and Routing › Greetings and Small Talk › should handle "ありがとう、助かりました" as small_talk[39m[22m

    [2mexpect([22m[31mreceived[39m[2m).[22mtoBe[2m([22m[32mexpected[39m[2m) // Object.is equality[22m

    Expected: [32m"[7msmall_t[27mal[7mk[27m"[39m
    Received: [31m"[7mconversation[27mal"[39m
[2m[22m
[2m    [0m [90m 68 |[39m         [36mconst[39m result [33m=[39m [36mawait[39m executeImprovedOrchestrator(query[33m,[39m testSessionId[33m,[39m defaultContext)[33m;[39m[22m
[2m     [90m 69 |[39m         [22m
[2m    [31m[1m>[22m[2m[39m[90m 70 |[39m         expect(result[33m.[39manalysis[33m.[39mintent)[33m.[39mtoBe(expectedIntent)[33m;[39m[22m
[2m     [90m    |[39m                                        [31m[1m^[22m[2m[39m[22m
[2m     [90m 71 |[39m         expect(result[33m.[39manalysis[33m.[39mconfidence)[33m.[39mtoBeGreaterThan([33mCONFIDENCE_THRESHOLD[39m)[33m;[39m[22m
[2m     [90m 72 |[39m         expect(result[33m.[39mexecutionResult)[33m.[39mtoBeDefined()[33m;[39m[22m
[2m     [90m 73 |[39m         expect(result[33m.[39mexecutionResult[33m![39m[33m.[39mresponse)[33m.[39mtoBeDefined()[33m;[39m[0m[22m
[2m[22m
[2m      [2mat [22m[2m[0m[36mtests/integration/orchestrator/orchestrator.test.ts[39m[0m[2m:70:40[22m[2m[22m

[1m[31m  [1m● [22m[1mOrchestrator Agent Integration Tests › Query Classification and Routing › Greetings and Small Talk › should handle "疲れたなあ..." as small_talk[39m[22m

    [2mexpect([22m[31mreceived[39m[2m).[22mtoBe[2m([22m[32mexpected[39m[2m) // Object.is equality[22m

    Expected: [32m"[7msmall_t[27mal[7mk[27m"[39m
    Received: [31m"[7mconversation[27mal"[39m
[2m[22m
[2m    [0m [90m 68 |[39m         [36mconst[39m result [33m=[39m [36mawait[39m executeImprovedOrchestrator(query[33m,[39m testSessionId[33m,[39m defaultContext)[33m;[39m[22m
[2m     [90m 69 |[39m         [22m
[2m    [31m[1m>[22m[2m[39m[90m 70 |[39m         expect(result[33m.[39manalysis[33m.[39mintent)[33m.[39mtoBe(expectedIntent)[33m;[39m[22m
[2m     [90m    |[39m                                        [31m[1m^[22m[2m[39m[22m
[2m     [90m 71 |[39m         expect(result[33m.[39manalysis[33m.[39mconfidence)[33m.[39mtoBeGreaterThan([33mCONFIDENCE_THRESHOLD[39m)[33m;[39m[22m
[2m     [90m 72 |[39m         expect(result[33m.[39mexecutionResult)[33m.[39mtoBeDefined()[33m;[39m[22m
[2m     [90m 73 |[39m         expect(result[33m.[39mexecutionResult[33m![39m[33m.[39mresponse)[33m.[39mtoBeDefined()[33m;[39m[0m[22m
[2m[22m
[2m      [2mat [22m[2m[0m[36mtests/integration/orchestrator/orchestrator.test.ts[39m[0m[2m:70:40[22m[2m[22m

[1m[31m  [1m● [22m[1mOrchestrator Agent Integration Tests › Query Classification and Routing › Market Chat › should handle market chat: "最近の市場はどう？"[39m[22m

    [2mexpect([22m[31mreceived[39m[2m).[22mtoBe[2m([22m[32mexpected[39m[2m) // Object.is equality[22m

    Expected: [32m"market_chat"[39m
    Received: [31m"conversational"[39m
[2m[22m
[2m    [0m [90m 85 |[39m         [36mconst[39m result [33m=[39m [36mawait[39m executeImprovedOrchestrator(query[33m,[39m testSessionId[33m,[39m defaultContext)[33m;[39m[22m
[2m     [90m 86 |[39m         [22m
[2m    [31m[1m>[22m[2m[39m[90m 87 |[39m         expect(result[33m.[39manalysis[33m.[39mintent)[33m.[39mtoBe([32m'market_chat'[39m)[33m;[39m[22m
[2m     [90m    |[39m                                        [31m[1m^[22m[2m[39m[22m
[2m     [90m 88 |[39m         expect(result[33m.[39manalysis[33m.[39mconfidence)[33m.[39mtoBeGreaterThan([33mCONFIDENCE_THRESHOLD[39m)[33m;[39m[22m
[2m     [90m 89 |[39m         expect(result[33m.[39mexecutionResult)[33m.[39mtoBeDefined()[33m;[39m[22m
[2m     [90m 90 |[39m       })[33m;[39m[0m[22m
[2m[22m
[2m      [2mat [22m[2m[0m[36mtests/integration/orchestrator/orchestrator.test.ts[39m[0m[2m:87:40[22m[2m[22m

[1m[31m  [1m● [22m[1mOrchestrator Agent Integration Tests › Query Classification and Routing › Market Chat › should handle market chat: "暗号通貨って面白いよね"[39m[22m

    [2mexpect([22m[31mreceived[39m[2m).[22mtoBe[2m([22m[32mexpected[39m[2m) // Object.is equality[22m

    Expected: [32m"market_chat"[39m
    Received: [31m"conversational"[39m
[2m[22m
[2m    [0m [90m 85 |[39m         [36mconst[39m result [33m=[39m [36mawait[39m executeImprovedOrchestrator(query[33m,[39m testSessionId[33m,[39m defaultContext)[33m;[39m[22m
[2m     [90m 86 |[39m         [22m
[2m    [31m[1m>[22m[2m[39m[90m 87 |[39m         expect(result[33m.[39manalysis[33m.[39mintent)[33m.[39mtoBe([32m'market_chat'[39m)[33m;[39m[22m
[2m     [90m    |[39m                                        [31m[1m^[22m[2m[39m[22m
[2m     [90m 88 |[39m         expect(result[33m.[39manalysis[33m.[39mconfidence)[33m.[39mtoBeGreaterThan([33mCONFIDENCE_THRESHOLD[39m)[33m;[39m[22m
[2m     [90m 89 |[39m         expect(result[33m.[39mexecutionResult)[33m.[39mtoBeDefined()[33m;[39m[22m
[2m     [90m 90 |[39m       })[33m;[39m[0m[22m
[2m[22m
[2m      [2mat [22m[2m[0m[36mtests/integration/orchestrator/orchestrator.test.ts[39m[0m[2m:87:40[22m[2m[22m

[1m[31m  [1m● [22m[1mOrchestrator Agent Integration Tests › Query Classification and Routing › Market Chat › should handle market chat: "ビットコインの将来性についてどう思う？"[39m[22m

    [2mexpect([22m[31mreceived[39m[2m).[22mtoBe[2m([22m[32mexpected[39m[2m) // Object.is equality[22m

    Expected: [32m"market_chat"[39m
    Received: [31m"conversational"[39m
[2m[22m
[2m    [0m [90m 85 |[39m         [36mconst[39m result [33m=[39m [36mawait[39m executeImprovedOrchestrator(query[33m,[39m testSessionId[33m,[39m defaultContext)[33m;[39m[22m
[2m     [90m 86 |[39m         [22m
[2m    [31m[1m>[22m[2m[39m[90m 87 |[39m         expect(result[33m.[39manalysis[33m.[39mintent)[33m.[39mtoBe([32m'market_chat'[39m)[33m;[39m[22m
[2m     [90m    |[39m                                        [31m[1m^[22m[2m[39m[22m
[2m     [90m 88 |[39m         expect(result[33m.[39manalysis[33m.[39mconfidence)[33m.[39mtoBeGreaterThan([33mCONFIDENCE_THRESHOLD[39m)[33m;[39m[22m
[2m     [90m 89 |[39m         expect(result[33m.[39mexecutionResult)[33m.[39mtoBeDefined()[33m;[39m[22m
[2m     [90m 90 |[39m       })[33m;[39m[0m[22m
[2m[22m
[2m      [2mat [22m[2m[0m[36mtests/integration/orchestrator/orchestrator.test.ts[39m[0m[2m:87:40[22m[2m[22m

[1m[31m  [1m● [22m[1mOrchestrator Agent Integration Tests › Query Classification and Routing › Price Inquiries › should handle price inquiry: "BTCの価格を教えて"[39m[22m

    [2mexpect([22m[31mreceived[39m[2m).[22mtoBe[2m([22m[32mexpected[39m[2m) // Object.is equality[22m

    Expected: [32m"price_inquiry"[39m
    Received: [31m"conversational"[39m
[2m[22m
[2m    [0m [90m 104 |[39m         [36mconst[39m result [33m=[39m [36mawait[39m executeImprovedOrchestrator(query[33m,[39m testSessionId[33m,[39m defaultContext)[33m;[39m[22m
[2m     [90m 105 |[39m         [22m
[2m    [31m[1m>[22m[2m[39m[90m 106 |[39m         expect(result[33m.[39manalysis[33m.[39mintent)[33m.[39mtoBe([32m'price_inquiry'[39m)[33m;[39m[22m
[2m     [90m     |[39m                                        [31m[1m^[22m[2m[39m[22m
[2m     [90m 107 |[39m         expect(result[33m.[39manalysis[33m.[39mconfidence)[33m.[39mtoBeGreaterThan([33mCONFIDENCE_THRESHOLD[39m)[33m;[39m[22m
[2m     [90m 108 |[39m         expect(result[33m.[39mexecutionResult)[33m.[39mtoBeDefined()[33m;[39m[22m
[2m     [90m 109 |[39m         expect(result[33m.[39mexecutionResult[33m![39m[33m.[39mmetadata[33m?[39m[33m.[39m[[32m'processedBy'[39m])[33m.[39mtoContain([32m'trading'[39m)[33m;[39m[0m[22m
[2m[22m
[2m      [2mat [22m[2m[0m[36mtests/integration/orchestrator/orchestrator.test.ts[39m[0m[2m:106:40[22m[2m[22m

[1m[31m  [1m● [22m[1mOrchestrator Agent Integration Tests › Query Classification and Routing › Price Inquiries › should handle price inquiry: "イーサリアムの現在価格は？"[39m[22m

    [2mexpect([22m[31mreceived[39m[2m).[22mtoBe[2m([22m[32mexpected[39m[2m) // Object.is equality[22m

    Expected: [32m"price_inquiry"[39m
    Received: [31m"conversational"[39m
[2m[22m
[2m    [0m [90m 104 |[39m         [36mconst[39m result [33m=[39m [36mawait[39m executeImprovedOrchestrator(query[33m,[39m testSessionId[33m,[39m defaultContext)[33m;[39m[22m
[2m     [90m 105 |[39m         [22m
[2m    [31m[1m>[22m[2m[39m[90m 106 |[39m         expect(result[33m.[39manalysis[33m.[39mintent)[33m.[39mtoBe([32m'price_inquiry'[39m)[33m;[39m[22m
[2m     [90m     |[39m                                        [31m[1m^[22m[2m[39m[22m
[2m     [90m 107 |[39m         expect(result[33m.[39manalysis[33m.[39mconfidence)[33m.[39mtoBeGreaterThan([33mCONFIDENCE_THRESHOLD[39m)[33m;[39m[22m
[2m     [90m 108 |[39m         expect(result[33m.[39mexecutionResult)[33m.[39mtoBeDefined()[33m;[39m[22m
[2m     [90m 109 |[39m         expect(result[33m.[39mexecutionResult[33m![39m[33m.[39mmetadata[33m?[39m[33m.[39m[[32m'processedBy'[39m])[33m.[39mtoContain([32m'trading'[39m)[33m;[39m[0m[22m
[2m[22m
[2m      [2mat [22m[2m[0m[36mtests/integration/orchestrator/orchestrator.test.ts[39m[0m[2m:106:40[22m[2m[22m

[1m[31m  [1m● [22m[1mOrchestrator Agent Integration Tests › Query Classification and Routing › Price Inquiries › should handle price inquiry: "ビットコインはいくら？"[39m[22m

    [2mexpect([22m[31mreceived[39m[2m).[22mtoBe[2m([22m[32mexpected[39m[2m) // Object.is equality[22m

    Expected: [32m"price_inquiry"[39m
    Received: [31m"conversational"[39m
[2m[22m
[2m    [0m [90m 104 |[39m         [36mconst[39m result [33m=[39m [36mawait[39m executeImprovedOrchestrator(query[33m,[39m testSessionId[33m,[39m defaultContext)[33m;[39m[22m
[2m     [90m 105 |[39m         [22m
[2m    [31m[1m>[22m[2m[39m[90m 106 |[39m         expect(result[33m.[39manalysis[33m.[39mintent)[33m.[39mtoBe([32m'price_inquiry'[39m)[33m;[39m[22m
[2m     [90m     |[39m                                        [31m[1m^[22m[2m[39m[22m
[2m     [90m 107 |[39m         expect(result[33m.[39manalysis[33m.[39mconfidence)[33m.[39mtoBeGreaterThan([33mCONFIDENCE_THRESHOLD[39m)[33m;[39m[22m
[2m     [90m 108 |[39m         expect(result[33m.[39mexecutionResult)[33m.[39mtoBeDefined()[33m;[39m[22m
[2m     [90m 109 |[39m         expect(result[33m.[39mexecutionResult[33m![39m[33m.[39mmetadata[33m?[39m[33m.[39m[[32m'processedBy'[39m])[33m.[39mtoContain([32m'trading'[39m)[33m;[39m[0m[22m
[2m[22m
[2m      [2mat [22m[2m[0m[36mtests/integration/orchestrator/orchestrator.test.ts[39m[0m[2m:106:40[22m[2m[22m

[1m[31m  [1m● [22m[1mOrchestrator Agent Integration Tests › Query Classification and Routing › Price Inquiries › should handle price inquiry: "ETH quote please"[39m[22m

    [2mexpect([22m[31mreceived[39m[2m).[22mtoBe[2m([22m[32mexpected[39m[2m) // Object.is equality[22m

    Expected: [32m"price_inquiry"[39m
    Received: [31m"conversational"[39m
[2m[22m
[2m    [0m [90m 104 |[39m         [36mconst[39m result [33m=[39m [36mawait[39m executeImprovedOrchestrator(query[33m,[39m testSessionId[33m,[39m defaultContext)[33m;[39m[22m
[2m     [90m 105 |[39m         [22m
[2m    [31m[1m>[22m[2m[39m[90m 106 |[39m         expect(result[33m.[39manalysis[33m.[39mintent)[33m.[39mtoBe([32m'price_inquiry'[39m)[33m;[39m[22m
[2m     [90m     |[39m                                        [31m[1m^[22m[2m[39m[22m
[2m     [90m 107 |[39m         expect(result[33m.[39manalysis[33m.[39mconfidence)[33m.[39mtoBeGreaterThan([33mCONFIDENCE_THRESHOLD[39m)[33m;[39m[22m
[2m     [90m 108 |[39m         expect(result[33m.[39mexecutionResult)[33m.[39mtoBeDefined()[33m;[39m[22m
[2m     [90m 109 |[39m         expect(result[33m.[39mexecutionResult[33m![39m[33m.[39mmetadata[33m?[39m[33m.[39m[[32m'processedBy'[39m])[33m.[39mtoContain([32m'trading'[39m)[33m;[39m[0m[22m
[2m[22m
[2m      [2mat [22m[2m[0m[36mtests/integration/orchestrator/orchestrator.test.ts[39m[0m[2m:106:40[22m[2m[22m

[1m[31m  [1m● [22m[1mOrchestrator Agent Integration Tests › Query Classification and Routing › Price Inquiries › should handle price inquiry: "XRPの相場は？"[39m[22m

    [2mexpect([22m[31mreceived[39m[2m).[22mtoBe[2m([22m[32mexpected[39m[2m) // Object.is equality[22m

    Expected: [32m"price_inquiry"[39m
    Received: [31m"conversational"[39m
[2m[22m
[2m    [0m [90m 104 |[39m         [36mconst[39m result [33m=[39m [36mawait[39m executeImprovedOrchestrator(query[33m,[39m testSessionId[33m,[39m defaultContext)[33m;[39m[22m
[2m     [90m 105 |[39m         [22m
[2m    [31m[1m>[22m[2m[39m[90m 106 |[39m         expect(result[33m.[39manalysis[33m.[39mintent)[33m.[39mtoBe([32m'price_inquiry'[39m)[33m;[39m[22m
[2m     [90m     |[39m                                        [31m[1m^[22m[2m[39m[22m
[2m     [90m 107 |[39m         expect(result[33m.[39manalysis[33m.[39mconfidence)[33m.[39mtoBeGreaterThan([33mCONFIDENCE_THRESHOLD[39m)[33m;[39m[22m
[2m     [90m 108 |[39m         expect(result[33m.[39mexecutionResult)[33m.[39mtoBeDefined()[33m;[39m[22m
[2m     [90m 109 |[39m         expect(result[33m.[39mexecutionResult[33m![39m[33m.[39mmetadata[33m?[39m[33m.[39m[[32m'processedBy'[39m])[33m.[39mtoContain([32m'trading'[39m)[33m;[39m[0m[22m
[2m[22m
[2m      [2mat [22m[2m[0m[36mtests/integration/orchestrator/orchestrator.test.ts[39m[0m[2m:106:40[22m[2m[22m

[1m[31m  [1m● [22m[1mOrchestrator Agent Integration Tests › Query Classification and Routing › Price Inquiries › should handle price inquiry: "BTC prc?"[39m[22m

    [2mexpect([22m[31mreceived[39m[2m).[22mtoBe[2m([22m[32mexpected[39m[2m) // Object.is equality[22m

    Expected: [32m"price_inquiry"[39m
    Received: [31m"conversational"[39m
[2m[22m
[2m    [0m [90m 104 |[39m         [36mconst[39m result [33m=[39m [36mawait[39m executeImprovedOrchestrator(query[33m,[39m testSessionId[33m,[39m defaultContext)[33m;[39m[22m
[2m     [90m 105 |[39m         [22m
[2m    [31m[1m>[22m[2m[39m[90m 106 |[39m         expect(result[33m.[39manalysis[33m.[39mintent)[33m.[39mtoBe([32m'price_inquiry'[39m)[33m;[39m[22m
[2m     [90m     |[39m                                        [31m[1m^[22m[2m[39m[22m
[2m     [90m 107 |[39m         expect(result[33m.[39manalysis[33m.[39mconfidence)[33m.[39mtoBeGreaterThan([33mCONFIDENCE_THRESHOLD[39m)[33m;[39m[22m
[2m     [90m 108 |[39m         expect(result[33m.[39mexecutionResult)[33m.[39mtoBeDefined()[33m;[39m[22m
[2m     [90m 109 |[39m         expect(result[33m.[39mexecutionResult[33m![39m[33m.[39mmetadata[33m?[39m[33m.[39m[[32m'processedBy'[39m])[33m.[39mtoContain([32m'trading'[39m)[33m;[39m[0m[22m
[2m[22m
[2m      [2mat [22m[2m[0m[36mtests/integration/orchestrator/orchestrator.test.ts[39m[0m[2m:106:40[22m[2m[22m

[1m[31m  [1m● [22m[1mOrchestrator Agent Integration Tests › Query Classification and Routing › Technical Analysis › should handle analysis request: "BTCの技術分析をして"[39m[22m

    [2mexpect([22m[31mreceived[39m[2m).[22mtoContain[2m([22m[32mexpected[39m[2m) // indexOf[22m

    Expected value: [32m"conversational"[39m
    Received array: [31m["analysis", "entry_proposal"][39m
[2m[22m
[2m    [0m [90m 124 |[39m         [36mconst[39m result [33m=[39m [36mawait[39m executeImprovedOrchestrator(query[33m,[39m testSessionId[33m,[39m defaultContext)[33m;[39m[22m
[2m     [90m 125 |[39m         [22m
[2m    [31m[1m>[22m[2m[39m[90m 126 |[39m         expect([[32m'analysis'[39m[33m,[39m [32m'entry_proposal'[39m])[33m.[39mtoContain(result[33m.[39manalysis[33m.[39mintent)[33m;[39m[22m
[2m     [90m     |[39m                                                [31m[1m^[22m[2m[39m[22m
[2m     [90m 127 |[39m         expect(result[33m.[39manalysis[33m.[39mconfidence)[33m.[39mtoBeGreaterThan([33mCONFIDENCE_THRESHOLD[39m)[33m;[39m[22m
[2m     [90m 128 |[39m         expect(result[33m.[39mexecutionResult)[33m.[39mtoBeDefined()[33m;[39m[22m
[2m     [90m 129 |[39m         expect(result[33m.[39mexecutionResult[33m![39m[33m.[39mmetadata[33m?[39m[33m.[39m[[32m'processedBy'[39m])[33m.[39mtoContain([32m'trading'[39m)[33m;[39m[0m[22m
[2m[22m
[2m      [2mat [22m[2m[0m[36mtests/integration/orchestrator/orchestrator.test.ts[39m[0m[2m:126:48[22m[2m[22m

[1m[31m  [1m● [22m[1mOrchestrator Agent Integration Tests › Query Classification and Routing › Technical Analysis › should handle analysis request: "エントリーポイントを提案して"[39m[22m

    [2mexpect([22m[31mreceived[39m[2m).[22mtoContain[2m([22m[32mexpected[39m[2m) // indexOf[22m

    Expected value: [32m"proposal_request"[39m
    Received array: [31m["analysis", "entry_proposal"][39m
[2m[22m
[2m    [0m [90m 124 |[39m         [36mconst[39m result [33m=[39m [36mawait[39m executeImprovedOrchestrator(query[33m,[39m testSessionId[33m,[39m defaultContext)[33m;[39m[22m
[2m     [90m 125 |[39m         [22m
[2m    [31m[1m>[22m[2m[39m[90m 126 |[39m         expect([[32m'analysis'[39m[33m,[39m [32m'entry_proposal'[39m])[33m.[39mtoContain(result[33m.[39manalysis[33m.[39mintent)[33m;[39m[22m
[2m     [90m     |[39m                                                [31m[1m^[22m[2m[39m[22m
[2m     [90m 127 |[39m         expect(result[33m.[39manalysis[33m.[39mconfidence)[33m.[39mtoBeGreaterThan([33mCONFIDENCE_THRESHOLD[39m)[33m;[39m[22m
[2m     [90m 128 |[39m         expect(result[33m.[39mexecutionResult)[33m.[39mtoBeDefined()[33m;[39m[22m
[2m     [90m 129 |[39m         expect(result[33m.[39mexecutionResult[33m![39m[33m.[39mmetadata[33m?[39m[33m.[39m[[32m'processedBy'[39m])[33m.[39mtoContain([32m'trading'[39m)[33m;[39m[0m[22m
[2m[22m
[2m      [2mat [22m[2m[0m[36mtests/integration/orchestrator/orchestrator.test.ts[39m[0m[2m:126:48[22m[2m[22m

[1m[31m  [1m● [22m[1mOrchestrator Agent Integration Tests › Query Classification and Routing › Technical Analysis › should handle analysis request: "サポートとレジスタンスラインを分析して"[39m[22m

    [2mexpect([22m[31mreceived[39m[2m).[22mtoContain[2m([22m[32mexpected[39m[2m) // indexOf[22m

    Expected value: [32m"conversational"[39m
    Received array: [31m["analysis", "entry_proposal"][39m
[2m[22m
[2m    [0m [90m 124 |[39m         [36mconst[39m result [33m=[39m [36mawait[39m executeImprovedOrchestrator(query[33m,[39m testSessionId[33m,[39m defaultContext)[33m;[39m[22m
[2m     [90m 125 |[39m         [22m
[2m    [31m[1m>[22m[2m[39m[90m 126 |[39m         expect([[32m'analysis'[39m[33m,[39m [32m'entry_proposal'[39m])[33m.[39mtoContain(result[33m.[39manalysis[33m.[39mintent)[33m;[39m[22m
[2m     [90m     |[39m                                                [31m[1m^[22m[2m[39m[22m
[2m     [90m 127 |[39m         expect(result[33m.[39manalysis[33m.[39mconfidence)[33m.[39mtoBeGreaterThan([33mCONFIDENCE_THRESHOLD[39m)[33m;[39m[22m
[2m     [90m 128 |[39m         expect(result[33m.[39mexecutionResult)[33m.[39mtoBeDefined()[33m;[39m[22m
[2m     [90m 129 |[39m         expect(result[33m.[39mexecutionResult[33m![39m[33m.[39mmetadata[33m?[39m[33m.[39m[[32m'processedBy'[39m])[33m.[39mtoContain([32m'trading'[39m)[33m;[39m[0m[22m
[2m[22m
[2m      [2mat [22m[2m[0m[36mtests/integration/orchestrator/orchestrator.test.ts[39m[0m[2m:126:48[22m[2m[22m

[1m[31m  [1m● [22m[1mOrchestrator Agent Integration Tests › Query Classification and Routing › Technical Analysis › should handle analysis request: "BTCのTAお願い"[39m[22m

    [2mexpect([22m[31mreceived[39m[2m).[22mtoContain[2m([22m[32mexpected[39m[2m) // indexOf[22m

    Expected value: [32m"conversational"[39m
    Received array: [31m["analysis", "entry_proposal"][39m
[2m[22m
[2m    [0m [90m 124 |[39m         [36mconst[39m result [33m=[39m [36mawait[39m executeImprovedOrchestrator(query[33m,[39m testSessionId[33m,[39m defaultContext)[33m;[39m[22m
[2m     [90m 125 |[39m         [22m
[2m    [31m[1m>[22m[2m[39m[90m 126 |[39m         expect([[32m'analysis'[39m[33m,[39m [32m'entry_proposal'[39m])[33m.[39mtoContain(result[33m.[39manalysis[33m.[39mintent)[33m;[39m[22m
[2m     [90m     |[39m                                                [31m[1m^[22m[2m[39m[22m
[2m     [90m 127 |[39m         expect(result[33m.[39manalysis[33m.[39mconfidence)[33m.[39mtoBeGreaterThan([33mCONFIDENCE_THRESHOLD[39m)[33m;[39m[22m
[2m     [90m 128 |[39m         expect(result[33m.[39mexecutionResult)[33m.[39mtoBeDefined()[33m;[39m[22m
[2m     [90m 129 |[39m         expect(result[33m.[39mexecutionResult[33m![39m[33m.[39mmetadata[33m?[39m[33m.[39m[[32m'processedBy'[39m])[33m.[39mtoContain([32m'trading'[39m)[33m;[39m[0m[22m
[2m[22m
[2m      [2mat [22m[2m[0m[36mtests/integration/orchestrator/orchestrator.test.ts[39m[0m[2m:126:48[22m[2m[22m

[1m[31m  [1m● [22m[1mOrchestrator Agent Integration Tests › Query Classification and Routing › Technical Analysis › should handle analysis request: "ETHのFAを見せて"[39m[22m

    [2mexpect([22m[31mreceived[39m[2m).[22mtoContain[2m([22m[32mexpected[39m[2m) // indexOf[22m

    Expected value: [32m"conversational"[39m
    Received array: [31m["analysis", "entry_proposal"][39m
[2m[22m
[2m    [0m [90m 124 |[39m         [36mconst[39m result [33m=[39m [36mawait[39m executeImprovedOrchestrator(query[33m,[39m testSessionId[33m,[39m defaultContext)[33m;[39m[22m
[2m     [90m 125 |[39m         [22m
[2m    [31m[1m>[22m[2m[39m[90m 126 |[39m         expect([[32m'analysis'[39m[33m,[39m [32m'entry_proposal'[39m])[33m.[39mtoContain(result[33m.[39manalysis[33m.[39mintent)[33m;[39m[22m
[2m     [90m     |[39m                                                [31m[1m^[22m[2m[39m[22m
[2m     [90m 127 |[39m         expect(result[33m.[39manalysis[33m.[39mconfidence)[33m.[39mtoBeGreaterThan([33mCONFIDENCE_THRESHOLD[39m)[33m;[39m[22m
[2m     [90m 128 |[39m         expect(result[33m.[39mexecutionResult)[33m.[39mtoBeDefined()[33m;[39m[22m
[2m     [90m 129 |[39m         expect(result[33m.[39mexecutionResult[33m![39m[33m.[39mmetadata[33m?[39m[33m.[39m[[32m'processedBy'[39m])[33m.[39mtoContain([32m'trading'[39m)[33m;[39m[0m[22m
[2m[22m
[2m      [2mat [22m[2m[0m[36mtests/integration/orchestrator/orchestrator.test.ts[39m[0m[2m:126:48[22m[2m[22m

[1m[31m  [1m● [22m[1mOrchestrator Agent Integration Tests › Query Classification and Routing › Technical Analysis › should handle analysis request: "エントリーとexitの見解は？"[39m[22m

    [2mexpect([22m[31mreceived[39m[2m).[22mtoContain[2m([22m[32mexpected[39m[2m) // indexOf[22m

    Expected value: [32m"conversational"[39m
    Received array: [31m["analysis", "entry_proposal"][39m
[2m[22m
[2m    [0m [90m 124 |[39m         [36mconst[39m result [33m=[39m [36mawait[39m executeImprovedOrchestrator(query[33m,[39m testSessionId[33m,[39m defaultContext)[33m;[39m[22m
[2m     [90m 125 |[39m         [22m
[2m    [31m[1m>[22m[2m[39m[90m 126 |[39m         expect([[32m'analysis'[39m[33m,[39m [32m'entry_proposal'[39m])[33m.[39mtoContain(result[33m.[39manalysis[33m.[39mintent)[33m;[39m[22m
[2m     [90m     |[39m                                                [31m[1m^[22m[2m[39m[22m
[2m     [90m 127 |[39m         expect(result[33m.[39manalysis[33m.[39mconfidence)[33m.[39mtoBeGreaterThan([33mCONFIDENCE_THRESHOLD[39m)[33m;[39m[22m
[2m     [90m 128 |[39m         expect(result[33m.[39mexecutionResult)[33m.[39mtoBeDefined()[33m;[39m[22m
[2m     [90m 129 |[39m         expect(result[33m.[39mexecutionResult[33m![39m[33m.[39mmetadata[33m?[39m[33m.[39m[[32m'processedBy'[39m])[33m.[39mtoContain([32m'trading'[39m)[33m;[39m[0m[22m
[2m[22m
[2m      [2mat [22m[2m[0m[36mtests/integration/orchestrator/orchestrator.test.ts[39m[0m[2m:126:48[22m[2m[22m

[1m[31m  [1m● [22m[1mOrchestrator Agent Integration Tests › Query Classification and Routing › UI Operations › should handle UI operation: "BTCのチャートに切り替えて"[39m[22m

    [2mexpect([22m[31mreceived[39m[2m).[22mtoBe[2m([22m[32mexpected[39m[2m) // Object.is equality[22m

    Expected: [32m"[7mui_contro[27ml"[39m
    Received: [31m"[7mconversationa[27ml"[39m
[2m[22m
[2m    [0m [90m 144 |[39m         [36mconst[39m result [33m=[39m [36mawait[39m executeImprovedOrchestrator(query[33m,[39m testSessionId[33m,[39m defaultContext)[33m;[39m[22m
[2m     [90m 145 |[39m         [22m
[2m    [31m[1m>[22m[2m[39m[90m 146 |[39m         expect(result[33m.[39manalysis[33m.[39mintent)[33m.[39mtoBe([32m'ui_control'[39m)[33m;[39m[22m
[2m     [90m     |[39m                                        [31m[1m^[22m[2m[39m[22m
[2m     [90m 147 |[39m         expect(result[33m.[39manalysis[33m.[39mconfidence)[33m.[39mtoBeGreaterThan([33mCONFIDENCE_THRESHOLD[39m)[33m;[39m[22m
[2m     [90m 148 |[39m         expect(result[33m.[39mexecutionResult)[33m.[39mtoBeDefined()[33m;[39m[22m
[2m     [90m 149 |[39m         expect(result[33m.[39mexecutionResult[33m![39m[33m.[39mmetadata[33m?[39m[33m.[39m[[32m'processedBy'[39m])[33m.[39mtoContain([32m'chart'[39m)[33m;[39m[0m[22m
[2m[22m
[2m      [2mat [22m[2m[0m[36mtests/integration/orchestrator/orchestrator.test.ts[39m[0m[2m:146:40[22m[2m[22m

[1m[31m  [1m● [22m[1mOrchestrator Agent Integration Tests › Query Classification and Routing › UI Operations › should handle UI operation: "トレンドラインを描いて"[39m[22m

    [2mexpect([22m[31mreceived[39m[2m).[22mtoBe[2m([22m[32mexpected[39m[2m) // Object.is equality[22m

    Expected: [32m"[7mui_contro[27ml"[39m
    Received: [31m"[7mconversationa[27ml"[39m
[2m[22m
[2m    [0m [90m 144 |[39m         [36mconst[39m result [33m=[39m [36mawait[39m executeImprovedOrchestrator(query[33m,[39m testSessionId[33m,[39m defaultContext)[33m;[39m[22m
[2m     [90m 145 |[39m         [22m
[2m    [31m[1m>[22m[2m[39m[90m 146 |[39m         expect(result[33m.[39manalysis[33m.[39mintent)[33m.[39mtoBe([32m'ui_control'[39m)[33m;[39m[22m
[2m     [90m     |[39m                                        [31m[1m^[22m[2m[39m[22m
[2m     [90m 147 |[39m         expect(result[33m.[39manalysis[33m.[39mconfidence)[33m.[39mtoBeGreaterThan([33mCONFIDENCE_THRESHOLD[39m)[33m;[39m[22m
[2m     [90m 148 |[39m         expect(result[33m.[39mexecutionResult)[33m.[39mtoBeDefined()[33m;[39m[22m
[2m     [90m 149 |[39m         expect(result[33m.[39mexecutionResult[33m![39m[33m.[39mmetadata[33m?[39m[33m.[39m[[32m'processedBy'[39m])[33m.[39mtoContain([32m'chart'[39m)[33m;[39m[0m[22m
[2m[22m
[2m      [2mat [22m[2m[0m[36mtests/integration/orchestrator/orchestrator.test.ts[39m[0m[2m:146:40[22m[2m[22m

[1m[31m  [1m● [22m[1mOrchestrator Agent Integration Tests › Query Classification and Routing › UI Operations › should handle UI operation: "15分足に変更して"[39m[22m

    [2mexpect([22m[31mreceived[39m[2m).[22mtoBe[2m([22m[32mexpected[39m[2m) // Object.is equality[22m

    Expected: [32m"[7mui_contro[27ml"[39m
    Received: [31m"[7mconversationa[27ml"[39m
[2m[22m
[2m    [0m [90m 144 |[39m         [36mconst[39m result [33m=[39m [36mawait[39m executeImprovedOrchestrator(query[33m,[39m testSessionId[33m,[39m defaultContext)[33m;[39m[22m
[2m     [90m 145 |[39m         [22m
[2m    [31m[1m>[22m[2m[39m[90m 146 |[39m         expect(result[33m.[39manalysis[33m.[39mintent)[33m.[39mtoBe([32m'ui_control'[39m)[33m;[39m[22m
[2m     [90m     |[39m                                        [31m[1m^[22m[2m[39m[22m
[2m     [90m 147 |[39m         expect(result[33m.[39manalysis[33m.[39mconfidence)[33m.[39mtoBeGreaterThan([33mCONFIDENCE_THRESHOLD[39m)[33m;[39m[22m
[2m     [90m 148 |[39m         expect(result[33m.[39mexecutionResult)[33m.[39mtoBeDefined()[33m;[39m[22m
[2m     [90m 149 |[39m         expect(result[33m.[39mexecutionResult[33m![39m[33m.[39mmetadata[33m?[39m[33m.[39m[[32m'processedBy'[39m])[33m.[39mtoContain([32m'chart'[39m)[33m;[39m[0m[22m
[2m[22m
[2m      [2mat [22m[2m[0m[36mtests/integration/orchestrator/orchestrator.test.ts[39m[0m[2m:146:40[22m[2m[22m

[1m[31m  [1m● [22m[1mOrchestrator Agent Integration Tests › Query Classification and Routing › UI Operations › should handle UI operation: "MAを表示して"[39m[22m

    [2mexpect([22m[31mreceived[39m[2m).[22mtoBe[2m([22m[32mexpected[39m[2m) // Object.is equality[22m

    Expected: [32m"[7mui_contro[27ml"[39m
    Received: [31m"[7mconversationa[27ml"[39m
[2m[22m
[2m    [0m [90m 144 |[39m         [36mconst[39m result [33m=[39m [36mawait[39m executeImprovedOrchestrator(query[33m,[39m testSessionId[33m,[39m defaultContext)[33m;[39m[22m
[2m     [90m 145 |[39m         [22m
[2m    [31m[1m>[22m[2m[39m[90m 146 |[39m         expect(result[33m.[39manalysis[33m.[39mintent)[33m.[39mtoBe([32m'ui_control'[39m)[33m;[39m[22m
[2m     [90m     |[39m                                        [31m[1m^[22m[2m[39m[22m
[2m     [90m 147 |[39m         expect(result[33m.[39manalysis[33m.[39mconfidence)[33m.[39mtoBeGreaterThan([33mCONFIDENCE_THRESHOLD[39m)[33m;[39m[22m
[2m     [90m 148 |[39m         expect(result[33m.[39mexecutionResult)[33m.[39mtoBeDefined()[33m;[39m[22m
[2m     [90m 149 |[39m         expect(result[33m.[39mexecutionResult[33m![39m[33m.[39mmetadata[33m?[39m[33m.[39m[[32m'processedBy'[39m])[33m.[39mtoContain([32m'chart'[39m)[33m;[39m[0m[22m
[2m[22m
[2m      [2mat [22m[2m[0m[36mtests/integration/orchestrator/orchestrator.test.ts[39m[0m[2m:146:40[22m[2m[22m

[1m[31m  [1m● [22m[1mOrchestrator Agent Integration Tests › Query Classification and Routing › UI Operations › should handle UI operation: "チャートswして"[39m[22m

    [2mexpect([22m[31mreceived[39m[2m).[22mtoBe[2m([22m[32mexpected[39m[2m) // Object.is equality[22m

    Expected: [32m"[7mui_contro[27ml"[39m
    Received: [31m"[7mconversationa[27ml"[39m
[2m[22m
[2m    [0m [90m 144 |[39m         [36mconst[39m result [33m=[39m [36mawait[39m executeImprovedOrchestrator(query[33m,[39m testSessionId[33m,[39m defaultContext)[33m;[39m[22m
[2m     [90m 145 |[39m         [22m
[2m    [31m[1m>[22m[2m[39m[90m 146 |[39m         expect(result[33m.[39manalysis[33m.[39mintent)[33m.[39mtoBe([32m'ui_control'[39m)[33m;[39m[22m
[2m     [90m     |[39m                                        [31m[1m^[22m[2m[39m[22m
[2m     [90m 147 |[39m         expect(result[33m.[39manalysis[33m.[39mconfidence)[33m.[39mtoBeGreaterThan([33mCONFIDENCE_THRESHOLD[39m)[33m;[39m[22m
[2m     [90m 148 |[39m         expect(result[33m.[39mexecutionResult)[33m.[39mtoBeDefined()[33m;[39m[22m
[2m     [90m 149 |[39m         expect(result[33m.[39mexecutionResult[33m![39m[33m.[39mmetadata[33m?[39m[33m.[39m[[32m'processedBy'[39m])[33m.[39mtoContain([32m'chart'[39m)[33m;[39m[0m[22m
[2m[22m
[2m      [2mat [22m[2m[0m[36mtests/integration/orchestrator/orchestrator.test.ts[39m[0m[2m:146:40[22m[2m[22m

[1m[31m  [1m● [22m[1mOrchestrator Agent Integration Tests › Query Classification and Routing › UI Operations › should handle UI operation: "tfを1hにchg"[39m[22m

    [2mexpect([22m[31mreceived[39m[2m).[22mtoBe[2m([22m[32mexpected[39m[2m) // Object.is equality[22m

    Expected: [32m"[7mui_contro[27ml"[39m
    Received: [31m"[7mconversationa[27ml"[39m
[2m[22m
[2m    [0m [90m 144 |[39m         [36mconst[39m result [33m=[39m [36mawait[39m executeImprovedOrchestrator(query[33m,[39m testSessionId[33m,[39m defaultContext)[33m;[39m[22m
[2m     [90m 145 |[39m         [22m
[2m    [31m[1m>[22m[2m[39m[90m 146 |[39m         expect(result[33m.[39manalysis[33m.[39mintent)[33m.[39mtoBe([32m'ui_control'[39m)[33m;[39m[22m
[2m     [90m     |[39m                                        [31m[1m^[22m[2m[39m[22m
[2m     [90m 147 |[39m         expect(result[33m.[39manalysis[33m.[39mconfidence)[33m.[39mtoBeGreaterThan([33mCONFIDENCE_THRESHOLD[39m)[33m;[39m[22m
[2m     [90m 148 |[39m         expect(result[33m.[39mexecutionResult)[33m.[39mtoBeDefined()[33m;[39m[22m
[2m     [90m 149 |[39m         expect(result[33m.[39mexecutionResult[33m![39m[33m.[39mmetadata[33m?[39m[33m.[39m[[32m'processedBy'[39m])[33m.[39mtoContain([32m'chart'[39m)[33m;[39m[0m[22m
[2m[22m
[2m      [2mat [22m[2m[0m[36mtests/integration/orchestrator/orchestrator.test.ts[39m[0m[2m:146:40[22m[2m[22m

[1m[31m  [1m● [22m[1mOrchestrator Agent Integration Tests › Context-Aware Processing › should adapt responses based on user level[39m[22m

    TypeError: Cannot read properties of undefined (reading 'response')
[2m[22m
[2m    [0m [90m 170 |[39m       )[33m;[39m[22m
[2m     [90m 171 |[39m       [22m
[2m    [31m[1m>[22m[2m[39m[90m 172 |[39m       expect(beginnerResult[33m.[39mexecutionResult[33m![39m[33m.[39mresponse)[33m.[39mtoBeDefined()[33m;[39m[22m
[2m     [90m     |[39m                                              [31m[1m^[22m[2m[39m[22m
[2m     [90m 173 |[39m       expect(expertResult[33m.[39mexecutionResult[33m![39m[33m.[39mresponse)[33m.[39mtoBeDefined()[33m;[39m[22m
[2m     [90m 174 |[39m       [90m// Responses should be different based on user level[39m[22m
[2m     [90m 175 |[39m       expect(beginnerResult[33m.[39mexecutionResult[33m![39m[33m.[39mresponse)[33m.[39mnot[33m.[39mtoBe(expertResult[33m.[39mexecutionResult[33m![39m[33m.[39mresponse)[33m;[39m[0m[22m
[2m[22m
[2m      [2mat Object.<anonymous> ([22m[2m[0m[36mtests/integration/orchestrator/orchestrator.test.ts[39m[0m[2m:172:46)[22m[2m[22m

[1m[31m  [1m● [22m[1mOrchestrator Agent Integration Tests › Error Handling › should handle empty queries gracefully[39m[22m

    [2mexpect([22m[31mreceived[39m[2m).[22mtoBeDefined[2m()[22m

    Received: [31mundefined[39m
[2m[22m
[2m    [0m [90m 201 |[39m       [22m
[2m     [90m 202 |[39m       expect(result[33m.[39manalysis)[33m.[39mtoBeDefined()[33m;[39m[22m
[2m    [31m[1m>[22m[2m[39m[90m 203 |[39m       expect(result[33m.[39mexecutionResult)[33m.[39mtoBeDefined()[33m;[39m[22m
[2m     [90m     |[39m                                      [31m[1m^[22m[2m[39m[22m
[2m     [90m 204 |[39m     })[33m;[39m[22m
[2m     [90m 205 |[39m[22m
[2m     [90m 206 |[39m     test([32m'should handle undefined context gracefully'[39m[33m,[39m [36masync[39m () [33m=>[39m {[0m[22m
[2m[22m
[2m      [2mat Object.<anonymous> ([22m[2m[0m[36mtests/integration/orchestrator/orchestrator.test.ts[39m[0m[2m:203:38)[22m[2m[22m

[1m[31m  [1m● [22m[1mOrchestrator Agent Integration Tests › Error Handling › should handle undefined context gracefully[39m[22m

    [2mexpect([22m[31mreceived[39m[2m).[22mtoBeDefined[2m()[22m

    Received: [31mundefined[39m
[2m[22m
[2m    [0m [90m 208 |[39m       [22m
[2m     [90m 209 |[39m       expect(result[33m.[39manalysis)[33m.[39mtoBeDefined()[33m;[39m[22m
[2m    [31m[1m>[22m[2m[39m[90m 210 |[39m       expect(result[33m.[39mexecutionResult)[33m.[39mtoBeDefined()[33m;[39m[22m
[2m     [90m     |[39m                                      [31m[1m^[22m[2m[39m[22m
[2m     [90m 211 |[39m     })[33m;[39m[22m
[2m     [90m 212 |[39m   })[33m;[39m[22m
[2m     [90m 213 |[39m[0m[22m
[2m[22m
[2m      [2mat Object.<anonymous> ([22m[2m[0m[36mtests/integration/orchestrator/orchestrator.test.ts[39m[0m[2m:210:38)[22m[2m[22m

[1m[31m  [1m● [22m[1mOrchestrator Agent Integration Tests › Conversation Continuity › should maintain context across multiple queries[39m[22m

    [2mexpect([22m[31mreceived[39m[2m).[22mtoBeDefined[2m()[22m

    Received: [31mundefined[39m
[2m[22m
[2m    [0m [90m 230 |[39m       )[33m;[39m[22m
[2m     [90m 231 |[39m       [22m
[2m    [31m[1m>[22m[2m[39m[90m 232 |[39m       expect(query1[33m.[39mexecutionResult)[33m.[39mtoBeDefined()[33m;[39m[22m
[2m     [90m     |[39m                                      [31m[1m^[22m[2m[39m[22m
[2m     [90m 233 |[39m       expect(query2[33m.[39mexecutionResult)[33m.[39mtoBeDefined()[33m;[39m[22m
[2m     [90m 234 |[39m       [90m// Second query should understand context from first[39m[22m
[2m     [90m 235 |[39m       expect(query2[33m.[39mexecutionResult[33m![39m[33m.[39mresponse)[33m.[39mtoContain([32m'BTC'[39m)[33m;[39m[0m[22m
[2m[22m
[2m      [2mat Object.<anonymous> ([22m[2m[0m[36mtests/integration/orchestrator/orchestrator.test.ts[39m[0m[2m:232:38)[22m[2m[22m

[1m[31m  [1m● [22m[1mIntent Analysis Accuracy › should correctly identify "BTCを表示" as ui_control (not price_inquiry)[39m[22m

    [2mexpect([22m[31mreceived[39m[2m).[22mtoBe[2m([22m[32mexpected[39m[2m) // Object.is equality[22m

    Expected: [32m"[7mui_contro[27ml"[39m
    Received: [31m"[7mconversationa[27ml"[39m
[2m[22m
[2m    [0m [90m 268 |[39m[22m
[2m     [90m 269 |[39m       [36mtry[39m {[22m
[2m    [31m[1m>[22m[2m[39m[90m 270 |[39m         expect(result[33m.[39manalysis[33m.[39mintent)[33m.[39mtoBe(expectedIntent)[33m;[39m[22m
[2m     [90m     |[39m                                        [31m[1m^[22m[2m[39m[22m
[2m     [90m 271 |[39m         expect(result[33m.[39manalysis[33m.[39mintent)[33m.[39mnot[33m.[39mtoBe(notIntent)[33m;[39m[22m
[2m     [90m 272 |[39m         expect(result[33m.[39manalysis[33m.[39mconfidence)[33m.[39mtoBeGreaterThan([33mCONFIDENCE_THRESHOLD[39m)[33m;[39m[22m
[2m     [90m 273 |[39m         passed [33m=[39m [36mtrue[39m[33m;[39m[0m[22m
[2m[22m
[2m      [2mat [22m[2m[0m[36mtests/integration/orchestrator/orchestrator.test.ts[39m[0m[2m:270:40[22m[2m[22m

[1m[31m  [1m● [22m[1mIntent Analysis Accuracy › should correctly identify "ビットコインのチャートを見せて" as ui_control (not price_inquiry)[39m[22m

    [2mexpect([22m[31mreceived[39m[2m).[22mtoBe[2m([22m[32mexpected[39m[2m) // Object.is equality[22m

    Expected: [32m"[7mui_contro[27ml"[39m
    Received: [31m"[7mconversationa[27ml"[39m
[2m[22m
[2m    [0m [90m 268 |[39m[22m
[2m     [90m 269 |[39m       [36mtry[39m {[22m
[2m    [31m[1m>[22m[2m[39m[90m 270 |[39m         expect(result[33m.[39manalysis[33m.[39mintent)[33m.[39mtoBe(expectedIntent)[33m;[39m[22m
[2m     [90m     |[39m                                        [31m[1m^[22m[2m[39m[22m
[2m     [90m 271 |[39m         expect(result[33m.[39manalysis[33m.[39mintent)[33m.[39mnot[33m.[39mtoBe(notIntent)[33m;[39m[22m
[2m     [90m 272 |[39m         expect(result[33m.[39manalysis[33m.[39mconfidence)[33m.[39mtoBeGreaterThan([33mCONFIDENCE_THRESHOLD[39m)[33m;[39m[22m
[2m     [90m 273 |[39m         passed [33m=[39m [36mtrue[39m[33m;[39m[0m[22m
[2m[22m
[2m      [2mat [22m[2m[0m[36mtests/integration/orchestrator/orchestrator.test.ts[39m[0m[2m:270:40[22m[2m[22m

[1m[31m  [1m● [22m[1mIntent Analysis Accuracy › should correctly identify "ETHに切り替えて" as ui_control (not price_inquiry)[39m[22m

    [2mexpect([22m[31mreceived[39m[2m).[22mtoBe[2m([22m[32mexpected[39m[2m) // Object.is equality[22m

    Expected: [32m"[7mui_contro[27ml"[39m
    Received: [31m"[7mconversationa[27ml"[39m
[2m[22m
[2m    [0m [90m 268 |[39m[22m
[2m     [90m 269 |[39m       [36mtry[39m {[22m
[2m    [31m[1m>[22m[2m[39m[90m 270 |[39m         expect(result[33m.[39manalysis[33m.[39mintent)[33m.[39mtoBe(expectedIntent)[33m;[39m[22m
[2m     [90m     |[39m                                        [31m[1m^[22m[2m[39m[22m
[2m     [90m 271 |[39m         expect(result[33m.[39manalysis[33m.[39mintent)[33m.[39mnot[33m.[39mtoBe(notIntent)[33m;[39m[22m
[2m     [90m 272 |[39m         expect(result[33m.[39manalysis[33m.[39mconfidence)[33m.[39mtoBeGreaterThan([33mCONFIDENCE_THRESHOLD[39m)[33m;[39m[22m
[2m     [90m 273 |[39m         passed [33m=[39m [36mtrue[39m[33m;[39m[0m[22m
[2m[22m
[2m      [2mat [22m[2m[0m[36mtests/integration/orchestrator/orchestrator.test.ts[39m[0m[2m:270:40[22m[2m[22m

[1m[31m  [1m● [22m[1mIntent Analysis Accuracy › should correctly identify "BTCの価格はいくら？" as price_inquiry (not ui_control)[39m[22m

    [2mexpect([22m[31mreceived[39m[2m).[22mtoBe[2m([22m[32mexpected[39m[2m) // Object.is equality[22m

    Expected: [32m"price_inquiry"[39m
    Received: [31m"conversational"[39m
[2m[22m
[2m    [0m [90m 268 |[39m[22m
[2m     [90m 269 |[39m       [36mtry[39m {[22m
[2m    [31m[1m>[22m[2m[39m[90m 270 |[39m         expect(result[33m.[39manalysis[33m.[39mintent)[33m.[39mtoBe(expectedIntent)[33m;[39m[22m
[2m     [90m     |[39m                                        [31m[1m^[22m[2m[39m[22m
[2m     [90m 271 |[39m         expect(result[33m.[39manalysis[33m.[39mintent)[33m.[39mnot[33m.[39mtoBe(notIntent)[33m;[39m[22m
[2m     [90m 272 |[39m         expect(result[33m.[39manalysis[33m.[39mconfidence)[33m.[39mtoBeGreaterThan([33mCONFIDENCE_THRESHOLD[39m)[33m;[39m[22m
[2m     [90m 273 |[39m         passed [33m=[39m [36mtrue[39m[33m;[39m[0m[22m
[2m[22m
[2m      [2mat [22m[2m[0m[36mtests/integration/orchestrator/orchestrator.test.ts[39m[0m[2m:270:40[22m[2m[22m

[1m[31m  [1m● [22m[1mIntent Analysis Accuracy › should correctly identify "ビットコインの値段を教えて" as price_inquiry (not ui_control)[39m[22m

    [2mexpect([22m[31mreceived[39m[2m).[22mtoBe[2m([22m[32mexpected[39m[2m) // Object.is equality[22m

    Expected: [32m"price_inquiry"[39m
    Received: [31m"conversational"[39m
[2m[22m
[2m    [0m [90m 268 |[39m[22m
[2m     [90m 269 |[39m       [36mtry[39m {[22m
[2m    [31m[1m>[22m[2m[39m[90m 270 |[39m         expect(result[33m.[39manalysis[33m.[39mintent)[33m.[39mtoBe(expectedIntent)[33m;[39m[22m
[2m     [90m     |[39m                                        [31m[1m^[22m[2m[39m[22m
[2m     [90m 271 |[39m         expect(result[33m.[39manalysis[33m.[39mintent)[33m.[39mnot[33m.[39mtoBe(notIntent)[33m;[39m[22m
[2m     [90m 272 |[39m         expect(result[33m.[39manalysis[33m.[39mconfidence)[33m.[39mtoBeGreaterThan([33mCONFIDENCE_THRESHOLD[39m)[33m;[39m[22m
[2m     [90m 273 |[39m         passed [33m=[39m [36mtrue[39m[33m;[39m[0m[22m
[2m[22m
[2m      [2mat [22m[2m[0m[36mtests/integration/orchestrator/orchestrator.test.ts[39m[0m[2m:270:40[22m[2m[22m

[1m[31m  [1m● [22m[1mIntent Analysis Accuracy › should correctly identify "BTCの分析をして" as analysis (not price_inquiry)[39m[22m

    [2mexpect([22m[31mreceived[39m[2m).[22mtoBe[2m([22m[32mexpected[39m[2m) // Object.is equality[22m

    Expected: [32m"analysis"[39m
    Received: [31m"conversational"[39m
[2m[22m
[2m    [0m [90m 268 |[39m[22m
[2m     [90m 269 |[39m       [36mtry[39m {[22m
[2m    [31m[1m>[22m[2m[39m[90m 270 |[39m         expect(result[33m.[39manalysis[33m.[39mintent)[33m.[39mtoBe(expectedIntent)[33m;[39m[22m
[2m     [90m     |[39m                                        [31m[1m^[22m[2m[39m[22m
[2m     [90m 271 |[39m         expect(result[33m.[39manalysis[33m.[39mintent)[33m.[39mnot[33m.[39mtoBe(notIntent)[33m;[39m[22m
[2m     [90m 272 |[39m         expect(result[33m.[39manalysis[33m.[39mconfidence)[33m.[39mtoBeGreaterThan([33mCONFIDENCE_THRESHOLD[39m)[33m;[39m[22m
[2m     [90m 273 |[39m         passed [33m=[39m [36mtrue[39m[33m;[39m[0m[22m
[2m[22m
[2m      [2mat [22m[2m[0m[36mtests/integration/orchestrator/orchestrator.test.ts[39m[0m[2m:270:40[22m[2m[22m

[1m[31m  [1m● [22m[1mIntent Analysis Accuracy › should correctly identify "テクニカル分析をお願い" as analysis (not ui_control)[39m[22m

    [2mexpect([22m[31mreceived[39m[2m).[22mtoBe[2m([22m[32mexpected[39m[2m) // Object.is equality[22m

    Expected: [32m"analysis"[39m
    Received: [31m"conversational"[39m
[2m[22m
[2m    [0m [90m 268 |[39m[22m
[2m     [90m 269 |[39m       [36mtry[39m {[22m
[2m    [31m[1m>[22m[2m[39m[90m 270 |[39m         expect(result[33m.[39manalysis[33m.[39mintent)[33m.[39mtoBe(expectedIntent)[33m;[39m[22m
[2m     [90m     |[39m                                        [31m[1m^[22m[2m[39m[22m
[2m     [90m 271 |[39m         expect(result[33m.[39manalysis[33m.[39mintent)[33m.[39mnot[33m.[39mtoBe(notIntent)[33m;[39m[22m
[2m     [90m 272 |[39m         expect(result[33m.[39manalysis[33m.[39mconfidence)[33m.[39mtoBeGreaterThan([33mCONFIDENCE_THRESHOLD[39m)[33m;[39m[22m
[2m     [90m 273 |[39m         passed [33m=[39m [36mtrue[39m[33m;[39m[0m[22m
[2m[22m
[2m      [2mat [22m[2m[0m[36mtests/integration/orchestrator/orchestrator.test.ts[39m[0m[2m:270:40[22m[2m[22m

[1m[31m  [1m● [22m[1mAmbiguous and Multilingual Queries › should handle "BTC価格チャート" correctly[39m[22m

    [2mexpect([22m[31mreceived[39m[2m).[22mtoBe[2m([22m[32mexpected[39m[2m) // Object.is equality[22m

    Expected: [32m"price_inquiry"[39m
    Received: [31m"conversational"[39m
[2m[22m
[2m    [0m [90m 302 |[39m     [36mconst[39m result [33m=[39m [36mawait[39m executeImprovedOrchestrator(query[33m,[39m testSessionId[33m,[39m defaultContext)[33m;[39m[22m
[2m     [90m 303 |[39m[22m
[2m    [31m[1m>[22m[2m[39m[90m 304 |[39m     expect(result[33m.[39manalysis[33m.[39mintent)[33m.[39mtoBe(expectedIntent)[33m;[39m[22m
[2m     [90m     |[39m                                    [31m[1m^[22m[2m[39m[22m
[2m     [90m 305 |[39m     expect(result[33m.[39manalysis[33m.[39mconfidence)[33m.[39mtoBeGreaterThan([33mCONFIDENCE_THRESHOLD[39m)[33m;[39m[22m
[2m     [90m 306 |[39m     expect(result[33m.[39mexecutionResult)[33m.[39mtoBeDefined()[33m;[39m[22m
[2m     [90m 307 |[39m[0m[22m
[2m[22m
[2m      [2mat [22m[2m[0m[36mtests/integration/orchestrator/orchestrator.test.ts[39m[0m[2m:304:36[22m[2m[22m

[1m[31m  [1m● [22m[1mAmbiguous and Multilingual Queries › should handle "チャートのビットコイン価格" correctly[39m[22m

    [2mexpect([22m[31mreceived[39m[2m).[22mtoBe[2m([22m[32mexpected[39m[2m) // Object.is equality[22m

    Expected: [32m"price_inquiry"[39m
    Received: [31m"conversational"[39m
[2m[22m
[2m    [0m [90m 302 |[39m     [36mconst[39m result [33m=[39m [36mawait[39m executeImprovedOrchestrator(query[33m,[39m testSessionId[33m,[39m defaultContext)[33m;[39m[22m
[2m     [90m 303 |[39m[22m
[2m    [31m[1m>[22m[2m[39m[90m 304 |[39m     expect(result[33m.[39manalysis[33m.[39mintent)[33m.[39mtoBe(expectedIntent)[33m;[39m[22m
[2m     [90m     |[39m                                    [31m[1m^[22m[2m[39m[22m
[2m     [90m 305 |[39m     expect(result[33m.[39manalysis[33m.[39mconfidence)[33m.[39mtoBeGreaterThan([33mCONFIDENCE_THRESHOLD[39m)[33m;[39m[22m
[2m     [90m 306 |[39m     expect(result[33m.[39mexecutionResult)[33m.[39mtoBeDefined()[33m;[39m[22m
[2m     [90m 307 |[39m[0m[22m
[2m[22m
[2m      [2mat [22m[2m[0m[36mtests/integration/orchestrator/orchestrator.test.ts[39m[0m[2m:304:36[22m[2m[22m

[1m[31m  [1m● [22m[1mAmbiguous and Multilingual Queries › should handle "価格チャートを表示" correctly[39m[22m

    [2mexpect([22m[31mreceived[39m[2m).[22mtoBe[2m([22m[32mexpected[39m[2m) // Object.is equality[22m

    Expected: [32m"[7mui_contro[27ml"[39m
    Received: [31m"[7mconversationa[27ml"[39m
[2m[22m
[2m    [0m [90m 302 |[39m     [36mconst[39m result [33m=[39m [36mawait[39m executeImprovedOrchestrator(query[33m,[39m testSessionId[33m,[39m defaultContext)[33m;[39m[22m
[2m     [90m 303 |[39m[22m
[2m    [31m[1m>[22m[2m[39m[90m 304 |[39m     expect(result[33m.[39manalysis[33m.[39mintent)[33m.[39mtoBe(expectedIntent)[33m;[39m[22m
[2m     [90m     |[39m                                    [31m[1m^[22m[2m[39m[22m
[2m     [90m 305 |[39m     expect(result[33m.[39manalysis[33m.[39mconfidence)[33m.[39mtoBeGreaterThan([33mCONFIDENCE_THRESHOLD[39m)[33m;[39m[22m
[2m     [90m 306 |[39m     expect(result[33m.[39mexecutionResult)[33m.[39mtoBeDefined()[33m;[39m[22m
[2m     [90m 307 |[39m[0m[22m
[2m[22m
[2m      [2mat [22m[2m[0m[36mtests/integration/orchestrator/orchestrator.test.ts[39m[0m[2m:304:36[22m[2m[22m

[1m[31m  [1m● [22m[1mAmbiguous and Multilingual Queries › should handle "What is the price of Bitcoin?" correctly[39m[22m

    [2mexpect([22m[31mreceived[39m[2m).[22mtoBe[2m([22m[32mexpected[39m[2m) // Object.is equality[22m

    Expected: [32m"price_inquiry"[39m
    Received: [31m"conversational"[39m
[2m[22m
[2m    [0m [90m 302 |[39m     [36mconst[39m result [33m=[39m [36mawait[39m executeImprovedOrchestrator(query[33m,[39m testSessionId[33m,[39m defaultContext)[33m;[39m[22m
[2m     [90m 303 |[39m[22m
[2m    [31m[1m>[22m[2m[39m[90m 304 |[39m     expect(result[33m.[39manalysis[33m.[39mintent)[33m.[39mtoBe(expectedIntent)[33m;[39m[22m
[2m     [90m     |[39m                                    [31m[1m^[22m[2m[39m[22m
[2m     [90m 305 |[39m     expect(result[33m.[39manalysis[33m.[39mconfidence)[33m.[39mtoBeGreaterThan([33mCONFIDENCE_THRESHOLD[39m)[33m;[39m[22m
[2m     [90m 306 |[39m     expect(result[33m.[39mexecutionResult)[33m.[39mtoBeDefined()[33m;[39m[22m
[2m     [90m 307 |[39m[0m[22m
[2m[22m
[2m      [2mat [22m[2m[0m[36mtests/integration/orchestrator/orchestrator.test.ts[39m[0m[2m:304:36[22m[2m[22m

[1m[31m  [1m● [22m[1mAmbiguous and Multilingual Queries › should handle "¿Cuál es el precio de Bitcoin?" correctly[39m[22m

    [2mexpect([22m[31mreceived[39m[2m).[22mtoBe[2m([22m[32mexpected[39m[2m) // Object.is equality[22m

    Expected: [32m"price_inquiry"[39m
    Received: [31m"conversational"[39m
[2m[22m
[2m    [0m [90m 302 |[39m     [36mconst[39m result [33m=[39m [36mawait[39m executeImprovedOrchestrator(query[33m,[39m testSessionId[33m,[39m defaultContext)[33m;[39m[22m
[2m     [90m 303 |[39m[22m
[2m    [31m[1m>[22m[2m[39m[90m 304 |[39m     expect(result[33m.[39manalysis[33m.[39mintent)[33m.[39mtoBe(expectedIntent)[33m;[39m[22m
[2m     [90m     |[39m                                    [31m[1m^[22m[2m[39m[22m
[2m     [90m 305 |[39m     expect(result[33m.[39manalysis[33m.[39mconfidence)[33m.[39mtoBeGreaterThan([33mCONFIDENCE_THRESHOLD[39m)[33m;[39m[22m
[2m     [90m 306 |[39m     expect(result[33m.[39mexecutionResult)[33m.[39mtoBeDefined()[33m;[39m[22m
[2m     [90m 307 |[39m[0m[22m
[2m[22m
[2m      [2mat [22m[2m[0m[36mtests/integration/orchestrator/orchestrator.test.ts[39m[0m[2m:304:36[22m[2m[22m

[1m[31m  [1m● [22m[1mAmbiguous and Multilingual Queries › should handle "比特币价格是多少？" correctly[39m[22m

    [2mexpect([22m[31mreceived[39m[2m).[22mtoBe[2m([22m[32mexpected[39m[2m) // Object.is equality[22m

    Expected: [32m"price_inquiry"[39m
    Received: [31m"conversational"[39m
[2m[22m
[2m    [0m [90m 302 |[39m     [36mconst[39m result [33m=[39m [36mawait[39m executeImprovedOrchestrator(query[33m,[39m testSessionId[33m,[39m defaultContext)[33m;[39m[22m
[2m     [90m 303 |[39m[22m
[2m    [31m[1m>[22m[2m[39m[90m 304 |[39m     expect(result[33m.[39manalysis[33m.[39mintent)[33m.[39mtoBe(expectedIntent)[33m;[39m[22m
[2m     [90m     |[39m                                    [31m[1m^[22m[2m[39m[22m
[2m     [90m 305 |[39m     expect(result[33m.[39manalysis[33m.[39mconfidence)[33m.[39mtoBeGreaterThan([33mCONFIDENCE_THRESHOLD[39m)[33m;[39m[22m
[2m     [90m 306 |[39m     expect(result[33m.[39mexecutionResult)[33m.[39mtoBeDefined()[33m;[39m[22m
[2m     [90m 307 |[39m[0m[22m
[2m[22m
[2m      [2mat [22m[2m[0m[36mtests/integration/orchestrator/orchestrator.test.ts[39m[0m[2m:304:36[22m[2m[22m

[0m[7m[1m[31m FAIL [39m[22m[27m[0m [0m[7m[37m unit [39m[27m[0m [2mtests/unit/lib/ml/[22m[1mline-predictor.test.ts[22m
[1m[31m  [1m● [22m[1mLineQualityPredictor › predictLineSuccess › should predict line success with ML model when ready[39m[22m

    [2mexpect([22m[31mreceived[39m[2m).[22mtoBeGreaterThan[2m([22m[32mexpected[39m[2m)[22m

    Expected: > [32m0[39m
    Received:   [31m0[39m
[2m[22m
[2m    [0m [90m 123 |[39m       expect(prediction[33m.[39mconfidenceInterval)[33m.[39mtoEqual([[35m0.75[39m[33m,[39m [35m0.95[39m])[33m;[39m[22m
[2m     [90m 124 |[39m       expect(prediction[33m.[39mreasoning)[33m.[39mtoBeInstanceOf([33mArray[39m)[33m;[39m[22m
[2m    [31m[1m>[22m[2m[39m[90m 125 |[39m       expect(prediction[33m.[39mreasoning[33m.[39mlength)[33m.[39mtoBeGreaterThan([35m0[39m)[33m;[39m[22m
[2m     [90m     |[39m                                           [31m[1m^[22m[2m[39m[22m
[2m     [90m 126 |[39m     })[33m;[39m[22m
[2m     [90m 127 |[39m[22m
[2m     [90m 128 |[39m     it([32m'should fall back to rule-based prediction when model not ready'[39m[33m,[39m [36masync[39m () [33m=>[39m {[0m[22m
[2m[22m
[2m      [2mat Object.<anonymous> ([22m[2m[0m[36mtests/unit/lib/ml/line-predictor.test.ts[39m[0m[2m:125:43)[22m[2m[22m

[1m[31m  [1m● [22m[1mLineQualityPredictor › Edge cases and error handling › should handle empty normalized features array[39m[22m

    [2mexpect([22m[31mreceived[39m[2m).[22mtoBeGreaterThanOrEqual[2m([22m[32mexpected[39m[2m)[22m

    Expected: >= [32m0[39m
    Received:    [31mNaN[39m
[2m[22m
[2m    [0m [90m 388 |[39m       [22m
[2m     [90m 389 |[39m       expect(prediction)[33m.[39mtoBeDefined()[33m;[39m[22m
[2m    [31m[1m>[22m[2m[39m[90m 390 |[39m       expect(prediction[33m.[39msuccessProbability)[33m.[39mtoBeGreaterThanOrEqual([35m0[39m)[33m;[39m[22m
[2m     [90m     |[39m                                             [31m[1m^[22m[2m[39m[22m
[2m     [90m 391 |[39m     })[33m;[39m[22m
[2m     [90m 392 |[39m[22m
[2m     [90m 393 |[39m     it([32m'should handle extreme feature values in reasoning'[39m[33m,[39m [36masync[39m () [33m=>[39m {[0m[22m
[2m[22m
[2m      [2mat Object.<anonymous> ([22m[2m[0m[36mtests/unit/lib/ml/line-predictor.test.ts[39m[0m[2m:390:45)[22m[2m[22m

[0m[7m[1m[31m FAIL [39m[22m[27m[0m [0m[7m[37m unit [39m[27m[0m [2mtests/unit/lib/mastra/utils/[22m[1mintent.test.ts[22m
[1m[31m  [1m● [22m[1mIntent Analysis Utility › Basic Intent Detection › Small Talk › should detect small talk: "今日は暑いね"[39m[22m

    [2mexpect([22m[31mreceived[39m[2m).[22mtoBe[2m([22m[32mexpected[39m[2m) // Object.is equality[22m

    Expected: [32m"[7msmall_t[27mal[7mk[27m"[39m
    Received: [31m"[7mconversation[27mal"[39m
[2m[22m
[2m    [0m [90m 34 |[39m       test[33m.[39meach(smallTalkTests)([32m'should detect small talk: "%s"'[39m[33m,[39m (input) [33m=>[39m {[22m
[2m     [90m 35 |[39m         [36mconst[39m result [33m=[39m analyzeIntent(input)[33m;[39m[22m
[2m    [31m[1m>[22m[2m[39m[90m 36 |[39m         expect(result[33m.[39mintent)[33m.[39mtoBe([32m'small_talk'[39m)[33m;[39m[22m
[2m     [90m    |[39m                               [31m[1m^[22m[2m[39m[22m
[2m     [90m 37 |[39m         expect(result[33m.[39mconfidence)[33m.[39mtoBeGreaterThanOrEqual([35m0.8[39m)[33m;[39m[22m
[2m     [90m 38 |[39m       })[33m;[39m[22m
[2m     [90m 39 |[39m     })[33m;[39m[0m[22m
[2m[22m
[2m      [2mat [22m[2m[0m[36mtests/unit/lib/mastra/utils/intent.test.ts[39m[0m[2m:36:31[22m[2m[22m

[1m[31m  [1m● [22m[1mIntent Analysis Utility › Basic Intent Detection › Market Chat › should detect market chat: "最近の市場はどう？"[39m[22m

    [2mexpect([22m[31mreceived[39m[2m).[22mtoBe[2m([22m[32mexpected[39m[2m) // Object.is equality[22m

    Expected: [32m"market_chat"[39m
    Received: [31m"trading_analysis"[39m
[2m[22m
[2m    [0m [90m 50 |[39m       test[33m.[39meach(marketChatTests)([32m'should detect market chat: "%s"'[39m[33m,[39m (input) [33m=>[39m {[22m
[2m     [90m 51 |[39m         [36mconst[39m result [33m=[39m analyzeIntent(input)[33m;[39m[22m
[2m    [31m[1m>[22m[2m[39m[90m 52 |[39m         expect(result[33m.[39mintent)[33m.[39mtoBe([32m'market_chat'[39m)[33m;[39m[22m
[2m     [90m    |[39m                               [31m[1m^[22m[2m[39m[22m
[2m     [90m 53 |[39m         expect(result[33m.[39mconfidence)[33m.[39mtoBeGreaterThanOrEqual([35m0.7[39m)[33m;[39m[22m
[2m     [90m 54 |[39m         expect(result[33m.[39mconversationMode)[33m.[39mtoBe([32m'casual'[39m)[33m;[39m[22m
[2m     [90m 55 |[39m       })[33m;[39m[0m[22m
[2m[22m
[2m      [2mat [22m[2m[0m[36mtests/unit/lib/mastra/utils/intent.test.ts[39m[0m[2m:52:31[22m[2m[22m

[1m[31m  [1m● [22m[1mIntent Analysis Utility › Basic Intent Detection › Market Chat › should detect market chat: "ビットコインの将来性"[39m[22m

    [2mexpect([22m[31mreceived[39m[2m).[22mtoBe[2m([22m[32mexpected[39m[2m) // Object.is equality[22m

    Expected: [32m"market_chat"[39m
    Received: [31m"trading_analysis"[39m
[2m[22m
[2m    [0m [90m 50 |[39m       test[33m.[39meach(marketChatTests)([32m'should detect market chat: "%s"'[39m[33m,[39m (input) [33m=>[39m {[22m
[2m     [90m 51 |[39m         [36mconst[39m result [33m=[39m analyzeIntent(input)[33m;[39m[22m
[2m    [31m[1m>[22m[2m[39m[90m 52 |[39m         expect(result[33m.[39mintent)[33m.[39mtoBe([32m'market_chat'[39m)[33m;[39m[22m
[2m     [90m    |[39m                               [31m[1m^[22m[2m[39m[22m
[2m     [90m 53 |[39m         expect(result[33m.[39mconfidence)[33m.[39mtoBeGreaterThanOrEqual([35m0.7[39m)[33m;[39m[22m
[2m     [90m 54 |[39m         expect(result[33m.[39mconversationMode)[33m.[39mtoBe([32m'casual'[39m)[33m;[39m[22m
[2m     [90m 55 |[39m       })[33m;[39m[0m[22m
[2m[22m
[2m      [2mat [22m[2m[0m[36mtests/unit/lib/mastra/utils/intent.test.ts[39m[0m[2m:52:31[22m[2m[22m

[1m[31m  [1m● [22m[1mIntent Analysis Utility › Basic Intent Detection › Market Chat › should detect market chat: "市場のトレンド"[39m[22m

    [2mexpect([22m[31mreceived[39m[2m).[22mtoBe[2m([22m[32mexpected[39m[2m) // Object.is equality[22m

    Expected: [32m"market_chat"[39m
    Received: [31m"trading_analysis"[39m
[2m[22m
[2m    [0m [90m 50 |[39m       test[33m.[39meach(marketChatTests)([32m'should detect market chat: "%s"'[39m[33m,[39m (input) [33m=>[39m {[22m
[2m     [90m 51 |[39m         [36mconst[39m result [33m=[39m analyzeIntent(input)[33m;[39m[22m
[2m    [31m[1m>[22m[2m[39m[90m 52 |[39m         expect(result[33m.[39mintent)[33m.[39mtoBe([32m'market_chat'[39m)[33m;[39m[22m
[2m     [90m    |[39m                               [31m[1m^[22m[2m[39m[22m
[2m     [90m 53 |[39m         expect(result[33m.[39mconfidence)[33m.[39mtoBeGreaterThanOrEqual([35m0.7[39m)[33m;[39m[22m
[2m     [90m 54 |[39m         expect(result[33m.[39mconversationMode)[33m.[39mtoBe([32m'casual'[39m)[33m;[39m[22m
[2m     [90m 55 |[39m       })[33m;[39m[0m[22m
[2m[22m
[2m      [2mat [22m[2m[0m[36mtests/unit/lib/mastra/utils/intent.test.ts[39m[0m[2m:52:31[22m[2m[22m

[1m[31m  [1m● [22m[1mIntent Analysis Utility › Technical Intent Detection › UI Control › should detect UI control: "チャートを表示"[39m[22m

    [2mexpect([22m[31mreceived[39m[2m).[22mtoBe[2m([22m[32mexpected[39m[2m) // Object.is equality[22m

    Expected: [32m"[7mui_contro[27ml"[39m
    Received: [31m"[7mconversationa[27ml"[39m
[2m[22m
[2m    [0m [90m 89 |[39m       test[33m.[39meach(uiTests)([32m'should detect UI control: "%s"'[39m[33m,[39m (input) [33m=>[39m {[22m
[2m     [90m 90 |[39m         [36mconst[39m result [33m=[39m analyzeIntent(input)[33m;[39m[22m
[2m    [31m[1m>[22m[2m[39m[90m 91 |[39m         expect(result[33m.[39mintent)[33m.[39mtoBe([32m'ui_control'[39m)[33m;[39m[22m
[2m     [90m    |[39m                               [31m[1m^[22m[2m[39m[22m
[2m     [90m 92 |[39m         expect(result[33m.[39mconfidence)[33m.[39mtoBeGreaterThanOrEqual([35m0.8[39m)[33m;[39m[22m
[2m     [90m 93 |[39m         expect(result[33m.[39mrequiresWorkflow)[33m.[39mtoBe([36mtrue[39m)[33m;[39m[22m
[2m     [90m 94 |[39m       })[33m;[39m[0m[22m
[2m[22m
[2m      [2mat [22m[2m[0m[36mtests/unit/lib/mastra/utils/intent.test.ts[39m[0m[2m:91:31[22m[2m[22m

[1m[31m  [1m● [22m[1mIntent Analysis Utility › Technical Intent Detection › UI Control › should detect UI control: "BTCに切り替えて"[39m[22m

    [2mexpect([22m[31mreceived[39m[2m).[22mtoBe[2m([22m[32mexpected[39m[2m) // Object.is equality[22m

    Expected: [32mtrue[39m
    Received: [31mfalse[39m
[2m[22m
[2m    [0m [90m 91 |[39m         expect(result[33m.[39mintent)[33m.[39mtoBe([32m'ui_control'[39m)[33m;[39m[22m
[2m     [90m 92 |[39m         expect(result[33m.[39mconfidence)[33m.[39mtoBeGreaterThanOrEqual([35m0.8[39m)[33m;[39m[22m
[2m    [31m[1m>[22m[2m[39m[90m 93 |[39m         expect(result[33m.[39mrequiresWorkflow)[33m.[39mtoBe([36mtrue[39m)[33m;[39m[22m
[2m     [90m    |[39m                                         [31m[1m^[22m[2m[39m[22m
[2m     [90m 94 |[39m       })[33m;[39m[22m
[2m     [90m 95 |[39m     })[33m;[39m[22m
[2m     [90m 96 |[39m[0m[22m
[2m[22m
[2m      [2mat [22m[2m[0m[36mtests/unit/lib/mastra/utils/intent.test.ts[39m[0m[2m:93:41[22m[2m[22m

[1m[31m  [1m● [22m[1mIntent Analysis Utility › Technical Intent Detection › UI Control › should detect UI control: "トレンドラインを描いて"[39m[22m

    [2mexpect([22m[31mreceived[39m[2m).[22mtoBe[2m([22m[32mexpected[39m[2m) // Object.is equality[22m

    Expected: [32mtrue[39m
    Received: [31mfalse[39m
[2m[22m
[2m    [0m [90m 91 |[39m         expect(result[33m.[39mintent)[33m.[39mtoBe([32m'ui_control'[39m)[33m;[39m[22m
[2m     [90m 92 |[39m         expect(result[33m.[39mconfidence)[33m.[39mtoBeGreaterThanOrEqual([35m0.8[39m)[33m;[39m[22m
[2m    [31m[1m>[22m[2m[39m[90m 93 |[39m         expect(result[33m.[39mrequiresWorkflow)[33m.[39mtoBe([36mtrue[39m)[33m;[39m[22m
[2m     [90m    |[39m                                         [31m[1m^[22m[2m[39m[22m
[2m     [90m 94 |[39m       })[33m;[39m[22m
[2m     [90m 95 |[39m     })[33m;[39m[22m
[2m     [90m 96 |[39m[0m[22m
[2m[22m
[2m      [2mat [22m[2m[0m[36mtests/unit/lib/mastra/utils/intent.test.ts[39m[0m[2m:93:41[22m[2m[22m

[1m[31m  [1m● [22m[1mIntent Analysis Utility › Technical Intent Detection › UI Control › should detect UI control: "15分足に変更"[39m[22m

    [2mexpect([22m[31mreceived[39m[2m).[22mtoBe[2m([22m[32mexpected[39m[2m) // Object.is equality[22m

    Expected: [32m"[7mui_contro[27ml"[39m
    Received: [31m"[7mconversationa[27ml"[39m
[2m[22m
[2m    [0m [90m 89 |[39m       test[33m.[39meach(uiTests)([32m'should detect UI control: "%s"'[39m[33m,[39m (input) [33m=>[39m {[22m
[2m     [90m 90 |[39m         [36mconst[39m result [33m=[39m analyzeIntent(input)[33m;[39m[22m
[2m    [31m[1m>[22m[2m[39m[90m 91 |[39m         expect(result[33m.[39mintent)[33m.[39mtoBe([32m'ui_control'[39m)[33m;[39m[22m
[2m     [90m    |[39m                               [31m[1m^[22m[2m[39m[22m
[2m     [90m 92 |[39m         expect(result[33m.[39mconfidence)[33m.[39mtoBeGreaterThanOrEqual([35m0.8[39m)[33m;[39m[22m
[2m     [90m 93 |[39m         expect(result[33m.[39mrequiresWorkflow)[33m.[39mtoBe([36mtrue[39m)[33m;[39m[22m
[2m     [90m 94 |[39m       })[33m;[39m[0m[22m
[2m[22m
[2m      [2mat [22m[2m[0m[36mtests/unit/lib/mastra/utils/intent.test.ts[39m[0m[2m:91:31[22m[2m[22m

[1m[31m  [1m● [22m[1mIntent Analysis Utility › Technical Intent Detection › UI Control › should detect UI control: "インジケーターを追加"[39m[22m

    [2mexpect([22m[31mreceived[39m[2m).[22mtoBe[2m([22m[32mexpected[39m[2m) // Object.is equality[22m

    Expected: [32m"[7mui_contro[27ml"[39m
    Received: [31m"[7mconversationa[27ml"[39m
[2m[22m
[2m    [0m [90m 89 |[39m       test[33m.[39meach(uiTests)([32m'should detect UI control: "%s"'[39m[33m,[39m (input) [33m=>[39m {[22m
[2m     [90m 90 |[39m         [36mconst[39m result [33m=[39m analyzeIntent(input)[33m;[39m[22m
[2m    [31m[1m>[22m[2m[39m[90m 91 |[39m         expect(result[33m.[39mintent)[33m.[39mtoBe([32m'ui_control'[39m)[33m;[39m[22m
[2m     [90m    |[39m                               [31m[1m^[22m[2m[39m[22m
[2m     [90m 92 |[39m         expect(result[33m.[39mconfidence)[33m.[39mtoBeGreaterThanOrEqual([35m0.8[39m)[33m;[39m[22m
[2m     [90m 93 |[39m         expect(result[33m.[39mrequiresWorkflow)[33m.[39mtoBe([36mtrue[39m)[33m;[39m[22m
[2m     [90m 94 |[39m       })[33m;[39m[0m[22m
[2m[22m
[2m      [2mat [22m[2m[0m[36mtests/unit/lib/mastra/utils/intent.test.ts[39m[0m[2m:91:31[22m[2m[22m

[1m[31m  [1m● [22m[1mIntent Analysis Utility › Technical Intent Detection › UI Control › should detect UI control: "ズームイン"[39m[22m

    [2mexpect([22m[31mreceived[39m[2m).[22mtoBe[2m([22m[32mexpected[39m[2m) // Object.is equality[22m

    Expected: [32mtrue[39m
    Received: [31mfalse[39m
[2m[22m
[2m    [0m [90m 91 |[39m         expect(result[33m.[39mintent)[33m.[39mtoBe([32m'ui_control'[39m)[33m;[39m[22m
[2m     [90m 92 |[39m         expect(result[33m.[39mconfidence)[33m.[39mtoBeGreaterThanOrEqual([35m0.8[39m)[33m;[39m[22m
[2m    [31m[1m>[22m[2m[39m[90m 93 |[39m         expect(result[33m.[39mrequiresWorkflow)[33m.[39mtoBe([36mtrue[39m)[33m;[39m[22m
[2m     [90m    |[39m                                         [31m[1m^[22m[2m[39m[22m
[2m     [90m 94 |[39m       })[33m;[39m[22m
[2m     [90m 95 |[39m     })[33m;[39m[22m
[2m     [90m 96 |[39m[0m[22m
[2m[22m
[2m      [2mat [22m[2m[0m[36mtests/unit/lib/mastra/utils/intent.test.ts[39m[0m[2m:93:41[22m[2m[22m

[1m[31m  [1m● [22m[1mIntent Analysis Utility › Technical Intent Detection › UI Control › should detect UI control: "チャートをリセット"[39m[22m

    [2mexpect([22m[31mreceived[39m[2m).[22mtoBe[2m([22m[32mexpected[39m[2m) // Object.is equality[22m

    Expected: [32m"[7mui_contro[27ml"[39m
    Received: [31m"[7mconversationa[27ml"[39m
[2m[22m
[2m    [0m [90m 89 |[39m       test[33m.[39meach(uiTests)([32m'should detect UI control: "%s"'[39m[33m,[39m (input) [33m=>[39m {[22m
[2m     [90m 90 |[39m         [36mconst[39m result [33m=[39m analyzeIntent(input)[33m;[39m[22m
[2m    [31m[1m>[22m[2m[39m[90m 91 |[39m         expect(result[33m.[39mintent)[33m.[39mtoBe([32m'ui_control'[39m)[33m;[39m[22m
[2m     [90m    |[39m                               [31m[1m^[22m[2m[39m[22m
[2m     [90m 92 |[39m         expect(result[33m.[39mconfidence)[33m.[39mtoBeGreaterThanOrEqual([35m0.8[39m)[33m;[39m[22m
[2m     [90m 93 |[39m         expect(result[33m.[39mrequiresWorkflow)[33m.[39mtoBe([36mtrue[39m)[33m;[39m[22m
[2m     [90m 94 |[39m       })[33m;[39m[0m[22m
[2m[22m
[2m      [2mat [22m[2m[0m[36mtests/unit/lib/mastra/utils/intent.test.ts[39m[0m[2m:91:31[22m[2m[22m

[1m[31m  [1m● [22m[1mIntent Analysis Utility › Technical Intent Detection › Trading Analysis › should detect trading analysis: "技術分析をして"[39m[22m

    [2mexpect([22m[31mreceived[39m[2m).[22mtoBe[2m([22m[32mexpected[39m[2m) // Object.is equality[22m

    Expected: [32m"comprehensive"[39m
    Received: [31m"detailed"[39m
[2m[22m
[2m    [0m [90m 108 |[39m         expect(result[33m.[39mintent)[33m.[39mtoBe([32m'trading_analysis'[39m)[33m;[39m[22m
[2m     [90m 109 |[39m         expect(result[33m.[39mconfidence)[33m.[39mtoBeGreaterThanOrEqual([35m0.8[39m)[33m;[39m[22m
[2m    [31m[1m>[22m[2m[39m[90m 110 |[39m         expect(result[33m.[39manalysisDepth)[33m.[39mtoBe(depth)[33m;[39m[22m
[2m     [90m     |[39m                                      [31m[1m^[22m[2m[39m[22m
[2m     [90m 111 |[39m         expect(result[33m.[39mrequiresWorkflow)[33m.[39mtoBe([36mtrue[39m)[33m;[39m[22m
[2m     [90m 112 |[39m       })[33m;[39m[22m
[2m     [90m 113 |[39m     })[33m;[39m[0m[22m
[2m[22m
[2m      [2mat [22m[2m[0m[36mtests/unit/lib/mastra/utils/intent.test.ts[39m[0m[2m:110:38[22m[2m[22m

[1m[31m  [1m● [22m[1mIntent Analysis Utility › Technical Intent Detection › Trading Analysis › should detect trading analysis: "RSIを見て"[39m[22m

    [2mexpect([22m[31mreceived[39m[2m).[22mtoBe[2m([22m[32mexpected[39m[2m) // Object.is equality[22m

    Expected: [32m"trading_analysis"[39m
    Received: [31m"conversational"[39m
[2m[22m
[2m    [0m [90m 106 |[39m       test[33m.[39meach(analysisTests)([32m'should detect trading analysis: "$input"'[39m[33m,[39m ({ input[33m,[39m depth }) [33m=>[39m {[22m
[2m     [90m 107 |[39m         [36mconst[39m result [33m=[39m analyzeIntent(input)[33m;[39m[22m
[2m    [31m[1m>[22m[2m[39m[90m 108 |[39m         expect(result[33m.[39mintent)[33m.[39mtoBe([32m'trading_analysis'[39m)[33m;[39m[22m
[2m     [90m     |[39m                               [31m[1m^[22m[2m[39m[22m
[2m     [90m 109 |[39m         expect(result[33m.[39mconfidence)[33m.[39mtoBeGreaterThanOrEqual([35m0.8[39m)[33m;[39m[22m
[2m     [90m 110 |[39m         expect(result[33m.[39manalysisDepth)[33m.[39mtoBe(depth)[33m;[39m[22m
[2m     [90m 111 |[39m         expect(result[33m.[39mrequiresWorkflow)[33m.[39mtoBe([36mtrue[39m)[33m;[39m[0m[22m
[2m[22m
[2m      [2mat [22m[2m[0m[36mtests/unit/lib/mastra/utils/intent.test.ts[39m[0m[2m:108:31[22m[2m[22m

[1m[31m  [1m● [22m[1mIntent Analysis Utility › Technical Intent Detection › Trading Analysis › should detect trading analysis: "サポートとレジスタンス"[39m[22m

    [2mexpect([22m[31mreceived[39m[2m).[22mtoBe[2m([22m[32mexpected[39m[2m) // Object.is equality[22m

    Expected: [32m"trading_analysis"[39m
    Received: [31m"ui_control"[39m
[2m[22m
[2m    [0m [90m 106 |[39m       test[33m.[39meach(analysisTests)([32m'should detect trading analysis: "$input"'[39m[33m,[39m ({ input[33m,[39m depth }) [33m=>[39m {[22m
[2m     [90m 107 |[39m         [36mconst[39m result [33m=[39m analyzeIntent(input)[33m;[39m[22m
[2m    [31m[1m>[22m[2m[39m[90m 108 |[39m         expect(result[33m.[39mintent)[33m.[39mtoBe([32m'trading_analysis'[39m)[33m;[39m[22m
[2m     [90m     |[39m                               [31m[1m^[22m[2m[39m[22m
[2m     [90m 109 |[39m         expect(result[33m.[39mconfidence)[33m.[39mtoBeGreaterThanOrEqual([35m0.8[39m)[33m;[39m[22m
[2m     [90m 110 |[39m         expect(result[33m.[39manalysisDepth)[33m.[39mtoBe(depth)[33m;[39m[22m
[2m     [90m 111 |[39m         expect(result[33m.[39mrequiresWorkflow)[33m.[39mtoBe([36mtrue[39m)[33m;[39m[0m[22m
[2m[22m
[2m      [2mat [22m[2m[0m[36mtests/unit/lib/mastra/utils/intent.test.ts[39m[0m[2m:108:31[22m[2m[22m

[1m[31m  [1m● [22m[1mIntent Analysis Utility › Proposal Detection › should detect proposal: "トレンドラインで提案"[39m[22m

    [2mexpect([22m[31mreceived[39m[2m).[22mtoBe[2m([22m[32mexpected[39m[2m) // Object.is equality[22m

    Expected: [32mfalse[39m
    Received: [31mundefined[39m
[2m[22m
[2m    [0m [90m 129 |[39m       expect(result[33m.[39misProposalMode)[33m.[39mtoBe([36mtrue[39m)[33m;[39m[22m
[2m     [90m 130 |[39m       expect(result[33m.[39mproposalType)[33m.[39mtoBe(type)[33m;[39m[22m
[2m    [31m[1m>[22m[2m[39m[90m 131 |[39m       expect(result[33m.[39misEntryProposal)[33m.[39mtoBe(isEntry)[33m;[39m[22m
[2m     [90m     |[39m                                      [31m[1m^[22m[2m[39m[22m
[2m     [90m 132 |[39m       expect(result[33m.[39mrequiresWorkflow)[33m.[39mtoBe([36mtrue[39m)[33m;[39m[22m
[2m     [90m 133 |[39m     })[33m;[39m[22m
[2m     [90m 134 |[39m   })[33m;[39m[0m[22m
[2m[22m
[2m      [2mat [22m[2m[0m[36mtests/unit/lib/mastra/utils/intent.test.ts[39m[0m[2m:131:38[22m[2m[22m

[1m[31m  [1m● [22m[1mIntent Analysis Utility › Proposal Detection › should detect proposal: "サポートベースで提案"[39m[22m

    [2mexpect([22m[31mreceived[39m[2m).[22mtoBe[2m([22m[32mexpected[39m[2m) // Object.is equality[22m

    Expected: [32mfalse[39m
    Received: [31mundefined[39m
[2m[22m
[2m    [0m [90m 129 |[39m       expect(result[33m.[39misProposalMode)[33m.[39mtoBe([36mtrue[39m)[33m;[39m[22m
[2m     [90m 130 |[39m       expect(result[33m.[39mproposalType)[33m.[39mtoBe(type)[33m;[39m[22m
[2m    [31m[1m>[22m[2m[39m[90m 131 |[39m       expect(result[33m.[39misEntryProposal)[33m.[39mtoBe(isEntry)[33m;[39m[22m
[2m     [90m     |[39m                                      [31m[1m^[22m[2m[39m[22m
[2m     [90m 132 |[39m       expect(result[33m.[39mrequiresWorkflow)[33m.[39mtoBe([36mtrue[39m)[33m;[39m[22m
[2m     [90m 133 |[39m     })[33m;[39m[22m
[2m     [90m 134 |[39m   })[33m;[39m[0m[22m
[2m[22m
[2m      [2mat [22m[2m[0m[36mtests/unit/lib/mastra/utils/intent.test.ts[39m[0m[2m:131:38[22m[2m[22m

[1m[31m  [1m● [22m[1mIntent Analysis Utility › Proposal Detection › should detect proposal: "パターン分析で提案"[39m[22m

    [2mexpect([22m[31mreceived[39m[2m).[22mtoBe[2m([22m[32mexpected[39m[2m) // Object.is equality[22m

    Expected: [32mfalse[39m
    Received: [31mundefined[39m
[2m[22m
[2m    [0m [90m 129 |[39m       expect(result[33m.[39misProposalMode)[33m.[39mtoBe([36mtrue[39m)[33m;[39m[22m
[2m     [90m 130 |[39m       expect(result[33m.[39mproposalType)[33m.[39mtoBe(type)[33m;[39m[22m
[2m    [31m[1m>[22m[2m[39m[90m 131 |[39m       expect(result[33m.[39misEntryProposal)[33m.[39mtoBe(isEntry)[33m;[39m[22m
[2m     [90m     |[39m                                      [31m[1m^[22m[2m[39m[22m
[2m     [90m 132 |[39m       expect(result[33m.[39mrequiresWorkflow)[33m.[39mtoBe([36mtrue[39m)[33m;[39m[22m
[2m     [90m 133 |[39m     })[33m;[39m[22m
[2m     [90m 134 |[39m   })[33m;[39m[0m[22m
[2m[22m
[2m      [2mat [22m[2m[0m[36mtests/unit/lib/mastra/utils/intent.test.ts[39m[0m[2m:131:38[22m[2m[22m

[1m[31m  [1m● [22m[1mIntent Analysis Utility › Proposal Detection › should detect proposal: "エントリーポイントを教えて"[39m[22m

    [2mexpect([22m[31mreceived[39m[2m).[22mtoBe[2m([22m[32mexpected[39m[2m) // Object.is equality[22m

    Expected: [32m"proposal_request"[39m
    Received: [31m"trading_analysis"[39m
[2m[22m
[2m    [0m [90m 125 |[39m     test[33m.[39meach(proposalTests)([32m'should detect proposal: "$input"'[39m[33m,[39m ({ input[33m,[39m type[33m,[39m isEntry }) [33m=>[39m {[22m
[2m     [90m 126 |[39m       [36mconst[39m result [33m=[39m analyzeIntent(input)[33m;[39m[22m
[2m    [31m[1m>[22m[2m[39m[90m 127 |[39m       expect(result[33m.[39mintent)[33m.[39mtoBe([32m'proposal_request'[39m)[33m;[39m[22m
[2m     [90m     |[39m                             [31m[1m^[22m[2m[39m[22m
[2m     [90m 128 |[39m       expect(result[33m.[39mconfidence)[33m.[39mtoBeGreaterThanOrEqual([35m0.8[39m)[33m;[39m[22m
[2m     [90m 129 |[39m       expect(result[33m.[39misProposalMode)[33m.[39mtoBe([36mtrue[39m)[33m;[39m[22m
[2m     [90m 130 |[39m       expect(result[33m.[39mproposalType)[33m.[39mtoBe(type)[33m;[39m[0m[22m
[2m[22m
[2m      [2mat [22m[2m[0m[36mtests/unit/lib/mastra/utils/intent.test.ts[39m[0m[2m:127:29[22m[2m[22m

[1m[31m  [1m● [22m[1mIntent Analysis Utility › Symbol Extraction › should extract symbol from: "BTCについて"[39m[22m

    [2mexpect([22m[31mreceived[39m[2m).[22mtoBe[2m([22m[32mexpected[39m[2m) // Object.is equality[22m

    Expected: [32m"BTCUSDT"[39m
    Received: [31mundefined[39m
[2m[22m
[2m    [0m [90m 150 |[39m     test[33m.[39meach(symbolTests)([32m'should extract symbol from: "$input"'[39m[33m,[39m ({ input[33m,[39m symbol }) [33m=>[39m {[22m
[2m     [90m 151 |[39m       [36mconst[39m result [33m=[39m analyzeIntent(input)[33m;[39m[22m
[2m    [31m[1m>[22m[2m[39m[90m 152 |[39m       expect(result[33m.[39mextractedSymbol)[33m.[39mtoBe(symbol)[33m;[39m[22m
[2m     [90m     |[39m                                      [31m[1m^[22m[2m[39m[22m
[2m     [90m 153 |[39m     })[33m;[39m[22m
[2m     [90m 154 |[39m   })[33m;[39m[22m
[2m     [90m 155 |[39m[0m[22m
[2m[22m
[2m      [2mat [22m[2m[0m[36mtests/unit/lib/mastra/utils/intent.test.ts[39m[0m[2m:152:38[22m[2m[22m

[1m[31m  [1m● [22m[1mIntent Analysis Utility › Symbol Extraction › should extract symbol from: "ビットコインの話"[39m[22m

    [2mexpect([22m[31mreceived[39m[2m).[22mtoBe[2m([22m[32mexpected[39m[2m) // Object.is equality[22m

    Expected: [32m"BTCUSDT"[39m
    Received: [31mundefined[39m
[2m[22m
[2m    [0m [90m 150 |[39m     test[33m.[39meach(symbolTests)([32m'should extract symbol from: "$input"'[39m[33m,[39m ({ input[33m,[39m symbol }) [33m=>[39m {[22m
[2m     [90m 151 |[39m       [36mconst[39m result [33m=[39m analyzeIntent(input)[33m;[39m[22m
[2m    [31m[1m>[22m[2m[39m[90m 152 |[39m       expect(result[33m.[39mextractedSymbol)[33m.[39mtoBe(symbol)[33m;[39m[22m
[2m     [90m     |[39m                                      [31m[1m^[22m[2m[39m[22m
[2m     [90m 153 |[39m     })[33m;[39m[22m
[2m     [90m 154 |[39m   })[33m;[39m[22m
[2m     [90m 155 |[39m[0m[22m
[2m[22m
[2m      [2mat [22m[2m[0m[36mtests/unit/lib/mastra/utils/intent.test.ts[39m[0m[2m:152:38[22m[2m[22m

[1m[31m  [1m● [22m[1mIntent Analysis Utility › Symbol Extraction › should extract symbol from: "ETHとBTCの比較"[39m[22m

    [2mexpect([22m[31mreceived[39m[2m).[22mtoBe[2m([22m[32mexpected[39m[2m) // Object.is equality[22m

    Expected: [32m"ETHUSDT"[39m
    Received: [31mundefined[39m
[2m[22m
[2m    [0m [90m 150 |[39m     test[33m.[39meach(symbolTests)([32m'should extract symbol from: "$input"'[39m[33m,[39m ({ input[33m,[39m symbol }) [33m=>[39m {[22m
[2m     [90m 151 |[39m       [36mconst[39m result [33m=[39m analyzeIntent(input)[33m;[39m[22m
[2m    [31m[1m>[22m[2m[39m[90m 152 |[39m       expect(result[33m.[39mextractedSymbol)[33m.[39mtoBe(symbol)[33m;[39m[22m
[2m     [90m     |[39m                                      [31m[1m^[22m[2m[39m[22m
[2m     [90m 153 |[39m     })[33m;[39m[22m
[2m     [90m 154 |[39m   })[33m;[39m[22m
[2m     [90m 155 |[39m[0m[22m
[2m[22m
[2m      [2mat [22m[2m[0m[36mtests/unit/lib/mastra/utils/intent.test.ts[39m[0m[2m:152:38[22m[2m[22m

[1m[31m  [1m● [22m[1mIntent Analysis Utility › Symbol Extraction › should extract symbol from: "イーサリアムが気になる"[39m[22m

    [2mexpect([22m[31mreceived[39m[2m).[22mtoBe[2m([22m[32mexpected[39m[2m) // Object.is equality[22m

    Expected: [32m"ETHUSDT"[39m
    Received: [31mundefined[39m
[2m[22m
[2m    [0m [90m 150 |[39m     test[33m.[39meach(symbolTests)([32m'should extract symbol from: "$input"'[39m[33m,[39m ({ input[33m,[39m symbol }) [33m=>[39m {[22m
[2m     [90m 151 |[39m       [36mconst[39m result [33m=[39m analyzeIntent(input)[33m;[39m[22m
[2m    [31m[1m>[22m[2m[39m[90m 152 |[39m       expect(result[33m.[39mextractedSymbol)[33m.[39mtoBe(symbol)[33m;[39m[22m
[2m     [90m     |[39m                                      [31m[1m^[22m[2m[39m[22m
[2m     [90m 153 |[39m     })[33m;[39m[22m
[2m     [90m 154 |[39m   })[33m;[39m[22m
[2m     [90m 155 |[39m[0m[22m
[2m[22m
[2m      [2mat [22m[2m[0m[36mtests/unit/lib/mastra/utils/intent.test.ts[39m[0m[2m:152:38[22m[2m[22m

[1m[31m  [1m● [22m[1mIntent Analysis Utility › Symbol Extraction › should extract symbol from: "リップル（XRP）"[39m[22m

    [2mexpect([22m[31mreceived[39m[2m).[22mtoBe[2m([22m[32mexpected[39m[2m) // Object.is equality[22m

    Expected: [32m"XRPUSDT"[39m
    Received: [31mundefined[39m
[2m[22m
[2m    [0m [90m 150 |[39m     test[33m.[39meach(symbolTests)([32m'should extract symbol from: "$input"'[39m[33m,[39m ({ input[33m,[39m symbol }) [33m=>[39m {[22m
[2m     [90m 151 |[39m       [36mconst[39m result [33m=[39m analyzeIntent(input)[33m;[39m[22m
[2m    [31m[1m>[22m[2m[39m[90m 152 |[39m       expect(result[33m.[39mextractedSymbol)[33m.[39mtoBe(symbol)[33m;[39m[22m
[2m     [90m     |[39m                                      [31m[1m^[22m[2m[39m[22m
[2m     [90m 153 |[39m     })[33m;[39m[22m
[2m     [90m 154 |[39m   })[33m;[39m[22m
[2m     [90m 155 |[39m[0m[22m
[2m[22m
[2m      [2mat [22m[2m[0m[36mtests/unit/lib/mastra/utils/intent.test.ts[39m[0m[2m:152:38[22m[2m[22m

[1m[31m  [1m● [22m[1mIntent Analysis Utility › Symbol Extraction › should extract symbol from: "Binance coin price"[39m[22m

    [2mexpect([22m[31mreceived[39m[2m).[22mtoBe[2m([22m[32mexpected[39m[2m) // Object.is equality[22m

    Expected: [32m"BNBUSDT"[39m
    Received: [31mundefined[39m
[2m[22m
[2m    [0m [90m 150 |[39m     test[33m.[39meach(symbolTests)([32m'should extract symbol from: "$input"'[39m[33m,[39m ({ input[33m,[39m symbol }) [33m=>[39m {[22m
[2m     [90m 151 |[39m       [36mconst[39m result [33m=[39m analyzeIntent(input)[33m;[39m[22m
[2m    [31m[1m>[22m[2m[39m[90m 152 |[39m       expect(result[33m.[39mextractedSymbol)[33m.[39mtoBe(symbol)[33m;[39m[22m
[2m     [90m     |[39m                                      [31m[1m^[22m[2m[39m[22m
[2m     [90m 153 |[39m     })[33m;[39m[22m
[2m     [90m 154 |[39m   })[33m;[39m[22m
[2m     [90m 155 |[39m[0m[22m
[2m[22m
[2m      [2mat [22m[2m[0m[36mtests/unit/lib/mastra/utils/intent.test.ts[39m[0m[2m:152:38[22m[2m[22m

[1m[31m  [1m● [22m[1mIntent Analysis Utility › Symbol Extraction › should extract symbol from: "SOLの動き"[39m[22m

    [2mexpect([22m[31mreceived[39m[2m).[22mtoBe[2m([22m[32mexpected[39m[2m) // Object.is equality[22m

    Expected: [32m"SOLUSDT"[39m
    Received: [31mundefined[39m
[2m[22m
[2m    [0m [90m 150 |[39m     test[33m.[39meach(symbolTests)([32m'should extract symbol from: "$input"'[39m[33m,[39m ({ input[33m,[39m symbol }) [33m=>[39m {[22m
[2m     [90m 151 |[39m       [36mconst[39m result [33m=[39m analyzeIntent(input)[33m;[39m[22m
[2m    [31m[1m>[22m[2m[39m[90m 152 |[39m       expect(result[33m.[39mextractedSymbol)[33m.[39mtoBe(symbol)[33m;[39m[22m
[2m     [90m     |[39m                                      [31m[1m^[22m[2m[39m[22m
[2m     [90m 153 |[39m     })[33m;[39m[22m
[2m     [90m 154 |[39m   })[33m;[39m[22m
[2m     [90m 155 |[39m[0m[22m
[2m[22m
[2m      [2mat [22m[2m[0m[36mtests/unit/lib/mastra/utils/intent.test.ts[39m[0m[2m:152:38[22m[2m[22m

[1m[31m  [1m● [22m[1mIntent Analysis Utility › Confidence Calculation › should have high confidence for exact keyword matches[39m[22m

    [2mexpect([22m[31mreceived[39m[2m).[22mtoBeGreaterThanOrEqual[2m([22m[32mexpected[39m[2m)[22m

    Expected: >= [32m0.8[39m
    Received:    [31m0.6[39m
[2m[22m
[2m    [0m [90m 165 |[39m       highConfidenceInputs[33m.[39mforEach(input [33m=>[39m {[22m
[2m     [90m 166 |[39m         [36mconst[39m result [33m=[39m analyzeIntent(input)[33m;[39m[22m
[2m    [31m[1m>[22m[2m[39m[90m 167 |[39m         expect(result[33m.[39mconfidence)[33m.[39mtoBeGreaterThanOrEqual([35m0.8[39m)[33m;[39m[22m
[2m     [90m     |[39m                                   [31m[1m^[22m[2m[39m[22m
[2m     [90m 168 |[39m       })[33m;[39m[22m
[2m     [90m 169 |[39m     })[33m;[39m[22m
[2m     [90m 170 |[39m[0m[22m
[2m[22m
[2m      [2mat [22m[2m[0m[36mtests/unit/lib/mastra/utils/intent.test.ts[39m[0m[2m:167:35[22m[2m[22m
[2m          at Array.forEach (<anonymous>)[22m
[2m      [2mat Object.<anonymous> ([22m[2m[0m[36mtests/unit/lib/mastra/utils/intent.test.ts[39m[0m[2m:165:28)[22m[2m[22m

[1m[31m  [1m● [22m[1mIntent Analysis Utility › Confidence Calculation › should have medium confidence for partial matches[39m[22m

    [2mexpect([22m[31mreceived[39m[2m).[22mtoBeLessThan[2m([22m[32mexpected[39m[2m)[22m

    Expected: < [32m0.8[39m
    Received:   [31m0.85[39m
[2m[22m
[2m    [0m [90m 179 |[39m         [36mconst[39m result [33m=[39m analyzeIntent(input)[33m;[39m[22m
[2m     [90m 180 |[39m         expect(result[33m.[39mconfidence)[33m.[39mtoBeGreaterThan([35m0.5[39m)[33m;[39m[22m
[2m    [31m[1m>[22m[2m[39m[90m 181 |[39m         expect(result[33m.[39mconfidence)[33m.[39mtoBeLessThan([35m0.8[39m)[33m;[39m[22m
[2m     [90m     |[39m                                   [31m[1m^[22m[2m[39m[22m
[2m     [90m 182 |[39m       })[33m;[39m[22m
[2m     [90m 183 |[39m     })[33m;[39m[22m
[2m     [90m 184 |[39m[0m[22m
[2m[22m
[2m      [2mat [22m[2m[0m[36mtests/unit/lib/mastra/utils/intent.test.ts[39m[0m[2m:181:35[22m[2m[22m
[2m          at Array.forEach (<anonymous>)[22m
[2m      [2mat Object.<anonymous> ([22m[2m[0m[36mtests/unit/lib/mastra/utils/intent.test.ts[39m[0m[2m:178:30)[22m[2m[22m

[1m[31m  [1m● [22m[1mIntent Analysis Utility › Confidence Calculation › should have low confidence for ambiguous inputs[39m[22m

    [2mexpect([22m[31mreceived[39m[2m).[22mtoBeLessThanOrEqual[2m([22m[32mexpected[39m[2m)[22m

    Expected: <= [32m0.5[39m
    Received:    [31m0.6[39m
[2m[22m
[2m    [0m [90m 192 |[39m       lowConfidenceInputs[33m.[39mforEach(input [33m=>[39m {[22m
[2m     [90m 193 |[39m         [36mconst[39m result [33m=[39m analyzeIntent(input)[33m;[39m[22m
[2m    [31m[1m>[22m[2m[39m[90m 194 |[39m         expect(result[33m.[39mconfidence)[33m.[39mtoBeLessThanOrEqual([35m0.5[39m)[33m;[39m[22m
[2m     [90m     |[39m                                   [31m[1m^[22m[2m[39m[22m
[2m     [90m 195 |[39m       })[33m;[39m[22m
[2m     [90m 196 |[39m     })[33m;[39m[22m
[2m     [90m 197 |[39m   })[33m;[39m[0m[22m
[2m[22m
[2m      [2mat [22m[2m[0m[36mtests/unit/lib/mastra/utils/intent.test.ts[39m[0m[2m:194:35[22m[2m[22m
[2m          at Array.forEach (<anonymous>)[22m
[2m      [2mat Object.<anonymous> ([22m[2m[0m[36mtests/unit/lib/mastra/utils/intent.test.ts[39m[0m[2m:192:27)[22m[2m[22m

[1m[31m  [1m● [22m[1mIntent Analysis Utility › Edge Cases › should handle empty input[39m[22m

    [2mexpect([22m[31mreceived[39m[2m).[22mtoBe[2m([22m[32mexpected[39m[2m) // Object.is equality[22m

    Expected: [32m0.3[39m
    Received: [31m0.5[39m
[2m[22m
[2m    [0m [90m 201 |[39m       [36mconst[39m result [33m=[39m analyzeIntent([32m''[39m)[33m;[39m[22m
[2m     [90m 202 |[39m       expect(result[33m.[39mintent)[33m.[39mtoBe([32m'conversational'[39m)[33m;[39m[22m
[2m    [31m[1m>[22m[2m[39m[90m 203 |[39m       expect(result[33m.[39mconfidence)[33m.[39mtoBe([35m0.3[39m)[33m;[39m[22m
[2m     [90m     |[39m                                 [31m[1m^[22m[2m[39m[22m
[2m     [90m 204 |[39m       expect(result[33m.[39msuggestedResponse)[33m.[39mtoContain([32m'何かお手伝い'[39m)[33m;[39m[22m
[2m     [90m 205 |[39m     })[33m;[39m[22m
[2m     [90m 206 |[39m[0m[22m
[2m[22m
[2m      [2mat Object.<anonymous> ([22m[2m[0m[36mtests/unit/lib/mastra/utils/intent.test.ts[39m[0m[2m:203:33)[22m[2m[22m

[1m[31m  [1m● [22m[1mIntent Analysis Utility › Edge Cases › should handle special characters[39m[22m

    [2mexpect([22m[31mreceived[39m[2m).[22mtoBe[2m([22m[32mexpected[39m[2m) // Object.is equality[22m

    Expected: [32m"BTCUSDT"[39m
    Received: [31mundefined[39m
[2m[22m
[2m    [0m [90m 265 |[39m         [90m// Should still detect intent despite special characters[39m[22m
[2m     [90m 266 |[39m         [36mif[39m (input[33m.[39mincludes([32m'BTC'[39m)) {[22m
[2m    [31m[1m>[22m[2m[39m[90m 267 |[39m           expect(result[33m.[39mextractedSymbol)[33m.[39mtoBe([32m'BTCUSDT'[39m)[33m;[39m[22m
[2m     [90m     |[39m                                          [31m[1m^[22m[2m[39m[22m
[2m     [90m 268 |[39m         }[22m
[2m     [90m 269 |[39m       })[33m;[39m[22m
[2m     [90m 270 |[39m     })[33m;[39m[0m[22m
[2m[22m
[2m      [2mat [22m[2m[0m[36mtests/unit/lib/mastra/utils/intent.test.ts[39m[0m[2m:267:42[22m[2m[22m
[2m          at Array.forEach (<anonymous>)[22m
[2m      [2mat Object.<anonymous> ([22m[2m[0m[36mtests/unit/lib/mastra/utils/intent.test.ts[39m[0m[2m:262:21)[22m[2m[22m

[1m[31m  [1m● [22m[1mIntent Analysis Utility › Emotional Tone Detection › should detect tone: "やばい...下がってる" as concerned[39m[22m

    [2mexpect([22m[31mreceived[39m[2m).[22mtoBe[2m([22m[32mexpected[39m[2m) // Object.is equality[22m

    Expected: [32m"concerned"[39m
    Received: [31m"neutral"[39m
[2m[22m
[2m    [0m [90m 282 |[39m     test[33m.[39meach(toneTests)([32m'should detect tone: "$input" as $tone'[39m[33m,[39m ({ input[33m,[39m tone }) [33m=>[39m {[22m
[2m     [90m 283 |[39m       [36mconst[39m result [33m=[39m analyzeIntent(input)[33m;[39m[22m
[2m    [31m[1m>[22m[2m[39m[90m 284 |[39m       expect(result[33m.[39memotionalTone)[33m.[39mtoBe(tone)[33m;[39m[22m
[2m     [90m     |[39m                                    [31m[1m^[22m[2m[39m[22m
[2m     [90m 285 |[39m     })[33m;[39m[22m
[2m     [90m 286 |[39m   })[33m;[39m[22m
[2m     [90m 287 |[39m[0m[22m
[2m[22m
[2m      [2mat [22m[2m[0m[36mtests/unit/lib/mastra/utils/intent.test.ts[39m[0m[2m:284:36[22m[2m[22m

[1m[31m  [1m● [22m[1mIntent Analysis Utility › Emotional Tone Detection › should detect tone: "価格を教えて" as neutral[39m[22m

    [2mexpect([22m[31mreceived[39m[2m).[22mtoBe[2m([22m[32mexpected[39m[2m) // Object.is equality[22m

    Expected: [32m"neutral"[39m
    Received: [31mundefined[39m
[2m[22m
[2m    [0m [90m 282 |[39m     test[33m.[39meach(toneTests)([32m'should detect tone: "$input" as $tone'[39m[33m,[39m ({ input[33m,[39m tone }) [33m=>[39m {[22m
[2m     [90m 283 |[39m       [36mconst[39m result [33m=[39m analyzeIntent(input)[33m;[39m[22m
[2m    [31m[1m>[22m[2m[39m[90m 284 |[39m       expect(result[33m.[39memotionalTone)[33m.[39mtoBe(tone)[33m;[39m[22m
[2m     [90m     |[39m                                    [31m[1m^[22m[2m[39m[22m
[2m     [90m 285 |[39m     })[33m;[39m[22m
[2m     [90m 286 |[39m   })[33m;[39m[22m
[2m     [90m 287 |[39m[0m[22m
[2m[22m
[2m      [2mat [22m[2m[0m[36mtests/unit/lib/mastra/utils/intent.test.ts[39m[0m[2m:284:36[22m[2m[22m

[1m[31m  [1m● [22m[1mIntent Analysis Utility › Workflow Requirements › should not require workflow for conversational intents[39m[22m

    [2mexpect([22m[31mreceived[39m[2m).[22mtoBe[2m([22m[32mexpected[39m[2m) // Object.is equality[22m

    Expected: [32mfalse[39m
    Received: [31mtrue[39m
[2m[22m
[2m    [0m [90m 317 |[39m       workflowStatus[33m.[39mforEach(({ input[33m,[39m requiresWorkflow }) [33m=>[39m {[22m
[2m     [90m 318 |[39m         [36mconst[39m result [33m=[39m analyzeIntent(input)[33m;[39m[22m
[2m    [31m[1m>[22m[2m[39m[90m 319 |[39m         expect(result[33m.[39mrequiresWorkflow)[33m.[39mtoBe(requiresWorkflow)[33m;[39m[22m
[2m     [90m     |[39m                                         [31m[1m^[22m[2m[39m[22m
[2m     [90m 320 |[39m       })[33m;[39m[22m
[2m     [90m 321 |[39m     })[33m;[39m[22m
[2m     [90m 322 |[39m   })[33m;[39m[0m[22m
[2m[22m
[2m      [2mat [22m[2m[0m[36mtests/unit/lib/mastra/utils/intent.test.ts[39m[0m[2m:319:41[22m[2m[22m
[2m          at Array.forEach (<anonymous>)[22m
[2m      [2mat Object.<anonymous> ([22m[2m[0m[36mtests/unit/lib/mastra/utils/intent.test.ts[39m[0m[2m:317:22)[22m[2m[22m

[0m[7m[1m[31m FAIL [39m[22m[27m[0m [0m[7m[37m unit [39m[27m[0m [2mtests/unit/lib/ws/[22m[1mconnection.test.ts[22m
[1m[31m  [1m● [22m[1mWSManager E2E - Connection Management › Connection Sharing › should maintain connection while at least one subscriber exists[39m[22m

    [2mexpect([22m[31mreceived[39m[2m).[22mtoBe[2m([22m[32mexpected[39m[2m) // Object.is equality[22m

    Expected: [32m1[39m
    Received: [31m0[39m
[2m[22m
[2m    [0m [90m 193 |[39m       [90m// Connection should still exist[39m[22m
[2m     [90m 194 |[39m       expect([33mMockWebSocket[39m[33m.[39mgetAllInstances())[33m.[39mtoHaveLength([35m1[39m)[33m;[39m[22m
[2m    [31m[1m>[22m[2m[39m[90m 195 |[39m       expect(manager[33m.[39mgetActiveStreamsCount())[33m.[39mtoBe([35m1[39m)[33m;[39m[22m
[2m     [90m     |[39m                                               [31m[1m^[22m[2m[39m[22m
[2m     [90m 196 |[39m       [22m
[2m     [90m 197 |[39m       [90m// Unsubscribe second subscriber[39m[22m
[2m     [90m 198 |[39m       sub2[33m.[39munsubscribe()[33m;[39m[0m[22m
[2m[22m
[2m      [2mat Object.<anonymous> ([22m[2m[0m[36mtests/unit/lib/ws/connection.test.ts[39m[0m[2m:195:47)[22m[2m[22m

[1m[31m  [1m● [22m[1mWSManager E2E - Connection Management › Connection Cleanup › should close connections on destroy[39m[22m

    [2mexpect([22m[31mreceived[39m[2m).[22mtoBe[2m([22m[32mexpected[39m[2m) // Object.is equality[22m

    Expected: [32m3[39m
    Received: [31m1[39m
[2m[22m
[2m    [0m [90m 220 |[39m       [90m// All connections should be closed[39m[22m
[2m     [90m 221 |[39m       instances[33m.[39mforEach(ws [33m=>[39m {[22m
[2m    [31m[1m>[22m[2m[39m[90m 222 |[39m         expect(ws[33m.[39mreadyState)[33m.[39mtoBe([33mMockWebSocket[39m[33m.[39m[33mCLOSED[39m)[33m;[39m[22m
[2m     [90m     |[39m                               [31m[1m^[22m[2m[39m[22m
[2m     [90m 223 |[39m       })[33m;[39m[22m
[2m     [90m 224 |[39m       [22m
[2m     [90m 225 |[39m       [90m// Metrics should show cleanup[39m[0m[22m
[2m[22m
[2m      [2mat [22m[2m[0m[36mtests/unit/lib/ws/connection.test.ts[39m[0m[2m:222:31[22m[2m[22m
[2m          at Array.forEach (<anonymous>)[22m
[2m      [2mat Object.<anonymous> ([22m[2m[0m[36mtests/unit/lib/ws/connection.test.ts[39m[0m[2m:221:17)[22m[2m[22m

[1m[31m  [1m● [22m[1mWSManager E2E - Connection Management › Connection Cleanup › should handle rapid subscribe/unsubscribe cycles[39m[22m

    [2mexpect([22m[31mreceived[39m[2m).[22mtoBeLessThanOrEqual[2m([22m[32mexpected[39m[2m)[22m

    Expected: <= [32m1[39m
    Received:    [31m20[39m
[2m[22m
[2m    [0m [90m 245 |[39m       [90m// Should handle gracefully without connection leaks[39m[22m
[2m     [90m 246 |[39m       [36mconst[39m instances [33m=[39m [33mMockWebSocket[39m[33m.[39mgetAllInstances()[33m;[39m[22m
[2m    [31m[1m>[22m[2m[39m[90m 247 |[39m       expect(instances[33m.[39mlength)[33m.[39mtoBeLessThanOrEqual([35m1[39m)[33m;[39m[22m
[2m     [90m     |[39m                                [31m[1m^[22m[2m[39m[22m
[2m     [90m 248 |[39m     })[33m;[39m[22m
[2m     [90m 249 |[39m   })[33m;[39m[22m
[2m     [90m 250 |[39m[0m[22m
[2m[22m
[2m      [2mat Object.<anonymous> ([22m[2m[0m[36mtests/unit/lib/ws/connection.test.ts[39m[0m[2m:247:32)[22m[2m[22m

[0m[7m[1m[31m FAIL [39m[22m[27m[0m [0m[7m[37m unit [39m[27m[0m [2mlib/chart/plugins/__tests__/[22m[1mLineRenderer.test.ts[22m
  [1m● [22mConsole

    [2m[33mconsole.warn[39m[22m
[33m      [LineRenderer] Insufficient data points for line: 0 points, need at least 2[39m
[2m[22m
[2m    [0m [90m 359 |[39m       [90m// ラインデータが不足している場合は空配列を返す[39m[22m
[2m     [90m 360 |[39m       [36mif[39m (isDevelopment()) {[22m
[2m    [31m[1m>[22m[2m[39m[90m 361 |[39m         console[33m.[39mwarn([32m`[LineRenderer] Insufficient data points for line: ${lineData.length} points, need at least 2`[39m)[33m;[39m[22m
[2m     [90m     |[39m                 [31m[1m^[22m[2m[39m[22m
[2m     [90m 362 |[39m         [36mreturn[39m [][33m;[39m[22m
[2m     [90m 363 |[39m       }[22m
[2m     [90m 364 |[39m       [0m[22m
[2m[22m
[2m      [2mat [22m[2mnode_modules/@jest/environment-jsdom-abstract/node_modules/jest-mock/build/index.js[2m:305:39[22m[2m[22m
[2m      [2mat LineRenderer.generateLineData ([22m[2mlib/chart/plugins/LineRenderer.ts[2m:361:17)[22m[2m[22m
[2m      [2mat LineRenderer.createLineSeries ([22m[2mlib/chart/plugins/LineRenderer.ts[2m:273:31)[22m[2m[22m
[2m      [2mat LineRenderer.render ([22m[2mlib/chart/plugins/LineRenderer.ts[2m:120:40)[22m[2m[22m
[2m      [2mat Object.<anonymous> ([22m[2mlib/chart/plugins/__tests__/LineRenderer.test.ts[2m:364:7)[22m[2m[22m

[1m[31m  [1m● [22m[1mLineRenderer › render › should handle lines with style properties[39m[22m

    [2mexpect([22m[31mreceived[39m[2m).[22mtoBe[2m([22m[32mexpected[39m[2m) // Object.is equality[22m

    Expected: [32m"#[7mFF0000[27m"[39m
    Received: [31m"#[7mE91E63[27m"[39m
[2m[22m
[2m    [0m [90m 267 |[39m       [22m
[2m     [90m 268 |[39m       [36mconst[39m config [33m=[39m mockAddLineSeries[33m.[39mmock[33m.[39mcalls[[35m0[39m][[35m0[39m][33m;[39m[22m
[2m    [31m[1m>[22m[2m[39m[90m 269 |[39m       expect(config[33m.[39mcolor)[33m.[39mtoBe([32m'#FF0000'[39m)[33m;[39m[22m
[2m     [90m     |[39m                            [31m[1m^[22m[2m[39m[22m
[2m     [90m 270 |[39m       expect(config[33m.[39mlineWidth)[33m.[39mtoBe([35m3[39m)[33m;[39m[22m
[2m     [90m 271 |[39m       expect(config[33m.[39mlineStyle)[33m.[39mtoBe([35m1[39m)[33m;[39m [90m// dashed[39m[22m
[2m     [90m 272 |[39m     })[33m;[39m[0m[22m
[2m[22m
[2m      [2mat Object.<anonymous> ([22m[2m[0m[36mlib/chart/plugins/__tests__/LineRenderer.test.ts[39m[0m[2m:269:28)[22m[2m[22m

[1m[31m  [1m● [22m[1mLineRenderer › render › should skip lines with insufficient data[39m[22m

    [2mexpect([22m[31mjest.fn()[39m[2m).[22mnot[2m.[22mtoHaveBeenCalled[2m()[22m

    Expected number of calls: [32m0[39m
    Received number of calls: [31m1[39m

    1: [31m{"color": "#00BCD4", "crosshairMarkerVisible": false, "lastValueVisible": false, "lineStyle": 1, "lineWidth": 2, "priceLineVisible": false, "title": "サポートライン"}[39m
[2m[22m
[2m    [0m [90m 364 |[39m       [36mawait[39m renderer[33m.[39mrender([32m'pattern-1'[39m[33m,[39m dataWithInvalidLine)[33m;[39m[22m
[2m     [90m 365 |[39m       [22m
[2m    [31m[1m>[22m[2m[39m[90m 366 |[39m       expect(mockAddLineSeries)[33m.[39mnot[33m.[39mtoHaveBeenCalled()[33m;[39m[22m
[2m     [90m     |[39m                                     [31m[1m^[22m[2m[39m[22m
[2m     [90m 367 |[39m     })[33m;[39m[22m
[2m     [90m 368 |[39m[22m
[2m     [90m 369 |[39m     it([32m'should register series with metadata'[39m[33m,[39m [36masync[39m () [33m=>[39m {[0m[22m
[2m[22m
[2m      [2mat Object.<anonymous> ([22m[2m[0m[36mlib/chart/plugins/__tests__/LineRenderer.test.ts[39m[0m[2m:366:37)[22m[2m[22m

[1m[31m  [1m● [22m[1mLineRenderer › render › should normalize timestamps[39m[22m

    [2mexpect([22m[31mreceived[39m[2m).[22mtoBe[2m([22m[32mexpected[39m[2m) // Object.is equality[22m

    Expected: [32m1234567890[39m
    Received: [31m1234567890000[39m
[2m[22m
[2m    [0m [90m 419 |[39m       [22m
[2m     [90m 420 |[39m       [36mconst[39m lineData [33m=[39m (mockLineSeries[33m.[39msetData [36mas[39m jest[33m.[39m[33mMock[39m)[33m.[39mmock[33m.[39mcalls[[35m0[39m][[35m0[39m][33m;[39m[22m
[2m    [31m[1m>[22m[2m[39m[90m 421 |[39m       expect(lineData[[35m0[39m][33m.[39mtime)[33m.[39mtoBe([35m1234567890[39m)[33m;[39m [90m// Converted to seconds[39m[22m
[2m     [90m     |[39m                                [31m[1m^[22m[2m[39m[22m
[2m     [90m 422 |[39m       expect(lineData[[35m1[39m][33m.[39mtime)[33m.[39mtoBe([35m1234567900[39m)[33m;[39m[22m
[2m     [90m 423 |[39m     })[33m;[39m[22m
[2m     [90m 424 |[39m   })[33m;[39m[0m[22m
[2m[22m
[2m      [2mat Object.<anonymous> ([22m[2m[0m[36mlib/chart/plugins/__tests__/LineRenderer.test.ts[39m[0m[2m:421:32)[22m[2m[22m

[1m[31m  [1m● [22m[1mLineRenderer › updateLineColors › should warn about color update requiring re-render[39m[22m

    [2mexpect([22m[31mjest.fn()[39m[2m).[22mtoHaveBeenCalledWith[2m([22m[32m...expected[39m[2m)[22m

    Expected: [32mStringContaining "Color update requires re-rendering"[39m, [32mAny<Object>[39m
    Received: [31m"[LineRenderer] Pattern not found for color update"[39m, [2m{"patternId": "pattern-1"}[22m

    Number of calls: [31m1[39m
[2m[22m
[2m    [0m [90m 495 |[39m       [22m
[2m     [90m 496 |[39m       [90m// Should log warning about re-rendering[39m[22m
[2m    [31m[1m>[22m[2m[39m[90m 497 |[39m       expect(require([32m'@/lib/utils/logger'[39m)[33m.[39mlogger[33m.[39mwarn)[33m.[39mtoHaveBeenCalledWith([22m
[2m     [90m     |[39m                                                         [31m[1m^[22m[2m[39m[22m
[2m     [90m 498 |[39m         expect[33m.[39mstringContaining([32m'Color update requires re-rendering'[39m)[33m,[39m[22m
[2m     [90m 499 |[39m         expect[33m.[39many([33mObject[39m)[22m
[2m     [90m 500 |[39m       )[33m;[39m[0m[22m
[2m[22m
[2m      [2mat Object.<anonymous> ([22m[2m[0m[36mlib/chart/plugins/__tests__/LineRenderer.test.ts[39m[0m[2m:497:57)[22m[2m[22m

[1m[31m  [1m● [22m[1mLineRenderer › line data generation › should use palette colors when no style specified[39m[22m

    [2mexpect([22m[31mreceived[39m[2m).[22mtoBe[2m([22m[32mexpected[39m[2m) // Object.is equality[22m

    Expected: [32m"#[7m4CAF50[27m"[39m
    Received: [31m"#[7m2196F3[27m"[39m
[2m[22m
[2m    [0m [90m 648 |[39m       [22m
[2m     [90m 649 |[39m       [90m// Check palette colors are used[39m[22m
[2m    [31m[1m>[22m[2m[39m[90m 650 |[39m       expect(mockAddLineSeries[33m.[39mmock[33m.[39mcalls[[35m0[39m][[35m0[39m][33m.[39mcolor)[33m.[39mtoBe([32m'#4CAF50'[39m)[33m;[39m[22m
[2m     [90m     |[39m                                                        [31m[1m^[22m[2m[39m[22m
[2m     [90m 651 |[39m       expect(mockAddLineSeries[33m.[39mmock[33m.[39mcalls[[35m1[39m][[35m0[39m][33m.[39mcolor)[33m.[39mtoBe([32m'#2196F3'[39m)[33m;[39m[22m
[2m     [90m 652 |[39m       expect(mockAddLineSeries[33m.[39mmock[33m.[39mcalls[[35m2[39m][[35m0[39m][33m.[39mcolor)[33m.[39mtoBe([32m'#FF9800'[39m)[33m;[39m[22m
[2m     [90m 653 |[39m     })[33m;[39m[0m[22m
[2m[22m
[2m      [2mat Object.<anonymous> ([22m[2m[0m[36mlib/chart/plugins/__tests__/LineRenderer.test.ts[39m[0m[2m:650:56)[22m[2m[22m

[1m[31m  [1m● [22m[1mLineRenderer › error handling › should wrap unexpected errors in PluginError[39m[22m

    [2mexpect([22m[31mreceived[39m[2m).[22mrejects[2m.[22mtoThrow[2m()[22m

    Received promise resolved instead of rejected
    Resolved to value: [31mundefined[39m
[2m[22m
[2m    [0m [90m 674 |[39m       }[33m;[39m[22m
[2m     [90m 675 |[39m       [22m
[2m    [31m[1m>[22m[2m[39m[90m 676 |[39m       [36mawait[39m expect(renderer[33m.[39mrender([32m'pattern-1'[39m[33m,[39m data))[22m
[2m     [90m     |[39m                   [31m[1m^[22m[2m[39m[22m
[2m     [90m 677 |[39m         [33m.[39mrejects[33m.[39mtoThrow([33mPluginError[39m)[33m;[39m[22m
[2m     [90m 678 |[39m     })[33m;[39m[22m
[2m     [90m 679 |[39m[0m[22m
[2m[22m
[2m      [2mat expect ([22m[2mnode_modules/expect/build/index.js[2m:113:15)[22m[2m[22m
[2m      [2mat Object.<anonymous> ([22m[2m[0m[36mlib/chart/plugins/__tests__/LineRenderer.test.ts[39m[0m[2m:676:19)[22m[2m[22m

[0m[7m[1m[31m FAIL [39m[22m[27m[0m [0m[7m[37m unit [39m[27m[0m [2mtests/unit/lib/mastra/tools/[22m[1mchart-data-analysis.tool.test.ts[22m
  [1m● [22mConsole

    [2m[31mconsole.error[39m[22m
[31m      [2025-06-23T05:25:52.562Z] [ERROR] [test] [ChartDataAnalysis] Analysis failed {"symbol":"ETHUSDT","timeframe":"4h","error":"Network error"} undefined[39m
[2m[22m
[2m    [0m [90m 159 |[39m         [36mbreak[39m[33m;[39m[22m
[2m     [90m 160 |[39m       [36mcase[39m [32m'error'[39m[33m:[39m[22m
[2m    [31m[1m>[22m[2m[39m[90m 161 |[39m         console[33m.[39merror(formatted[33m,[39m errorObj)[33m;[39m[22m
[2m     [90m     |[39m                 [31m[1m^[22m[2m[39m[22m
[2m     [90m 162 |[39m         [36mbreak[39m[33m;[39m[22m
[2m     [90m 163 |[39m     }[22m
[2m     [90m 164 |[39m   }[0m[22m
[2m[22m
[2m      [2mat [22m[2mnode_modules/@jest/environment-jsdom-abstract/node_modules/jest-mock/build/index.js[2m:305:39[22m[2m[22m
[2m      [2mat ConsoleTransport.log ([22m[2mlib/utils/logger.ts[2m:161:17)[22m[2m[22m
[2m      [2mat [22m[2mlib/utils/logger.ts[2m:294:19[22m[2m[22m
[2m          at Array.forEach (<anonymous>)[22m
[2m      [2mat Logger.logToTransports ([22m[2mlib/utils/logger.ts[2m:292:21)[22m[2m[22m
[2m      [2mat Logger.error ([22m[2mlib/utils/logger.ts[2m:333:10)[22m[2m[22m
[2m      [2mat Object.execute ([22m[2mlib/mastra/tools/chart-data-analysis.tool.ts[2m:276:14)[22m[2m[22m
[2m      [2mat Object.<anonymous> ([22m[2mtests/unit/lib/mastra/tools/chart-data-analysis.tool.test.ts[2m:215:22)[22m[2m[22m

[1m[31m  [1m● [22m[1mchartDataAnalysisTool › Edge Cases in Calculations › should handle malformed candle data gracefully[39m[22m

    [2mexpect([22m[31mreceived[39m[2m).[22mtoBe[2m([22m[32mexpected[39m[2m) // Object.is equality[22m

    Expected: [32m3[39m
    Received: [31m2[39m
[2m[22m
[2m    [0m [90m 1093 |[39m       [90m// Should handle NaN values gracefully[39m[22m
[2m     [90m 1094 |[39m       expect(result)[33m.[39mtoBeDefined()[33m;[39m[22m
[2m    [31m[1m>[22m[2m[39m[90m 1095 |[39m       expect(result[33m.[39mdataRange[33m.[39mcandleCount)[33m.[39mtoBe([35m3[39m)[33m;[39m[22m
[2m     [90m      |[39m                                            [31m[1m^[22m[2m[39m[22m
[2m     [90m 1096 |[39m     })[33m;[39m[22m
[2m     [90m 1097 |[39m   })[33m;[39m[22m
[2m     [90m 1098 |[39m[0m[22m
[2m[22m
[2m      [2mat Object.<anonymous> ([22m[2m[0m[36mtests/unit/lib/mastra/tools/chart-data-analysis.tool.test.ts[39m[0m[2m:1095:44)[22m[2m[22m

[0m[7m[1m[31m FAIL [39m[22m[27m[0m [0m[7m[37m unit [39m[27m[0m [2mtests/unit/[22m[1mchart-persistence.test.ts[22m
[1m[31m  [1m● [22m[1mChartPersistenceManager › Load Drawings › should handle corrupted localStorage data[39m[22m

    Failed to load drawings: Failed to load drawings from localStorage: Unexpected token 'i', "invalid-json" is not valid JSON
[2m[22m
[2m    [0m [90m 195 |[39m       [22m
[2m     [90m 196 |[39m       [90m// 本番環境ではエラーを投げる[39m[22m
[2m    [31m[1m>[22m[2m[39m[90m 197 |[39m       [36mthrow[39m [36mnew[39m [33mError[39m([32m`Failed to load drawings: ${error instanceof Error ? error.message : 'Unknown error'}`[39m)[33m;[39m[22m
[2m     [90m     |[39m             [31m[1m^[22m[2m[39m[22m
[2m     [90m 198 |[39m     }[22m
[2m     [90m 199 |[39m   }[22m
[2m     [90m 200 |[39m[0m[22m
[2m[22m
[2m      [2mat ChartPersistenceManager.loadDrawings ([22m[2mlib/storage/chart-persistence.ts[2m:197:13)[22m[2m[22m
[2m      [2mat Object.<anonymous> ([22m[2m[0m[36mtests/unit/chart-persistence.test.ts[39m[0m[2m:281:54)[22m[2m[22m

[1m[31m  [1m● [22m[1mChartPersistenceManager › Load Patterns › should validate loaded patterns and skip invalid ones[39m[22m

    [2mexpect([22m[31mreceived[39m[2m).[22mtoEqual[2m([22m[32mexpected[39m[2m) // deep equality[22m

    [32m- Expected  -  0[39m
    [31m+ Received  + 22[39m

    [33m@@ -19,6 +19,28 @@[39m
    [2m            ],[22m
    [2m          },[22m
    [2m        ],[22m
    [2m      },[22m
    [2m    },[22m
    [31m+   Object {[39m
    [31m+     "confidence": 0.85,[39m
    [31m+     "tradingImplication": "bearish",[39m
    [31m+     "type": "invalidType",[39m
    [31m+     "visualization": Object {[39m
    [31m+       "lines": Array [[39m
    [31m+         Object {[39m
    [31m+           "id": "line-1",[39m
    [31m+           "points": Array [[39m
    [31m+             Object {[39m
    [31m+               "time": 1234567890,[39m
    [31m+               "value": 100,[39m
    [31m+             },[39m
    [31m+             Object {[39m
    [31m+               "time": 1234567900,[39m
    [31m+               "value": 110,[39m
    [31m+             },[39m
    [31m+           ],[39m
    [31m+         },[39m
    [31m+       ],[39m
    [31m+     },[39m
    [31m+   },[39m
    [2m  ][22m
[2m[22m
[2m    [0m [90m 358 |[39m       [36mconst[39m patterns [33m=[39m [36mawait[39m [33mChartPersistenceManager[39m[33m.[39mloadPatterns()[33m;[39m[22m
[2m     [90m 359 |[39m[22m
[2m    [31m[1m>[22m[2m[39m[90m 360 |[39m       expect(patterns)[33m.[39mtoEqual([mockPattern])[33m;[39m[22m
[2m     [90m     |[39m                        [31m[1m^[22m[2m[39m[22m
[2m     [90m 361 |[39m       expect(logger[33m.[39mwarn)[33m.[39mtoHaveBeenCalledWith([22m
[2m     [90m 362 |[39m         [32m'[ChartPersistence] Invalid pattern skipped'[39m[33m,[39m[22m
[2m     [90m 363 |[39m         expect[33m.[39mobjectContaining({ pattern[33m:[39m invalidPattern })[0m[22m
[2m[22m
[2m      [2mat Object.<anonymous> ([22m[2m[0m[36mtests/unit/chart-persistence.test.ts[39m[0m[2m:360:24)[22m[2m[22m

[0m[7m[1m[31m FAIL [39m[22m[27m[0m [0m[7m[37m unit [39m[27m[0m [2mlib/chart/plugins/__tests__/[22m[1mutils.test.ts[22m
[1m[31m  [1m● [22m[1mTimeUtils › isWithinRange › should normalize timestamps before comparison[39m[22m

    [2mexpect([22m[31mreceived[39m[2m).[22mtoBe[2m([22m[32mexpected[39m[2m) // Object.is equality[22m

    Expected: [32mtrue[39m
    Received: [31mfalse[39m
[2m[22m
[2m    [0m [90m 237 |[39m     it([32m'should normalize timestamps before comparison'[39m[33m,[39m () [33m=>[39m {[22m
[2m     [90m 238 |[39m       expect([33mTimeUtils[39m[33m.[39misWithinRange([35m1500000[39m[33m,[39m [35m1000[39m[33m,[39m [35m2000[39m))[33m.[39mtoBe([36mfalse[39m)[33m;[39m [90m// 1500000ms = 1500s, not in 1000-2000 range[39m[22m
[2m    [31m[1m>[22m[2m[39m[90m 239 |[39m       expect([33mTimeUtils[39m[33m.[39misWithinRange([35m1500000000[39m[33m,[39m [35m1000[39m[33m,[39m [35m2000[39m))[33m.[39mtoBe([36mtrue[39m)[33m;[39m [90m// 1500000000ms = 1500s, in 1000-2000 range[39m[22m
[2m     [90m     |[39m                                                               [31m[1m^[22m[2m[39m[22m
[2m     [90m 240 |[39m       expect([33mTimeUtils[39m[33m.[39misWithinRange([35m1500[39m[33m,[39m [35m1000000000[39m[33m,[39m [35m2000000000[39m))[33m.[39mtoBe([36mtrue[39m)[33m;[39m [90m// all normalized to seconds[39m[22m
[2m     [90m 241 |[39m     })[33m;[39m[22m
[2m     [90m 242 |[39m   })[33m;[39m[0m[22m
[2m[22m
[2m      [2mat Object.<anonymous> ([22m[2m[0m[36mlib/chart/plugins/__tests__/utils.test.ts[39m[0m[2m:239:63)[22m[2m[22m

[0m[7m[1m[31m FAIL [39m[22m[27m[0m [0m[7m[37m unit [39m[27m[0m [2mtests/unit/lib/mastra/utils/[22m[1mshared-data-store.test.ts[22m
[1m[31m  [1m● [22m[1mSharedDataStore › getInstance › should return singleton instance[39m[22m

    TypeError: shared_data_store_1.SharedDataStore.destroy is not a function
[2m[22m
[2m    [0m [90m 21 |[39m     jest[33m.[39mclearAllMocks()[33m;[39m[22m
[2m     [90m 22 |[39m     jest[33m.[39museFakeTimers()[33m;[39m[22m
[2m    [31m[1m>[22m[2m[39m[90m 23 |[39m     [33mSharedDataStore[39m[33m.[39mdestroy()[33m;[39m[22m
[2m     [90m    |[39m                     [31m[1m^[22m[2m[39m[22m
[2m     [90m 24 |[39m   })[33m;[39m[22m
[2m     [90m 25 |[39m[22m
[2m     [90m 26 |[39m   afterEach(() [33m=>[39m {[0m[22m
[2m[22m
[2m      [2mat Object.<anonymous> ([22m[2m[0m[36mtests/unit/lib/mastra/utils/shared-data-store.test.ts[39m[0m[2m:23:21)[22m[2m[22m

[1m[31m  [1m● [22m[1mSharedDataStore › getInstance › should return singleton instance[39m[22m

    TypeError: shared_data_store_1.SharedDataStore.destroy is not a function
[2m[22m
[2m    [0m [90m 26 |[39m   afterEach(() [33m=>[39m {[22m
[2m     [90m 27 |[39m     jest[33m.[39museRealTimers()[33m;[39m[22m
[2m    [31m[1m>[22m[2m[39m[90m 28 |[39m     [33mSharedDataStore[39m[33m.[39mdestroy()[33m;[39m[22m
[2m     [90m    |[39m                     [31m[1m^[22m[2m[39m[22m
[2m     [90m 29 |[39m   })[33m;[39m[22m
[2m     [90m 30 |[39m[22m
[2m     [90m 31 |[39m   describe([32m'getInstance'[39m[33m,[39m () [33m=>[39m {[0m[22m
[2m[22m
[2m      [2mat Object.<anonymous> ([22m[2m[0m[36mtests/unit/lib/mastra/utils/shared-data-store.test.ts[39m[0m[2m:28:21)[22m[2m[22m

[1m[31m  [1m● [22m[1mSharedDataStore › getInstance › should start cleanup interval[39m[22m

    TypeError: shared_data_store_1.SharedDataStore.destroy is not a function
[2m[22m
[2m    [0m [90m 21 |[39m     jest[33m.[39mclearAllMocks()[33m;[39m[22m
[2m     [90m 22 |[39m     jest[33m.[39museFakeTimers()[33m;[39m[22m
[2m    [31m[1m>[22m[2m[39m[90m 23 |[39m     [33mSharedDataStore[39m[33m.[39mdestroy()[33m;[39m[22m
[2m     [90m    |[39m                     [31m[1m^[22m[2m[39m[22m
[2m     [90m 24 |[39m   })[33m;[39m[22m
[2m     [90m 25 |[39m[22m
[2m     [90m 26 |[39m   afterEach(() [33m=>[39m {[0m[22m
[2m[22m
[2m      [2mat Object.<anonymous> ([22m[2m[0m[36mtests/unit/lib/mastra/utils/shared-data-store.test.ts[39m[0m[2m:23:21)[22m[2m[22m

[1m[31m  [1m● [22m[1mSharedDataStore › getInstance › should start cleanup interval[39m[22m

    TypeError: shared_data_store_1.SharedDataStore.destroy is not a function
[2m[22m
[2m    [0m [90m 26 |[39m   afterEach(() [33m=>[39m {[22m
[2m     [90m 27 |[39m     jest[33m.[39museRealTimers()[33m;[39m[22m
[2m    [31m[1m>[22m[2m[39m[90m 28 |[39m     [33mSharedDataStore[39m[33m.[39mdestroy()[33m;[39m[22m
[2m     [90m    |[39m                     [31m[1m^[22m[2m[39m[22m
[2m     [90m 29 |[39m   })[33m;[39m[22m
[2m     [90m 30 |[39m[22m
[2m     [90m 31 |[39m   describe([32m'getInstance'[39m[33m,[39m () [33m=>[39m {[0m[22m
[2m[22m
[2m      [2mat Object.<anonymous> ([22m[2m[0m[36mtests/unit/lib/mastra/utils/shared-data-store.test.ts[39m[0m[2m:28:21)[22m[2m[22m

[1m[31m  [1m● [22m[1mSharedDataStore › set and get › should store and retrieve data[39m[22m

    TypeError: shared_data_store_1.SharedDataStore.destroy is not a function
[2m[22m
[2m    [0m [90m 21 |[39m     jest[33m.[39mclearAllMocks()[33m;[39m[22m
[2m     [90m 22 |[39m     jest[33m.[39museFakeTimers()[33m;[39m[22m
[2m    [31m[1m>[22m[2m[39m[90m 23 |[39m     [33mSharedDataStore[39m[33m.[39mdestroy()[33m;[39m[22m
[2m     [90m    |[39m                     [31m[1m^[22m[2m[39m[22m
[2m     [90m 24 |[39m   })[33m;[39m[22m
[2m     [90m 25 |[39m[22m
[2m     [90m 26 |[39m   afterEach(() [33m=>[39m {[0m[22m
[2m[22m
[2m      [2mat Object.<anonymous> ([22m[2m[0m[36mtests/unit/lib/mastra/utils/shared-data-store.test.ts[39m[0m[2m:23:21)[22m[2m[22m

[1m[31m  [1m● [22m[1mSharedDataStore › set and get › should store and retrieve data[39m[22m

    TypeError: shared_data_store_1.SharedDataStore.destroy is not a function
[2m[22m
[2m    [0m [90m 26 |[39m   afterEach(() [33m=>[39m {[22m
[2m     [90m 27 |[39m     jest[33m.[39museRealTimers()[33m;[39m[22m
[2m    [31m[1m>[22m[2m[39m[90m 28 |[39m     [33mSharedDataStore[39m[33m.[39mdestroy()[33m;[39m[22m
[2m     [90m    |[39m                     [31m[1m^[22m[2m[39m[22m
[2m     [90m 29 |[39m   })[33m;[39m[22m
[2m     [90m 30 |[39m[22m
[2m     [90m 31 |[39m   describe([32m'getInstance'[39m[33m,[39m () [33m=>[39m {[0m[22m
[2m[22m
[2m      [2mat Object.<anonymous> ([22m[2m[0m[36mtests/unit/lib/mastra/utils/shared-data-store.test.ts[39m[0m[2m:28:21)[22m[2m[22m

[1m[31m  [1m● [22m[1mSharedDataStore › set and get › should store data with type safety[39m[22m

    TypeError: shared_data_store_1.SharedDataStore.destroy is not a function
[2m[22m
[2m    [0m [90m 21 |[39m     jest[33m.[39mclearAllMocks()[33m;[39m[22m
[2m     [90m 22 |[39m     jest[33m.[39museFakeTimers()[33m;[39m[22m
[2m    [31m[1m>[22m[2m[39m[90m 23 |[39m     [33mSharedDataStore[39m[33m.[39mdestroy()[33m;[39m[22m
[2m     [90m    |[39m                     [31m[1m^[22m[2m[39m[22m
[2m     [90m 24 |[39m   })[33m;[39m[22m
[2m     [90m 25 |[39m[22m
[2m     [90m 26 |[39m   afterEach(() [33m=>[39m {[0m[22m
[2m[22m
[2m      [2mat Object.<anonymous> ([22m[2m[0m[36mtests/unit/lib/mastra/utils/shared-data-store.test.ts[39m[0m[2m:23:21)[22m[2m[22m

[1m[31m  [1m● [22m[1mSharedDataStore › set and get › should store data with type safety[39m[22m

    TypeError: shared_data_store_1.SharedDataStore.destroy is not a function
[2m[22m
[2m    [0m [90m 26 |[39m   afterEach(() [33m=>[39m {[22m
[2m     [90m 27 |[39m     jest[33m.[39museRealTimers()[33m;[39m[22m
[2m    [31m[1m>[22m[2m[39m[90m 28 |[39m     [33mSharedDataStore[39m[33m.[39mdestroy()[33m;[39m[22m
[2m     [90m    |[39m                     [31m[1m^[22m[2m[39m[22m
[2m     [90m 29 |[39m   })[33m;[39m[22m
[2m     [90m 30 |[39m[22m
[2m     [90m 31 |[39m   describe([32m'getInstance'[39m[33m,[39m () [33m=>[39m {[0m[22m
[2m[22m
[2m      [2mat Object.<anonymous> ([22m[2m[0m[36mtests/unit/lib/mastra/utils/shared-data-store.test.ts[39m[0m[2m:28:21)[22m[2m[22m

[1m[31m  [1m● [22m[1mSharedDataStore › set and get › should store data with TTL[39m[22m

    TypeError: shared_data_store_1.SharedDataStore.destroy is not a function
[2m[22m
[2m    [0m [90m 21 |[39m     jest[33m.[39mclearAllMocks()[33m;[39m[22m
[2m     [90m 22 |[39m     jest[33m.[39museFakeTimers()[33m;[39m[22m
[2m    [31m[1m>[22m[2m[39m[90m 23 |[39m     [33mSharedDataStore[39m[33m.[39mdestroy()[33m;[39m[22m
[2m     [90m    |[39m                     [31m[1m^[22m[2m[39m[22m
[2m     [90m 24 |[39m   })[33m;[39m[22m
[2m     [90m 25 |[39m[22m
[2m     [90m 26 |[39m   afterEach(() [33m=>[39m {[0m[22m
[2m[22m
[2m      [2mat Object.<anonymous> ([22m[2m[0m[36mtests/unit/lib/mastra/utils/shared-data-store.test.ts[39m[0m[2m:23:21)[22m[2m[22m

[1m[31m  [1m● [22m[1mSharedDataStore › set and get › should store data with TTL[39m[22m

    TypeError: shared_data_store_1.SharedDataStore.destroy is not a function
[2m[22m
[2m    [0m [90m 26 |[39m   afterEach(() [33m=>[39m {[22m
[2m     [90m 27 |[39m     jest[33m.[39museRealTimers()[33m;[39m[22m
[2m    [31m[1m>[22m[2m[39m[90m 28 |[39m     [33mSharedDataStore[39m[33m.[39mdestroy()[33m;[39m[22m
[2m     [90m    |[39m                     [31m[1m^[22m[2m[39m[22m
[2m     [90m 29 |[39m   })[33m;[39m[22m
[2m     [90m 30 |[39m[22m
[2m     [90m 31 |[39m   describe([32m'getInstance'[39m[33m,[39m () [33m=>[39m {[0m[22m
[2m[22m
[2m      [2mat Object.<anonymous> ([22m[2m[0m[36mtests/unit/lib/mastra/utils/shared-data-store.test.ts[39m[0m[2m:28:21)[22m[2m[22m

[1m[31m  [1m● [22m[1mSharedDataStore › set and get › should store data with metadata[39m[22m

    TypeError: shared_data_store_1.SharedDataStore.destroy is not a function
[2m[22m
[2m    [0m [90m 21 |[39m     jest[33m.[39mclearAllMocks()[33m;[39m[22m
[2m     [90m 22 |[39m     jest[33m.[39museFakeTimers()[33m;[39m[22m
[2m    [31m[1m>[22m[2m[39m[90m 23 |[39m     [33mSharedDataStore[39m[33m.[39mdestroy()[33m;[39m[22m
[2m     [90m    |[39m                     [31m[1m^[22m[2m[39m[22m
[2m     [90m 24 |[39m   })[33m;[39m[22m
[2m     [90m 25 |[39m[22m
[2m     [90m 26 |[39m   afterEach(() [33m=>[39m {[0m[22m
[2m[22m
[2m      [2mat Object.<anonymous> ([22m[2m[0m[36mtests/unit/lib/mastra/utils/shared-data-store.test.ts[39m[0m[2m:23:21)[22m[2m[22m

[1m[31m  [1m● [22m[1mSharedDataStore › set and get › should store data with metadata[39m[22m

    TypeError: shared_data_store_1.SharedDataStore.destroy is not a function
[2m[22m
[2m    [0m [90m 26 |[39m   afterEach(() [33m=>[39m {[22m
[2m     [90m 27 |[39m     jest[33m.[39museRealTimers()[33m;[39m[22m
[2m    [31m[1m>[22m[2m[39m[90m 28 |[39m     [33mSharedDataStore[39m[33m.[39mdestroy()[33m;[39m[22m
[2m     [90m    |[39m                     [31m[1m^[22m[2m[39m[22m
[2m     [90m 29 |[39m   })[33m;[39m[22m
[2m     [90m 30 |[39m[22m
[2m     [90m 31 |[39m   describe([32m'getInstance'[39m[33m,[39m () [33m=>[39m {[0m[22m
[2m[22m
[2m      [2mat Object.<anonymous> ([22m[2m[0m[36mtests/unit/lib/mastra/utils/shared-data-store.test.ts[39m[0m[2m:28:21)[22m[2m[22m

[1m[31m  [1m● [22m[1mSharedDataStore › set and get › should return null for non-existent namespace[39m[22m

    TypeError: shared_data_store_1.SharedDataStore.destroy is not a function
[2m[22m
[2m    [0m [90m 21 |[39m     jest[33m.[39mclearAllMocks()[33m;[39m[22m
[2m     [90m 22 |[39m     jest[33m.[39museFakeTimers()[33m;[39m[22m
[2m    [31m[1m>[22m[2m[39m[90m 23 |[39m     [33mSharedDataStore[39m[33m.[39mdestroy()[33m;[39m[22m
[2m     [90m    |[39m                     [31m[1m^[22m[2m[39m[22m
[2m     [90m 24 |[39m   })[33m;[39m[22m
[2m     [90m 25 |[39m[22m
[2m     [90m 26 |[39m   afterEach(() [33m=>[39m {[0m[22m
[2m[22m
[2m      [2mat Object.<anonymous> ([22m[2m[0m[36mtests/unit/lib/mastra/utils/shared-data-store.test.ts[39m[0m[2m:23:21)[22m[2m[22m

[1m[31m  [1m● [22m[1mSharedDataStore › set and get › should return null for non-existent namespace[39m[22m

    TypeError: shared_data_store_1.SharedDataStore.destroy is not a function
[2m[22m
[2m    [0m [90m 26 |[39m   afterEach(() [33m=>[39m {[22m
[2m     [90m 27 |[39m     jest[33m.[39museRealTimers()[33m;[39m[22m
[2m    [31m[1m>[22m[2m[39m[90m 28 |[39m     [33mSharedDataStore[39m[33m.[39mdestroy()[33m;[39m[22m
[2m     [90m    |[39m                     [31m[1m^[22m[2m[39m[22m
[2m     [90m 29 |[39m   })[33m;[39m[22m
[2m     [90m 30 |[39m[22m
[2m     [90m 31 |[39m   describe([32m'getInstance'[39m[33m,[39m () [33m=>[39m {[0m[22m
[2m[22m
[2m      [2mat Object.<anonymous> ([22m[2m[0m[36mtests/unit/lib/mastra/utils/shared-data-store.test.ts[39m[0m[2m:28:21)[22m[2m[22m

[1m[31m  [1m● [22m[1mSharedDataStore › set and get › should return null for non-existent key[39m[22m

    TypeError: shared_data_store_1.SharedDataStore.destroy is not a function
[2m[22m
[2m    [0m [90m 21 |[39m     jest[33m.[39mclearAllMocks()[33m;[39m[22m
[2m     [90m 22 |[39m     jest[33m.[39museFakeTimers()[33m;[39m[22m
[2m    [31m[1m>[22m[2m[39m[90m 23 |[39m     [33mSharedDataStore[39m[33m.[39mdestroy()[33m;[39m[22m
[2m     [90m    |[39m                     [31m[1m^[22m[2m[39m[22m
[2m     [90m 24 |[39m   })[33m;[39m[22m
[2m     [90m 25 |[39m[22m
[2m     [90m 26 |[39m   afterEach(() [33m=>[39m {[0m[22m
[2m[22m
[2m      [2mat Object.<anonymous> ([22m[2m[0m[36mtests/unit/lib/mastra/utils/shared-data-store.test.ts[39m[0m[2m:23:21)[22m[2m[22m

[1m[31m  [1m● [22m[1mSharedDataStore › set and get › should return null for non-existent key[39m[22m

    TypeError: shared_data_store_1.SharedDataStore.destroy is not a function
[2m[22m
[2m    [0m [90m 26 |[39m   afterEach(() [33m=>[39m {[22m
[2m     [90m 27 |[39m     jest[33m.[39museRealTimers()[33m;[39m[22m
[2m    [31m[1m>[22m[2m[39m[90m 28 |[39m     [33mSharedDataStore[39m[33m.[39mdestroy()[33m;[39m[22m
[2m     [90m    |[39m                     [31m[1m^[22m[2m[39m[22m
[2m     [90m 29 |[39m   })[33m;[39m[22m
[2m     [90m 30 |[39m[22m
[2m     [90m 31 |[39m   describe([32m'getInstance'[39m[33m,[39m () [33m=>[39m {[0m[22m
[2m[22m
[2m      [2mat Object.<anonymous> ([22m[2m[0m[36mtests/unit/lib/mastra/utils/shared-data-store.test.ts[39m[0m[2m:28:21)[22m[2m[22m

[1m[31m  [1m● [22m[1mSharedDataStore › set and get › should log data storage[39m[22m

    TypeError: shared_data_store_1.SharedDataStore.destroy is not a function
[2m[22m
[2m    [0m [90m 21 |[39m     jest[33m.[39mclearAllMocks()[33m;[39m[22m
[2m     [90m 22 |[39m     jest[33m.[39museFakeTimers()[33m;[39m[22m
[2m    [31m[1m>[22m[2m[39m[90m 23 |[39m     [33mSharedDataStore[39m[33m.[39mdestroy()[33m;[39m[22m
[2m     [90m    |[39m                     [31m[1m^[22m[2m[39m[22m
[2m     [90m 24 |[39m   })[33m;[39m[22m
[2m     [90m 25 |[39m[22m
[2m     [90m 26 |[39m   afterEach(() [33m=>[39m {[0m[22m
[2m[22m
[2m      [2mat Object.<anonymous> ([22m[2m[0m[36mtests/unit/lib/mastra/utils/shared-data-store.test.ts[39m[0m[2m:23:21)[22m[2m[22m

[1m[31m  [1m● [22m[1mSharedDataStore › set and get › should log data storage[39m[22m

    TypeError: shared_data_store_1.SharedDataStore.destroy is not a function
[2m[22m
[2m    [0m [90m 26 |[39m   afterEach(() [33m=>[39m {[22m
[2m     [90m 27 |[39m     jest[33m.[39museRealTimers()[33m;[39m[22m
[2m    [31m[1m>[22m[2m[39m[90m 28 |[39m     [33mSharedDataStore[39m[33m.[39mdestroy()[33m;[39m[22m
[2m     [90m    |[39m                     [31m[1m^[22m[2m[39m[22m
[2m     [90m 29 |[39m   })[33m;[39m[22m
[2m     [90m 30 |[39m[22m
[2m     [90m 31 |[39m   describe([32m'getInstance'[39m[33m,[39m () [33m=>[39m {[0m[22m
[2m[22m
[2m      [2mat Object.<anonymous> ([22m[2m[0m[36mtests/unit/lib/mastra/utils/shared-data-store.test.ts[39m[0m[2m:28:21)[22m[2m[22m

[1m[31m  [1m● [22m[1mSharedDataStore › has › should return true for existing data[39m[22m

    TypeError: shared_data_store_1.SharedDataStore.destroy is not a function
[2m[22m
[2m    [0m [90m 21 |[39m     jest[33m.[39mclearAllMocks()[33m;[39m[22m
[2m     [90m 22 |[39m     jest[33m.[39museFakeTimers()[33m;[39m[22m
[2m    [31m[1m>[22m[2m[39m[90m 23 |[39m     [33mSharedDataStore[39m[33m.[39mdestroy()[33m;[39m[22m
[2m     [90m    |[39m                     [31m[1m^[22m[2m[39m[22m
[2m     [90m 24 |[39m   })[33m;[39m[22m
[2m     [90m 25 |[39m[22m
[2m     [90m 26 |[39m   afterEach(() [33m=>[39m {[0m[22m
[2m[22m
[2m      [2mat Object.<anonymous> ([22m[2m[0m[36mtests/unit/lib/mastra/utils/shared-data-store.test.ts[39m[0m[2m:23:21)[22m[2m[22m

[1m[31m  [1m● [22m[1mSharedDataStore › has › should return true for existing data[39m[22m

    TypeError: shared_data_store_1.SharedDataStore.destroy is not a function
[2m[22m
[2m    [0m [90m 26 |[39m   afterEach(() [33m=>[39m {[22m
[2m     [90m 27 |[39m     jest[33m.[39museRealTimers()[33m;[39m[22m
[2m    [31m[1m>[22m[2m[39m[90m 28 |[39m     [33mSharedDataStore[39m[33m.[39mdestroy()[33m;[39m[22m
[2m     [90m    |[39m                     [31m[1m^[22m[2m[39m[22m
[2m     [90m 29 |[39m   })[33m;[39m[22m
[2m     [90m 30 |[39m[22m
[2m     [90m 31 |[39m   describe([32m'getInstance'[39m[33m,[39m () [33m=>[39m {[0m[22m
[2m[22m
[2m      [2mat Object.<anonymous> ([22m[2m[0m[36mtests/unit/lib/mastra/utils/shared-data-store.test.ts[39m[0m[2m:28:21)[22m[2m[22m

[1m[31m  [1m● [22m[1mSharedDataStore › has › should return false for non-existent namespace[39m[22m

    TypeError: shared_data_store_1.SharedDataStore.destroy is not a function
[2m[22m
[2m    [0m [90m 21 |[39m     jest[33m.[39mclearAllMocks()[33m;[39m[22m
[2m     [90m 22 |[39m     jest[33m.[39museFakeTimers()[33m;[39m[22m
[2m    [31m[1m>[22m[2m[39m[90m 23 |[39m     [33mSharedDataStore[39m[33m.[39mdestroy()[33m;[39m[22m
[2m     [90m    |[39m                     [31m[1m^[22m[2m[39m[22m
[2m     [90m 24 |[39m   })[33m;[39m[22m
[2m     [90m 25 |[39m[22m
[2m     [90m 26 |[39m   afterEach(() [33m=>[39m {[0m[22m
[2m[22m
[2m      [2mat Object.<anonymous> ([22m[2m[0m[36mtests/unit/lib/mastra/utils/shared-data-store.test.ts[39m[0m[2m:23:21)[22m[2m[22m

[1m[31m  [1m● [22m[1mSharedDataStore › has › should return false for non-existent namespace[39m[22m

    TypeError: shared_data_store_1.SharedDataStore.destroy is not a function
[2m[22m
[2m    [0m [90m 26 |[39m   afterEach(() [33m=>[39m {[22m
[2m     [90m 27 |[39m     jest[33m.[39museRealTimers()[33m;[39m[22m
[2m    [31m[1m>[22m[2m[39m[90m 28 |[39m     [33mSharedDataStore[39m[33m.[39mdestroy()[33m;[39m[22m
[2m     [90m    |[39m                     [31m[1m^[22m[2m[39m[22m
[2m     [90m 29 |[39m   })[33m;[39m[22m
[2m     [90m 30 |[39m[22m
[2m     [90m 31 |[39m   describe([32m'getInstance'[39m[33m,[39m () [33m=>[39m {[0m[22m
[2m[22m
[2m      [2mat Object.<anonymous> ([22m[2m[0m[36mtests/unit/lib/mastra/utils/shared-data-store.test.ts[39m[0m[2m:28:21)[22m[2m[22m

[1m[31m  [1m● [22m[1mSharedDataStore › has › should return false for non-existent key[39m[22m

    TypeError: shared_data_store_1.SharedDataStore.destroy is not a function
[2m[22m
[2m    [0m [90m 21 |[39m     jest[33m.[39mclearAllMocks()[33m;[39m[22m
[2m     [90m 22 |[39m     jest[33m.[39museFakeTimers()[33m;[39m[22m
[2m    [31m[1m>[22m[2m[39m[90m 23 |[39m     [33mSharedDataStore[39m[33m.[39mdestroy()[33m;[39m[22m
[2m     [90m    |[39m                     [31m[1m^[22m[2m[39m[22m
[2m     [90m 24 |[39m   })[33m;[39m[22m
[2m     [90m 25 |[39m[22m
[2m     [90m 26 |[39m   afterEach(() [33m=>[39m {[0m[22m
[2m[22m
[2m      [2mat Object.<anonymous> ([22m[2m[0m[36mtests/unit/lib/mastra/utils/shared-data-store.test.ts[39m[0m[2m:23:21)[22m[2m[22m

[1m[31m  [1m● [22m[1mSharedDataStore › has › should return false for non-existent key[39m[22m

    TypeError: shared_data_store_1.SharedDataStore.destroy is not a function
[2m[22m
[2m    [0m [90m 26 |[39m   afterEach(() [33m=>[39m {[22m
[2m     [90m 27 |[39m     jest[33m.[39museRealTimers()[33m;[39m[22m
[2m    [31m[1m>[22m[2m[39m[90m 28 |[39m     [33mSharedDataStore[39m[33m.[39mdestroy()[33m;[39m[22m
[2m     [90m    |[39m                     [31m[1m^[22m[2m[39m[22m
[2m     [90m 29 |[39m   })[33m;[39m[22m
[2m     [90m 30 |[39m[22m
[2m     [90m 31 |[39m   describe([32m'getInstance'[39m[33m,[39m () [33m=>[39m {[0m[22m
[2m[22m
[2m      [2mat Object.<anonymous> ([22m[2m[0m[36mtests/unit/lib/mastra/utils/shared-data-store.test.ts[39m[0m[2m:28:21)[22m[2m[22m

[1m[31m  [1m● [22m[1mSharedDataStore › has › should return false for expired data[39m[22m

    TypeError: shared_data_store_1.SharedDataStore.destroy is not a function
[2m[22m
[2m    [0m [90m 21 |[39m     jest[33m.[39mclearAllMocks()[33m;[39m[22m
[2m     [90m 22 |[39m     jest[33m.[39museFakeTimers()[33m;[39m[22m
[2m    [31m[1m>[22m[2m[39m[90m 23 |[39m     [33mSharedDataStore[39m[33m.[39mdestroy()[33m;[39m[22m
[2m     [90m    |[39m                     [31m[1m^[22m[2m[39m[22m
[2m     [90m 24 |[39m   })[33m;[39m[22m
[2m     [90m 25 |[39m[22m
[2m     [90m 26 |[39m   afterEach(() [33m=>[39m {[0m[22m
[2m[22m
[2m      [2mat Object.<anonymous> ([22m[2m[0m[36mtests/unit/lib/mastra/utils/shared-data-store.test.ts[39m[0m[2m:23:21)[22m[2m[22m

[1m[31m  [1m● [22m[1mSharedDataStore › has › should return false for expired data[39m[22m

    TypeError: shared_data_store_1.SharedDataStore.destroy is not a function
[2m[22m
[2m    [0m [90m 26 |[39m   afterEach(() [33m=>[39m {[22m
[2m     [90m 27 |[39m     jest[33m.[39museRealTimers()[33m;[39m[22m
[2m    [31m[1m>[22m[2m[39m[90m 28 |[39m     [33mSharedDataStore[39m[33m.[39mdestroy()[33m;[39m[22m
[2m     [90m    |[39m                     [31m[1m^[22m[2m[39m[22m
[2m     [90m 29 |[39m   })[33m;[39m[22m
[2m     [90m 30 |[39m[22m
[2m     [90m 31 |[39m   describe([32m'getInstance'[39m[33m,[39m () [33m=>[39m {[0m[22m
[2m[22m
[2m      [2mat Object.<anonymous> ([22m[2m[0m[36mtests/unit/lib/mastra/utils/shared-data-store.test.ts[39m[0m[2m:28:21)[22m[2m[22m

[1m[31m  [1m● [22m[1mSharedDataStore › has › should delete expired data on check[39m[22m

    TypeError: shared_data_store_1.SharedDataStore.destroy is not a function
[2m[22m
[2m    [0m [90m 21 |[39m     jest[33m.[39mclearAllMocks()[33m;[39m[22m
[2m     [90m 22 |[39m     jest[33m.[39museFakeTimers()[33m;[39m[22m
[2m    [31m[1m>[22m[2m[39m[90m 23 |[39m     [33mSharedDataStore[39m[33m.[39mdestroy()[33m;[39m[22m
[2m     [90m    |[39m                     [31m[1m^[22m[2m[39m[22m
[2m     [90m 24 |[39m   })[33m;[39m[22m
[2m     [90m 25 |[39m[22m
[2m     [90m 26 |[39m   afterEach(() [33m=>[39m {[0m[22m
[2m[22m
[2m      [2mat Object.<anonymous> ([22m[2m[0m[36mtests/unit/lib/mastra/utils/shared-data-store.test.ts[39m[0m[2m:23:21)[22m[2m[22m

[1m[31m  [1m● [22m[1mSharedDataStore › has › should delete expired data on check[39m[22m

    TypeError: shared_data_store_1.SharedDataStore.destroy is not a function
[2m[22m
[2m    [0m [90m 26 |[39m   afterEach(() [33m=>[39m {[22m
[2m     [90m 27 |[39m     jest[33m.[39museRealTimers()[33m;[39m[22m
[2m    [31m[1m>[22m[2m[39m[90m 28 |[39m     [33mSharedDataStore[39m[33m.[39mdestroy()[33m;[39m[22m
[2m     [90m    |[39m                     [31m[1m^[22m[2m[39m[22m
[2m     [90m 29 |[39m   })[33m;[39m[22m
[2m     [90m 30 |[39m[22m
[2m     [90m 31 |[39m   describe([32m'getInstance'[39m[33m,[39m () [33m=>[39m {[0m[22m
[2m[22m
[2m      [2mat Object.<anonymous> ([22m[2m[0m[36mtests/unit/lib/mastra/utils/shared-data-store.test.ts[39m[0m[2m:28:21)[22m[2m[22m

[1m[31m  [1m● [22m[1mSharedDataStore › delete › should delete existing data[39m[22m

    TypeError: shared_data_store_1.SharedDataStore.destroy is not a function
[2m[22m
[2m    [0m [90m 21 |[39m     jest[33m.[39mclearAllMocks()[33m;[39m[22m
[2m     [90m 22 |[39m     jest[33m.[39museFakeTimers()[33m;[39m[22m
[2m    [31m[1m>[22m[2m[39m[90m 23 |[39m     [33mSharedDataStore[39m[33m.[39mdestroy()[33m;[39m[22m
[2m     [90m    |[39m                     [31m[1m^[22m[2m[39m[22m
[2m     [90m 24 |[39m   })[33m;[39m[22m
[2m     [90m 25 |[39m[22m
[2m     [90m 26 |[39m   afterEach(() [33m=>[39m {[0m[22m
[2m[22m
[2m      [2mat Object.<anonymous> ([22m[2m[0m[36mtests/unit/lib/mastra/utils/shared-data-store.test.ts[39m[0m[2m:23:21)[22m[2m[22m

[1m[31m  [1m● [22m[1mSharedDataStore › delete › should delete existing data[39m[22m

    TypeError: shared_data_store_1.SharedDataStore.destroy is not a function
[2m[22m
[2m    [0m [90m 26 |[39m   afterEach(() [33m=>[39m {[22m
[2m     [90m 27 |[39m     jest[33m.[39museRealTimers()[33m;[39m[22m
[2m    [31m[1m>[22m[2m[39m[90m 28 |[39m     [33mSharedDataStore[39m[33m.[39mdestroy()[33m;[39m[22m
[2m     [90m    |[39m                     [31m[1m^[22m[2m[39m[22m
[2m     [90m 29 |[39m   })[33m;[39m[22m
[2m     [90m 30 |[39m[22m
[2m     [90m 31 |[39m   describe([32m'getInstance'[39m[33m,[39m () [33m=>[39m {[0m[22m
[2m[22m
[2m      [2mat Object.<anonymous> ([22m[2m[0m[36mtests/unit/lib/mastra/utils/shared-data-store.test.ts[39m[0m[2m:28:21)[22m[2m[22m

[1m[31m  [1m● [22m[1mSharedDataStore › delete › should return false for non-existent namespace[39m[22m

    TypeError: shared_data_store_1.SharedDataStore.destroy is not a function
[2m[22m
[2m    [0m [90m 21 |[39m     jest[33m.[39mclearAllMocks()[33m;[39m[22m
[2m     [90m 22 |[39m     jest[33m.[39museFakeTimers()[33m;[39m[22m
[2m    [31m[1m>[22m[2m[39m[90m 23 |[39m     [33mSharedDataStore[39m[33m.[39mdestroy()[33m;[39m[22m
[2m     [90m    |[39m                     [31m[1m^[22m[2m[39m[22m
[2m     [90m 24 |[39m   })[33m;[39m[22m
[2m     [90m 25 |[39m[22m
[2m     [90m 26 |[39m   afterEach(() [33m=>[39m {[0m[22m
[2m[22m
[2m      [2mat Object.<anonymous> ([22m[2m[0m[36mtests/unit/lib/mastra/utils/shared-data-store.test.ts[39m[0m[2m:23:21)[22m[2m[22m

[1m[31m  [1m● [22m[1mSharedDataStore › delete › should return false for non-existent namespace[39m[22m

    TypeError: shared_data_store_1.SharedDataStore.destroy is not a function
[2m[22m
[2m    [0m [90m 26 |[39m   afterEach(() [33m=>[39m {[22m
[2m     [90m 27 |[39m     jest[33m.[39museRealTimers()[33m;[39m[22m
[2m    [31m[1m>[22m[2m[39m[90m 28 |[39m     [33mSharedDataStore[39m[33m.[39mdestroy()[33m;[39m[22m
[2m     [90m    |[39m                     [31m[1m^[22m[2m[39m[22m
[2m     [90m 29 |[39m   })[33m;[39m[22m
[2m     [90m 30 |[39m[22m
[2m     [90m 31 |[39m   describe([32m'getInstance'[39m[33m,[39m () [33m=>[39m {[0m[22m
[2m[22m
[2m      [2mat Object.<anonymous> ([22m[2m[0m[36mtests/unit/lib/mastra/utils/shared-data-store.test.ts[39m[0m[2m:28:21)[22m[2m[22m

[1m[31m  [1m● [22m[1mSharedDataStore › delete › should return false for non-existent key[39m[22m

    TypeError: shared_data_store_1.SharedDataStore.destroy is not a function
[2m[22m
[2m    [0m [90m 21 |[39m     jest[33m.[39mclearAllMocks()[33m;[39m[22m
[2m     [90m 22 |[39m     jest[33m.[39museFakeTimers()[33m;[39m[22m
[2m    [31m[1m>[22m[2m[39m[90m 23 |[39m     [33mSharedDataStore[39m[33m.[39mdestroy()[33m;[39m[22m
[2m     [90m    |[39m                     [31m[1m^[22m[2m[39m[22m
[2m     [90m 24 |[39m   })[33m;[39m[22m
[2m     [90m 25 |[39m[22m
[2m     [90m 26 |[39m   afterEach(() [33m=>[39m {[0m[22m
[2m[22m
[2m      [2mat Object.<anonymous> ([22m[2m[0m[36mtests/unit/lib/mastra/utils/shared-data-store.test.ts[39m[0m[2m:23:21)[22m[2m[22m

[1m[31m  [1m● [22m[1mSharedDataStore › delete › should return false for non-existent key[39m[22m

    TypeError: shared_data_store_1.SharedDataStore.destroy is not a function
[2m[22m
[2m    [0m [90m 26 |[39m   afterEach(() [33m=>[39m {[22m
[2m     [90m 27 |[39m     jest[33m.[39museRealTimers()[33m;[39m[22m
[2m    [31m[1m>[22m[2m[39m[90m 28 |[39m     [33mSharedDataStore[39m[33m.[39mdestroy()[33m;[39m[22m
[2m     [90m    |[39m                     [31m[1m^[22m[2m[39m[22m
[2m     [90m 29 |[39m   })[33m;[39m[22m
[2m     [90m 30 |[39m[22m
[2m     [90m 31 |[39m   describe([32m'getInstance'[39m[33m,[39m () [33m=>[39m {[0m[22m
[2m[22m
[2m      [2mat Object.<anonymous> ([22m[2m[0m[36mtests/unit/lib/mastra/utils/shared-data-store.test.ts[39m[0m[2m:28:21)[22m[2m[22m

[1m[31m  [1m● [22m[1mSharedDataStore › clearNamespace › should clear all data in namespace[39m[22m

    TypeError: shared_data_store_1.SharedDataStore.destroy is not a function
[2m[22m
[2m    [0m [90m 21 |[39m     jest[33m.[39mclearAllMocks()[33m;[39m[22m
[2m     [90m 22 |[39m     jest[33m.[39museFakeTimers()[33m;[39m[22m
[2m    [31m[1m>[22m[2m[39m[90m 23 |[39m     [33mSharedDataStore[39m[33m.[39mdestroy()[33m;[39m[22m
[2m     [90m    |[39m                     [31m[1m^[22m[2m[39m[22m
[2m     [90m 24 |[39m   })[33m;[39m[22m
[2m     [90m 25 |[39m[22m
[2m     [90m 26 |[39m   afterEach(() [33m=>[39m {[0m[22m
[2m[22m
[2m      [2mat Object.<anonymous> ([22m[2m[0m[36mtests/unit/lib/mastra/utils/shared-data-store.test.ts[39m[0m[2m:23:21)[22m[2m[22m

[1m[31m  [1m● [22m[1mSharedDataStore › clearNamespace › should clear all data in namespace[39m[22m

    TypeError: shared_data_store_1.SharedDataStore.destroy is not a function
[2m[22m
[2m    [0m [90m 26 |[39m   afterEach(() [33m=>[39m {[22m
[2m     [90m 27 |[39m     jest[33m.[39museRealTimers()[33m;[39m[22m
[2m    [31m[1m>[22m[2m[39m[90m 28 |[39m     [33mSharedDataStore[39m[33m.[39mdestroy()[33m;[39m[22m
[2m     [90m    |[39m                     [31m[1m^[22m[2m[39m[22m
[2m     [90m 29 |[39m   })[33m;[39m[22m
[2m     [90m 30 |[39m[22m
[2m     [90m 31 |[39m   describe([32m'getInstance'[39m[33m,[39m () [33m=>[39m {[0m[22m
[2m[22m
[2m      [2mat Object.<anonymous> ([22m[2m[0m[36mtests/unit/lib/mastra/utils/shared-data-store.test.ts[39m[0m[2m:28:21)[22m[2m[22m

[1m[31m  [1m● [22m[1mSharedDataStore › clearNamespace › should log namespace clearing[39m[22m

    TypeError: shared_data_store_1.SharedDataStore.destroy is not a function
[2m[22m
[2m    [0m [90m 21 |[39m     jest[33m.[39mclearAllMocks()[33m;[39m[22m
[2m     [90m 22 |[39m     jest[33m.[39museFakeTimers()[33m;[39m[22m
[2m    [31m[1m>[22m[2m[39m[90m 23 |[39m     [33mSharedDataStore[39m[33m.[39mdestroy()[33m;[39m[22m
[2m     [90m    |[39m                     [31m[1m^[22m[2m[39m[22m
[2m     [90m 24 |[39m   })[33m;[39m[22m
[2m     [90m 25 |[39m[22m
[2m     [90m 26 |[39m   afterEach(() [33m=>[39m {[0m[22m
[2m[22m
[2m      [2mat Object.<anonymous> ([22m[2m[0m[36mtests/unit/lib/mastra/utils/shared-data-store.test.ts[39m[0m[2m:23:21)[22m[2m[22m

[1m[31m  [1m● [22m[1mSharedDataStore › clearNamespace › should log namespace clearing[39m[22m

    TypeError: shared_data_store_1.SharedDataStore.destroy is not a function
[2m[22m
[2m    [0m [90m 26 |[39m   afterEach(() [33m=>[39m {[22m
[2m     [90m 27 |[39m     jest[33m.[39museRealTimers()[33m;[39m[22m
[2m    [31m[1m>[22m[2m[39m[90m 28 |[39m     [33mSharedDataStore[39m[33m.[39mdestroy()[33m;[39m[22m
[2m     [90m    |[39m                     [31m[1m^[22m[2m[39m[22m
[2m     [90m 29 |[39m   })[33m;[39m[22m
[2m     [90m 30 |[39m[22m
[2m     [90m 31 |[39m   describe([32m'getInstance'[39m[33m,[39m () [33m=>[39m {[0m[22m
[2m[22m
[2m      [2mat Object.<anonymous> ([22m[2m[0m[36mtests/unit/lib/mastra/utils/shared-data-store.test.ts[39m[0m[2m:28:21)[22m[2m[22m

[1m[31m  [1m● [22m[1mSharedDataStore › clearAll › should clear all data[39m[22m

    TypeError: shared_data_store_1.SharedDataStore.destroy is not a function
[2m[22m
[2m    [0m [90m 21 |[39m     jest[33m.[39mclearAllMocks()[33m;[39m[22m
[2m     [90m 22 |[39m     jest[33m.[39museFakeTimers()[33m;[39m[22m
[2m    [31m[1m>[22m[2m[39m[90m 23 |[39m     [33mSharedDataStore[39m[33m.[39mdestroy()[33m;[39m[22m
[2m     [90m    |[39m                     [31m[1m^[22m[2m[39m[22m
[2m     [90m 24 |[39m   })[33m;[39m[22m
[2m     [90m 25 |[39m[22m
[2m     [90m 26 |[39m   afterEach(() [33m=>[39m {[0m[22m
[2m[22m
[2m      [2mat Object.<anonymous> ([22m[2m[0m[36mtests/unit/lib/mastra/utils/shared-data-store.test.ts[39m[0m[2m:23:21)[22m[2m[22m

[1m[31m  [1m● [22m[1mSharedDataStore › clearAll › should clear all data[39m[22m

    TypeError: shared_data_store_1.SharedDataStore.destroy is not a function
[2m[22m
[2m    [0m [90m 26 |[39m   afterEach(() [33m=>[39m {[22m
[2m     [90m 27 |[39m     jest[33m.[39museRealTimers()[33m;[39m[22m
[2m    [31m[1m>[22m[2m[39m[90m 28 |[39m     [33mSharedDataStore[39m[33m.[39mdestroy()[33m;[39m[22m
[2m     [90m    |[39m                     [31m[1m^[22m[2m[39m[22m
[2m     [90m 29 |[39m   })[33m;[39m[22m
[2m     [90m 30 |[39m[22m
[2m     [90m 31 |[39m   describe([32m'getInstance'[39m[33m,[39m () [33m=>[39m {[0m[22m
[2m[22m
[2m      [2mat Object.<anonymous> ([22m[2m[0m[36mtests/unit/lib/mastra/utils/shared-data-store.test.ts[39m[0m[2m:28:21)[22m[2m[22m

[1m[31m  [1m● [22m[1mSharedDataStore › clearAll › should log clearing all data[39m[22m

    TypeError: shared_data_store_1.SharedDataStore.destroy is not a function
[2m[22m
[2m    [0m [90m 21 |[39m     jest[33m.[39mclearAllMocks()[33m;[39m[22m
[2m     [90m 22 |[39m     jest[33m.[39museFakeTimers()[33m;[39m[22m
[2m    [31m[1m>[22m[2m[39m[90m 23 |[39m     [33mSharedDataStore[39m[33m.[39mdestroy()[33m;[39m[22m
[2m     [90m    |[39m                     [31m[1m^[22m[2m[39m[22m
[2m     [90m 24 |[39m   })[33m;[39m[22m
[2m     [90m 25 |[39m[22m
[2m     [90m 26 |[39m   afterEach(() [33m=>[39m {[0m[22m
[2m[22m
[2m      [2mat Object.<anonymous> ([22m[2m[0m[36mtests/unit/lib/mastra/utils/shared-data-store.test.ts[39m[0m[2m:23:21)[22m[2m[22m

[1m[31m  [1m● [22m[1mSharedDataStore › clearAll › should log clearing all data[39m[22m

    TypeError: shared_data_store_1.SharedDataStore.destroy is not a function
[2m[22m
[2m    [0m [90m 26 |[39m   afterEach(() [33m=>[39m {[22m
[2m     [90m 27 |[39m     jest[33m.[39museRealTimers()[33m;[39m[22m
[2m    [31m[1m>[22m[2m[39m[90m 28 |[39m     [33mSharedDataStore[39m[33m.[39mdestroy()[33m;[39m[22m
[2m     [90m    |[39m                     [31m[1m^[22m[2m[39m[22m
[2m     [90m 29 |[39m   })[33m;[39m[22m
[2m     [90m 30 |[39m[22m
[2m     [90m 31 |[39m   describe([32m'getInstance'[39m[33m,[39m () [33m=>[39m {[0m[22m
[2m[22m
[2m      [2mat Object.<anonymous> ([22m[2m[0m[36mtests/unit/lib/mastra/utils/shared-data-store.test.ts[39m[0m[2m:28:21)[22m[2m[22m

[1m[31m  [1m● [22m[1mSharedDataStore › getKeys › should return all keys in namespace[39m[22m

    TypeError: shared_data_store_1.SharedDataStore.destroy is not a function
[2m[22m
[2m    [0m [90m 21 |[39m     jest[33m.[39mclearAllMocks()[33m;[39m[22m
[2m     [90m 22 |[39m     jest[33m.[39museFakeTimers()[33m;[39m[22m
[2m    [31m[1m>[22m[2m[39m[90m 23 |[39m     [33mSharedDataStore[39m[33m.[39mdestroy()[33m;[39m[22m
[2m     [90m    |[39m                     [31m[1m^[22m[2m[39m[22m
[2m     [90m 24 |[39m   })[33m;[39m[22m
[2m     [90m 25 |[39m[22m
[2m     [90m 26 |[39m   afterEach(() [33m=>[39m {[0m[22m
[2m[22m
[2m      [2mat Object.<anonymous> ([22m[2m[0m[36mtests/unit/lib/mastra/utils/shared-data-store.test.ts[39m[0m[2m:23:21)[22m[2m[22m

[1m[31m  [1m● [22m[1mSharedDataStore › getKeys › should return all keys in namespace[39m[22m

    TypeError: shared_data_store_1.SharedDataStore.destroy is not a function
[2m[22m
[2m    [0m [90m 26 |[39m   afterEach(() [33m=>[39m {[22m
[2m     [90m 27 |[39m     jest[33m.[39museRealTimers()[33m;[39m[22m
[2m    [31m[1m>[22m[2m[39m[90m 28 |[39m     [33mSharedDataStore[39m[33m.[39mdestroy()[33m;[39m[22m
[2m     [90m    |[39m                     [31m[1m^[22m[2m[39m[22m
[2m     [90m 29 |[39m   })[33m;[39m[22m
[2m     [90m 30 |[39m[22m
[2m     [90m 31 |[39m   describe([32m'getInstance'[39m[33m,[39m () [33m=>[39m {[0m[22m
[2m[22m
[2m      [2mat Object.<anonymous> ([22m[2m[0m[36mtests/unit/lib/mastra/utils/shared-data-store.test.ts[39m[0m[2m:28:21)[22m[2m[22m

[1m[31m  [1m● [22m[1mSharedDataStore › getKeys › should return empty array for non-existent namespace in production[39m[22m

    TypeError: shared_data_store_1.SharedDataStore.destroy is not a function
[2m[22m
[2m    [0m [90m 21 |[39m     jest[33m.[39mclearAllMocks()[33m;[39m[22m
[2m     [90m 22 |[39m     jest[33m.[39museFakeTimers()[33m;[39m[22m
[2m    [31m[1m>[22m[2m[39m[90m 23 |[39m     [33mSharedDataStore[39m[33m.[39mdestroy()[33m;[39m[22m
[2m     [90m    |[39m                     [31m[1m^[22m[2m[39m[22m
[2m     [90m 24 |[39m   })[33m;[39m[22m
[2m     [90m 25 |[39m[22m
[2m     [90m 26 |[39m   afterEach(() [33m=>[39m {[0m[22m
[2m[22m
[2m      [2mat Object.<anonymous> ([22m[2m[0m[36mtests/unit/lib/mastra/utils/shared-data-store.test.ts[39m[0m[2m:23:21)[22m[2m[22m

[1m[31m  [1m● [22m[1mSharedDataStore › getKeys › should return empty array for non-existent namespace in production[39m[22m

    TypeError: shared_data_store_1.SharedDataStore.destroy is not a function
[2m[22m
[2m    [0m [90m 26 |[39m   afterEach(() [33m=>[39m {[22m
[2m     [90m 27 |[39m     jest[33m.[39museRealTimers()[33m;[39m[22m
[2m    [31m[1m>[22m[2m[39m[90m 28 |[39m     [33mSharedDataStore[39m[33m.[39mdestroy()[33m;[39m[22m
[2m     [90m    |[39m                     [31m[1m^[22m[2m[39m[22m
[2m     [90m 29 |[39m   })[33m;[39m[22m
[2m     [90m 30 |[39m[22m
[2m     [90m 31 |[39m   describe([32m'getInstance'[39m[33m,[39m () [33m=>[39m {[0m[22m
[2m[22m
[2m      [2mat Object.<anonymous> ([22m[2m[0m[36mtests/unit/lib/mastra/utils/shared-data-store.test.ts[39m[0m[2m:28:21)[22m[2m[22m

[1m[31m  [1m● [22m[1mSharedDataStore › getKeys › should return empty array for non-existent namespace in development[39m[22m

    TypeError: shared_data_store_1.SharedDataStore.destroy is not a function
[2m[22m
[2m    [0m [90m 21 |[39m     jest[33m.[39mclearAllMocks()[33m;[39m[22m
[2m     [90m 22 |[39m     jest[33m.[39museFakeTimers()[33m;[39m[22m
[2m    [31m[1m>[22m[2m[39m[90m 23 |[39m     [33mSharedDataStore[39m[33m.[39mdestroy()[33m;[39m[22m
[2m     [90m    |[39m                     [31m[1m^[22m[2m[39m[22m
[2m     [90m 24 |[39m   })[33m;[39m[22m
[2m     [90m 25 |[39m[22m
[2m     [90m 26 |[39m   afterEach(() [33m=>[39m {[0m[22m
[2m[22m
[2m      [2mat Object.<anonymous> ([22m[2m[0m[36mtests/unit/lib/mastra/utils/shared-data-store.test.ts[39m[0m[2m:23:21)[22m[2m[22m

[1m[31m  [1m● [22m[1mSharedDataStore › getKeys › should return empty array for non-existent namespace in development[39m[22m

    TypeError: shared_data_store_1.SharedDataStore.destroy is not a function
[2m[22m
[2m    [0m [90m 26 |[39m   afterEach(() [33m=>[39m {[22m
[2m     [90m 27 |[39m     jest[33m.[39museRealTimers()[33m;[39m[22m
[2m    [31m[1m>[22m[2m[39m[90m 28 |[39m     [33mSharedDataStore[39m[33m.[39mdestroy()[33m;[39m[22m
[2m     [90m    |[39m                     [31m[1m^[22m[2m[39m[22m
[2m     [90m 29 |[39m   })[33m;[39m[22m
[2m     [90m 30 |[39m[22m
[2m     [90m 31 |[39m   describe([32m'getInstance'[39m[33m,[39m () [33m=>[39m {[0m[22m
[2m[22m
[2m      [2mat Object.<anonymous> ([22m[2m[0m[36mtests/unit/lib/mastra/utils/shared-data-store.test.ts[39m[0m[2m:28:21)[22m[2m[22m

[1m[31m  [1m● [22m[1mSharedDataStore › getAll › should return all data in namespace[39m[22m

    TypeError: shared_data_store_1.SharedDataStore.destroy is not a function
[2m[22m
[2m    [0m [90m 21 |[39m     jest[33m.[39mclearAllMocks()[33m;[39m[22m
[2m     [90m 22 |[39m     jest[33m.[39museFakeTimers()[33m;[39m[22m
[2m    [31m[1m>[22m[2m[39m[90m 23 |[39m     [33mSharedDataStore[39m[33m.[39mdestroy()[33m;[39m[22m
[2m     [90m    |[39m                     [31m[1m^[22m[2m[39m[22m
[2m     [90m 24 |[39m   })[33m;[39m[22m
[2m     [90m 25 |[39m[22m
[2m     [90m 26 |[39m   afterEach(() [33m=>[39m {[0m[22m
[2m[22m
[2m      [2mat Object.<anonymous> ([22m[2m[0m[36mtests/unit/lib/mastra/utils/shared-data-store.test.ts[39m[0m[2m:23:21)[22m[2m[22m

[1m[31m  [1m● [22m[1mSharedDataStore › getAll › should return all data in namespace[39m[22m

    TypeError: shared_data_store_1.SharedDataStore.destroy is not a function
[2m[22m
[2m    [0m [90m 26 |[39m   afterEach(() [33m=>[39m {[22m
[2m     [90m 27 |[39m     jest[33m.[39museRealTimers()[33m;[39m[22m
[2m    [31m[1m>[22m[2m[39m[90m 28 |[39m     [33mSharedDataStore[39m[33m.[39mdestroy()[33m;[39m[22m
[2m     [90m    |[39m                     [31m[1m^[22m[2m[39m[22m
[2m     [90m 29 |[39m   })[33m;[39m[22m
[2m     [90m 30 |[39m[22m
[2m     [90m 31 |[39m   describe([32m'getInstance'[39m[33m,[39m () [33m=>[39m {[0m[22m
[2m[22m
[2m      [2mat Object.<anonymous> ([22m[2m[0m[36mtests/unit/lib/mastra/utils/shared-data-store.test.ts[39m[0m[2m:28:21)[22m[2m[22m

[1m[31m  [1m● [22m[1mSharedDataStore › getAll › should exclude expired data[39m[22m

    TypeError: shared_data_store_1.SharedDataStore.destroy is not a function
[2m[22m
[2m    [0m [90m 21 |[39m     jest[33m.[39mclearAllMocks()[33m;[39m[22m
[2m     [90m 22 |[39m     jest[33m.[39museFakeTimers()[33m;[39m[22m
[2m    [31m[1m>[22m[2m[39m[90m 23 |[39m     [33mSharedDataStore[39m[33m.[39mdestroy()[33m;[39m[22m
[2m     [90m    |[39m                     [31m[1m^[22m[2m[39m[22m
[2m     [90m 24 |[39m   })[33m;[39m[22m
[2m     [90m 25 |[39m[22m
[2m     [90m 26 |[39m   afterEach(() [33m=>[39m {[0m[22m
[2m[22m
[2m      [2mat Object.<anonymous> ([22m[2m[0m[36mtests/unit/lib/mastra/utils/shared-data-store.test.ts[39m[0m[2m:23:21)[22m[2m[22m

[1m[31m  [1m● [22m[1mSharedDataStore › getAll › should exclude expired data[39m[22m

    TypeError: shared_data_store_1.SharedDataStore.destroy is not a function
[2m[22m
[2m    [0m [90m 26 |[39m   afterEach(() [33m=>[39m {[22m
[2m     [90m 27 |[39m     jest[33m.[39museRealTimers()[33m;[39m[22m
[2m    [31m[1m>[22m[2m[39m[90m 28 |[39m     [33mSharedDataStore[39m[33m.[39mdestroy()[33m;[39m[22m
[2m     [90m    |[39m                     [31m[1m^[22m[2m[39m[22m
[2m     [90m 29 |[39m   })[33m;[39m[22m
[2m     [90m 30 |[39m[22m
[2m     [90m 31 |[39m   describe([32m'getInstance'[39m[33m,[39m () [33m=>[39m {[0m[22m
[2m[22m
[2m      [2mat Object.<anonymous> ([22m[2m[0m[36mtests/unit/lib/mastra/utils/shared-data-store.test.ts[39m[0m[2m:28:21)[22m[2m[22m

[1m[31m  [1m● [22m[1mSharedDataStore › getAll › should return empty object for non-existent namespace[39m[22m

    TypeError: shared_data_store_1.SharedDataStore.destroy is not a function
[2m[22m
[2m    [0m [90m 21 |[39m     jest[33m.[39mclearAllMocks()[33m;[39m[22m
[2m     [90m 22 |[39m     jest[33m.[39museFakeTimers()[33m;[39m[22m
[2m    [31m[1m>[22m[2m[39m[90m 23 |[39m     [33mSharedDataStore[39m[33m.[39mdestroy()[33m;[39m[22m
[2m     [90m    |[39m                     [31m[1m^[22m[2m[39m[22m
[2m     [90m 24 |[39m   })[33m;[39m[22m
[2m     [90m 25 |[39m[22m
[2m     [90m 26 |[39m   afterEach(() [33m=>[39m {[0m[22m
[2m[22m
[2m      [2mat Object.<anonymous> ([22m[2m[0m[36mtests/unit/lib/mastra/utils/shared-data-store.test.ts[39m[0m[2m:23:21)[22m[2m[22m

[1m[31m  [1m● [22m[1mSharedDataStore › getAll › should return empty object for non-existent namespace[39m[22m

    TypeError: shared_data_store_1.SharedDataStore.destroy is not a function
[2m[22m
[2m    [0m [90m 26 |[39m   afterEach(() [33m=>[39m {[22m
[2m     [90m 27 |[39m     jest[33m.[39museRealTimers()[33m;[39m[22m
[2m    [31m[1m>[22m[2m[39m[90m 28 |[39m     [33mSharedDataStore[39m[33m.[39mdestroy()[33m;[39m[22m
[2m     [90m    |[39m                     [31m[1m^[22m[2m[39m[22m
[2m     [90m 29 |[39m   })[33m;[39m[22m
[2m     [90m 30 |[39m[22m
[2m     [90m 31 |[39m   describe([32m'getInstance'[39m[33m,[39m () [33m=>[39m {[0m[22m
[2m[22m
[2m      [2mat Object.<anonymous> ([22m[2m[0m[36mtests/unit/lib/mastra/utils/shared-data-store.test.ts[39m[0m[2m:28:21)[22m[2m[22m

[1m[31m  [1m● [22m[1mSharedDataStore › getStats › should return statistics[39m[22m

    TypeError: shared_data_store_1.SharedDataStore.destroy is not a function
[2m[22m
[2m    [0m [90m 21 |[39m     jest[33m.[39mclearAllMocks()[33m;[39m[22m
[2m     [90m 22 |[39m     jest[33m.[39museFakeTimers()[33m;[39m[22m
[2m    [31m[1m>[22m[2m[39m[90m 23 |[39m     [33mSharedDataStore[39m[33m.[39mdestroy()[33m;[39m[22m
[2m     [90m    |[39m                     [31m[1m^[22m[2m[39m[22m
[2m     [90m 24 |[39m   })[33m;[39m[22m
[2m     [90m 25 |[39m[22m
[2m     [90m 26 |[39m   afterEach(() [33m=>[39m {[0m[22m
[2m[22m
[2m      [2mat Object.<anonymous> ([22m[2m[0m[36mtests/unit/lib/mastra/utils/shared-data-store.test.ts[39m[0m[2m:23:21)[22m[2m[22m

[1m[31m  [1m● [22m[1mSharedDataStore › getStats › should return statistics[39m[22m

    TypeError: shared_data_store_1.SharedDataStore.destroy is not a function
[2m[22m
[2m    [0m [90m 26 |[39m   afterEach(() [33m=>[39m {[22m
[2m     [90m 27 |[39m     jest[33m.[39museRealTimers()[33m;[39m[22m
[2m    [31m[1m>[22m[2m[39m[90m 28 |[39m     [33mSharedDataStore[39m[33m.[39mdestroy()[33m;[39m[22m
[2m     [90m    |[39m                     [31m[1m^[22m[2m[39m[22m
[2m     [90m 29 |[39m   })[33m;[39m[22m
[2m     [90m 30 |[39m[22m
[2m     [90m 31 |[39m   describe([32m'getInstance'[39m[33m,[39m () [33m=>[39m {[0m[22m
[2m[22m
[2m      [2mat Object.<anonymous> ([22m[2m[0m[36mtests/unit/lib/mastra/utils/shared-data-store.test.ts[39m[0m[2m:28:21)[22m[2m[22m

[1m[31m  [1m● [22m[1mSharedDataStore › getStats › should return empty stats for empty store[39m[22m

    TypeError: shared_data_store_1.SharedDataStore.destroy is not a function
[2m[22m
[2m    [0m [90m 21 |[39m     jest[33m.[39mclearAllMocks()[33m;[39m[22m
[2m     [90m 22 |[39m     jest[33m.[39museFakeTimers()[33m;[39m[22m
[2m    [31m[1m>[22m[2m[39m[90m 23 |[39m     [33mSharedDataStore[39m[33m.[39mdestroy()[33m;[39m[22m
[2m     [90m    |[39m                     [31m[1m^[22m[2m[39m[22m
[2m     [90m 24 |[39m   })[33m;[39m[22m
[2m     [90m 25 |[39m[22m
[2m     [90m 26 |[39m   afterEach(() [33m=>[39m {[0m[22m
[2m[22m
[2m      [2mat Object.<anonymous> ([22m[2m[0m[36mtests/unit/lib/mastra/utils/shared-data-store.test.ts[39m[0m[2m:23:21)[22m[2m[22m

[1m[31m  [1m● [22m[1mSharedDataStore › getStats › should return empty stats for empty store[39m[22m

    TypeError: shared_data_store_1.SharedDataStore.destroy is not a function
[2m[22m
[2m    [0m [90m 26 |[39m   afterEach(() [33m=>[39m {[22m
[2m     [90m 27 |[39m     jest[33m.[39museRealTimers()[33m;[39m[22m
[2m    [31m[1m>[22m[2m[39m[90m 28 |[39m     [33mSharedDataStore[39m[33m.[39mdestroy()[33m;[39m[22m
[2m     [90m    |[39m                     [31m[1m^[22m[2m[39m[22m
[2m     [90m 29 |[39m   })[33m;[39m[22m
[2m     [90m 30 |[39m[22m
[2m     [90m 31 |[39m   describe([32m'getInstance'[39m[33m,[39m () [33m=>[39m {[0m[22m
[2m[22m
[2m      [2mat Object.<anonymous> ([22m[2m[0m[36mtests/unit/lib/mastra/utils/shared-data-store.test.ts[39m[0m[2m:28:21)[22m[2m[22m

[1m[31m  [1m● [22m[1mSharedDataStore › cleanup › should automatically clean expired data[39m[22m

    TypeError: shared_data_store_1.SharedDataStore.destroy is not a function
[2m[22m
[2m    [0m [90m 21 |[39m     jest[33m.[39mclearAllMocks()[33m;[39m[22m
[2m     [90m 22 |[39m     jest[33m.[39museFakeTimers()[33m;[39m[22m
[2m    [31m[1m>[22m[2m[39m[90m 23 |[39m     [33mSharedDataStore[39m[33m.[39mdestroy()[33m;[39m[22m
[2m     [90m    |[39m                     [31m[1m^[22m[2m[39m[22m
[2m     [90m 24 |[39m   })[33m;[39m[22m
[2m     [90m 25 |[39m[22m
[2m     [90m 26 |[39m   afterEach(() [33m=>[39m {[0m[22m
[2m[22m
[2m      [2mat Object.<anonymous> ([22m[2m[0m[36mtests/unit/lib/mastra/utils/shared-data-store.test.ts[39m[0m[2m:23:21)[22m[2m[22m

[1m[31m  [1m● [22m[1mSharedDataStore › cleanup › should automatically clean expired data[39m[22m

    TypeError: shared_data_store_1.SharedDataStore.destroy is not a function
[2m[22m
[2m    [0m [90m 26 |[39m   afterEach(() [33m=>[39m {[22m
[2m     [90m 27 |[39m     jest[33m.[39museRealTimers()[33m;[39m[22m
[2m    [31m[1m>[22m[2m[39m[90m 28 |[39m     [33mSharedDataStore[39m[33m.[39mdestroy()[33m;[39m[22m
[2m     [90m    |[39m                     [31m[1m^[22m[2m[39m[22m
[2m     [90m 29 |[39m   })[33m;[39m[22m
[2m     [90m 30 |[39m[22m
[2m     [90m 31 |[39m   describe([32m'getInstance'[39m[33m,[39m () [33m=>[39m {[0m[22m
[2m[22m
[2m      [2mat Object.<anonymous> ([22m[2m[0m[36mtests/unit/lib/mastra/utils/shared-data-store.test.ts[39m[0m[2m:28:21)[22m[2m[22m

[1m[31m  [1m● [22m[1mSharedDataStore › cleanup › should remove empty namespaces during cleanup[39m[22m

    TypeError: shared_data_store_1.SharedDataStore.destroy is not a function
[2m[22m
[2m    [0m [90m 21 |[39m     jest[33m.[39mclearAllMocks()[33m;[39m[22m
[2m     [90m 22 |[39m     jest[33m.[39museFakeTimers()[33m;[39m[22m
[2m    [31m[1m>[22m[2m[39m[90m 23 |[39m     [33mSharedDataStore[39m[33m.[39mdestroy()[33m;[39m[22m
[2m     [90m    |[39m                     [31m[1m^[22m[2m[39m[22m
[2m     [90m 24 |[39m   })[33m;[39m[22m
[2m     [90m 25 |[39m[22m
[2m     [90m 26 |[39m   afterEach(() [33m=>[39m {[0m[22m
[2m[22m
[2m      [2mat Object.<anonymous> ([22m[2m[0m[36mtests/unit/lib/mastra/utils/shared-data-store.test.ts[39m[0m[2m:23:21)[22m[2m[22m

[1m[31m  [1m● [22m[1mSharedDataStore › cleanup › should remove empty namespaces during cleanup[39m[22m

    TypeError: shared_data_store_1.SharedDataStore.destroy is not a function
[2m[22m
[2m    [0m [90m 26 |[39m   afterEach(() [33m=>[39m {[22m
[2m     [90m 27 |[39m     jest[33m.[39museRealTimers()[33m;[39m[22m
[2m    [31m[1m>[22m[2m[39m[90m 28 |[39m     [33mSharedDataStore[39m[33m.[39mdestroy()[33m;[39m[22m
[2m     [90m    |[39m                     [31m[1m^[22m[2m[39m[22m
[2m     [90m 29 |[39m   })[33m;[39m[22m
[2m     [90m 30 |[39m[22m
[2m     [90m 31 |[39m   describe([32m'getInstance'[39m[33m,[39m () [33m=>[39m {[0m[22m
[2m[22m
[2m      [2mat Object.<anonymous> ([22m[2m[0m[36mtests/unit/lib/mastra/utils/shared-data-store.test.ts[39m[0m[2m:28:21)[22m[2m[22m

[1m[31m  [1m● [22m[1mSharedDataStore › cleanup › should not log if no data cleaned[39m[22m

    TypeError: shared_data_store_1.SharedDataStore.destroy is not a function
[2m[22m
[2m    [0m [90m 21 |[39m     jest[33m.[39mclearAllMocks()[33m;[39m[22m
[2m     [90m 22 |[39m     jest[33m.[39museFakeTimers()[33m;[39m[22m
[2m    [31m[1m>[22m[2m[39m[90m 23 |[39m     [33mSharedDataStore[39m[33m.[39mdestroy()[33m;[39m[22m
[2m     [90m    |[39m                     [31m[1m^[22m[2m[39m[22m
[2m     [90m 24 |[39m   })[33m;[39m[22m
[2m     [90m 25 |[39m[22m
[2m     [90m 26 |[39m   afterEach(() [33m=>[39m {[0m[22m
[2m[22m
[2m      [2mat Object.<anonymous> ([22m[2m[0m[36mtests/unit/lib/mastra/utils/shared-data-store.test.ts[39m[0m[2m:23:21)[22m[2m[22m

[1m[31m  [1m● [22m[1mSharedDataStore › cleanup › should not log if no data cleaned[39m[22m

    TypeError: shared_data_store_1.SharedDataStore.destroy is not a function
[2m[22m
[2m    [0m [90m 26 |[39m   afterEach(() [33m=>[39m {[22m
[2m     [90m 27 |[39m     jest[33m.[39museRealTimers()[33m;[39m[22m
[2m    [31m[1m>[22m[2m[39m[90m 28 |[39m     [33mSharedDataStore[39m[33m.[39mdestroy()[33m;[39m[22m
[2m     [90m    |[39m                     [31m[1m^[22m[2m[39m[22m
[2m     [90m 29 |[39m   })[33m;[39m[22m
[2m     [90m 30 |[39m[22m
[2m     [90m 31 |[39m   describe([32m'getInstance'[39m[33m,[39m () [33m=>[39m {[0m[22m
[2m[22m
[2m      [2mat Object.<anonymous> ([22m[2m[0m[36mtests/unit/lib/mastra/utils/shared-data-store.test.ts[39m[0m[2m:28:21)[22m[2m[22m

[1m[31m  [1m● [22m[1mSharedDataStore › destroy › should clear interval and data[39m[22m

    TypeError: shared_data_store_1.SharedDataStore.destroy is not a function
[2m[22m
[2m    [0m [90m 21 |[39m     jest[33m.[39mclearAllMocks()[33m;[39m[22m
[2m     [90m 22 |[39m     jest[33m.[39museFakeTimers()[33m;[39m[22m
[2m    [31m[1m>[22m[2m[39m[90m 23 |[39m     [33mSharedDataStore[39m[33m.[39mdestroy()[33m;[39m[22m
[2m     [90m    |[39m                     [31m[1m^[22m[2m[39m[22m
[2m     [90m 24 |[39m   })[33m;[39m[22m
[2m     [90m 25 |[39m[22m
[2m     [90m 26 |[39m   afterEach(() [33m=>[39m {[0m[22m
[2m[22m
[2m      [2mat Object.<anonymous> ([22m[2m[0m[36mtests/unit/lib/mastra/utils/shared-data-store.test.ts[39m[0m[2m:23:21)[22m[2m[22m

[1m[31m  [1m● [22m[1mSharedDataStore › destroy › should clear interval and data[39m[22m

    TypeError: shared_data_store_1.SharedDataStore.destroy is not a function
[2m[22m
[2m    [0m [90m 26 |[39m   afterEach(() [33m=>[39m {[22m
[2m     [90m 27 |[39m     jest[33m.[39museRealTimers()[33m;[39m[22m
[2m    [31m[1m>[22m[2m[39m[90m 28 |[39m     [33mSharedDataStore[39m[33m.[39mdestroy()[33m;[39m[22m
[2m     [90m    |[39m                     [31m[1m^[22m[2m[39m[22m
[2m     [90m 29 |[39m   })[33m;[39m[22m
[2m     [90m 30 |[39m[22m
[2m     [90m 31 |[39m   describe([32m'getInstance'[39m[33m,[39m () [33m=>[39m {[0m[22m
[2m[22m
[2m      [2mat Object.<anonymous> ([22m[2m[0m[36mtests/unit/lib/mastra/utils/shared-data-store.test.ts[39m[0m[2m:28:21)[22m[2m[22m

[1m[31m  [1m● [22m[1mSharedDataStore › destroy › should handle multiple destroy calls[39m[22m

    TypeError: shared_data_store_1.SharedDataStore.destroy is not a function
[2m[22m
[2m    [0m [90m 21 |[39m     jest[33m.[39mclearAllMocks()[33m;[39m[22m
[2m     [90m 22 |[39m     jest[33m.[39museFakeTimers()[33m;[39m[22m
[2m    [31m[1m>[22m[2m[39m[90m 23 |[39m     [33mSharedDataStore[39m[33m.[39mdestroy()[33m;[39m[22m
[2m     [90m    |[39m                     [31m[1m^[22m[2m[39m[22m
[2m     [90m 24 |[39m   })[33m;[39m[22m
[2m     [90m 25 |[39m[22m
[2m     [90m 26 |[39m   afterEach(() [33m=>[39m {[0m[22m
[2m[22m
[2m      [2mat Object.<anonymous> ([22m[2m[0m[36mtests/unit/lib/mastra/utils/shared-data-store.test.ts[39m[0m[2m:23:21)[22m[2m[22m

[1m[31m  [1m● [22m[1mSharedDataStore › destroy › should handle multiple destroy calls[39m[22m

    TypeError: shared_data_store_1.SharedDataStore.destroy is not a function
[2m[22m
[2m    [0m [90m 26 |[39m   afterEach(() [33m=>[39m {[22m
[2m     [90m 27 |[39m     jest[33m.[39museRealTimers()[33m;[39m[22m
[2m    [31m[1m>[22m[2m[39m[90m 28 |[39m     [33mSharedDataStore[39m[33m.[39mdestroy()[33m;[39m[22m
[2m     [90m    |[39m                     [31m[1m^[22m[2m[39m[22m
[2m     [90m 29 |[39m   })[33m;[39m[22m
[2m     [90m 30 |[39m[22m
[2m     [90m 31 |[39m   describe([32m'getInstance'[39m[33m,[39m () [33m=>[39m {[0m[22m
[2m[22m
[2m      [2mat Object.<anonymous> ([22m[2m[0m[36mtests/unit/lib/mastra/utils/shared-data-store.test.ts[39m[0m[2m:28:21)[22m[2m[22m

[1m[31m  [1m● [22m[1mSharedDataStore › convenience functions › should expose all methods through sharedData[39m[22m

    TypeError: shared_data_store_1.SharedDataStore.destroy is not a function
[2m[22m
[2m    [0m [90m 21 |[39m     jest[33m.[39mclearAllMocks()[33m;[39m[22m
[2m     [90m 22 |[39m     jest[33m.[39museFakeTimers()[33m;[39m[22m
[2m    [31m[1m>[22m[2m[39m[90m 23 |[39m     [33mSharedDataStore[39m[33m.[39mdestroy()[33m;[39m[22m
[2m     [90m    |[39m                     [31m[1m^[22m[2m[39m[22m
[2m     [90m 24 |[39m   })[33m;[39m[22m
[2m     [90m 25 |[39m[22m
[2m     [90m 26 |[39m   afterEach(() [33m=>[39m {[0m[22m
[2m[22m
[2m      [2mat Object.<anonymous> ([22m[2m[0m[36mtests/unit/lib/mastra/utils/shared-data-store.test.ts[39m[0m[2m:23:21)[22m[2m[22m

[1m[31m  [1m● [22m[1mSharedDataStore › convenience functions › should expose all methods through sharedData[39m[22m

    TypeError: shared_data_store_1.SharedDataStore.destroy is not a function
[2m[22m
[2m    [0m [90m 26 |[39m   afterEach(() [33m=>[39m {[22m
[2m     [90m 27 |[39m     jest[33m.[39museRealTimers()[33m;[39m[22m
[2m    [31m[1m>[22m[2m[39m[90m 28 |[39m     [33mSharedDataStore[39m[33m.[39mdestroy()[33m;[39m[22m
[2m     [90m    |[39m                     [31m[1m^[22m[2m[39m[22m
[2m     [90m 29 |[39m   })[33m;[39m[22m
[2m     [90m 30 |[39m[22m
[2m     [90m 31 |[39m   describe([32m'getInstance'[39m[33m,[39m () [33m=>[39m {[0m[22m
[2m[22m
[2m      [2mat Object.<anonymous> ([22m[2m[0m[36mtests/unit/lib/mastra/utils/shared-data-store.test.ts[39m[0m[2m:28:21)[22m[2m[22m

[1m[31m  [1m● [22m[1mSharedDataStore › convenience functions › should work with convenience functions[39m[22m

    TypeError: shared_data_store_1.SharedDataStore.destroy is not a function
[2m[22m
[2m    [0m [90m 21 |[39m     jest[33m.[39mclearAllMocks()[33m;[39m[22m
[2m     [90m 22 |[39m     jest[33m.[39museFakeTimers()[33m;[39m[22m
[2m    [31m[1m>[22m[2m[39m[90m 23 |[39m     [33mSharedDataStore[39m[33m.[39mdestroy()[33m;[39m[22m
[2m     [90m    |[39m                     [31m[1m^[22m[2m[39m[22m
[2m     [90m 24 |[39m   })[33m;[39m[22m
[2m     [90m 25 |[39m[22m
[2m     [90m 26 |[39m   afterEach(() [33m=>[39m {[0m[22m
[2m[22m
[2m      [2mat Object.<anonymous> ([22m[2m[0m[36mtests/unit/lib/mastra/utils/shared-data-store.test.ts[39m[0m[2m:23:21)[22m[2m[22m

[1m[31m  [1m● [22m[1mSharedDataStore › convenience functions › should work with convenience functions[39m[22m

    TypeError: shared_data_store_1.SharedDataStore.destroy is not a function
[2m[22m
[2m    [0m [90m 26 |[39m   afterEach(() [33m=>[39m {[22m
[2m     [90m 27 |[39m     jest[33m.[39museRealTimers()[33m;[39m[22m
[2m    [31m[1m>[22m[2m[39m[90m 28 |[39m     [33mSharedDataStore[39m[33m.[39mdestroy()[33m;[39m[22m
[2m     [90m    |[39m                     [31m[1m^[22m[2m[39m[22m
[2m     [90m 29 |[39m   })[33m;[39m[22m
[2m     [90m 30 |[39m[22m
[2m     [90m 31 |[39m   describe([32m'getInstance'[39m[33m,[39m () [33m=>[39m {[0m[22m
[2m[22m
[2m      [2mat Object.<anonymous> ([22m[2m[0m[36mtests/unit/lib/mastra/utils/shared-data-store.test.ts[39m[0m[2m:28:21)[22m[2m[22m

[1m[31m  [1m● [22m[1mSharedDataStore › edge cases › should handle undefined values[39m[22m

    TypeError: shared_data_store_1.SharedDataStore.destroy is not a function
[2m[22m
[2m    [0m [90m 21 |[39m     jest[33m.[39mclearAllMocks()[33m;[39m[22m
[2m     [90m 22 |[39m     jest[33m.[39museFakeTimers()[33m;[39m[22m
[2m    [31m[1m>[22m[2m[39m[90m 23 |[39m     [33mSharedDataStore[39m[33m.[39mdestroy()[33m;[39m[22m
[2m     [90m    |[39m                     [31m[1m^[22m[2m[39m[22m
[2m     [90m 24 |[39m   })[33m;[39m[22m
[2m     [90m 25 |[39m[22m
[2m     [90m 26 |[39m   afterEach(() [33m=>[39m {[0m[22m
[2m[22m
[2m      [2mat Object.<anonymous> ([22m[2m[0m[36mtests/unit/lib/mastra/utils/shared-data-store.test.ts[39m[0m[2m:23:21)[22m[2m[22m

[1m[31m  [1m● [22m[1mSharedDataStore › edge cases › should handle undefined values[39m[22m

    TypeError: shared_data_store_1.SharedDataStore.destroy is not a function
[2m[22m
[2m    [0m [90m 26 |[39m   afterEach(() [33m=>[39m {[22m
[2m     [90m 27 |[39m     jest[33m.[39museRealTimers()[33m;[39m[22m
[2m    [31m[1m>[22m[2m[39m[90m 28 |[39m     [33mSharedDataStore[39m[33m.[39mdestroy()[33m;[39m[22m
[2m     [90m    |[39m                     [31m[1m^[22m[2m[39m[22m
[2m     [90m 29 |[39m   })[33m;[39m[22m
[2m     [90m 30 |[39m[22m
[2m     [90m 31 |[39m   describe([32m'getInstance'[39m[33m,[39m () [33m=>[39m {[0m[22m
[2m[22m
[2m      [2mat Object.<anonymous> ([22m[2m[0m[36mtests/unit/lib/mastra/utils/shared-data-store.test.ts[39m[0m[2m:28:21)[22m[2m[22m

[1m[31m  [1m● [22m[1mSharedDataStore › edge cases › should handle null values[39m[22m

    TypeError: shared_data_store_1.SharedDataStore.destroy is not a function
[2m[22m
[2m    [0m [90m 21 |[39m     jest[33m.[39mclearAllMocks()[33m;[39m[22m
[2m     [90m 22 |[39m     jest[33m.[39museFakeTimers()[33m;[39m[22m
[2m    [31m[1m>[22m[2m[39m[90m 23 |[39m     [33mSharedDataStore[39m[33m.[39mdestroy()[33m;[39m[22m
[2m     [90m    |[39m                     [31m[1m^[22m[2m[39m[22m
[2m     [90m 24 |[39m   })[33m;[39m[22m
[2m     [90m 25 |[39m[22m
[2m     [90m 26 |[39m   afterEach(() [33m=>[39m {[0m[22m
[2m[22m
[2m      [2mat Object.<anonymous> ([22m[2m[0m[36mtests/unit/lib/mastra/utils/shared-data-store.test.ts[39m[0m[2m:23:21)[22m[2m[22m

[1m[31m  [1m● [22m[1mSharedDataStore › edge cases › should handle null values[39m[22m

    TypeError: shared_data_store_1.SharedDataStore.destroy is not a function
[2m[22m
[2m    [0m [90m 26 |[39m   afterEach(() [33m=>[39m {[22m
[2m     [90m 27 |[39m     jest[33m.[39museRealTimers()[33m;[39m[22m
[2m    [31m[1m>[22m[2m[39m[90m 28 |[39m     [33mSharedDataStore[39m[33m.[39mdestroy()[33m;[39m[22m
[2m     [90m    |[39m                     [31m[1m^[22m[2m[39m[22m
[2m     [90m 29 |[39m   })[33m;[39m[22m
[2m     [90m 30 |[39m[22m
[2m     [90m 31 |[39m   describe([32m'getInstance'[39m[33m,[39m () [33m=>[39m {[0m[22m
[2m[22m
[2m      [2mat Object.<anonymous> ([22m[2m[0m[36mtests/unit/lib/mastra/utils/shared-data-store.test.ts[39m[0m[2m:28:21)[22m[2m[22m

[1m[31m  [1m● [22m[1mSharedDataStore › edge cases › should handle complex objects[39m[22m

    TypeError: shared_data_store_1.SharedDataStore.destroy is not a function
[2m[22m
[2m    [0m [90m 21 |[39m     jest[33m.[39mclearAllMocks()[33m;[39m[22m
[2m     [90m 22 |[39m     jest[33m.[39museFakeTimers()[33m;[39m[22m
[2m    [31m[1m>[22m[2m[39m[90m 23 |[39m     [33mSharedDataStore[39m[33m.[39mdestroy()[33m;[39m[22m
[2m     [90m    |[39m                     [31m[1m^[22m[2m[39m[22m
[2m     [90m 24 |[39m   })[33m;[39m[22m
[2m     [90m 25 |[39m[22m
[2m     [90m 26 |[39m   afterEach(() [33m=>[39m {[0m[22m
[2m[22m
[2m      [2mat Object.<anonymous> ([22m[2m[0m[36mtests/unit/lib/mastra/utils/shared-data-store.test.ts[39m[0m[2m:23:21)[22m[2m[22m

[1m[31m  [1m● [22m[1mSharedDataStore › edge cases › should handle complex objects[39m[22m

    TypeError: shared_data_store_1.SharedDataStore.destroy is not a function
[2m[22m
[2m    [0m [90m 26 |[39m   afterEach(() [33m=>[39m {[22m
[2m     [90m 27 |[39m     jest[33m.[39museRealTimers()[33m;[39m[22m
[2m    [31m[1m>[22m[2m[39m[90m 28 |[39m     [33mSharedDataStore[39m[33m.[39mdestroy()[33m;[39m[22m
[2m     [90m    |[39m                     [31m[1m^[22m[2m[39m[22m
[2m     [90m 29 |[39m   })[33m;[39m[22m
[2m     [90m 30 |[39m[22m
[2m     [90m 31 |[39m   describe([32m'getInstance'[39m[33m,[39m () [33m=>[39m {[0m[22m
[2m[22m
[2m      [2mat Object.<anonymous> ([22m[2m[0m[36mtests/unit/lib/mastra/utils/shared-data-store.test.ts[39m[0m[2m:28:21)[22m[2m[22m

[1m[31m  [1m● [22m[1mSharedDataStore › edge cases › should handle very short TTLs[39m[22m

    TypeError: shared_data_store_1.SharedDataStore.destroy is not a function
[2m[22m
[2m    [0m [90m 21 |[39m     jest[33m.[39mclearAllMocks()[33m;[39m[22m
[2m     [90m 22 |[39m     jest[33m.[39museFakeTimers()[33m;[39m[22m
[2m    [31m[1m>[22m[2m[39m[90m 23 |[39m     [33mSharedDataStore[39m[33m.[39mdestroy()[33m;[39m[22m
[2m     [90m    |[39m                     [31m[1m^[22m[2m[39m[22m
[2m     [90m 24 |[39m   })[33m;[39m[22m
[2m     [90m 25 |[39m[22m
[2m     [90m 26 |[39m   afterEach(() [33m=>[39m {[0m[22m
[2m[22m
[2m      [2mat Object.<anonymous> ([22m[2m[0m[36mtests/unit/lib/mastra/utils/shared-data-store.test.ts[39m[0m[2m:23:21)[22m[2m[22m

[1m[31m  [1m● [22m[1mSharedDataStore › edge cases › should handle very short TTLs[39m[22m

    TypeError: shared_data_store_1.SharedDataStore.destroy is not a function
[2m[22m
[2m    [0m [90m 26 |[39m   afterEach(() [33m=>[39m {[22m
[2m     [90m 27 |[39m     jest[33m.[39museRealTimers()[33m;[39m[22m
[2m    [31m[1m>[22m[2m[39m[90m 28 |[39m     [33mSharedDataStore[39m[33m.[39mdestroy()[33m;[39m[22m
[2m     [90m    |[39m                     [31m[1m^[22m[2m[39m[22m
[2m     [90m 29 |[39m   })[33m;[39m[22m
[2m     [90m 30 |[39m[22m
[2m     [90m 31 |[39m   describe([32m'getInstance'[39m[33m,[39m () [33m=>[39m {[0m[22m
[2m[22m
[2m      [2mat Object.<anonymous> ([22m[2m[0m[36mtests/unit/lib/mastra/utils/shared-data-store.test.ts[39m[0m[2m:28:21)[22m[2m[22m

[1m[31m  [1m● [22m[1mSharedDataStore › edge cases › should handle concurrent operations[39m[22m

    TypeError: shared_data_store_1.SharedDataStore.destroy is not a function
[2m[22m
[2m    [0m [90m 21 |[39m     jest[33m.[39mclearAllMocks()[33m;[39m[22m
[2m     [90m 22 |[39m     jest[33m.[39museFakeTimers()[33m;[39m[22m
[2m    [31m[1m>[22m[2m[39m[90m 23 |[39m     [33mSharedDataStore[39m[33m.[39mdestroy()[33m;[39m[22m
[2m     [90m    |[39m                     [31m[1m^[22m[2m[39m[22m
[2m     [90m 24 |[39m   })[33m;[39m[22m
[2m     [90m 25 |[39m[22m
[2m     [90m 26 |[39m   afterEach(() [33m=>[39m {[0m[22m
[2m[22m
[2m      [2mat Object.<anonymous> ([22m[2m[0m[36mtests/unit/lib/mastra/utils/shared-data-store.test.ts[39m[0m[2m:23:21)[22m[2m[22m

[1m[31m  [1m● [22m[1mSharedDataStore › edge cases › should handle concurrent operations[39m[22m

    TypeError: shared_data_store_1.SharedDataStore.destroy is not a function
[2m[22m
[2m    [0m [90m 26 |[39m   afterEach(() [33m=>[39m {[22m
[2m     [90m 27 |[39m     jest[33m.[39museRealTimers()[33m;[39m[22m
[2m    [31m[1m>[22m[2m[39m[90m 28 |[39m     [33mSharedDataStore[39m[33m.[39mdestroy()[33m;[39m[22m
[2m     [90m    |[39m                     [31m[1m^[22m[2m[39m[22m
[2m     [90m 29 |[39m   })[33m;[39m[22m
[2m     [90m 30 |[39m[22m
[2m     [90m 31 |[39m   describe([32m'getInstance'[39m[33m,[39m () [33m=>[39m {[0m[22m
[2m[22m
[2m      [2mat Object.<anonymous> ([22m[2m[0m[36mtests/unit/lib/mastra/utils/shared-data-store.test.ts[39m[0m[2m:28:21)[22m[2m[22m

[0m[7m[1m[31m FAIL [39m[22m[27m[0m [0m[7m[37m unit [39m[27m[0m [2mtests/unit/lib/errors/[22m[1merror-tracker.test.ts[22m
[1m[31m  [1m● [22m[1mErrorTracker › getInstance › should return singleton instance[39m[22m

    TypeError: (0 , test_env_1.resetTestEnvironment) is not a function
[2m[22m
[2m    [0m [90m 35 |[39m   beforeEach(() [33m=>[39m {[22m
[2m     [90m 36 |[39m     [90m// Reset environment to ensure clean state[39m[22m
[2m    [31m[1m>[22m[2m[39m[90m 37 |[39m     resetTestEnvironment()[33m;[39m[22m
[2m     [90m    |[39m                         [31m[1m^[22m[2m[39m[22m
[2m     [90m 38 |[39m     [22m
[2m     [90m 39 |[39m     [90m// Clear singleton instance[39m[22m
[2m     [90m 40 |[39m     ([33mErrorTracker[39m [36mas[39m any)[33m.[39minstance [33m=[39m undefined[33m;[39m[0m[22m
[2m[22m
[2m      [2mat Object.<anonymous> ([22m[2m[0m[36mtests/unit/lib/errors/error-tracker.test.ts[39m[0m[2m:37:25)[22m[2m[22m

[1m[31m  [1m● [22m[1mErrorTracker › getInstance › should return singleton instance[39m[22m

    TypeError: Cannot read properties of undefined (reading 'destroy')
[2m[22m
[2m    [0m [90m 58 |[39m[22m
[2m     [90m 59 |[39m   afterEach(() [33m=>[39m {[22m
[2m    [31m[1m>[22m[2m[39m[90m 60 |[39m     tracker[33m.[39mdestroy()[33m;[39m[22m
[2m     [90m    |[39m             [31m[1m^[22m[2m[39m[22m
[2m     [90m 61 |[39m   })[33m;[39m[22m
[2m     [90m 62 |[39m[22m
[2m     [90m 63 |[39m   afterAll(() [33m=>[39m {[0m[22m
[2m[22m
[2m      [2mat Object.<anonymous> ([22m[2m[0m[36mtests/unit/lib/errors/error-tracker.test.ts[39m[0m[2m:60:13)[22m[2m[22m

[1m[31m  [1m● [22m[1mErrorTracker › getInstance › should not set up flush interval in test environment[39m[22m

    TypeError: (0 , test_env_1.resetTestEnvironment) is not a function
[2m[22m
[2m    [0m [90m 35 |[39m   beforeEach(() [33m=>[39m {[22m
[2m     [90m 36 |[39m     [90m// Reset environment to ensure clean state[39m[22m
[2m    [31m[1m>[22m[2m[39m[90m 37 |[39m     resetTestEnvironment()[33m;[39m[22m
[2m     [90m    |[39m                         [31m[1m^[22m[2m[39m[22m
[2m     [90m 38 |[39m     [22m
[2m     [90m 39 |[39m     [90m// Clear singleton instance[39m[22m
[2m     [90m 40 |[39m     ([33mErrorTracker[39m [36mas[39m any)[33m.[39minstance [33m=[39m undefined[33m;[39m[0m[22m
[2m[22m
[2m      [2mat Object.<anonymous> ([22m[2m[0m[36mtests/unit/lib/errors/error-tracker.test.ts[39m[0m[2m:37:25)[22m[2m[22m

[1m[31m  [1m● [22m[1mErrorTracker › getInstance › should not set up flush interval in test environment[39m[22m

    TypeError: Cannot read properties of undefined (reading 'destroy')
[2m[22m
[2m    [0m [90m 58 |[39m[22m
[2m     [90m 59 |[39m   afterEach(() [33m=>[39m {[22m
[2m    [31m[1m>[22m[2m[39m[90m 60 |[39m     tracker[33m.[39mdestroy()[33m;[39m[22m
[2m     [90m    |[39m             [31m[1m^[22m[2m[39m[22m
[2m     [90m 61 |[39m   })[33m;[39m[22m
[2m     [90m 62 |[39m[22m
[2m     [90m 63 |[39m   afterAll(() [33m=>[39m {[0m[22m
[2m[22m
[2m      [2mat Object.<anonymous> ([22m[2m[0m[36mtests/unit/lib/errors/error-tracker.test.ts[39m[0m[2m:60:13)[22m[2m[22m

[1m[31m  [1m● [22m[1mErrorTracker › trackException › should track MastraBaseError with context[39m[22m

    TypeError: (0 , test_env_1.resetTestEnvironment) is not a function
[2m[22m
[2m    [0m [90m 35 |[39m   beforeEach(() [33m=>[39m {[22m
[2m     [90m 36 |[39m     [90m// Reset environment to ensure clean state[39m[22m
[2m    [31m[1m>[22m[2m[39m[90m 37 |[39m     resetTestEnvironment()[33m;[39m[22m
[2m     [90m    |[39m                         [31m[1m^[22m[2m[39m[22m
[2m     [90m 38 |[39m     [22m
[2m     [90m 39 |[39m     [90m// Clear singleton instance[39m[22m
[2m     [90m 40 |[39m     ([33mErrorTracker[39m [36mas[39m any)[33m.[39minstance [33m=[39m undefined[33m;[39m[0m[22m
[2m[22m
[2m      [2mat Object.<anonymous> ([22m[2m[0m[36mtests/unit/lib/errors/error-tracker.test.ts[39m[0m[2m:37:25)[22m[2m[22m

[1m[31m  [1m● [22m[1mErrorTracker › trackException › should track MastraBaseError with context[39m[22m

    TypeError: Cannot read properties of undefined (reading 'destroy')
[2m[22m
[2m    [0m [90m 58 |[39m[22m
[2m     [90m 59 |[39m   afterEach(() [33m=>[39m {[22m
[2m    [31m[1m>[22m[2m[39m[90m 60 |[39m     tracker[33m.[39mdestroy()[33m;[39m[22m
[2m     [90m    |[39m             [31m[1m^[22m[2m[39m[22m
[2m     [90m 61 |[39m   })[33m;[39m[22m
[2m     [90m 62 |[39m[22m
[2m     [90m 63 |[39m   afterAll(() [33m=>[39m {[0m[22m
[2m[22m
[2m      [2mat Object.<anonymous> ([22m[2m[0m[36mtests/unit/lib/errors/error-tracker.test.ts[39m[0m[2m:60:13)[22m[2m[22m

[1m[31m  [1m● [22m[1mErrorTracker › trackException › should track regular Error[39m[22m

    TypeError: (0 , test_env_1.resetTestEnvironment) is not a function
[2m[22m
[2m    [0m [90m 35 |[39m   beforeEach(() [33m=>[39m {[22m
[2m     [90m 36 |[39m     [90m// Reset environment to ensure clean state[39m[22m
[2m    [31m[1m>[22m[2m[39m[90m 37 |[39m     resetTestEnvironment()[33m;[39m[22m
[2m     [90m    |[39m                         [31m[1m^[22m[2m[39m[22m
[2m     [90m 38 |[39m     [22m
[2m     [90m 39 |[39m     [90m// Clear singleton instance[39m[22m
[2m     [90m 40 |[39m     ([33mErrorTracker[39m [36mas[39m any)[33m.[39minstance [33m=[39m undefined[33m;[39m[0m[22m
[2m[22m
[2m      [2mat Object.<anonymous> ([22m[2m[0m[36mtests/unit/lib/errors/error-tracker.test.ts[39m[0m[2m:37:25)[22m[2m[22m

[1m[31m  [1m● [22m[1mErrorTracker › trackException › should track regular Error[39m[22m

    TypeError: Cannot read properties of undefined (reading 'destroy')
[2m[22m
[2m    [0m [90m 58 |[39m[22m
[2m     [90m 59 |[39m   afterEach(() [33m=>[39m {[22m
[2m    [31m[1m>[22m[2m[39m[90m 60 |[39m     tracker[33m.[39mdestroy()[33m;[39m[22m
[2m     [90m    |[39m             [31m[1m^[22m[2m[39m[22m
[2m     [90m 61 |[39m   })[33m;[39m[22m
[2m     [90m 62 |[39m[22m
[2m     [90m 63 |[39m   afterAll(() [33m=>[39m {[0m[22m
[2m[22m
[2m      [2mat Object.<anonymous> ([22m[2m[0m[36mtests/unit/lib/errors/error-tracker.test.ts[39m[0m[2m:60:13)[22m[2m[22m

[1m[31m  [1m● [22m[1mErrorTracker › trackException › should add error to buffer[39m[22m

    TypeError: (0 , test_env_1.resetTestEnvironment) is not a function
[2m[22m
[2m    [0m [90m 35 |[39m   beforeEach(() [33m=>[39m {[22m
[2m     [90m 36 |[39m     [90m// Reset environment to ensure clean state[39m[22m
[2m    [31m[1m>[22m[2m[39m[90m 37 |[39m     resetTestEnvironment()[33m;[39m[22m
[2m     [90m    |[39m                         [31m[1m^[22m[2m[39m[22m
[2m     [90m 38 |[39m     [22m
[2m     [90m 39 |[39m     [90m// Clear singleton instance[39m[22m
[2m     [90m 40 |[39m     ([33mErrorTracker[39m [36mas[39m any)[33m.[39minstance [33m=[39m undefined[33m;[39m[0m[22m
[2m[22m
[2m      [2mat Object.<anonymous> ([22m[2m[0m[36mtests/unit/lib/errors/error-tracker.test.ts[39m[0m[2m:37:25)[22m[2m[22m

[1m[31m  [1m● [22m[1mErrorTracker › trackException › should add error to buffer[39m[22m

    TypeError: Cannot read properties of undefined (reading 'destroy')
[2m[22m
[2m    [0m [90m 58 |[39m[22m
[2m     [90m 59 |[39m   afterEach(() [33m=>[39m {[22m
[2m    [31m[1m>[22m[2m[39m[90m 60 |[39m     tracker[33m.[39mdestroy()[33m;[39m[22m
[2m     [90m    |[39m             [31m[1m^[22m[2m[39m[22m
[2m     [90m 61 |[39m   })[33m;[39m[22m
[2m     [90m 62 |[39m[22m
[2m     [90m 63 |[39m   afterAll(() [33m=>[39m {[0m[22m
[2m[22m
[2m      [2mat Object.<anonymous> ([22m[2m[0m[36mtests/unit/lib/errors/error-tracker.test.ts[39m[0m[2m:60:13)[22m[2m[22m

[1m[31m  [1m● [22m[1mErrorTracker › trackException › should flush immediately for critical errors[39m[22m

    TypeError: (0 , test_env_1.resetTestEnvironment) is not a function
[2m[22m
[2m    [0m [90m 35 |[39m   beforeEach(() [33m=>[39m {[22m
[2m     [90m 36 |[39m     [90m// Reset environment to ensure clean state[39m[22m
[2m    [31m[1m>[22m[2m[39m[90m 37 |[39m     resetTestEnvironment()[33m;[39m[22m
[2m     [90m    |[39m                         [31m[1m^[22m[2m[39m[22m
[2m     [90m 38 |[39m     [22m
[2m     [90m 39 |[39m     [90m// Clear singleton instance[39m[22m
[2m     [90m 40 |[39m     ([33mErrorTracker[39m [36mas[39m any)[33m.[39minstance [33m=[39m undefined[33m;[39m[0m[22m
[2m[22m
[2m      [2mat Object.<anonymous> ([22m[2m[0m[36mtests/unit/lib/errors/error-tracker.test.ts[39m[0m[2m:37:25)[22m[2m[22m

[1m[31m  [1m● [22m[1mErrorTracker › trackException › should flush immediately for critical errors[39m[22m

    TypeError: Cannot read properties of undefined (reading 'destroy')
[2m[22m
[2m    [0m [90m 58 |[39m[22m
[2m     [90m 59 |[39m   afterEach(() [33m=>[39m {[22m
[2m    [31m[1m>[22m[2m[39m[90m 60 |[39m     tracker[33m.[39mdestroy()[33m;[39m[22m
[2m     [90m    |[39m             [31m[1m^[22m[2m[39m[22m
[2m     [90m 61 |[39m   })[33m;[39m[22m
[2m     [90m 62 |[39m[22m
[2m     [90m 63 |[39m   afterAll(() [33m=>[39m {[0m[22m
[2m[22m
[2m      [2mat Object.<anonymous> ([22m[2m[0m[36mtests/unit/lib/errors/error-tracker.test.ts[39m[0m[2m:60:13)[22m[2m[22m

[1m[31m  [1m● [22m[1mErrorTracker › trackException › should handle tracking errors gracefully[39m[22m

    TypeError: (0 , test_env_1.resetTestEnvironment) is not a function
[2m[22m
[2m    [0m [90m 35 |[39m   beforeEach(() [33m=>[39m {[22m
[2m     [90m 36 |[39m     [90m// Reset environment to ensure clean state[39m[22m
[2m    [31m[1m>[22m[2m[39m[90m 37 |[39m     resetTestEnvironment()[33m;[39m[22m
[2m     [90m    |[39m                         [31m[1m^[22m[2m[39m[22m
[2m     [90m 38 |[39m     [22m
[2m     [90m 39 |[39m     [90m// Clear singleton instance[39m[22m
[2m     [90m 40 |[39m     ([33mErrorTracker[39m [36mas[39m any)[33m.[39minstance [33m=[39m undefined[33m;[39m[0m[22m
[2m[22m
[2m      [2mat Object.<anonymous> ([22m[2m[0m[36mtests/unit/lib/errors/error-tracker.test.ts[39m[0m[2m:37:25)[22m[2m[22m

[1m[31m  [1m● [22m[1mErrorTracker › trackException › should handle tracking errors gracefully[39m[22m

    TypeError: Cannot read properties of undefined (reading 'destroy')
[2m[22m
[2m    [0m [90m 58 |[39m[22m
[2m     [90m 59 |[39m   afterEach(() [33m=>[39m {[22m
[2m    [31m[1m>[22m[2m[39m[90m 60 |[39m     tracker[33m.[39mdestroy()[33m;[39m[22m
[2m     [90m    |[39m             [31m[1m^[22m[2m[39m[22m
[2m     [90m 61 |[39m   })[33m;[39m[22m
[2m     [90m 62 |[39m[22m
[2m     [90m 63 |[39m   afterAll(() [33m=>[39m {[0m[22m
[2m[22m
[2m      [2mat Object.<anonymous> ([22m[2m[0m[36mtests/unit/lib/errors/error-tracker.test.ts[39m[0m[2m:60:13)[22m[2m[22m

[1m[31m  [1m● [22m[1mErrorTracker › trackException › should log to console in development[39m[22m

    TypeError: (0 , test_env_1.resetTestEnvironment) is not a function
[2m[22m
[2m    [0m [90m 35 |[39m   beforeEach(() [33m=>[39m {[22m
[2m     [90m 36 |[39m     [90m// Reset environment to ensure clean state[39m[22m
[2m    [31m[1m>[22m[2m[39m[90m 37 |[39m     resetTestEnvironment()[33m;[39m[22m
[2m     [90m    |[39m                         [31m[1m^[22m[2m[39m[22m
[2m     [90m 38 |[39m     [22m
[2m     [90m 39 |[39m     [90m// Clear singleton instance[39m[22m
[2m     [90m 40 |[39m     ([33mErrorTracker[39m [36mas[39m any)[33m.[39minstance [33m=[39m undefined[33m;[39m[0m[22m
[2m[22m
[2m      [2mat Object.<anonymous> ([22m[2m[0m[36mtests/unit/lib/errors/error-tracker.test.ts[39m[0m[2m:37:25)[22m[2m[22m

[1m[31m  [1m● [22m[1mErrorTracker › trackException › should log to console in development[39m[22m

    TypeError: Cannot read properties of undefined (reading 'destroy')
[2m[22m
[2m    [0m [90m 58 |[39m[22m
[2m     [90m 59 |[39m   afterEach(() [33m=>[39m {[22m
[2m    [31m[1m>[22m[2m[39m[90m 60 |[39m     tracker[33m.[39mdestroy()[33m;[39m[22m
[2m     [90m    |[39m             [31m[1m^[22m[2m[39m[22m
[2m     [90m 61 |[39m   })[33m;[39m[22m
[2m     [90m 62 |[39m[22m
[2m     [90m 63 |[39m   afterAll(() [33m=>[39m {[0m[22m
[2m[22m
[2m      [2mat Object.<anonymous> ([22m[2m[0m[36mtests/unit/lib/errors/error-tracker.test.ts[39m[0m[2m:60:13)[22m[2m[22m

[1m[31m  [1m● [22m[1mErrorTracker › trackBatch › should track multiple errors[39m[22m

    TypeError: (0 , test_env_1.resetTestEnvironment) is not a function
[2m[22m
[2m    [0m [90m 35 |[39m   beforeEach(() [33m=>[39m {[22m
[2m     [90m 36 |[39m     [90m// Reset environment to ensure clean state[39m[22m
[2m    [31m[1m>[22m[2m[39m[90m 37 |[39m     resetTestEnvironment()[33m;[39m[22m
[2m     [90m    |[39m                         [31m[1m^[22m[2m[39m[22m
[2m     [90m 38 |[39m     [22m
[2m     [90m 39 |[39m     [90m// Clear singleton instance[39m[22m
[2m     [90m 40 |[39m     ([33mErrorTracker[39m [36mas[39m any)[33m.[39minstance [33m=[39m undefined[33m;[39m[0m[22m
[2m[22m
[2m      [2mat Object.<anonymous> ([22m[2m[0m[36mtests/unit/lib/errors/error-tracker.test.ts[39m[0m[2m:37:25)[22m[2m[22m

[1m[31m  [1m● [22m[1mErrorTracker › trackBatch › should track multiple errors[39m[22m

    TypeError: Cannot read properties of undefined (reading 'destroy')
[2m[22m
[2m    [0m [90m 58 |[39m[22m
[2m     [90m 59 |[39m   afterEach(() [33m=>[39m {[22m
[2m    [31m[1m>[22m[2m[39m[90m 60 |[39m     tracker[33m.[39mdestroy()[33m;[39m[22m
[2m     [90m    |[39m             [31m[1m^[22m[2m[39m[22m
[2m     [90m 61 |[39m   })[33m;[39m[22m
[2m     [90m 62 |[39m[22m
[2m     [90m 63 |[39m   afterAll(() [33m=>[39m {[0m[22m
[2m[22m
[2m      [2mat Object.<anonymous> ([22m[2m[0m[36mtests/unit/lib/errors/error-tracker.test.ts[39m[0m[2m:60:13)[22m[2m[22m

[1m[31m  [1m● [22m[1mErrorTracker › getStats › should return error statistics[39m[22m

    TypeError: (0 , test_env_1.resetTestEnvironment) is not a function
[2m[22m
[2m    [0m [90m 35 |[39m   beforeEach(() [33m=>[39m {[22m
[2m     [90m 36 |[39m     [90m// Reset environment to ensure clean state[39m[22m
[2m    [31m[1m>[22m[2m[39m[90m 37 |[39m     resetTestEnvironment()[33m;[39m[22m
[2m     [90m    |[39m                         [31m[1m^[22m[2m[39m[22m
[2m     [90m 38 |[39m     [22m
[2m     [90m 39 |[39m     [90m// Clear singleton instance[39m[22m
[2m     [90m 40 |[39m     ([33mErrorTracker[39m [36mas[39m any)[33m.[39minstance [33m=[39m undefined[33m;[39m[0m[22m
[2m[22m
[2m      [2mat Object.<anonymous> ([22m[2m[0m[36mtests/unit/lib/errors/error-tracker.test.ts[39m[0m[2m:37:25)[22m[2m[22m

[1m[31m  [1m● [22m[1mErrorTracker › getStats › should return error statistics[39m[22m

    TypeError: Cannot read properties of undefined (reading 'destroy')
[2m[22m
[2m    [0m [90m 58 |[39m[22m
[2m     [90m 59 |[39m   afterEach(() [33m=>[39m {[22m
[2m    [31m[1m>[22m[2m[39m[90m 60 |[39m     tracker[33m.[39mdestroy()[33m;[39m[22m
[2m     [90m    |[39m             [31m[1m^[22m[2m[39m[22m
[2m     [90m 61 |[39m   })[33m;[39m[22m
[2m     [90m 62 |[39m[22m
[2m     [90m 63 |[39m   afterAll(() [33m=>[39m {[0m[22m
[2m[22m
[2m      [2mat Object.<anonymous> ([22m[2m[0m[36mtests/unit/lib/errors/error-tracker.test.ts[39m[0m[2m:60:13)[22m[2m[22m

[1m[31m  [1m● [22m[1mErrorTracker › getStats › should limit recent errors to last 10[39m[22m

    TypeError: (0 , test_env_1.resetTestEnvironment) is not a function
[2m[22m
[2m    [0m [90m 35 |[39m   beforeEach(() [33m=>[39m {[22m
[2m     [90m 36 |[39m     [90m// Reset environment to ensure clean state[39m[22m
[2m    [31m[1m>[22m[2m[39m[90m 37 |[39m     resetTestEnvironment()[33m;[39m[22m
[2m     [90m    |[39m                         [31m[1m^[22m[2m[39m[22m
[2m     [90m 38 |[39m     [22m
[2m     [90m 39 |[39m     [90m// Clear singleton instance[39m[22m
[2m     [90m 40 |[39m     ([33mErrorTracker[39m [36mas[39m any)[33m.[39minstance [33m=[39m undefined[33m;[39m[0m[22m
[2m[22m
[2m      [2mat Object.<anonymous> ([22m[2m[0m[36mtests/unit/lib/errors/error-tracker.test.ts[39m[0m[2m:37:25)[22m[2m[22m

[1m[31m  [1m● [22m[1mErrorTracker › getStats › should limit recent errors to last 10[39m[22m

    TypeError: Cannot read properties of undefined (reading 'destroy')
[2m[22m
[2m    [0m [90m 58 |[39m[22m
[2m     [90m 59 |[39m   afterEach(() [33m=>[39m {[22m
[2m    [31m[1m>[22m[2m[39m[90m 60 |[39m     tracker[33m.[39mdestroy()[33m;[39m[22m
[2m     [90m    |[39m             [31m[1m^[22m[2m[39m[22m
[2m     [90m 61 |[39m   })[33m;[39m[22m
[2m     [90m 62 |[39m[22m
[2m     [90m 63 |[39m   afterAll(() [33m=>[39m {[0m[22m
[2m[22m
[2m      [2mat Object.<anonymous> ([22m[2m[0m[36mtests/unit/lib/errors/error-tracker.test.ts[39m[0m[2m:60:13)[22m[2m[22m

[1m[31m  [1m● [22m[1mErrorTracker › clear › should clear error buffer[39m[22m

    TypeError: (0 , test_env_1.resetTestEnvironment) is not a function
[2m[22m
[2m    [0m [90m 35 |[39m   beforeEach(() [33m=>[39m {[22m
[2m     [90m 36 |[39m     [90m// Reset environment to ensure clean state[39m[22m
[2m    [31m[1m>[22m[2m[39m[90m 37 |[39m     resetTestEnvironment()[33m;[39m[22m
[2m     [90m    |[39m                         [31m[1m^[22m[2m[39m[22m
[2m     [90m 38 |[39m     [22m
[2m     [90m 39 |[39m     [90m// Clear singleton instance[39m[22m
[2m     [90m 40 |[39m     ([33mErrorTracker[39m [36mas[39m any)[33m.[39minstance [33m=[39m undefined[33m;[39m[0m[22m
[2m[22m
[2m      [2mat Object.<anonymous> ([22m[2m[0m[36mtests/unit/lib/errors/error-tracker.test.ts[39m[0m[2m:37:25)[22m[2m[22m

[1m[31m  [1m● [22m[1mErrorTracker › clear › should clear error buffer[39m[22m

    TypeError: Cannot read properties of undefined (reading 'destroy')
[2m[22m
[2m    [0m [90m 58 |[39m[22m
[2m     [90m 59 |[39m   afterEach(() [33m=>[39m {[22m
[2m    [31m[1m>[22m[2m[39m[90m 60 |[39m     tracker[33m.[39mdestroy()[33m;[39m[22m
[2m     [90m    |[39m             [31m[1m^[22m[2m[39m[22m
[2m     [90m 61 |[39m   })[33m;[39m[22m
[2m     [90m 62 |[39m[22m
[2m     [90m 63 |[39m   afterAll(() [33m=>[39m {[0m[22m
[2m[22m
[2m      [2mat Object.<anonymous> ([22m[2m[0m[36mtests/unit/lib/errors/error-tracker.test.ts[39m[0m[2m:60:13)[22m[2m[22m

[1m[31m  [1m● [22m[1mErrorTracker › flush › should flush errors to telemetry endpoint[39m[22m

    TypeError: (0 , test_env_1.resetTestEnvironment) is not a function
[2m[22m
[2m    [0m [90m 35 |[39m   beforeEach(() [33m=>[39m {[22m
[2m     [90m 36 |[39m     [90m// Reset environment to ensure clean state[39m[22m
[2m    [31m[1m>[22m[2m[39m[90m 37 |[39m     resetTestEnvironment()[33m;[39m[22m
[2m     [90m    |[39m                         [31m[1m^[22m[2m[39m[22m
[2m     [90m 38 |[39m     [22m
[2m     [90m 39 |[39m     [90m// Clear singleton instance[39m[22m
[2m     [90m 40 |[39m     ([33mErrorTracker[39m [36mas[39m any)[33m.[39minstance [33m=[39m undefined[33m;[39m[0m[22m
[2m[22m
[2m      [2mat Object.<anonymous> ([22m[2m[0m[36mtests/unit/lib/errors/error-tracker.test.ts[39m[0m[2m:37:25)[22m[2m[22m

[1m[31m  [1m● [22m[1mErrorTracker › flush › should flush errors to telemetry endpoint[39m[22m

    TypeError: Cannot read properties of undefined (reading 'destroy')
[2m[22m
[2m    [0m [90m 58 |[39m[22m
[2m     [90m 59 |[39m   afterEach(() [33m=>[39m {[22m
[2m    [31m[1m>[22m[2m[39m[90m 60 |[39m     tracker[33m.[39mdestroy()[33m;[39m[22m
[2m     [90m    |[39m             [31m[1m^[22m[2m[39m[22m
[2m     [90m 61 |[39m   })[33m;[39m[22m
[2m     [90m 62 |[39m[22m
[2m     [90m 63 |[39m   afterAll(() [33m=>[39m {[0m[22m
[2m[22m
[2m      [2mat Object.<anonymous> ([22m[2m[0m[36mtests/unit/lib/errors/error-tracker.test.ts[39m[0m[2m:60:13)[22m[2m[22m

[1m[31m  [1m● [22m[1mErrorTracker › flush › should restore buffer on flush failure[39m[22m

    TypeError: (0 , test_env_1.resetTestEnvironment) is not a function
[2m[22m
[2m    [0m [90m 35 |[39m   beforeEach(() [33m=>[39m {[22m
[2m     [90m 36 |[39m     [90m// Reset environment to ensure clean state[39m[22m
[2m    [31m[1m>[22m[2m[39m[90m 37 |[39m     resetTestEnvironment()[33m;[39m[22m
[2m     [90m    |[39m                         [31m[1m^[22m[2m[39m[22m
[2m     [90m 38 |[39m     [22m
[2m     [90m 39 |[39m     [90m// Clear singleton instance[39m[22m
[2m     [90m 40 |[39m     ([33mErrorTracker[39m [36mas[39m any)[33m.[39minstance [33m=[39m undefined[33m;[39m[0m[22m
[2m[22m
[2m      [2mat Object.<anonymous> ([22m[2m[0m[36mtests/unit/lib/errors/error-tracker.test.ts[39m[0m[2m:37:25)[22m[2m[22m

[1m[31m  [1m● [22m[1mErrorTracker › flush › should restore buffer on flush failure[39m[22m

    TypeError: Cannot read properties of undefined (reading 'destroy')
[2m[22m
[2m    [0m [90m 58 |[39m[22m
[2m     [90m 59 |[39m   afterEach(() [33m=>[39m {[22m
[2m    [31m[1m>[22m[2m[39m[90m 60 |[39m     tracker[33m.[39mdestroy()[33m;[39m[22m
[2m     [90m    |[39m             [31m[1m^[22m[2m[39m[22m
[2m     [90m 61 |[39m   })[33m;[39m[22m
[2m     [90m 62 |[39m[22m
[2m     [90m 63 |[39m   afterAll(() [33m=>[39m {[0m[22m
[2m[22m
[2m      [2mat Object.<anonymous> ([22m[2m[0m[36mtests/unit/lib/errors/error-tracker.test.ts[39m[0m[2m:60:13)[22m[2m[22m

[1m[31m  [1m● [22m[1mErrorTracker › flush › should skip flush if buffer is empty[39m[22m

    TypeError: (0 , test_env_1.resetTestEnvironment) is not a function
[2m[22m
[2m    [0m [90m 35 |[39m   beforeEach(() [33m=>[39m {[22m
[2m     [90m 36 |[39m     [90m// Reset environment to ensure clean state[39m[22m
[2m    [31m[1m>[22m[2m[39m[90m 37 |[39m     resetTestEnvironment()[33m;[39m[22m
[2m     [90m    |[39m                         [31m[1m^[22m[2m[39m[22m
[2m     [90m 38 |[39m     [22m
[2m     [90m 39 |[39m     [90m// Clear singleton instance[39m[22m
[2m     [90m 40 |[39m     ([33mErrorTracker[39m [36mas[39m any)[33m.[39minstance [33m=[39m undefined[33m;[39m[0m[22m
[2m[22m
[2m      [2mat Object.<anonymous> ([22m[2m[0m[36mtests/unit/lib/errors/error-tracker.test.ts[39m[0m[2m:37:25)[22m[2m[22m

[1m[31m  [1m● [22m[1mErrorTracker › flush › should skip flush if buffer is empty[39m[22m

    TypeError: Cannot read properties of undefined (reading 'destroy')
[2m[22m
[2m    [0m [90m 58 |[39m[22m
[2m     [90m 59 |[39m   afterEach(() [33m=>[39m {[22m
[2m    [31m[1m>[22m[2m[39m[90m 60 |[39m     tracker[33m.[39mdestroy()[33m;[39m[22m
[2m     [90m    |[39m             [31m[1m^[22m[2m[39m[22m
[2m     [90m 61 |[39m   })[33m;[39m[22m
[2m     [90m 62 |[39m[22m
[2m     [90m 63 |[39m   afterAll(() [33m=>[39m {[0m[22m
[2m[22m
[2m      [2mat Object.<anonymous> ([22m[2m[0m[36mtests/unit/lib/errors/error-tracker.test.ts[39m[0m[2m:60:13)[22m[2m[22m

[1m[31m  [1m● [22m[1mErrorTracker › flush › should not flush if no telemetry endpoint[39m[22m

    TypeError: (0 , test_env_1.resetTestEnvironment) is not a function
[2m[22m
[2m    [0m [90m 35 |[39m   beforeEach(() [33m=>[39m {[22m
[2m     [90m 36 |[39m     [90m// Reset environment to ensure clean state[39m[22m
[2m    [31m[1m>[22m[2m[39m[90m 37 |[39m     resetTestEnvironment()[33m;[39m[22m
[2m     [90m    |[39m                         [31m[1m^[22m[2m[39m[22m
[2m     [90m 38 |[39m     [22m
[2m     [90m 39 |[39m     [90m// Clear singleton instance[39m[22m
[2m     [90m 40 |[39m     ([33mErrorTracker[39m [36mas[39m any)[33m.[39minstance [33m=[39m undefined[33m;[39m[0m[22m
[2m[22m
[2m      [2mat Object.<anonymous> ([22m[2m[0m[36mtests/unit/lib/errors/error-tracker.test.ts[39m[0m[2m:37:25)[22m[2m[22m

[1m[31m  [1m● [22m[1mErrorTracker › flush › should not flush if no telemetry endpoint[39m[22m

    TypeError: Cannot read properties of undefined (reading 'destroy')
[2m[22m
[2m    [0m [90m 58 |[39m[22m
[2m     [90m 59 |[39m   afterEach(() [33m=>[39m {[22m
[2m    [31m[1m>[22m[2m[39m[90m 60 |[39m     tracker[33m.[39mdestroy()[33m;[39m[22m
[2m     [90m    |[39m             [31m[1m^[22m[2m[39m[22m
[2m     [90m 61 |[39m   })[33m;[39m[22m
[2m     [90m 62 |[39m[22m
[2m     [90m 63 |[39m   afterAll(() [33m=>[39m {[0m[22m
[2m[22m
[2m      [2mat Object.<anonymous> ([22m[2m[0m[36mtests/unit/lib/errors/error-tracker.test.ts[39m[0m[2m:60:13)[22m[2m[22m

[1m[31m  [1m● [22m[1mErrorTracker › Error classification tracking › should track errors by category correctly[39m[22m

    TypeError: (0 , test_env_1.resetTestEnvironment) is not a function
[2m[22m
[2m    [0m [90m 35 |[39m   beforeEach(() [33m=>[39m {[22m
[2m     [90m 36 |[39m     [90m// Reset environment to ensure clean state[39m[22m
[2m    [31m[1m>[22m[2m[39m[90m 37 |[39m     resetTestEnvironment()[33m;[39m[22m
[2m     [90m    |[39m                         [31m[1m^[22m[2m[39m[22m
[2m     [90m 38 |[39m     [22m
[2m     [90m 39 |[39m     [90m// Clear singleton instance[39m[22m
[2m     [90m 40 |[39m     ([33mErrorTracker[39m [36mas[39m any)[33m.[39minstance [33m=[39m undefined[33m;[39m[0m[22m
[2m[22m
[2m      [2mat Object.<anonymous> ([22m[2m[0m[36mtests/unit/lib/errors/error-tracker.test.ts[39m[0m[2m:37:25)[22m[2m[22m

[1m[31m  [1m● [22m[1mErrorTracker › Error classification tracking › should track errors by category correctly[39m[22m

    TypeError: Cannot read properties of undefined (reading 'destroy')
[2m[22m
[2m    [0m [90m 58 |[39m[22m
[2m     [90m 59 |[39m   afterEach(() [33m=>[39m {[22m
[2m    [31m[1m>[22m[2m[39m[90m 60 |[39m     tracker[33m.[39mdestroy()[33m;[39m[22m
[2m     [90m    |[39m             [31m[1m^[22m[2m[39m[22m
[2m     [90m 61 |[39m   })[33m;[39m[22m
[2m     [90m 62 |[39m[22m
[2m     [90m 63 |[39m   afterAll(() [33m=>[39m {[0m[22m
[2m[22m
[2m      [2mat Object.<anonymous> ([22m[2m[0m[36mtests/unit/lib/errors/error-tracker.test.ts[39m[0m[2m:60:13)[22m[2m[22m

[1m[31m  [1m● [22m[1mErrorTracker › Error classification tracking › should track network errors separately[39m[22m

    TypeError: (0 , test_env_1.resetTestEnvironment) is not a function
[2m[22m
[2m    [0m [90m 35 |[39m   beforeEach(() [33m=>[39m {[22m
[2m     [90m 36 |[39m     [90m// Reset environment to ensure clean state[39m[22m
[2m    [31m[1m>[22m[2m[39m[90m 37 |[39m     resetTestEnvironment()[33m;[39m[22m
[2m     [90m    |[39m                         [31m[1m^[22m[2m[39m[22m
[2m     [90m 38 |[39m     [22m
[2m     [90m 39 |[39m     [90m// Clear singleton instance[39m[22m
[2m     [90m 40 |[39m     ([33mErrorTracker[39m [36mas[39m any)[33m.[39minstance [33m=[39m undefined[33m;[39m[0m[22m
[2m[22m
[2m      [2mat Object.<anonymous> ([22m[2m[0m[36mtests/unit/lib/errors/error-tracker.test.ts[39m[0m[2m:37:25)[22m[2m[22m

[1m[31m  [1m● [22m[1mErrorTracker › Error classification tracking › should track network errors separately[39m[22m

    TypeError: Cannot read properties of undefined (reading 'destroy')
[2m[22m
[2m    [0m [90m 58 |[39m[22m
[2m     [90m 59 |[39m   afterEach(() [33m=>[39m {[22m
[2m    [31m[1m>[22m[2m[39m[90m 60 |[39m     tracker[33m.[39mdestroy()[33m;[39m[22m
[2m     [90m    |[39m             [31m[1m^[22m[2m[39m[22m
[2m     [90m 61 |[39m   })[33m;[39m[22m
[2m     [90m 62 |[39m[22m
[2m     [90m 63 |[39m   afterAll(() [33m=>[39m {[0m[22m
[2m[22m
[2m      [2mat Object.<anonymous> ([22m[2m[0m[36mtests/unit/lib/errors/error-tracker.test.ts[39m[0m[2m:60:13)[22m[2m[22m

[1m[31m  [1m● [22m[1mErrorTracker › Error classification tracking › should track workflow errors[39m[22m

    TypeError: (0 , test_env_1.resetTestEnvironment) is not a function
[2m[22m
[2m    [0m [90m 35 |[39m   beforeEach(() [33m=>[39m {[22m
[2m     [90m 36 |[39m     [90m// Reset environment to ensure clean state[39m[22m
[2m    [31m[1m>[22m[2m[39m[90m 37 |[39m     resetTestEnvironment()[33m;[39m[22m
[2m     [90m    |[39m                         [31m[1m^[22m[2m[39m[22m
[2m     [90m 38 |[39m     [22m
[2m     [90m 39 |[39m     [90m// Clear singleton instance[39m[22m
[2m     [90m 40 |[39m     ([33mErrorTracker[39m [36mas[39m any)[33m.[39minstance [33m=[39m undefined[33m;[39m[0m[22m
[2m[22m
[2m      [2mat Object.<anonymous> ([22m[2m[0m[36mtests/unit/lib/errors/error-tracker.test.ts[39m[0m[2m:37:25)[22m[2m[22m

[1m[31m  [1m● [22m[1mErrorTracker › Error classification tracking › should track workflow errors[39m[22m

    TypeError: Cannot read properties of undefined (reading 'destroy')
[2m[22m
[2m    [0m [90m 58 |[39m[22m
[2m     [90m 59 |[39m   afterEach(() [33m=>[39m {[22m
[2m    [31m[1m>[22m[2m[39m[90m 60 |[39m     tracker[33m.[39mdestroy()[33m;[39m[22m
[2m     [90m    |[39m             [31m[1m^[22m[2m[39m[22m
[2m     [90m 61 |[39m   })[33m;[39m[22m
[2m     [90m 62 |[39m[22m
[2m     [90m 63 |[39m   afterAll(() [33m=>[39m {[0m[22m
[2m[22m
[2m      [2mat Object.<anonymous> ([22m[2m[0m[36mtests/unit/lib/errors/error-tracker.test.ts[39m[0m[2m:60:13)[22m[2m[22m

[1m[31m  [1m● [22m[1mErrorTracker › Retry handling tracking › should track retryable errors with retry information[39m[22m

    TypeError: (0 , test_env_1.resetTestEnvironment) is not a function
[2m[22m
[2m    [0m [90m 35 |[39m   beforeEach(() [33m=>[39m {[22m
[2m     [90m 36 |[39m     [90m// Reset environment to ensure clean state[39m[22m
[2m    [31m[1m>[22m[2m[39m[90m 37 |[39m     resetTestEnvironment()[33m;[39m[22m
[2m     [90m    |[39m                         [31m[1m^[22m[2m[39m[22m
[2m     [90m 38 |[39m     [22m
[2m     [90m 39 |[39m     [90m// Clear singleton instance[39m[22m
[2m     [90m 40 |[39m     ([33mErrorTracker[39m [36mas[39m any)[33m.[39minstance [33m=[39m undefined[33m;[39m[0m[22m
[2m[22m
[2m      [2mat Object.<anonymous> ([22m[2m[0m[36mtests/unit/lib/errors/error-tracker.test.ts[39m[0m[2m:37:25)[22m[2m[22m

[1m[31m  [1m● [22m[1mErrorTracker › Retry handling tracking › should track retryable errors with retry information[39m[22m

    TypeError: Cannot read properties of undefined (reading 'destroy')
[2m[22m
[2m    [0m [90m 58 |[39m[22m
[2m     [90m 59 |[39m   afterEach(() [33m=>[39m {[22m
[2m    [31m[1m>[22m[2m[39m[90m 60 |[39m     tracker[33m.[39mdestroy()[33m;[39m[22m
[2m     [90m    |[39m             [31m[1m^[22m[2m[39m[22m
[2m     [90m 61 |[39m   })[33m;[39m[22m
[2m     [90m 62 |[39m[22m
[2m     [90m 63 |[39m   afterAll(() [33m=>[39m {[0m[22m
[2m[22m
[2m      [2mat Object.<anonymous> ([22m[2m[0m[36mtests/unit/lib/errors/error-tracker.test.ts[39m[0m[2m:60:13)[22m[2m[22m

[1m[31m  [1m● [22m[1mErrorTracker › Retry handling tracking › should distinguish retryable from non-retryable errors[39m[22m

    TypeError: (0 , test_env_1.resetTestEnvironment) is not a function
[2m[22m
[2m    [0m [90m 35 |[39m   beforeEach(() [33m=>[39m {[22m
[2m     [90m 36 |[39m     [90m// Reset environment to ensure clean state[39m[22m
[2m    [31m[1m>[22m[2m[39m[90m 37 |[39m     resetTestEnvironment()[33m;[39m[22m
[2m     [90m    |[39m                         [31m[1m^[22m[2m[39m[22m
[2m     [90m 38 |[39m     [22m
[2m     [90m 39 |[39m     [90m// Clear singleton instance[39m[22m
[2m     [90m 40 |[39m     ([33mErrorTracker[39m [36mas[39m any)[33m.[39minstance [33m=[39m undefined[33m;[39m[0m[22m
[2m[22m
[2m      [2mat Object.<anonymous> ([22m[2m[0m[36mtests/unit/lib/errors/error-tracker.test.ts[39m[0m[2m:37:25)[22m[2m[22m

[1m[31m  [1m● [22m[1mErrorTracker › Retry handling tracking › should distinguish retryable from non-retryable errors[39m[22m

    TypeError: Cannot read properties of undefined (reading 'destroy')
[2m[22m
[2m    [0m [90m 58 |[39m[22m
[2m     [90m 59 |[39m   afterEach(() [33m=>[39m {[22m
[2m    [31m[1m>[22m[2m[39m[90m 60 |[39m     tracker[33m.[39mdestroy()[33m;[39m[22m
[2m     [90m    |[39m             [31m[1m^[22m[2m[39m[22m
[2m     [90m 61 |[39m   })[33m;[39m[22m
[2m     [90m 62 |[39m[22m
[2m     [90m 63 |[39m   afterAll(() [33m=>[39m {[0m[22m
[2m[22m
[2m      [2mat Object.<anonymous> ([22m[2m[0m[36mtests/unit/lib/errors/error-tracker.test.ts[39m[0m[2m:60:13)[22m[2m[22m

[1m[31m  [1m● [22m[1mErrorTracker › Logging integration › should respect error severity when logging[39m[22m

    TypeError: (0 , test_env_1.resetTestEnvironment) is not a function
[2m[22m
[2m    [0m [90m 35 |[39m   beforeEach(() [33m=>[39m {[22m
[2m     [90m 36 |[39m     [90m// Reset environment to ensure clean state[39m[22m
[2m    [31m[1m>[22m[2m[39m[90m 37 |[39m     resetTestEnvironment()[33m;[39m[22m
[2m     [90m    |[39m                         [31m[1m^[22m[2m[39m[22m
[2m     [90m 38 |[39m     [22m
[2m     [90m 39 |[39m     [90m// Clear singleton instance[39m[22m
[2m     [90m 40 |[39m     ([33mErrorTracker[39m [36mas[39m any)[33m.[39minstance [33m=[39m undefined[33m;[39m[0m[22m
[2m[22m
[2m      [2mat Object.<anonymous> ([22m[2m[0m[36mtests/unit/lib/errors/error-tracker.test.ts[39m[0m[2m:37:25)[22m[2m[22m

[1m[31m  [1m● [22m[1mErrorTracker › Logging integration › should respect error severity when logging[39m[22m

    TypeError: Cannot read properties of undefined (reading 'destroy')
[2m[22m
[2m    [0m [90m 58 |[39m[22m
[2m     [90m 59 |[39m   afterEach(() [33m=>[39m {[22m
[2m    [31m[1m>[22m[2m[39m[90m 60 |[39m     tracker[33m.[39mdestroy()[33m;[39m[22m
[2m     [90m    |[39m             [31m[1m^[22m[2m[39m[22m
[2m     [90m 61 |[39m   })[33m;[39m[22m
[2m     [90m 62 |[39m[22m
[2m     [90m 63 |[39m   afterAll(() [33m=>[39m {[0m[22m
[2m[22m
[2m      [2mat Object.<anonymous> ([22m[2m[0m[36mtests/unit/lib/errors/error-tracker.test.ts[39m[0m[2m:60:13)[22m[2m[22m

[1m[31m  [1m● [22m[1mErrorTracker › Logging integration › should include timestamp in tracked errors[39m[22m

    TypeError: (0 , test_env_1.resetTestEnvironment) is not a function
[2m[22m
[2m    [0m [90m 35 |[39m   beforeEach(() [33m=>[39m {[22m
[2m     [90m 36 |[39m     [90m// Reset environment to ensure clean state[39m[22m
[2m    [31m[1m>[22m[2m[39m[90m 37 |[39m     resetTestEnvironment()[33m;[39m[22m
[2m     [90m    |[39m                         [31m[1m^[22m[2m[39m[22m
[2m     [90m 38 |[39m     [22m
[2m     [90m 39 |[39m     [90m// Clear singleton instance[39m[22m
[2m     [90m 40 |[39m     ([33mErrorTracker[39m [36mas[39m any)[33m.[39minstance [33m=[39m undefined[33m;[39m[0m[22m
[2m[22m
[2m      [2mat Object.<anonymous> ([22m[2m[0m[36mtests/unit/lib/errors/error-tracker.test.ts[39m[0m[2m:37:25)[22m[2m[22m

[1m[31m  [1m● [22m[1mErrorTracker › Logging integration › should include timestamp in tracked errors[39m[22m

    TypeError: Cannot read properties of undefined (reading 'destroy')
[2m[22m
[2m    [0m [90m 58 |[39m[22m
[2m     [90m 59 |[39m   afterEach(() [33m=>[39m {[22m
[2m    [31m[1m>[22m[2m[39m[90m 60 |[39m     tracker[33m.[39mdestroy()[33m;[39m[22m
[2m     [90m    |[39m             [31m[1m^[22m[2m[39m[22m
[2m     [90m 61 |[39m   })[33m;[39m[22m
[2m     [90m 62 |[39m[22m
[2m     [90m 63 |[39m   afterAll(() [33m=>[39m {[0m[22m
[2m[22m
[2m      [2mat Object.<anonymous> ([22m[2m[0m[36mtests/unit/lib/errors/error-tracker.test.ts[39m[0m[2m:60:13)[22m[2m[22m

[1m[31m  [1m● [22m[1mErrorTracker › Context enrichment › should merge error context with tracking context[39m[22m

    TypeError: (0 , test_env_1.resetTestEnvironment) is not a function
[2m[22m
[2m    [0m [90m 35 |[39m   beforeEach(() [33m=>[39m {[22m
[2m     [90m 36 |[39m     [90m// Reset environment to ensure clean state[39m[22m
[2m    [31m[1m>[22m[2m[39m[90m 37 |[39m     resetTestEnvironment()[33m;[39m[22m
[2m     [90m    |[39m                         [31m[1m^[22m[2m[39m[22m
[2m     [90m 38 |[39m     [22m
[2m     [90m 39 |[39m     [90m// Clear singleton instance[39m[22m
[2m     [90m 40 |[39m     ([33mErrorTracker[39m [36mas[39m any)[33m.[39minstance [33m=[39m undefined[33m;[39m[0m[22m
[2m[22m
[2m      [2mat Object.<anonymous> ([22m[2m[0m[36mtests/unit/lib/errors/error-tracker.test.ts[39m[0m[2m:37:25)[22m[2m[22m

[1m[31m  [1m● [22m[1mErrorTracker › Context enrichment › should merge error context with tracking context[39m[22m

    TypeError: Cannot read properties of undefined (reading 'destroy')
[2m[22m
[2m    [0m [90m 58 |[39m[22m
[2m     [90m 59 |[39m   afterEach(() [33m=>[39m {[22m
[2m    [31m[1m>[22m[2m[39m[90m 60 |[39m     tracker[33m.[39mdestroy()[33m;[39m[22m
[2m     [90m    |[39m             [31m[1m^[22m[2m[39m[22m
[2m     [90m 61 |[39m   })[33m;[39m[22m
[2m     [90m 62 |[39m[22m
[2m     [90m 63 |[39m   afterAll(() [33m=>[39m {[0m[22m
[2m[22m
[2m      [2mat Object.<anonymous> ([22m[2m[0m[36mtests/unit/lib/errors/error-tracker.test.ts[39m[0m[2m:60:13)[22m[2m[22m

[1m[31m  [1m● [22m[1mErrorTracker › Context enrichment › should preserve error stack traces[39m[22m

    TypeError: (0 , test_env_1.resetTestEnvironment) is not a function
[2m[22m
[2m    [0m [90m 35 |[39m   beforeEach(() [33m=>[39m {[22m
[2m     [90m 36 |[39m     [90m// Reset environment to ensure clean state[39m[22m
[2m    [31m[1m>[22m[2m[39m[90m 37 |[39m     resetTestEnvironment()[33m;[39m[22m
[2m     [90m    |[39m                         [31m[1m^[22m[2m[39m[22m
[2m     [90m 38 |[39m     [22m
[2m     [90m 39 |[39m     [90m// Clear singleton instance[39m[22m
[2m     [90m 40 |[39m     ([33mErrorTracker[39m [36mas[39m any)[33m.[39minstance [33m=[39m undefined[33m;[39m[0m[22m
[2m[22m
[2m      [2mat Object.<anonymous> ([22m[2m[0m[36mtests/unit/lib/errors/error-tracker.test.ts[39m[0m[2m:37:25)[22m[2m[22m

[1m[31m  [1m● [22m[1mErrorTracker › Context enrichment › should preserve error stack traces[39m[22m

    TypeError: Cannot read properties of undefined (reading 'destroy')
[2m[22m
[2m    [0m [90m 58 |[39m[22m
[2m     [90m 59 |[39m   afterEach(() [33m=>[39m {[22m
[2m    [31m[1m>[22m[2m[39m[90m 60 |[39m     tracker[33m.[39mdestroy()[33m;[39m[22m
[2m     [90m    |[39m             [31m[1m^[22m[2m[39m[22m
[2m     [90m 61 |[39m   })[33m;[39m[22m
[2m     [90m 62 |[39m[22m
[2m     [90m 63 |[39m   afterAll(() [33m=>[39m {[0m[22m
[2m[22m
[2m      [2mat Object.<anonymous> ([22m[2m[0m[36mtests/unit/lib/errors/error-tracker.test.ts[39m[0m[2m:60:13)[22m[2m[22m

[1m[31m  [1m● [22m[1mErrorTracker › Batch operations › should handle large batch of errors efficiently[39m[22m

    TypeError: (0 , test_env_1.resetTestEnvironment) is not a function
[2m[22m
[2m    [0m [90m 35 |[39m   beforeEach(() [33m=>[39m {[22m
[2m     [90m 36 |[39m     [90m// Reset environment to ensure clean state[39m[22m
[2m    [31m[1m>[22m[2m[39m[90m 37 |[39m     resetTestEnvironment()[33m;[39m[22m
[2m     [90m    |[39m                         [31m[1m^[22m[2m[39m[22m
[2m     [90m 38 |[39m     [22m
[2m     [90m 39 |[39m     [90m// Clear singleton instance[39m[22m
[2m     [90m 40 |[39m     ([33mErrorTracker[39m [36mas[39m any)[33m.[39minstance [33m=[39m undefined[33m;[39m[0m[22m
[2m[22m
[2m      [2mat Object.<anonymous> ([22m[2m[0m[36mtests/unit/lib/errors/error-tracker.test.ts[39m[0m[2m:37:25)[22m[2m[22m

[1m[31m  [1m● [22m[1mErrorTracker › Batch operations › should handle large batch of errors efficiently[39m[22m

    TypeError: Cannot read properties of undefined (reading 'destroy')
[2m[22m
[2m    [0m [90m 58 |[39m[22m
[2m     [90m 59 |[39m   afterEach(() [33m=>[39m {[22m
[2m    [31m[1m>[22m[2m[39m[90m 60 |[39m     tracker[33m.[39mdestroy()[33m;[39m[22m
[2m     [90m    |[39m             [31m[1m^[22m[2m[39m[22m
[2m     [90m 61 |[39m   })[33m;[39m[22m
[2m     [90m 62 |[39m[22m
[2m     [90m 63 |[39m   afterAll(() [33m=>[39m {[0m[22m
[2m[22m
[2m      [2mat Object.<anonymous> ([22m[2m[0m[36mtests/unit/lib/errors/error-tracker.test.ts[39m[0m[2m:60:13)[22m[2m[22m

[1m[31m  [1m● [22m[1mErrorTracker › Batch operations › should handle mixed error types in batch[39m[22m

    TypeError: (0 , test_env_1.resetTestEnvironment) is not a function
[2m[22m
[2m    [0m [90m 35 |[39m   beforeEach(() [33m=>[39m {[22m
[2m     [90m 36 |[39m     [90m// Reset environment to ensure clean state[39m[22m
[2m    [31m[1m>[22m[2m[39m[90m 37 |[39m     resetTestEnvironment()[33m;[39m[22m
[2m     [90m    |[39m                         [31m[1m^[22m[2m[39m[22m
[2m     [90m 38 |[39m     [22m
[2m     [90m 39 |[39m     [90m// Clear singleton instance[39m[22m
[2m     [90m 40 |[39m     ([33mErrorTracker[39m [36mas[39m any)[33m.[39minstance [33m=[39m undefined[33m;[39m[0m[22m
[2m[22m
[2m      [2mat Object.<anonymous> ([22m[2m[0m[36mtests/unit/lib/errors/error-tracker.test.ts[39m[0m[2m:37:25)[22m[2m[22m

[1m[31m  [1m● [22m[1mErrorTracker › Batch operations › should handle mixed error types in batch[39m[22m

    TypeError: Cannot read properties of undefined (reading 'destroy')
[2m[22m
[2m    [0m [90m 58 |[39m[22m
[2m     [90m 59 |[39m   afterEach(() [33m=>[39m {[22m
[2m    [31m[1m>[22m[2m[39m[90m 60 |[39m     tracker[33m.[39mdestroy()[33m;[39m[22m
[2m     [90m    |[39m             [31m[1m^[22m[2m[39m[22m
[2m     [90m 61 |[39m   })[33m;[39m[22m
[2m     [90m 62 |[39m[22m
[2m     [90m 63 |[39m   afterAll(() [33m=>[39m {[0m[22m
[2m[22m
[2m      [2mat Object.<anonymous> ([22m[2m[0m[36mtests/unit/lib/errors/error-tracker.test.ts[39m[0m[2m:60:13)[22m[2m[22m

[1m[31m  [1m● [22m[1mErrorTracker › Error deduplication › should track duplicate errors separately[39m[22m

    TypeError: (0 , test_env_1.resetTestEnvironment) is not a function
[2m[22m
[2m    [0m [90m 35 |[39m   beforeEach(() [33m=>[39m {[22m
[2m     [90m 36 |[39m     [90m// Reset environment to ensure clean state[39m[22m
[2m    [31m[1m>[22m[2m[39m[90m 37 |[39m     resetTestEnvironment()[33m;[39m[22m
[2m     [90m    |[39m                         [31m[1m^[22m[2m[39m[22m
[2m     [90m 38 |[39m     [22m
[2m     [90m 39 |[39m     [90m// Clear singleton instance[39m[22m
[2m     [90m 40 |[39m     ([33mErrorTracker[39m [36mas[39m any)[33m.[39minstance [33m=[39m undefined[33m;[39m[0m[22m
[2m[22m
[2m      [2mat Object.<anonymous> ([22m[2m[0m[36mtests/unit/lib/errors/error-tracker.test.ts[39m[0m[2m:37:25)[22m[2m[22m

[1m[31m  [1m● [22m[1mErrorTracker › Error deduplication › should track duplicate errors separately[39m[22m

    TypeError: Cannot read properties of undefined (reading 'destroy')
[2m[22m
[2m    [0m [90m 58 |[39m[22m
[2m     [90m 59 |[39m   afterEach(() [33m=>[39m {[22m
[2m    [31m[1m>[22m[2m[39m[90m 60 |[39m     tracker[33m.[39mdestroy()[33m;[39m[22m
[2m     [90m    |[39m             [31m[1m^[22m[2m[39m[22m
[2m     [90m 61 |[39m   })[33m;[39m[22m
[2m     [90m 62 |[39m[22m
[2m     [90m 63 |[39m   afterAll(() [33m=>[39m {[0m[22m
[2m[22m
[2m      [2mat Object.<anonymous> ([22m[2m[0m[36mtests/unit/lib/errors/error-tracker.test.ts[39m[0m[2m:60:13)[22m[2m[22m

[1m[31m  [1m● [22m[1mErrorTracker › Error deduplication › should maintain separate contexts for duplicate errors[39m[22m

    TypeError: (0 , test_env_1.resetTestEnvironment) is not a function
[2m[22m
[2m    [0m [90m 35 |[39m   beforeEach(() [33m=>[39m {[22m
[2m     [90m 36 |[39m     [90m// Reset environment to ensure clean state[39m[22m
[2m    [31m[1m>[22m[2m[39m[90m 37 |[39m     resetTestEnvironment()[33m;[39m[22m
[2m     [90m    |[39m                         [31m[1m^[22m[2m[39m[22m
[2m     [90m 38 |[39m     [22m
[2m     [90m 39 |[39m     [90m// Clear singleton instance[39m[22m
[2m     [90m 40 |[39m     ([33mErrorTracker[39m [36mas[39m any)[33m.[39minstance [33m=[39m undefined[33m;[39m[0m[22m
[2m[22m
[2m      [2mat Object.<anonymous> ([22m[2m[0m[36mtests/unit/lib/errors/error-tracker.test.ts[39m[0m[2m:37:25)[22m[2m[22m

[1m[31m  [1m● [22m[1mErrorTracker › Error deduplication › should maintain separate contexts for duplicate errors[39m[22m

    TypeError: Cannot read properties of undefined (reading 'destroy')
[2m[22m
[2m    [0m [90m 58 |[39m[22m
[2m     [90m 59 |[39m   afterEach(() [33m=>[39m {[22m
[2m    [31m[1m>[22m[2m[39m[90m 60 |[39m     tracker[33m.[39mdestroy()[33m;[39m[22m
[2m     [90m    |[39m             [31m[1m^[22m[2m[39m[22m
[2m     [90m 61 |[39m   })[33m;[39m[22m
[2m     [90m 62 |[39m[22m
[2m     [90m 63 |[39m   afterAll(() [33m=>[39m {[0m[22m
[2m[22m
[2m      [2mat Object.<anonymous> ([22m[2m[0m[36mtests/unit/lib/errors/error-tracker.test.ts[39m[0m[2m:60:13)[22m[2m[22m

[1m[31m  [1m● [22m[1mErrorTracker › Memory management › should handle buffer overflow gracefully[39m[22m

    TypeError: (0 , test_env_1.resetTestEnvironment) is not a function
[2m[22m
[2m    [0m [90m 35 |[39m   beforeEach(() [33m=>[39m {[22m
[2m     [90m 36 |[39m     [90m// Reset environment to ensure clean state[39m[22m
[2m    [31m[1m>[22m[2m[39m[90m 37 |[39m     resetTestEnvironment()[33m;[39m[22m
[2m     [90m    |[39m                         [31m[1m^[22m[2m[39m[22m
[2m     [90m 38 |[39m     [22m
[2m     [90m 39 |[39m     [90m// Clear singleton instance[39m[22m
[2m     [90m 40 |[39m     ([33mErrorTracker[39m [36mas[39m any)[33m.[39minstance [33m=[39m undefined[33m;[39m[0m[22m
[2m[22m
[2m      [2mat Object.<anonymous> ([22m[2m[0m[36mtests/unit/lib/errors/error-tracker.test.ts[39m[0m[2m:37:25)[22m[2m[22m

[1m[31m  [1m● [22m[1mErrorTracker › Memory management › should handle buffer overflow gracefully[39m[22m

    TypeError: Cannot read properties of undefined (reading 'destroy')
[2m[22m
[2m    [0m [90m 58 |[39m[22m
[2m     [90m 59 |[39m   afterEach(() [33m=>[39m {[22m
[2m    [31m[1m>[22m[2m[39m[90m 60 |[39m     tracker[33m.[39mdestroy()[33m;[39m[22m
[2m     [90m    |[39m             [31m[1m^[22m[2m[39m[22m
[2m     [90m 61 |[39m   })[33m;[39m[22m
[2m     [90m 62 |[39m[22m
[2m     [90m 63 |[39m   afterAll(() [33m=>[39m {[0m[22m
[2m[22m
[2m      [2mat Object.<anonymous> ([22m[2m[0m[36mtests/unit/lib/errors/error-tracker.test.ts[39m[0m[2m:60:13)[22m[2m[22m

[1m[31m  [1m● [22m[1mErrorTracker › Memory management › should clear buffer properly[39m[22m

    TypeError: (0 , test_env_1.resetTestEnvironment) is not a function
[2m[22m
[2m    [0m [90m 35 |[39m   beforeEach(() [33m=>[39m {[22m
[2m     [90m 36 |[39m     [90m// Reset environment to ensure clean state[39m[22m
[2m    [31m[1m>[22m[2m[39m[90m 37 |[39m     resetTestEnvironment()[33m;[39m[22m
[2m     [90m    |[39m                         [31m[1m^[22m[2m[39m[22m
[2m     [90m 38 |[39m     [22m
[2m     [90m 39 |[39m     [90m// Clear singleton instance[39m[22m
[2m     [90m 40 |[39m     ([33mErrorTracker[39m [36mas[39m any)[33m.[39minstance [33m=[39m undefined[33m;[39m[0m[22m
[2m[22m
[2m      [2mat Object.<anonymous> ([22m[2m[0m[36mtests/unit/lib/errors/error-tracker.test.ts[39m[0m[2m:37:25)[22m[2m[22m

[1m[31m  [1m● [22m[1mErrorTracker › Memory management › should clear buffer properly[39m[22m

    TypeError: Cannot read properties of undefined (reading 'destroy')
[2m[22m
[2m    [0m [90m 58 |[39m[22m
[2m     [90m 59 |[39m   afterEach(() [33m=>[39m {[22m
[2m    [31m[1m>[22m[2m[39m[90m 60 |[39m     tracker[33m.[39mdestroy()[33m;[39m[22m
[2m     [90m    |[39m             [31m[1m^[22m[2m[39m[22m
[2m     [90m 61 |[39m   })[33m;[39m[22m
[2m     [90m 62 |[39m[22m
[2m     [90m 63 |[39m   afterAll(() [33m=>[39m {[0m[22m
[2m[22m
[2m      [2mat Object.<anonymous> ([22m[2m[0m[36mtests/unit/lib/errors/error-tracker.test.ts[39m[0m[2m:60:13)[22m[2m[22m

[1m[31m  [1m● [22m[1mErrorTracker › Production mode behavior › should not log to console in production[39m[22m

    TypeError: (0 , test_env_1.resetTestEnvironment) is not a function
[2m[22m
[2m    [0m [90m 35 |[39m   beforeEach(() [33m=>[39m {[22m
[2m     [90m 36 |[39m     [90m// Reset environment to ensure clean state[39m[22m
[2m    [31m[1m>[22m[2m[39m[90m 37 |[39m     resetTestEnvironment()[33m;[39m[22m
[2m     [90m    |[39m                         [31m[1m^[22m[2m[39m[22m
[2m     [90m 38 |[39m     [22m
[2m     [90m 39 |[39m     [90m// Clear singleton instance[39m[22m
[2m     [90m 40 |[39m     ([33mErrorTracker[39m [36mas[39m any)[33m.[39minstance [33m=[39m undefined[33m;[39m[0m[22m
[2m[22m
[2m      [2mat Object.<anonymous> ([22m[2m[0m[36mtests/unit/lib/errors/error-tracker.test.ts[39m[0m[2m:37:25)[22m[2m[22m

[1m[31m  [1m● [22m[1mErrorTracker › Production mode behavior › should not log to console in production[39m[22m

    TypeError: Cannot read properties of undefined (reading 'destroy')
[2m[22m
[2m    [0m [90m 58 |[39m[22m
[2m     [90m 59 |[39m   afterEach(() [33m=>[39m {[22m
[2m    [31m[1m>[22m[2m[39m[90m 60 |[39m     tracker[33m.[39mdestroy()[33m;[39m[22m
[2m     [90m    |[39m             [31m[1m^[22m[2m[39m[22m
[2m     [90m 61 |[39m   })[33m;[39m[22m
[2m     [90m 62 |[39m[22m
[2m     [90m 63 |[39m   afterAll(() [33m=>[39m {[0m[22m
[2m[22m
[2m      [2mat Object.<anonymous> ([22m[2m[0m[36mtests/unit/lib/errors/error-tracker.test.ts[39m[0m[2m:60:13)[22m[2m[22m

[1m[31m  [1m● [22m[1mErrorTracker › Production mode behavior › should attempt Sentry integration in production[39m[22m

    TypeError: (0 , test_env_1.resetTestEnvironment) is not a function
[2m[22m
[2m    [0m [90m 35 |[39m   beforeEach(() [33m=>[39m {[22m
[2m     [90m 36 |[39m     [90m// Reset environment to ensure clean state[39m[22m
[2m    [31m[1m>[22m[2m[39m[90m 37 |[39m     resetTestEnvironment()[33m;[39m[22m
[2m     [90m    |[39m                         [31m[1m^[22m[2m[39m[22m
[2m     [90m 38 |[39m     [22m
[2m     [90m 39 |[39m     [90m// Clear singleton instance[39m[22m
[2m     [90m 40 |[39m     ([33mErrorTracker[39m [36mas[39m any)[33m.[39minstance [33m=[39m undefined[33m;[39m[0m[22m
[2m[22m
[2m      [2mat Object.<anonymous> ([22m[2m[0m[36mtests/unit/lib/errors/error-tracker.test.ts[39m[0m[2m:37:25)[22m[2m[22m

[1m[31m  [1m● [22m[1mErrorTracker › Production mode behavior › should attempt Sentry integration in production[39m[22m

    TypeError: Cannot read properties of undefined (reading 'destroy')
[2m[22m
[2m    [0m [90m 58 |[39m[22m
[2m     [90m 59 |[39m   afterEach(() [33m=>[39m {[22m
[2m    [31m[1m>[22m[2m[39m[90m 60 |[39m     tracker[33m.[39mdestroy()[33m;[39m[22m
[2m     [90m    |[39m             [31m[1m^[22m[2m[39m[22m
[2m     [90m 61 |[39m   })[33m;[39m[22m
[2m     [90m 62 |[39m[22m
[2m     [90m 63 |[39m   afterAll(() [33m=>[39m {[0m[22m
[2m[22m
[2m      [2mat Object.<anonymous> ([22m[2m[0m[36mtests/unit/lib/errors/error-tracker.test.ts[39m[0m[2m:60:13)[22m[2m[22m

[1m[31m  [1m● [22m[1mErrorTracker › destroy › should flush remaining errors on destroy[39m[22m

    TypeError: (0 , test_env_1.resetTestEnvironment) is not a function
[2m[22m
[2m    [0m [90m 35 |[39m   beforeEach(() [33m=>[39m {[22m
[2m     [90m 36 |[39m     [90m// Reset environment to ensure clean state[39m[22m
[2m    [31m[1m>[22m[2m[39m[90m 37 |[39m     resetTestEnvironment()[33m;[39m[22m
[2m     [90m    |[39m                         [31m[1m^[22m[2m[39m[22m
[2m     [90m 38 |[39m     [22m
[2m     [90m 39 |[39m     [90m// Clear singleton instance[39m[22m
[2m     [90m 40 |[39m     ([33mErrorTracker[39m [36mas[39m any)[33m.[39minstance [33m=[39m undefined[33m;[39m[0m[22m
[2m[22m
[2m      [2mat Object.<anonymous> ([22m[2m[0m[36mtests/unit/lib/errors/error-tracker.test.ts[39m[0m[2m:37:25)[22m[2m[22m

[1m[31m  [1m● [22m[1mErrorTracker › destroy › should flush remaining errors on destroy[39m[22m

    TypeError: Cannot read properties of undefined (reading 'destroy')
[2m[22m
[2m    [0m [90m 58 |[39m[22m
[2m     [90m 59 |[39m   afterEach(() [33m=>[39m {[22m
[2m    [31m[1m>[22m[2m[39m[90m 60 |[39m     tracker[33m.[39mdestroy()[33m;[39m[22m
[2m     [90m    |[39m             [31m[1m^[22m[2m[39m[22m
[2m     [90m 61 |[39m   })[33m;[39m[22m
[2m     [90m 62 |[39m[22m
[2m     [90m 63 |[39m   afterAll(() [33m=>[39m {[0m[22m
[2m[22m
[2m      [2mat Object.<anonymous> ([22m[2m[0m[36mtests/unit/lib/errors/error-tracker.test.ts[39m[0m[2m:60:13)[22m[2m[22m

[1m[31m  [1m● [22m[1mErrorTracker › Helper functions › should track exception using global function[39m[22m

    TypeError: (0 , test_env_1.resetTestEnvironment) is not a function
[2m[22m
[2m    [0m [90m 35 |[39m   beforeEach(() [33m=>[39m {[22m
[2m     [90m 36 |[39m     [90m// Reset environment to ensure clean state[39m[22m
[2m    [31m[1m>[22m[2m[39m[90m 37 |[39m     resetTestEnvironment()[33m;[39m[22m
[2m     [90m    |[39m                         [31m[1m^[22m[2m[39m[22m
[2m     [90m 38 |[39m     [22m
[2m     [90m 39 |[39m     [90m// Clear singleton instance[39m[22m
[2m     [90m 40 |[39m     ([33mErrorTracker[39m [36mas[39m any)[33m.[39minstance [33m=[39m undefined[33m;[39m[0m[22m
[2m[22m
[2m      [2mat Object.<anonymous> ([22m[2m[0m[36mtests/unit/lib/errors/error-tracker.test.ts[39m[0m[2m:37:25)[22m[2m[22m

[1m[31m  [1m● [22m[1mErrorTracker › Helper functions › should track exception using global function[39m[22m

    TypeError: Cannot read properties of undefined (reading 'destroy')
[2m[22m
[2m    [0m [90m 58 |[39m[22m
[2m     [90m 59 |[39m   afterEach(() [33m=>[39m {[22m
[2m    [31m[1m>[22m[2m[39m[90m 60 |[39m     tracker[33m.[39mdestroy()[33m;[39m[22m
[2m     [90m    |[39m             [31m[1m^[22m[2m[39m[22m
[2m     [90m 61 |[39m   })[33m;[39m[22m
[2m     [90m 62 |[39m[22m
[2m     [90m 63 |[39m   afterAll(() [33m=>[39m {[0m[22m
[2m[22m
[2m      [2mat Object.<anonymous> ([22m[2m[0m[36mtests/unit/lib/errors/error-tracker.test.ts[39m[0m[2m:60:13)[22m[2m[22m

[1m[31m  [1m● [22m[1mErrorTracker › Helper functions › should track agent error with agent name[39m[22m

    TypeError: (0 , test_env_1.resetTestEnvironment) is not a function
[2m[22m
[2m    [0m [90m 35 |[39m   beforeEach(() [33m=>[39m {[22m
[2m     [90m 36 |[39m     [90m// Reset environment to ensure clean state[39m[22m
[2m    [31m[1m>[22m[2m[39m[90m 37 |[39m     resetTestEnvironment()[33m;[39m[22m
[2m     [90m    |[39m                         [31m[1m^[22m[2m[39m[22m
[2m     [90m 38 |[39m     [22m
[2m     [90m 39 |[39m     [90m// Clear singleton instance[39m[22m
[2m     [90m 40 |[39m     ([33mErrorTracker[39m [36mas[39m any)[33m.[39minstance [33m=[39m undefined[33m;[39m[0m[22m
[2m[22m
[2m      [2mat Object.<anonymous> ([22m[2m[0m[36mtests/unit/lib/errors/error-tracker.test.ts[39m[0m[2m:37:25)[22m[2m[22m

[1m[31m  [1m● [22m[1mErrorTracker › Helper functions › should track agent error with agent name[39m[22m

    TypeError: Cannot read properties of undefined (reading 'destroy')
[2m[22m
[2m    [0m [90m 58 |[39m[22m
[2m     [90m 59 |[39m   afterEach(() [33m=>[39m {[22m
[2m    [31m[1m>[22m[2m[39m[90m 60 |[39m     tracker[33m.[39mdestroy()[33m;[39m[22m
[2m     [90m    |[39m             [31m[1m^[22m[2m[39m[22m
[2m     [90m 61 |[39m   })[33m;[39m[22m
[2m     [90m 62 |[39m[22m
[2m     [90m 63 |[39m   afterAll(() [33m=>[39m {[0m[22m
[2m[22m
[2m      [2mat Object.<anonymous> ([22m[2m[0m[36mtests/unit/lib/errors/error-tracker.test.ts[39m[0m[2m:60:13)[22m[2m[22m

[1m[31m  [1m● [22m[1mErrorTracker › Helper functions › should track tool error with tool name[39m[22m

    TypeError: (0 , test_env_1.resetTestEnvironment) is not a function
[2m[22m
[2m    [0m [90m 35 |[39m   beforeEach(() [33m=>[39m {[22m
[2m     [90m 36 |[39m     [90m// Reset environment to ensure clean state[39m[22m
[2m    [31m[1m>[22m[2m[39m[90m 37 |[39m     resetTestEnvironment()[33m;[39m[22m
[2m     [90m    |[39m                         [31m[1m^[22m[2m[39m[22m
[2m     [90m 38 |[39m     [22m
[2m     [90m 39 |[39m     [90m// Clear singleton instance[39m[22m
[2m     [90m 40 |[39m     ([33mErrorTracker[39m [36mas[39m any)[33m.[39minstance [33m=[39m undefined[33m;[39m[0m[22m
[2m[22m
[2m      [2mat Object.<anonymous> ([22m[2m[0m[36mtests/unit/lib/errors/error-tracker.test.ts[39m[0m[2m:37:25)[22m[2m[22m

[1m[31m  [1m● [22m[1mErrorTracker › Helper functions › should track tool error with tool name[39m[22m

    TypeError: Cannot read properties of undefined (reading 'destroy')
[2m[22m
[2m    [0m [90m 58 |[39m[22m
[2m     [90m 59 |[39m   afterEach(() [33m=>[39m {[22m
[2m    [31m[1m>[22m[2m[39m[90m 60 |[39m     tracker[33m.[39mdestroy()[33m;[39m[22m
[2m     [90m    |[39m             [31m[1m^[22m[2m[39m[22m
[2m     [90m 61 |[39m   })[33m;[39m[22m
[2m     [90m 62 |[39m[22m
[2m     [90m 63 |[39m   afterAll(() [33m=>[39m {[0m[22m
[2m[22m
[2m      [2mat Object.<anonymous> ([22m[2m[0m[36mtests/unit/lib/errors/error-tracker.test.ts[39m[0m[2m:60:13)[22m[2m[22m

[1m[31m  [1m● [22m[1mErrorTracker › Helper functions › should track API error with endpoint and status[39m[22m

    TypeError: (0 , test_env_1.resetTestEnvironment) is not a function
[2m[22m
[2m    [0m [90m 35 |[39m   beforeEach(() [33m=>[39m {[22m
[2m     [90m 36 |[39m     [90m// Reset environment to ensure clean state[39m[22m
[2m    [31m[1m>[22m[2m[39m[90m 37 |[39m     resetTestEnvironment()[33m;[39m[22m
[2m     [90m    |[39m                         [31m[1m^[22m[2m[39m[22m
[2m     [90m 38 |[39m     [22m
[2m     [90m 39 |[39m     [90m// Clear singleton instance[39m[22m
[2m     [90m 40 |[39m     ([33mErrorTracker[39m [36mas[39m any)[33m.[39minstance [33m=[39m undefined[33m;[39m[0m[22m
[2m[22m
[2m      [2mat Object.<anonymous> ([22m[2m[0m[36mtests/unit/lib/errors/error-tracker.test.ts[39m[0m[2m:37:25)[22m[2m[22m

[1m[31m  [1m● [22m[1mErrorTracker › Helper functions › should track API error with endpoint and status[39m[22m

    TypeError: Cannot read properties of undefined (reading 'destroy')
[2m[22m
[2m    [0m [90m 58 |[39m[22m
[2m     [90m 59 |[39m   afterEach(() [33m=>[39m {[22m
[2m    [31m[1m>[22m[2m[39m[90m 60 |[39m     tracker[33m.[39mdestroy()[33m;[39m[22m
[2m     [90m    |[39m             [31m[1m^[22m[2m[39m[22m
[2m     [90m 61 |[39m   })[33m;[39m[22m
[2m     [90m 62 |[39m[22m
[2m     [90m 63 |[39m   afterAll(() [33m=>[39m {[0m[22m
[2m[22m
[2m      [2mat Object.<anonymous> ([22m[2m[0m[36mtests/unit/lib/errors/error-tracker.test.ts[39m[0m[2m:60:13)[22m[2m[22m

[1m[31m  [1m● [22m[1mErrorTracker › Concurrent error tracking › should handle concurrent error tracking safely[39m[22m

    TypeError: (0 , test_env_1.resetTestEnvironment) is not a function
[2m[22m
[2m    [0m [90m 35 |[39m   beforeEach(() [33m=>[39m {[22m
[2m     [90m 36 |[39m     [90m// Reset environment to ensure clean state[39m[22m
[2m    [31m[1m>[22m[2m[39m[90m 37 |[39m     resetTestEnvironment()[33m;[39m[22m
[2m     [90m    |[39m                         [31m[1m^[22m[2m[39m[22m
[2m     [90m 38 |[39m     [22m
[2m     [90m 39 |[39m     [90m// Clear singleton instance[39m[22m
[2m     [90m 40 |[39m     ([33mErrorTracker[39m [36mas[39m any)[33m.[39minstance [33m=[39m undefined[33m;[39m[0m[22m
[2m[22m
[2m      [2mat Object.<anonymous> ([22m[2m[0m[36mtests/unit/lib/errors/error-tracker.test.ts[39m[0m[2m:37:25)[22m[2m[22m

[1m[31m  [1m● [22m[1mErrorTracker › Concurrent error tracking › should handle concurrent error tracking safely[39m[22m

    TypeError: Cannot read properties of undefined (reading 'destroy')
[2m[22m
[2m    [0m [90m 58 |[39m[22m
[2m     [90m 59 |[39m   afterEach(() [33m=>[39m {[22m
[2m    [31m[1m>[22m[2m[39m[90m 60 |[39m     tracker[33m.[39mdestroy()[33m;[39m[22m
[2m     [90m    |[39m             [31m[1m^[22m[2m[39m[22m
[2m     [90m 61 |[39m   })[33m;[39m[22m
[2m     [90m 62 |[39m[22m
[2m     [90m 63 |[39m   afterAll(() [33m=>[39m {[0m[22m
[2m[22m
[2m      [2mat Object.<anonymous> ([22m[2m[0m[36mtests/unit/lib/errors/error-tracker.test.ts[39m[0m[2m:60:13)[22m[2m[22m

[1m[31m  [1m● [22m[1mErrorTracker › Concurrent error tracking › should maintain error order in concurrent scenarios[39m[22m

    TypeError: (0 , test_env_1.resetTestEnvironment) is not a function
[2m[22m
[2m    [0m [90m 35 |[39m   beforeEach(() [33m=>[39m {[22m
[2m     [90m 36 |[39m     [90m// Reset environment to ensure clean state[39m[22m
[2m    [31m[1m>[22m[2m[39m[90m 37 |[39m     resetTestEnvironment()[33m;[39m[22m
[2m     [90m    |[39m                         [31m[1m^[22m[2m[39m[22m
[2m     [90m 38 |[39m     [22m
[2m     [90m 39 |[39m     [90m// Clear singleton instance[39m[22m
[2m     [90m 40 |[39m     ([33mErrorTracker[39m [36mas[39m any)[33m.[39minstance [33m=[39m undefined[33m;[39m[0m[22m
[2m[22m
[2m      [2mat Object.<anonymous> ([22m[2m[0m[36mtests/unit/lib/errors/error-tracker.test.ts[39m[0m[2m:37:25)[22m[2m[22m

[1m[31m  [1m● [22m[1mErrorTracker › Concurrent error tracking › should maintain error order in concurrent scenarios[39m[22m

    TypeError: Cannot read properties of undefined (reading 'destroy')
[2m[22m
[2m    [0m [90m 58 |[39m[22m
[2m     [90m 59 |[39m   afterEach(() [33m=>[39m {[22m
[2m    [31m[1m>[22m[2m[39m[90m 60 |[39m     tracker[33m.[39mdestroy()[33m;[39m[22m
[2m     [90m    |[39m             [31m[1m^[22m[2m[39m[22m
[2m     [90m 61 |[39m   })[33m;[39m[22m
[2m     [90m 62 |[39m[22m
[2m     [90m 63 |[39m   afterAll(() [33m=>[39m {[0m[22m
[2m[22m
[2m      [2mat Object.<anonymous> ([22m[2m[0m[36mtests/unit/lib/errors/error-tracker.test.ts[39m[0m[2m:60:13)[22m[2m[22m

[1m[31m  [1m● [22m[1mErrorTracker › Error recovery and resilience › should continue tracking after logger failure[39m[22m

    TypeError: (0 , test_env_1.resetTestEnvironment) is not a function
[2m[22m
[2m    [0m [90m 35 |[39m   beforeEach(() [33m=>[39m {[22m
[2m     [90m 36 |[39m     [90m// Reset environment to ensure clean state[39m[22m
[2m    [31m[1m>[22m[2m[39m[90m 37 |[39m     resetTestEnvironment()[33m;[39m[22m
[2m     [90m    |[39m                         [31m[1m^[22m[2m[39m[22m
[2m     [90m 38 |[39m     [22m
[2m     [90m 39 |[39m     [90m// Clear singleton instance[39m[22m
[2m     [90m 40 |[39m     ([33mErrorTracker[39m [36mas[39m any)[33m.[39minstance [33m=[39m undefined[33m;[39m[0m[22m
[2m[22m
[2m      [2mat Object.<anonymous> ([22m[2m[0m[36mtests/unit/lib/errors/error-tracker.test.ts[39m[0m[2m:37:25)[22m[2m[22m

[1m[31m  [1m● [22m[1mErrorTracker › Error recovery and resilience › should continue tracking after logger failure[39m[22m

    TypeError: Cannot read properties of undefined (reading 'destroy')
[2m[22m
[2m    [0m [90m 58 |[39m[22m
[2m     [90m 59 |[39m   afterEach(() [33m=>[39m {[22m
[2m    [31m[1m>[22m[2m[39m[90m 60 |[39m     tracker[33m.[39mdestroy()[33m;[39m[22m
[2m     [90m    |[39m             [31m[1m^[22m[2m[39m[22m
[2m     [90m 61 |[39m   })[33m;[39m[22m
[2m     [90m 62 |[39m[22m
[2m     [90m 63 |[39m   afterAll(() [33m=>[39m {[0m[22m
[2m[22m
[2m      [2mat Object.<anonymous> ([22m[2m[0m[36mtests/unit/lib/errors/error-tracker.test.ts[39m[0m[2m:60:13)[22m[2m[22m

[1m[31m  [1m● [22m[1mErrorTracker › Error recovery and resilience › should handle malformed error objects[39m[22m

    TypeError: (0 , test_env_1.resetTestEnvironment) is not a function
[2m[22m
[2m    [0m [90m 35 |[39m   beforeEach(() [33m=>[39m {[22m
[2m     [90m 36 |[39m     [90m// Reset environment to ensure clean state[39m[22m
[2m    [31m[1m>[22m[2m[39m[90m 37 |[39m     resetTestEnvironment()[33m;[39m[22m
[2m     [90m    |[39m                         [31m[1m^[22m[2m[39m[22m
[2m     [90m 38 |[39m     [22m
[2m     [90m 39 |[39m     [90m// Clear singleton instance[39m[22m
[2m     [90m 40 |[39m     ([33mErrorTracker[39m [36mas[39m any)[33m.[39minstance [33m=[39m undefined[33m;[39m[0m[22m
[2m[22m
[2m      [2mat Object.<anonymous> ([22m[2m[0m[36mtests/unit/lib/errors/error-tracker.test.ts[39m[0m[2m:37:25)[22m[2m[22m

[1m[31m  [1m● [22m[1mErrorTracker › Error recovery and resilience › should handle malformed error objects[39m[22m

    TypeError: Cannot read properties of undefined (reading 'destroy')
[2m[22m
[2m    [0m [90m 58 |[39m[22m
[2m     [90m 59 |[39m   afterEach(() [33m=>[39m {[22m
[2m    [31m[1m>[22m[2m[39m[90m 60 |[39m     tracker[33m.[39mdestroy()[33m;[39m[22m
[2m     [90m    |[39m             [31m[1m^[22m[2m[39m[22m
[2m     [90m 61 |[39m   })[33m;[39m[22m
[2m     [90m 62 |[39m[22m
[2m     [90m 63 |[39m   afterAll(() [33m=>[39m {[0m[22m
[2m[22m
[2m      [2mat Object.<anonymous> ([22m[2m[0m[36mtests/unit/lib/errors/error-tracker.test.ts[39m[0m[2m:60:13)[22m[2m[22m


  [1m● [22mTest suite failed to run

    TypeError: (0 , test_env_1.resetTestEnvironment) is not a function

    [0m [90m 63 |[39m   afterAll(() [33m=>[39m {
     [90m 64 |[39m     [90m// Reset environment to clean state[39m
    [31m[1m>[22m[39m[90m 65 |[39m     resetTestEnvironment()[33m;[39m
     [90m    |[39m                         [31m[1m^[22m[39m
     [90m 66 |[39m   })[33m;[39m
     [90m 67 |[39m
     [90m 68 |[39m   describe([32m'getInstance'[39m[33m,[39m () [33m=>[39m {[0m

      [2mat Object.<anonymous> ([22mtests/unit/lib/errors/error-tracker.test.ts[2m:65:25)[22m

[0m[7m[1m[31m FAIL [39m[22m[27m[0m [0m[7m[37m unit [39m[27m[0m [2mtests/unit/lib/storage/[22m[1mchart-persistence.test.ts[22m
[1m[31m  [1m● [22m[1mChartPersistenceManager › saveDrawings › saves valid drawings to localStorage[39m[22m

    [2mexpect([22m[31mjest.fn()[39m[2m).[22mtoHaveBeenCalledWith[2m([22m[32m...expected[39m[2m)[22m

    Expected: [32m"cryptrade_chart_drawings"[39m, [32mAny<String>[39m

    Number of calls: [31m0[39m
[2m[22m
[2m    [0m [90m 101 |[39m       [33mChartPersistenceManager[39m[33m.[39msaveDrawings(drawings)[33m;[39m[22m
[2m     [90m 102 |[39m       [22m
[2m    [31m[1m>[22m[2m[39m[90m 103 |[39m       expect(localStorageMock[33m.[39msetItem)[33m.[39mtoHaveBeenCalledWith([22m
[2m     [90m     |[39m                                        [31m[1m^[22m[2m[39m[22m
[2m     [90m 104 |[39m         [32m'cryptrade_chart_drawings'[39m[33m,[39m[22m
[2m     [90m 105 |[39m         expect[33m.[39many([33mString[39m)[22m
[2m     [90m 106 |[39m       )[33m;[39m[0m[22m
[2m[22m
[2m      [2mat Object.<anonymous> ([22m[2m[0m[36mtests/unit/lib/storage/chart-persistence.test.ts[39m[0m[2m:103:40)[22m[2m[22m

[1m[31m  [1m● [22m[1mChartPersistenceManager › saveDrawings › handles empty array[39m[22m

    [2mexpect([22m[31mjest.fn()[39m[2m).[22mtoHaveBeenCalledWith[2m([22m[32m...expected[39m[2m)[22m

    Expected: [32m"cryptrade_chart_drawings"[39m, [32m"[]"[39m

    Number of calls: [31m0[39m
[2m[22m
[2m    [0m [90m 137 |[39m       [33mChartPersistenceManager[39m[33m.[39msaveDrawings([])[33m;[39m[22m
[2m     [90m 138 |[39m       [22m
[2m    [31m[1m>[22m[2m[39m[90m 139 |[39m       expect(localStorageMock[33m.[39msetItem)[33m.[39mtoHaveBeenCalledWith([22m
[2m     [90m     |[39m                                        [31m[1m^[22m[2m[39m[22m
[2m     [90m 140 |[39m         [32m'cryptrade_chart_drawings'[39m[33m,[39m[22m
[2m     [90m 141 |[39m         [32m'[]'[39m[22m
[2m     [90m 142 |[39m       )[33m;[39m[0m[22m
[2m[22m
[2m      [2mat Object.<anonymous> ([22m[2m[0m[36mtests/unit/lib/storage/chart-persistence.test.ts[39m[0m[2m:139:40)[22m[2m[22m

[1m[31m  [1m● [22m[1mChartPersistenceManager › saveDrawings › handles localStorage errors gracefully[39m[22m

    [2mexpect([22m[31mjest.fn()[39m[2m).[22mtoHaveBeenCalledWith[2m([22m[32m...expected[39m[2m)[22m

    Expected: [32m"[ChartPersistence] Failed to save drawings"[39m, [32mObjectContaining {"error": Any<Error>}[39m

    Number of calls: [31m0[39m
[2m[22m
[2m    [0m [90m 155 |[39m       [33mChartPersistenceManager[39m[33m.[39msaveDrawings([validDrawing])[33m;[39m[22m
[2m     [90m 156 |[39m       [22m
[2m    [31m[1m>[22m[2m[39m[90m 157 |[39m       expect(logger[33m.[39merror)[33m.[39mtoHaveBeenCalledWith([22m
[2m     [90m     |[39m                            [31m[1m^[22m[2m[39m[22m
[2m     [90m 158 |[39m         [32m'[ChartPersistence] Failed to save drawings'[39m[33m,[39m[22m
[2m     [90m 159 |[39m         expect[33m.[39mobjectContaining({ error[33m:[39m expect[33m.[39many([33mError[39m) })[22m
[2m     [90m 160 |[39m       )[33m;[39m[0m[22m
[2m[22m
[2m      [2mat Object.<anonymous> ([22m[2m[0m[36mtests/unit/lib/storage/chart-persistence.test.ts[39m[0m[2m:157:28)[22m[2m[22m

[1m[31m  [1m● [22m[1mChartPersistenceManager › loadDrawings › loads valid drawings from localStorage[39m[22m

    QuotaExceededError
[2m[22m
[2m    [0m [90m 150 |[39m     it([32m'handles localStorage errors gracefully'[39m[33m,[39m [36masync[39m () [33m=>[39m {[22m
[2m     [90m 151 |[39m       localStorageMock[33m.[39msetItem[33m.[39mmockImplementationOnce(() [33m=>[39m {[22m
[2m    [31m[1m>[22m[2m[39m[90m 152 |[39m         [36mthrow[39m [36mnew[39m [33mError[39m([32m'QuotaExceededError'[39m)[33m;[39m[22m
[2m     [90m     |[39m               [31m[1m^[22m[2m[39m[22m
[2m     [90m 153 |[39m       })[33m;[39m[22m
[2m     [90m 154 |[39m       [22m
[2m     [90m 155 |[39m       [33mChartPersistenceManager[39m[33m.[39msaveDrawings([validDrawing])[33m;[39m[0m[22m
[2m[22m
[2m      [2mat Object.<anonymous> ([22m[2m[0m[36mtests/unit/lib/storage/chart-persistence.test.ts[39m[0m[2m:152:15)[22m[2m[22m
[2m      [2mat Object.<anonymous> ([22m[2m[0m[36mtests/unit/lib/storage/chart-persistence.test.ts[39m[0m[2m:167:24)[22m[2m[22m

[1m[31m  [1m● [22m[1mChartPersistenceManager › loadDrawings › returns empty array when no data exists[39m[22m

    [2mexpect([22m[31mjest.fn()[39m[2m).[22mnot[2m.[22mtoHaveBeenCalled[2m()[22m

    Expected number of calls: [32m0[39m
    Received number of calls: [31m1[39m

    1: [31m"[ChartPersistence] Database load failed"[39m, [31m{"dbError": [TypeError: logger_1.logger.debug is not a function]}[39m
[2m[22m
[2m    [0m [90m 185 |[39m       [22m
[2m     [90m 186 |[39m       expect(loaded)[33m.[39mtoEqual([])[33m;[39m[22m
[2m    [31m[1m>[22m[2m[39m[90m 187 |[39m       expect(logger[33m.[39merror)[33m.[39mnot[33m.[39mtoHaveBeenCalled()[33m;[39m[22m
[2m     [90m     |[39m                                [31m[1m^[22m[2m[39m[22m
[2m     [90m 188 |[39m     })[33m;[39m[22m
[2m     [90m 189 |[39m[22m
[2m     [90m 190 |[39m     it([32m'skips invalid drawings and logs warning'[39m[33m,[39m [36masync[39m () [33m=>[39m {[0m[22m
[2m[22m
[2m      [2mat Object.<anonymous> ([22m[2m[0m[36mtests/unit/lib/storage/chart-persistence.test.ts[39m[0m[2m:187:32)[22m[2m[22m

[1m[31m  [1m● [22m[1mChartPersistenceManager › loadDrawings › handles corrupted JSON data[39m[22m

    Failed to load drawings: Both database and local storage failed: Failed to load drawings from localStorage: Unexpected token 'i', "invalid-json" is not valid JSON
[2m[22m
[2m    [0m [90m 195 |[39m       [22m
[2m     [90m 196 |[39m       [90m// 本番環境ではエラーを投げる[39m[22m
[2m    [31m[1m>[22m[2m[39m[90m 197 |[39m       [36mthrow[39m [36mnew[39m [33mError[39m([32m`Failed to load drawings: ${error instanceof Error ? error.message : 'Unknown error'}`[39m)[33m;[39m[22m
[2m     [90m     |[39m             [31m[1m^[22m[2m[39m[22m
[2m     [90m 198 |[39m     }[22m
[2m     [90m 199 |[39m   }[22m
[2m     [90m 200 |[39m[0m[22m
[2m[22m
[2m      [2mat ChartPersistenceManager.loadDrawings ([22m[2mlib/storage/chart-persistence.ts[2m:197:13)[22m[2m[22m
[2m      [2mat Object.<anonymous> ([22m[2m[0m[36mtests/unit/lib/storage/chart-persistence.test.ts[39m[0m[2m:225:22)[22m[2m[22m

[1m[31m  [1m● [22m[1mChartPersistenceManager › savePatterns › saves patterns map to localStorage[39m[22m

    [2mexpect([22m[31mjest.fn()[39m[2m).[22mtoHaveBeenCalledWith[2m([22m[32m...expected[39m[2m)[22m

    Expected: [32m"cryptrade_chart_patterns"[39m, [32mAny<String>[39m

    Number of calls: [31m0[39m
[2m[22m
[2m    [0m [90m 249 |[39m       [33mChartPersistenceManager[39m[33m.[39msavePatterns([33mArray[39m[33m.[39m[36mfrom[39m(patterns[33m.[39mvalues()))[33m;[39m[22m
[2m     [90m 250 |[39m       [22m
[2m    [31m[1m>[22m[2m[39m[90m 251 |[39m       expect(localStorageMock[33m.[39msetItem)[33m.[39mtoHaveBeenCalledWith([22m
[2m     [90m     |[39m                                        [31m[1m^[22m[2m[39m[22m
[2m     [90m 252 |[39m         [32m'cryptrade_chart_patterns'[39m[33m,[39m[22m
[2m     [90m 253 |[39m         expect[33m.[39many([33mString[39m)[22m
[2m     [90m 254 |[39m       )[33m;[39m[0m[22m
[2m[22m
[2m      [2mat Object.<anonymous> ([22m[2m[0m[36mtests/unit/lib/storage/chart-persistence.test.ts[39m[0m[2m:251:40)[22m[2m[22m

[1m[31m  [1m● [22m[1mChartPersistenceManager › savePatterns › handles empty map[39m[22m

    [2mexpect([22m[31mjest.fn()[39m[2m).[22mtoHaveBeenCalledWith[2m([22m[32m...expected[39m[2m)[22m

    Expected: [32m"cryptrade_chart_patterns"[39m, [32m"[]"[39m

    Number of calls: [31m0[39m
[2m[22m
[2m    [0m [90m 288 |[39m       [33mChartPersistenceManager[39m[33m.[39msavePatterns([36mnew[39m [33mMap[39m() [36mas[39m any)[33m;[39m[22m
[2m     [90m 289 |[39m       [22m
[2m    [31m[1m>[22m[2m[39m[90m 290 |[39m       expect(localStorageMock[33m.[39msetItem)[33m.[39mtoHaveBeenCalledWith([22m
[2m     [90m     |[39m                                        [31m[1m^[22m[2m[39m[22m
[2m     [90m 291 |[39m         [32m'cryptrade_chart_patterns'[39m[33m,[39m[22m
[2m     [90m 292 |[39m         [32m'[]'[39m[22m
[2m     [90m 293 |[39m       )[33m;[39m[0m[22m
[2m[22m
[2m      [2mat Object.<anonymous> ([22m[2m[0m[36mtests/unit/lib/storage/chart-persistence.test.ts[39m[0m[2m:290:40)[22m[2m[22m

[1m[31m  [1m● [22m[1mChartPersistenceManager › loadPatterns › loads patterns into Map from localStorage[39m[22m

    [2mexpect([22m[31mreceived[39m[2m).[22mtoBe[2m([22m[32mexpected[39m[2m) // Object.is equality[22m

    Expected: [32m1[39m
    Received: [31m0[39m
[2m[22m
[2m    [0m [90m 304 |[39m       [36mconst[39m loaded [33m=[39m [36mawait[39m [33mChartPersistenceManager[39m[33m.[39mloadPatterns()[33m;[39m[22m
[2m     [90m 305 |[39m       [22m
[2m    [31m[1m>[22m[2m[39m[90m 306 |[39m       expect(loaded[33m.[39mlength)[33m.[39mtoBe([35m1[39m)[33m;[39m[22m
[2m     [90m     |[39m                             [31m[1m^[22m[2m[39m[22m
[2m     [90m 307 |[39m       expect(loaded[[35m0[39m])[33m.[39mtoMatchObject({[22m
[2m     [90m 308 |[39m         type[33m:[39m [32m'headAndShoulders'[39m[22m
[2m     [90m 309 |[39m       })[33m;[39m[0m[22m
[2m[22m
[2m      [2mat Object.<anonymous> ([22m[2m[0m[36mtests/unit/lib/storage/chart-persistence.test.ts[39m[0m[2m:306:29)[22m[2m[22m

[1m[31m  [1m● [22m[1mChartPersistenceManager › loadPatterns › returns empty array when no data exists[39m[22m

    [2mexpect([22m[31mreceived[39m[2m).[22mtoBeInstanceOf[2m([22m[32mexpected[39m[2m)[22m

    Expected constructor: [32mMap[39m
    Received constructor: [31mArray[39m
[2m[22m
[2m    [0m [90m 319 |[39m       [22m
[2m     [90m 320 |[39m       expect(loaded[33m.[39mlength)[33m.[39mtoBe([35m0[39m)[33m;[39m[22m
[2m    [31m[1m>[22m[2m[39m[90m 321 |[39m       expect(loaded)[33m.[39mtoBeInstanceOf([33mMap[39m)[33m;[39m[22m
[2m     [90m     |[39m                      [31m[1m^[22m[2m[39m[22m
[2m     [90m 322 |[39m     })[33m;[39m[22m
[2m     [90m 323 |[39m[22m
[2m     [90m 324 |[39m     it([32m'skips invalid patterns'[39m[33m,[39m [36masync[39m () [33m=>[39m {[0m[22m
[2m[22m
[2m      [2mat Object.<anonymous> ([22m[2m[0m[36mtests/unit/lib/storage/chart-persistence.test.ts[39m[0m[2m:321:22)[22m[2m[22m

[1m[31m  [1m● [22m[1mChartPersistenceManager › loadPatterns › skips invalid patterns[39m[22m

    [2mexpect([22m[31mreceived[39m[2m).[22mtoBe[2m([22m[32mexpected[39m[2m) // Object.is equality[22m

    Expected: [32m2[39m
    Received: [31m0[39m
[2m[22m
[2m    [0m [90m 333 |[39m       [36mconst[39m loaded [33m=[39m [36mawait[39m [33mChartPersistenceManager[39m[33m.[39mloadPatterns()[33m;[39m[22m
[2m     [90m 334 |[39m       [22m
[2m    [31m[1m>[22m[2m[39m[90m 335 |[39m       expect(loaded[33m.[39mlength)[33m.[39mtoBe([35m2[39m)[33m;[39m[22m
[2m     [90m     |[39m                             [31m[1m^[22m[2m[39m[22m
[2m     [90m 336 |[39m       expect(loaded[33m.[39mfind(p [33m=>[39m p[33m.[39mid [33m===[39m [32m'invalid'[39m))[33m.[39mtoBeUndefined()[33m;[39m[22m
[2m     [90m 337 |[39m       expect(logger[33m.[39mwarn)[33m.[39mtoHaveBeenCalledWith([22m
[2m     [90m 338 |[39m         [32m'[ChartPersistence] Invalid pattern skipped'[39m[33m,[39m[0m[22m
[2m[22m
[2m      [2mat Object.<anonymous> ([22m[2m[0m[36mtests/unit/lib/storage/chart-persistence.test.ts[39m[0m[2m:335:29)[22m[2m[22m

[1m[31m  [1m● [22m[1mChartPersistenceManager › loadPatterns › handles corrupted data[39m[22m

    Failed to load patterns: Failed to load patterns from localStorage: Unexpected token 'i', "invalid-json" is not valid JSON
[2m[22m
[2m    [0m [90m 274 |[39m       [22m
[2m     [90m 275 |[39m       [90m// 本番環境ではエラーを投げる[39m[22m
[2m    [31m[1m>[22m[2m[39m[90m 276 |[39m       [36mthrow[39m [36mnew[39m [33mError[39m([32m`Failed to load patterns: ${error instanceof Error ? error.message : 'Unknown error'}`[39m)[33m;[39m[22m
[2m     [90m     |[39m             [31m[1m^[22m[2m[39m[22m
[2m     [90m 277 |[39m     }[22m
[2m     [90m 278 |[39m   }[22m
[2m     [90m 279 |[39m[0m[22m
[2m[22m
[2m      [2mat ChartPersistenceManager.loadPatterns ([22m[2mlib/storage/chart-persistence.ts[2m:276:13)[22m[2m[22m
[2m      [2mat Object.<anonymous> ([22m[2m[0m[36mtests/unit/lib/storage/chart-persistence.test.ts[39m[0m[2m:346:22)[22m[2m[22m

[1m[31m  [1m● [22m[1mChartPersistenceManager › loadTimeframeState › loads timeframe state from localStorage[39m[22m

    [2mexpect([22m[31mreceived[39m[2m).[22mtoEqual[2m([22m[32mexpected[39m[2m) // deep equality[22m

    [32m- Expected  - 5[39m
    [31m+ Received  + 1[39m

    [32m- Object {[39m
    [32m-   "symbol": "BTCUSDT",[39m
    [32m-   "timeframe": "1h",[39m
    [32m-   "timestamp": 1750656359300,[39m
    [32m- }[39m
    [31m+ Promise {}[39m
[2m[22m
[2m    [0m [90m 404 |[39m       [36mconst[39m loaded [33m=[39m [33mChartPersistenceManager[39m[33m.[39mloadTimeframeState()[33m;[39m[22m
[2m     [90m 405 |[39m       [22m
[2m    [31m[1m>[22m[2m[39m[90m 406 |[39m       expect(loaded)[33m.[39mtoEqual(state)[33m;[39m[22m
[2m     [90m     |[39m                      [31m[1m^[22m[2m[39m[22m
[2m     [90m 407 |[39m     })[33m;[39m[22m
[2m     [90m 408 |[39m[22m
[2m     [90m 409 |[39m     it([32m'returns null when no state exists'[39m[33m,[39m [36masync[39m () [33m=>[39m {[0m[22m
[2m[22m
[2m      [2mat Object.<anonymous> ([22m[2m[0m[36mtests/unit/lib/storage/chart-persistence.test.ts[39m[0m[2m:406:22)[22m[2m[22m

[1m[31m  [1m● [22m[1mChartPersistenceManager › loadTimeframeState › returns null when no state exists[39m[22m

    [2mexpect([22m[31mreceived[39m[2m).[22mtoBeNull[2m()[22m

    Received: [31m{}[39m
[2m[22m
[2m    [0m [90m 410 |[39m       [36mconst[39m loaded [33m=[39m [33mChartPersistenceManager[39m[33m.[39mloadTimeframeState()[33m;[39m[22m
[2m     [90m 411 |[39m       [22m
[2m    [31m[1m>[22m[2m[39m[90m 412 |[39m       expect(loaded)[33m.[39mtoBeNull()[33m;[39m[22m
[2m     [90m     |[39m                      [31m[1m^[22m[2m[39m[22m
[2m     [90m 413 |[39m     })[33m;[39m[22m
[2m     [90m 414 |[39m[22m
[2m     [90m 415 |[39m     it([32m'handles corrupted data'[39m[33m,[39m [36masync[39m () [33m=>[39m {[0m[22m
[2m[22m
[2m      [2mat Object.<anonymous> ([22m[2m[0m[36mtests/unit/lib/storage/chart-persistence.test.ts[39m[0m[2m:412:22)[22m[2m[22m

[1m[31m  [1m● [22m[1mChartPersistenceManager › loadTimeframeState › handles corrupted data[39m[22m

    [2mexpect([22m[31mreceived[39m[2m).[22mtoBeNull[2m()[22m

    Received: [31m{}[39m
[2m[22m
[2m    [0m [90m 418 |[39m       [36mconst[39m loaded [33m=[39m [33mChartPersistenceManager[39m[33m.[39mloadTimeframeState()[33m;[39m[22m
[2m     [90m 419 |[39m       [22m
[2m    [31m[1m>[22m[2m[39m[90m 420 |[39m       expect(loaded)[33m.[39mtoBeNull()[33m;[39m[22m
[2m     [90m     |[39m                      [31m[1m^[22m[2m[39m[22m
[2m     [90m 421 |[39m       expect(logger[33m.[39merror)[33m.[39mtoHaveBeenCalledWith([22m
[2m     [90m 422 |[39m         [32m'[ChartPersistence] Failed to load timeframe state'[39m[33m,[39m[22m
[2m     [90m 423 |[39m         expect[33m.[39mobjectContaining({ error[33m:[39m expect[33m.[39many([33mError[39m) })[0m[22m
[2m[22m
[2m      [2mat Object.<anonymous> ([22m[2m[0m[36mtests/unit/lib/storage/chart-persistence.test.ts[39m[0m[2m:420:22)[22m[2m[22m

[1m[31m  [1m● [22m[1mChartPersistenceManager › clearAll › removes all storage keys[39m[22m

    [2mexpect([22m[31mjest.fn()[39m[2m).[22mtoHaveBeenCalledWith[2m([22m[32m...expected[39m[2m)[22m

    Expected: [32m"[ChartPersistence] All data cleared"[39m
    Received: [31m"[ChartPersistence] Local storage cleared"[39m

    Number of calls: [31m1[39m
[2m[22m
[2m    [0m [90m 439 |[39m       expect(localStorageMock[33m.[39mremoveItem)[33m.[39mtoHaveBeenCalledWith([32m'cryptrade_timeframe_state'[39m)[33m;[39m[22m
[2m     [90m 440 |[39m       [22m
[2m    [31m[1m>[22m[2m[39m[90m 441 |[39m       expect(logger[33m.[39minfo)[33m.[39mtoHaveBeenCalledWith([32m'[ChartPersistence] All data cleared'[39m)[33m;[39m[22m
[2m     [90m     |[39m                           [31m[1m^[22m[2m[39m[22m
[2m     [90m 442 |[39m     })[33m;[39m[22m
[2m     [90m 443 |[39m[22m
[2m     [90m 444 |[39m     it([32m'handles errors during clearing'[39m[33m,[39m [36masync[39m () [33m=>[39m {[0m[22m
[2m[22m
[2m      [2mat Object.<anonymous> ([22m[2m[0m[36mtests/unit/lib/storage/chart-persistence.test.ts[39m[0m[2m:441:27)[22m[2m[22m

[1m[31m  [1m● [22m[1mChartPersistenceManager › hasTimeframeChanged › returns true when no previous state exists[39m[22m

    [2mexpect([22m[31mreceived[39m[2m).[22mtoBe[2m([22m[32mexpected[39m[2m) // Object.is equality[22m

    Expected: [32mtrue[39m
    Received: [31m{}[39m
[2m[22m
[2m    [0m [90m 460 |[39m       [36mconst[39m hasChanged [33m=[39m [33mChartPersistenceManager[39m[33m.[39mhasTimeframeChanged([32m'BTCUSDT'[39m[33m,[39m [32m'1h'[39m)[33m;[39m[22m
[2m     [90m 461 |[39m       [22m
[2m    [31m[1m>[22m[2m[39m[90m 462 |[39m       expect(hasChanged)[33m.[39mtoBe([36mtrue[39m)[33m;[39m[22m
[2m     [90m     |[39m                          [31m[1m^[22m[2m[39m[22m
[2m     [90m 463 |[39m     })[33m;[39m[22m
[2m     [90m 464 |[39m[22m
[2m     [90m 465 |[39m     it([32m'returns false when symbol and timeframe match'[39m[33m,[39m [36masync[39m () [33m=>[39m {[0m[22m
[2m[22m
[2m      [2mat Object.<anonymous> ([22m[2m[0m[36mtests/unit/lib/storage/chart-persistence.test.ts[39m[0m[2m:462:26)[22m[2m[22m

[1m[31m  [1m● [22m[1mChartPersistenceManager › hasTimeframeChanged › returns false when symbol and timeframe match[39m[22m

    [2mexpect([22m[31mreceived[39m[2m).[22mtoBe[2m([22m[32mexpected[39m[2m) // Object.is equality[22m

    Expected: [32mfalse[39m
    Received: [31m{}[39m
[2m[22m
[2m    [0m [90m 473 |[39m       [36mconst[39m hasChanged [33m=[39m [33mChartPersistenceManager[39m[33m.[39mhasTimeframeChanged([32m'BTCUSDT'[39m[33m,[39m [32m'1h'[39m)[33m;[39m[22m
[2m     [90m 474 |[39m       [22m
[2m    [31m[1m>[22m[2m[39m[90m 475 |[39m       expect(hasChanged)[33m.[39mtoBe([36mfalse[39m)[33m;[39m[22m
[2m     [90m     |[39m                          [31m[1m^[22m[2m[39m[22m
[2m     [90m 476 |[39m     })[33m;[39m[22m
[2m     [90m 477 |[39m[22m
[2m     [90m 478 |[39m     it([32m'returns true when symbol changes'[39m[33m,[39m [36masync[39m () [33m=>[39m {[0m[22m
[2m[22m
[2m      [2mat Object.<anonymous> ([22m[2m[0m[36mtests/unit/lib/storage/chart-persistence.test.ts[39m[0m[2m:475:26)[22m[2m[22m

[1m[31m  [1m● [22m[1mChartPersistenceManager › hasTimeframeChanged › returns true when symbol changes[39m[22m

    [2mexpect([22m[31mreceived[39m[2m).[22mtoBe[2m([22m[32mexpected[39m[2m) // Object.is equality[22m

    Expected: [32mtrue[39m
    Received: [31m{}[39m
[2m[22m
[2m    [0m [90m 486 |[39m       [36mconst[39m hasChanged [33m=[39m [33mChartPersistenceManager[39m[33m.[39mhasTimeframeChanged([32m'ETHUSDT'[39m[33m,[39m [32m'1h'[39m)[33m;[39m[22m
[2m     [90m 487 |[39m       [22m
[2m    [31m[1m>[22m[2m[39m[90m 488 |[39m       expect(hasChanged)[33m.[39mtoBe([36mtrue[39m)[33m;[39m[22m
[2m     [90m     |[39m                          [31m[1m^[22m[2m[39m[22m
[2m     [90m 489 |[39m     })[33m;[39m[22m
[2m     [90m 490 |[39m[22m
[2m     [90m 491 |[39m     it([32m'returns true when timeframe changes'[39m[33m,[39m [36masync[39m () [33m=>[39m {[0m[22m
[2m[22m
[2m      [2mat Object.<anonymous> ([22m[2m[0m[36mtests/unit/lib/storage/chart-persistence.test.ts[39m[0m[2m:488:26)[22m[2m[22m

[1m[31m  [1m● [22m[1mChartPersistenceManager › hasTimeframeChanged › returns true when timeframe changes[39m[22m

    [2mexpect([22m[31mreceived[39m[2m).[22mtoBe[2m([22m[32mexpected[39m[2m) // Object.is equality[22m

    Expected: [32mtrue[39m
    Received: [31m{}[39m
[2m[22m
[2m    [0m [90m 499 |[39m       [36mconst[39m hasChanged [33m=[39m [33mChartPersistenceManager[39m[33m.[39mhasTimeframeChanged([32m'BTCUSDT'[39m[33m,[39m [32m'4h'[39m)[33m;[39m[22m
[2m     [90m 500 |[39m       [22m
[2m    [31m[1m>[22m[2m[39m[90m 501 |[39m       expect(hasChanged)[33m.[39mtoBe([36mtrue[39m)[33m;[39m[22m
[2m     [90m     |[39m                          [31m[1m^[22m[2m[39m[22m
[2m     [90m 502 |[39m     })[33m;[39m[22m
[2m     [90m 503 |[39m   })[33m;[39m[22m
[2m     [90m 504 |[39m[0m[22m
[2m[22m
[2m      [2mat Object.<anonymous> ([22m[2m[0m[36mtests/unit/lib/storage/chart-persistence.test.ts[39m[0m[2m:501:26)[22m[2m[22m

[1m[31m  [1m● [22m[1mChartPersistenceManager › Concurrent Access › handles rapid save/load operations[39m[22m

    [2mexpect([22m[31mreceived[39m[2m).[22mtoHaveLength[2m([22m[32mexpected[39m[2m)[22m

    Expected length: [32m1[39m
    Received length: [31m0[39m
    Received array:  [31m[][39m
[2m[22m
[2m    [0m [90m 558 |[39m       [90m// Should have the latest data[39m[22m
[2m     [90m 559 |[39m       [36mconst[39m loaded [33m=[39m [36mawait[39m [33mChartPersistenceManager[39m[33m.[39mloadDrawings()[33m;[39m[22m
[2m    [31m[1m>[22m[2m[39m[90m 560 |[39m       expect(loaded)[33m.[39mtoHaveLength([35m1[39m)[33m;[39m[22m
[2m     [90m     |[39m                      [31m[1m^[22m[2m[39m[22m
[2m     [90m 561 |[39m       expect(loaded[[35m0[39m][33m?[39m[33m.[39mid)[33m.[39mtoBe([32m'drawing-2'[39m)[33m;[39m[22m
[2m     [90m 562 |[39m     })[33m;[39m[22m
[2m     [90m 563 |[39m   })[33m;[39m[0m[22m
[2m[22m
[2m      [2mat Object.<anonymous> ([22m[2m[0m[36mtests/unit/lib/storage/chart-persistence.test.ts[39m[0m[2m:560:22)[22m[2m[22m

[1m[31m  [1m● [22m[1mChartPersistenceManager › Storage Quota Handling › handles quota exceeded errors gracefully[39m[22m

    [2mexpect([22m[31mjest.fn()[39m[2m).[22mtoHaveBeenCalledWith[2m([22m[32m...expected[39m[2m)[22m

    Expected: [32m"[ChartPersistence] Failed to save drawings"[39m, [32mObjectContaining {"error": ObjectContaining {"name": "QuotaExceededError"}}[39m

    Number of calls: [31m0[39m
[2m[22m
[2m    [0m [90m 582 |[39m       [33mChartPersistenceManager[39m[33m.[39msaveDrawings([largeDrawing])[33m;[39m[22m
[2m     [90m 583 |[39m       [22m
[2m    [31m[1m>[22m[2m[39m[90m 584 |[39m       expect(logger[33m.[39merror)[33m.[39mtoHaveBeenCalledWith([22m
[2m     [90m     |[39m                            [31m[1m^[22m[2m[39m[22m
[2m     [90m 585 |[39m         [32m'[ChartPersistence] Failed to save drawings'[39m[33m,[39m[22m
[2m     [90m 586 |[39m         expect[33m.[39mobjectContaining({[22m
[2m     [90m 587 |[39m           error[33m:[39m expect[33m.[39mobjectContaining({[0m[22m
[2m[22m
[2m      [2mat Object.<anonymous> ([22m[2m[0m[36mtests/unit/lib/storage/chart-persistence.test.ts[39m[0m[2m:584:28)[22m[2m[22m

[1m[31m  [1m● [22m[1mChartPersistenceManager › Edge Cases › handles drawings with minimal valid data[39m[22m

    [2mexpect([22m[31mreceived[39m[2m).[22mtoHaveLength[2m([22m[32mexpected[39m[2m)[22m

    Expected length: [32m1[39m
    Received length: [31m0[39m
    Received array:  [31m[][39m
[2m[22m
[2m    [0m [90m 612 |[39m       [36mconst[39m loaded [33m=[39m [36mawait[39m [33mChartPersistenceManager[39m[33m.[39mloadDrawings()[33m;[39m[22m
[2m     [90m 613 |[39m       [22m
[2m    [31m[1m>[22m[2m[39m[90m 614 |[39m       expect(loaded)[33m.[39mtoHaveLength([35m1[39m)[33m;[39m[22m
[2m     [90m     |[39m                      [31m[1m^[22m[2m[39m[22m
[2m     [90m 615 |[39m       expect(loaded[[35m0[39m])[33m.[39mtoEqual(minimalDrawing)[33m;[39m[22m
[2m     [90m 616 |[39m     })[33m;[39m[22m
[2m     [90m 617 |[39m[0m[22m
[2m[22m
[2m      [2mat Object.<anonymous> ([22m[2m[0m[36mtests/unit/lib/storage/chart-persistence.test.ts[39m[0m[2m:614:22)[22m[2m[22m

[1m[31m  [1m● [22m[1mChartPersistenceManager › Edge Cases › handles localStorage access errors[39m[22m

    Failed to load drawings: Both database and local storage failed: Failed to load drawings from localStorage: SecurityError: localStorage access denied
[2m[22m
[2m    [0m [90m 195 |[39m       [22m
[2m     [90m 196 |[39m       [90m// 本番環境ではエラーを投げる[39m[22m
[2m    [31m[1m>[22m[2m[39m[90m 197 |[39m       [36mthrow[39m [36mnew[39m [33mError[39m([32m`Failed to load drawings: ${error instanceof Error ? error.message : 'Unknown error'}`[39m)[33m;[39m[22m
[2m     [90m     |[39m             [31m[1m^[22m[2m[39m[22m
[2m     [90m 198 |[39m     }[22m
[2m     [90m 199 |[39m   }[22m
[2m     [90m 200 |[39m[0m[22m
[2m[22m
[2m      [2mat ChartPersistenceManager.loadDrawings ([22m[2mlib/storage/chart-persistence.ts[2m:197:13)[22m[2m[22m
[2m      [2mat Object.<anonymous> ([22m[2m[0m[36mtests/unit/lib/storage/chart-persistence.test.ts[39m[0m[2m:669:22)[22m[2m[22m

[0m[7m[1m[31m FAIL [39m[22m[27m[0m [0m[7m[37m unit [39m[27m[0m [2mtests/unit/lib/errors/[22m[1mbase-error.test.ts[22m
[1m[31m  [1m● [22m[1mMastraBaseError › MastraBaseError class › should create error with all properties[39m[22m

    TypeError: base_error_1.MastraBaseError is not a constructor
[2m[22m
[2m    [0m [90m 18 |[39m   describe([32m'MastraBaseError class'[39m[33m,[39m () [33m=>[39m {[22m
[2m     [90m 19 |[39m     it([32m'should create error with all properties'[39m[33m,[39m () [33m=>[39m {[22m
[2m    [31m[1m>[22m[2m[39m[90m 20 |[39m       [36mconst[39m error [33m=[39m [36mnew[39m [33mMastraBaseError[39m([32m'Test error'[39m[33m,[39m {[22m
[2m     [90m    |[39m                     [31m[1m^[22m[2m[39m[22m
[2m     [90m 21 |[39m         code[33m:[39m [32m'TEST_ERROR'[39m[33m,[39m[22m
[2m     [90m 22 |[39m         correlationId[33m:[39m [32m'corr-123'[39m[33m,[39m[22m
[2m     [90m 23 |[39m         data[33m:[39m { field[33m:[39m [32m'value'[39m }[33m,[39m[0m[22m
[2m[22m
[2m      [2mat Object.<anonymous> ([22m[2m[0m[36mtests/unit/lib/errors/base-error.test.ts[39m[0m[2m:20:21)[22m[2m[22m

[1m[31m  [1m● [22m[1mMastraBaseError › MastraBaseError class › should use default values when not provided[39m[22m

    TypeError: base_error_1.MastraBaseError is not a constructor
[2m[22m
[2m    [0m [90m 42 |[39m[22m
[2m     [90m 43 |[39m     it([32m'should use default values when not provided'[39m[33m,[39m () [33m=>[39m {[22m
[2m    [31m[1m>[22m[2m[39m[90m 44 |[39m       [36mconst[39m error [33m=[39m [36mnew[39m [33mMastraBaseError[39m([32m'Test error'[39m[33m,[39m {[22m
[2m     [90m    |[39m                     [31m[1m^[22m[2m[39m[22m
[2m     [90m 45 |[39m         code[33m:[39m [32m'TEST_ERROR'[39m[22m
[2m     [90m 46 |[39m       })[33m;[39m[22m
[2m     [90m 47 |[39m[0m[22m
[2m[22m
[2m      [2mat Object.<anonymous> ([22m[2m[0m[36mtests/unit/lib/errors/base-error.test.ts[39m[0m[2m:44:21)[22m[2m[22m

[1m[31m  [1m● [22m[1mMastraBaseError › MastraBaseError class › should capture stack trace[39m[22m

    TypeError: base_error_1.MastraBaseError is not a constructor
[2m[22m
[2m    [0m [90m 54 |[39m[22m
[2m     [90m 55 |[39m     it([32m'should capture stack trace'[39m[33m,[39m () [33m=>[39m {[22m
[2m    [31m[1m>[22m[2m[39m[90m 56 |[39m       [36mconst[39m error [33m=[39m [36mnew[39m [33mMastraBaseError[39m([32m'Test error'[39m[33m,[39m {[22m
[2m     [90m    |[39m                     [31m[1m^[22m[2m[39m[22m
[2m     [90m 57 |[39m         code[33m:[39m [32m'TEST_ERROR'[39m[22m
[2m     [90m 58 |[39m       })[33m;[39m[22m
[2m     [90m 59 |[39m[0m[22m
[2m[22m
[2m      [2mat Object.<anonymous> ([22m[2m[0m[36mtests/unit/lib/errors/base-error.test.ts[39m[0m[2m:56:21)[22m[2m[22m

[1m[31m  [1m● [22m[1mMastraBaseError › MastraBaseError class › should serialize to JSON correctly[39m[22m

    TypeError: base_error_1.MastraBaseError is not a constructor
[2m[22m
[2m    [0m [90m 63 |[39m[22m
[2m     [90m 64 |[39m     it([32m'should serialize to JSON correctly'[39m[33m,[39m () [33m=>[39m {[22m
[2m    [31m[1m>[22m[2m[39m[90m 65 |[39m       [36mconst[39m error [33m=[39m [36mnew[39m [33mMastraBaseError[39m([32m'Test error'[39m[33m,[39m {[22m
[2m     [90m    |[39m                     [31m[1m^[22m[2m[39m[22m
[2m     [90m 66 |[39m         code[33m:[39m [32m'TEST_ERROR'[39m[33m,[39m[22m
[2m     [90m 67 |[39m         correlationId[33m:[39m [32m'corr-123'[39m[33m,[39m[22m
[2m     [90m 68 |[39m         data[33m:[39m { field[33m:[39m [32m'value'[39m }[33m,[39m[0m[22m
[2m[22m
[2m      [2mat Object.<anonymous> ([22m[2m[0m[36mtests/unit/lib/errors/base-error.test.ts[39m[0m[2m:65:21)[22m[2m[22m

[1m[31m  [1m● [22m[1mMastraBaseError › MastraBaseError class › should handle generic types correctly[39m[22m

    TypeError: base_error_1.MastraBaseError is not a constructor
[2m[22m
[2m    [0m [90m 103 |[39m       }[22m
[2m     [90m 104 |[39m[22m
[2m    [31m[1m>[22m[2m[39m[90m 105 |[39m       [36mconst[39m error [33m=[39m [36mnew[39m [33mMastraBaseError[39m[33m<[39m[33mErrorData[39m[33m,[39m [33mErrorContext[39m[33m>[39m([32m'Typed error'[39m[33m,[39m {[22m
[2m     [90m     |[39m                     [31m[1m^[22m[2m[39m[22m
[2m     [90m 106 |[39m         code[33m:[39m [32m'TYPED_ERROR'[39m[33m,[39m[22m
[2m     [90m 107 |[39m         data[33m:[39m { field[33m:[39m [32m'test'[39m[33m,[39m value[33m:[39m [35m42[39m }[33m,[39m[22m
[2m     [90m 108 |[39m         context[33m:[39m { userId[33m:[39m [32m'user-123'[39m[33m,[39m sessionId[33m:[39m [32m'session-456'[39m }[0m[22m
[2m[22m
[2m      [2mat Object.<anonymous> ([22m[2m[0m[36mtests/unit/lib/errors/base-error.test.ts[39m[0m[2m:105:21)[22m[2m[22m

[1m[31m  [1m● [22m[1mMastraBaseError › MastraBaseError class › log method › should log with INFO severity[39m[22m

    TypeError: base_error_1.MastraBaseError is not a constructor
[2m[22m
[2m    [0m [90m 117 |[39m     describe([32m'log method'[39m[33m,[39m () [33m=>[39m {[22m
[2m     [90m 118 |[39m       it([32m'should log with INFO severity'[39m[33m,[39m () [33m=>[39m {[22m
[2m    [31m[1m>[22m[2m[39m[90m 119 |[39m         [36mconst[39m error [33m=[39m [36mnew[39m [33mMastraBaseError[39m([32m'Info error'[39m[33m,[39m {[22m
[2m     [90m     |[39m                       [31m[1m^[22m[2m[39m[22m
[2m     [90m 120 |[39m           code[33m:[39m [32m'INFO_ERROR'[39m[33m,[39m[22m
[2m     [90m 121 |[39m           severity[33m:[39m [32m'INFO'[39m[22m
[2m     [90m 122 |[39m         })[33m;[39m[0m[22m
[2m[22m
[2m      [2mat Object.<anonymous> ([22m[2m[0m[36mtests/unit/lib/errors/base-error.test.ts[39m[0m[2m:119:23)[22m[2m[22m

[1m[31m  [1m● [22m[1mMastraBaseError › MastraBaseError class › log method › should log with WARNING severity[39m[22m

    TypeError: base_error_1.MastraBaseError is not a constructor
[2m[22m
[2m    [0m [90m 130 |[39m[22m
[2m     [90m 131 |[39m       it([32m'should log with WARNING severity'[39m[33m,[39m () [33m=>[39m {[22m
[2m    [31m[1m>[22m[2m[39m[90m 132 |[39m         [36mconst[39m error [33m=[39m [36mnew[39m [33mMastraBaseError[39m([32m'Warning error'[39m[33m,[39m {[22m
[2m     [90m     |[39m                       [31m[1m^[22m[2m[39m[22m
[2m     [90m 133 |[39m           code[33m:[39m [32m'WARNING_ERROR'[39m[33m,[39m[22m
[2m     [90m 134 |[39m           severity[33m:[39m [32m'WARNING'[39m[22m
[2m     [90m 135 |[39m         })[33m;[39m[0m[22m
[2m[22m
[2m      [2mat Object.<anonymous> ([22m[2m[0m[36mtests/unit/lib/errors/base-error.test.ts[39m[0m[2m:132:23)[22m[2m[22m

[1m[31m  [1m● [22m[1mMastraBaseError › MastraBaseError class › log method › should log with ERROR severity[39m[22m

    TypeError: base_error_1.MastraBaseError is not a constructor
[2m[22m
[2m    [0m [90m 143 |[39m[22m
[2m     [90m 144 |[39m       it([32m'should log with ERROR severity'[39m[33m,[39m () [33m=>[39m {[22m
[2m    [31m[1m>[22m[2m[39m[90m 145 |[39m         [36mconst[39m error [33m=[39m [36mnew[39m [33mMastraBaseError[39m([32m'Error message'[39m[33m,[39m {[22m
[2m     [90m     |[39m                       [31m[1m^[22m[2m[39m[22m
[2m     [90m 146 |[39m           code[33m:[39m [32m'ERROR_CODE'[39m[33m,[39m[22m
[2m     [90m 147 |[39m           severity[33m:[39m [32m'ERROR'[39m[22m
[2m     [90m 148 |[39m         })[33m;[39m[0m[22m
[2m[22m
[2m      [2mat Object.<anonymous> ([22m[2m[0m[36mtests/unit/lib/errors/base-error.test.ts[39m[0m[2m:145:23)[22m[2m[22m

[1m[31m  [1m● [22m[1mMastraBaseError › MastraBaseError class › log method › should log with CRITICAL severity[39m[22m

    TypeError: base_error_1.MastraBaseError is not a constructor
[2m[22m
[2m    [0m [90m 156 |[39m[22m
[2m     [90m 157 |[39m       it([32m'should log with CRITICAL severity'[39m[33m,[39m () [33m=>[39m {[22m
[2m    [31m[1m>[22m[2m[39m[90m 158 |[39m         [36mconst[39m error [33m=[39m [36mnew[39m [33mMastraBaseError[39m([32m'Critical error'[39m[33m,[39m {[22m
[2m     [90m     |[39m                       [31m[1m^[22m[2m[39m[22m
[2m     [90m 159 |[39m           code[33m:[39m [32m'CRITICAL_ERROR'[39m[33m,[39m[22m
[2m     [90m 160 |[39m           severity[33m:[39m [32m'CRITICAL'[39m[22m
[2m     [90m 161 |[39m         })[33m;[39m[0m[22m
[2m[22m
[2m      [2mat Object.<anonymous> ([22m[2m[0m[36mtests/unit/lib/errors/base-error.test.ts[39m[0m[2m:158:23)[22m[2m[22m

[1m[31m  [1m● [22m[1mMastraBaseError › ApiError class › should create API error with status code[39m[22m

    [2mexpect([22m[31mreceived[39m[2m).[22mtoBe[2m([22m[32mexpected[39m[2m) // Object.is equality[22m

    Expected: [32m"API_503"[39m
    Received: [31mundefined[39m
[2m[22m
[2m    [0m [90m 173 |[39m[22m
[2m     [90m 174 |[39m       expect(error[33m.[39mmessage)[33m.[39mtoBe([32m'API failed'[39m)[33m;[39m[22m
[2m    [31m[1m>[22m[2m[39m[90m 175 |[39m       expect(error[33m.[39mcode)[33m.[39mtoBe([32m'API_503'[39m)[33m;[39m[22m
[2m     [90m     |[39m                          [31m[1m^[22m[2m[39m[22m
[2m     [90m 176 |[39m       expect(error[33m.[39mcategory)[33m.[39mtoBe([32m'API_ERROR'[39m)[33m;[39m[22m
[2m     [90m 177 |[39m       expect(error[33m.[39mdata)[33m.[39mtoEqual({ statusCode[33m:[39m [35m503[39m })[33m;[39m[22m
[2m     [90m 178 |[39m       expect(error[33m.[39mretryable)[33m.[39mtoBe([36mtrue[39m)[33m;[39m[0m[22m
[2m[22m
[2m      [2mat Object.<anonymous> ([22m[2m[0m[36mtests/unit/lib/errors/base-error.test.ts[39m[0m[2m:175:26)[22m[2m[22m

[1m[31m  [1m● [22m[1mMastraBaseError › ApiError class › should set retryable for 5xx errors[39m[22m

    [2mexpect([22m[31mreceived[39m[2m).[22mtoBe[2m([22m[32mexpected[39m[2m) // Object.is equality[22m

    Expected: [32mtrue[39m
    Received: [31mundefined[39m
[2m[22m
[2m    [0m [90m 183 |[39m       [36mconst[39m error502 [33m=[39m [36mnew[39m [33mApiError[39m([32m'Bad gateway'[39m[33m,[39m [35m502[39m)[33m;[39m[22m
[2m     [90m 184 |[39m[22m
[2m    [31m[1m>[22m[2m[39m[90m 185 |[39m       expect(error500[33m.[39mretryable)[33m.[39mtoBe([36mtrue[39m)[33m;[39m[22m
[2m     [90m     |[39m                                  [31m[1m^[22m[2m[39m[22m
[2m     [90m 186 |[39m       expect(error502[33m.[39mretryable)[33m.[39mtoBe([36mtrue[39m)[33m;[39m[22m
[2m     [90m 187 |[39m     })[33m;[39m[22m
[2m     [90m 188 |[39m[0m[22m
[2m[22m
[2m      [2mat Object.<anonymous> ([22m[2m[0m[36mtests/unit/lib/errors/base-error.test.ts[39m[0m[2m:185:34)[22m[2m[22m

[1m[31m  [1m● [22m[1mMastraBaseError › ApiError class › should set retryable for 429 rate limit[39m[22m

    [2mexpect([22m[31mreceived[39m[2m).[22mtoBe[2m([22m[32mexpected[39m[2m) // Object.is equality[22m

    Expected: [32mtrue[39m
    Received: [31mundefined[39m
[2m[22m
[2m    [0m [90m 189 |[39m     it([32m'should set retryable for 429 rate limit'[39m[33m,[39m () [33m=>[39m {[22m
[2m     [90m 190 |[39m       [36mconst[39m error [33m=[39m [36mnew[39m [33mApiError[39m([32m'Rate limited'[39m[33m,[39m [35m429[39m)[33m;[39m[22m
[2m    [31m[1m>[22m[2m[39m[90m 191 |[39m       expect(error[33m.[39mretryable)[33m.[39mtoBe([36mtrue[39m)[33m;[39m[22m
[2m     [90m     |[39m                               [31m[1m^[22m[2m[39m[22m
[2m     [90m 192 |[39m     })[33m;[39m[22m
[2m     [90m 193 |[39m[22m
[2m     [90m 194 |[39m     it([32m'should not set retryable for 4xx errors'[39m[33m,[39m () [33m=>[39m {[0m[22m
[2m[22m
[2m      [2mat Object.<anonymous> ([22m[2m[0m[36mtests/unit/lib/errors/base-error.test.ts[39m[0m[2m:191:31)[22m[2m[22m

[1m[31m  [1m● [22m[1mMastraBaseError › ApiError class › should not set retryable for 4xx errors[39m[22m

    [2mexpect([22m[31mreceived[39m[2m).[22mtoBe[2m([22m[32mexpected[39m[2m) // Object.is equality[22m

    Expected: [32mfalse[39m
    Received: [31mundefined[39m
[2m[22m
[2m    [0m [90m 196 |[39m       [36mconst[39m error404 [33m=[39m [36mnew[39m [33mApiError[39m([32m'Not found'[39m[33m,[39m [35m404[39m)[33m;[39m[22m
[2m     [90m 197 |[39m[22m
[2m    [31m[1m>[22m[2m[39m[90m 198 |[39m       expect(error400[33m.[39mretryable)[33m.[39mtoBe([36mfalse[39m)[33m;[39m[22m
[2m     [90m     |[39m                                  [31m[1m^[22m[2m[39m[22m
[2m     [90m 199 |[39m       expect(error404[33m.[39mretryable)[33m.[39mtoBe([36mfalse[39m)[33m;[39m[22m
[2m     [90m 200 |[39m     })[33m;[39m[22m
[2m     [90m 201 |[39m[0m[22m
[2m[22m
[2m      [2mat Object.<anonymous> ([22m[2m[0m[36mtests/unit/lib/errors/base-error.test.ts[39m[0m[2m:198:34)[22m[2m[22m

[1m[31m  [1m● [22m[1mMastraBaseError › ApiError class › should accept additional options[39m[22m

    [2mexpect([22m[31mreceived[39m[2m).[22mtoBe[2m([22m[32mexpected[39m[2m) // Object.is equality[22m

    Expected: [32m"corr-123"[39m
    Received: [31mundefined[39m
[2m[22m
[2m    [0m [90m 206 |[39m       })[33m;[39m[22m
[2m     [90m 207 |[39m[22m
[2m    [31m[1m>[22m[2m[39m[90m 208 |[39m       expect(error[33m.[39mcorrelationId)[33m.[39mtoBe([32m'corr-123'[39m)[33m;[39m[22m
[2m     [90m     |[39m                                   [31m[1m^[22m[2m[39m[22m
[2m     [90m 209 |[39m       expect(error[33m.[39mcontext)[33m.[39mtoEqual({ endpoint[33m:[39m [32m'/api/test'[39m })[33m;[39m[22m
[2m     [90m 210 |[39m     })[33m;[39m[22m
[2m     [90m 211 |[39m   })[33m;[39m[0m[22m
[2m[22m
[2m      [2mat Object.<anonymous> ([22m[2m[0m[36mtests/unit/lib/errors/base-error.test.ts[39m[0m[2m:208:35)[22m[2m[22m

[1m[31m  [1m● [22m[1mMastraBaseError › AgentError class › should create agent error with agent name[39m[22m

    TypeError: base_error_1.AgentError is not a constructor
[2m[22m
[2m    [0m [90m 213 |[39m   describe([32m'AgentError class'[39m[33m,[39m () [33m=>[39m {[22m
[2m     [90m 214 |[39m     it([32m'should create agent error with agent name'[39m[33m,[39m () [33m=>[39m {[22m
[2m    [31m[1m>[22m[2m[39m[90m 215 |[39m       [36mconst[39m error [33m=[39m [36mnew[39m [33mAgentError[39m([32m'Agent execution failed'[39m[33m,[39m [32m'TradingAgent'[39m)[33m;[39m[22m
[2m     [90m     |[39m                     [31m[1m^[22m[2m[39m[22m
[2m     [90m 216 |[39m[22m
[2m     [90m 217 |[39m       expect(error[33m.[39mmessage)[33m.[39mtoBe([32m'Agent execution failed'[39m)[33m;[39m[22m
[2m     [90m 218 |[39m       expect(error[33m.[39mcode)[33m.[39mtoBe([32m'AGENT_EXECUTION_ERROR'[39m)[33m;[39m[0m[22m
[2m[22m
[2m      [2mat Object.<anonymous> ([22m[2m[0m[36mtests/unit/lib/errors/base-error.test.ts[39m[0m[2m:215:21)[22m[2m[22m

[1m[31m  [1m● [22m[1mMastraBaseError › AgentError class › should accept additional options[39m[22m

    TypeError: base_error_1.AgentError is not a constructor
[2m[22m
[2m    [0m [90m 222 |[39m[22m
[2m     [90m 223 |[39m     it([32m'should accept additional options'[39m[33m,[39m () [33m=>[39m {[22m
[2m    [31m[1m>[22m[2m[39m[90m 224 |[39m       [36mconst[39m error [33m=[39m [36mnew[39m [33mAgentError[39m([32m'Agent failed'[39m[33m,[39m [32m'TestAgent'[39m[33m,[39m {[22m
[2m     [90m     |[39m                     [31m[1m^[22m[2m[39m[22m
[2m     [90m 225 |[39m         severity[33m:[39m [32m'CRITICAL'[39m[33m,[39m[22m
[2m     [90m 226 |[39m         context[33m:[39m { action[33m:[39m [32m'processTrade'[39m }[22m
[2m     [90m 227 |[39m       })[33m;[39m[0m[22m
[2m[22m
[2m      [2mat Object.<anonymous> ([22m[2m[0m[36mtests/unit/lib/errors/base-error.test.ts[39m[0m[2m:224:21)[22m[2m[22m

[1m[31m  [1m● [22m[1mMastraBaseError › ToolError class › should create tool error with tool name[39m[22m

    TypeError: base_error_1.ToolError is not a constructor
[2m[22m
[2m    [0m [90m 234 |[39m   describe([32m'ToolError class'[39m[33m,[39m () [33m=>[39m {[22m
[2m     [90m 235 |[39m     it([32m'should create tool error with tool name'[39m[33m,[39m () [33m=>[39m {[22m
[2m    [31m[1m>[22m[2m[39m[90m 236 |[39m       [36mconst[39m error [33m=[39m [36mnew[39m [33mToolError[39m([32m'Tool execution failed'[39m[33m,[39m [32m'ChartTool'[39m)[33m;[39m[22m
[2m     [90m     |[39m                     [31m[1m^[22m[2m[39m[22m
[2m     [90m 237 |[39m[22m
[2m     [90m 238 |[39m       expect(error[33m.[39mmessage)[33m.[39mtoBe([32m'Tool execution failed'[39m)[33m;[39m[22m
[2m     [90m 239 |[39m       expect(error[33m.[39mcode)[33m.[39mtoBe([32m'TOOL_EXECUTION_ERROR'[39m)[33m;[39m[0m[22m
[2m[22m
[2m      [2mat Object.<anonymous> ([22m[2m[0m[36mtests/unit/lib/errors/base-error.test.ts[39m[0m[2m:236:21)[22m[2m[22m

[1m[31m  [1m● [22m[1mMastraBaseError › ToolError class › should accept additional options[39m[22m

    TypeError: base_error_1.ToolError is not a constructor
[2m[22m
[2m    [0m [90m 243 |[39m[22m
[2m     [90m 244 |[39m     it([32m'should accept additional options'[39m[33m,[39m () [33m=>[39m {[22m
[2m    [31m[1m>[22m[2m[39m[90m 245 |[39m       [36mconst[39m error [33m=[39m [36mnew[39m [33mToolError[39m([32m'Tool failed'[39m[33m,[39m [32m'TestTool'[39m[33m,[39m {[22m
[2m     [90m     |[39m                     [31m[1m^[22m[2m[39m[22m
[2m     [90m 246 |[39m         retryable[33m:[39m [36mtrue[39m[33m,[39m[22m
[2m     [90m 247 |[39m         retryAfter[33m:[39m [35m1000[39m[33m,[39m[22m
[2m     [90m 248 |[39m         context[33m:[39m { input[33m:[39m { x[33m:[39m [35m1[39m[33m,[39m y[33m:[39m [35m2[39m } }[0m[22m
[2m[22m
[2m      [2mat Object.<anonymous> ([22m[2m[0m[36mtests/unit/lib/errors/base-error.test.ts[39m[0m[2m:245:21)[22m[2m[22m

[1m[31m  [1m● [22m[1mMastraBaseError › ValidationError class › should create validation error with field and value[39m[22m

    [2mexpect([22m[31mreceived[39m[2m).[22mtoBe[2m([22m[32mexpected[39m[2m) // Object.is equality[22m

    Expected: [32m"VALIDATION_ERROR"[39m
    Received: [31mundefined[39m
[2m[22m
[2m    [0m [90m 260 |[39m[22m
[2m     [90m 261 |[39m       expect(error[33m.[39mmessage)[33m.[39mtoBe([32m'Invalid email format'[39m)[33m;[39m[22m
[2m    [31m[1m>[22m[2m[39m[90m 262 |[39m       expect(error[33m.[39mcode)[33m.[39mtoBe([32m'VALIDATION_ERROR'[39m)[33m;[39m[22m
[2m     [90m     |[39m                          [31m[1m^[22m[2m[39m[22m
[2m     [90m 263 |[39m       expect(error[33m.[39mcategory)[33m.[39mtoBe([32m'VALIDATION_ERROR'[39m)[33m;[39m[22m
[2m     [90m 264 |[39m       expect(error[33m.[39mseverity)[33m.[39mtoBe([32m'WARNING'[39m)[33m;[39m[22m
[2m     [90m 265 |[39m       expect(error[33m.[39mdata)[33m.[39mtoEqual({ [0m[22m
[2m[22m
[2m      [2mat Object.<anonymous> ([22m[2m[0m[36mtests/unit/lib/errors/base-error.test.ts[39m[0m[2m:262:26)[22m[2m[22m

[1m[31m  [1m● [22m[1mMastraBaseError › ValidationError class › should handle complex values[39m[22m

    [2mexpect([22m[31mreceived[39m[2m).[22mtoEqual[2m([22m[32mexpected[39m[2m) // deep equality[22m

    Expected: [32m{"field": "data", "value": {"nested": {"data": [1, 2, 3]}}}[39m
    Received: [31mundefined[39m
[2m[22m
[2m    [0m [90m 273 |[39m       [36mconst[39m error [33m=[39m [36mnew[39m [33mValidationError[39m([32m'Invalid structure'[39m[33m,[39m [32m'data'[39m[33m,[39m complexValue)[33m;[39m[22m
[2m     [90m 274 |[39m[22m
[2m    [31m[1m>[22m[2m[39m[90m 275 |[39m       expect(error[33m.[39mdata)[33m.[39mtoEqual({[22m
[2m     [90m     |[39m                          [31m[1m^[22m[2m[39m[22m
[2m     [90m 276 |[39m         field[33m:[39m [32m'data'[39m[33m,[39m[22m
[2m     [90m 277 |[39m         value[33m:[39m complexValue[22m
[2m     [90m 278 |[39m       })[33m;[39m[0m[22m
[2m[22m
[2m      [2mat Object.<anonymous> ([22m[2m[0m[36mtests/unit/lib/errors/base-error.test.ts[39m[0m[2m:275:26)[22m[2m[22m

[1m[31m  [1m● [22m[1mMastraBaseError › ValidationError class › should accept additional options[39m[22m

    [2mexpect([22m[31mreceived[39m[2m).[22mtoBe[2m([22m[32mexpected[39m[2m) // Object.is equality[22m

    Expected: [32m"req-123"[39m
    Received: [31mundefined[39m
[2m[22m
[2m    [0m [90m 285 |[39m       })[33m;[39m[22m
[2m     [90m 286 |[39m[22m
[2m    [31m[1m>[22m[2m[39m[90m 287 |[39m       expect(error[33m.[39mcorrelationId)[33m.[39mtoBe([32m'req-123'[39m)[33m;[39m[22m
[2m     [90m     |[39m                                   [31m[1m^[22m[2m[39m[22m
[2m     [90m 288 |[39m       expect(error[33m.[39mcontext)[33m.[39mtoEqual({ form[33m:[39m [32m'registration'[39m })[33m;[39m[22m
[2m     [90m 289 |[39m     })[33m;[39m[22m
[2m     [90m 290 |[39m   })[33m;[39m[0m[22m
[2m[22m
[2m      [2mat Object.<anonymous> ([22m[2m[0m[36mtests/unit/lib/errors/base-error.test.ts[39m[0m[2m:287:35)[22m[2m[22m

[1m[31m  [1m● [22m[1mMastraBaseError › AuthError class › should create auth error with defaults[39m[22m

    [2mexpect([22m[31mreceived[39m[2m).[22mtoBe[2m([22m[32mexpected[39m[2m) // Object.is equality[22m

    Expected: [32m"AUTH_ERROR"[39m
    Received: [31mundefined[39m
[2m[22m
[2m    [0m [90m 295 |[39m[22m
[2m     [90m 296 |[39m       expect(error[33m.[39mmessage)[33m.[39mtoBe([32m'Unauthorized access'[39m)[33m;[39m[22m
[2m    [31m[1m>[22m[2m[39m[90m 297 |[39m       expect(error[33m.[39mcode)[33m.[39mtoBe([32m'AUTH_ERROR'[39m)[33m;[39m[22m
[2m     [90m     |[39m                          [31m[1m^[22m[2m[39m[22m
[2m     [90m 298 |[39m       expect(error[33m.[39mcategory)[33m.[39mtoBe([32m'AUTH_ERROR'[39m)[33m;[39m[22m
[2m     [90m 299 |[39m       expect(error[33m.[39mseverity)[33m.[39mtoBe([32m'ERROR'[39m)[33m;[39m[22m
[2m     [90m 300 |[39m       expect(error[33m.[39mretryable)[33m.[39mtoBe([36mfalse[39m)[33m;[39m[0m[22m
[2m[22m
[2m      [2mat Object.<anonymous> ([22m[2m[0m[36mtests/unit/lib/errors/base-error.test.ts[39m[0m[2m:297:26)[22m[2m[22m

[1m[31m  [1m● [22m[1mMastraBaseError › AuthError class › should accept additional options[39m[22m

    [2mexpect([22m[31mreceived[39m[2m).[22mtoBe[2m([22m[32mexpected[39m[2m) // Object.is equality[22m

    Expected: [32m"auth-123"[39m
    Received: [31mundefined[39m
[2m[22m
[2m    [0m [90m 307 |[39m       })[33m;[39m[22m
[2m     [90m 308 |[39m[22m
[2m    [31m[1m>[22m[2m[39m[90m 309 |[39m       expect(error[33m.[39mcorrelationId)[33m.[39mtoBe([32m'auth-123'[39m)[33m;[39m[22m
[2m     [90m     |[39m                                   [31m[1m^[22m[2m[39m[22m
[2m     [90m 310 |[39m       expect(error[33m.[39mcontext)[33m.[39mtoEqual({ endpoint[33m:[39m [32m'/api/protected'[39m[33m,[39m userId[33m:[39m [32m'user-123'[39m })[33m;[39m[22m
[2m     [90m 311 |[39m     })[33m;[39m[22m
[2m     [90m 312 |[39m   })[33m;[39m[0m[22m
[2m[22m
[2m      [2mat Object.<anonymous> ([22m[2m[0m[36mtests/unit/lib/errors/base-error.test.ts[39m[0m[2m:309:35)[22m[2m[22m

[1m[31m  [1m● [22m[1mMastraBaseError › RateLimitError class › should create rate limit error with retry after[39m[22m

    TypeError: base_error_1.RateLimitError is not a constructor
[2m[22m
[2m    [0m [90m 314 |[39m   describe([32m'RateLimitError class'[39m[33m,[39m () [33m=>[39m {[22m
[2m     [90m 315 |[39m     it([32m'should create rate limit error with retry after'[39m[33m,[39m () [33m=>[39m {[22m
[2m    [31m[1m>[22m[2m[39m[90m 316 |[39m       [36mconst[39m error [33m=[39m [36mnew[39m [33mRateLimitError[39m([32m'Rate limit exceeded'[39m[33m,[39m [35m5000[39m)[33m;[39m[22m
[2m     [90m     |[39m                     [31m[1m^[22m[2m[39m[22m
[2m     [90m 317 |[39m[22m
[2m     [90m 318 |[39m       expect(error[33m.[39mmessage)[33m.[39mtoBe([32m'Rate limit exceeded'[39m)[33m;[39m[22m
[2m     [90m 319 |[39m       expect(error[33m.[39mcode)[33m.[39mtoBe([32m'RATE_LIMIT_EXCEEDED'[39m)[33m;[39m[0m[22m
[2m[22m
[2m      [2mat Object.<anonymous> ([22m[2m[0m[36mtests/unit/lib/errors/base-error.test.ts[39m[0m[2m:316:21)[22m[2m[22m

[1m[31m  [1m● [22m[1mMastraBaseError › RateLimitError class › should accept additional options[39m[22m

    TypeError: base_error_1.RateLimitError is not a constructor
[2m[22m
[2m    [0m [90m 325 |[39m[22m
[2m     [90m 326 |[39m     it([32m'should accept additional options'[39m[33m,[39m () [33m=>[39m {[22m
[2m    [31m[1m>[22m[2m[39m[90m 327 |[39m       [36mconst[39m error [33m=[39m [36mnew[39m [33mRateLimitError[39m([32m'Too many requests'[39m[33m,[39m [35m3000[39m[33m,[39m {[22m
[2m     [90m     |[39m                     [31m[1m^[22m[2m[39m[22m
[2m     [90m 328 |[39m         correlationId[33m:[39m [32m'rate-123'[39m[33m,[39m[22m
[2m     [90m 329 |[39m         context[33m:[39m { endpoint[33m:[39m [32m'/api/data'[39m }[22m
[2m     [90m 330 |[39m       })[33m;[39m[0m[22m
[2m[22m
[2m      [2mat Object.<anonymous> ([22m[2m[0m[36mtests/unit/lib/errors/base-error.test.ts[39m[0m[2m:327:21)[22m[2m[22m

[1m[31m  [1m● [22m[1mMastraBaseError › Error inheritance › should maintain instanceof relationships[39m[22m

    TypeError: base_error_1.AgentError is not a constructor
[2m[22m
[2m    [0m [90m 339 |[39m     it([32m'should maintain instanceof relationships'[39m[33m,[39m () [33m=>[39m {[22m
[2m     [90m 340 |[39m       [36mconst[39m apiError [33m=[39m [36mnew[39m [33mApiError[39m([32m'API failed'[39m[33m,[39m [35m500[39m)[33m;[39m[22m
[2m    [31m[1m>[22m[2m[39m[90m 341 |[39m       [36mconst[39m agentError [33m=[39m [36mnew[39m [33mAgentError[39m([32m'Agent failed'[39m[33m,[39m [32m'TestAgent'[39m)[33m;[39m[22m
[2m     [90m     |[39m                          [31m[1m^[22m[2m[39m[22m
[2m     [90m 342 |[39m       [36mconst[39m toolError [33m=[39m [36mnew[39m [33mToolError[39m([32m'Tool failed'[39m[33m,[39m [32m'TestTool'[39m)[33m;[39m[22m
[2m     [90m 343 |[39m       [36mconst[39m validationError [33m=[39m [36mnew[39m [33mValidationError[39m([32m'Invalid'[39m[33m,[39m [32m'field'[39m[33m,[39m [32m'value'[39m)[33m;[39m[22m
[2m     [90m 344 |[39m       [36mconst[39m rateLimitError [33m=[39m [36mnew[39m [33mRateLimitError[39m([32m'Rate limited'[39m[33m,[39m [35m1000[39m)[33m;[39m[0m[22m
[2m[22m
[2m      [2mat Object.<anonymous> ([22m[2m[0m[36mtests/unit/lib/errors/base-error.test.ts[39m[0m[2m:341:26)[22m[2m[22m

[1m[31m  [1m● [22m[1mMastraBaseError › Error classification and categorization › should correctly classify errors by category[39m[22m

    TypeError: base_error_1.AgentError is not a constructor
[2m[22m
[2m    [0m [90m 371 |[39m       [36mconst[39m errors [33m=[39m [[22m
[2m     [90m 372 |[39m         [36mnew[39m [33mApiError[39m([32m'API error'[39m[33m,[39m [35m500[39m)[33m,[39m[22m
[2m    [31m[1m>[22m[2m[39m[90m 373 |[39m         [36mnew[39m [33mAgentError[39m([32m'Agent error'[39m[33m,[39m [32m'TestAgent'[39m)[33m,[39m[22m
[2m     [90m     |[39m         [31m[1m^[22m[2m[39m[22m
[2m     [90m 374 |[39m         [36mnew[39m [33mToolError[39m([32m'Tool error'[39m[33m,[39m [32m'TestTool'[39m)[33m,[39m[22m
[2m     [90m 375 |[39m         [36mnew[39m [33mValidationError[39m([32m'Validation error'[39m[33m,[39m [32m'field'[39m[33m,[39m [32m'value'[39m)[33m,[39m[22m
[2m     [90m 376 |[39m         [36mnew[39m [33mRateLimitError[39m([32m'Rate limit'[39m[33m,[39m [35m1000[39m)[33m,[39m[0m[22m
[2m[22m
[2m      [2mat Object.<anonymous> ([22m[2m[0m[36mtests/unit/lib/errors/base-error.test.ts[39m[0m[2m:373:9)[22m[2m[22m

[1m[31m  [1m● [22m[1mMastraBaseError › Error classification and categorization › should correctly assign severity levels[39m[22m

    TypeError: base_error_1.MastraBaseError is not a constructor
[2m[22m
[2m    [0m [90m 390 |[39m[22m
[2m     [90m 391 |[39m     it([32m'should correctly assign severity levels'[39m[33m,[39m () [33m=>[39m {[22m
[2m    [31m[1m>[22m[2m[39m[90m 392 |[39m       [36mconst[39m critical [33m=[39m [36mnew[39m [33mMastraBaseError[39m([32m'Critical issue'[39m[33m,[39m {[22m
[2m     [90m     |[39m                        [31m[1m^[22m[2m[39m[22m
[2m     [90m 393 |[39m         code[33m:[39m [32m'CRITICAL'[39m[33m,[39m[22m
[2m     [90m 394 |[39m         severity[33m:[39m [32m'CRITICAL'[39m[22m
[2m     [90m 395 |[39m       })[33m;[39m[0m[22m
[2m[22m
[2m      [2mat Object.<anonymous> ([22m[2m[0m[36mtests/unit/lib/errors/base-error.test.ts[39m[0m[2m:392:24)[22m[2m[22m

[1m[31m  [1m● [22m[1mMastraBaseError › Retry handling › should correctly identify retryable errors[39m[22m

    TypeError: base_error_1.RateLimitError is not a constructor
[2m[22m
[2m    [0m [90m 415 |[39m         [36mnew[39m [33mApiError[39m([32m'Service unavailable'[39m[33m,[39m [35m503[39m)[33m,[39m[22m
[2m     [90m 416 |[39m         [36mnew[39m [33mApiError[39m([32m'Rate limited'[39m[33m,[39m [35m429[39m)[33m,[39m[22m
[2m    [31m[1m>[22m[2m[39m[90m 417 |[39m         [36mnew[39m [33mRateLimitError[39m([32m'Too many requests'[39m[33m,[39m [35m5000[39m)[33m,[39m[22m
[2m     [90m     |[39m         [31m[1m^[22m[2m[39m[22m
[2m     [90m 418 |[39m         [36mnew[39m [33mMastraBaseError[39m([32m'Retryable'[39m[33m,[39m { code[33m:[39m [32m'RETRY'[39m[33m,[39m retryable[33m:[39m [36mtrue[39m })[22m
[2m     [90m 419 |[39m       ][33m;[39m[22m
[2m     [90m 420 |[39m[0m[22m
[2m[22m
[2m      [2mat Object.<anonymous> ([22m[2m[0m[36mtests/unit/lib/errors/base-error.test.ts[39m[0m[2m:417:9)[22m[2m[22m

[1m[31m  [1m● [22m[1mMastraBaseError › Retry handling › should correctly identify non-retryable errors[39m[22m

    TypeError: base_error_1.AgentError is not a constructor
[2m[22m
[2m    [0m [90m 432 |[39m         [36mnew[39m [33mAuthError[39m([32m'Invalid token'[39m)[33m,[39m[22m
[2m     [90m 433 |[39m         [36mnew[39m [33mValidationError[39m([32m'Invalid'[39m[33m,[39m [32m'field'[39m[33m,[39m [32m'value'[39m)[33m,[39m[22m
[2m    [31m[1m>[22m[2m[39m[90m 434 |[39m         [36mnew[39m [33mAgentError[39m([32m'Agent failed'[39m[33m,[39m [32m'TestAgent'[39m)[33m,[39m[22m
[2m     [90m     |[39m         [31m[1m^[22m[2m[39m[22m
[2m     [90m 435 |[39m         [36mnew[39m [33mToolError[39m([32m'Tool failed'[39m[33m,[39m [32m'TestTool'[39m)[22m
[2m     [90m 436 |[39m       ][33m;[39m[22m
[2m     [90m 437 |[39m[0m[22m
[2m[22m
[2m      [2mat Object.<anonymous> ([22m[2m[0m[36mtests/unit/lib/errors/base-error.test.ts[39m[0m[2m:434:9)[22m[2m[22m

[1m[31m  [1m● [22m[1mMastraBaseError › Retry handling › should include retry after information[39m[22m

    TypeError: base_error_1.RateLimitError is not a constructor
[2m[22m
[2m    [0m [90m 442 |[39m[22m
[2m     [90m 443 |[39m     it([32m'should include retry after information'[39m[33m,[39m () [33m=>[39m {[22m
[2m    [31m[1m>[22m[2m[39m[90m 444 |[39m       [36mconst[39m rateLimitError [33m=[39m [36mnew[39m [33mRateLimitError[39m([32m'Rate limited'[39m[33m,[39m [35m30000[39m)[33m;[39m[22m
[2m     [90m     |[39m                              [31m[1m^[22m[2m[39m[22m
[2m     [90m 445 |[39m       expect(rateLimitError[33m.[39mretryAfter)[33m.[39mtoBe([35m30000[39m)[33m;[39m[22m
[2m     [90m 446 |[39m[22m
[2m     [90m 447 |[39m       [36mconst[39m apiError [33m=[39m [36mnew[39m [33mApiError[39m([32m'Too many requests'[39m[33m,[39m [35m429[39m[33m,[39m {[0m[22m
[2m[22m
[2m      [2mat Object.<anonymous> ([22m[2m[0m[36mtests/unit/lib/errors/base-error.test.ts[39m[0m[2m:444:30)[22m[2m[22m

[1m[31m  [1m● [22m[1mMastraBaseError › Error logging integration › should log errors with different severities correctly[39m[22m

    TypeError: base_error_1.MastraBaseError is not a constructor
[2m[22m
[2m    [0m [90m 464 |[39m         jest[33m.[39mclearAllMocks()[33m;[39m[22m
[2m     [90m 465 |[39m         [22m
[2m    [31m[1m>[22m[2m[39m[90m 466 |[39m         [36mconst[39m error [33m=[39m [36mnew[39m [33mMastraBaseError[39m([32m`${severity} message`[39m[33m,[39m {[22m
[2m     [90m     |[39m                       [31m[1m^[22m[2m[39m[22m
[2m     [90m 467 |[39m           code[33m:[39m severity[33m,[39m[22m
[2m     [90m 468 |[39m           severity[22m
[2m     [90m 469 |[39m         })[33m;[39m[0m[22m
[2m[22m
[2m      [2mat [22m[2m[0m[36mtests/unit/lib/errors/base-error.test.ts[39m[0m[2m:466:23[22m[2m[22m
[2m          at Array.forEach (<anonymous>)[22m
[2m      [2mat Object.<anonymous> ([22m[2m[0m[36mtests/unit/lib/errors/base-error.test.ts[39m[0m[2m:463:19)[22m[2m[22m

[1m[31m  [1m● [22m[1mMastraBaseError › Error logging integration › should include all metadata in log output[39m[22m

    TypeError: base_error_1.MastraBaseError is not a constructor
[2m[22m
[2m    [0m [90m 486 |[39m[22m
[2m     [90m 487 |[39m     it([32m'should include all metadata in log output'[39m[33m,[39m () [33m=>[39m {[22m
[2m    [31m[1m>[22m[2m[39m[90m 488 |[39m       [36mconst[39m error [33m=[39m [36mnew[39m [33mMastraBaseError[39m([32m'Complex error'[39m[33m,[39m {[22m
[2m     [90m     |[39m                     [31m[1m^[22m[2m[39m[22m
[2m     [90m 489 |[39m         code[33m:[39m [32m'COMPLEX'[39m[33m,[39m[22m
[2m     [90m 490 |[39m         correlationId[33m:[39m [32m'corr-xyz'[39m[33m,[39m[22m
[2m     [90m 491 |[39m         data[33m:[39m { key[33m:[39m [32m'value'[39m }[33m,[39m[0m[22m
[2m[22m
[2m      [2mat Object.<anonymous> ([22m[2m[0m[36mtests/unit/lib/errors/base-error.test.ts[39m[0m[2m:488:21)[22m[2m[22m

[1m[31m  [1m● [22m[1mMastraBaseError › Error context and correlation › should maintain correlation ID through error chain[39m[22m

    TypeError: base_error_1.AgentError is not a constructor
[2m[22m
[2m    [0m [90m 520 |[39m       [22m
[2m     [90m 521 |[39m       [36mconst[39m apiError [33m=[39m [36mnew[39m [33mApiError[39m([32m'API failed'[39m[33m,[39m [35m500[39m[33m,[39m { correlationId })[33m;[39m[22m
[2m    [31m[1m>[22m[2m[39m[90m 522 |[39m       [36mconst[39m agentError [33m=[39m [36mnew[39m [33mAgentError[39m([32m'Agent failed due to API'[39m[33m,[39m [32m'TestAgent'[39m[33m,[39m { correlationId })[33m;[39m[22m
[2m     [90m     |[39m                          [31m[1m^[22m[2m[39m[22m
[2m     [90m 523 |[39m       [36mconst[39m toolError [33m=[39m [36mnew[39m [33mToolError[39m([32m'Tool failed due to agent'[39m[33m,[39m [32m'TestTool'[39m[33m,[39m { correlationId })[33m;[39m[22m
[2m     [90m 524 |[39m[22m
[2m     [90m 525 |[39m       expect(apiError[33m.[39mcorrelationId)[33m.[39mtoBe(correlationId)[33m;[39m[0m[22m
[2m[22m
[2m      [2mat Object.<anonymous> ([22m[2m[0m[36mtests/unit/lib/errors/base-error.test.ts[39m[0m[2m:522:26)[22m[2m[22m

[1m[31m  [1m● [22m[1mMastraBaseError › Error context and correlation › should preserve context through error transformations[39m[22m

    TypeError: base_error_1.MastraBaseError is not a constructor
[2m[22m
[2m    [0m [90m 538 |[39m       }[33m;[39m[22m
[2m     [90m 539 |[39m[22m
[2m    [31m[1m>[22m[2m[39m[90m 540 |[39m       [36mconst[39m wrappedError [33m=[39m [36mnew[39m [33mMastraBaseError[39m(originalError[33m.[39mmessage[33m,[39m {[22m
[2m     [90m     |[39m                            [31m[1m^[22m[2m[39m[22m
[2m     [90m 541 |[39m         code[33m:[39m [32m'DB_ERROR'[39m[33m,[39m[22m
[2m     [90m 542 |[39m         category[33m:[39m [32m'NETWORK_ERROR'[39m[33m,[39m[22m
[2m     [90m 543 |[39m         context[33m,[39m[0m[22m
[2m[22m
[2m      [2mat Object.<anonymous> ([22m[2m[0m[36mtests/unit/lib/errors/base-error.test.ts[39m[0m[2m:540:28)[22m[2m[22m

[1m[31m  [1m● [22m[1mMastraBaseError › Edge cases and error boundaries › should handle null/undefined in error data gracefully[39m[22m

    TypeError: base_error_1.MastraBaseError is not a constructor
[2m[22m
[2m    [0m [90m 552 |[39m   describe([32m'Edge cases and error boundaries'[39m[33m,[39m () [33m=>[39m {[22m
[2m     [90m 553 |[39m     it([32m'should handle null/undefined in error data gracefully'[39m[33m,[39m () [33m=>[39m {[22m
[2m    [31m[1m>[22m[2m[39m[90m 554 |[39m       [36mconst[39m error [33m=[39m [36mnew[39m [33mMastraBaseError[39m([32m'Error with nulls'[39m[33m,[39m {[22m
[2m     [90m     |[39m                     [31m[1m^[22m[2m[39m[22m
[2m     [90m 555 |[39m         code[33m:[39m [32m'NULL_ERROR'[39m[33m,[39m[22m
[2m     [90m 556 |[39m         data[33m:[39m { value[33m:[39m [36mnull[39m[33m,[39m optional[33m:[39m undefined }[33m,[39m[22m
[2m     [90m 557 |[39m         context[33m:[39m [36mnull[39m [36mas[39m any[0m[22m
[2m[22m
[2m      [2mat Object.<anonymous> ([22m[2m[0m[36mtests/unit/lib/errors/base-error.test.ts[39m[0m[2m:554:21)[22m[2m[22m

[1m[31m  [1m● [22m[1mMastraBaseError › Edge cases and error boundaries › should handle circular references in toJSON[39m[22m

    TypeError: base_error_1.MastraBaseError is not a constructor
[2m[22m
[2m    [0m [90m 567 |[39m       circular[33m.[39mprop [33m=[39m circular[33m;[39m[22m
[2m     [90m 568 |[39m[22m
[2m    [31m[1m>[22m[2m[39m[90m 569 |[39m       [36mconst[39m error [33m=[39m [36mnew[39m [33mMastraBaseError[39m([32m'Circular error'[39m[33m,[39m {[22m
[2m     [90m     |[39m                     [31m[1m^[22m[2m[39m[22m
[2m     [90m 570 |[39m         code[33m:[39m [32m'CIRCULAR'[39m[33m,[39m[22m
[2m     [90m 571 |[39m         data[33m:[39m circular[22m
[2m     [90m 572 |[39m       })[33m;[39m[0m[22m
[2m[22m
[2m      [2mat Object.<anonymous> ([22m[2m[0m[36mtests/unit/lib/errors/base-error.test.ts[39m[0m[2m:569:21)[22m[2m[22m

[1m[31m  [1m● [22m[1mMastraBaseError › Edge cases and error boundaries › should handle very long error messages[39m[22m

    TypeError: base_error_1.MastraBaseError is not a constructor
[2m[22m
[2m    [0m [90m 578 |[39m     it([32m'should handle very long error messages'[39m[33m,[39m () [33m=>[39m {[22m
[2m     [90m 579 |[39m       [36mconst[39m longMessage [33m=[39m [32m'A'[39m[33m.[39mrepeat([35m10000[39m)[33m;[39m[22m
[2m    [31m[1m>[22m[2m[39m[90m 580 |[39m       [36mconst[39m error [33m=[39m [36mnew[39m [33mMastraBaseError[39m(longMessage[33m,[39m {[22m
[2m     [90m     |[39m                     [31m[1m^[22m[2m[39m[22m
[2m     [90m 581 |[39m         code[33m:[39m [32m'LONG_MESSAGE'[39m[22m
[2m     [90m 582 |[39m       })[33m;[39m[22m
[2m     [90m 583 |[39m[0m[22m
[2m[22m
[2m      [2mat Object.<anonymous> ([22m[2m[0m[36mtests/unit/lib/errors/base-error.test.ts[39m[0m[2m:580:21)[22m[2m[22m

[1m[31m  [1m● [22m[1mMastraBaseError › Edge cases and error boundaries › should handle special characters in error messages[39m[22m

    TypeError: base_error_1.MastraBaseError is not a constructor
[2m[22m
[2m    [0m [90m 588 |[39m     it([32m'should handle special characters in error messages'[39m[33m,[39m () [33m=>[39m {[22m
[2m     [90m 589 |[39m       [36mconst[39m specialMessage [33m=[39m [32m'Error with \n newlines \t tabs and "quotes" and \'quotes\''[39m[33m;[39m[22m
[2m    [31m[1m>[22m[2m[39m[90m 590 |[39m       [36mconst[39m error [33m=[39m [36mnew[39m [33mMastraBaseError[39m(specialMessage[33m,[39m {[22m
[2m     [90m     |[39m                     [31m[1m^[22m[2m[39m[22m
[2m     [90m 591 |[39m         code[33m:[39m [32m'SPECIAL_CHARS'[39m[22m
[2m     [90m 592 |[39m       })[33m;[39m[22m
[2m     [90m 593 |[39m[0m[22m
[2m[22m
[2m      [2mat Object.<anonymous> ([22m[2m[0m[36mtests/unit/lib/errors/base-error.test.ts[39m[0m[2m:590:21)[22m[2m[22m

[1m[31m  [1m● [22m[1mMastraBaseError › Custom error name handling › should allow custom error names[39m[22m

    TypeError: base_error_1.MastraBaseError is not a constructor
[2m[22m
[2m    [0m [90m 600 |[39m   describe([32m'Custom error name handling'[39m[33m,[39m () [33m=>[39m {[22m
[2m     [90m 601 |[39m     it([32m'should allow custom error names'[39m[33m,[39m () [33m=>[39m {[22m
[2m    [31m[1m>[22m[2m[39m[90m 602 |[39m       [36mconst[39m error [33m=[39m [36mnew[39m [33mMastraBaseError[39m([32m'Custom named error'[39m[33m,[39m {[22m
[2m     [90m     |[39m                     [31m[1m^[22m[2m[39m[22m
[2m     [90m 603 |[39m         name[33m:[39m [32m'CustomErrorType'[39m[33m,[39m[22m
[2m     [90m 604 |[39m         code[33m:[39m [32m'CUSTOM'[39m[22m
[2m     [90m 605 |[39m       })[33m;[39m[0m[22m
[2m[22m
[2m      [2mat Object.<anonymous> ([22m[2m[0m[36mtests/unit/lib/errors/base-error.test.ts[39m[0m[2m:602:21)[22m[2m[22m

[1m[31m  [1m● [22m[1mMastraBaseError › Custom error name handling › should use class name if no custom name provided[39m[22m

    TypeError: base_error_1.MastraBaseError is not a constructor
[2m[22m
[2m    [0m [90m 610 |[39m[22m
[2m     [90m 611 |[39m     it([32m'should use class name if no custom name provided'[39m[33m,[39m () [33m=>[39m {[22m
[2m    [31m[1m>[22m[2m[39m[90m 612 |[39m       [36mconst[39m baseError [33m=[39m [36mnew[39m [33mMastraBaseError[39m([32m'Base'[39m[33m,[39m { code[33m:[39m [32m'BASE'[39m })[33m;[39m[22m
[2m     [90m     |[39m                         [31m[1m^[22m[2m[39m[22m
[2m     [90m 613 |[39m       [36mconst[39m apiError [33m=[39m [36mnew[39m [33mApiError[39m([32m'API'[39m[33m,[39m [35m500[39m)[33m;[39m[22m
[2m     [90m 614 |[39m       [36mconst[39m agentError [33m=[39m [36mnew[39m [33mAgentError[39m([32m'Agent'[39m[33m,[39m [32m'Test'[39m)[33m;[39m[22m
[2m     [90m 615 |[39m[0m[22m
[2m[22m
[2m      [2mat Object.<anonymous> ([22m[2m[0m[36mtests/unit/lib/errors/base-error.test.ts[39m[0m[2m:612:25)[22m[2m[22m

[0m[7m[1m[31m FAIL [39m[22m[27m[0m [0m[7m[37m unit [39m[27m[0m [2mtests/unit/lib/utils/[22m[1mui-event-dispatcher.test.ts[22m
  [1m● [22mConsole

    [2m[31mconsole.error[39m[22m
[31m      [2025-06-23T05:26:01.239Z] [ERROR] [test] [UIEventDispatcher] Error in event listener {"type":"proposal:error","error":"Listener error"} undefined[39m
[2m[22m
[2m    [0m [90m 159 |[39m         [36mbreak[39m[33m;[39m[22m
[2m     [90m 160 |[39m       [36mcase[39m [32m'error'[39m[33m:[39m[22m
[2m    [31m[1m>[22m[2m[39m[90m 161 |[39m         console[33m.[39merror(formatted[33m,[39m errorObj)[33m;[39m[22m
[2m     [90m     |[39m                 [31m[1m^[22m[2m[39m[22m
[2m     [90m 162 |[39m         [36mbreak[39m[33m;[39m[22m
[2m     [90m 163 |[39m     }[22m
[2m     [90m 164 |[39m   }[0m[22m
[2m[22m
[2m      [2mat [22m[2mnode_modules/@jest/environment-jsdom-abstract/node_modules/jest-mock/build/index.js[2m:305:39[22m[2m[22m
[2m      [2mat ConsoleTransport.log ([22m[2mlib/utils/logger.ts[2m:161:17)[22m[2m[22m
[2m      [2mat [22m[2mlib/utils/logger.ts[2m:294:19[22m[2m[22m
[2m          at Array.forEach (<anonymous>)[22m
[2m      [2mat Logger.logToTransports ([22m[2mlib/utils/logger.ts[2m:292:21)[22m[2m[22m
[2m      [2mat Logger.error ([22m[2mlib/utils/logger.ts[2m:333:10)[22m[2m[22m
[2m      [2mat [22m[2mlib/utils/ui-event-dispatcher.ts[2m:84:16[22m[2m[22m
[2m          at Array.forEach (<anonymous>)[22m
[2m      [2mat UIEventDispatcher.dispatch ([22m[2mlib/utils/ui-event-dispatcher.ts[2m:80:15)[22m[2m[22m
[2m      [2mat Object.<anonymous> ([22m[2mtests/unit/lib/utils/ui-event-dispatcher.test.ts[2m:138:18)[22m[2m[22m

[1m[31m  [1m● [22m[1mUIEventDispatcher › dispatch › should dispatch event to window in browser environment[39m[22m

    [2mexpect([22m[31mjest.fn()[39m[2m).[22mtoHaveBeenCalled[2m()[22m

    Expected number of calls: >= [32m1[39m
    Received number of calls:    [31m0[39m
[2m[22m
[2m    [0m [90m 100 |[39m       dispatcher[33m.[39mdispatch(event)[33m;[39m[22m
[2m     [90m 101 |[39m[22m
[2m    [31m[1m>[22m[2m[39m[90m 102 |[39m       expect(mockWindow[33m.[39mdispatchEvent)[33m.[39mtoHaveBeenCalled()[33m;[39m[22m
[2m     [90m     |[39m                                        [31m[1m^[22m[2m[39m[22m
[2m     [90m 103 |[39m       [36mconst[39m dispatchedEvent [33m=[39m mockWindow[33m.[39mdispatchEvent[33m.[39mmock[33m.[39mcalls[[35m0[39m][[35m0[39m][33m;[39m[22m
[2m     [90m 104 |[39m       expect(dispatchedEvent[33m.[39mtype)[33m.[39mtoBe([32m'proposal:generated'[39m)[33m;[39m[22m
[2m     [90m 105 |[39m       expect(dispatchedEvent[33m.[39mdetail)[33m.[39mtoEqual({ proposalGroup[33m:[39m { proposals[33m:[39m [] } })[33m;[39m[0m[22m
[2m[22m
[2m      [2mat Object.<anonymous> ([22m[2m[0m[36mtests/unit/lib/utils/ui-event-dispatcher.test.ts[39m[0m[2m:102:40)[22m[2m[22m

[1m[31m  [1m● [22m[1mUIEventDispatcher › dispatchBatch › should dispatch multiple events in batch[39m[22m

    [2mexpect([22m[31mjest.fn()[39m[2m).[22mtoHaveBeenCalled[2m()[22m

    Expected number of calls: >= [32m1[39m
    Received number of calls:    [31m0[39m
[2m[22m
[2m    [0m [90m 169 |[39m       dispatcher[33m.[39mdispatchBatch(events)[33m;[39m[22m
[2m     [90m 170 |[39m[22m
[2m    [31m[1m>[22m[2m[39m[90m 171 |[39m       expect(mockWindow[33m.[39mrequestAnimationFrame)[33m.[39mtoHaveBeenCalled()[33m;[39m[22m
[2m     [90m     |[39m                                                [31m[1m^[22m[2m[39m[22m
[2m     [90m 172 |[39m       expect(mockWindow[33m.[39mdispatchEvent)[33m.[39mtoHaveBeenCalledTimes([35m3[39m)[33m;[39m[22m
[2m     [90m 173 |[39m     })[33m;[39m[22m
[2m     [90m 174 |[39m[0m[22m
[2m[22m
[2m      [2mat Object.<anonymous> ([22m[2m[0m[36mtests/unit/lib/utils/ui-event-dispatcher.test.ts[39m[0m[2m:171:48)[22m[2m[22m

[1m[31m  [1m● [22m[1mUIEventDispatcher › destroy › should remove window event listeners[39m[22m

    [2mexpect([22m[31mjest.fn()[39m[2m).[22mtoHaveBeenCalledTimes[2m([22m[32mexpected[39m[2m)[22m

    Expected number of calls: [32m11[39m
    Received number of calls: [31m0[39m
[2m[22m
[2m    [0m [90m 299 |[39m       ][33m;[39m[22m
[2m     [90m 300 |[39m[22m
[2m    [31m[1m>[22m[2m[39m[90m 301 |[39m       expect(mockWindow[33m.[39mremoveEventListener)[33m.[39mtoHaveBeenCalledTimes(expectedEventTypes[33m.[39mlength)[33m;[39m[22m
[2m     [90m     |[39m                                              [31m[1m^[22m[2m[39m[22m
[2m     [90m 302 |[39m     })[33m;[39m[22m
[2m     [90m 303 |[39m[22m
[2m     [90m 304 |[39m     it([32m'should handle destroy without window'[39m[33m,[39m () [33m=>[39m {[0m[22m
[2m[22m
[2m      [2mat Object.<anonymous> ([22m[2m[0m[36mtests/unit/lib/utils/ui-event-dispatcher.test.ts[39m[0m[2m:301:46)[22m[2m[22m

[1m[31m  [1m● [22m[1mUIEventDispatcher › helper methods › dispatchProposalGenerated › should dispatch proposal generated event[39m[22m

    [2mexpect([22m[31mjest.fn()[39m[2m).[22mtoHaveBeenCalledWith[2m([22m[32m...expected[39m[2m)[22m

    Expected: [32mObjectContaining {"detail": {"proposalGroup": {"proposals": [{"id": "1", "type": "long"}, {"id": "2", "type": "short"}]}}, "type": "proposal:generated"}[39m

    Number of calls: [31m0[39m
[2m[22m
[2m    [0m [90m 322 |[39m         dispatcher[33m.[39mdispatchProposalGenerated(proposalGroup)[33m;[39m[22m
[2m     [90m 323 |[39m[22m
[2m    [31m[1m>[22m[2m[39m[90m 324 |[39m         expect(mockWindow[33m.[39mdispatchEvent)[33m.[39mtoHaveBeenCalledWith([22m
[2m     [90m     |[39m                                          [31m[1m^[22m[2m[39m[22m
[2m     [90m 325 |[39m           expect[33m.[39mobjectContaining({[22m
[2m     [90m 326 |[39m             type[33m:[39m [32m'proposal:generated'[39m[33m,[39m[22m
[2m     [90m 327 |[39m             detail[33m:[39m { proposalGroup }[33m,[39m[0m[22m
[2m[22m
[2m      [2mat Object.<anonymous> ([22m[2m[0m[36mtests/unit/lib/utils/ui-event-dispatcher.test.ts[39m[0m[2m:324:42)[22m[2m[22m

[1m[31m  [1m● [22m[1mUIEventDispatcher › helper methods › dispatchProposalExecution › should dispatch execution event with visualization events[39m[22m

    [2mexpect([22m[31mjest.fn()[39m[2m).[22mtoHaveBeenCalled[2m()[22m

    Expected number of calls: >= [32m1[39m
    Received number of calls:    [31m0[39m
[2m[22m
[2m    [0m [90m 344 |[39m         dispatcher[33m.[39mdispatchProposalExecution(proposal)[33m;[39m[22m
[2m     [90m 345 |[39m[22m
[2m    [31m[1m>[22m[2m[39m[90m 346 |[39m         expect(mockWindow[33m.[39mrequestAnimationFrame)[33m.[39mtoHaveBeenCalled()[33m;[39m[22m
[2m     [90m     |[39m                                                  [31m[1m^[22m[2m[39m[22m
[2m     [90m 347 |[39m         [22m
[2m     [90m 348 |[39m         [90m// Should dispatch 5 events: execute + zone + SL + 2 TPs[39m[22m
[2m     [90m 349 |[39m         expect(mockWindow[33m.[39mdispatchEvent)[33m.[39mtoHaveBeenCalledTimes([35m5[39m)[33m;[39m[0m[22m
[2m[22m
[2m      [2mat Object.<anonymous> ([22m[2m[0m[36mtests/unit/lib/utils/ui-event-dispatcher.test.ts[39m[0m[2m:346:50)[22m[2m[22m

[1m[31m  [1m● [22m[1mUIEventDispatcher › helper methods › dispatchProposalExecution › should handle short direction[39m[22m

    [2mexpect([22m[31mjest.fn()[39m[2m).[22mtoHaveBeenCalledWith[2m([22m[32m...expected[39m[2m)[22m

    Expected: [32mObjectContaining {"detail": ObjectContaining {"color": "rgba(255, 0, 0, 0.2)"}, "type": "chart:drawZone"}[39m

    Number of calls: [31m0[39m
[2m[22m
[2m    [0m [90m 412 |[39m         dispatcher[33m.[39mdispatchProposalExecution(proposal)[33m;[39m[22m
[2m     [90m 413 |[39m[22m
[2m    [31m[1m>[22m[2m[39m[90m 414 |[39m         expect(mockWindow[33m.[39mdispatchEvent)[33m.[39mtoHaveBeenCalledWith([22m
[2m     [90m     |[39m                                          [31m[1m^[22m[2m[39m[22m
[2m     [90m 415 |[39m           expect[33m.[39mobjectContaining({[22m
[2m     [90m 416 |[39m             type[33m:[39m [32m'chart:drawZone'[39m[33m,[39m[22m
[2m     [90m 417 |[39m             detail[33m:[39m expect[33m.[39mobjectContaining({[0m[22m
[2m[22m
[2m      [2mat Object.<anonymous> ([22m[2m[0m[36mtests/unit/lib/utils/ui-event-dispatcher.test.ts[39m[0m[2m:414:42)[22m[2m[22m

[1m[31m  [1m● [22m[1mUIEventDispatcher › helper methods › dispatchProposalExecution › should handle single take profit[39m[22m

    [2mexpect([22m[31mjest.fn()[39m[2m).[22mtoHaveBeenCalledWith[2m([22m[32m...expected[39m[2m)[22m

    Expected: [32mObjectContaining {"detail": ObjectContaining {"label": "TP1", "price": 55000}, "type": "chart:drawLine"}[39m

    Number of calls: [31m0[39m
[2m[22m
[2m    [0m [90m 431 |[39m         dispatcher[33m.[39mdispatchProposalExecution(proposal)[33m;[39m[22m
[2m     [90m 432 |[39m[22m
[2m    [31m[1m>[22m[2m[39m[90m 433 |[39m         expect(mockWindow[33m.[39mdispatchEvent)[33m.[39mtoHaveBeenCalledWith([22m
[2m     [90m     |[39m                                          [31m[1m^[22m[2m[39m[22m
[2m     [90m 434 |[39m           expect[33m.[39mobjectContaining({[22m
[2m     [90m 435 |[39m             type[33m:[39m [32m'chart:drawLine'[39m[33m,[39m[22m
[2m     [90m 436 |[39m             detail[33m:[39m expect[33m.[39mobjectContaining({[0m[22m
[2m[22m
[2m      [2mat Object.<anonymous> ([22m[2m[0m[36mtests/unit/lib/utils/ui-event-dispatcher.test.ts[39m[0m[2m:433:42)[22m[2m[22m

[1m[31m  [1m● [22m[1mUIEventDispatcher › helper methods › dispatchProposalExecution › should handle missing optional fields[39m[22m

    [2mexpect([22m[31mjest.fn()[39m[2m).[22mtoHaveBeenCalledTimes[2m([22m[32mexpected[39m[2m)[22m

    Expected number of calls: [32m1[39m
    Received number of calls: [31m0[39m
[2m[22m
[2m    [0m [90m 448 |[39m[22m
[2m     [90m 449 |[39m         [90m// Should only dispatch the execute event[39m[22m
[2m    [31m[1m>[22m[2m[39m[90m 450 |[39m         expect(mockWindow[33m.[39mdispatchEvent)[33m.[39mtoHaveBeenCalledTimes([35m1[39m)[33m;[39m[22m
[2m     [90m     |[39m                                          [31m[1m^[22m[2m[39m[22m
[2m     [90m 451 |[39m         expect(mockWindow[33m.[39mdispatchEvent)[33m.[39mtoHaveBeenCalledWith([22m
[2m     [90m 452 |[39m           expect[33m.[39mobjectContaining({[22m
[2m     [90m 453 |[39m             type[33m:[39m [32m'proposal:execute'[39m[33m,[39m[0m[22m
[2m[22m
[2m      [2mat Object.<anonymous> ([22m[2m[0m[36mtests/unit/lib/utils/ui-event-dispatcher.test.ts[39m[0m[2m:450:42)[22m[2m[22m

[1m[31m  [1m● [22m[1mUIEventDispatcher › helper methods › checkPriceInEntryZone › should dispatch alert when price enters zone[39m[22m

    [2mexpect([22m[31mjest.fn()[39m[2m).[22mtoHaveBeenCalledWith[2m([22m[32m...expected[39m[2m)[22m

    Expected: [32mObjectContaining {"detail": {"entryZone": {"end": 51000, "start": 50000}, "message": "Price has entered the proposed entry zone", "price": 50500}, "type": "proposal:entryZoneReached"}[39m

    Number of calls: [31m0[39m
[2m[22m
[2m    [0m [90m 464 |[39m         dispatcher[33m.[39mcheckPriceInEntryZone(price[33m,[39m entryZone)[33m;[39m[22m
[2m     [90m 465 |[39m[22m
[2m    [31m[1m>[22m[2m[39m[90m 466 |[39m         expect(mockWindow[33m.[39mdispatchEvent)[33m.[39mtoHaveBeenCalledWith([22m
[2m     [90m     |[39m                                          [31m[1m^[22m[2m[39m[22m
[2m     [90m 467 |[39m           expect[33m.[39mobjectContaining({[22m
[2m     [90m 468 |[39m             type[33m:[39m [32m'proposal:entryZoneReached'[39m[33m,[39m[22m
[2m     [90m 469 |[39m             detail[33m:[39m {[0m[22m
[2m[22m
[2m      [2mat Object.<anonymous> ([22m[2m[0m[36mtests/unit/lib/utils/ui-event-dispatcher.test.ts[39m[0m[2m:466:42)[22m[2m[22m

[1m[31m  [1m● [22m[1mUIEventDispatcher › helper methods › checkPriceInEntryZone › should dispatch when price is at zone boundaries[39m[22m

    [2mexpect([22m[31mjest.fn()[39m[2m).[22mtoHaveBeenCalledTimes[2m([22m[32mexpected[39m[2m)[22m

    Expected number of calls: [32m1[39m
    Received number of calls: [31m0[39m
[2m[22m
[2m    [0m [90m 487 |[39m[22m
[2m     [90m 488 |[39m         dispatcher[33m.[39mcheckPriceInEntryZone([35m50000[39m[33m,[39m entryZone)[33m;[39m[22m
[2m    [31m[1m>[22m[2m[39m[90m 489 |[39m         expect(mockWindow[33m.[39mdispatchEvent)[33m.[39mtoHaveBeenCalledTimes([35m1[39m)[33m;[39m[22m
[2m     [90m     |[39m                                          [31m[1m^[22m[2m[39m[22m
[2m     [90m 490 |[39m[22m
[2m     [90m 491 |[39m         dispatcher[33m.[39mcheckPriceInEntryZone([35m51000[39m[33m,[39m entryZone)[33m;[39m[22m
[2m     [90m 492 |[39m         expect(mockWindow[33m.[39mdispatchEvent)[33m.[39mtoHaveBeenCalledTimes([35m2[39m)[33m;[39m[0m[22m
[2m[22m
[2m      [2mat Object.<anonymous> ([22m[2m[0m[36mtests/unit/lib/utils/ui-event-dispatcher.test.ts[39m[0m[2m:489:42)[22m[2m[22m

[0m[7m[1m[32m PASS [39m[22m[27m[0m [0m[7m[37m unit [39m[27m[0m [2mtests/unit/lib/indicators/[22m[1mrsi.test.ts[22m
[0m[7m[1m[31m FAIL [39m[22m[27m[0m [0m[7m[37m unit [39m[27m[0m [2mtests/unit/lib/analysis/[22m[1mpattern-detector.test.ts[22m
[1m[31m  [1m● [22m[1mPatternDetector › Pattern visualization and metrics › should create proper visualization for head and shoulders[39m[22m

    [2mexpect([22m[31mreceived[39m[2m).[22mtoBeGreaterThan[2m([22m[32mexpected[39m[2m)[22m

    Expected: > [32m0[39m
    Received:   [31m0[39m
[2m[22m
[2m    [0m [90m 495 |[39m       })[33m;[39m[22m
[2m     [90m 496 |[39m       [22m
[2m    [31m[1m>[22m[2m[39m[90m 497 |[39m       expect(patterns[33m.[39mlength)[33m.[39mtoBeGreaterThan([35m0[39m)[33m;[39m[22m
[2m     [90m     |[39m                               [31m[1m^[22m[2m[39m[22m
[2m     [90m 498 |[39m       [36mconst[39m pattern [33m=[39m patterns[[35m0[39m][33m;[39m[22m
[2m     [90m 499 |[39m       expect(pattern[33m?[39m[33m.[39mvisualization)[33m.[39mtoBeDefined()[33m;[39m[22m
[2m     [90m 500 |[39m       expect(pattern[33m?[39m[33m.[39mvisualization[33m.[39mkeyPoints)[33m.[39mtoHaveLength([35m6[39m)[33m;[39m [90m// 5 pattern points + target[39m[0m[22m
[2m[22m
[2m      [2mat Object.<anonymous> ([22m[2m[0m[36mtests/unit/lib/analysis/pattern-detector.test.ts[39m[0m[2m:497:31)[22m[2m[22m

[0m[7m[1m[32m PASS [39m[22m[27m[0m [0m[7m[37m unit [39m[27m[0m [2mtests/unit/lib/security/[22m[1mcsp-middleware.test.ts[22m
[0m[7m[1m[32m PASS [39m[22m[27m[0m [0m[7m[37m unit [39m[27m[0m [2mtests/unit/lib/binance/[22m[1mwebsocket-manager.test.ts[22m
[0m[7m[1m[31m FAIL [39m[22m[27m[0m [0m[7m[37m unit [39m[27m[0m [2mtests/unit/lib/monitoring/[22m[1mmetrics.test.ts[22m
[1m[31m  [1m● [22m[1mMetricsCollector › Metric Registration › should register a new metric[39m[22m

    TypeError: Cannot read properties of undefined (reading 'reset')
[2m[22m
[2m    [0m [90m 16 |[39m     jest[33m.[39mclearAllMocks()[33m;[39m[22m
[2m     [90m 17 |[39m     [90m// Reset all metrics[39m[22m
[2m    [31m[1m>[22m[2m[39m[90m 18 |[39m     metricsCollector[33m.[39mreset()[33m;[39m[22m
[2m     [90m    |[39m                      [31m[1m^[22m[2m[39m[22m
[2m     [90m 19 |[39m   })[33m;[39m[22m
[2m     [90m 20 |[39m[22m
[2m     [90m 21 |[39m   describe([32m'Metric Registration'[39m[33m,[39m () [33m=>[39m {[0m[22m
[2m[22m
[2m      [2mat Object.<anonymous> ([22m[2m[0m[36mtests/unit/lib/monitoring/metrics.test.ts[39m[0m[2m:18:22)[22m[2m[22m

[1m[31m  [1m● [22m[1mMetricsCollector › Metric Registration › should initialize with default metrics[39m[22m

    TypeError: Cannot read properties of undefined (reading 'reset')
[2m[22m
[2m    [0m [90m 16 |[39m     jest[33m.[39mclearAllMocks()[33m;[39m[22m
[2m     [90m 17 |[39m     [90m// Reset all metrics[39m[22m
[2m    [31m[1m>[22m[2m[39m[90m 18 |[39m     metricsCollector[33m.[39mreset()[33m;[39m[22m
[2m     [90m    |[39m                      [31m[1m^[22m[2m[39m[22m
[2m     [90m 19 |[39m   })[33m;[39m[22m
[2m     [90m 20 |[39m[22m
[2m     [90m 21 |[39m   describe([32m'Metric Registration'[39m[33m,[39m () [33m=>[39m {[0m[22m
[2m[22m
[2m      [2mat Object.<anonymous> ([22m[2m[0m[36mtests/unit/lib/monitoring/metrics.test.ts[39m[0m[2m:18:22)[22m[2m[22m

[1m[31m  [1m● [22m[1mMetricsCollector › Counter Operations › should increment counter metric[39m[22m

    TypeError: Cannot read properties of undefined (reading 'reset')
[2m[22m
[2m    [0m [90m 16 |[39m     jest[33m.[39mclearAllMocks()[33m;[39m[22m
[2m     [90m 17 |[39m     [90m// Reset all metrics[39m[22m
[2m    [31m[1m>[22m[2m[39m[90m 18 |[39m     metricsCollector[33m.[39mreset()[33m;[39m[22m
[2m     [90m    |[39m                      [31m[1m^[22m[2m[39m[22m
[2m     [90m 19 |[39m   })[33m;[39m[22m
[2m     [90m 20 |[39m[22m
[2m     [90m 21 |[39m   describe([32m'Metric Registration'[39m[33m,[39m () [33m=>[39m {[0m[22m
[2m[22m
[2m      [2mat Object.<anonymous> ([22m[2m[0m[36mtests/unit/lib/monitoring/metrics.test.ts[39m[0m[2m:18:22)[22m[2m[22m

[1m[31m  [1m● [22m[1mMetricsCollector › Counter Operations › should increment counter by custom value[39m[22m

    TypeError: Cannot read properties of undefined (reading 'reset')
[2m[22m
[2m    [0m [90m 16 |[39m     jest[33m.[39mclearAllMocks()[33m;[39m[22m
[2m     [90m 17 |[39m     [90m// Reset all metrics[39m[22m
[2m    [31m[1m>[22m[2m[39m[90m 18 |[39m     metricsCollector[33m.[39mreset()[33m;[39m[22m
[2m     [90m    |[39m                      [31m[1m^[22m[2m[39m[22m
[2m     [90m 19 |[39m   })[33m;[39m[22m
[2m     [90m 20 |[39m[22m
[2m     [90m 21 |[39m   describe([32m'Metric Registration'[39m[33m,[39m () [33m=>[39m {[0m[22m
[2m[22m
[2m      [2mat Object.<anonymous> ([22m[2m[0m[36mtests/unit/lib/monitoring/metrics.test.ts[39m[0m[2m:18:22)[22m[2m[22m

[1m[31m  [1m● [22m[1mMetricsCollector › Counter Operations › should accumulate increments[39m[22m

    TypeError: Cannot read properties of undefined (reading 'reset')
[2m[22m
[2m    [0m [90m 16 |[39m     jest[33m.[39mclearAllMocks()[33m;[39m[22m
[2m     [90m 17 |[39m     [90m// Reset all metrics[39m[22m
[2m    [31m[1m>[22m[2m[39m[90m 18 |[39m     metricsCollector[33m.[39mreset()[33m;[39m[22m
[2m     [90m    |[39m                      [31m[1m^[22m[2m[39m[22m
[2m     [90m 19 |[39m   })[33m;[39m[22m
[2m     [90m 20 |[39m[22m
[2m     [90m 21 |[39m   describe([32m'Metric Registration'[39m[33m,[39m () [33m=>[39m {[0m[22m
[2m[22m
[2m      [2mat Object.<anonymous> ([22m[2m[0m[36mtests/unit/lib/monitoring/metrics.test.ts[39m[0m[2m:18:22)[22m[2m[22m

[1m[31m  [1m● [22m[1mMetricsCollector › Counter Operations › should warn when incrementing unknown metric[39m[22m

    TypeError: Cannot read properties of undefined (reading 'reset')
[2m[22m
[2m    [0m [90m 16 |[39m     jest[33m.[39mclearAllMocks()[33m;[39m[22m
[2m     [90m 17 |[39m     [90m// Reset all metrics[39m[22m
[2m    [31m[1m>[22m[2m[39m[90m 18 |[39m     metricsCollector[33m.[39mreset()[33m;[39m[22m
[2m     [90m    |[39m                      [31m[1m^[22m[2m[39m[22m
[2m     [90m 19 |[39m   })[33m;[39m[22m
[2m     [90m 20 |[39m[22m
[2m     [90m 21 |[39m   describe([32m'Metric Registration'[39m[33m,[39m () [33m=>[39m {[0m[22m
[2m[22m
[2m      [2mat Object.<anonymous> ([22m[2m[0m[36mtests/unit/lib/monitoring/metrics.test.ts[39m[0m[2m:18:22)[22m[2m[22m

[1m[31m  [1m● [22m[1mMetricsCollector › Counter Operations › should warn when incrementing non-counter metric[39m[22m

    TypeError: Cannot read properties of undefined (reading 'reset')
[2m[22m
[2m    [0m [90m 16 |[39m     jest[33m.[39mclearAllMocks()[33m;[39m[22m
[2m     [90m 17 |[39m     [90m// Reset all metrics[39m[22m
[2m    [31m[1m>[22m[2m[39m[90m 18 |[39m     metricsCollector[33m.[39mreset()[33m;[39m[22m
[2m     [90m    |[39m                      [31m[1m^[22m[2m[39m[22m
[2m     [90m 19 |[39m   })[33m;[39m[22m
[2m     [90m 20 |[39m[22m
[2m     [90m 21 |[39m   describe([32m'Metric Registration'[39m[33m,[39m () [33m=>[39m {[0m[22m
[2m[22m
[2m      [2mat Object.<anonymous> ([22m[2m[0m[36mtests/unit/lib/monitoring/metrics.test.ts[39m[0m[2m:18:22)[22m[2m[22m

[1m[31m  [1m● [22m[1mMetricsCollector › Gauge Operations › should set gauge metric value[39m[22m

    TypeError: Cannot read properties of undefined (reading 'reset')
[2m[22m
[2m    [0m [90m 16 |[39m     jest[33m.[39mclearAllMocks()[33m;[39m[22m
[2m     [90m 17 |[39m     [90m// Reset all metrics[39m[22m
[2m    [31m[1m>[22m[2m[39m[90m 18 |[39m     metricsCollector[33m.[39mreset()[33m;[39m[22m
[2m     [90m    |[39m                      [31m[1m^[22m[2m[39m[22m
[2m     [90m 19 |[39m   })[33m;[39m[22m
[2m     [90m 20 |[39m[22m
[2m     [90m 21 |[39m   describe([32m'Metric Registration'[39m[33m,[39m () [33m=>[39m {[0m[22m
[2m[22m
[2m      [2mat Object.<anonymous> ([22m[2m[0m[36mtests/unit/lib/monitoring/metrics.test.ts[39m[0m[2m:18:22)[22m[2m[22m

[1m[31m  [1m● [22m[1mMetricsCollector › Gauge Operations › should overwrite gauge value[39m[22m

    TypeError: Cannot read properties of undefined (reading 'reset')
[2m[22m
[2m    [0m [90m 16 |[39m     jest[33m.[39mclearAllMocks()[33m;[39m[22m
[2m     [90m 17 |[39m     [90m// Reset all metrics[39m[22m
[2m    [31m[1m>[22m[2m[39m[90m 18 |[39m     metricsCollector[33m.[39mreset()[33m;[39m[22m
[2m     [90m    |[39m                      [31m[1m^[22m[2m[39m[22m
[2m     [90m 19 |[39m   })[33m;[39m[22m
[2m     [90m 20 |[39m[22m
[2m     [90m 21 |[39m   describe([32m'Metric Registration'[39m[33m,[39m () [33m=>[39m {[0m[22m
[2m[22m
[2m      [2mat Object.<anonymous> ([22m[2m[0m[36mtests/unit/lib/monitoring/metrics.test.ts[39m[0m[2m:18:22)[22m[2m[22m

[1m[31m  [1m● [22m[1mMetricsCollector › Gauge Operations › should warn when setting unknown metric[39m[22m

    TypeError: Cannot read properties of undefined (reading 'reset')
[2m[22m
[2m    [0m [90m 16 |[39m     jest[33m.[39mclearAllMocks()[33m;[39m[22m
[2m     [90m 17 |[39m     [90m// Reset all metrics[39m[22m
[2m    [31m[1m>[22m[2m[39m[90m 18 |[39m     metricsCollector[33m.[39mreset()[33m;[39m[22m
[2m     [90m    |[39m                      [31m[1m^[22m[2m[39m[22m
[2m     [90m 19 |[39m   })[33m;[39m[22m
[2m     [90m 20 |[39m[22m
[2m     [90m 21 |[39m   describe([32m'Metric Registration'[39m[33m,[39m () [33m=>[39m {[0m[22m
[2m[22m
[2m      [2mat Object.<anonymous> ([22m[2m[0m[36mtests/unit/lib/monitoring/metrics.test.ts[39m[0m[2m:18:22)[22m[2m[22m

[1m[31m  [1m● [22m[1mMetricsCollector › Gauge Operations › should allow setting counter values[39m[22m

    TypeError: Cannot read properties of undefined (reading 'reset')
[2m[22m
[2m    [0m [90m 16 |[39m     jest[33m.[39mclearAllMocks()[33m;[39m[22m
[2m     [90m 17 |[39m     [90m// Reset all metrics[39m[22m
[2m    [31m[1m>[22m[2m[39m[90m 18 |[39m     metricsCollector[33m.[39mreset()[33m;[39m[22m
[2m     [90m    |[39m                      [31m[1m^[22m[2m[39m[22m
[2m     [90m 19 |[39m   })[33m;[39m[22m
[2m     [90m 20 |[39m[22m
[2m     [90m 21 |[39m   describe([32m'Metric Registration'[39m[33m,[39m () [33m=>[39m {[0m[22m
[2m[22m
[2m      [2mat Object.<anonymous> ([22m[2m[0m[36mtests/unit/lib/monitoring/metrics.test.ts[39m[0m[2m:18:22)[22m[2m[22m

[1m[31m  [1m● [22m[1mMetricsCollector › Histogram Operations › should observe histogram values[39m[22m

    TypeError: Cannot read properties of undefined (reading 'reset')
[2m[22m
[2m    [0m [90m 16 |[39m     jest[33m.[39mclearAllMocks()[33m;[39m[22m
[2m     [90m 17 |[39m     [90m// Reset all metrics[39m[22m
[2m    [31m[1m>[22m[2m[39m[90m 18 |[39m     metricsCollector[33m.[39mreset()[33m;[39m[22m
[2m     [90m    |[39m                      [31m[1m^[22m[2m[39m[22m
[2m     [90m 19 |[39m   })[33m;[39m[22m
[2m     [90m 20 |[39m[22m
[2m     [90m 21 |[39m   describe([32m'Metric Registration'[39m[33m,[39m () [33m=>[39m {[0m[22m
[2m[22m
[2m      [2mat Object.<anonymous> ([22m[2m[0m[36mtests/unit/lib/monitoring/metrics.test.ts[39m[0m[2m:18:22)[22m[2m[22m

[1m[31m  [1m● [22m[1mMetricsCollector › Histogram Operations › should update histogram with latest observation[39m[22m

    TypeError: Cannot read properties of undefined (reading 'reset')
[2m[22m
[2m    [0m [90m 16 |[39m     jest[33m.[39mclearAllMocks()[33m;[39m[22m
[2m     [90m 17 |[39m     [90m// Reset all metrics[39m[22m
[2m    [31m[1m>[22m[2m[39m[90m 18 |[39m     metricsCollector[33m.[39mreset()[33m;[39m[22m
[2m     [90m    |[39m                      [31m[1m^[22m[2m[39m[22m
[2m     [90m 19 |[39m   })[33m;[39m[22m
[2m     [90m 20 |[39m[22m
[2m     [90m 21 |[39m   describe([32m'Metric Registration'[39m[33m,[39m () [33m=>[39m {[0m[22m
[2m[22m
[2m      [2mat Object.<anonymous> ([22m[2m[0m[36mtests/unit/lib/monitoring/metrics.test.ts[39m[0m[2m:18:22)[22m[2m[22m

[1m[31m  [1m● [22m[1mMetricsCollector › Histogram Operations › should warn when observing unknown metric[39m[22m

    TypeError: Cannot read properties of undefined (reading 'reset')
[2m[22m
[2m    [0m [90m 16 |[39m     jest[33m.[39mclearAllMocks()[33m;[39m[22m
[2m     [90m 17 |[39m     [90m// Reset all metrics[39m[22m
[2m    [31m[1m>[22m[2m[39m[90m 18 |[39m     metricsCollector[33m.[39mreset()[33m;[39m[22m
[2m     [90m    |[39m                      [31m[1m^[22m[2m[39m[22m
[2m     [90m 19 |[39m   })[33m;[39m[22m
[2m     [90m 20 |[39m[22m
[2m     [90m 21 |[39m   describe([32m'Metric Registration'[39m[33m,[39m () [33m=>[39m {[0m[22m
[2m[22m
[2m      [2mat Object.<anonymous> ([22m[2m[0m[36mtests/unit/lib/monitoring/metrics.test.ts[39m[0m[2m:18:22)[22m[2m[22m

[1m[31m  [1m● [22m[1mMetricsCollector › Histogram Operations › should warn when observing non-histogram metric[39m[22m

    TypeError: Cannot read properties of undefined (reading 'reset')
[2m[22m
[2m    [0m [90m 16 |[39m     jest[33m.[39mclearAllMocks()[33m;[39m[22m
[2m     [90m 17 |[39m     [90m// Reset all metrics[39m[22m
[2m    [31m[1m>[22m[2m[39m[90m 18 |[39m     metricsCollector[33m.[39mreset()[33m;[39m[22m
[2m     [90m    |[39m                      [31m[1m^[22m[2m[39m[22m
[2m     [90m 19 |[39m   })[33m;[39m[22m
[2m     [90m 20 |[39m[22m
[2m     [90m 21 |[39m   describe([32m'Metric Registration'[39m[33m,[39m () [33m=>[39m {[0m[22m
[2m[22m
[2m      [2mat Object.<anonymous> ([22m[2m[0m[36mtests/unit/lib/monitoring/metrics.test.ts[39m[0m[2m:18:22)[22m[2m[22m

[1m[31m  [1m● [22m[1mMetricsCollector › Prometheus Export › should export metrics in Prometheus format[39m[22m

    TypeError: Cannot read properties of undefined (reading 'reset')
[2m[22m
[2m    [0m [90m 16 |[39m     jest[33m.[39mclearAllMocks()[33m;[39m[22m
[2m     [90m 17 |[39m     [90m// Reset all metrics[39m[22m
[2m    [31m[1m>[22m[2m[39m[90m 18 |[39m     metricsCollector[33m.[39mreset()[33m;[39m[22m
[2m     [90m    |[39m                      [31m[1m^[22m[2m[39m[22m
[2m     [90m 19 |[39m   })[33m;[39m[22m
[2m     [90m 20 |[39m[22m
[2m     [90m 21 |[39m   describe([32m'Metric Registration'[39m[33m,[39m () [33m=>[39m {[0m[22m
[2m[22m
[2m      [2mat Object.<anonymous> ([22m[2m[0m[36mtests/unit/lib/monitoring/metrics.test.ts[39m[0m[2m:18:22)[22m[2m[22m

[1m[31m  [1m● [22m[1mMetricsCollector › Prometheus Export › should handle empty metrics gracefully[39m[22m

    TypeError: Cannot read properties of undefined (reading 'reset')
[2m[22m
[2m    [0m [90m 16 |[39m     jest[33m.[39mclearAllMocks()[33m;[39m[22m
[2m     [90m 17 |[39m     [90m// Reset all metrics[39m[22m
[2m    [31m[1m>[22m[2m[39m[90m 18 |[39m     metricsCollector[33m.[39mreset()[33m;[39m[22m
[2m     [90m    |[39m                      [31m[1m^[22m[2m[39m[22m
[2m     [90m 19 |[39m   })[33m;[39m[22m
[2m     [90m 20 |[39m[22m
[2m     [90m 21 |[39m   describe([32m'Metric Registration'[39m[33m,[39m () [33m=>[39m {[0m[22m
[2m[22m
[2m      [2mat Object.<anonymous> ([22m[2m[0m[36mtests/unit/lib/monitoring/metrics.test.ts[39m[0m[2m:18:22)[22m[2m[22m

[1m[31m  [1m● [22m[1mMetricsCollector › Prometheus Export › should include all registered metrics[39m[22m

    TypeError: Cannot read properties of undefined (reading 'reset')
[2m[22m
[2m    [0m [90m 16 |[39m     jest[33m.[39mclearAllMocks()[33m;[39m[22m
[2m     [90m 17 |[39m     [90m// Reset all metrics[39m[22m
[2m    [31m[1m>[22m[2m[39m[90m 18 |[39m     metricsCollector[33m.[39mreset()[33m;[39m[22m
[2m     [90m    |[39m                      [31m[1m^[22m[2m[39m[22m
[2m     [90m 19 |[39m   })[33m;[39m[22m
[2m     [90m 20 |[39m[22m
[2m     [90m 21 |[39m   describe([32m'Metric Registration'[39m[33m,[39m () [33m=>[39m {[0m[22m
[2m[22m
[2m      [2mat Object.<anonymous> ([22m[2m[0m[36mtests/unit/lib/monitoring/metrics.test.ts[39m[0m[2m:18:22)[22m[2m[22m

[1m[31m  [1m● [22m[1mMetricsCollector › JSON Export › should export all metrics as JSON[39m[22m

    TypeError: Cannot read properties of undefined (reading 'reset')
[2m[22m
[2m    [0m [90m 16 |[39m     jest[33m.[39mclearAllMocks()[33m;[39m[22m
[2m     [90m 17 |[39m     [90m// Reset all metrics[39m[22m
[2m    [31m[1m>[22m[2m[39m[90m 18 |[39m     metricsCollector[33m.[39mreset()[33m;[39m[22m
[2m     [90m    |[39m                      [31m[1m^[22m[2m[39m[22m
[2m     [90m 19 |[39m   })[33m;[39m[22m
[2m     [90m 20 |[39m[22m
[2m     [90m 21 |[39m   describe([32m'Metric Registration'[39m[33m,[39m () [33m=>[39m {[0m[22m
[2m[22m
[2m      [2mat Object.<anonymous> ([22m[2m[0m[36mtests/unit/lib/monitoring/metrics.test.ts[39m[0m[2m:18:22)[22m[2m[22m

[1m[31m  [1m● [22m[1mMetricsCollector › JSON Export › should include all metric metadata[39m[22m

    TypeError: Cannot read properties of undefined (reading 'reset')
[2m[22m
[2m    [0m [90m 16 |[39m     jest[33m.[39mclearAllMocks()[33m;[39m[22m
[2m     [90m 17 |[39m     [90m// Reset all metrics[39m[22m
[2m    [31m[1m>[22m[2m[39m[90m 18 |[39m     metricsCollector[33m.[39mreset()[33m;[39m[22m
[2m     [90m    |[39m                      [31m[1m^[22m[2m[39m[22m
[2m     [90m 19 |[39m   })[33m;[39m[22m
[2m     [90m 20 |[39m[22m
[2m     [90m 21 |[39m   describe([32m'Metric Registration'[39m[33m,[39m () [33m=>[39m {[0m[22m
[2m[22m
[2m      [2mat Object.<anonymous> ([22m[2m[0m[36mtests/unit/lib/monitoring/metrics.test.ts[39m[0m[2m:18:22)[22m[2m[22m

[1m[31m  [1m● [22m[1mMetricsCollector › Reset Functionality › should reset all counters to zero[39m[22m

    TypeError: Cannot read properties of undefined (reading 'reset')
[2m[22m
[2m    [0m [90m 16 |[39m     jest[33m.[39mclearAllMocks()[33m;[39m[22m
[2m     [90m 17 |[39m     [90m// Reset all metrics[39m[22m
[2m    [31m[1m>[22m[2m[39m[90m 18 |[39m     metricsCollector[33m.[39mreset()[33m;[39m[22m
[2m     [90m    |[39m                      [31m[1m^[22m[2m[39m[22m
[2m     [90m 19 |[39m   })[33m;[39m[22m
[2m     [90m 20 |[39m[22m
[2m     [90m 21 |[39m   describe([32m'Metric Registration'[39m[33m,[39m () [33m=>[39m {[0m[22m
[2m[22m
[2m      [2mat Object.<anonymous> ([22m[2m[0m[36mtests/unit/lib/monitoring/metrics.test.ts[39m[0m[2m:18:22)[22m[2m[22m

[1m[31m  [1m● [22m[1mMetricsCollector › Reset Functionality › should log reset action[39m[22m

    TypeError: Cannot read properties of undefined (reading 'reset')
[2m[22m
[2m    [0m [90m 16 |[39m     jest[33m.[39mclearAllMocks()[33m;[39m[22m
[2m     [90m 17 |[39m     [90m// Reset all metrics[39m[22m
[2m    [31m[1m>[22m[2m[39m[90m 18 |[39m     metricsCollector[33m.[39mreset()[33m;[39m[22m
[2m     [90m    |[39m                      [31m[1m^[22m[2m[39m[22m
[2m     [90m 19 |[39m   })[33m;[39m[22m
[2m     [90m 20 |[39m[22m
[2m     [90m 21 |[39m   describe([32m'Metric Registration'[39m[33m,[39m () [33m=>[39m {[0m[22m
[2m[22m
[2m      [2mat Object.<anonymous> ([22m[2m[0m[36mtests/unit/lib/monitoring/metrics.test.ts[39m[0m[2m:18:22)[22m[2m[22m

[1m[31m  [1m● [22m[1mMetricsCollector › Helper Functions › should increment metric using helper[39m[22m

    TypeError: Cannot read properties of undefined (reading 'reset')
[2m[22m
[2m    [0m [90m 16 |[39m     jest[33m.[39mclearAllMocks()[33m;[39m[22m
[2m     [90m 17 |[39m     [90m// Reset all metrics[39m[22m
[2m    [31m[1m>[22m[2m[39m[90m 18 |[39m     metricsCollector[33m.[39mreset()[33m;[39m[22m
[2m     [90m    |[39m                      [31m[1m^[22m[2m[39m[22m
[2m     [90m 19 |[39m   })[33m;[39m[22m
[2m     [90m 20 |[39m[22m
[2m     [90m 21 |[39m   describe([32m'Metric Registration'[39m[33m,[39m () [33m=>[39m {[0m[22m
[2m[22m
[2m      [2mat Object.<anonymous> ([22m[2m[0m[36mtests/unit/lib/monitoring/metrics.test.ts[39m[0m[2m:18:22)[22m[2m[22m

[1m[31m  [1m● [22m[1mMetricsCollector › Helper Functions › should set metric using helper[39m[22m

    TypeError: Cannot read properties of undefined (reading 'reset')
[2m[22m
[2m    [0m [90m 16 |[39m     jest[33m.[39mclearAllMocks()[33m;[39m[22m
[2m     [90m 17 |[39m     [90m// Reset all metrics[39m[22m
[2m    [31m[1m>[22m[2m[39m[90m 18 |[39m     metricsCollector[33m.[39mreset()[33m;[39m[22m
[2m     [90m    |[39m                      [31m[1m^[22m[2m[39m[22m
[2m     [90m 19 |[39m   })[33m;[39m[22m
[2m     [90m 20 |[39m[22m
[2m     [90m 21 |[39m   describe([32m'Metric Registration'[39m[33m,[39m () [33m=>[39m {[0m[22m
[2m[22m
[2m      [2mat Object.<anonymous> ([22m[2m[0m[36mtests/unit/lib/monitoring/metrics.test.ts[39m[0m[2m:18:22)[22m[2m[22m

[1m[31m  [1m● [22m[1mMetricsCollector › Helper Functions › should observe metric using helper[39m[22m

    TypeError: Cannot read properties of undefined (reading 'reset')
[2m[22m
[2m    [0m [90m 16 |[39m     jest[33m.[39mclearAllMocks()[33m;[39m[22m
[2m     [90m 17 |[39m     [90m// Reset all metrics[39m[22m
[2m    [31m[1m>[22m[2m[39m[90m 18 |[39m     metricsCollector[33m.[39mreset()[33m;[39m[22m
[2m     [90m    |[39m                      [31m[1m^[22m[2m[39m[22m
[2m     [90m 19 |[39m   })[33m;[39m[22m
[2m     [90m 20 |[39m[22m
[2m     [90m 21 |[39m   describe([32m'Metric Registration'[39m[33m,[39m () [33m=>[39m {[0m[22m
[2m[22m
[2m      [2mat Object.<anonymous> ([22m[2m[0m[36mtests/unit/lib/monitoring/metrics.test.ts[39m[0m[2m:18:22)[22m[2m[22m

[1m[31m  [1m● [22m[1mMetricsCollector › Real-world Scenarios › should track drawing operation metrics[39m[22m

    TypeError: Cannot read properties of undefined (reading 'reset')
[2m[22m
[2m    [0m [90m 16 |[39m     jest[33m.[39mclearAllMocks()[33m;[39m[22m
[2m     [90m 17 |[39m     [90m// Reset all metrics[39m[22m
[2m    [31m[1m>[22m[2m[39m[90m 18 |[39m     metricsCollector[33m.[39mreset()[33m;[39m[22m
[2m     [90m    |[39m                      [31m[1m^[22m[2m[39m[22m
[2m     [90m 19 |[39m   })[33m;[39m[22m
[2m     [90m 20 |[39m[22m
[2m     [90m 21 |[39m   describe([32m'Metric Registration'[39m[33m,[39m () [33m=>[39m {[0m[22m
[2m[22m
[2m      [2mat Object.<anonymous> ([22m[2m[0m[36mtests/unit/lib/monitoring/metrics.test.ts[39m[0m[2m:18:22)[22m[2m[22m

[1m[31m  [1m● [22m[1mMetricsCollector › Real-world Scenarios › should track market data operations[39m[22m

    TypeError: Cannot read properties of undefined (reading 'reset')
[2m[22m
[2m    [0m [90m 16 |[39m     jest[33m.[39mclearAllMocks()[33m;[39m[22m
[2m     [90m 17 |[39m     [90m// Reset all metrics[39m[22m
[2m    [31m[1m>[22m[2m[39m[90m 18 |[39m     metricsCollector[33m.[39mreset()[33m;[39m[22m
[2m     [90m    |[39m                      [31m[1m^[22m[2m[39m[22m
[2m     [90m 19 |[39m   })[33m;[39m[22m
[2m     [90m 20 |[39m[22m
[2m     [90m 21 |[39m   describe([32m'Metric Registration'[39m[33m,[39m () [33m=>[39m {[0m[22m
[2m[22m
[2m      [2mat Object.<anonymous> ([22m[2m[0m[36mtests/unit/lib/monitoring/metrics.test.ts[39m[0m[2m:18:22)[22m[2m[22m

[1m[31m  [1m● [22m[1mMetricsCollector › Real-world Scenarios › should handle high-frequency metric updates[39m[22m

    TypeError: Cannot read properties of undefined (reading 'reset')
[2m[22m
[2m    [0m [90m 16 |[39m     jest[33m.[39mclearAllMocks()[33m;[39m[22m
[2m     [90m 17 |[39m     [90m// Reset all metrics[39m[22m
[2m    [31m[1m>[22m[2m[39m[90m 18 |[39m     metricsCollector[33m.[39mreset()[33m;[39m[22m
[2m     [90m    |[39m                      [31m[1m^[22m[2m[39m[22m
[2m     [90m 19 |[39m   })[33m;[39m[22m
[2m     [90m 20 |[39m[22m
[2m     [90m 21 |[39m   describe([32m'Metric Registration'[39m[33m,[39m () [33m=>[39m {[0m[22m
[2m[22m
[2m      [2mat Object.<anonymous> ([22m[2m[0m[36mtests/unit/lib/monitoring/metrics.test.ts[39m[0m[2m:18:22)[22m[2m[22m

[1m[31m  [1m● [22m[1mMetricsCollector › Performance Monitoring › should track operation durations[39m[22m

    TypeError: Cannot read properties of undefined (reading 'reset')
[2m[22m
[2m    [0m [90m 16 |[39m     jest[33m.[39mclearAllMocks()[33m;[39m[22m
[2m     [90m 17 |[39m     [90m// Reset all metrics[39m[22m
[2m    [31m[1m>[22m[2m[39m[90m 18 |[39m     metricsCollector[33m.[39mreset()[33m;[39m[22m
[2m     [90m    |[39m                      [31m[1m^[22m[2m[39m[22m
[2m     [90m 19 |[39m   })[33m;[39m[22m
[2m     [90m 20 |[39m[22m
[2m     [90m 21 |[39m   describe([32m'Metric Registration'[39m[33m,[39m () [33m=>[39m {[0m[22m
[2m[22m
[2m      [2mat Object.<anonymous> ([22m[2m[0m[36mtests/unit/lib/monitoring/metrics.test.ts[39m[0m[2m:18:22)[22m[2m[22m

[1m[31m  [1m● [22m[1mMetricsCollector › Performance Monitoring › should handle concurrent metric updates[39m[22m

    TypeError: Cannot read properties of undefined (reading 'reset')
[2m[22m
[2m    [0m [90m 16 |[39m     jest[33m.[39mclearAllMocks()[33m;[39m[22m
[2m     [90m 17 |[39m     [90m// Reset all metrics[39m[22m
[2m    [31m[1m>[22m[2m[39m[90m 18 |[39m     metricsCollector[33m.[39mreset()[33m;[39m[22m
[2m     [90m    |[39m                      [31m[1m^[22m[2m[39m[22m
[2m     [90m 19 |[39m   })[33m;[39m[22m
[2m     [90m 20 |[39m[22m
[2m     [90m 21 |[39m   describe([32m'Metric Registration'[39m[33m,[39m () [33m=>[39m {[0m[22m
[2m[22m
[2m      [2mat Object.<anonymous> ([22m[2m[0m[36mtests/unit/lib/monitoring/metrics.test.ts[39m[0m[2m:18:22)[22m[2m[22m

[1m[31m  [1m● [22m[1mMetricsCollector › Error Handling › should handle invalid metric names gracefully[39m[22m

    TypeError: Cannot read properties of undefined (reading 'reset')
[2m[22m
[2m    [0m [90m 16 |[39m     jest[33m.[39mclearAllMocks()[33m;[39m[22m
[2m     [90m 17 |[39m     [90m// Reset all metrics[39m[22m
[2m    [31m[1m>[22m[2m[39m[90m 18 |[39m     metricsCollector[33m.[39mreset()[33m;[39m[22m
[2m     [90m    |[39m                      [31m[1m^[22m[2m[39m[22m
[2m     [90m 19 |[39m   })[33m;[39m[22m
[2m     [90m 20 |[39m[22m
[2m     [90m 21 |[39m   describe([32m'Metric Registration'[39m[33m,[39m () [33m=>[39m {[0m[22m
[2m[22m
[2m      [2mat Object.<anonymous> ([22m[2m[0m[36mtests/unit/lib/monitoring/metrics.test.ts[39m[0m[2m:18:22)[22m[2m[22m

[1m[31m  [1m● [22m[1mMetricsCollector › Error Handling › should handle invalid values gracefully[39m[22m

    TypeError: Cannot read properties of undefined (reading 'reset')
[2m[22m
[2m    [0m [90m 16 |[39m     jest[33m.[39mclearAllMocks()[33m;[39m[22m
[2m     [90m 17 |[39m     [90m// Reset all metrics[39m[22m
[2m    [31m[1m>[22m[2m[39m[90m 18 |[39m     metricsCollector[33m.[39mreset()[33m;[39m[22m
[2m     [90m    |[39m                      [31m[1m^[22m[2m[39m[22m
[2m     [90m 19 |[39m   })[33m;[39m[22m
[2m     [90m 20 |[39m[22m
[2m     [90m 21 |[39m   describe([32m'Metric Registration'[39m[33m,[39m () [33m=>[39m {[0m[22m
[2m[22m
[2m      [2mat Object.<anonymous> ([22m[2m[0m[36mtests/unit/lib/monitoring/metrics.test.ts[39m[0m[2m:18:22)[22m[2m[22m

[0m[7m[1m[31m FAIL [39m[22m[27m[0m [0m[7m[37m unit [39m[27m[0m [2mtests/unit/lib/mastra/agents/[22m[1morchestrator.agent.test.ts[22m
[1m[31m  [1m● [22m[1mOrchestratorAgent Comprehensive Tests › Intent Analysis › should correctly analyze UI control intent[39m[22m

    [2mexpect([22m[31mreceived[39m[2m).[22mtoBe[2m([22m[32mexpected[39m[2m) // Object.is equality[22m

    Expected: [32m"proposal_request"[39m
    Received: [31m"ui_control"[39m
[2m[22m
[2m    [0m [90m 279 |[39m       testCases[33m.[39mforEach(({ query[33m,[39m intent }) [33m=>[39m {[22m
[2m     [90m 280 |[39m         [36mconst[39m result [33m=[39m analyzeUserIntent(query)[33m;[39m[22m
[2m    [31m[1m>[22m[2m[39m[90m 281 |[39m         expect(result[33m.[39mintent)[33m.[39mtoBe(intent)[33m;[39m[22m
[2m     [90m     |[39m                               [31m[1m^[22m[2m[39m[22m
[2m     [90m 282 |[39m         expect(result[33m.[39mconfidence)[33m.[39mtoBeGreaterThan([35m0.8[39m)[33m;[39m[22m
[2m     [90m 283 |[39m       })[33m;[39m[22m
[2m     [90m 284 |[39m     })[33m;[39m[0m[22m
[2m[22m
[2m      [2mat [22m[2m[0m[36mtests/unit/lib/mastra/agents/orchestrator.agent.test.ts[39m[0m[2m:281:31[22m[2m[22m
[2m          at Array.forEach (<anonymous>)[22m
[2m      [2mat Object.<anonymous> ([22m[2m[0m[36mtests/unit/lib/mastra/agents/orchestrator.agent.test.ts[39m[0m[2m:279:17)[22m[2m[22m

[1m[31m  [1m● [22m[1mOrchestratorAgent Comprehensive Tests › Intent Analysis › should correctly analyze conversational intents[39m[22m

    [2mexpect([22m[31mreceived[39m[2m).[22mtoBe[2m([22m[32mexpected[39m[2m) // Object.is equality[22m

    Expected: [32m"market_chat"[39m
    Received: [31m"trading_analysis"[39m
[2m[22m
[2m    [0m [90m 310 |[39m       testCases[33m.[39mforEach(({ query[33m,[39m intent }) [33m=>[39m {[22m
[2m     [90m 311 |[39m         [36mconst[39m result [33m=[39m analyzeUserIntent(query)[33m;[39m[22m
[2m    [31m[1m>[22m[2m[39m[90m 312 |[39m         expect(result[33m.[39mintent)[33m.[39mtoBe(intent)[33m;[39m[22m
[2m     [90m     |[39m                               [31m[1m^[22m[2m[39m[22m
[2m     [90m 313 |[39m         expect(result[33m.[39mconfidence)[33m.[39mtoBeGreaterThan([35m0.7[39m)[33m;[39m[22m
[2m     [90m 314 |[39m       })[33m;[39m[22m
[2m     [90m 315 |[39m     })[33m;[39m[0m[22m
[2m[22m
[2m      [2mat [22m[2m[0m[36mtests/unit/lib/mastra/agents/orchestrator.agent.test.ts[39m[0m[2m:312:31[22m[2m[22m
[2m          at Array.forEach (<anonymous>)[22m
[2m      [2mat Object.<anonymous> ([22m[2m[0m[36mtests/unit/lib/mastra/agents/orchestrator.agent.test.ts[39m[0m[2m:310:17)[22m[2m[22m

[1m[31m  [1m● [22m[1mOrchestratorAgent Comprehensive Tests › Message Processing with executeImprovedOrchestrator › should process simple price inquiry[39m[22m

    [2mexpect([22m[31mreceived[39m[2m).[22mtoBeGreaterThan[2m([22m[32mexpected[39m[2m)[22m

    Expected: > [32m0[39m
    Received:   [31m0[39m
[2m[22m
[2m    [0m [90m 339 |[39m       expect(result[33m.[39manalysis[33m.[39mintent)[33m.[39mtoBe([32m'price_inquiry'[39m)[33m;[39m[22m
[2m     [90m 340 |[39m       expect(result[33m.[39mexecutionResult)[33m.[39mtoBeDefined()[33m;[39m[22m
[2m    [31m[1m>[22m[2m[39m[90m 341 |[39m       expect(result[33m.[39mexecutionTime)[33m.[39mtoBeGreaterThan([35m0[39m)[33m;[39m[22m
[2m     [90m     |[39m                                    [31m[1m^[22m[2m[39m[22m
[2m     [90m 342 |[39m     })[33m;[39m[22m
[2m     [90m 343 |[39m[22m
[2m     [90m 344 |[39m     it([32m'should handle greetings directly without agent delegation'[39m[33m,[39m [36masync[39m () [33m=>[39m {[0m[22m
[2m[22m
[2m      [2mat Object.<anonymous> ([22m[2m[0m[36mtests/unit/lib/mastra/agents/orchestrator.agent.test.ts[39m[0m[2m:341:36)[22m[2m[22m

[1m[31m  [1m● [22m[1mOrchestratorAgent Comprehensive Tests › Message Processing with executeImprovedOrchestrator › should handle session management properly[39m[22m

    [2mexpect([22m[31mjest.fn()[39m[2m).[22mtoHaveBeenCalledWith[2m([22m[32m...expected[39m[2m)[22m

    Expected: [32mObjectContaining {"content": "BTCの価格", "role": "user", "sessionId": Any<String>}[39m

    Number of calls: [31m0[39m
[2m[22m
[2m    [0m [90m 364 |[39m       [22m
[2m     [90m 365 |[39m       [36mconst[39m memoryStore [33m=[39m require([32m'@/lib/store/enhanced-conversation-memory.store'[39m)[33m.[39museEnhancedConversationMemory[33m.[39mgetState()[33m;[39m[22m
[2m    [31m[1m>[22m[2m[39m[90m 366 |[39m       expect(memoryStore[33m.[39maddMessage)[33m.[39mtoHaveBeenCalledWith([22m
[2m     [90m     |[39m                                      [31m[1m^[22m[2m[39m[22m
[2m     [90m 367 |[39m         expect[33m.[39mobjectContaining({[22m
[2m     [90m 368 |[39m           sessionId[33m:[39m expect[33m.[39many([33mString[39m)[33m,[39m[22m
[2m     [90m 369 |[39m           role[33m:[39m [32m'user'[39m[33m,[39m[0m[22m
[2m[22m
[2m      [2mat Object.<anonymous> ([22m[2m[0m[36mtests/unit/lib/mastra/agents/orchestrator.agent.test.ts[39m[0m[2m:366:38)[22m[2m[22m

[1m[31m  [1m● [22m[1mOrchestratorAgent Comprehensive Tests › Message Processing with executeImprovedOrchestrator › should handle trading analysis with proper context[39m[22m

    [2mexpect([22m[31mreceived[39m[2m).[22mtoBe[2m([22m[32mexpected[39m[2m) // Object.is equality[22m

    Expected: [32m"trading_analysis"[39m
    Received: [31m"price_inquiry"[39m
[2m[22m
[2m    [0m [90m 394 |[39m       [22m
[2m     [90m 395 |[39m       expect(result[33m.[39msuccess)[33m.[39mtoBe([36mtrue[39m)[33m;[39m[22m
[2m    [31m[1m>[22m[2m[39m[90m 396 |[39m       expect(result[33m.[39manalysis[33m.[39mintent)[33m.[39mtoBe([32m'trading_analysis'[39m)[33m;[39m[22m
[2m     [90m     |[39m                                      [31m[1m^[22m[2m[39m[22m
[2m     [90m 397 |[39m       expect(result[33m.[39manalysis[33m.[39manalysisDepth)[33m.[39mtoBe([32m'detailed'[39m)[33m;[39m[22m
[2m     [90m 398 |[39m     })[33m;[39m[22m
[2m     [90m 399 |[39m   })[33m;[39m[0m[22m
[2m[22m
[2m      [2mat Object.<anonymous> ([22m[2m[0m[36mtests/unit/lib/mastra/agents/orchestrator.agent.test.ts[39m[0m[2m:396:38)[22m[2m[22m

[1m[31m  [1m● [22m[1mOrchestratorAgent Comprehensive Tests › Error Handling and Fallbacks › should handle memory recall failures[39m[22m

    [2mexpect([22m[31mjest.fn()[39m[2m).[22mtoHaveBeenCalledWith[2m([22m[32m...expected[39m[2m)[22m

    Expected: [32mStringContaining "[Improved Orchestrator]"[39m, [32mObjectContaining {"error": "Memory error"}[39m

    Number of calls: [31m0[39m
[2m[22m
[2m    [0m [90m 422 |[39m       expect(result[33m.[39msuccess)[33m.[39mtoBe([36mtrue[39m)[33m;[39m[22m
[2m     [90m 423 |[39m       expect(result[33m.[39manalysis[33m.[39mintent)[33m.[39mtoBeDefined()[33m;[39m[22m
[2m    [31m[1m>[22m[2m[39m[90m 424 |[39m       expect(logger[33m.[39merror)[33m.[39mtoHaveBeenCalledWith([22m
[2m     [90m     |[39m                            [31m[1m^[22m[2m[39m[22m
[2m     [90m 425 |[39m         expect[33m.[39mstringContaining([32m'[Improved Orchestrator]'[39m)[33m,[39m[22m
[2m     [90m 426 |[39m         expect[33m.[39mobjectContaining({ error[33m:[39m [32m'Memory error'[39m })[22m
[2m     [90m 427 |[39m       )[33m;[39m[0m[22m
[2m[22m
[2m      [2mat Object.<anonymous> ([22m[2m[0m[36mtests/unit/lib/mastra/agents/orchestrator.agent.test.ts[39m[0m[2m:424:28)[22m[2m[22m

[1m[31m  [1m● [22m[1mOrchestratorAgent Comprehensive Tests › Tool Selection and Integration › should use memory recall tool for context-dependent queries[39m[22m

    [2mexpect([22m[31mjest.fn()[39m[2m).[22mtoHaveBeenCalled[2m()[22m

    Expected number of calls: >= [32m1[39m
    Received number of calls:    [31m0[39m
[2m[22m
[2m    [0m [90m 482 |[39m       [36mawait[39m executeImprovedOrchestrator([32m'それについてもっと詳しく'[39m)[33m;[39m[22m
[2m     [90m 483 |[39m       [22m
[2m    [31m[1m>[22m[2m[39m[90m 484 |[39m       expect(memoryStore[33m.[39mgetRecentMessages)[33m.[39mtoHaveBeenCalled()[33m;[39m[22m
[2m     [90m     |[39m                                             [31m[1m^[22m[2m[39m[22m
[2m     [90m 485 |[39m     })[33m;[39m[22m
[2m     [90m 486 |[39m[22m
[2m     [90m 487 |[39m     it([32m'should handle market snapshot requests'[39m[33m,[39m [36masync[39m () [33m=>[39m {[0m[22m
[2m[22m
[2m      [2mat Object.<anonymous> ([22m[2m[0m[36mtests/unit/lib/mastra/agents/orchestrator.agent.test.ts[39m[0m[2m:484:45)[22m[2m[22m

[1m[31m  [1m● [22m[1mOrchestratorAgent Comprehensive Tests › Context and Memory Management › should maintain conversation context across messages[39m[22m

    [2mexpect([22m[31mjest.fn()[39m[2m).[22mtoHaveBeenCalledTimes[2m([22m[32mexpected[39m[2m)[22m

    Expected number of calls: [32m2[39m
    Received number of calls: [31m0[39m
[2m[22m
[2m    [0m [90m 501 |[39m       [36mawait[39m executeImprovedOrchestrator([32m'それは高い？'[39m[33m,[39m sessionId)[33m;[39m[22m
[2m     [90m 502 |[39m       [22m
[2m    [31m[1m>[22m[2m[39m[90m 503 |[39m       expect(memoryStore[33m.[39maddMessage)[33m.[39mtoHaveBeenCalledTimes([35m2[39m)[33m;[39m[22m
[2m     [90m     |[39m                                      [31m[1m^[22m[2m[39m[22m
[2m     [90m 504 |[39m       expect(memoryStore[33m.[39mgetRecentMessages)[33m.[39mtoHaveBeenCalled()[33m;[39m[22m
[2m     [90m 505 |[39m     })[33m;[39m[22m
[2m     [90m 506 |[39m[0m[22m
[2m[22m
[2m      [2mat Object.<anonymous> ([22m[2m[0m[36mtests/unit/lib/mastra/agents/orchestrator.agent.test.ts[39m[0m[2m:503:38)[22m[2m[22m

[1m[31m  [1m● [22m[1mOrchestratorAgent Comprehensive Tests › Context and Memory Management › should extract metadata from queries[39m[22m

    [2mexpect([22m[31mjest.fn()[39m[2m).[22mtoHaveBeenCalledWith[2m([22m[32m...expected[39m[2m)[22m

    Expected: [32mObjectContaining {"metadata": ObjectContaining {"symbols": ArrayContaining ["BTC", "ETH"], "topics": ArrayContaining ["price", "analysis"]}}[39m

    Number of calls: [31m0[39m
[2m[22m
[2m    [0m [90m 518 |[39m       [36mawait[39m executeImprovedOrchestrator([32m'BTCとETHの価格分析をお願いします'[39m)[33m;[39m[22m
[2m     [90m 519 |[39m       [22m
[2m    [31m[1m>[22m[2m[39m[90m 520 |[39m       expect(memoryStore[33m.[39maddMessage)[33m.[39mtoHaveBeenCalledWith([22m
[2m     [90m     |[39m                                      [31m[1m^[22m[2m[39m[22m
[2m     [90m 521 |[39m         expect[33m.[39mobjectContaining({[22m
[2m     [90m 522 |[39m           metadata[33m:[39m expect[33m.[39mobjectContaining({[22m
[2m     [90m 523 |[39m             symbols[33m:[39m expect[33m.[39marrayContaining([[32m'BTC'[39m[33m,[39m [32m'ETH'[39m])[33m,[39m[0m[22m
[2m[22m
[2m      [2mat Object.<anonymous> ([22m[2m[0m[36mtests/unit/lib/mastra/agents/orchestrator.agent.test.ts[39m[0m[2m:520:38)[22m[2m[22m

[1m[31m  [1m● [22m[1mOrchestratorAgent Comprehensive Tests › Conversation Handling › should handle different conversation modes[39m[22m

    [2mexpect([22m[31mreceived[39m[2m).[22mtoBe[2m([22m[32mexpected[39m[2m) // Object.is equality[22m

    Expected: [32m"market_chat"[39m
    Received: [31m"trading_analysis"[39m
[2m[22m
[2m    [0m [90m 617 |[39m       [22m
[2m     [90m 618 |[39m       [36mconst[39m marketChatResult [33m=[39m [36mawait[39m executeImprovedOrchestrator([32m'最近の市場はどうですか？'[39m)[33m;[39m[22m
[2m    [31m[1m>[22m[2m[39m[90m 619 |[39m       expect(marketChatResult[33m.[39manalysis[33m.[39mintent)[33m.[39mtoBe([32m'market_chat'[39m)[33m;[39m[22m
[2m     [90m     |[39m                                                [31m[1m^[22m[2m[39m[22m
[2m     [90m 620 |[39m       [22m
[2m     [90m 621 |[39m       [36mconst[39m smallTalkResult [33m=[39m [36mawait[39m executeImprovedOrchestrator([32m'ありがとう！'[39m)[33m;[39m[22m
[2m     [90m 622 |[39m       expect(smallTalkResult[33m.[39manalysis[33m.[39mintent)[33m.[39mtoBe([32m'small_talk'[39m)[33m;[39m[0m[22m
[2m[22m
[2m      [2mat Object.<anonymous> ([22m[2m[0m[36mtests/unit/lib/mastra/agents/orchestrator.agent.test.ts[39m[0m[2m:619:48)[22m[2m[22m

[1m[31m  [1m● [22m[1mOrchestratorAgent Comprehensive Tests › Routing and Agent Selection › should handle proposal requests as trading analysis[39m[22m

    [2mexpect([22m[31mjest.fn()[39m[2m).[22mtoHaveBeenCalledWith[2m([22m[32m...expected[39m[2m)[22m

    Expected: [32mObjectContaining {"context": ObjectContaining {"agentType": "trading_analysis", "isProposalMode": true, "proposalType": "trendline"}}[39m

    Number of calls: [31m0[39m
[2m[22m
[2m    [0m [90m 702 |[39m       [36mawait[39m executeImprovedOrchestrator([32m'トレンドラインの提案をして'[39m)[33m;[39m[22m
[2m     [90m 703 |[39m       [22m
[2m    [31m[1m>[22m[2m[39m[90m 704 |[39m       expect(agentSelectionTool[33m.[39mexecute)[33m.[39mtoHaveBeenCalledWith([22m
[2m     [90m     |[39m                                          [31m[1m^[22m[2m[39m[22m
[2m     [90m 705 |[39m         expect[33m.[39mobjectContaining({[22m
[2m     [90m 706 |[39m           context[33m:[39m expect[33m.[39mobjectContaining({[22m
[2m     [90m 707 |[39m             agentType[33m:[39m [32m'trading_analysis'[39m[33m,[39m[0m[22m
[2m[22m
[2m      [2mat Object.<anonymous> ([22m[2m[0m[36mtests/unit/lib/mastra/agents/orchestrator.agent.test.ts[39m[0m[2m:704:42)[22m[2m[22m

[0m[7m[1m[31m FAIL [39m[22m[27m[0m [0m[7m[37m unit [39m[27m[0m [2mtests/unit/lib/mastra/utils/[22m[1mmodel-selector.test.ts[22m
[1m[31m  [1m● [22m[1mModelSelector › analyzeComplexity › specialized tasks › should identify creative tasks as specialized[39m[22m

    [2mexpect([22m[31mreceived[39m[2m).[22mtoBe[2m([22m[32mexpected[39m[2m) // Object.is equality[22m

    Expected: [32m"s[7mpecialized[27m"[39m
    Received: [31m"s[7mimple[27m"[39m
[2m[22m
[2m    [0m [90m 150 |[39m[22m
[2m     [90m 151 |[39m         testCases[33m.[39mforEach(task [33m=>[39m {[22m
[2m    [31m[1m>[22m[2m[39m[90m 152 |[39m           expect([33mModelSelector[39m[33m.[39manalyzeComplexity(task))[33m.[39mtoBe([32m'specialized'[39m)[33m;[39m[22m
[2m     [90m     |[39m                                                         [31m[1m^[22m[2m[39m[22m
[2m     [90m 153 |[39m         })[33m;[39m[22m
[2m     [90m 154 |[39m       })[33m;[39m[22m
[2m     [90m 155 |[39m[0m[22m
[2m[22m
[2m      [2mat [22m[2m[0m[36mtests/unit/lib/mastra/utils/model-selector.test.ts[39m[0m[2m:152:57[22m[2m[22m
[2m          at Array.forEach (<anonymous>)[22m
[2m      [2mat Object.<anonymous> ([22m[2m[0m[36mtests/unit/lib/mastra/utils/model-selector.test.ts[39m[0m[2m:151:19)[22m[2m[22m

[1m[31m  [1m● [22m[1mModelSelector › analyzeComplexity › specialized tasks › should respect requiresNuance context[39m[22m

    [2mexpect([22m[31mreceived[39m[2m).[22mtoBe[2m([22m[32mexpected[39m[2m) // Object.is equality[22m

    Expected: [32m"s[7mpecialized[27m"[39m
    Received: [31m"s[7mimple[27m"[39m
[2m[22m
[2m    [0m [90m 156 |[39m       it([32m'should respect requiresNuance context'[39m[33m,[39m () [33m=>[39m {[22m
[2m     [90m 157 |[39m         expect([33mModelSelector[39m[33m.[39manalyzeComplexity([32m'Translate this'[39m[33m,[39m { requiresNuance[33m:[39m [36mtrue[39m }))[22m
[2m    [31m[1m>[22m[2m[39m[90m 158 |[39m           [33m.[39mtoBe([32m'specialized'[39m)[33m;[39m[22m
[2m     [90m     |[39m            [31m[1m^[22m[2m[39m[22m
[2m     [90m 159 |[39m       })[33m;[39m[22m
[2m     [90m 160 |[39m     })[33m;[39m[22m
[2m     [90m 161 |[39m[0m[22m
[2m[22m
[2m      [2mat Object.<anonymous> ([22m[2m[0m[36mtests/unit/lib/mastra/utils/model-selector.test.ts[39m[0m[2m:158:12)[22m[2m[22m

[1m[31m  [1m● [22m[1mModelSelector › analyzeComplexity › complex tasks › should identify analysis tasks as complex[39m[22m

    [2mexpect([22m[31mreceived[39m[2m).[22mtoBe[2m([22m[32mexpected[39m[2m) // Object.is equality[22m

    Expected: [32m"[7mco[27mmple[7mx[27m"[39m
    Received: [31m"[7msi[27mmple"[39m
[2m[22m
[2m    [0m [90m 172 |[39m[22m
[2m     [90m 173 |[39m         testCases[33m.[39mforEach(task [33m=>[39m {[22m
[2m    [31m[1m>[22m[2m[39m[90m 174 |[39m           expect([33mModelSelector[39m[33m.[39manalyzeComplexity(task))[33m.[39mtoBe([32m'complex'[39m)[33m;[39m[22m
[2m     [90m     |[39m                                                         [31m[1m^[22m[2m[39m[22m
[2m     [90m 175 |[39m         })[33m;[39m[22m
[2m     [90m 176 |[39m       })[33m;[39m[22m
[2m     [90m 177 |[39m[0m[22m
[2m[22m
[2m      [2mat [22m[2m[0m[36mtests/unit/lib/mastra/utils/model-selector.test.ts[39m[0m[2m:174:57[22m[2m[22m
[2m          at Array.forEach (<anonymous>)[22m
[2m      [2mat Object.<anonymous> ([22m[2m[0m[36mtests/unit/lib/mastra/utils/model-selector.test.ts[39m[0m[2m:173:19)[22m[2m[22m

[1m[31m  [1m● [22m[1mModelSelector › analyzeComplexity › complex tasks › should respect multiStep context[39m[22m

    [2mexpect([22m[31mreceived[39m[2m).[22mtoBe[2m([22m[32mexpected[39m[2m) // Object.is equality[22m

    Expected: [32m"[7mco[27mmple[7mx[27m"[39m
    Received: [31m"[7msi[27mmple"[39m
[2m[22m
[2m    [0m [90m 183 |[39m       it([32m'should respect multiStep context'[39m[33m,[39m () [33m=>[39m {[22m
[2m     [90m 184 |[39m         expect([33mModelSelector[39m[33m.[39manalyzeComplexity([32m'Do something'[39m[33m,[39m { multiStep[33m:[39m [36mtrue[39m }))[22m
[2m    [31m[1m>[22m[2m[39m[90m 185 |[39m           [33m.[39mtoBe([32m'complex'[39m)[33m;[39m[22m
[2m     [90m     |[39m            [31m[1m^[22m[2m[39m[22m
[2m     [90m 186 |[39m       })[33m;[39m[22m
[2m     [90m 187 |[39m     })[33m;[39m[22m
[2m     [90m 188 |[39m[0m[22m
[2m[22m
[2m      [2mat Object.<anonymous> ([22m[2m[0m[36mtests/unit/lib/mastra/utils/model-selector.test.ts[39m[0m[2m:185:12)[22m[2m[22m

[1m[31m  [1m● [22m[1mModelSelector › autoSelect › should use context for model selection[39m[22m

    [2mexpect([22m[31mjest.fn()[39m[2m).[22mtoHaveBeenCalledWith[2m([22m[32m...expected[39m[2m)[22m

    Expected: [32m"claude-3-5-sonnet-20241022"[39m

    Number of calls: [31m0[39m
[2m[22m
[2m    [0m [90m 213 |[39m       [36mconst[39m result [33m=[39m [33mModelSelector[39m[33m.[39mautoSelect([32m'Translate this text'[39m[33m,[39m { requiresNuance[33m:[39m [36mtrue[39m })[33m;[39m[22m
[2m     [90m 214 |[39m       [22m
[2m    [31m[1m>[22m[2m[39m[90m 215 |[39m       expect(anthropic)[33m.[39mtoHaveBeenCalledWith([32m'claude-3-5-sonnet-20241022'[39m)[33m;[39m[22m
[2m     [90m     |[39m                         [31m[1m^[22m[2m[39m[22m
[2m     [90m 216 |[39m       expect(result)[33m.[39mtoEqual({ provider[33m:[39m [32m'anthropic'[39m[33m,[39m modelId[33m:[39m [32m'claude-3-5-sonnet-20241022'[39m })[33m;[39m[22m
[2m     [90m 217 |[39m     })[33m;[39m[22m
[2m     [90m 218 |[39m[0m[22m
[2m[22m
[2m      [2mat Object.<anonymous> ([22m[2m[0m[36mtests/unit/lib/mastra/utils/model-selector.test.ts[39m[0m[2m:215:25)[22m[2m[22m

[1m[31m  [1m● [22m[1mModelSelector › estimateCost › should calculate cost for simple model[39m[22m

    [2mexpect([22m[31mreceived[39m[2m).[22mtoBe[2m([22m[32mexpected[39m[2m) // Object.is equality[22m

    Expected: [32m1.5[39m
    Received: [31m0.0014999999999999998[39m
[2m[22m
[2m    [0m [90m 258 |[39m     it([32m'should calculate cost for simple model'[39m[33m,[39m () [33m=>[39m {[22m
[2m     [90m 259 |[39m       [36mconst[39m cost [33m=[39m [33mModelSelector[39m[33m.[39mestimateCost([32m'simple'[39m[33m,[39m [35m10000[39m)[33m;[39m[22m
[2m    [31m[1m>[22m[2m[39m[90m 260 |[39m       expect(cost)[33m.[39mtoBe([35m1.5[39m)[33m;[39m [90m// 10000/1000 * 0.00015[39m[22m
[2m     [90m     |[39m                    [31m[1m^[22m[2m[39m[22m
[2m     [90m 261 |[39m     })[33m;[39m[22m
[2m     [90m 262 |[39m[22m
[2m     [90m 263 |[39m     it([32m'should calculate cost for complex model'[39m[33m,[39m () [33m=>[39m {[0m[22m
[2m[22m
[2m      [2mat Object.<anonymous> ([22m[2m[0m[36mtests/unit/lib/mastra/utils/model-selector.test.ts[39m[0m[2m:260:20)[22m[2m[22m

[1m[31m  [1m● [22m[1mModelSelector › estimateCost › should calculate cost for complex model[39m[22m

    [2mexpect([22m[31mreceived[39m[2m).[22mtoBe[2m([22m[32mexpected[39m[2m) // Object.is equality[22m

    Expected: [32m25[39m
    Received: [31m0.025[39m
[2m[22m
[2m    [0m [90m 263 |[39m     it([32m'should calculate cost for complex model'[39m[33m,[39m () [33m=>[39m {[22m
[2m     [90m 264 |[39m       [36mconst[39m cost [33m=[39m [33mModelSelector[39m[33m.[39mestimateCost([32m'complex'[39m[33m,[39m [35m10000[39m)[33m;[39m[22m
[2m    [31m[1m>[22m[2m[39m[90m 265 |[39m       expect(cost)[33m.[39mtoBe([35m25[39m)[33m;[39m [90m// 10000/1000 * 0.0025[39m[22m
[2m     [90m     |[39m                    [31m[1m^[22m[2m[39m[22m
[2m     [90m 266 |[39m     })[33m;[39m[22m
[2m     [90m 267 |[39m[22m
[2m     [90m 268 |[39m     it([32m'should calculate cost for specialized model'[39m[33m,[39m () [33m=>[39m {[0m[22m
[2m[22m
[2m      [2mat Object.<anonymous> ([22m[2m[0m[36mtests/unit/lib/mastra/utils/model-selector.test.ts[39m[0m[2m:265:20)[22m[2m[22m

[1m[31m  [1m● [22m[1mModelSelector › estimateCost › should calculate cost for specialized model[39m[22m

    [2mexpect([22m[31mreceived[39m[2m).[22mtoBe[2m([22m[32mexpected[39m[2m) // Object.is equality[22m

    Expected: [32m30[39m
    Received: [31m0.03[39m
[2m[22m
[2m    [0m [90m 268 |[39m     it([32m'should calculate cost for specialized model'[39m[33m,[39m () [33m=>[39m {[22m
[2m     [90m 269 |[39m       [36mconst[39m cost [33m=[39m [33mModelSelector[39m[33m.[39mestimateCost([32m'specialized'[39m[33m,[39m [35m10000[39m)[33m;[39m[22m
[2m    [31m[1m>[22m[2m[39m[90m 270 |[39m       expect(cost)[33m.[39mtoBe([35m30[39m)[33m;[39m [90m// 10000/1000 * 0.003[39m[22m
[2m     [90m     |[39m                    [31m[1m^[22m[2m[39m[22m
[2m     [90m 271 |[39m     })[33m;[39m[22m
[2m     [90m 272 |[39m[22m
[2m     [90m 273 |[39m     it([32m'should handle fractional tokens'[39m[33m,[39m () [33m=>[39m {[0m[22m
[2m[22m
[2m      [2mat Object.<anonymous> ([22m[2m[0m[36mtests/unit/lib/mastra/utils/model-selector.test.ts[39m[0m[2m:270:20)[22m[2m[22m

[1m[31m  [1m● [22m[1mModelSelector › estimateCost › should handle fractional tokens[39m[22m

    [2mexpect([22m[31mreceived[39m[2m).[22mtoBeCloseTo[2m([22m[32mexpected[39m[2m, [22mprecision[2m)[22m

    Expected: [32m0.225[39m
    Received: [31m0.000225[39m

    Expected precision:    5
    Expected difference: < [32m0.000005[39m
    Received difference:   [31m0.224775[39m
[2m[22m
[2m    [0m [90m 273 |[39m     it([32m'should handle fractional tokens'[39m[33m,[39m () [33m=>[39m {[22m
[2m     [90m 274 |[39m       [36mconst[39m cost [33m=[39m [33mModelSelector[39m[33m.[39mestimateCost([32m'simple'[39m[33m,[39m [35m1500[39m)[33m;[39m[22m
[2m    [31m[1m>[22m[2m[39m[90m 275 |[39m       expect(cost)[33m.[39mtoBeCloseTo([35m0.225[39m[33m,[39m [35m5[39m)[33m;[39m [90m// 1500/1000 * 0.00015[39m[22m
[2m     [90m     |[39m                    [31m[1m^[22m[2m[39m[22m
[2m     [90m 276 |[39m     })[33m;[39m[22m
[2m     [90m 277 |[39m   })[33m;[39m[22m
[2m     [90m 278 |[39m[0m[22m
[2m[22m
[2m      [2mat Object.<anonymous> ([22m[2m[0m[36mtests/unit/lib/mastra/utils/model-selector.test.ts[39m[0m[2m:275:20)[22m[2m[22m

[1m[31m  [1m● [22m[1mModelSelector › edge cases › should handle case sensitivity in task analysis[39m[22m

    [2mexpect([22m[31mreceived[39m[2m).[22mtoBe[2m([22m[32mexpected[39m[2m) // Object.is equality[22m

    Expected: [32m"[7mco[27mmple[7mx[27m"[39m
    Received: [31m"[7msi[27mmple"[39m
[2m[22m
[2m    [0m [90m 354 |[39m     it([32m'should handle case sensitivity in task analysis'[39m[33m,[39m () [33m=>[39m {[22m
[2m     [90m 355 |[39m       expect([33mModelSelector[39m[33m.[39manalyzeComplexity([32m'PRICE'[39m))[33m.[39mtoBe([32m'simple'[39m)[33m;[39m[22m
[2m    [31m[1m>[22m[2m[39m[90m 356 |[39m       expect([33mModelSelector[39m[33m.[39manalyzeComplexity([32m'ANALYSIS'[39m))[33m.[39mtoBe([32m'complex'[39m)[33m;[39m[22m
[2m     [90m     |[39m                                                           [31m[1m^[22m[2m[39m[22m
[2m     [90m 357 |[39m       expect([33mModelSelector[39m[33m.[39manalyzeComplexity([32m'CREATIVE'[39m))[33m.[39mtoBe([32m'specialized'[39m)[33m;[39m[22m
[2m     [90m 358 |[39m     })[33m;[39m[22m
[2m     [90m 359 |[39m[0m[22m
[2m[22m
[2m      [2mat Object.<anonymous> ([22m[2m[0m[36mtests/unit/lib/mastra/utils/model-selector.test.ts[39m[0m[2m:356:59)[22m[2m[22m

[0m[7m[1m[31m FAIL [39m[22m[27m[0m [0m[7m[37m unit [39m[27m[0m [2mtests/unit/lib/mastra/utils/[22m[1mintent-definitions.test.ts[22m
[1m[31m  [1m● [22m[1mintent-definitions › classifyIntentByKeywords › priority handling › should prefer higher priority intents[39m[22m

    [2mexpect([22m[31mreceived[39m[2m).[22mtoBe[2m([22m[32mexpected[39m[2m) // Object.is equality[22m

    Expected: [32m"price_inquiry"[39m
    Received: [31m"conversational"[39m
[2m[22m
[2m    [0m [90m 282 |[39m         expect(result)[33m.[39mnot[33m.[39mtoBeNull()[33m;[39m[22m
[2m     [90m 283 |[39m         [90m// Should prefer PRICE_INQUIRY (priority 90) over CONVERSATIONAL (priority 10)[39m[22m
[2m    [31m[1m>[22m[2m[39m[90m 284 |[39m         expect(result[33m![39m[33m.[39mcategory)[33m.[39mtoBe([33mIntentCategory[39m[33m.[39m[33mPRICE_INQUIRY[39m)[33m;[39m[22m
[2m     [90m     |[39m                                  [31m[1m^[22m[2m[39m[22m
[2m     [90m 285 |[39m       })[33m;[39m[22m
[2m     [90m 286 |[39m     })[33m;[39m[22m
[2m     [90m 287 |[39m   })[33m;[39m[0m[22m
[2m[22m
[2m      [2mat Object.<anonymous> ([22m[2m[0m[36mtests/unit/lib/mastra/utils/intent-definitions.test.ts[39m[0m[2m:284:34)[22m[2m[22m

[0m[7m[1m[31m FAIL [39m[22m[27m[0m [0m[7m[37m unit [39m[27m[0m [2mtests/unit/lib/utils/[22m[1mrate-limiter.test.ts[22m
[1m[31m  [1m● [22m[1mRateLimiter › auto-cleanup › should set up auto-cleanup interval on server[39m[22m

    [2mexpect([22m[31mjest.fn()[39m[2m).[22mtoHaveBeenCalledWith[2m([22m[32m...expected[39m[2m)[22m

    Expected: [32mAny<Function>[39m, [32m600000[39m

    Number of calls: [31m0[39m
[2m[22m
[2m    [0m [90m 134 |[39m       [36mconst[39m newRateLimiter [33m=[39m [36mnew[39m [33mRateLimiter[39m()[33m;[39m[22m
[2m     [90m 135 |[39m[22m
[2m    [31m[1m>[22m[2m[39m[90m 136 |[39m       expect(setIntervalSpy)[33m.[39mtoHaveBeenCalledWith([22m
[2m     [90m     |[39m                              [31m[1m^[22m[2m[39m[22m
[2m     [90m 137 |[39m         expect[33m.[39many([33mFunction[39m)[33m,[39m[22m
[2m     [90m 138 |[39m         [35m600000[39m [90m// 10 minutes[39m[22m
[2m     [90m 139 |[39m       )[33m;[39m[0m[22m
[2m[22m
[2m      [2mat Object.<anonymous> ([22m[2m[0m[36mtests/unit/lib/utils/rate-limiter.test.ts[39m[0m[2m:136:30)[22m[2m[22m

[1m[31m  [1m● [22m[1mRateLimiter › destroy › should clear interval and counts[39m[22m

    [2mexpect([22m[31mjest.fn()[39m[2m).[22mtoHaveBeenCalled[2m()[22m

    Expected number of calls: >= [32m1[39m
    Received number of calls:    [31m0[39m
[2m[22m
[2m    [0m [90m 166 |[39m       newRateLimiter[33m.[39mdestroy()[33m;[39m[22m
[2m     [90m 167 |[39m[22m
[2m    [31m[1m>[22m[2m[39m[90m 168 |[39m       expect(clearIntervalSpy)[33m.[39mtoHaveBeenCalled()[33m;[39m[22m
[2m     [90m     |[39m                                [31m[1m^[22m[2m[39m[22m
[2m     [90m 169 |[39m       expect(newRateLimiter[33m.[39mgetCount([32m'key1'[39m))[33m.[39mtoBe([35m0[39m)[33m;[39m[22m
[2m     [90m 170 |[39m       expect(newRateLimiter[33m.[39mgetCount([32m'key2'[39m))[33m.[39mtoBe([35m0[39m)[33m;[39m[22m
[2m     [90m 171 |[39m     })[33m;[39m[0m[22m
[2m[22m
[2m      [2mat Object.<anonymous> ([22m[2m[0m[36mtests/unit/lib/utils/rate-limiter.test.ts[39m[0m[2m:168:32)[22m[2m[22m

[1m[31m  [1m● [22m[1mcreateRateLimitedLogger › rateLimit method › should not log messages exceeding rate limit[39m[22m

    [2mexpect([22m[31mjest.fn()[39m[2m).[22mtoHaveBeenCalledTimes[2m([22m[32mexpected[39m[2m)[22m

    Expected number of calls: [32m1[39m
    Received number of calls: [31m0[39m
[2m[22m
[2m    [0m [90m 227 |[39m       rateLimitedLogger[33m.[39mrateLimit(key[33m,[39m maxCount[33m,[39m windowMs[33m,[39m [32m'error'[39m[33m,[39m [32m'Error 3'[39m)[33m;[39m[22m
[2m     [90m 228 |[39m[22m
[2m    [31m[1m>[22m[2m[39m[90m 229 |[39m       expect(mockLogger[33m.[39merror)[33m.[39mtoHaveBeenCalledTimes([35m1[39m)[33m;[39m[22m
[2m     [90m     |[39m                                [31m[1m^[22m[2m[39m[22m
[2m     [90m 230 |[39m       expect(mockLogger[33m.[39merror)[33m.[39mtoHaveBeenCalledWith([22m
[2m     [90m 231 |[39m         [32m'Error 1 (rate limiting further messages)'[39m[22m
[2m     [90m 232 |[39m       )[33m;[39m[0m[22m
[2m[22m
[2m      [2mat Object.<anonymous> ([22m[2m[0m[36mtests/unit/lib/utils/rate-limiter.test.ts[39m[0m[2m:229:32)[22m[2m[22m

[0m[7m[1m[31m FAIL [39m[22m[27m[0m [0m[7m[37m unit [39m[27m[0m [2mtests/unit/types/[22m[1mui-events.types.test.ts[22m
[1m[31m  [1m● [22m[1mui-events.types › Event helper functions › addEventListener and removeEventListener › should add and trigger event listener[39m[22m

    [2mexpect([22m[31mreceived[39m[2m).[22mtoHaveBeenCalledWith[2m([22m[32m...expected[39m[2m)[22m

    [1mMatcher error[22m: [31mreceived[39m value must be a mock or spy function

    Received has type:  function
    Received has value: [31m[Function anonymous][39m
[2m[22m
[2m    [0m [90m 287 |[39m         addEventListener([32m'symbol:change'[39m[33m,[39m mockListener)[33m;[39m[22m
[2m     [90m 288 |[39m         [22m
[2m    [31m[1m>[22m[2m[39m[90m 289 |[39m         expect(window[33m.[39maddEventListener)[33m.[39mtoHaveBeenCalledWith([22m
[2m     [90m     |[39m                                         [31m[1m^[22m[2m[39m[22m
[2m     [90m 290 |[39m           [32m'symbol:change'[39m[33m,[39m[22m
[2m     [90m 291 |[39m           mockListener[33m,[39m[22m
[2m     [90m 292 |[39m           undefined[0m[22m
[2m[22m
[2m      [2mat Object.<anonymous> ([22m[2m[0m[36mtests/unit/types/ui-events.types.test.ts[39m[0m[2m:289:41)[22m[2m[22m

[1m[31m  [1m● [22m[1mui-events.types › Event helper functions › addEventListener and removeEventListener › should remove event listener[39m[22m

    [2mexpect([22m[31mreceived[39m[2m).[22mtoHaveBeenCalledWith[2m([22m[32m...expected[39m[2m)[22m

    [1mMatcher error[22m: [31mreceived[39m value must be a mock or spy function

    Received has type:  function
    Received has value: [31m[Function anonymous][39m
[2m[22m
[2m    [0m [90m 304 |[39m       it([32m'should remove event listener'[39m[33m,[39m () [33m=>[39m {[22m
[2m     [90m 305 |[39m         addEventListener([32m'timeframe:change'[39m[33m,[39m mockListener)[33m;[39m[22m
[2m    [31m[1m>[22m[2m[39m[90m 306 |[39m         expect(window[33m.[39maddEventListener)[33m.[39mtoHaveBeenCalledWith([22m
[2m     [90m     |[39m                                         [31m[1m^[22m[2m[39m[22m
[2m     [90m 307 |[39m           [32m'timeframe:change'[39m[33m,[39m[22m
[2m     [90m 308 |[39m           mockListener[33m,[39m[22m
[2m     [90m 309 |[39m           undefined[0m[22m
[2m[22m
[2m      [2mat Object.<anonymous> ([22m[2m[0m[36mtests/unit/types/ui-events.types.test.ts[39m[0m[2m:306:41)[22m[2m[22m

[1m[31m  [1m● [22m[1mui-events.types › Event helper functions › addEventListener and removeEventListener › should support event listener options[39m[22m

    [2mexpect([22m[31mreceived[39m[2m).[22mtoHaveBeenCalledWith[2m([22m[32m...expected[39m[2m)[22m

    [1mMatcher error[22m: [31mreceived[39m value must be a mock or spy function

    Received has type:  function
    Received has value: [31m[Function anonymous][39m
[2m[22m
[2m    [0m [90m 322 |[39m         addEventListener([32m'indicator:toggle'[39m[33m,[39m onceListener[33m,[39m { once[33m:[39m [36mtrue[39m })[33m;[39m[22m
[2m     [90m 323 |[39m[22m
[2m    [31m[1m>[22m[2m[39m[90m 324 |[39m         expect(window[33m.[39maddEventListener)[33m.[39mtoHaveBeenCalledWith([22m
[2m     [90m     |[39m                                         [31m[1m^[22m[2m[39m[22m
[2m     [90m 325 |[39m           [32m'indicator:toggle'[39m[33m,[39m[22m
[2m     [90m 326 |[39m           onceListener[33m,[39m[22m
[2m     [90m 327 |[39m           { once[33m:[39m [36mtrue[39m }[0m[22m
[2m[22m
[2m      [2mat Object.<anonymous> ([22m[2m[0m[36mtests/unit/types/ui-events.types.test.ts[39m[0m[2m:324:41)[22m[2m[22m

[1m[31m  [1m● [22m[1mui-events.types › Event helper functions › dispatchCustomEvent › should dispatch custom events[39m[22m

    [2mexpect([22m[31mreceived[39m[2m).[22mtoHaveBeenCalledWith[2m([22m[32m...expected[39m[2m)[22m

    [1mMatcher error[22m: [31mreceived[39m value must be a mock or spy function

    Received has type:  function
    Received has value: [31m[Function dispatchEvent][39m
[2m[22m
[2m    [0m [90m 346 |[39m         dispatchCustomEvent([32m'draw:trendline'[39m[33m,[39m detail)[33m;[39m[22m
[2m     [90m 347 |[39m[22m
[2m    [31m[1m>[22m[2m[39m[90m 348 |[39m         expect(window[33m.[39mdispatchEvent)[33m.[39mtoHaveBeenCalledWith([22m
[2m     [90m     |[39m                                      [31m[1m^[22m[2m[39m[22m
[2m     [90m 349 |[39m           expect[33m.[39mobjectContaining({[22m
[2m     [90m 350 |[39m             type[33m:[39m [32m'draw:trendline'[39m[33m,[39m[22m
[2m     [90m 351 |[39m             detail[0m[22m
[2m[22m
[2m      [2mat Object.<anonymous> ([22m[2m[0m[36mtests/unit/types/ui-events.types.test.ts[39m[0m[2m:348:38)[22m[2m[22m

[0m[7m[1m[31m FAIL [39m[22m[27m[0m [0m[7m[37m unit [39m[27m[0m [2mtests/unit/lib/mastra/[22m[1mimproved-orchestrator.test.ts[22m
[1m[31m  [1m● [22m[1mImproved Orchestrator Agent › Full Orchestrator Execution › should execute orchestrator successfully[39m[22m

    [2mexpect([22m[31mreceived[39m[2m).[22mtoBe[2m([22m[32mexpected[39m[2m) // Object.is equality[22m

    Expected: [32mtrue[39m
    Received: [31mfalse[39m
[2m[22m
[2m    [0m [90m 199 |[39m       [36mconst[39m result [33m=[39m [36mawait[39m executeImprovedOrchestrator([32m'トレンドラインを引いて'[39m[33m,[39m [32m'test-session'[39m)[33m;[39m[22m
[2m     [90m 200 |[39m       [22m
[2m    [31m[1m>[22m[2m[39m[90m 201 |[39m       expect(result[33m.[39msuccess)[33m.[39mtoBe([36mtrue[39m)[33m;[39m[22m
[2m     [90m     |[39m                              [31m[1m^[22m[2m[39m[22m
[2m     [90m 202 |[39m       expect(result[33m.[39manalysis[33m.[39mintent)[33m.[39mtoBe([32m'ui_control'[39m)[33m;[39m[22m
[2m     [90m 203 |[39m       expect(result[33m.[39manalysis[33m.[39mconfidence)[33m.[39mtoBe([35m0.95[39m)[33m;[39m[22m
[2m     [90m 204 |[39m       expect(result[33m.[39mexecutionTime)[33m.[39mtoBeGreaterThan([35m0[39m)[33m;[39m[0m[22m
[2m[22m
[2m      [2mat Object.<anonymous> ([22m[2m[0m[36mtests/unit/lib/mastra/improved-orchestrator.test.ts[39m[0m[2m:201:30)[22m[2m[22m

[1m[31m  [1m● [22m[1mImproved Orchestrator Agent › Full Orchestrator Execution › should handle agent execution failures gracefully[39m[22m

    [2mexpect([22m[31mreceived[39m[2m).[22mtoBe[2m([22m[32mexpected[39m[2m) // Object.is equality[22m

    Expected: [32mtrue[39m
    Received: [31mfalse[39m
[2m[22m
[2m    [0m [90m 211 |[39m       [36mconst[39m result [33m=[39m [36mawait[39m executeImprovedOrchestrator([32m'トレンドラインを引いて'[39m[33m,[39m [32m'test-session'[39m)[33m;[39m[22m
[2m     [90m 212 |[39m       [22m
[2m    [31m[1m>[22m[2m[39m[90m 213 |[39m       expect(result[33m.[39msuccess)[33m.[39mtoBe([36mtrue[39m)[33m;[39m [90m// Analysis should still succeed[39m[22m
[2m     [90m     |[39m                              [31m[1m^[22m[2m[39m[22m
[2m     [90m 214 |[39m       expect(result[33m.[39manalysis[33m.[39mintent)[33m.[39mtoBe([32m'ui_control'[39m)[33m;[39m[22m
[2m     [90m 215 |[39m       expect(result[33m.[39mexecutionResult)[33m.[39mtoBeUndefined()[33m;[39m[22m
[2m     [90m 216 |[39m     })[33m;[39m[0m[22m
[2m[22m
[2m      [2mat Object.<anonymous> ([22m[2m[0m[36mtests/unit/lib/mastra/improved-orchestrator.test.ts[39m[0m[2m:213:30)[22m[2m[22m

[0m[7m[1m[31m FAIL [39m[22m[27m[0m [0m[7m[37m unit [39m[27m[0m [2mtests/unit/lib/logging/[22m[1mhelpers.test.ts[22m
[1m[31m  [1m● [22m[1mlogging helpers › logErrorChain › should handle errors without cause[39m[22m

    TypeError: expect(...).toHaveBeenCalledOnce is not a function
[2m[22m
[2m    [0m [90m 398 |[39m       logErrorChain(error)[33m;[39m[22m
[2m     [90m 399 |[39m[22m
[2m    [31m[1m>[22m[2m[39m[90m 400 |[39m       expect(mockUnifiedLogger[33m.[39merror)[33m.[39mtoHaveBeenCalledOnce()[33m;[39m[22m
[2m     [90m     |[39m                                       [31m[1m^[22m[2m[39m[22m
[2m     [90m 401 |[39m       expect(mockUnifiedLogger[33m.[39merror)[33m.[39mtoHaveBeenCalledWith([22m
[2m     [90m 402 |[39m         [32m'Error: Simple error'[39m[33m,[39m[22m
[2m     [90m 403 |[39m         expect[33m.[39mobjectContaining({[0m[22m
[2m[22m
[2m      [2mat Object.<anonymous> ([22m[2m[0m[36mtests/unit/lib/logging/helpers.test.ts[39m[0m[2m:400:39)[22m[2m[22m

[0m[7m[1m[31m FAIL [39m[22m[27m[0m [0m[7m[37m unit [39m[27m[0m [2mtests/unit/types/[22m[1mpattern.types.test.ts[22m
[1m[31m  [1m● [22m[1mpattern.types › isPatternMetrics › should return false for wrong field types[39m[22m

    [2mexpect([22m[31mreceived[39m[2m).[22mtoBe[2m([22m[32mexpected[39m[2m) // Object.is equality[22m

    Expected: [32mfalse[39m
    Received: [31mtrue[39m
[2m[22m
[2m    [0m [90m 164 |[39m         confidence[33m:[39m [32m'0.85'[39m[33m,[39m [90m// should be number[39m[22m
[2m     [90m 165 |[39m         strength[33m:[39m [35m0.9[39m[22m
[2m    [31m[1m>[22m[2m[39m[90m 166 |[39m       }))[33m.[39mtoBe([36mfalse[39m)[33m;[39m[22m
[2m     [90m     |[39m           [31m[1m^[22m[2m[39m[22m
[2m     [90m 167 |[39m[22m
[2m     [90m 168 |[39m       expect(isPatternMetrics({[22m
[2m     [90m 169 |[39m         confidence[33m:[39m [35m0.85[39m[33m,[39m[0m[22m
[2m[22m
[2m      [2mat Object.<anonymous> ([22m[2m[0m[36mtests/unit/types/pattern.types.test.ts[39m[0m[2m:166:11)[22m[2m[22m

[0m[7m[1m[32m PASS [39m[22m[27m[0m [0m[7m[37m unit [39m[27m[0m [2mtests/unit/lib/utils/[22m[1mdb-connection.test.ts[22m ([0m[1m[41m21.796 s[49m[22m[0m)
[0m[7m[1m[32m PASS [39m[22m[27m[0m [0m[7m[37m unit [39m[27m[0m [2mlib/logging/storage/__tests__/[22m[1mpostgres.test.ts[22m ([0m[1m[41m18.977 s[49m[22m[0m)
[0m[7m[1m[31m FAIL [39m[22m[27m[0m [0m[7m[37m unit [39m[27m[0m [2mlib/mastra/tools/__tests__/[22m[1magent-selection.tool.test.ts[22m ([0m[1m[41m101.312 s[49m[22m[0m)
[1m[31m  [1m● [22m[1magentSelectionTool › execute function - successful A2A communication › should execute price inquiry agent successfully[39m[22m

    [2mexpect([22m[31mreceived[39m[2m).[22mtoEqual[2m([22m[32mexpected[39m[2m) // deep equality[22m

    [32m- Expected  - 10[39m
    [31m+ Received  +  4[39m

    [2m  Object {[22m
    [32m-   "executionResult": Object {[39m
    [32m-     "metadata": Object {[39m
    [32m-       "executionTime": Any<Number>,[39m
    [32m-       "model": "a2a-communication",[39m
    [32m-       "toolsUsed": Array [],[39m
    [32m-     },[39m
    [32m-     "response": "The current price of BTC is $50,000",[39m
    [32m-   },[39m
    [32m-   "message": "The current price of BTC is $50,000",[39m
    [32m-   "selectedAgent": "priceInquiryAgent",[39m
    [31m+   "executionResult": undefined,[39m
    [31m+   "fallbackUsed": true,[39m
    [31m+   "message": "A2A failed, used traditional fallback: price_inquiry",[39m
    [31m+   "selectedAgent": "price_inquiry",[39m
    [2m    "success": true,[22m
    [2m  }[22m
[2m[22m
[2m    [0m [90m 82 |[39m       )[33m;[39m[22m
[2m     [90m 83 |[39m[22m
[2m    [31m[1m>[22m[2m[39m[90m 84 |[39m       expect(result)[33m.[39mtoEqual({[22m
[2m     [90m    |[39m                      [31m[1m^[22m[2m[39m[22m
[2m     [90m 85 |[39m         success[33m:[39m [36mtrue[39m[33m,[39m[22m
[2m     [90m 86 |[39m         selectedAgent[33m:[39m [32m'priceInquiryAgent'[39m[33m,[39m[22m
[2m     [90m 87 |[39m         executionResult[33m:[39m {[0m[22m
[2m[22m
[2m      [2mat Object.<anonymous> ([22m[2m[0m[36mlib/mastra/tools/__tests__/agent-selection.tool.test.ts[39m[0m[2m:84:22)[22m[2m[22m

[1m[31m  [1m● [22m[1magentSelectionTool › execute function - successful A2A communication › should handle UI control agent with operations[39m[22m

    [2mexpect([22m[31mreceived[39m[2m).[22mtoBe[2m([22m[32mexpected[39m[2m) // Object.is equality[22m

    Expected: [32m"ui[7mC[27montrol[7mAgent[27m"[39m
    Received: [31m"ui[7m_c[27montrol"[39m
[2m[22m
[2m    [0m [90m 136 |[39m[22m
[2m     [90m 137 |[39m       expect(result[33m.[39msuccess)[33m.[39mtoBe([36mtrue[39m)[33m;[39m[22m
[2m    [31m[1m>[22m[2m[39m[90m 138 |[39m       expect(result[33m.[39mselectedAgent)[33m.[39mtoBe([32m'uiControlAgent'[39m)[33m;[39m[22m
[2m     [90m     |[39m                                    [31m[1m^[22m[2m[39m[22m
[2m     [90m 139 |[39m[22m
[2m     [90m 140 |[39m       [90m// Wait for async operations[39m[22m
[2m     [90m 141 |[39m       [36mawait[39m [36mnew[39m [33mPromise[39m(resolve [33m=>[39m setImmediate(resolve))[33m;[39m[0m[22m
[2m[22m
[2m      [2mat Object.<anonymous> ([22m[2m[0m[36mlib/mastra/tools/__tests__/agent-selection.tool.test.ts[39m[0m[2m:138:36)[22m[2m[22m

[1m[31m  [1m● [22m[1magentSelectionTool › execute function - successful A2A communication › should handle trading analysis agent[39m[22m

    [2mexpect([22m[31mreceived[39m[2m).[22mtoMatchObject[2m([22m[32mexpected[39m[2m)[22m

    [1mMatcher error[22m: [31mreceived[39m value must be a non-null object

    Received has value: [31mundefined[39m
[2m[22m
[2m    [0m [90m 180 |[39m[22m
[2m     [90m 181 |[39m       expect(result[33m.[39msuccess)[33m.[39mtoBe([36mtrue[39m)[33m;[39m[22m
[2m    [31m[1m>[22m[2m[39m[90m 182 |[39m       expect(result[33m.[39mexecutionResult)[33m.[39mtoMatchObject({[22m
[2m     [90m     |[39m                                      [31m[1m^[22m[2m[39m[22m
[2m     [90m 183 |[39m         response[33m:[39m [32m'BTC is showing bullish patterns'[39m[33m,[39m[22m
[2m     [90m 184 |[39m         proposalGroup[33m:[39m mockA2AResponse[33m.[39mproposalGroup[33m,[39m[22m
[2m     [90m 185 |[39m       })[33m;[39m[0m[22m
[2m[22m
[2m      [2mat Object.<anonymous> ([22m[2m[0m[36mlib/mastra/tools/__tests__/agent-selection.tool.test.ts[39m[0m[2m:182:38)[22m[2m[22m

[1m[31m  [1m● [22m[1magentSelectionTool › UI operations broadcasting › should broadcast operations from various result structures[39m[22m

    [2mexpect([22m[31mjest.fn()[39m[2m).[22mtoHaveBeenCalled[2m()[22m

    Expected number of calls: >= [32m1[39m
    Received number of calls:    [31m0[39m
[2m[22m
[2m    [0m [90m 380 |[39m         [36mawait[39m [36mnew[39m [33mPromise[39m(resolve [33m=>[39m setImmediate(resolve))[33m;[39m[22m
[2m     [90m 381 |[39m         [22m
[2m    [31m[1m>[22m[2m[39m[90m 382 |[39m         expect(mockDispatchEvent)[33m.[39mtoHaveBeenCalled()[33m;[39m[22m
[2m     [90m     |[39m                                   [31m[1m^[22m[2m[39m[22m
[2m     [90m 383 |[39m         [22m
[2m     [90m 384 |[39m         [90m// Verify the CustomEvent was dispatched correctly[39m[22m
[2m     [90m 385 |[39m         [36mconst[39m dispatchedEvent [33m=[39m mockDispatchEvent[33m.[39mmock[33m.[39mcalls[[35m0[39m][[35m0[39m][33m;[39m[0m[22m
[2m[22m
[2m      [2mat Object.<anonymous> ([22m[2m[0m[36mlib/mastra/tools/__tests__/agent-selection.tool.test.ts[39m[0m[2m:382:35)[22m[2m[22m

[1m[31m  [1m● [22m[1magentSelectionTool › UI operations broadcasting › should skip UI broadcast for non-UI agents[39m[22m

    thrown: "Exceeded timeout of 10000 ms for a test.
    Add a timeout value to this test to increase the timeout, if this is a long-running test. See https://jestjs.io/docs/api#testname-fn-timeout."
[2m[22m
[2m    [0m [90m 388 |[39m     })[33m;[39m[22m
[2m     [90m 389 |[39m[22m
[2m    [31m[1m>[22m[2m[39m[90m 390 |[39m     it([32m'should skip UI broadcast for non-UI agents'[39m[33m,[39m [36masync[39m () [33m=>[39m {[22m
[2m     [90m     |[39m     [31m[1m^[22m[2m[39m[22m
[2m     [90m 391 |[39m       [36mconst[39m mockA2AResponse [33m=[39m {[22m
[2m     [90m 392 |[39m         type[33m:[39m [32m'response'[39m[33m,[39m[22m
[2m     [90m 393 |[39m         result[33m:[39m [32m'Price is $50,000'[39m[33m,[39m[0m[22m
[2m[22m
[2m      [2mat [22m[2m[0m[36mlib/mastra/tools/__tests__/agent-selection.tool.test.ts[39m[0m[2m:390:5[22m[2m[22m
[2m      [2mat [22m[2m[0m[36mlib/mastra/tools/__tests__/agent-selection.tool.test.ts[39m[0m[2m:302:3[22m[2m[22m
[2m      [2mat Object.<anonymous> ([22m[2m[0m[36mlib/mastra/tools/__tests__/agent-selection.tool.test.ts[39m[0m[2m:29:1)[22m[2m[22m

[1m[31m  [1m● [22m[1magentSelectionTool › UI operations broadcasting › should skip UI broadcast for proposal mode[39m[22m

    thrown: "Exceeded timeout of 10000 ms for a test.
    Add a timeout value to this test to increase the timeout, if this is a long-running test. See https://jestjs.io/docs/api#testname-fn-timeout."
[2m[22m
[2m    [0m [90m 414 |[39m     })[33m;[39m[22m
[2m     [90m 415 |[39m[22m
[2m    [31m[1m>[22m[2m[39m[90m 416 |[39m     it([32m'should skip UI broadcast for proposal mode'[39m[33m,[39m [36masync[39m () [33m=>[39m {[22m
[2m     [90m     |[39m     [31m[1m^[22m[2m[39m[22m
[2m     [90m 417 |[39m       global[33m.[39mwindow [33m=[39m { dispatchEvent[33m:[39m mockDispatchEvent } [36mas[39m any[33m;[39m[22m
[2m     [90m 418 |[39m[22m
[2m     [90m 419 |[39m       [36mconst[39m mockA2AResponse [33m=[39m {[0m[22m
[2m[22m
[2m      [2mat [22m[2m[0m[36mlib/mastra/tools/__tests__/agent-selection.tool.test.ts[39m[0m[2m:416:5[22m[2m[22m
[2m      [2mat [22m[2m[0m[36mlib/mastra/tools/__tests__/agent-selection.tool.test.ts[39m[0m[2m:302:3[22m[2m[22m
[2m      [2mat Object.<anonymous> ([22m[2m[0m[36mlib/mastra/tools/__tests__/agent-selection.tool.test.ts[39m[0m[2m:29:1)[22m[2m[22m

[1m[31m  [1m● [22m[1magentSelectionTool › UI operations broadcasting › should emit UI events in server environment[39m[22m

    thrown: "Exceeded timeout of 10000 ms for a test.
    Add a timeout value to this test to increase the timeout, if this is a long-running test. See https://jestjs.io/docs/api#testname-fn-timeout."
[2m[22m
[2m    [0m [90m 449 |[39m     })[33m;[39m[22m
[2m     [90m 450 |[39m[22m
[2m    [31m[1m>[22m[2m[39m[90m 451 |[39m     it([32m'should emit UI events in server environment'[39m[33m,[39m [36masync[39m () [33m=>[39m {[22m
[2m     [90m     |[39m     [31m[1m^[22m[2m[39m[22m
[2m     [90m 452 |[39m       [90m// Remove window to simulate server environment[39m[22m
[2m     [90m 453 |[39m       [36mdelete[39m (global [36mas[39m any)[33m.[39mwindow[33m;[39m[22m
[2m     [90m 454 |[39m[0m[22m
[2m[22m
[2m      [2mat [22m[2m[0m[36mlib/mastra/tools/__tests__/agent-selection.tool.test.ts[39m[0m[2m:451:5[22m[2m[22m
[2m      [2mat [22m[2m[0m[36mlib/mastra/tools/__tests__/agent-selection.tool.test.ts[39m[0m[2m:302:3[22m[2m[22m
[2m      [2mat Object.<anonymous> ([22m[2m[0m[36mlib/mastra/tools/__tests__/agent-selection.tool.test.ts[39m[0m[2m:29:1)[22m[2m[22m

[1m[31m  [1m● [22m[1magentSelectionTool › UI operations broadcasting › should handle UI broadcast errors gracefully[39m[22m

    thrown: "Exceeded timeout of 10000 ms for a test.
    Add a timeout value to this test to increase the timeout, if this is a long-running test. See https://jestjs.io/docs/api#testname-fn-timeout."
[2m[22m
[2m    [0m [90m 486 |[39m     })[33m;[39m[22m
[2m     [90m 487 |[39m[22m
[2m    [31m[1m>[22m[2m[39m[90m 488 |[39m     it([32m'should handle UI broadcast errors gracefully'[39m[33m,[39m [36masync[39m () [33m=>[39m {[22m
[2m     [90m     |[39m     [31m[1m^[22m[2m[39m[22m
[2m     [90m 489 |[39m       global[33m.[39mwindow [33m=[39m { [22m
[2m     [90m 490 |[39m         dispatchEvent[33m:[39m jest[33m.[39mfn()[33m.[39mmockImplementation(() [33m=>[39m {[22m
[2m     [90m 491 |[39m           [36mthrow[39m [36mnew[39m [33mError[39m([32m'Dispatch failed'[39m)[33m;[39m[0m[22m
[2m[22m
[2m      [2mat [22m[2m[0m[36mlib/mastra/tools/__tests__/agent-selection.tool.test.ts[39m[0m[2m:488:5[22m[2m[22m
[2m      [2mat [22m[2m[0m[36mlib/mastra/tools/__tests__/agent-selection.tool.test.ts[39m[0m[2m:302:3[22m[2m[22m
[2m      [2mat Object.<anonymous> ([22m[2m[0m[36mlib/mastra/tools/__tests__/agent-selection.tool.test.ts[39m[0m[2m:29:1)[22m[2m[22m

[1m[31m  [1m● [22m[1magentSelectionTool › response processing › should handle non-string results[39m[22m

    thrown: "Exceeded timeout of 10000 ms for a test.
    Add a timeout value to this test to increase the timeout, if this is a long-running test. See https://jestjs.io/docs/api#testname-fn-timeout."
[2m[22m
[2m    [0m [90m 586 |[39m[22m
[2m     [90m 587 |[39m   describe([32m'response processing'[39m[33m,[39m () [33m=>[39m {[22m
[2m    [31m[1m>[22m[2m[39m[90m 588 |[39m     it([32m'should handle non-string results'[39m[33m,[39m [36masync[39m () [33m=>[39m {[22m
[2m     [90m     |[39m     [31m[1m^[22m[2m[39m[22m
[2m     [90m 589 |[39m       [36mconst[39m mockA2AResponse [33m=[39m {[22m
[2m     [90m 590 |[39m         type[33m:[39m [32m'response'[39m[33m,[39m[22m
[2m     [90m 591 |[39m         result[33m:[39m { data[33m:[39m [32m'complex object'[39m[33m,[39m value[33m:[39m [35m123[39m }[33m,[39m[0m[22m
[2m[22m
[2m      [2mat [22m[2m[0m[36mlib/mastra/tools/__tests__/agent-selection.tool.test.ts[39m[0m[2m:588:5[22m[2m[22m
[2m      [2mat [22m[2m[0m[36mlib/mastra/tools/__tests__/agent-selection.tool.test.ts[39m[0m[2m:587:3[22m[2m[22m
[2m      [2mat Object.<anonymous> ([22m[2m[0m[36mlib/mastra/tools/__tests__/agent-selection.tool.test.ts[39m[0m[2m:29:1)[22m[2m[22m

[1m[31m  [1m● [22m[1magentSelectionTool › response processing › should preserve additional A2A message properties[39m[22m

    thrown: "Exceeded timeout of 10000 ms for a test.
    Add a timeout value to this test to increase the timeout, if this is a long-running test. See https://jestjs.io/docs/api#testname-fn-timeout."
[2m[22m
[2m    [0m [90m 605 |[39m     })[33m;[39m[22m
[2m     [90m 606 |[39m[22m
[2m    [31m[1m>[22m[2m[39m[90m 607 |[39m     it([32m'should preserve additional A2A message properties'[39m[33m,[39m [36masync[39m () [33m=>[39m {[22m
[2m     [90m     |[39m     [31m[1m^[22m[2m[39m[22m
[2m     [90m 608 |[39m       [36mconst[39m mockA2AResponse [33m=[39m {[22m
[2m     [90m 609 |[39m         type[33m:[39m [32m'response'[39m[33m,[39m[22m
[2m     [90m 610 |[39m         result[33m:[39m [32m'Success'[39m[33m,[39m[0m[22m
[2m[22m
[2m      [2mat [22m[2m[0m[36mlib/mastra/tools/__tests__/agent-selection.tool.test.ts[39m[0m[2m:607:5[22m[2m[22m
[2m      [2mat [22m[2m[0m[36mlib/mastra/tools/__tests__/agent-selection.tool.test.ts[39m[0m[2m:587:3[22m[2m[22m
[2m      [2mat Object.<anonymous> ([22m[2m[0m[36mlib/mastra/tools/__tests__/agent-selection.tool.test.ts[39m[0m[2m:29:1)[22m[2m[22m

[1m[31m  [1m● [22m[1magentSelectionTool › logging › should log debug information for first UI control call[39m[22m

    thrown: "Exceeded timeout of 15000 ms for a test.
    Add a timeout value to this test to increase the timeout, if this is a long-running test. See https://jestjs.io/docs/api#testname-fn-timeout."
[2m[22m
[2m    [0m [90m 631 |[39m[22m
[2m     [90m 632 |[39m   describe([32m'logging'[39m[33m,[39m () [33m=>[39m {[22m
[2m    [31m[1m>[22m[2m[39m[90m 633 |[39m     it([32m'should log debug information for first UI control call'[39m[33m,[39m [36masync[39m () [33m=>[39m {[22m
[2m     [90m     |[39m     [31m[1m^[22m[2m[39m[22m
[2m     [90m 634 |[39m       jest[33m.[39msetTimeout([35m15000[39m)[33m;[39m [90m// Increase timeout[39m[22m
[2m     [90m 635 |[39m       global[33m.[39mwindow [33m=[39m { dispatchEvent[33m:[39m mockDispatchEvent } [36mas[39m any[33m;[39m[22m
[2m     [90m 636 |[39m       [0m[22m
[2m[22m
[2m      [2mat [22m[2m[0m[36mlib/mastra/tools/__tests__/agent-selection.tool.test.ts[39m[0m[2m:633:5[22m[2m[22m
[2m      [2mat [22m[2m[0m[36mlib/mastra/tools/__tests__/agent-selection.tool.test.ts[39m[0m[2m:632:3[22m[2m[22m
[2m      [2mat Object.<anonymous> ([22m[2m[0m[36mlib/mastra/tools/__tests__/agent-selection.tool.test.ts[39m[0m[2m:29:1)[22m[2m[22m

[0m[7m[1m[32m PASS [39m[22m[27m[0m [0m[7m[37m unit [39m[27m[0m [2mtests/unit/lib/utils/[22m[1mdrawing-queue.test.ts[22m
ts-jest[config] (WARN) 
    The "ts-jest" config option "isolatedModules" is deprecated and will be removed in v30.0.0. Please use "isolatedModules: true" in /Users/hirosato/Downloads/Cryptrade/tsconfig.test.json instead, see https://www.typescriptlang.org/tsconfig/#isolatedModules
  
[0m[7m[1m[32m PASS [39m[22m[27m[0m [0m[7m[37m integration [39m[27m[0m [2mtests/integration/[22m[1mmarket-data-cache.integration.test.ts[22m
  [1m● [22mConsole

    [2mconsole.log[22m
      [MSW] Loaded 7 default handlers
[2m[22m
[2m      [2mat Object.<anonymous> ([22m[2mtests/setup/msw-setup.ts[2m:18:13)[22m[2m[22m

[0m[7m[1m[32m PASS [39m[22m[27m[0m [0m[7m[37m unit [39m[27m[0m [2mtests/unit/store/[22m[1manalysis-history.store.test.ts[22m
  [1m● [22mConsole

    [2m[31mconsole.error[39m[22m
[31m      Warning: An update to TestComponent inside a test was not wrapped in act(...).[39m
[31m      [39m
[31m      When testing, code that causes React state updates should be wrapped into act(...):[39m
[31m      [39m
[31m      act(() => {[39m
[31m        /* fire events that update state */[39m
[31m      });[39m
[31m      /* assert on the output */[39m
[31m      [39m
[31m      This ensures that you're testing the behavior the user would see in the browser. Learn more at https://reactjs.org/link/wrap-tests-with-act[39m
[31m          at renderCallbackProps (/Users/hirosato/Downloads/Cryptrade/node_modules/@testing-library/react/dist/pure.js:329:5)[39m
[2m[22m
[2m    [0m [90m 232 |[39m             }[22m
[2m     [90m 233 |[39m[22m
[2m    [31m[1m>[22m[2m[39m[90m 234 |[39m             [36mset[39m((state) [33m=>[39m {[22m
[2m     [90m     |[39m             [31m[1m^[22m[2m[39m[22m
[2m     [90m 235 |[39m               [36mconst[39m updatedRecords[33m:[39m [33mAnalysisRecord[39m[] [33m=[39m state[33m.[39mrecords[33m.[39mmap((r) [33m=>[39m[22m
[2m     [90m 236 |[39m                 r[33m.[39mid [33m===[39m id[22m
[2m     [90m 237 |[39m                   [33m?[39m {[0m[22m
[2m[22m
[2m      [2mat [22m[2mnode_modules/@jest/environment-jsdom-abstract/node_modules/jest-mock/build/index.js[2m:305:39[22m[2m[22m
[2m      [2mat printWarning ([22m[2mnode_modules/react-dom/cjs/react-dom.development.js[2m:86:30)[22m[2m[22m
[2m      [2mat error ([22m[2mnode_modules/react-dom/cjs/react-dom.development.js[2m:60:7)[22m[2m[22m
[2m      [2mat warnIfUpdatesNotWrappedWithActDEV ([22m[2mnode_modules/react-dom/cjs/react-dom.development.js[2m:27628:9)[22m[2m[22m
[2m      [2mat scheduleUpdateOnFiber ([22m[2mnode_modules/react-dom/cjs/react-dom.development.js[2m:25547:5)[22m[2m[22m
[2m      [2mat forceStoreRerender ([22m[2mnode_modules/react-dom/cjs/react-dom.development.js[2m:16158:5)[22m[2m[22m
[2m      [2mat handleStoreChange ([22m[2mnode_modules/react-dom/cjs/react-dom.development.js[2m:16134:7)[22m[2m[22m
[2m      [2mat [22m[2mnode_modules/zustand/vanilla.js[2m:11:39[22m[2m[22m
[2m          at Set.forEach (<anonymous>)[22m
[2m      [2mat setState ([22m[2mnode_modules/zustand/vanilla.js[2m:11:17)[22m[2m[22m
[2m      [2mat Object.updateRecord ([22m[2mstore/analysis-history.store.ts[2m:234:13)[22m[2m[22m

    [2m[31mconsole.error[39m[22m
[31m      Warning: An update to TestComponent inside a test was not wrapped in act(...).[39m
[31m      [39m
[31m      When testing, code that causes React state updates should be wrapped into act(...):[39m
[31m      [39m
[31m      act(() => {[39m
[31m        /* fire events that update state */[39m
[31m      });[39m
[31m      /* assert on the output */[39m
[31m      [39m
[31m      This ensures that you're testing the behavior the user would see in the browser. Learn more at https://reactjs.org/link/wrap-tests-with-act[39m
[31m          at renderCallbackProps (/Users/hirosato/Downloads/Cryptrade/node_modules/@testing-library/react/dist/pure.js:329:5)[39m
[2m[22m
[2m    [0m [90m 232 |[39m             }[22m
[2m     [90m 233 |[39m[22m
[2m    [31m[1m>[22m[2m[39m[90m 234 |[39m             [36mset[39m((state) [33m=>[39m {[22m
[2m     [90m     |[39m             [31m[1m^[22m[2m[39m[22m
[2m     [90m 235 |[39m               [36mconst[39m updatedRecords[33m:[39m [33mAnalysisRecord[39m[] [33m=[39m state[33m.[39mrecords[33m.[39mmap((r) [33m=>[39m[22m
[2m     [90m 236 |[39m                 r[33m.[39mid [33m===[39m id[22m
[2m     [90m 237 |[39m                   [33m?[39m {[0m[22m
[2m[22m
[2m      [2mat [22m[2mnode_modules/@jest/environment-jsdom-abstract/node_modules/jest-mock/build/index.js[2m:305:39[22m[2m[22m
[2m      [2mat printWarning ([22m[2mnode_modules/react-dom/cjs/react-dom.development.js[2m:86:30)[22m[2m[22m
[2m      [2mat error ([22m[2mnode_modules/react-dom/cjs/react-dom.development.js[2m:60:7)[22m[2m[22m
[2m      [2mat warnIfUpdatesNotWrappedWithActDEV ([22m[2mnode_modules/react-dom/cjs/react-dom.development.js[2m:27628:9)[22m[2m[22m
[2m      [2mat scheduleUpdateOnFiber ([22m[2mnode_modules/react-dom/cjs/react-dom.development.js[2m:25547:5)[22m[2m[22m
[2m      [2mat forceStoreRerender ([22m[2mnode_modules/react-dom/cjs/react-dom.development.js[2m:16158:5)[22m[2m[22m
[2m      [2mat handleStoreChange ([22m[2mnode_modules/react-dom/cjs/react-dom.development.js[2m:16134:7)[22m[2m[22m
[2m      [2mat [22m[2mnode_modules/zustand/vanilla.js[2m:11:39[22m[2m[22m
[2m          at Set.forEach (<anonymous>)[22m
[2m      [2mat setState ([22m[2mnode_modules/zustand/vanilla.js[2m:11:17)[22m[2m[22m
[2m      [2mat Object.updateRecord ([22m[2mstore/analysis-history.store.ts[2m:234:13)[22m[2m[22m

    [2m[31mconsole.error[39m[22m
[31m      Warning: An update to TestComponent inside a test was not wrapped in act(...).[39m
[31m      [39m
[31m      When testing, code that causes React state updates should be wrapped into act(...):[39m
[31m      [39m
[31m      act(() => {[39m
[31m        /* fire events that update state */[39m
[31m      });[39m
[31m      /* assert on the output */[39m
[31m      [39m
[31m      This ensures that you're testing the behavior the user would see in the browser. Learn more at https://reactjs.org/link/wrap-tests-with-act[39m
[31m          at renderCallbackProps (/Users/hirosato/Downloads/Cryptrade/node_modules/@testing-library/react/dist/pure.js:329:5)[39m
[2m[22m
[2m    [0m [90m 409 |[39m         [22m
[2m     [90m 410 |[39m         [90m// Update cache[39m[22m
[2m    [31m[1m>[22m[2m[39m[90m 411 |[39m         [36mset[39m({[22m
[2m     [90m     |[39m         [31m[1m^[22m[2m[39m[22m
[2m     [90m 412 |[39m           performanceMetrics[33m:[39m metrics[33m,[39m[22m
[2m     [90m 413 |[39m           lastCalculated[33m:[39m now[22m
[2m     [90m 414 |[39m         })[33m;[39m[0m[22m
[2m[22m
[2m      [2mat [22m[2mnode_modules/@jest/environment-jsdom-abstract/node_modules/jest-mock/build/index.js[2m:305:39[22m[2m[22m
[2m      [2mat printWarning ([22m[2mnode_modules/react-dom/cjs/react-dom.development.js[2m:86:30)[22m[2m[22m
[2m      [2mat error ([22m[2mnode_modules/react-dom/cjs/react-dom.development.js[2m:60:7)[22m[2m[22m
[2m      [2mat warnIfUpdatesNotWrappedWithActDEV ([22m[2mnode_modules/react-dom/cjs/react-dom.development.js[2m:27628:9)[22m[2m[22m
[2m      [2mat scheduleUpdateOnFiber ([22m[2mnode_modules/react-dom/cjs/react-dom.development.js[2m:25547:5)[22m[2m[22m
[2m      [2mat forceStoreRerender ([22m[2mnode_modules/react-dom/cjs/react-dom.development.js[2m:16158:5)[22m[2m[22m
[2m      [2mat handleStoreChange ([22m[2mnode_modules/react-dom/cjs/react-dom.development.js[2m:16134:7)[22m[2m[22m
[2m      [2mat [22m[2mnode_modules/zustand/vanilla.js[2m:11:39[22m[2m[22m
[2m          at Set.forEach (<anonymous>)[22m
[2m      [2mat setState ([22m[2mnode_modules/zustand/vanilla.js[2m:11:17)[22m[2m[22m
[2m      [2mat Object.getPerformanceMetrics ([22m[2mstore/analysis-history.store.ts[2m:411:9)[22m[2m[22m
[2m      [2mat Object.<anonymous> ([22m[2mtests/unit/store/analysis-history.store.test.ts[2m:525:38)[22m[2m[22m

    [2m[31mconsole.error[39m[22m
[31m      Warning: An update to TestComponent inside a test was not wrapped in act(...).[39m
[31m      [39m
[31m      When testing, code that causes React state updates should be wrapped into act(...):[39m
[31m      [39m
[31m      act(() => {[39m
[31m        /* fire events that update state */[39m
[31m      });[39m
[31m      /* assert on the output */[39m
[31m      [39m
[31m      This ensures that you're testing the behavior the user would see in the browser. Learn more at https://reactjs.org/link/wrap-tests-with-act[39m
[31m          at renderCallbackProps (/Users/hirosato/Downloads/Cryptrade/node_modules/@testing-library/react/dist/pure.js:329:5)[39m
[2m[22m
[2m    [0m [90m 409 |[39m         [22m
[2m     [90m 410 |[39m         [90m// Update cache[39m[22m
[2m    [31m[1m>[22m[2m[39m[90m 411 |[39m         [36mset[39m({[22m
[2m     [90m     |[39m         [31m[1m^[22m[2m[39m[22m
[2m     [90m 412 |[39m           performanceMetrics[33m:[39m metrics[33m,[39m[22m
[2m     [90m 413 |[39m           lastCalculated[33m:[39m now[22m
[2m     [90m 414 |[39m         })[33m;[39m[0m[22m
[2m[22m
[2m      [2mat [22m[2mnode_modules/@jest/environment-jsdom-abstract/node_modules/jest-mock/build/index.js[2m:305:39[22m[2m[22m
[2m      [2mat printWarning ([22m[2mnode_modules/react-dom/cjs/react-dom.development.js[2m:86:30)[22m[2m[22m
[2m      [2mat error ([22m[2mnode_modules/react-dom/cjs/react-dom.development.js[2m:60:7)[22m[2m[22m
[2m      [2mat warnIfUpdatesNotWrappedWithActDEV ([22m[2mnode_modules/react-dom/cjs/react-dom.development.js[2m:27628:9)[22m[2m[22m
[2m      [2mat scheduleUpdateOnFiber ([22m[2mnode_modules/react-dom/cjs/react-dom.development.js[2m:25547:5)[22m[2m[22m
[2m      [2mat forceStoreRerender ([22m[2mnode_modules/react-dom/cjs/react-dom.development.js[2m:16158:5)[22m[2m[22m
[2m      [2mat handleStoreChange ([22m[2mnode_modules/react-dom/cjs/react-dom.development.js[2m:16134:7)[22m[2m[22m
[2m      [2mat [22m[2mnode_modules/zustand/vanilla.js[2m:11:39[22m[2m[22m
[2m          at Set.forEach (<anonymous>)[22m
[2m      [2mat setState ([22m[2mnode_modules/zustand/vanilla.js[2m:11:17)[22m[2m[22m
[2m      [2mat Object.getPerformanceMetrics ([22m[2mstore/analysis-history.store.ts[2m:411:9)[22m[2m[22m
[2m      [2mat Object.<anonymous> ([22m[2mtests/unit/store/analysis-history.store.test.ts[2m:539:39)[22m[2m[22m

    [2m[31mconsole.error[39m[22m
[31m      Warning: An update to TestComponent inside a test was not wrapped in act(...).[39m
[31m      [39m
[31m      When testing, code that causes React state updates should be wrapped into act(...):[39m
[31m      [39m
[31m      act(() => {[39m
[31m        /* fire events that update state */[39m
[31m      });[39m
[31m      /* assert on the output */[39m
[31m      [39m
[31m      This ensures that you're testing the behavior the user would see in the browser. Learn more at https://reactjs.org/link/wrap-tests-with-act[39m
[31m          at renderCallbackProps (/Users/hirosato/Downloads/Cryptrade/node_modules/@testing-library/react/dist/pure.js:329:5)[39m
[2m[22m
[2m    [0m [90m 409 |[39m         [22m
[2m     [90m 410 |[39m         [90m// Update cache[39m[22m
[2m    [31m[1m>[22m[2m[39m[90m 411 |[39m         [36mset[39m({[22m
[2m     [90m     |[39m         [31m[1m^[22m[2m[39m[22m
[2m     [90m 412 |[39m           performanceMetrics[33m:[39m metrics[33m,[39m[22m
[2m     [90m 413 |[39m           lastCalculated[33m:[39m now[22m
[2m     [90m 414 |[39m         })[33m;[39m[0m[22m
[2m[22m
[2m      [2mat [22m[2mnode_modules/@jest/environment-jsdom-abstract/node_modules/jest-mock/build/index.js[2m:305:39[22m[2m[22m
[2m      [2mat printWarning ([22m[2mnode_modules/react-dom/cjs/react-dom.development.js[2m:86:30)[22m[2m[22m
[2m      [2mat error ([22m[2mnode_modules/react-dom/cjs/react-dom.development.js[2m:60:7)[22m[2m[22m
[2m      [2mat warnIfUpdatesNotWrappedWithActDEV ([22m[2mnode_modules/react-dom/cjs/react-dom.development.js[2m:27628:9)[22m[2m[22m
[2m      [2mat scheduleUpdateOnFiber ([22m[2mnode_modules/react-dom/cjs/react-dom.development.js[2m:25547:5)[22m[2m[22m
[2m      [2mat forceStoreRerender ([22m[2mnode_modules/react-dom/cjs/react-dom.development.js[2m:16158:5)[22m[2m[22m
[2m      [2mat handleStoreChange ([22m[2mnode_modules/react-dom/cjs/react-dom.development.js[2m:16134:7)[22m[2m[22m
[2m      [2mat [22m[2mnode_modules/zustand/vanilla.js[2m:11:39[22m[2m[22m
[2m          at Set.forEach (<anonymous>)[22m
[2m      [2mat setState ([22m[2mnode_modules/zustand/vanilla.js[2m:11:17)[22m[2m[22m
[2m      [2mat Object.getPerformanceMetrics ([22m[2mstore/analysis-history.store.ts[2m:411:9)[22m[2m[22m
[2m      [2mat Object.<anonymous> ([22m[2mtests/unit/store/analysis-history.store.test.ts[2m:552:22)[22m[2m[22m

    [2m[31mconsole.error[39m[22m
[31m      Warning: An update to TestComponent inside a test was not wrapped in act(...).[39m
[31m      [39m
[31m      When testing, code that causes React state updates should be wrapped into act(...):[39m
[31m      [39m
[31m      act(() => {[39m
[31m        /* fire events that update state */[39m
[31m      });[39m
[31m      /* assert on the output */[39m
[31m      [39m
[31m      This ensures that you're testing the behavior the user would see in the browser. Learn more at https://reactjs.org/link/wrap-tests-with-act[39m
[31m          at renderCallbackProps (/Users/hirosato/Downloads/Cryptrade/node_modules/@testing-library/react/dist/pure.js:329:5)[39m
[2m[22m
[2m    [0m [90m 232 |[39m             }[22m
[2m     [90m 233 |[39m[22m
[2m    [31m[1m>[22m[2m[39m[90m 234 |[39m             [36mset[39m((state) [33m=>[39m {[22m
[2m     [90m     |[39m             [31m[1m^[22m[2m[39m[22m
[2m     [90m 235 |[39m               [36mconst[39m updatedRecords[33m:[39m [33mAnalysisRecord[39m[] [33m=[39m state[33m.[39mrecords[33m.[39mmap((r) [33m=>[39m[22m
[2m     [90m 236 |[39m                 r[33m.[39mid [33m===[39m id[22m
[2m     [90m 237 |[39m                   [33m?[39m {[0m[22m
[2m[22m
[2m      [2mat [22m[2mnode_modules/@jest/environment-jsdom-abstract/node_modules/jest-mock/build/index.js[2m:305:39[22m[2m[22m
[2m      [2mat printWarning ([22m[2mnode_modules/react-dom/cjs/react-dom.development.js[2m:86:30)[22m[2m[22m
[2m      [2mat error ([22m[2mnode_modules/react-dom/cjs/react-dom.development.js[2m:60:7)[22m[2m[22m
[2m      [2mat warnIfUpdatesNotWrappedWithActDEV ([22m[2mnode_modules/react-dom/cjs/react-dom.development.js[2m:27628:9)[22m[2m[22m
[2m      [2mat scheduleUpdateOnFiber ([22m[2mnode_modules/react-dom/cjs/react-dom.development.js[2m:25547:5)[22m[2m[22m
[2m      [2mat forceStoreRerender ([22m[2mnode_modules/react-dom/cjs/react-dom.development.js[2m:16158:5)[22m[2m[22m
[2m      [2mat handleStoreChange ([22m[2mnode_modules/react-dom/cjs/react-dom.development.js[2m:16134:7)[22m[2m[22m
[2m      [2mat [22m[2mnode_modules/zustand/vanilla.js[2m:11:39[22m[2m[22m
[2m          at Set.forEach (<anonymous>)[22m
[2m      [2mat setState ([22m[2mnode_modules/zustand/vanilla.js[2m:11:17)[22m[2m[22m
[2m      [2mat Object.updateRecord ([22m[2mstore/analysis-history.store.ts[2m:234:13)[22m[2m[22m

    [2m[33mconsole.warn[39m[22m
[33m      Persist config not available, skipping test[39m
[2m[22m
[2m    [0m [90m 846 |[39m       } [36melse[39m {[22m
[2m     [90m 847 |[39m         [90m// If persist is not available, skip this test[39m[22m
[2m    [31m[1m>[22m[2m[39m[90m 848 |[39m         console[33m.[39mwarn([32m'Persist config not available, skipping test'[39m)[33m;[39m[22m
[2m     [90m     |[39m                 [31m[1m^[22m[2m[39m[22m
[2m     [90m 849 |[39m       }[22m
[2m     [90m 850 |[39m     })[33m;[39m[22m
[2m     [90m 851 |[39m   })[33m;[39m[0m[22m
[2m[22m
[2m      [2mat [22m[2mnode_modules/@jest/environment-jsdom-abstract/node_modules/jest-mock/build/index.js[2m:305:39[22m[2m[22m
[2m      [2mat Object.<anonymous> ([22m[2mtests/unit/store/analysis-history.store.test.ts[2m:848:17)[22m[2m[22m

    [2m[31mconsole.error[39m[22m
[31m      Warning: An update to TestComponent inside a test was not wrapped in act(...).[39m
[31m      [39m
[31m      When testing, code that causes React state updates should be wrapped into act(...):[39m
[31m      [39m
[31m      act(() => {[39m
[31m        /* fire events that update state */[39m
[31m      });[39m
[31m      /* assert on the output */[39m
[31m      [39m
[31m      This ensures that you're testing the behavior the user would see in the browser. Learn more at https://reactjs.org/link/wrap-tests-with-act[39m
[31m          at renderCallbackProps (/Users/hirosato/Downloads/Cryptrade/node_modules/@testing-library/react/dist/pure.js:329:5)[39m
[2m[22m
[2m    [0m [90m 409 |[39m         [22m
[2m     [90m 410 |[39m         [90m// Update cache[39m[22m
[2m    [31m[1m>[22m[2m[39m[90m 411 |[39m         [36mset[39m({[22m
[2m     [90m     |[39m         [31m[1m^[22m[2m[39m[22m
[2m     [90m 412 |[39m           performanceMetrics[33m:[39m metrics[33m,[39m[22m
[2m     [90m 413 |[39m           lastCalculated[33m:[39m now[22m
[2m     [90m 414 |[39m         })[33m;[39m[0m[22m
[2m[22m
[2m      [2mat [22m[2mnode_modules/@jest/environment-jsdom-abstract/node_modules/jest-mock/build/index.js[2m:305:39[22m[2m[22m
[2m      [2mat printWarning ([22m[2mnode_modules/react-dom/cjs/react-dom.development.js[2m:86:30)[22m[2m[22m
[2m      [2mat error ([22m[2mnode_modules/react-dom/cjs/react-dom.development.js[2m:60:7)[22m[2m[22m
[2m      [2mat warnIfUpdatesNotWrappedWithActDEV ([22m[2mnode_modules/react-dom/cjs/react-dom.development.js[2m:27628:9)[22m[2m[22m
[2m      [2mat scheduleUpdateOnFiber ([22m[2mnode_modules/react-dom/cjs/react-dom.development.js[2m:25547:5)[22m[2m[22m
[2m      [2mat forceStoreRerender ([22m[2mnode_modules/react-dom/cjs/react-dom.development.js[2m:16158:5)[22m[2m[22m
[2m      [2mat handleStoreChange ([22m[2mnode_modules/react-dom/cjs/react-dom.development.js[2m:16134:7)[22m[2m[22m
[2m      [2mat [22m[2mnode_modules/zustand/vanilla.js[2m:11:39[22m[2m[22m
[2m          at Set.forEach (<anonymous>)[22m
[2m      [2mat setState ([22m[2mnode_modules/zustand/vanilla.js[2m:11:17)[22m[2m[22m
[2m      [2mat Object.getPerformanceMetrics ([22m[2mstore/analysis-history.store.ts[2m:411:9)[22m[2m[22m
[2m      [2mat Object.<anonymous> ([22m[2mtests/unit/store/analysis-history.store.test.ts[2m:957:38)[22m[2m[22m

    [2m[31mconsole.error[39m[22m
[31m      Warning: An update to TestComponent inside a test was not wrapped in act(...).[39m
[31m      [39m
[31m      When testing, code that causes React state updates should be wrapped into act(...):[39m
[31m      [39m
[31m      act(() => {[39m
[31m        /* fire events that update state */[39m
[31m      });[39m
[31m      /* assert on the output */[39m
[31m      [39m
[31m      This ensures that you're testing the behavior the user would see in the browser. Learn more at https://reactjs.org/link/wrap-tests-with-act[39m
[31m          at renderCallbackProps (/Users/hirosato/Downloads/Cryptrade/node_modules/@testing-library/react/dist/pure.js:329:5)[39m
[2m[22m
[2m    [0m [90m 134 |[39m           [22m
[2m     [90m 135 |[39m           [90m// Update local state immediately[39m[22m
[2m    [31m[1m>[22m[2m[39m[90m 136 |[39m           [36mset[39m((state) [33m=>[39m ({[22m
[2m     [90m     |[39m           [31m[1m^[22m[2m[39m[22m
[2m     [90m 137 |[39m             [33m...[39mstate[33m,[39m[22m
[2m     [90m 138 |[39m             records[33m:[39m [[33m...[39mstate[33m.[39mrecords[33m,[39m validatedRecord][33m,[39m[22m
[2m     [90m 139 |[39m             performanceMetrics[33m:[39m [36mnull[39m[33m,[39m [90m// Invalidate cache[39m[0m[22m
[2m[22m
[2m      [2mat [22m[2mnode_modules/@jest/environment-jsdom-abstract/node_modules/jest-mock/build/index.js[2m:305:39[22m[2m[22m
[2m      [2mat printWarning ([22m[2mnode_modules/react-dom/cjs/react-dom.development.js[2m:86:30)[22m[2m[22m
[2m      [2mat error ([22m[2mnode_modules/react-dom/cjs/react-dom.development.js[2m:60:7)[22m[2m[22m
[2m      [2mat warnIfUpdatesNotWrappedWithActDEV ([22m[2mnode_modules/react-dom/cjs/react-dom.development.js[2m:27628:9)[22m[2m[22m
[2m      [2mat scheduleUpdateOnFiber ([22m[2mnode_modules/react-dom/cjs/react-dom.development.js[2m:25547:5)[22m[2m[22m
[2m      [2mat forceStoreRerender ([22m[2mnode_modules/react-dom/cjs/react-dom.development.js[2m:16158:5)[22m[2m[22m
[2m      [2mat handleStoreChange ([22m[2mnode_modules/react-dom/cjs/react-dom.development.js[2m:16134:7)[22m[2m[22m
[2m      [2mat [22m[2mnode_modules/zustand/vanilla.js[2m:11:39[22m[2m[22m
[2m          at Set.forEach (<anonymous>)[22m
[2m      [2mat setState ([22m[2mnode_modules/zustand/vanilla.js[2m:11:17)[22m[2m[22m
[2m      [2mat Object.addRecord ([22m[2mstore/analysis-history.store.ts[2m:136:11)[22m[2m[22m
[2m      [2mat [22m[2mtests/unit/store/analysis-history.store.test.ts[2m:966:24[22m[2m[22m
[2m          at Array.from (<anonymous>)[22m
[2m      [2mat Object.<anonymous> ([22m[2mtests/unit/store/analysis-history.store.test.ts[2m:965:36)[22m[2m[22m

    [2m[31mconsole.error[39m[22m
[31m      Warning: An update to TestComponent inside a test was not wrapped in act(...).[39m
[31m      [39m
[31m      When testing, code that causes React state updates should be wrapped into act(...):[39m
[31m      [39m
[31m      act(() => {[39m
[31m        /* fire events that update state */[39m
[31m      });[39m
[31m      /* assert on the output */[39m
[31m      [39m
[31m      This ensures that you're testing the behavior the user would see in the browser. Learn more at https://reactjs.org/link/wrap-tests-with-act[39m
[31m          at renderCallbackProps (/Users/hirosato/Downloads/Cryptrade/node_modules/@testing-library/react/dist/pure.js:329:5)[39m
[2m[22m
[2m    [0m [90m 134 |[39m           [22m
[2m     [90m 135 |[39m           [90m// Update local state immediately[39m[22m
[2m    [31m[1m>[22m[2m[39m[90m 136 |[39m           [36mset[39m((state) [33m=>[39m ({[22m
[2m     [90m     |[39m           [31m[1m^[22m[2m[39m[22m
[2m     [90m 137 |[39m             [33m...[39mstate[33m,[39m[22m
[2m     [90m 138 |[39m             records[33m:[39m [[33m...[39mstate[33m.[39mrecords[33m,[39m validatedRecord][33m,[39m[22m
[2m     [90m 139 |[39m             performanceMetrics[33m:[39m [36mnull[39m[33m,[39m [90m// Invalidate cache[39m[0m[22m
[2m[22m
[2m      [2mat [22m[2mnode_modules/@jest/environment-jsdom-abstract/node_modules/jest-mock/build/index.js[2m:305:39[22m[2m[22m
[2m      [2mat printWarning ([22m[2mnode_modules/react-dom/cjs/react-dom.development.js[2m:86:30)[22m[2m[22m
[2m      [2mat error ([22m[2mnode_modules/react-dom/cjs/react-dom.development.js[2m:60:7)[22m[2m[22m
[2m      [2mat warnIfUpdatesNotWrappedWithActDEV ([22m[2mnode_modules/react-dom/cjs/react-dom.development.js[2m:27628:9)[22m[2m[22m
[2m      [2mat scheduleUpdateOnFiber ([22m[2mnode_modules/react-dom/cjs/react-dom.development.js[2m:25547:5)[22m[2m[22m
[2m      [2mat forceStoreRerender ([22m[2mnode_modules/react-dom/cjs/react-dom.development.js[2m:16158:5)[22m[2m[22m
[2m      [2mat handleStoreChange ([22m[2mnode_modules/react-dom/cjs/react-dom.development.js[2m:16134:7)[22m[2m[22m
[2m      [2mat [22m[2mnode_modules/zustand/vanilla.js[2m:11:39[22m[2m[22m
[2m          at Set.forEach (<anonymous>)[22m
[2m      [2mat setState ([22m[2mnode_modules/zustand/vanilla.js[2m:11:17)[22m[2m[22m
[2m      [2mat Object.addRecord ([22m[2mstore/analysis-history.store.ts[2m:136:11)[22m[2m[22m
[2m      [2mat [22m[2mtests/unit/store/analysis-history.store.test.ts[2m:966:24[22m[2m[22m
[2m          at Array.from (<anonymous>)[22m
[2m      [2mat Object.<anonymous> ([22m[2mtests/unit/store/analysis-history.store.test.ts[2m:965:36)[22m[2m[22m

    [2m[31mconsole.error[39m[22m
[31m      Warning: An update to TestComponent inside a test was not wrapped in act(...).[39m
[31m      [39m
[31m      When testing, code that causes React state updates should be wrapped into act(...):[39m
[31m      [39m
[31m      act(() => {[39m
[31m        /* fire events that update state */[39m
[31m      });[39m
[31m      /* assert on the output */[39m
[31m      [39m
[31m      This ensures that you're testing the behavior the user would see in the browser. Learn more at https://reactjs.org/link/wrap-tests-with-act[39m
[31m          at renderCallbackProps (/Users/hirosato/Downloads/Cryptrade/node_modules/@testing-library/react/dist/pure.js:329:5)[39m
[2m[22m
[2m    [0m [90m 134 |[39m           [22m
[2m     [90m 135 |[39m           [90m// Update local state immediately[39m[22m
[2m    [31m[1m>[22m[2m[39m[90m 136 |[39m           [36mset[39m((state) [33m=>[39m ({[22m
[2m     [90m     |[39m           [31m[1m^[22m[2m[39m[22m
[2m     [90m 137 |[39m             [33m...[39mstate[33m,[39m[22m
[2m     [90m 138 |[39m             records[33m:[39m [[33m...[39mstate[33m.[39mrecords[33m,[39m validatedRecord][33m,[39m[22m
[2m     [90m 139 |[39m             performanceMetrics[33m:[39m [36mnull[39m[33m,[39m [90m// Invalidate cache[39m[0m[22m
[2m[22m
[2m      [2mat [22m[2mnode_modules/@jest/environment-jsdom-abstract/node_modules/jest-mock/build/index.js[2m:305:39[22m[2m[22m
[2m      [2mat printWarning ([22m[2mnode_modules/react-dom/cjs/react-dom.development.js[2m:86:30)[22m[2m[22m
[2m      [2mat error ([22m[2mnode_modules/react-dom/cjs/react-dom.development.js[2m:60:7)[22m[2m[22m
[2m      [2mat warnIfUpdatesNotWrappedWithActDEV ([22m[2mnode_modules/react-dom/cjs/react-dom.development.js[2m:27628:9)[22m[2m[22m
[2m      [2mat scheduleUpdateOnFiber ([22m[2mnode_modules/react-dom/cjs/react-dom.development.js[2m:25547:5)[22m[2m[22m
[2m      [2mat forceStoreRerender ([22m[2mnode_modules/react-dom/cjs/react-dom.development.js[2m:16158:5)[22m[2m[22m
[2m      [2mat handleStoreChange ([22m[2mnode_modules/react-dom/cjs/react-dom.development.js[2m:16134:7)[22m[2m[22m
[2m      [2mat [22m[2mnode_modules/zustand/vanilla.js[2m:11:39[22m[2m[22m
[2m          at Set.forEach (<anonymous>)[22m
[2m      [2mat setState ([22m[2mnode_modules/zustand/vanilla.js[2m:11:17)[22m[2m[22m
[2m      [2mat Object.addRecord ([22m[2mstore/analysis-history.store.ts[2m:136:11)[22m[2m[22m
[2m      [2mat [22m[2mtests/unit/store/analysis-history.store.test.ts[2m:966:24[22m[2m[22m
[2m          at Array.from (<anonymous>)[22m
[2m      [2mat Object.<anonymous> ([22m[2mtests/unit/store/analysis-history.store.test.ts[2m:965:36)[22m[2m[22m

    [2m[31mconsole.error[39m[22m
[31m      Warning: An update to TestComponent inside a test was not wrapped in act(...).[39m
[31m      [39m
[31m      When testing, code that causes React state updates should be wrapped into act(...):[39m
[31m      [39m
[31m      act(() => {[39m
[31m        /* fire events that update state */[39m
[31m      });[39m
[31m      /* assert on the output */[39m
[31m      [39m
[31m      This ensures that you're testing the behavior the user would see in the browser. Learn more at https://reactjs.org/link/wrap-tests-with-act[39m
[31m          at renderCallbackProps (/Users/hirosato/Downloads/Cryptrade/node_modules/@testing-library/react/dist/pure.js:329:5)[39m
[2m[22m
[2m    [0m [90m 134 |[39m           [22m
[2m     [90m 135 |[39m           [90m// Update local state immediately[39m[22m
[2m    [31m[1m>[22m[2m[39m[90m 136 |[39m           [36mset[39m((state) [33m=>[39m ({[22m
[2m     [90m     |[39m           [31m[1m^[22m[2m[39m[22m
[2m     [90m 137 |[39m             [33m...[39mstate[33m,[39m[22m
[2m     [90m 138 |[39m             records[33m:[39m [[33m...[39mstate[33m.[39mrecords[33m,[39m validatedRecord][33m,[39m[22m
[2m     [90m 139 |[39m             performanceMetrics[33m:[39m [36mnull[39m[33m,[39m [90m// Invalidate cache[39m[0m[22m
[2m[22m
[2m      [2mat [22m[2mnode_modules/@jest/environment-jsdom-abstract/node_modules/jest-mock/build/index.js[2m:305:39[22m[2m[22m
[2m      [2mat printWarning ([22m[2mnode_modules/react-dom/cjs/react-dom.development.js[2m:86:30)[22m[2m[22m
[2m      [2mat error ([22m[2mnode_modules/react-dom/cjs/react-dom.development.js[2m:60:7)[22m[2m[22m
[2m      [2mat warnIfUpdatesNotWrappedWithActDEV ([22m[2mnode_modules/react-dom/cjs/react-dom.development.js[2m:27628:9)[22m[2m[22m
[2m      [2mat scheduleUpdateOnFiber ([22m[2mnode_modules/react-dom/cjs/react-dom.development.js[2m:25547:5)[22m[2m[22m
[2m      [2mat forceStoreRerender ([22m[2mnode_modules/react-dom/cjs/react-dom.development.js[2m:16158:5)[22m[2m[22m
[2m      [2mat handleStoreChange ([22m[2mnode_modules/react-dom/cjs/react-dom.development.js[2m:16134:7)[22m[2m[22m
[2m      [2mat [22m[2mnode_modules/zustand/vanilla.js[2m:11:39[22m[2m[22m
[2m          at Set.forEach (<anonymous>)[22m
[2m      [2mat setState ([22m[2mnode_modules/zustand/vanilla.js[2m:11:17)[22m[2m[22m
[2m      [2mat Object.addRecord ([22m[2mstore/analysis-history.store.ts[2m:136:11)[22m[2m[22m
[2m      [2mat [22m[2mtests/unit/store/analysis-history.store.test.ts[2m:966:24[22m[2m[22m
[2m          at Array.from (<anonymous>)[22m
[2m      [2mat Object.<anonymous> ([22m[2mtests/unit/store/analysis-history.store.test.ts[2m:965:36)[22m[2m[22m

    [2m[31mconsole.error[39m[22m
[31m      Warning: An update to TestComponent inside a test was not wrapped in act(...).[39m
[31m      [39m
[31m      When testing, code that causes React state updates should be wrapped into act(...):[39m
[31m      [39m
[31m      act(() => {[39m
[31m        /* fire events that update state */[39m
[31m      });[39m
[31m      /* assert on the output */[39m
[31m      [39m
[31m      This ensures that you're testing the behavior the user would see in the browser. Learn more at https://reactjs.org/link/wrap-tests-with-act[39m
[31m          at renderCallbackProps (/Users/hirosato/Downloads/Cryptrade/node_modules/@testing-library/react/dist/pure.js:329:5)[39m
[2m[22m
[2m    [0m [90m 134 |[39m           [22m
[2m     [90m 135 |[39m           [90m// Update local state immediately[39m[22m
[2m    [31m[1m>[22m[2m[39m[90m 136 |[39m           [36mset[39m((state) [33m=>[39m ({[22m
[2m     [90m     |[39m           [31m[1m^[22m[2m[39m[22m
[2m     [90m 137 |[39m             [33m...[39mstate[33m,[39m[22m
[2m     [90m 138 |[39m             records[33m:[39m [[33m...[39mstate[33m.[39mrecords[33m,[39m validatedRecord][33m,[39m[22m
[2m     [90m 139 |[39m             performanceMetrics[33m:[39m [36mnull[39m[33m,[39m [90m// Invalidate cache[39m[0m[22m
[2m[22m
[2m      [2mat [22m[2mnode_modules/@jest/environment-jsdom-abstract/node_modules/jest-mock/build/index.js[2m:305:39[22m[2m[22m
[2m      [2mat printWarning ([22m[2mnode_modules/react-dom/cjs/react-dom.development.js[2m:86:30)[22m[2m[22m
[2m      [2mat error ([22m[2mnode_modules/react-dom/cjs/react-dom.development.js[2m:60:7)[22m[2m[22m
[2m      [2mat warnIfUpdatesNotWrappedWithActDEV ([22m[2mnode_modules/react-dom/cjs/react-dom.development.js[2m:27628:9)[22m[2m[22m
[2m      [2mat scheduleUpdateOnFiber ([22m[2mnode_modules/react-dom/cjs/react-dom.development.js[2m:25547:5)[22m[2m[22m
[2m      [2mat forceStoreRerender ([22m[2mnode_modules/react-dom/cjs/react-dom.development.js[2m:16158:5)[22m[2m[22m
[2m      [2mat handleStoreChange ([22m[2mnode_modules/react-dom/cjs/react-dom.development.js[2m:16134:7)[22m[2m[22m
[2m      [2mat [22m[2mnode_modules/zustand/vanilla.js[2m:11:39[22m[2m[22m
[2m          at Set.forEach (<anonymous>)[22m
[2m      [2mat setState ([22m[2mnode_modules/zustand/vanilla.js[2m:11:17)[22m[2m[22m
[2m      [2mat Object.addRecord ([22m[2mstore/analysis-history.store.ts[2m:136:11)[22m[2m[22m
[2m      [2mat [22m[2mtests/unit/store/analysis-history.store.test.ts[2m:966:24[22m[2m[22m
[2m          at Array.from (<anonymous>)[22m
[2m      [2mat Object.<anonymous> ([22m[2mtests/unit/store/analysis-history.store.test.ts[2m:965:36)[22m[2m[22m

    [2m[31mconsole.error[39m[22m
[31m      Warning: An update to TestComponent inside a test was not wrapped in act(...).[39m
[31m      [39m
[31m      When testing, code that causes React state updates should be wrapped into act(...):[39m
[31m      [39m
[31m      act(() => {[39m
[31m        /* fire events that update state */[39m
[31m      });[39m
[31m      /* assert on the output */[39m
[31m      [39m
[31m      This ensures that you're testing the behavior the user would see in the browser. Learn more at https://reactjs.org/link/wrap-tests-with-act[39m
[31m          at renderCallbackProps (/Users/hirosato/Downloads/Cryptrade/node_modules/@testing-library/react/dist/pure.js:329:5)[39m
[2m[22m
[2m    [0m [90m 409 |[39m         [22m
[2m     [90m 410 |[39m         [90m// Update cache[39m[22m
[2m    [31m[1m>[22m[2m[39m[90m 411 |[39m         [36mset[39m({[22m
[2m     [90m     |[39m         [31m[1m^[22m[2m[39m[22m
[2m     [90m 412 |[39m           performanceMetrics[33m:[39m metrics[33m,[39m[22m
[2m     [90m 413 |[39m           lastCalculated[33m:[39m now[22m
[2m     [90m 414 |[39m         })[33m;[39m[0m[22m
[2m[22m
[2m      [2mat [22m[2mnode_modules/@jest/environment-jsdom-abstract/node_modules/jest-mock/build/index.js[2m:305:39[22m[2m[22m
[2m      [2mat printWarning ([22m[2mnode_modules/react-dom/cjs/react-dom.development.js[2m:86:30)[22m[2m[22m
[2m      [2mat error ([22m[2mnode_modules/react-dom/cjs/react-dom.development.js[2m:60:7)[22m[2m[22m
[2m      [2mat warnIfUpdatesNotWrappedWithActDEV ([22m[2mnode_modules/react-dom/cjs/react-dom.development.js[2m:27628:9)[22m[2m[22m
[2m      [2mat scheduleUpdateOnFiber ([22m[2mnode_modules/react-dom/cjs/react-dom.development.js[2m:25547:5)[22m[2m[22m
[2m      [2mat forceStoreRerender ([22m[2mnode_modules/react-dom/cjs/react-dom.development.js[2m:16158:5)[22m[2m[22m
[2m      [2mat handleStoreChange ([22m[2mnode_modules/react-dom/cjs/react-dom.development.js[2m:16134:7)[22m[2m[22m
[2m      [2mat [22m[2mnode_modules/zustand/vanilla.js[2m:11:39[22m[2m[22m
[2m          at Set.forEach (<anonymous>)[22m
[2m      [2mat setState ([22m[2mnode_modules/zustand/vanilla.js[2m:11:17)[22m[2m[22m
[2m      [2mat Object.getPerformanceMetrics ([22m[2mstore/analysis-history.store.ts[2m:411:9)[22m[2m[22m
[2m      [2mat Object.<anonymous> ([22m[2mtests/unit/store/analysis-history.store.test.ts[2m:1247:22)[22m[2m[22m

    [2m[31mconsole.error[39m[22m
[31m      Warning: An update to TestComponent inside a test was not wrapped in act(...).[39m
[31m      [39m
[31m      When testing, code that causes React state updates should be wrapped into act(...):[39m
[31m      [39m
[31m      act(() => {[39m
[31m        /* fire events that update state */[39m
[31m      });[39m
[31m      /* assert on the output */[39m
[31m      [39m
[31m      This ensures that you're testing the behavior the user would see in the browser. Learn more at https://reactjs.org/link/wrap-tests-with-act[39m
[31m          at renderCallbackProps (/Users/hirosato/Downloads/Cryptrade/node_modules/@testing-library/react/dist/pure.js:329:5)[39m
[2m[22m
[2m    [0m [90m 409 |[39m         [22m
[2m     [90m 410 |[39m         [90m// Update cache[39m[22m
[2m    [31m[1m>[22m[2m[39m[90m 411 |[39m         [36mset[39m({[22m
[2m     [90m     |[39m         [31m[1m^[22m[2m[39m[22m
[2m     [90m 412 |[39m           performanceMetrics[33m:[39m metrics[33m,[39m[22m
[2m     [90m 413 |[39m           lastCalculated[33m:[39m now[22m
[2m     [90m 414 |[39m         })[33m;[39m[0m[22m
[2m[22m
[2m      [2mat [22m[2mnode_modules/@jest/environment-jsdom-abstract/node_modules/jest-mock/build/index.js[2m:305:39[22m[2m[22m
[2m      [2mat printWarning ([22m[2mnode_modules/react-dom/cjs/react-dom.development.js[2m:86:30)[22m[2m[22m
[2m      [2mat error ([22m[2mnode_modules/react-dom/cjs/react-dom.development.js[2m:60:7)[22m[2m[22m
[2m      [2mat warnIfUpdatesNotWrappedWithActDEV ([22m[2mnode_modules/react-dom/cjs/react-dom.development.js[2m:27628:9)[22m[2m[22m
[2m      [2mat scheduleUpdateOnFiber ([22m[2mnode_modules/react-dom/cjs/react-dom.development.js[2m:25547:5)[22m[2m[22m
[2m      [2mat forceStoreRerender ([22m[2mnode_modules/react-dom/cjs/react-dom.development.js[2m:16158:5)[22m[2m[22m
[2m      [2mat handleStoreChange ([22m[2mnode_modules/react-dom/cjs/react-dom.development.js[2m:16134:7)[22m[2m[22m
[2m      [2mat [22m[2mnode_modules/zustand/vanilla.js[2m:11:39[22m[2m[22m
[2m          at Set.forEach (<anonymous>)[22m
[2m      [2mat setState ([22m[2mnode_modules/zustand/vanilla.js[2m:11:17)[22m[2m[22m
[2m      [2mat Object.getPerformanceMetrics ([22m[2mstore/analysis-history.store.ts[2m:411:9)[22m[2m[22m
[2m      [2mat Object.<anonymous> ([22m[2mtests/unit/store/analysis-history.store.test.ts[2m:1271:39)[22m[2m[22m

    [2m[31mconsole.error[39m[22m
[31m      Warning: An update to TestComponent inside a test was not wrapped in act(...).[39m
[31m      [39m
[31m      When testing, code that causes React state updates should be wrapped into act(...):[39m
[31m      [39m
[31m      act(() => {[39m
[31m        /* fire events that update state */[39m
[31m      });[39m
[31m      /* assert on the output */[39m
[31m      [39m
[31m      This ensures that you're testing the behavior the user would see in the browser. Learn more at https://reactjs.org/link/wrap-tests-with-act[39m
[31m          at renderCallbackProps (/Users/hirosato/Downloads/Cryptrade/node_modules/@testing-library/react/dist/pure.js:329:5)[39m
[2m[22m
[2m    [0m [90m 409 |[39m         [22m
[2m     [90m 410 |[39m         [90m// Update cache[39m[22m
[2m    [31m[1m>[22m[2m[39m[90m 411 |[39m         [36mset[39m({[22m
[2m     [90m     |[39m         [31m[1m^[22m[2m[39m[22m
[2m     [90m 412 |[39m           performanceMetrics[33m:[39m metrics[33m,[39m[22m
[2m     [90m 413 |[39m           lastCalculated[33m:[39m now[22m
[2m     [90m 414 |[39m         })[33m;[39m[0m[22m
[2m[22m
[2m      [2mat [22m[2mnode_modules/@jest/environment-jsdom-abstract/node_modules/jest-mock/build/index.js[2m:305:39[22m[2m[22m
[2m      [2mat printWarning ([22m[2mnode_modules/react-dom/cjs/react-dom.development.js[2m:86:30)[22m[2m[22m
[2m      [2mat error ([22m[2mnode_modules/react-dom/cjs/react-dom.development.js[2m:60:7)[22m[2m[22m
[2m      [2mat warnIfUpdatesNotWrappedWithActDEV ([22m[2mnode_modules/react-dom/cjs/react-dom.development.js[2m:27628:9)[22m[2m[22m
[2m      [2mat scheduleUpdateOnFiber ([22m[2mnode_modules/react-dom/cjs/react-dom.development.js[2m:25547:5)[22m[2m[22m
[2m      [2mat forceStoreRerender ([22m[2mnode_modules/react-dom/cjs/react-dom.development.js[2m:16158:5)[22m[2m[22m
[2m      [2mat handleStoreChange ([22m[2mnode_modules/react-dom/cjs/react-dom.development.js[2m:16134:7)[22m[2m[22m
[2m      [2mat [22m[2mnode_modules/zustand/vanilla.js[2m:11:39[22m[2m[22m
[2m          at Set.forEach (<anonymous>)[22m
[2m      [2mat setState ([22m[2mnode_modules/zustand/vanilla.js[2m:11:17)[22m[2m[22m
[2m      [2mat Object.getPerformanceMetrics ([22m[2mstore/analysis-history.store.ts[2m:411:9)[22m[2m[22m
[2m      [2mat Object.<anonymous> ([22m[2mtests/unit/store/analysis-history.store.test.ts[2m:1283:22)[22m[2m[22m

    [2m[31mconsole.error[39m[22m
[31m      Warning: An update to TestComponent inside a test was not wrapped in act(...).[39m
[31m      [39m
[31m      When testing, code that causes React state updates should be wrapped into act(...):[39m
[31m      [39m
[31m      act(() => {[39m
[31m        /* fire events that update state */[39m
[31m      });[39m
[31m      /* assert on the output */[39m
[31m      [39m
[31m      This ensures that you're testing the behavior the user would see in the browser. Learn more at https://reactjs.org/link/wrap-tests-with-act[39m
[31m          at renderCallbackProps (/Users/hirosato/Downloads/Cryptrade/node_modules/@testing-library/react/dist/pure.js:329:5)[39m
[2m[22m
[2m    [0m [90m 232 |[39m             }[22m
[2m     [90m 233 |[39m[22m
[2m    [31m[1m>[22m[2m[39m[90m 234 |[39m             [36mset[39m((state) [33m=>[39m {[22m
[2m     [90m     |[39m             [31m[1m^[22m[2m[39m[22m
[2m     [90m 235 |[39m               [36mconst[39m updatedRecords[33m:[39m [33mAnalysisRecord[39m[] [33m=[39m state[33m.[39mrecords[33m.[39mmap((r) [33m=>[39m[22m
[2m     [90m 236 |[39m                 r[33m.[39mid [33m===[39m id[22m
[2m     [90m 237 |[39m                   [33m?[39m {[0m[22m
[2m[22m
[2m      [2mat [22m[2mnode_modules/@jest/environment-jsdom-abstract/node_modules/jest-mock/build/index.js[2m:305:39[22m[2m[22m
[2m      [2mat printWarning ([22m[2mnode_modules/react-dom/cjs/react-dom.development.js[2m:86:30)[22m[2m[22m
[2m      [2mat error ([22m[2mnode_modules/react-dom/cjs/react-dom.development.js[2m:60:7)[22m[2m[22m
[2m      [2mat warnIfUpdatesNotWrappedWithActDEV ([22m[2mnode_modules/react-dom/cjs/react-dom.development.js[2m:27628:9)[22m[2m[22m
[2m      [2mat scheduleUpdateOnFiber ([22m[2mnode_modules/react-dom/cjs/react-dom.development.js[2m:25547:5)[22m[2m[22m
[2m      [2mat forceStoreRerender ([22m[2mnode_modules/react-dom/cjs/react-dom.development.js[2m:16158:5)[22m[2m[22m
[2m      [2mat handleStoreChange ([22m[2mnode_modules/react-dom/cjs/react-dom.development.js[2m:16134:7)[22m[2m[22m
[2m      [2mat [22m[2mnode_modules/zustand/vanilla.js[2m:11:39[22m[2m[22m
[2m          at Set.forEach (<anonymous>)[22m
[2m      [2mat setState ([22m[2mnode_modules/zustand/vanilla.js[2m:11:17)[22m[2m[22m
[2m      [2mat Object.updateRecord ([22m[2mstore/analysis-history.store.ts[2m:234:13)[22m[2m[22m

[0m[7m[1m[32m PASS [39m[22m[27m[0m [0m[7m[37m unit [39m[27m[0m [2mtests/unit/lib/api/[22m[1mstreaming.test.ts[22m
[0m[7m[1m[32m PASS [39m[22m[27m[0m [0m[7m[37m integration [39m[27m[0m [2mtests/integration/[22m[1mmulti-timeframe-analysis.test.ts[22m
  [1m● [22mConsole

    [2mconsole.log[22m
      [MSW] Loaded 7 default handlers
[2m[22m
[2m      [2mat Object.<anonymous> ([22m[2mtests/setup/msw-setup.ts[2m:18:13)[22m[2m[22m

[0m[7m[1m[32m PASS [39m[22m[27m[0m [0m[7m[37m unit [39m[27m[0m [2mtests/unit/lib/ml/[22m[1mstreaming-ml-analyzer.test.ts[22m ([0m[1m[41m14.508 s[49m[22m[0m)
[0m[7m[1m[32m PASS [39m[22m[27m[0m [0m[7m[37m unit [39m[27m[0m [2mtests/unit/lib/ws/[22m[1mreconnect.test.ts[22m
[0m[7m[1m[32m PASS [39m[22m[27m[0m [0m[7m[37m unit [39m[27m[0m [2mlib/mastra/tools/proposal-generation/generators/__tests__/[22m[1mpattern-generator.test.ts[22m
  [1m● [22mConsole

    [2mconsole.log[22m
      [MSW] Loaded 7 default handlers
[2m[22m
[2m      [2mat Object.<anonymous> ([22m[2mtests/setup/msw-setup.ts[2m:18:13)[22m[2m[22m

[0m[7m[1m[32m PASS [39m[22m[27m[0m [0m[7m[37m integration [39m[27m[0m [2mtests/integration/[22m[1mrate-limit-persistence.test.ts[22m
  [1m● [22mConsole

    [2mconsole.log[22m
      [MSW] Loaded 7 default handlers
[2m[22m
[2m      [2mat Object.<anonymous> ([22m[2mtests/setup/msw-setup.ts[2m:18:13)[22m[2m[22m

    [2m[33mconsole.warn[39m[22m
[33m      [RateLimit] Using memory fallback (not persistent across restarts)[39m
[2m[22m
[2m    [0m [90m 347 |[39m   [22m
[2m     [90m 348 |[39m   [90m// Final fallback to memory-based rate limiting[39m[22m
[2m    [31m[1m>[22m[2m[39m[90m 349 |[39m   console[33m.[39mwarn([32m'[RateLimit] Using memory fallback (not persistent across restarts)'[39m)[33m;[39m[22m
[2m     [90m     |[39m           [31m[1m^[22m[2m[39m[22m
[2m     [90m 350 |[39m   [36mreturn[39m memoryRateLimit(key[33m,[39m config)[33m;[39m[22m
[2m     [90m 351 |[39m }[22m
[2m     [90m 352 |[39m[0m[22m
[2m[22m
[2m      [2mat [22m[2mnode_modules/jest-mock/build/index.js[2m:397:39[22m[2m[22m
[2m      [2mat checkRateLimit ([22m[2mlib/api/rate-limit-persistent.ts[2m:349:11)[22m[2m[22m
[2m      [2mat Object.<anonymous> ([22m[2mtests/integration/rate-limit-persistence.test.ts[2m:59:41)[22m[2m[22m

    [2m[33mconsole.warn[39m[22m
[33m      [RateLimit] Using memory fallback (not persistent across restarts)[39m
[2m[22m
[2m    [0m [90m 347 |[39m   [22m
[2m     [90m 348 |[39m   [90m// Final fallback to memory-based rate limiting[39m[22m
[2m    [31m[1m>[22m[2m[39m[90m 349 |[39m   console[33m.[39mwarn([32m'[RateLimit] Using memory fallback (not persistent across restarts)'[39m)[33m;[39m[22m
[2m     [90m     |[39m           [31m[1m^[22m[2m[39m[22m
[2m     [90m 350 |[39m   [36mreturn[39m memoryRateLimit(key[33m,[39m config)[33m;[39m[22m
[2m     [90m 351 |[39m }[22m
[2m     [90m 352 |[39m[0m[22m
[2m[22m
[2m      [2mat [22m[2mnode_modules/jest-mock/build/index.js[2m:397:39[22m[2m[22m
[2m      [2mat checkRateLimit ([22m[2mlib/api/rate-limit-persistent.ts[2m:349:11)[22m[2m[22m
[2m      [2mat Object.<anonymous> ([22m[2mtests/integration/rate-limit-persistence.test.ts[2m:63:41)[22m[2m[22m

    [2m[33mconsole.warn[39m[22m
[33m      [RateLimit] Using memory fallback (not persistent across restarts)[39m
[2m[22m
[2m    [0m [90m 347 |[39m   [22m
[2m     [90m 348 |[39m   [90m// Final fallback to memory-based rate limiting[39m[22m
[2m    [31m[1m>[22m[2m[39m[90m 349 |[39m   console[33m.[39mwarn([32m'[RateLimit] Using memory fallback (not persistent across restarts)'[39m)[33m;[39m[22m
[2m     [90m     |[39m           [31m[1m^[22m[2m[39m[22m
[2m     [90m 350 |[39m   [36mreturn[39m memoryRateLimit(key[33m,[39m config)[33m;[39m[22m
[2m     [90m 351 |[39m }[22m
[2m     [90m 352 |[39m[0m[22m
[2m[22m
[2m      [2mat [22m[2mnode_modules/jest-mock/build/index.js[2m:397:39[22m[2m[22m
[2m      [2mat checkRateLimit ([22m[2mlib/api/rate-limit-persistent.ts[2m:349:11)[22m[2m[22m
[2m      [2mat Object.<anonymous> ([22m[2mtests/integration/rate-limit-persistence.test.ts[2m:67:41)[22m[2m[22m

    [2m[33mconsole.warn[39m[22m
[33m      [RateLimit] Using memory fallback (not persistent across restarts)[39m
[2m[22m
[2m    [0m [90m 347 |[39m   [22m
[2m     [90m 348 |[39m   [90m// Final fallback to memory-based rate limiting[39m[22m
[2m    [31m[1m>[22m[2m[39m[90m 349 |[39m   console[33m.[39mwarn([32m'[RateLimit] Using memory fallback (not persistent across restarts)'[39m)[33m;[39m[22m
[2m     [90m     |[39m           [31m[1m^[22m[2m[39m[22m
[2m     [90m 350 |[39m   [36mreturn[39m memoryRateLimit(key[33m,[39m config)[33m;[39m[22m
[2m     [90m 351 |[39m }[22m
[2m     [90m 352 |[39m[0m[22m
[2m[22m
[2m      [2mat [22m[2mnode_modules/jest-mock/build/index.js[2m:397:39[22m[2m[22m
[2m      [2mat checkRateLimit ([22m[2mlib/api/rate-limit-persistent.ts[2m:349:11)[22m[2m[22m
[2m      [2mat Object.<anonymous> ([22m[2mtests/integration/rate-limit-persistence.test.ts[2m:72:41)[22m[2m[22m

    [2m[33mconsole.warn[39m[22m
[33m      [RateLimit] Using memory fallback (not persistent across restarts)[39m
[2m[22m
[2m    [0m [90m 347 |[39m   [22m
[2m     [90m 348 |[39m   [90m// Final fallback to memory-based rate limiting[39m[22m
[2m    [31m[1m>[22m[2m[39m[90m 349 |[39m   console[33m.[39mwarn([32m'[RateLimit] Using memory fallback (not persistent across restarts)'[39m)[33m;[39m[22m
[2m     [90m     |[39m           [31m[1m^[22m[2m[39m[22m
[2m     [90m 350 |[39m   [36mreturn[39m memoryRateLimit(key[33m,[39m config)[33m;[39m[22m
[2m     [90m 351 |[39m }[22m
[2m     [90m 352 |[39m[0m[22m
[2m[22m
[2m      [2mat [22m[2mnode_modules/jest-mock/build/index.js[2m:397:39[22m[2m[22m
[2m      [2mat checkRateLimit ([22m[2mlib/api/rate-limit-persistent.ts[2m:349:11)[22m[2m[22m
[2m      [2mat Object.<anonymous> ([22m[2mtests/integration/rate-limit-persistence.test.ts[2m:88:40)[22m[2m[22m

    [2m[33mconsole.warn[39m[22m
[33m      [RateLimit] Using memory fallback (not persistent across restarts)[39m
[2m[22m
[2m    [0m [90m 347 |[39m   [22m
[2m     [90m 348 |[39m   [90m// Final fallback to memory-based rate limiting[39m[22m
[2m    [31m[1m>[22m[2m[39m[90m 349 |[39m   console[33m.[39mwarn([32m'[RateLimit] Using memory fallback (not persistent across restarts)'[39m)[33m;[39m[22m
[2m     [90m     |[39m           [31m[1m^[22m[2m[39m[22m
[2m     [90m 350 |[39m   [36mreturn[39m memoryRateLimit(key[33m,[39m config)[33m;[39m[22m
[2m     [90m 351 |[39m }[22m
[2m     [90m 352 |[39m[0m[22m
[2m[22m
[2m      [2mat [22m[2mnode_modules/jest-mock/build/index.js[2m:397:39[22m[2m[22m
[2m      [2mat checkRateLimit ([22m[2mlib/api/rate-limit-persistent.ts[2m:349:11)[22m[2m[22m
[2m      [2mat Object.<anonymous> ([22m[2mtests/integration/rate-limit-persistence.test.ts[2m:102:41)[22m[2m[22m

    [2m[33mconsole.warn[39m[22m
[33m      [RateLimit] Using memory fallback (not persistent across restarts)[39m
[2m[22m
[2m    [0m [90m 347 |[39m   [22m
[2m     [90m 348 |[39m   [90m// Final fallback to memory-based rate limiting[39m[22m
[2m    [31m[1m>[22m[2m[39m[90m 349 |[39m   console[33m.[39mwarn([32m'[RateLimit] Using memory fallback (not persistent across restarts)'[39m)[33m;[39m[22m
[2m     [90m     |[39m           [31m[1m^[22m[2m[39m[22m
[2m     [90m 350 |[39m   [36mreturn[39m memoryRateLimit(key[33m,[39m config)[33m;[39m[22m
[2m     [90m 351 |[39m }[22m
[2m     [90m 352 |[39m[0m[22m
[2m[22m
[2m      [2mat [22m[2mnode_modules/jest-mock/build/index.js[2m:397:39[22m[2m[22m
[2m      [2mat checkRateLimit ([22m[2mlib/api/rate-limit-persistent.ts[2m:349:11)[22m[2m[22m
[2m      [2mat Object.<anonymous> ([22m[2mtests/integration/rate-limit-persistence.test.ts[2m:109:41)[22m[2m[22m

    [2m[33mconsole.warn[39m[22m
[33m      [RateLimit] Using memory fallback (not persistent across restarts)[39m
[2m[22m
[2m    [0m [90m 347 |[39m   [22m
[2m     [90m 348 |[39m   [90m// Final fallback to memory-based rate limiting[39m[22m
[2m    [31m[1m>[22m[2m[39m[90m 349 |[39m   console[33m.[39mwarn([32m'[RateLimit] Using memory fallback (not persistent across restarts)'[39m)[33m;[39m[22m
[2m     [90m     |[39m           [31m[1m^[22m[2m[39m[22m
[2m     [90m 350 |[39m   [36mreturn[39m memoryRateLimit(key[33m,[39m config)[33m;[39m[22m
[2m     [90m 351 |[39m }[22m
[2m     [90m 352 |[39m[0m[22m
[2m[22m
[2m      [2mat [22m[2mnode_modules/jest-mock/build/index.js[2m:397:39[22m[2m[22m
[2m      [2mat checkRateLimit ([22m[2mlib/api/rate-limit-persistent.ts[2m:349:11)[22m[2m[22m
[2m      [2mat Object.<anonymous> ([22m[2mtests/integration/rate-limit-persistence.test.ts[2m:113:41)[22m[2m[22m

[0m[7m[1m[32m PASS [39m[22m[27m[0m [0m[7m[37m unit [39m[27m[0m [2mtests/unit/lib/utils/[22m[1mretry-with-circuit-breaker.test.ts[22m
[0m[7m[1m[32m PASS [39m[22m[27m[0m [0m[7m[37m unit [39m[27m[0m [2mtests/unit/hooks/base/__tests__/[22m[1muse-streaming.test.ts[22m
[0m[7m[1m[32m PASS [39m[22m[27m[0m [0m[7m[37m unit [39m[27m[0m [2mtests/unit/lib/utils/[22m[1mconcurrent.test.ts[22m
[0m[7m[1m[32m PASS [39m[22m[27m[0m [0m[7m[37m unit [39m[27m[0m [2mtests/unit/components/home/[22m[1mHomeView.test.tsx[22m
[0m[7m[1m[32m PASS [39m[22m[27m[0m [0m[7m[37m unit [39m[27m[0m [2mtests/unit/lib/ws/[22m[1merror-handling.test.ts[22m
[0m[7m[1m[32m PASS [39m[22m[27m[0m [0m[7m[37m unit [39m[27m[0m [2mtests/unit/lib/api/[22m[1mrate-limit-persistent.test.ts[22m
  [1m● [22mConsole

    [2m[33mconsole.warn[39m[22m
[33m      [RateLimit] Using memory fallback (not persistent across restarts)[39m
[2m[22m
[2m    [0m [90m 347 |[39m   [22m
[2m     [90m 348 |[39m   [90m// Final fallback to memory-based rate limiting[39m[22m
[2m    [31m[1m>[22m[2m[39m[90m 349 |[39m   console[33m.[39mwarn([32m'[RateLimit] Using memory fallback (not persistent across restarts)'[39m)[33m;[39m[22m
[2m     [90m     |[39m           [31m[1m^[22m[2m[39m[22m
[2m     [90m 350 |[39m   [36mreturn[39m memoryRateLimit(key[33m,[39m config)[33m;[39m[22m
[2m     [90m 351 |[39m }[22m
[2m     [90m 352 |[39m[0m[22m
[2m[22m
[2m      [2mat [22m[2mnode_modules/@jest/environment-jsdom-abstract/node_modules/jest-mock/build/index.js[2m:305:39[22m[2m[22m
[2m      [2mat checkRateLimit ([22m[2mlib/api/rate-limit-persistent.ts[2m:349:11)[22m[2m[22m
[2m      [2mat Object.<anonymous> ([22m[2mtests/unit/lib/api/rate-limit-persistent.test.ts[2m:20:43)[22m[2m[22m

    [2m[33mconsole.warn[39m[22m
[33m      [RateLimit] Using memory fallback (not persistent across restarts)[39m
[2m[22m
[2m    [0m [90m 347 |[39m   [22m
[2m     [90m 348 |[39m   [90m// Final fallback to memory-based rate limiting[39m[22m
[2m    [31m[1m>[22m[2m[39m[90m 349 |[39m   console[33m.[39mwarn([32m'[RateLimit] Using memory fallback (not persistent across restarts)'[39m)[33m;[39m[22m
[2m     [90m     |[39m           [31m[1m^[22m[2m[39m[22m
[2m     [90m 350 |[39m   [36mreturn[39m memoryRateLimit(key[33m,[39m config)[33m;[39m[22m
[2m     [90m 351 |[39m }[22m
[2m     [90m 352 |[39m[0m[22m
[2m[22m
[2m      [2mat [22m[2mnode_modules/@jest/environment-jsdom-abstract/node_modules/jest-mock/build/index.js[2m:305:39[22m[2m[22m
[2m      [2mat checkRateLimit ([22m[2mlib/api/rate-limit-persistent.ts[2m:349:11)[22m[2m[22m
[2m      [2mat Object.<anonymous> ([22m[2mtests/unit/lib/api/rate-limit-persistent.test.ts[2m:25:43)[22m[2m[22m

    [2m[33mconsole.warn[39m[22m
[33m      [RateLimit] Using memory fallback (not persistent across restarts)[39m
[2m[22m
[2m    [0m [90m 347 |[39m   [22m
[2m     [90m 348 |[39m   [90m// Final fallback to memory-based rate limiting[39m[22m
[2m    [31m[1m>[22m[2m[39m[90m 349 |[39m   console[33m.[39mwarn([32m'[RateLimit] Using memory fallback (not persistent across restarts)'[39m)[33m;[39m[22m
[2m     [90m     |[39m           [31m[1m^[22m[2m[39m[22m
[2m     [90m 350 |[39m   [36mreturn[39m memoryRateLimit(key[33m,[39m config)[33m;[39m[22m
[2m     [90m 351 |[39m }[22m
[2m     [90m 352 |[39m[0m[22m
[2m[22m
[2m      [2mat [22m[2mnode_modules/@jest/environment-jsdom-abstract/node_modules/jest-mock/build/index.js[2m:305:39[22m[2m[22m
[2m      [2mat checkRateLimit ([22m[2mlib/api/rate-limit-persistent.ts[2m:349:11)[22m[2m[22m
[2m      [2mat Object.<anonymous> ([22m[2mtests/unit/lib/api/rate-limit-persistent.test.ts[2m:30:43)[22m[2m[22m

    [2m[33mconsole.warn[39m[22m
[33m      [RateLimit] Using memory fallback (not persistent across restarts)[39m
[2m[22m
[2m    [0m [90m 347 |[39m   [22m
[2m     [90m 348 |[39m   [90m// Final fallback to memory-based rate limiting[39m[22m
[2m    [31m[1m>[22m[2m[39m[90m 349 |[39m   console[33m.[39mwarn([32m'[RateLimit] Using memory fallback (not persistent across restarts)'[39m)[33m;[39m[22m
[2m     [90m     |[39m           [31m[1m^[22m[2m[39m[22m
[2m     [90m 350 |[39m   [36mreturn[39m memoryRateLimit(key[33m,[39m config)[33m;[39m[22m
[2m     [90m 351 |[39m }[22m
[2m     [90m 352 |[39m[0m[22m
[2m[22m
[2m      [2mat [22m[2mnode_modules/@jest/environment-jsdom-abstract/node_modules/jest-mock/build/index.js[2m:305:39[22m[2m[22m
[2m      [2mat checkRateLimit ([22m[2mlib/api/rate-limit-persistent.ts[2m:349:11)[22m[2m[22m
[2m      [2mat Object.<anonymous> ([22m[2mtests/unit/lib/api/rate-limit-persistent.test.ts[2m:40:27)[22m[2m[22m

    [2m[33mconsole.warn[39m[22m
[33m      [RateLimit] Using memory fallback (not persistent across restarts)[39m
[2m[22m
[2m    [0m [90m 347 |[39m   [22m
[2m     [90m 348 |[39m   [90m// Final fallback to memory-based rate limiting[39m[22m
[2m    [31m[1m>[22m[2m[39m[90m 349 |[39m   console[33m.[39mwarn([32m'[RateLimit] Using memory fallback (not persistent across restarts)'[39m)[33m;[39m[22m
[2m     [90m     |[39m           [31m[1m^[22m[2m[39m[22m
[2m     [90m 350 |[39m   [36mreturn[39m memoryRateLimit(key[33m,[39m config)[33m;[39m[22m
[2m     [90m 351 |[39m }[22m
[2m     [90m 352 |[39m[0m[22m
[2m[22m
[2m      [2mat [22m[2mnode_modules/@jest/environment-jsdom-abstract/node_modules/jest-mock/build/index.js[2m:305:39[22m[2m[22m
[2m      [2mat checkRateLimit ([22m[2mlib/api/rate-limit-persistent.ts[2m:349:11)[22m[2m[22m
[2m      [2mat Object.<anonymous> ([22m[2mtests/unit/lib/api/rate-limit-persistent.test.ts[2m:41:27)[22m[2m[22m

    [2m[33mconsole.warn[39m[22m
[33m      [RateLimit] Using memory fallback (not persistent across restarts)[39m
[2m[22m
[2m    [0m [90m 347 |[39m   [22m
[2m     [90m 348 |[39m   [90m// Final fallback to memory-based rate limiting[39m[22m
[2m    [31m[1m>[22m[2m[39m[90m 349 |[39m   console[33m.[39mwarn([32m'[RateLimit] Using memory fallback (not persistent across restarts)'[39m)[33m;[39m[22m
[2m     [90m     |[39m           [31m[1m^[22m[2m[39m[22m
[2m     [90m 350 |[39m   [36mreturn[39m memoryRateLimit(key[33m,[39m config)[33m;[39m[22m
[2m     [90m 351 |[39m }[22m
[2m     [90m 352 |[39m[0m[22m
[2m[22m
[2m      [2mat [22m[2mnode_modules/@jest/environment-jsdom-abstract/node_modules/jest-mock/build/index.js[2m:305:39[22m[2m[22m
[2m      [2mat checkRateLimit ([22m[2mlib/api/rate-limit-persistent.ts[2m:349:11)[22m[2m[22m
[2m      [2mat Object.<anonymous> ([22m[2mtests/unit/lib/api/rate-limit-persistent.test.ts[2m:44:42)[22m[2m[22m

    [2m[33mconsole.warn[39m[22m
[33m      [RateLimit] Using memory fallback (not persistent across restarts)[39m
[2m[22m
[2m    [0m [90m 347 |[39m   [22m
[2m     [90m 348 |[39m   [90m// Final fallback to memory-based rate limiting[39m[22m
[2m    [31m[1m>[22m[2m[39m[90m 349 |[39m   console[33m.[39mwarn([32m'[RateLimit] Using memory fallback (not persistent across restarts)'[39m)[33m;[39m[22m
[2m     [90m     |[39m           [31m[1m^[22m[2m[39m[22m
[2m     [90m 350 |[39m   [36mreturn[39m memoryRateLimit(key[33m,[39m config)[33m;[39m[22m
[2m     [90m 351 |[39m }[22m
[2m     [90m 352 |[39m[0m[22m
[2m[22m
[2m      [2mat [22m[2mnode_modules/@jest/environment-jsdom-abstract/node_modules/jest-mock/build/index.js[2m:305:39[22m[2m[22m
[2m      [2mat checkRateLimit ([22m[2mlib/api/rate-limit-persistent.ts[2m:349:11)[22m[2m[22m
[2m      [2mat Object.<anonymous> ([22m[2mtests/unit/lib/api/rate-limit-persistent.test.ts[2m:56:43)[22m[2m[22m

    [2m[33mconsole.warn[39m[22m
[33m      [RateLimit] Using memory fallback (not persistent across restarts)[39m
[2m[22m
[2m    [0m [90m 347 |[39m   [22m
[2m     [90m 348 |[39m   [90m// Final fallback to memory-based rate limiting[39m[22m
[2m    [31m[1m>[22m[2m[39m[90m 349 |[39m   console[33m.[39mwarn([32m'[RateLimit] Using memory fallback (not persistent across restarts)'[39m)[33m;[39m[22m
[2m     [90m     |[39m           [31m[1m^[22m[2m[39m[22m
[2m     [90m 350 |[39m   [36mreturn[39m memoryRateLimit(key[33m,[39m config)[33m;[39m[22m
[2m     [90m 351 |[39m }[22m
[2m     [90m 352 |[39m[0m[22m
[2m[22m
[2m      [2mat [22m[2mnode_modules/@jest/environment-jsdom-abstract/node_modules/jest-mock/build/index.js[2m:305:39[22m[2m[22m
[2m      [2mat checkRateLimit ([22m[2mlib/api/rate-limit-persistent.ts[2m:349:11)[22m[2m[22m
[2m      [2mat Object.<anonymous> ([22m[2mtests/unit/lib/api/rate-limit-persistent.test.ts[2m:60:43)[22m[2m[22m

    [2m[33mconsole.warn[39m[22m
[33m      [RateLimit] Using memory fallback (not persistent across restarts)[39m
[2m[22m
[2m    [0m [90m 347 |[39m   [22m
[2m     [90m 348 |[39m   [90m// Final fallback to memory-based rate limiting[39m[22m
[2m    [31m[1m>[22m[2m[39m[90m 349 |[39m   console[33m.[39mwarn([32m'[RateLimit] Using memory fallback (not persistent across restarts)'[39m)[33m;[39m[22m
[2m     [90m     |[39m           [31m[1m^[22m[2m[39m[22m
[2m     [90m 350 |[39m   [36mreturn[39m memoryRateLimit(key[33m,[39m config)[33m;[39m[22m
[2m     [90m 351 |[39m }[22m
[2m     [90m 352 |[39m[0m[22m
[2m[22m
[2m      [2mat [22m[2mnode_modules/@jest/environment-jsdom-abstract/node_modules/jest-mock/build/index.js[2m:305:39[22m[2m[22m
[2m      [2mat checkRateLimit ([22m[2mlib/api/rate-limit-persistent.ts[2m:349:11)[22m[2m[22m
[2m      [2mat Object.<anonymous> ([22m[2mtests/unit/lib/api/rate-limit-persistent.test.ts[2m:67:43)[22m[2m[22m

    [2m[33mconsole.warn[39m[22m
[33m      [RateLimit] Using memory fallback (not persistent across restarts)[39m
[2m[22m
[2m    [0m [90m 347 |[39m   [22m
[2m     [90m 348 |[39m   [90m// Final fallback to memory-based rate limiting[39m[22m
[2m    [31m[1m>[22m[2m[39m[90m 349 |[39m   console[33m.[39mwarn([32m'[RateLimit] Using memory fallback (not persistent across restarts)'[39m)[33m;[39m[22m
[2m     [90m     |[39m           [31m[1m^[22m[2m[39m[22m
[2m     [90m 350 |[39m   [36mreturn[39m memoryRateLimit(key[33m,[39m config)[33m;[39m[22m
[2m     [90m 351 |[39m }[22m
[2m     [90m 352 |[39m[0m[22m
[2m[22m
[2m      [2mat [22m[2mnode_modules/@jest/environment-jsdom-abstract/node_modules/jest-mock/build/index.js[2m:305:39[22m[2m[22m
[2m      [2mat checkRateLimit ([22m[2mlib/api/rate-limit-persistent.ts[2m:349:11)[22m[2m[22m
[2m      [2mat Object.<anonymous> ([22m[2mtests/unit/lib/api/rate-limit-persistent.test.ts[2m:75:43)[22m[2m[22m

    [2m[33mconsole.warn[39m[22m
[33m      [RateLimit] Using memory fallback (not persistent across restarts)[39m
[2m[22m
[2m    [0m [90m 347 |[39m   [22m
[2m     [90m 348 |[39m   [90m// Final fallback to memory-based rate limiting[39m[22m
[2m    [31m[1m>[22m[2m[39m[90m 349 |[39m   console[33m.[39mwarn([32m'[RateLimit] Using memory fallback (not persistent across restarts)'[39m)[33m;[39m[22m
[2m     [90m     |[39m           [31m[1m^[22m[2m[39m[22m
[2m     [90m 350 |[39m   [36mreturn[39m memoryRateLimit(key[33m,[39m config)[33m;[39m[22m
[2m     [90m 351 |[39m }[22m
[2m     [90m 352 |[39m[0m[22m
[2m[22m
[2m      [2mat [22m[2mnode_modules/@jest/environment-jsdom-abstract/node_modules/jest-mock/build/index.js[2m:305:39[22m[2m[22m
[2m      [2mat checkRateLimit ([22m[2mlib/api/rate-limit-persistent.ts[2m:349:11)[22m[2m[22m
[2m      [2mat Object.<anonymous> ([22m[2mtests/unit/lib/api/rate-limit-persistent.test.ts[2m:79:43)[22m[2m[22m

    [2m[33mconsole.warn[39m[22m
[33m      [RateLimit] Using memory fallback (not persistent across restarts)[39m
[2m[22m
[2m    [0m [90m 347 |[39m   [22m
[2m     [90m 348 |[39m   [90m// Final fallback to memory-based rate limiting[39m[22m
[2m    [31m[1m>[22m[2m[39m[90m 349 |[39m   console[33m.[39mwarn([32m'[RateLimit] Using memory fallback (not persistent across restarts)'[39m)[33m;[39m[22m
[2m     [90m     |[39m           [31m[1m^[22m[2m[39m[22m
[2m     [90m 350 |[39m   [36mreturn[39m memoryRateLimit(key[33m,[39m config)[33m;[39m[22m
[2m     [90m 351 |[39m }[22m
[2m     [90m 352 |[39m[0m[22m
[2m[22m
[2m      [2mat [22m[2mnode_modules/@jest/environment-jsdom-abstract/node_modules/jest-mock/build/index.js[2m:305:39[22m[2m[22m
[2m      [2mat checkRateLimit ([22m[2mlib/api/rate-limit-persistent.ts[2m:349:11)[22m[2m[22m
[2m      [2mat Object.<anonymous> ([22m[2mtests/unit/lib/api/rate-limit-persistent.test.ts[2m:83:43)[22m[2m[22m

    [2m[33mconsole.warn[39m[22m
[33m      [RateLimit] Using memory fallback (not persistent across restarts)[39m
[2m[22m
[2m    [0m [90m 347 |[39m   [22m
[2m     [90m 348 |[39m   [90m// Final fallback to memory-based rate limiting[39m[22m
[2m    [31m[1m>[22m[2m[39m[90m 349 |[39m   console[33m.[39mwarn([32m'[RateLimit] Using memory fallback (not persistent across restarts)'[39m)[33m;[39m[22m
[2m     [90m     |[39m           [31m[1m^[22m[2m[39m[22m
[2m     [90m 350 |[39m   [36mreturn[39m memoryRateLimit(key[33m,[39m config)[33m;[39m[22m
[2m     [90m 351 |[39m }[22m
[2m     [90m 352 |[39m[0m[22m
[2m[22m
[2m      [2mat [22m[2mnode_modules/@jest/environment-jsdom-abstract/node_modules/jest-mock/build/index.js[2m:305:39[22m[2m[22m
[2m      [2mat checkRateLimit ([22m[2mlib/api/rate-limit-persistent.ts[2m:349:11)[22m[2m[22m
[2m      [2mat Object.<anonymous> ([22m[2mtests/unit/lib/api/rate-limit-persistent.test.ts[2m:92:42)[22m[2m[22m

    [2m[33mconsole.warn[39m[22m
[33m      [RateLimit] Using memory fallback (not persistent across restarts)[39m
[2m[22m
[2m    [0m [90m 347 |[39m   [22m
[2m     [90m 348 |[39m   [90m// Final fallback to memory-based rate limiting[39m[22m
[2m    [31m[1m>[22m[2m[39m[90m 349 |[39m   console[33m.[39mwarn([32m'[RateLimit] Using memory fallback (not persistent across restarts)'[39m)[33m;[39m[22m
[2m     [90m     |[39m           [31m[1m^[22m[2m[39m[22m
[2m     [90m 350 |[39m   [36mreturn[39m memoryRateLimit(key[33m,[39m config)[33m;[39m[22m
[2m     [90m 351 |[39m }[22m
[2m     [90m 352 |[39m[0m[22m
[2m[22m
[2m      [2mat [22m[2mnode_modules/@jest/environment-jsdom-abstract/node_modules/jest-mock/build/index.js[2m:305:39[22m[2m[22m
[2m      [2mat checkRateLimit ([22m[2mlib/api/rate-limit-persistent.ts[2m:349:11)[22m[2m[22m
[2m      [2mat [22m[2mtests/unit/lib/api/rate-limit-persistent.test.ts[2m:105:23[22m[2m[22m
[2m          at Array.map (<anonymous>)[22m
[2m      [2mat Object.<anonymous> ([22m[2mtests/unit/lib/api/rate-limit-persistent.test.ts[2m:104:44)[22m[2m[22m

    [2m[33mconsole.warn[39m[22m
[33m      [RateLimit] Using memory fallback (not persistent across restarts)[39m
[2m[22m
[2m    [0m [90m 347 |[39m   [22m
[2m     [90m 348 |[39m   [90m// Final fallback to memory-based rate limiting[39m[22m
[2m    [31m[1m>[22m[2m[39m[90m 349 |[39m   console[33m.[39mwarn([32m'[RateLimit] Using memory fallback (not persistent across restarts)'[39m)[33m;[39m[22m
[2m     [90m     |[39m           [31m[1m^[22m[2m[39m[22m
[2m     [90m 350 |[39m   [36mreturn[39m memoryRateLimit(key[33m,[39m config)[33m;[39m[22m
[2m     [90m 351 |[39m }[22m
[2m     [90m 352 |[39m[0m[22m
[2m[22m
[2m      [2mat [22m[2mnode_modules/@jest/environment-jsdom-abstract/node_modules/jest-mock/build/index.js[2m:305:39[22m[2m[22m
[2m      [2mat checkRateLimit ([22m[2mlib/api/rate-limit-persistent.ts[2m:349:11)[22m[2m[22m
[2m      [2mat [22m[2mtests/unit/lib/api/rate-limit-persistent.test.ts[2m:105:23[22m[2m[22m
[2m          at Array.map (<anonymous>)[22m
[2m      [2mat Object.<anonymous> ([22m[2mtests/unit/lib/api/rate-limit-persistent.test.ts[2m:104:44)[22m[2m[22m

    [2m[33mconsole.warn[39m[22m
[33m      [RateLimit] Using memory fallback (not persistent across restarts)[39m
[2m[22m
[2m    [0m [90m 347 |[39m   [22m
[2m     [90m 348 |[39m   [90m// Final fallback to memory-based rate limiting[39m[22m
[2m    [31m[1m>[22m[2m[39m[90m 349 |[39m   console[33m.[39mwarn([32m'[RateLimit] Using memory fallback (not persistent across restarts)'[39m)[33m;[39m[22m
[2m     [90m     |[39m           [31m[1m^[22m[2m[39m[22m
[2m     [90m 350 |[39m   [36mreturn[39m memoryRateLimit(key[33m,[39m config)[33m;[39m[22m
[2m     [90m 351 |[39m }[22m
[2m     [90m 352 |[39m[0m[22m
[2m[22m
[2m      [2mat [22m[2mnode_modules/@jest/environment-jsdom-abstract/node_modules/jest-mock/build/index.js[2m:305:39[22m[2m[22m
[2m      [2mat checkRateLimit ([22m[2mlib/api/rate-limit-persistent.ts[2m:349:11)[22m[2m[22m
[2m      [2mat [22m[2mtests/unit/lib/api/rate-limit-persistent.test.ts[2m:105:23[22m[2m[22m
[2m          at Array.map (<anonymous>)[22m
[2m      [2mat Object.<anonymous> ([22m[2mtests/unit/lib/api/rate-limit-persistent.test.ts[2m:104:44)[22m[2m[22m

    [2m[33mconsole.warn[39m[22m
[33m      [RateLimit] Using memory fallback (not persistent across restarts)[39m
[2m[22m
[2m    [0m [90m 347 |[39m   [22m
[2m     [90m 348 |[39m   [90m// Final fallback to memory-based rate limiting[39m[22m
[2m    [31m[1m>[22m[2m[39m[90m 349 |[39m   console[33m.[39mwarn([32m'[RateLimit] Using memory fallback (not persistent across restarts)'[39m)[33m;[39m[22m
[2m     [90m     |[39m           [31m[1m^[22m[2m[39m[22m
[2m     [90m 350 |[39m   [36mreturn[39m memoryRateLimit(key[33m,[39m config)[33m;[39m[22m
[2m     [90m 351 |[39m }[22m
[2m     [90m 352 |[39m[0m[22m
[2m[22m
[2m      [2mat [22m[2mnode_modules/@jest/environment-jsdom-abstract/node_modules/jest-mock/build/index.js[2m:305:39[22m[2m[22m
[2m      [2mat checkRateLimit ([22m[2mlib/api/rate-limit-persistent.ts[2m:349:11)[22m[2m[22m
[2m      [2mat [22m[2mtests/unit/lib/api/rate-limit-persistent.test.ts[2m:105:23[22m[2m[22m
[2m          at Array.map (<anonymous>)[22m
[2m      [2mat Object.<anonymous> ([22m[2mtests/unit/lib/api/rate-limit-persistent.test.ts[2m:104:44)[22m[2m[22m

    [2m[33mconsole.warn[39m[22m
[33m      [RateLimit] Using memory fallback (not persistent across restarts)[39m
[2m[22m
[2m    [0m [90m 347 |[39m   [22m
[2m     [90m 348 |[39m   [90m// Final fallback to memory-based rate limiting[39m[22m
[2m    [31m[1m>[22m[2m[39m[90m 349 |[39m   console[33m.[39mwarn([32m'[RateLimit] Using memory fallback (not persistent across restarts)'[39m)[33m;[39m[22m
[2m     [90m     |[39m           [31m[1m^[22m[2m[39m[22m
[2m     [90m 350 |[39m   [36mreturn[39m memoryRateLimit(key[33m,[39m config)[33m;[39m[22m
[2m     [90m 351 |[39m }[22m
[2m     [90m 352 |[39m[0m[22m
[2m[22m
[2m      [2mat [22m[2mnode_modules/@jest/environment-jsdom-abstract/node_modules/jest-mock/build/index.js[2m:305:39[22m[2m[22m
[2m      [2mat checkRateLimit ([22m[2mlib/api/rate-limit-persistent.ts[2m:349:11)[22m[2m[22m
[2m      [2mat [22m[2mtests/unit/lib/api/rate-limit-persistent.test.ts[2m:105:23[22m[2m[22m
[2m          at Array.map (<anonymous>)[22m
[2m      [2mat Object.<anonymous> ([22m[2mtests/unit/lib/api/rate-limit-persistent.test.ts[2m:104:44)[22m[2m[22m

    [2m[33mconsole.warn[39m[22m
[33m      [RateLimit] Using memory fallback (not persistent across restarts)[39m
[2m[22m
[2m    [0m [90m 347 |[39m   [22m
[2m     [90m 348 |[39m   [90m// Final fallback to memory-based rate limiting[39m[22m
[2m    [31m[1m>[22m[2m[39m[90m 349 |[39m   console[33m.[39mwarn([32m'[RateLimit] Using memory fallback (not persistent across restarts)'[39m)[33m;[39m[22m
[2m     [90m     |[39m           [31m[1m^[22m[2m[39m[22m
[2m     [90m 350 |[39m   [36mreturn[39m memoryRateLimit(key[33m,[39m config)[33m;[39m[22m
[2m     [90m 351 |[39m }[22m
[2m     [90m 352 |[39m[0m[22m
[2m[22m
[2m      [2mat [22m[2mnode_modules/@jest/environment-jsdom-abstract/node_modules/jest-mock/build/index.js[2m:305:39[22m[2m[22m
[2m      [2mat checkRateLimit ([22m[2mlib/api/rate-limit-persistent.ts[2m:349:11)[22m[2m[22m
[2m      [2mat Object.<anonymous> ([22m[2mtests/unit/lib/api/rate-limit-persistent.test.ts[2m:116:43)[22m[2m[22m

    [2m[33mconsole.warn[39m[22m
[33m      [RateLimit] Using memory fallback (not persistent across restarts)[39m
[2m[22m
[2m    [0m [90m 347 |[39m   [22m
[2m     [90m 348 |[39m   [90m// Final fallback to memory-based rate limiting[39m[22m
[2m    [31m[1m>[22m[2m[39m[90m 349 |[39m   console[33m.[39mwarn([32m'[RateLimit] Using memory fallback (not persistent across restarts)'[39m)[33m;[39m[22m
[2m     [90m     |[39m           [31m[1m^[22m[2m[39m[22m
[2m     [90m 350 |[39m   [36mreturn[39m memoryRateLimit(key[33m,[39m config)[33m;[39m[22m
[2m     [90m 351 |[39m }[22m
[2m     [90m 352 |[39m[0m[22m
[2m[22m
[2m      [2mat [22m[2mnode_modules/@jest/environment-jsdom-abstract/node_modules/jest-mock/build/index.js[2m:305:39[22m[2m[22m
[2m      [2mat checkRateLimit ([22m[2mlib/api/rate-limit-persistent.ts[2m:349:11)[22m[2m[22m
[2m      [2mat Object.<anonymous> ([22m[2mtests/unit/lib/api/rate-limit-persistent.test.ts[2m:124:42)[22m[2m[22m

    [2m[33mconsole.warn[39m[22m
[33m      [RateLimit] Using memory fallback (not persistent across restarts)[39m
[2m[22m
[2m    [0m [90m 347 |[39m   [22m
[2m     [90m 348 |[39m   [90m// Final fallback to memory-based rate limiting[39m[22m
[2m    [31m[1m>[22m[2m[39m[90m 349 |[39m   console[33m.[39mwarn([32m'[RateLimit] Using memory fallback (not persistent across restarts)'[39m)[33m;[39m[22m
[2m     [90m     |[39m           [31m[1m^[22m[2m[39m[22m
[2m     [90m 350 |[39m   [36mreturn[39m memoryRateLimit(key[33m,[39m config)[33m;[39m[22m
[2m     [90m 351 |[39m }[22m
[2m     [90m 352 |[39m[0m[22m
[2m[22m
[2m      [2mat [22m[2mnode_modules/@jest/environment-jsdom-abstract/node_modules/jest-mock/build/index.js[2m:305:39[22m[2m[22m
[2m      [2mat checkRateLimit ([22m[2mlib/api/rate-limit-persistent.ts[2m:349:11)[22m[2m[22m
[2m      [2mat Object.<anonymous> ([22m[2mtests/unit/lib/api/rate-limit-persistent.test.ts[2m:134:43)[22m[2m[22m

    [2m[33mconsole.warn[39m[22m
[33m      [RateLimit] Using memory fallback (not persistent across restarts)[39m
[2m[22m
[2m    [0m [90m 347 |[39m   [22m
[2m     [90m 348 |[39m   [90m// Final fallback to memory-based rate limiting[39m[22m
[2m    [31m[1m>[22m[2m[39m[90m 349 |[39m   console[33m.[39mwarn([32m'[RateLimit] Using memory fallback (not persistent across restarts)'[39m)[33m;[39m[22m
[2m     [90m     |[39m           [31m[1m^[22m[2m[39m[22m
[2m     [90m 350 |[39m   [36mreturn[39m memoryRateLimit(key[33m,[39m config)[33m;[39m[22m
[2m     [90m 351 |[39m }[22m
[2m     [90m 352 |[39m[0m[22m
[2m[22m
[2m      [2mat [22m[2mnode_modules/@jest/environment-jsdom-abstract/node_modules/jest-mock/build/index.js[2m:305:39[22m[2m[22m
[2m      [2mat checkRateLimit ([22m[2mlib/api/rate-limit-persistent.ts[2m:349:11)[22m[2m[22m
[2m      [2mat Object.<anonymous> ([22m[2mtests/unit/lib/api/rate-limit-persistent.test.ts[2m:137:43)[22m[2m[22m

    [2m[33mconsole.warn[39m[22m
[33m      [RateLimit] Using memory fallback (not persistent across restarts)[39m
[2m[22m
[2m    [0m [90m 347 |[39m   [22m
[2m     [90m 348 |[39m   [90m// Final fallback to memory-based rate limiting[39m[22m
[2m    [31m[1m>[22m[2m[39m[90m 349 |[39m   console[33m.[39mwarn([32m'[RateLimit] Using memory fallback (not persistent across restarts)'[39m)[33m;[39m[22m
[2m     [90m     |[39m           [31m[1m^[22m[2m[39m[22m
[2m     [90m 350 |[39m   [36mreturn[39m memoryRateLimit(key[33m,[39m config)[33m;[39m[22m
[2m     [90m 351 |[39m }[22m
[2m     [90m 352 |[39m[0m[22m
[2m[22m
[2m      [2mat [22m[2mnode_modules/@jest/environment-jsdom-abstract/node_modules/jest-mock/build/index.js[2m:305:39[22m[2m[22m
[2m      [2mat checkRateLimit ([22m[2mlib/api/rate-limit-persistent.ts[2m:349:11)[22m[2m[22m
[2m      [2mat Object.<anonymous> ([22m[2mtests/unit/lib/api/rate-limit-persistent.test.ts[2m:145:42)[22m[2m[22m

    [2m[33mconsole.warn[39m[22m
[33m      [RateLimit] Using memory fallback (not persistent across restarts)[39m
[2m[22m
[2m    [0m [90m 347 |[39m   [22m
[2m     [90m 348 |[39m   [90m// Final fallback to memory-based rate limiting[39m[22m
[2m    [31m[1m>[22m[2m[39m[90m 349 |[39m   console[33m.[39mwarn([32m'[RateLimit] Using memory fallback (not persistent across restarts)'[39m)[33m;[39m[22m
[2m     [90m     |[39m           [31m[1m^[22m[2m[39m[22m
[2m     [90m 350 |[39m   [36mreturn[39m memoryRateLimit(key[33m,[39m config)[33m;[39m[22m
[2m     [90m 351 |[39m }[22m
[2m     [90m 352 |[39m[0m[22m
[2m[22m
[2m      [2mat [22m[2mnode_modules/@jest/environment-jsdom-abstract/node_modules/jest-mock/build/index.js[2m:305:39[22m[2m[22m
[2m      [2mat checkRateLimit ([22m[2mlib/api/rate-limit-persistent.ts[2m:349:11)[22m[2m[22m
[2m      [2mat Object.<anonymous> ([22m[2mtests/unit/lib/api/rate-limit-persistent.test.ts[2m:154:42)[22m[2m[22m

[0m[7m[1m[32m PASS [39m[22m[27m[0m [0m[7m[37m integration [39m[27m[0m [2mtests/integration/ws/[22m[1mws-manager-advanced.test.ts[22m
  [1m● [22mConsole

    [2mconsole.log[22m
      [MSW] Loaded 7 default handlers
[2m[22m
[2m      [2mat Object.<anonymous> ([22m[2mtests/setup/msw-setup.ts[2m:18:13)[22m[2m[22m

[0m[7m[1m[32m PASS [39m[22m[27m[0m [0m[7m[37m unit [39m[27m[0m [2mtests/unit/lib/services/[22m[1mmarket-data-cache.service.test.ts[22m
[0m[7m[1m[32m PASS [39m[22m[27m[0m [0m[7m[37m unit [39m[27m[0m [2mtests/unit/lib/notifications/[22m[1mbrowser-notifications.test.ts[22m
[0m[7m[1m[32m PASS [39m[22m[27m[0m [0m[7m[37m unit [39m[27m[0m [2mtests/unit/lib/mastra/utils/[22m[1mfallback-handler.test.ts[22m
[0m[7m[1m[32m PASS [39m[22m[27m[0m [0m[7m[37m unit [39m[27m[0m [2mtests/unit/lib/mastra/tools/proposal-generation/utils/[22m[1mhelpers.test.ts[22m
[0m[7m[1m[32m PASS [39m[22m[27m[0m [0m[7m[37m unit [39m[27m[0m [2mtests/unit/lib/mastra/network/[22m[1mmessage-router.test.ts[22m
[0m[7m[1m[32m PASS [39m[22m[27m[0m [0m[7m[37m unit [39m[27m[0m [2mtests/unit/components/chat/__tests__/[22m[1mMessageInput.test.tsx[22m
[0m[7m[1m[32m PASS [39m[22m[27m[0m [0m[7m[37m unit [39m[27m[0m [2mtests/unit/lib/utils/[22m[1mdb-conversions.test.ts[22m
[0m[7m[1m[32m PASS [39m[22m[27m[0m [0m[7m[37m unit [39m[27m[0m [2mtests/unit/lib/utils/[22m[1mclient-env.test.ts[22m
[0m[7m[1m[32m PASS [39m[22m[27m[0m [0m[7m[37m unit [39m[27m[0m [2mtests/unit/lib/services/[22m[1menhanced-market-data.service.test.ts[22m
[0m[7m[1m[32m PASS [39m[22m[27m[0m [0m[7m[37m unit [39m[27m[0m [2mtests/unit/components/chart/__tests__/[22m[1mChartToolbar.test.tsx[22m
[0m[7m[1m[32m PASS [39m[22m[27m[0m [0m[7m[37m integration [39m[27m[0m [2mtests/integration/ws/[22m[1mws-manager-fixed.test.ts[22m
  [1m● [22mConsole

    [2mconsole.log[22m
      [MSW] Loaded 7 default handlers
[2m[22m
[2m      [2mat Object.<anonymous> ([22m[2mtests/setup/msw-setup.ts[2m:18:13)[22m[2m[22m

[0m[7m[1m[32m PASS [39m[22m[27m[0m [0m[7m[37m unit [39m[27m[0m [2mtests/unit/store/[22m[1mproposal-approval.store.test.ts[22m
[0m[7m[1m[32m PASS [39m[22m[27m[0m [0m[7m[37m unit [39m[27m[0m [2mtests/unit/lib/validation/[22m[1mchart-drawing.schema.test.ts[22m
[0m[7m[1m[32m PASS [39m[22m[27m[0m [0m[7m[37m unit [39m[27m[0m [2mtests/unit/components/chart/__tests__/[22m[1mCandlestickChart.test.tsx[22m
[0m[7m[1m[31m FAIL [39m[22m[27m[0m [0m[7m[37m integration [39m[27m[0m [2mtests/integration/[22m[1menhanced-conversation-flow.test.ts[22m
  [1m● [22mConsole

    [2mconsole.log[22m
      [MSW] Loaded 7 default handlers
[2m[22m
[2m      [2mat Object.<anonymous> ([22m[2mtests/setup/msw-setup.ts[2m:18:13)[22m[2m[22m

[1m[31m  [1m● [22m[1mEnhanced Conversation Flow Integration Tests › Simple Conversation Flow › should maintain context across multiple queries[39m[22m

    [2mexpect([22m[31mreceived[39m[2m).[22mtoBe[2m([22m[32mexpected[39m[2m) // Object.is equality[22m

    Expected: [32m"[7mETH[27mUSDT"[39m
    Received: [31m"[7mBTC[27mUSDT"[39m
[2m[22m
[2m    [0m [90m 206 |[39m         [90m// Should maintain ETH context[39m[22m
[2m     [90m 207 |[39m         [36mif[39m (response[33m.[39manalysis[33m.[39mextractedSymbol) {[22m
[2m    [31m[1m>[22m[2m[39m[90m 208 |[39m           expect(response[33m.[39manalysis[33m.[39mextractedSymbol)[33m.[39mtoBe([32m'ETHUSDT'[39m)[33m;[39m[22m
[2m     [90m     |[39m                                                     [31m[1m^[22m[2m[39m[22m
[2m     [90m 209 |[39m         }[22m
[2m     [90m 210 |[39m       }[22m
[2m     [90m 211 |[39m       [0m[22m
[2m[22m
[2m      [2mat Object.<anonymous> ([22m[2m[0m[36mtests/integration/enhanced-conversation-flow.test.ts[39m[0m[2m:208:53)[22m[2m[22m

[0m[7m[1m[32m PASS [39m[22m[27m[0m [0m[7m[37m unit [39m[27m[0m [2mtests/unit/components/chat/__tests__/[22m[1mChatPanel.test.tsx[22m
  [1m● [22mConsole

    [2m[31mconsole.error[39m[22m
[31m      Warning: Unknown event handler property `onValueChange`. It will be ignored.[39m
[31m          at div[39m
[31m          at div[39m
[31m          at Tabs (/Users/hirosato/Downloads/Cryptrade/tests/unit/components/chat/__tests__/ChatPanel.test.tsx:66:14)[39m
[31m          at ChatPanel (/Users/hirosato/Downloads/Cryptrade/components/chat/ChatPanel.tsx:28:45)[39m
[2m[22m
[2m    [0m [90m 162 |[39m   describe([32m'Basic Rendering'[39m[33m,[39m () [33m=>[39m {[22m
[2m     [90m 163 |[39m     it([32m'renders chat panel with tabs'[39m[33m,[39m () [33m=>[39m {[22m
[2m    [31m[1m>[22m[2m[39m[90m 164 |[39m       render([33m<[39m[33mChatPanel[39m [33m/[39m[33m>[39m)[22m
[2m     [90m     |[39m             [31m[1m^[22m[2m[39m[22m
[2m     [90m 165 |[39m       [22m
[2m     [90m 166 |[39m       expect(screen[33m.[39mgetByTestId([32m'tabs'[39m))[33m.[39mtoBeInTheDocument()[22m
[2m     [90m 167 |[39m       expect(screen[33m.[39mgetByTestId([32m'message-list'[39m))[33m.[39mtoBeInTheDocument()[0m[22m
[2m[22m
[2m      [2mat [22m[2mnode_modules/@jest/environment-jsdom-abstract/node_modules/jest-mock/build/index.js[2m:305:39[22m[2m[22m
[2m      [2mat printWarning ([22m[2mnode_modules/react-dom/cjs/react-dom.development.js[2m:86:30)[22m[2m[22m
[2m      [2mat error ([22m[2mnode_modules/react-dom/cjs/react-dom.development.js[2m:60:7)[22m[2m[22m
[2m      [2mat validateProperty$1 ([22m[2mnode_modules/react-dom/cjs/react-dom.development.js[2m:3692:9)[22m[2m[22m
[2m      [2mat warnUnknownProperties ([22m[2mnode_modules/react-dom/cjs/react-dom.development.js[2m:3803:21)[22m[2m[22m
[2m      [2mat validateProperties$2 ([22m[2mnode_modules/react-dom/cjs/react-dom.development.js[2m:3827:3)[22m[2m[22m
[2m      [2mat validatePropertiesInDevelopment ([22m[2mnode_modules/react-dom/cjs/react-dom.development.js[2m:9541:5)[22m[2m[22m
[2m      [2mat setInitialProperties ([22m[2mnode_modules/react-dom/cjs/react-dom.development.js[2m:9830:5)[22m[2m[22m
[2m      [2mat finalizeInitialChildren ([22m[2mnode_modules/react-dom/cjs/react-dom.development.js[2m:10950:3)[22m[2m[22m
[2m      [2mat completeWork ([22m[2mnode_modules/react-dom/cjs/react-dom.development.js[2m:22232:17)[22m[2m[22m
[2m      [2mat completeUnitOfWork ([22m[2mnode_modules/react-dom/cjs/react-dom.development.js[2m:26632:16)[22m[2m[22m
[2m      [2mat performUnitOfWork ([22m[2mnode_modules/react-dom/cjs/react-dom.development.js[2m:26607:5)[22m[2m[22m
[2m      [2mat workLoopSync ([22m[2mnode_modules/react-dom/cjs/react-dom.development.js[2m:26505:5)[22m[2m[22m
[2m      [2mat renderRootSync ([22m[2mnode_modules/react-dom/cjs/react-dom.development.js[2m:26473:7)[22m[2m[22m
[2m      [2mat performConcurrentWorkOnRoot ([22m[2mnode_modules/react-dom/cjs/react-dom.development.js[2m:25777:74)[22m[2m[22m
[2m      [2mat flushActQueue ([22m[2mnode_modules/react/cjs/react.development.js[2m:2667:24)[22m[2m[22m
[2m      [2mat act ([22m[2mnode_modules/react/cjs/react.development.js[2m:2582:11)[22m[2m[22m
[2m      [2mat actImplementation ([22m[2mnode_modules/@testing-library/react/dist/act-compat.js[2m:47:25)[22m[2m[22m
[2m      [2mat renderRoot ([22m[2mnode_modules/@testing-library/react/dist/pure.js[2m:190:25)[22m[2m[22m
[2m      [2mat renderRoot ([22m[2mnode_modules/@testing-library/react/dist/pure.js[2m:292:10)[22m[2m[22m
[2m      [2mat Object.<anonymous> ([22m[2mtests/unit/components/chat/__tests__/ChatPanel.test.tsx[2m:164:13)[22m[2m[22m

[0m[7m[1m[32m PASS [39m[22m[27m[0m [0m[7m[37m unit [39m[27m[0m [2mlib/chart/plugins/__tests__/[22m[1mKeyPointRenderer.test.ts[22m
[0m[7m[1m[32m PASS [39m[22m[27m[0m [0m[7m[37m unit [39m[27m[0m [2mlib/mastra/tools/entry-proposal-generation/__tests__/[22m[1mindex.test.ts[22m
[0m[7m[1m[32m PASS [39m[22m[27m[0m [0m[7m[37m unit [39m[27m[0m [2mtests/unit/lib/analysis/[22m[1menhanced-line-detector-v2.test.ts[22m
[0m[7m[1m[32m PASS [39m[22m[27m[0m [0m[7m[37m unit [39m[27m[0m [2mtests/unit/lib/utils/[22m[1mvalidation.test.ts[22m
[0m[7m[1m[32m PASS [39m[22m[27m[0m [0m[7m[37m unit [39m[27m[0m [2mtests/unit/lib/services/database/[22m[1mchat.service.test.ts[22m
[0m[7m[1m[32m PASS [39m[22m[27m[0m [0m[7m[37m unit [39m[27m[0m [2mlib/api/__tests__/[22m[1mchat-api.test.ts[22m
[0m[7m[1m[32m PASS [39m[22m[27m[0m [0m[7m[37m unit [39m[27m[0m [2mtests/unit/store/[22m[1mconfig.store.test.ts[22m
[0m[7m[1m[32m PASS [39m[22m[27m[0m [0m[7m[37m unit [39m[27m[0m [2mlib/api/__tests__/[22m[1manalysis-api.test.ts[22m
[0m[7m[1m[32m PASS [39m[22m[27m[0m [0m[7m[37m unit [39m[27m[0m [2mtests/unit/lib/notifications/[22m[1mtoast.test.ts[22m
[0m[7m[1m[32m PASS [39m[22m[27m[0m [0m[7m[37m unit [39m[27m[0m [2mtests/unit/lib/validation/[22m[1mchart-drawing-schema.test.ts[22m
[0m[7m[1m[32m PASS [39m[22m[27m[0m [0m[7m[37m unit [39m[27m[0m [2mtests/unit/lib/api/[22m[1manalysis-api.test.ts[22m
[0m[7m[1m[32m PASS [39m[22m[27m[0m [0m[7m[37m unit [39m[27m[0m [2mtests/unit/hooks/base/__tests__/[22m[1muse-async.test.ts[22m
[0m[7m[1m[32m PASS [39m[22m[27m[0m [0m[7m[37m unit [39m[27m[0m [2mtests/unit/lib/services/[22m[1msemantic-embedding.service.test.ts[22m
[0m[7m[1m[32m PASS [39m[22m[27m[0m [0m[7m[37m unit [39m[27m[0m [2mlib/chart/plugins/__tests__/[22m[1mPluginRegistry.test.ts[22m
[0m[7m[1m[32m PASS [39m[22m[27m[0m [0m[7m[37m unit [39m[27m[0m [2mtests/unit/lib/ws/[22m[1mwebsocket-coverage.test.ts[22m
[0m[7m[1m[32m PASS [39m[22m[27m[0m [0m[7m[37m unit [39m[27m[0m [2mtests/unit/store/[22m[1mchat.store.test.ts[22m
[0m[7m[1m[32m PASS [39m[22m[27m[0m [0m[7m[37m unit [39m[27m[0m [2mtests/unit/lib/utils/[22m[1mindicators.test.ts[22m
[0m[7m[1m[32m PASS [39m[22m[27m[0m [0m[7m[37m unit [39m[27m[0m [2mtests/unit/store/[22m[1mchart.store.test.ts[22m
[0m[7m[1m[32m PASS [39m[22m[27m[0m [0m[7m[37m unit [39m[27m[0m [2mtests/unit/lib/utils/[22m[1mlogger.test.ts[22m
[0m[7m[1m[32m PASS [39m[22m[27m[0m [0m[7m[37m unit [39m[27m[0m [2mtests/unit/lib/chart/[22m[1mtheme.test.ts[22m
[0m[7m[1m[32m PASS [39m[22m[27m[0m [0m[7m[37m unit [39m[27m[0m [2mtests/unit/lib/mastra/utils/[22m[1magent-error.test.ts[22m
[0m[7m[1m[32m PASS [39m[22m[27m[0m [0m[7m[37m unit [39m[27m[0m [2mtests/unit/lib/[22m[1mutils.test.ts[22m
[0m[7m[1m[32m PASS [39m[22m[27m[0m [0m[7m[37m unit [39m[27m[0m [2mtests/unit/lib/utils/[22m[1mlogger-enhanced.test.ts[22m
[0m[7m[1m[32m PASS [39m[22m[27m[0m [0m[7m[37m unit [39m[27m[0m [2mtests/unit/lib/utils/[22m[1mchart-data.test.ts[22m
[0m[7m[1m[32m PASS [39m[22m[27m[0m [0m[7m[37m unit [39m[27m[0m [2mtests/unit/components/chat/__tests__/[22m[1mProposalCard.test.tsx[22m
[0m[7m[1m[32m PASS [39m[22m[27m[0m [0m[7m[37m unit [39m[27m[0m [2mtests/unit/components/chat/__tests__/[22m[1mMessageList.test.tsx[22m
[0m[7m[1m[32m PASS [39m[22m[27m[0m [0m[7m[37m unit [39m[27m[0m [2mlib/indicators/__tests__/[22m[1mvalidation.test.ts[22m
[0m[7m[1m[32m PASS [39m[22m[27m[0m [0m[7m[37m unit [39m[27m[0m [2mtests/unit/components/chat/__tests__/[22m[1mEntryProposalCard.test.tsx[22m
[0m[7m[1m[32m PASS [39m[22m[27m[0m [0m[7m[37m unit [39m[27m[0m [2mtests/unit/components/chart/__tests__/[22m[1mPriceDisplay.test.tsx[22m
[0m[7m[1m[32m PASS [39m[22m[27m[0m [0m[7m[37m unit [39m[27m[0m [2mtests/unit/hooks/market/__tests__/[22m[1muse-candlestick-data.test.ts[22m
[0m[7m[1m[32m PASS [39m[22m[27m[0m [0m[7m[37m unit [39m[27m[0m [2mtests/unit/components/ui/__tests__/[22m[1mbutton.test.tsx[22m
[0m[7m[1m[32m PASS [39m[22m[27m[0m [0m[7m[37m unit [39m[27m[0m [2mtests/unit/components/chart/__tests__/[22m[1mDrawingManager.test.tsx[22m
[0m[7m[1m[32m PASS [39m[22m[27m[0m [0m[7m[37m unit [39m[27m[0m [2mtests/unit/lib/mastra/tools/[22m[1menhanced-line-analysis-v2.tool.test.ts[22m
[0m[7m[1m[32m PASS [39m[22m[27m[0m [0m[7m[37m unit [39m[27m[0m [2mlib/mastra/tools/entry-proposal-generation/__tests__/[22m[1mentry-calculator.test.ts[22m
[0m[7m[1m[32m PASS [39m[22m[27m[0m [0m[7m[37m integration [39m[27m[0m [2mtests/integration/[22m[1ma2a-communication.test.ts[22m
  [1m● [22mConsole

    [2mconsole.log[22m
      [MSW] Loaded 7 default handlers
[2m[22m
[2m      [2mat Object.<anonymous> ([22m[2mtests/setup/msw-setup.ts[2m:18:13)[22m[2m[22m

[0m[7m[1m[32m PASS [39m[22m[27m[0m [0m[7m[37m unit [39m[27m[0m [2mtests/unit/lib/chart/[22m[1manalyzer.test.ts[22m
[0m[7m[1m[32m PASS [39m[22m[27m[0m [0m[7m[37m unit [39m[27m[0m [2mtests/unit/lib/mastra/utils/[22m[1mperformance.test.ts[22m
[0m[7m[1m[32m PASS [39m[22m[27m[0m [0m[7m[37m unit [39m[27m[0m [2mtests/unit/lib/chart/[22m[1mpattern-renderer.test.ts[22m
[0m[7m[1m[32m PASS [39m[22m[27m[0m [0m[7m[37m unit [39m[27m[0m [2mtests/unit/lib/mastra/tools/[22m[1mmarket-snapshot.tool.test.ts[22m
[0m[7m[1m[32m PASS [39m[22m[27m[0m [0m[7m[37m unit [39m[27m[0m [2mtests/unit/hooks/base/[22m[1muse-websocket.test.ts[22m
[0m[7m[1m[32m PASS [39m[22m[27m[0m [0m[7m[37m unit [39m[27m[0m [2mtests/unit/components/ui/__tests__/[22m[1mselect.test.tsx[22m
[0m[7m[1m[32m PASS [39m[22m[27m[0m [0m[7m[37m unit [39m[27m[0m [2mtests/unit/lib/chart/[22m[1mdrawing-renderer.test.ts[22m
[0m[7m[1m[32m PASS [39m[22m[27m[0m [0m[7m[37m unit [39m[27m[0m [2mtests/unit/types/[22m[1mindicator.types.test.ts[22m
[0m[7m[1m[32m PASS [39m[22m[27m[0m [0m[7m[37m unit [39m[27m[0m [2mtests/unit/types/[22m[1mstore.types.test.ts[22m
[0m[7m[1m[32m PASS [39m[22m[27m[0m [0m[7m[37m unit [39m[27m[0m [2mtests/unit/lib/mastra/tools/[22m[1mchart-control.tool.test.ts[22m
[0m[7m[1m[32m PASS [39m[22m[27m[0m [0m[7m[37m unit [39m[27m[0m [2mtests/unit/lib/monitoring/[22m[1mtrace.test.ts[22m
[0m[7m[1m[32m PASS [39m[22m[27m[0m [0m[7m[37m unit [39m[27m[0m [2mtests/unit/hooks/__tests__/[22m[1muse-analysis-stream.test.ts[22m
[0m[7m[1m[32m PASS [39m[22m[27m[0m [0m[7m[37m unit [39m[27m[0m [2mtests/unit/lib/mastra/tools/[22m[1mchart-data-analysis.tool.unit.test.ts[22m
[0m[7m[1m[32m PASS [39m[22m[27m[0m [0m[7m[37m unit [39m[27m[0m [2mtests/unit/app/api/ai/stream/[22m[1mroute.test.ts[22m
[0m[7m[1m[32m PASS [39m[22m[27m[0m [0m[7m[37m unit [39m[27m[0m [2mtests/unit/lib/utils/[22m[1mstream-utils.test.ts[22m
[0m[7m[1m[32m PASS [39m[22m[27m[0m [0m[7m[37m unit [39m[27m[0m [2mtests/unit/hooks/__tests__/[22m[1muse-ai-chat.test.ts[22m
[0m[7m[1m[32m PASS [39m[22m[27m[0m [0m[7m[37m unit [39m[27m[0m [2mtests/unit/lib/api/[22m[1merror-boundary.test.ts[22m
[0m[7m[1m[32m PASS [39m[22m[27m[0m [0m[7m[37m unit [39m[27m[0m [2mtests/unit/types/[22m[1mdrawing-manager.types.test.ts[22m
[0m[7m[1m[32m PASS [39m[22m[27m[0m [0m[7m[37m unit [39m[27m[0m [2mtests/unit/hooks/[22m[1muse-ai-stream.test.ts[22m
[0m[7m[1m[32m PASS [39m[22m[27m[0m [0m[7m[37m unit [39m[27m[0m [2mtests/unit/examples/[22m[1mmsw-example.test.ts[22m
  [1m● [22mConsole

    [2mconsole.log[22m
      [MSW] Loaded 7 default handlers
[2m[22m
[2m      [2mat Object.<anonymous> ([22m[2mtests/setup/msw-setup.ts[2m:18:13)[22m[2m[22m

[0m[7m[1m[32m PASS [39m[22m[27m[0m [0m[7m[37m unit [39m[27m[0m [2mlib/api/__tests__/[22m[1mchart-drawing-api.test.ts[22m
[0m[7m[1m[32m PASS [39m[22m[27m[0m [0m[7m[37m unit [39m[27m[0m [2mtests/unit/lib/store/[22m[1mconversation-memory.store.test.ts[22m
[0m[7m[1m[32m PASS [39m[22m[27m[0m [0m[7m[37m unit [39m[27m[0m [2mtests/unit/lib/logging/[22m[1munified-logger.test.ts[22m
[0m[7m[1m[32m PASS [39m[22m[27m[0m [0m[7m[37m unit [39m[27m[0m [2mtests/unit/lib/mastra/tools/[22m[1menhanced-line-analysis.tool.test.ts[22m
[0m[7m[1m[32m PASS [39m[22m[27m[0m [0m[7m[37m unit [39m[27m[0m [2mtests/unit/components/ui/__tests__/[22m[1minput.test.tsx[22m
[0m[7m[1m[32m PASS [39m[22m[27m[0m [0m[7m[37m unit [39m[27m[0m [2mtests/unit/components/chat/__tests__/[22m[1mMessageItem.test.tsx[22m
[0m[7m[1m[32m PASS [39m[22m[27m[0m [0m[7m[37m unit [39m[27m[0m [2mtests/unit/lib/indicators/[22m[1mmacd.test.ts[22m
[0m[7m[1m[32m PASS [39m[22m[27m[0m [0m[7m[37m unit [39m[27m[0m [2mtests/unit/store/[22m[1mstore-integration.test.ts[22m
[0m[7m[1m[32m PASS [39m[22m[27m[0m [0m[7m[37m unit [39m[27m[0m [2mtests/unit/components/ui/__tests__/[22m[1mcard.test.tsx[22m
[0m[7m[1m[32m PASS [39m[22m[27m[0m [0m[7m[37m unit [39m[27m[0m [2mtests/unit/lib/utils/[22m[1mretry-wrapper.test.ts[22m
  [1m● [22mConsole

    [2mconsole.log[22m
      [MSW] Loaded 7 default handlers
[2m[22m
[2m      [2mat Object.<anonymous> ([22m[2mtests/setup/msw-setup.ts[2m:18:13)[22m[2m[22m

[0m[7m[1m[32m PASS [39m[22m[27m[0m [0m[7m[37m unit [39m[27m[0m [2mtests/unit/lib/utils/[22m[1mapi-cache.test.ts[22m
[0m[7m[1m[32m PASS [39m[22m[27m[0m [0m[7m[37m unit [39m[27m[0m [2mtests/unit/types/[22m[1mproposal-generator.types.test.ts[22m
[0m[7m[1m[32m PASS [39m[22m[27m[0m [0m[7m[37m unit [39m[27m[0m [2mtests/unit/hooks/__tests__/[22m[1muse-line-tracking.test.ts[22m
[0m[7m[1m[32m PASS [39m[22m[27m[0m [0m[7m[37m unit [39m[27m[0m [2mlib/logging/storage/__tests__/[22m[1msqlite.test.ts[22m
  [1m● [22mConsole

    [2m[31mconsole.error[39m[22m
[31m      [UnifiedSQLiteStorage] Initialization failed: Error: Database connection failed[39m
[31m          at mockConstructor.<anonymous> (/Users/hirosato/Downloads/Cryptrade/lib/logging/storage/__tests__/sqlite.test.ts:97:15)[39m
[31m          at /Users/hirosato/Downloads/Cryptrade/node_modules/@jest/environment-jsdom-abstract/node_modules/jest-mock/build/index.js:295:43[39m
[31m          at mockConstructor.<anonymous> (/Users/hirosato/Downloads/Cryptrade/node_modules/@jest/environment-jsdom-abstract/node_modules/jest-mock/build/index.js:312:13)[39m
[31m          at new mockConstructor (/Users/hirosato/Downloads/Cryptrade/node_modules/@jest/environment-jsdom-abstract/node_modules/jest-mock/build/index.js:102:19)[39m
[31m          at UnifiedSQLiteStorage.init (/Users/hirosato/Downloads/Cryptrade/lib/logging/storage/sqlite.ts:76:17)[39m
[31m          at processTicksAndRejections (node:internal/process/task_queues:105:5)[39m
[31m          at Object.<anonymous> (/Users/hirosato/Downloads/Cryptrade/lib/logging/storage/__tests__/sqlite.test.ts:101:7)[39m
[2m[22m
[2m    [0m [90m 81 |[39m       [36mthis[39m[33m.[39minitialized [33m=[39m [36mtrue[39m[33m;[39m[22m
[2m     [90m 82 |[39m     } [36mcatch[39m (error) {[22m
[2m    [31m[1m>[22m[2m[39m[90m 83 |[39m       console[33m.[39merror([32m'[UnifiedSQLiteStorage] Initialization failed:'[39m[33m,[39m error)[33m;[39m[22m
[2m     [90m    |[39m               [31m[1m^[22m[2m[39m[22m
[2m     [90m 84 |[39m       [36mthrow[39m error[33m;[39m[22m
[2m     [90m 85 |[39m     }[22m
[2m     [90m 86 |[39m   }[0m[22m
[2m[22m
[2m      [2mat [22m[2mnode_modules/@jest/environment-jsdom-abstract/node_modules/jest-mock/build/index.js[2m:305:39[22m[2m[22m
[2m      [2mat UnifiedSQLiteStorage.init ([22m[2mlib/logging/storage/sqlite.ts[2m:83:15)[22m[2m[22m
[2m      [2mat Object.<anonymous> ([22m[2mlib/logging/storage/__tests__/sqlite.test.ts[2m:101:7)[22m[2m[22m

[0m[7m[1m[32m PASS [39m[22m[27m[0m [0m[7m[37m unit [39m[27m[0m [2mtests/unit/lib/binance/[22m[1mconnection-manager.test.ts[22m
[0m[7m[1m[32m PASS [39m[22m[27m[0m [0m[7m[37m unit [39m[27m[0m [2mtests/unit/lib/ws/[22m[1mWSManager.test.ts[22m
[0m[7m[1m[32m PASS [39m[22m[27m[0m [0m[7m[37m integration [39m[27m[0m [2mtests/integration/ws/[22m[1mws-manager.test.ts[22m
  [1m● [22mConsole

    [2mconsole.log[22m
      [MSW] Loaded 7 default handlers
[2m[22m
[2m      [2mat Object.<anonymous> ([22m[2mtests/setup/msw-setup.ts[2m:18:13)[22m[2m[22m

[0m[7m[1m[32m PASS [39m[22m[27m[0m [0m[7m[37m unit [39m[27m[0m [2mtests/unit/lib/mastra/tools/[22m[1mmemory-recall.tool.test.ts[22m
[0m[7m[1m[32m PASS [39m[22m[27m[0m [0m[7m[37m unit [39m[27m[0m [2mtests/unit/components/ui/__tests__/[22m[1mswitch.test.tsx[22m
[0m[7m[1m[32m PASS [39m[22m[27m[0m [0m[7m[37m unit [39m[27m[0m [2mtests/unit/components/chart/indicators/__tests__/[22m[1mIndicatorPanel.test.tsx[22m
[0m[7m[1m[32m PASS [39m[22m[27m[0m [0m[7m[37m unit [39m[27m[0m [2mtests/unit/hooks/base/__tests__/[22m[1muse-async-state.test.ts[22m
[0m[7m[1m[32m PASS [39m[22m[27m[0m [0m[7m[37m unit [39m[27m[0m [2mtests/unit/hooks/market/__tests__/[22m[1muse-market-stats.test.ts[22m
[0m[7m[1m[32m PASS [39m[22m[27m[0m [0m[7m[37m unit [39m[27m[0m [2mtests/unit/components/ui/__tests__/[22m[1mtabs.test.tsx[22m
[0m[7m[1m[32m PASS [39m[22m[27m[0m [0m[7m[37m unit [39m[27m[0m [2mtests/unit/lib/mastra/tools/[22m[1menhanced-chart-control.tool.test.ts[22m
[0m[7m[1m[32m PASS [39m[22m[27m[0m [0m[7m[37m unit [39m[27m[0m [2mtests/unit/components/providers/[22m[1mUIEventProvider.test.tsx[22m
  [1m● [22mConsole

    [2m[31mconsole.error[39m[22m
[31m      Error: Uncaught [Error: Hook error][39m
[31m          at reportException (/Users/hirosato/Downloads/Cryptrade/node_modules/jsdom/lib/jsdom/living/helpers/runtime-script-errors.js:66:24)[39m
[31m          at innerInvokeEventListeners (/Users/hirosato/Downloads/Cryptrade/node_modules/jsdom/lib/jsdom/living/events/EventTarget-impl.js:353:9)[39m
[31m          at invokeEventListeners (/Users/hirosato/Downloads/Cryptrade/node_modules/jsdom/lib/jsdom/living/events/EventTarget-impl.js:286:3)[39m
[31m          at HTMLUnknownElementImpl._dispatch (/Users/hirosato/Downloads/Cryptrade/node_modules/jsdom/lib/jsdom/living/events/EventTarget-impl.js:233:9)[39m
[31m          at HTMLUnknownElementImpl.dispatchEvent (/Users/hirosato/Downloads/Cryptrade/node_modules/jsdom/lib/jsdom/living/events/EventTarget-impl.js:104:17)[39m
[31m          at HTMLUnknownElement.dispatchEvent (/Users/hirosato/Downloads/Cryptrade/node_modules/jsdom/lib/jsdom/living/generated/EventTarget.js:241:34)[39m
[31m          at Object.invokeGuardedCallbackDev (/Users/hirosato/Downloads/Cryptrade/node_modules/react-dom/cjs/react-dom.development.js:4213:16)[39m
[31m          at invokeGuardedCallback (/Users/hirosato/Downloads/Cryptrade/node_modules/react-dom/cjs/react-dom.development.js:4277:31)[39m
[31m          at beginWork$1 (/Users/hirosato/Downloads/Cryptrade/node_modules/react-dom/cjs/react-dom.development.js:27490:7)[39m
[31m          at performUnitOfWork (/Users/hirosato/Downloads/Cryptrade/node_modules/react-dom/cjs/react-dom.development.js:26599:12)[39m
[31m          at workLoopSync (/Users/hirosato/Downloads/Cryptrade/node_modules/react-dom/cjs/react-dom.development.js:26505:5)[39m
[31m          at renderRootSync (/Users/hirosato/Downloads/Cryptrade/node_modules/react-dom/cjs/react-dom.development.js:26473:7)[39m
[31m          at performConcurrentWorkOnRoot (/Users/hirosato/Downloads/Cryptrade/node_modules/react-dom/cjs/react-dom.development.js:25777:74)[39m
[31m          at flushActQueue (/Users/hirosato/Downloads/Cryptrade/node_modules/react/cjs/react.development.js:2667:24)[39m
[31m          at act (/Users/hirosato/Downloads/Cryptrade/node_modules/react/cjs/react.development.js:2582:11)[39m
[31m          at actImplementation (/Users/hirosato/Downloads/Cryptrade/node_modules/@testing-library/react/dist/act-compat.js:47:25)[39m
[31m          at renderRoot (/Users/hirosato/Downloads/Cryptrade/node_modules/@testing-library/react/dist/pure.js:190:25)[39m
[31m          at renderRoot (/Users/hirosato/Downloads/Cryptrade/node_modules/@testing-library/react/dist/pure.js:292:10)[39m
[31m          at Object.<anonymous> (/Users/hirosato/Downloads/Cryptrade/tests/unit/components/providers/UIEventProvider.test.tsx:264:13)[39m
[31m          at Promise.then.completed (/Users/hirosato/Downloads/Cryptrade/node_modules/jest-circus/build/utils.js:298:28)[39m
[31m          at new Promise (<anonymous>)[39m
[31m          at callAsyncCircusFn (/Users/hirosato/Downloads/Cryptrade/node_modules/jest-circus/build/utils.js:231:10)[39m
[31m          at _callCircusTest (/Users/hirosato/Downloads/Cryptrade/node_modules/jest-circus/build/run.js:316:40)[39m
[31m          at _runTest (/Users/hirosato/Downloads/Cryptrade/node_modules/jest-circus/build/run.js:252:3)[39m
[31m          at _runTestsForDescribeBlock (/Users/hirosato/Downloads/Cryptrade/node_modules/jest-circus/build/run.js:126:9)[39m
[31m          at _runTestsForDescribeBlock (/Users/hirosato/Downloads/Cryptrade/node_modules/jest-circus/build/run.js:121:9)[39m
[31m          at _runTestsForDescribeBlock (/Users/hirosato/Downloads/Cryptrade/node_modules/jest-circus/build/run.js:121:9)[39m
[31m          at run (/Users/hirosato/Downloads/Cryptrade/node_modules/jest-circus/build/run.js:71:3)[39m
[31m          at runAndTransformResultsToJestFormat (/Users/hirosato/Downloads/Cryptrade/node_modules/jest-circus/build/legacy-code-todo-rewrite/jestAdapterInit.js:122:21)[39m
[31m          at jestAdapter (/Users/hirosato/Downloads/Cryptrade/node_modules/jest-circus/build/legacy-code-todo-rewrite/jestAdapter.js:79:19)[39m
[31m          at runTestInternal (/Users/hirosato/Downloads/Cryptrade/node_modules/jest-runner/build/runTest.js:367:16)[39m
[31m          at runTest (/Users/hirosato/Downloads/Cryptrade/node_modules/jest-runner/build/runTest.js:444:34)[39m
[31m          at Object.worker (/Users/hirosato/Downloads/Cryptrade/node_modules/jest-runner/build/testWorker.js:106:12) {[39m
[31m        detail: Error: Hook error[39m
[31m            at /Users/hirosato/Downloads/Cryptrade/tests/unit/components/providers/UIEventProvider.test.tsx:260:15[39m
[31m            at /Users/hirosato/Downloads/Cryptrade/node_modules/@jest/environment-jsdom-abstract/node_modules/jest-mock/build/index.js:305:39[39m
[31m            at /Users/hirosato/Downloads/Cryptrade/node_modules/@jest/environment-jsdom-abstract/node_modules/jest-mock/build/index.js:312:13[39m
[31m            at mockConstructor (/Users/hirosato/Downloads/Cryptrade/node_modules/@jest/environment-jsdom-abstract/node_modules/jest-mock/build/index.js:102:19)[39m
[31m            at UIEventProvider (/Users/hirosato/Downloads/Cryptrade/components/providers/UIEventProvider.tsx:11:19)[39m
[31m            at renderWithHooks (/Users/hirosato/Downloads/Cryptrade/node_modules/react-dom/cjs/react-dom.development.js:15486:18)[39m
[31m            at mountIndeterminateComponent (/Users/hirosato/Downloads/Cryptrade/node_modules/react-dom/cjs/react-dom.development.js:20103:13)[39m
[31m            at beginWork (/Users/hirosato/Downloads/Cryptrade/node_modules/react-dom/cjs/react-dom.development.js:21626:16)[39m
[31m            at HTMLUnknownElement.callCallback (/Users/hirosato/Downloads/Cryptrade/node_modules/react-dom/cjs/react-dom.development.js:4164:14)[39m
[31m            at HTMLUnknownElement.callTheUserObjectsOperation (/Users/hirosato/Downloads/Cryptrade/node_modules/jsdom/lib/jsdom/living/generated/EventListener.js:26:30)[39m
[31m            at innerInvokeEventListeners (/Users/hirosato/Downloads/Cryptrade/node_modules/jsdom/lib/jsdom/living/events/EventTarget-impl.js:350:25)[39m
[31m            at invokeEventListeners (/Users/hirosato/Downloads/Cryptrade/node_modules/jsdom/lib/jsdom/living/events/EventTarget-impl.js:286:3)[39m
[31m            at HTMLUnknownElementImpl._dispatch (/Users/hirosato/Downloads/Cryptrade/node_modules/jsdom/lib/jsdom/living/events/EventTarget-impl.js:233:9)[39m
[31m            at HTMLUnknownElementImpl.dispatchEvent (/Users/hirosato/Downloads/Cryptrade/node_modules/jsdom/lib/jsdom/living/events/EventTarget-impl.js:104:17)[39m
[31m            at HTMLUnknownElement.dispatchEvent (/Users/hirosato/Downloads/Cryptrade/node_modules/jsdom/lib/jsdom/living/generated/EventTarget.js:241:34)[39m
[31m            at Object.invokeGuardedCallbackDev (/Users/hirosato/Downloads/Cryptrade/node_modules/react-dom/cjs/react-dom.development.js:4213:16)[39m
[31m            at invokeGuardedCallback (/Users/hirosato/Downloads/Cryptrade/node_modules/react-dom/cjs/react-dom.development.js:4277:31)[39m
[31m            at beginWork$1 (/Users/hirosato/Downloads/Cryptrade/node_modules/react-dom/cjs/react-dom.development.js:27490:7)[39m
[31m            at performUnitOfWork (/Users/hirosato/Downloads/Cryptrade/node_modules/react-dom/cjs/react-dom.development.js:26599:12)[39m
[31m            at workLoopSync (/Users/hirosato/Downloads/Cryptrade/node_modules/react-dom/cjs/react-dom.development.js:26505:5)[39m
[31m            at renderRootSync (/Users/hirosato/Downloads/Cryptrade/node_modules/react-dom/cjs/react-dom.development.js:26473:7)[39m
[31m            at performConcurrentWorkOnRoot (/Users/hirosato/Downloads/Cryptrade/node_modules/react-dom/cjs/react-dom.development.js:25777:74)[39m
[31m            at flushActQueue (/Users/hirosato/Downloads/Cryptrade/node_modules/react/cjs/react.development.js:2667:24)[39m
[31m            at act (/Users/hirosato/Downloads/Cryptrade/node_modules/react/cjs/react.development.js:2582:11)[39m
[31m            at actImplementation (/Users/hirosato/Downloads/Cryptrade/node_modules/@testing-library/react/dist/act-compat.js:47:25)[39m
[31m            at renderRoot (/Users/hirosato/Downloads/Cryptrade/node_modules/@testing-library/react/dist/pure.js:190:25)[39m
[31m            at renderRoot (/Users/hirosato/Downloads/Cryptrade/node_modules/@testing-library/react/dist/pure.js:292:10)[39m
[31m            at Object.<anonymous> (/Users/hirosato/Downloads/Cryptrade/tests/unit/components/providers/UIEventProvider.test.tsx:264:13)[39m
[31m            at Promise.then.completed (/Users/hirosato/Downloads/Cryptrade/node_modules/jest-circus/build/utils.js:298:28)[39m
[31m            at new Promise (<anonymous>)[39m
[31m            at callAsyncCircusFn (/Users/hirosato/Downloads/Cryptrade/node_modules/jest-circus/build/utils.js:231:10)[39m
[31m            at _callCircusTest (/Users/hirosato/Downloads/Cryptrade/node_modules/jest-circus/build/run.js:316:40)[39m
[31m            at _runTest (/Users/hirosato/Downloads/Cryptrade/node_modules/jest-circus/build/run.js:252:3)[39m
[31m            at _runTestsForDescribeBlock (/Users/hirosato/Downloads/Cryptrade/node_modules/jest-circus/build/run.js:126:9)[39m
[31m            at _runTestsForDescribeBlock (/Users/hirosato/Downloads/Cryptrade/node_modules/jest-circus/build/run.js:121:9)[39m
[31m            at _runTestsForDescribeBlock (/Users/hirosato/Downloads/Cryptrade/node_modules/jest-circus/build/run.js:121:9)[39m
[31m            at run (/Users/hirosato/Downloads/Cryptrade/node_modules/jest-circus/build/run.js:71:3)[39m
[31m            at runAndTransformResultsToJestFormat (/Users/hirosato/Downloads/Cryptrade/node_modules/jest-circus/build/legacy-code-todo-rewrite/jestAdapterInit.js:122:21)[39m
[31m            at jestAdapter (/Users/hirosato/Downloads/Cryptrade/node_modules/jest-circus/build/legacy-code-todo-rewrite/jestAdapter.js:79:19)[39m
[31m            at runTestInternal (/Users/hirosato/Downloads/Cryptrade/node_modules/jest-runner/build/runTest.js:367:16)[39m
[31m            at runTest (/Users/hirosato/Downloads/Cryptrade/node_modules/jest-runner/build/runTest.js:444:34)[39m
[31m            at Object.worker (/Users/hirosato/Downloads/Cryptrade/node_modules/jest-runner/build/testWorker.js:106:12),[39m
[31m        type: 'unhandled exception'[39m
[31m      }[39m
[2m[22m
[2m    [0m [90m 262 |[39m[22m
[2m     [90m 263 |[39m       [90m// Render with error boundary[39m[22m
[2m    [31m[1m>[22m[2m[39m[90m 264 |[39m       render([22m
[2m     [90m     |[39m             [31m[1m^[22m[2m[39m[22m
[2m     [90m 265 |[39m         [33m<[39m[33mErrorBoundary[39m[33m>[39m[22m
[2m     [90m 266 |[39m           [33m<[39m[33mUIEventProvider[39m[33m>[39m[22m
[2m     [90m 267 |[39m             [33m<[39m[33mdiv[39m data[33m-[39mtestid[33m=[39m[32m"child"[39m[33m>[39m[33mChild[39m [33mContent[39m[33m<[39m[33m/[39m[33mdiv[39m[33m>[39m[0m[22m
[2m[22m
[2m      [2mat VirtualConsole.<anonymous> ([22m[2mnode_modules/@jest/environment-jsdom-abstract/build/index.js[2m:79:27)[22m[2m[22m
[2m      [2mat reportException ([22m[2mnode_modules/jsdom/lib/jsdom/living/helpers/runtime-script-errors.js[2m:70:28)[22m[2m[22m
[2m      [2mat innerInvokeEventListeners ([22m[2mnode_modules/jsdom/lib/jsdom/living/events/EventTarget-impl.js[2m:353:9)[22m[2m[22m
[2m      [2mat invokeEventListeners ([22m[2mnode_modules/jsdom/lib/jsdom/living/events/EventTarget-impl.js[2m:286:3)[22m[2m[22m
[2m      [2mat HTMLUnknownElementImpl._dispatch ([22m[2mnode_modules/jsdom/lib/jsdom/living/events/EventTarget-impl.js[2m:233:9)[22m[2m[22m
[2m      [2mat HTMLUnknownElementImpl.dispatchEvent ([22m[2mnode_modules/jsdom/lib/jsdom/living/events/EventTarget-impl.js[2m:104:17)[22m[2m[22m
[2m      [2mat HTMLUnknownElement.dispatchEvent ([22m[2mnode_modules/jsdom/lib/jsdom/living/generated/EventTarget.js[2m:241:34)[22m[2m[22m
[2m      [2mat Object.invokeGuardedCallbackDev ([22m[2mnode_modules/react-dom/cjs/react-dom.development.js[2m:4213:16)[22m[2m[22m
[2m      [2mat invokeGuardedCallback ([22m[2mnode_modules/react-dom/cjs/react-dom.development.js[2m:4277:31)[22m[2m[22m
[2m      [2mat beginWork$1 ([22m[2mnode_modules/react-dom/cjs/react-dom.development.js[2m:27490:7)[22m[2m[22m
[2m      [2mat performUnitOfWork ([22m[2mnode_modules/react-dom/cjs/react-dom.development.js[2m:26599:12)[22m[2m[22m
[2m      [2mat workLoopSync ([22m[2mnode_modules/react-dom/cjs/react-dom.development.js[2m:26505:5)[22m[2m[22m
[2m      [2mat renderRootSync ([22m[2mnode_modules/react-dom/cjs/react-dom.development.js[2m:26473:7)[22m[2m[22m
[2m      [2mat performConcurrentWorkOnRoot ([22m[2mnode_modules/react-dom/cjs/react-dom.development.js[2m:25777:74)[22m[2m[22m
[2m      [2mat flushActQueue ([22m[2mnode_modules/react/cjs/react.development.js[2m:2667:24)[22m[2m[22m
[2m      [2mat act ([22m[2mnode_modules/react/cjs/react.development.js[2m:2582:11)[22m[2m[22m
[2m      [2mat actImplementation ([22m[2mnode_modules/@testing-library/react/dist/act-compat.js[2m:47:25)[22m[2m[22m
[2m      [2mat renderRoot ([22m[2mnode_modules/@testing-library/react/dist/pure.js[2m:190:25)[22m[2m[22m
[2m      [2mat renderRoot ([22m[2mnode_modules/@testing-library/react/dist/pure.js[2m:292:10)[22m[2m[22m
[2m      [2mat Object.<anonymous> ([22m[2mtests/unit/components/providers/UIEventProvider.test.tsx[2m:264:13)[22m[2m[22m

    [2m[31mconsole.error[39m[22m
[31m      Error: Uncaught [Error: Hook error][39m
[31m          at reportException (/Users/hirosato/Downloads/Cryptrade/node_modules/jsdom/lib/jsdom/living/helpers/runtime-script-errors.js:66:24)[39m
[31m          at innerInvokeEventListeners (/Users/hirosato/Downloads/Cryptrade/node_modules/jsdom/lib/jsdom/living/events/EventTarget-impl.js:353:9)[39m
[31m          at invokeEventListeners (/Users/hirosato/Downloads/Cryptrade/node_modules/jsdom/lib/jsdom/living/events/EventTarget-impl.js:286:3)[39m
[31m          at HTMLUnknownElementImpl._dispatch (/Users/hirosato/Downloads/Cryptrade/node_modules/jsdom/lib/jsdom/living/events/EventTarget-impl.js:233:9)[39m
[31m          at HTMLUnknownElementImpl.dispatchEvent (/Users/hirosato/Downloads/Cryptrade/node_modules/jsdom/lib/jsdom/living/events/EventTarget-impl.js:104:17)[39m
[31m          at HTMLUnknownElement.dispatchEvent (/Users/hirosato/Downloads/Cryptrade/node_modules/jsdom/lib/jsdom/living/generated/EventTarget.js:241:34)[39m
[31m          at Object.invokeGuardedCallbackDev (/Users/hirosato/Downloads/Cryptrade/node_modules/react-dom/cjs/react-dom.development.js:4213:16)[39m
[31m          at invokeGuardedCallback (/Users/hirosato/Downloads/Cryptrade/node_modules/react-dom/cjs/react-dom.development.js:4277:31)[39m
[31m          at beginWork$1 (/Users/hirosato/Downloads/Cryptrade/node_modules/react-dom/cjs/react-dom.development.js:27490:7)[39m
[31m          at performUnitOfWork (/Users/hirosato/Downloads/Cryptrade/node_modules/react-dom/cjs/react-dom.development.js:26599:12)[39m
[31m          at workLoopSync (/Users/hirosato/Downloads/Cryptrade/node_modules/react-dom/cjs/react-dom.development.js:26505:5)[39m
[31m          at renderRootSync (/Users/hirosato/Downloads/Cryptrade/node_modules/react-dom/cjs/react-dom.development.js:26473:7)[39m
[31m          at recoverFromConcurrentError (/Users/hirosato/Downloads/Cryptrade/node_modules/react-dom/cjs/react-dom.development.js:25889:20)[39m
[31m          at performConcurrentWorkOnRoot (/Users/hirosato/Downloads/Cryptrade/node_modules/react-dom/cjs/react-dom.development.js:25789:22)[39m
[31m          at flushActQueue (/Users/hirosato/Downloads/Cryptrade/node_modules/react/cjs/react.development.js:2667:24)[39m
[31m          at act (/Users/hirosato/Downloads/Cryptrade/node_modules/react/cjs/react.development.js:2582:11)[39m
[31m          at actImplementation (/Users/hirosato/Downloads/Cryptrade/node_modules/@testing-library/react/dist/act-compat.js:47:25)[39m
[31m          at renderRoot (/Users/hirosato/Downloads/Cryptrade/node_modules/@testing-library/react/dist/pure.js:190:25)[39m
[31m          at renderRoot (/Users/hirosato/Downloads/Cryptrade/node_modules/@testing-library/react/dist/pure.js:292:10)[39m
[31m          at Object.<anonymous> (/Users/hirosato/Downloads/Cryptrade/tests/unit/components/providers/UIEventProvider.test.tsx:264:13)[39m
[31m          at Promise.then.completed (/Users/hirosato/Downloads/Cryptrade/node_modules/jest-circus/build/utils.js:298:28)[39m
[31m          at new Promise (<anonymous>)[39m
[31m          at callAsyncCircusFn (/Users/hirosato/Downloads/Cryptrade/node_modules/jest-circus/build/utils.js:231:10)[39m
[31m          at _callCircusTest (/Users/hirosato/Downloads/Cryptrade/node_modules/jest-circus/build/run.js:316:40)[39m
[31m          at _runTest (/Users/hirosato/Downloads/Cryptrade/node_modules/jest-circus/build/run.js:252:3)[39m
[31m          at _runTestsForDescribeBlock (/Users/hirosato/Downloads/Cryptrade/node_modules/jest-circus/build/run.js:126:9)[39m
[31m          at _runTestsForDescribeBlock (/Users/hirosato/Downloads/Cryptrade/node_modules/jest-circus/build/run.js:121:9)[39m
[31m          at _runTestsForDescribeBlock (/Users/hirosato/Downloads/Cryptrade/node_modules/jest-circus/build/run.js:121:9)[39m
[31m          at run (/Users/hirosato/Downloads/Cryptrade/node_modules/jest-circus/build/run.js:71:3)[39m
[31m          at runAndTransformResultsToJestFormat (/Users/hirosato/Downloads/Cryptrade/node_modules/jest-circus/build/legacy-code-todo-rewrite/jestAdapterInit.js:122:21)[39m
[31m          at jestAdapter (/Users/hirosato/Downloads/Cryptrade/node_modules/jest-circus/build/legacy-code-todo-rewrite/jestAdapter.js:79:19)[39m
[31m          at runTestInternal (/Users/hirosato/Downloads/Cryptrade/node_modules/jest-runner/build/runTest.js:367:16)[39m
[31m          at runTest (/Users/hirosato/Downloads/Cryptrade/node_modules/jest-runner/build/runTest.js:444:34)[39m
[31m          at Object.worker (/Users/hirosato/Downloads/Cryptrade/node_modules/jest-runner/build/testWorker.js:106:12) {[39m
[31m        detail: Error: Hook error[39m
[31m            at /Users/hirosato/Downloads/Cryptrade/tests/unit/components/providers/UIEventProvider.test.tsx:260:15[39m
[31m            at /Users/hirosato/Downloads/Cryptrade/node_modules/@jest/environment-jsdom-abstract/node_modules/jest-mock/build/index.js:305:39[39m
[31m            at /Users/hirosato/Downloads/Cryptrade/node_modules/@jest/environment-jsdom-abstract/node_modules/jest-mock/build/index.js:312:13[39m
[31m            at mockConstructor (/Users/hirosato/Downloads/Cryptrade/node_modules/@jest/environment-jsdom-abstract/node_modules/jest-mock/build/index.js:102:19)[39m
[31m            at UIEventProvider (/Users/hirosato/Downloads/Cryptrade/components/providers/UIEventProvider.tsx:11:19)[39m
[31m            at renderWithHooks (/Users/hirosato/Downloads/Cryptrade/node_modules/react-dom/cjs/react-dom.development.js:15486:18)[39m
[31m            at mountIndeterminateComponent (/Users/hirosato/Downloads/Cryptrade/node_modules/react-dom/cjs/react-dom.development.js:20103:13)[39m
[31m            at beginWork (/Users/hirosato/Downloads/Cryptrade/node_modules/react-dom/cjs/react-dom.development.js:21626:16)[39m
[31m            at HTMLUnknownElement.callCallback (/Users/hirosato/Downloads/Cryptrade/node_modules/react-dom/cjs/react-dom.development.js:4164:14)[39m
[31m            at HTMLUnknownElement.callTheUserObjectsOperation (/Users/hirosato/Downloads/Cryptrade/node_modules/jsdom/lib/jsdom/living/generated/EventListener.js:26:30)[39m
[31m            at innerInvokeEventListeners (/Users/hirosato/Downloads/Cryptrade/node_modules/jsdom/lib/jsdom/living/events/EventTarget-impl.js:350:25)[39m
[31m            at invokeEventListeners (/Users/hirosato/Downloads/Cryptrade/node_modules/jsdom/lib/jsdom/living/events/EventTarget-impl.js:286:3)[39m
[31m            at HTMLUnknownElementImpl._dispatch (/Users/hirosato/Downloads/Cryptrade/node_modules/jsdom/lib/jsdom/living/events/EventTarget-impl.js:233:9)[39m
[31m            at HTMLUnknownElementImpl.dispatchEvent (/Users/hirosato/Downloads/Cryptrade/node_modules/jsdom/lib/jsdom/living/events/EventTarget-impl.js:104:17)[39m
[31m            at HTMLUnknownElement.dispatchEvent (/Users/hirosato/Downloads/Cryptrade/node_modules/jsdom/lib/jsdom/living/generated/EventTarget.js:241:34)[39m
[31m            at Object.invokeGuardedCallbackDev (/Users/hirosato/Downloads/Cryptrade/node_modules/react-dom/cjs/react-dom.development.js:4213:16)[39m
[31m            at invokeGuardedCallback (/Users/hirosato/Downloads/Cryptrade/node_modules/react-dom/cjs/react-dom.development.js:4277:31)[39m
[31m            at beginWork$1 (/Users/hirosato/Downloads/Cryptrade/node_modules/react-dom/cjs/react-dom.development.js:27490:7)[39m
[31m            at performUnitOfWork (/Users/hirosato/Downloads/Cryptrade/node_modules/react-dom/cjs/react-dom.development.js:26599:12)[39m
[31m            at workLoopSync (/Users/hirosato/Downloads/Cryptrade/node_modules/react-dom/cjs/react-dom.development.js:26505:5)[39m
[31m            at renderRootSync (/Users/hirosato/Downloads/Cryptrade/node_modules/react-dom/cjs/react-dom.development.js:26473:7)[39m
[31m            at recoverFromConcurrentError (/Users/hirosato/Downloads/Cryptrade/node_modules/react-dom/cjs/react-dom.development.js:25889:20)[39m
[31m            at performConcurrentWorkOnRoot (/Users/hirosato/Downloads/Cryptrade/node_modules/react-dom/cjs/react-dom.development.js:25789:22)[39m
[31m            at flushActQueue (/Users/hirosato/Downloads/Cryptrade/node_modules/react/cjs/react.development.js:2667:24)[39m
[31m            at act (/Users/hirosato/Downloads/Cryptrade/node_modules/react/cjs/react.development.js:2582:11)[39m
[31m            at actImplementation (/Users/hirosato/Downloads/Cryptrade/node_modules/@testing-library/react/dist/act-compat.js:47:25)[39m
[31m            at renderRoot (/Users/hirosato/Downloads/Cryptrade/node_modules/@testing-library/react/dist/pure.js:190:25)[39m
[31m            at renderRoot (/Users/hirosato/Downloads/Cryptrade/node_modules/@testing-library/react/dist/pure.js:292:10)[39m
[31m            at Object.<anonymous> (/Users/hirosato/Downloads/Cryptrade/tests/unit/components/providers/UIEventProvider.test.tsx:264:13)[39m
[31m            at Promise.then.completed (/Users/hirosato/Downloads/Cryptrade/node_modules/jest-circus/build/utils.js:298:28)[39m
[31m            at new Promise (<anonymous>)[39m
[31m            at callAsyncCircusFn (/Users/hirosato/Downloads/Cryptrade/node_modules/jest-circus/build/utils.js:231:10)[39m
[31m            at _callCircusTest (/Users/hirosato/Downloads/Cryptrade/node_modules/jest-circus/build/run.js:316:40)[39m
[31m            at _runTest (/Users/hirosato/Downloads/Cryptrade/node_modules/jest-circus/build/run.js:252:3)[39m
[31m            at _runTestsForDescribeBlock (/Users/hirosato/Downloads/Cryptrade/node_modules/jest-circus/build/run.js:126:9)[39m
[31m            at _runTestsForDescribeBlock (/Users/hirosato/Downloads/Cryptrade/node_modules/jest-circus/build/run.js:121:9)[39m
[31m            at _runTestsForDescribeBlock (/Users/hirosato/Downloads/Cryptrade/node_modules/jest-circus/build/run.js:121:9)[39m
[31m            at run (/Users/hirosato/Downloads/Cryptrade/node_modules/jest-circus/build/run.js:71:3)[39m
[31m            at runAndTransformResultsToJestFormat (/Users/hirosato/Downloads/Cryptrade/node_modules/jest-circus/build/legacy-code-todo-rewrite/jestAdapterInit.js:122:21)[39m
[31m            at jestAdapter (/Users/hirosato/Downloads/Cryptrade/node_modules/jest-circus/build/legacy-code-todo-rewrite/jestAdapter.js:79:19)[39m
[31m            at runTestInternal (/Users/hirosato/Downloads/Cryptrade/node_modules/jest-runner/build/runTest.js:367:16)[39m
[31m            at runTest (/Users/hirosato/Downloads/Cryptrade/node_modules/jest-runner/build/runTest.js:444:34)[39m
[31m            at Object.worker (/Users/hirosato/Downloads/Cryptrade/node_modules/jest-runner/build/testWorker.js:106:12),[39m
[31m        type: 'unhandled exception'[39m
[31m      }[39m
[2m[22m
[2m    [0m [90m 262 |[39m[22m
[2m     [90m 263 |[39m       [90m// Render with error boundary[39m[22m
[2m    [31m[1m>[22m[2m[39m[90m 264 |[39m       render([22m
[2m     [90m     |[39m             [31m[1m^[22m[2m[39m[22m
[2m     [90m 265 |[39m         [33m<[39m[33mErrorBoundary[39m[33m>[39m[22m
[2m     [90m 266 |[39m           [33m<[39m[33mUIEventProvider[39m[33m>[39m[22m
[2m     [90m 267 |[39m             [33m<[39m[33mdiv[39m data[33m-[39mtestid[33m=[39m[32m"child"[39m[33m>[39m[33mChild[39m [33mContent[39m[33m<[39m[33m/[39m[33mdiv[39m[33m>[39m[0m[22m
[2m[22m
[2m      [2mat VirtualConsole.<anonymous> ([22m[2mnode_modules/@jest/environment-jsdom-abstract/build/index.js[2m:79:27)[22m[2m[22m
[2m      [2mat reportException ([22m[2mnode_modules/jsdom/lib/jsdom/living/helpers/runtime-script-errors.js[2m:70:28)[22m[2m[22m
[2m      [2mat innerInvokeEventListeners ([22m[2mnode_modules/jsdom/lib/jsdom/living/events/EventTarget-impl.js[2m:353:9)[22m[2m[22m
[2m      [2mat invokeEventListeners ([22m[2mnode_modules/jsdom/lib/jsdom/living/events/EventTarget-impl.js[2m:286:3)[22m[2m[22m
[2m      [2mat HTMLUnknownElementImpl._dispatch ([22m[2mnode_modules/jsdom/lib/jsdom/living/events/EventTarget-impl.js[2m:233:9)[22m[2m[22m
[2m      [2mat HTMLUnknownElementImpl.dispatchEvent ([22m[2mnode_modules/jsdom/lib/jsdom/living/events/EventTarget-impl.js[2m:104:17)[22m[2m[22m
[2m      [2mat HTMLUnknownElement.dispatchEvent ([22m[2mnode_modules/jsdom/lib/jsdom/living/generated/EventTarget.js[2m:241:34)[22m[2m[22m
[2m      [2mat Object.invokeGuardedCallbackDev ([22m[2mnode_modules/react-dom/cjs/react-dom.development.js[2m:4213:16)[22m[2m[22m
[2m      [2mat invokeGuardedCallback ([22m[2mnode_modules/react-dom/cjs/react-dom.development.js[2m:4277:31)[22m[2m[22m
[2m      [2mat beginWork$1 ([22m[2mnode_modules/react-dom/cjs/react-dom.development.js[2m:27490:7)[22m[2m[22m
[2m      [2mat performUnitOfWork ([22m[2mnode_modules/react-dom/cjs/react-dom.development.js[2m:26599:12)[22m[2m[22m
[2m      [2mat workLoopSync ([22m[2mnode_modules/react-dom/cjs/react-dom.development.js[2m:26505:5)[22m[2m[22m
[2m      [2mat renderRootSync ([22m[2mnode_modules/react-dom/cjs/react-dom.development.js[2m:26473:7)[22m[2m[22m
[2m      [2mat recoverFromConcurrentError ([22m[2mnode_modules/react-dom/cjs/react-dom.development.js[2m:25889:20)[22m[2m[22m
[2m      [2mat performConcurrentWorkOnRoot ([22m[2mnode_modules/react-dom/cjs/react-dom.development.js[2m:25789:22)[22m[2m[22m
[2m      [2mat flushActQueue ([22m[2mnode_modules/react/cjs/react.development.js[2m:2667:24)[22m[2m[22m
[2m      [2mat act ([22m[2mnode_modules/react/cjs/react.development.js[2m:2582:11)[22m[2m[22m
[2m      [2mat actImplementation ([22m[2mnode_modules/@testing-library/react/dist/act-compat.js[2m:47:25)[22m[2m[22m
[2m      [2mat renderRoot ([22m[2mnode_modules/@testing-library/react/dist/pure.js[2m:190:25)[22m[2m[22m
[2m      [2mat renderRoot ([22m[2mnode_modules/@testing-library/react/dist/pure.js[2m:292:10)[22m[2m[22m
[2m      [2mat Object.<anonymous> ([22m[2mtests/unit/components/providers/UIEventProvider.test.tsx[2m:264:13)[22m[2m[22m

[0m[7m[1m[32m PASS [39m[22m[27m[0m [0m[7m[37m unit [39m[27m[0m [2mlib/mastra/tools/entry-proposal-generation/__tests__/[22m[1mrisk-calculator.test.ts[22m
[0m[7m[1m[32m PASS [39m[22m[27m[0m [0m[7m[37m unit [39m[27m[0m [2mtests/unit/types/[22m[1mlog-viewer.types.test.ts[22m
[0m[7m[1m[32m PASS [39m[22m[27m[0m [0m[7m[37m unit [39m[27m[0m [2mtests/unit/components/chart/indicators/__tests__/[22m[1mIndicatorSettings.test.tsx[22m
[0m[7m[1m[32m PASS [39m[22m[27m[0m [0m[7m[37m unit [39m[27m[0m [2mtests/unit/lib/mastra/tools/[22m[1mentry-proposal-generation.test.ts[22m
[0m[7m[1m[32m PASS [39m[22m[27m[0m [0m[7m[37m unit [39m[27m[0m [2mtests/unit/lib/mastra/tools/[22m[1magent-selection.tool.test.ts[22m
[0m[7m[1m[32m PASS [39m[22m[27m[0m [0m[7m[37m unit [39m[27m[0m [2mtests/unit/components/chat/__tests__/[22m[1mStyleEditor.test.tsx[22m
  [1m● [22mConsole

    [2m[31mconsole.error[39m[22m
[31m      Warning: React does not recognize the `alignOffset` prop on a DOM element. If you intentionally want it to appear in the DOM as a custom attribute, spell it as lowercase `alignoffset` instead. If you accidentally passed it from a parent component, remove it from the DOM element.[39m
[31m          at div[39m
[31m          at /Users/hirosato/Downloads/Cryptrade/__mocks__/@/components/ui/popover.tsx:51:6[39m
[31m          at div[39m
[31m          at Popover (/Users/hirosato/Downloads/Cryptrade/__mocks__/@/components/ui/popover.tsx:3:27)[39m
[31m          at StyleEditor (/Users/hirosato/Downloads/Cryptrade/components/chat/StyleEditor.tsx:34:3)[39m
[2m[22m
[2m    [0m [90m 58 |[39m     [22m
[2m     [90m 59 |[39m     [36mconst[39m trigger [33m=[39m screen[33m.[39mgetByTestId([32m'popover-trigger'[39m)[22m
[2m    [31m[1m>[22m[2m[39m[90m 60 |[39m     fireEvent[33m.[39mclick(trigger)[22m
[2m     [90m    |[39m               [31m[1m^[22m[2m[39m[22m
[2m     [90m 61 |[39m     [22m
[2m     [90m 62 |[39m     expect(screen[33m.[39mgetByTestId([32m'popover'[39m))[33m.[39mtoHaveAttribute([32m'data-open'[39m[33m,[39m [32m'true'[39m)[22m
[2m     [90m 63 |[39m   })[0m[22m
[2m[22m
[2m      [2mat [22m[2mnode_modules/@jest/environment-jsdom-abstract/node_modules/jest-mock/build/index.js[2m:305:39[22m[2m[22m
[2m      [2mat printWarning ([22m[2mnode_modules/react-dom/cjs/react-dom.development.js[2m:86:30)[22m[2m[22m
[2m      [2mat error ([22m[2mnode_modules/react-dom/cjs/react-dom.development.js[2m:60:7)[22m[2m[22m
[2m      [2mat validateProperty$1 ([22m[2mnode_modules/react-dom/cjs/react-dom.development.js[2m:3757:7)[22m[2m[22m
[2m      [2mat warnUnknownProperties ([22m[2mnode_modules/react-dom/cjs/react-dom.development.js[2m:3803:21)[22m[2m[22m
[2m      [2mat validateProperties$2 ([22m[2mnode_modules/react-dom/cjs/react-dom.development.js[2m:3827:3)[22m[2m[22m
[2m      [2mat validatePropertiesInDevelopment ([22m[2mnode_modules/react-dom/cjs/react-dom.development.js[2m:9541:5)[22m[2m[22m
[2m      [2mat setInitialProperties ([22m[2mnode_modules/react-dom/cjs/react-dom.development.js[2m:9830:5)[22m[2m[22m
[2m      [2mat finalizeInitialChildren ([22m[2mnode_modules/react-dom/cjs/react-dom.development.js[2m:10950:3)[22m[2m[22m
[2m      [2mat completeWork ([22m[2mnode_modules/react-dom/cjs/react-dom.development.js[2m:22232:17)[22m[2m[22m
[2m      [2mat completeUnitOfWork ([22m[2mnode_modules/react-dom/cjs/react-dom.development.js[2m:26632:16)[22m[2m[22m
[2m      [2mat performUnitOfWork ([22m[2mnode_modules/react-dom/cjs/react-dom.development.js[2m:26607:5)[22m[2m[22m
[2m      [2mat workLoopSync ([22m[2mnode_modules/react-dom/cjs/react-dom.development.js[2m:26505:5)[22m[2m[22m
[2m      [2mat renderRootSync ([22m[2mnode_modules/react-dom/cjs/react-dom.development.js[2m:26473:7)[22m[2m[22m
[2m      [2mat performSyncWorkOnRoot ([22m[2mnode_modules/react-dom/cjs/react-dom.development.js[2m:26124:20)[22m[2m[22m
[2m      [2mat flushSyncCallbacks ([22m[2mnode_modules/react-dom/cjs/react-dom.development.js[2m:12042:22)[22m[2m[22m
[2m      [2mat flushActQueue ([22m[2mnode_modules/react/cjs/react.development.js[2m:2667:24)[22m[2m[22m
[2m      [2mat act ([22m[2mnode_modules/react/cjs/react.development.js[2m:2582:11)[22m[2m[22m
[2m      [2mat actImplementation ([22m[2mnode_modules/@testing-library/react/dist/act-compat.js[2m:47:25)[22m[2m[22m
[2m      [2mat Object.eventWrapper ([22m[2mnode_modules/@testing-library/react/dist/pure.js[2m:107:27)[22m[2m[22m
[2m      [2mat eventWrapper ([22m[2mnode_modules/@testing-library/dom/dist/events.js[2m:12:35)[22m[2m[22m
[2m      [2mat fireEvent [as click] ([22m[2mnode_modules/@testing-library/dom/dist/events.js[2m:110:36)[22m[2m[22m
[2m      [2mat fireEvent.<computed> [as click] ([22m[2mnode_modules/@testing-library/react/dist/fire-event.js[2m:15:52)[22m[2m[22m
[2m      [2mat Object.<anonymous> ([22m[2mtests/unit/components/chat/__tests__/StyleEditor.test.tsx[2m:60:15)[22m[2m[22m

    [2m[31mconsole.error[39m[22m
[31m      Warning: React does not recognize the `sideOffset` prop on a DOM element. If you intentionally want it to appear in the DOM as a custom attribute, spell it as lowercase `sideoffset` instead. If you accidentally passed it from a parent component, remove it from the DOM element.[39m
[31m          at div[39m
[31m          at /Users/hirosato/Downloads/Cryptrade/__mocks__/@/components/ui/popover.tsx:51:6[39m
[31m          at div[39m
[31m          at Popover (/Users/hirosato/Downloads/Cryptrade/__mocks__/@/components/ui/popover.tsx:3:27)[39m
[31m          at StyleEditor (/Users/hirosato/Downloads/Cryptrade/components/chat/StyleEditor.tsx:34:3)[39m
[2m[22m
[2m    [0m [90m 58 |[39m     [22m
[2m     [90m 59 |[39m     [36mconst[39m trigger [33m=[39m screen[33m.[39mgetByTestId([32m'popover-trigger'[39m)[22m
[2m    [31m[1m>[22m[2m[39m[90m 60 |[39m     fireEvent[33m.[39mclick(trigger)[22m
[2m     [90m    |[39m               [31m[1m^[22m[2m[39m[22m
[2m     [90m 61 |[39m     [22m
[2m     [90m 62 |[39m     expect(screen[33m.[39mgetByTestId([32m'popover'[39m))[33m.[39mtoHaveAttribute([32m'data-open'[39m[33m,[39m [32m'true'[39m)[22m
[2m     [90m 63 |[39m   })[0m[22m
[2m[22m
[2m      [2mat [22m[2mnode_modules/@jest/environment-jsdom-abstract/node_modules/jest-mock/build/index.js[2m:305:39[22m[2m[22m
[2m      [2mat printWarning ([22m[2mnode_modules/react-dom/cjs/react-dom.development.js[2m:86:30)[22m[2m[22m
[2m      [2mat error ([22m[2mnode_modules/react-dom/cjs/react-dom.development.js[2m:60:7)[22m[2m[22m
[2m      [2mat validateProperty$1 ([22m[2mnode_modules/react-dom/cjs/react-dom.development.js[2m:3757:7)[22m[2m[22m
[2m      [2mat warnUnknownProperties ([22m[2mnode_modules/react-dom/cjs/react-dom.development.js[2m:3803:21)[22m[2m[22m
[2m      [2mat validateProperties$2 ([22m[2mnode_modules/react-dom/cjs/react-dom.development.js[2m:3827:3)[22m[2m[22m
[2m      [2mat validatePropertiesInDevelopment ([22m[2mnode_modules/react-dom/cjs/react-dom.development.js[2m:9541:5)[22m[2m[22m
[2m      [2mat setInitialProperties ([22m[2mnode_modules/react-dom/cjs/react-dom.development.js[2m:9830:5)[22m[2m[22m
[2m      [2mat finalizeInitialChildren ([22m[2mnode_modules/react-dom/cjs/react-dom.development.js[2m:10950:3)[22m[2m[22m
[2m      [2mat completeWork ([22m[2mnode_modules/react-dom/cjs/react-dom.development.js[2m:22232:17)[22m[2m[22m
[2m      [2mat completeUnitOfWork ([22m[2mnode_modules/react-dom/cjs/react-dom.development.js[2m:26632:16)[22m[2m[22m
[2m      [2mat performUnitOfWork ([22m[2mnode_modules/react-dom/cjs/react-dom.development.js[2m:26607:5)[22m[2m[22m
[2m      [2mat workLoopSync ([22m[2mnode_modules/react-dom/cjs/react-dom.development.js[2m:26505:5)[22m[2m[22m
[2m      [2mat renderRootSync ([22m[2mnode_modules/react-dom/cjs/react-dom.development.js[2m:26473:7)[22m[2m[22m
[2m      [2mat performSyncWorkOnRoot ([22m[2mnode_modules/react-dom/cjs/react-dom.development.js[2m:26124:20)[22m[2m[22m
[2m      [2mat flushSyncCallbacks ([22m[2mnode_modules/react-dom/cjs/react-dom.development.js[2m:12042:22)[22m[2m[22m
[2m      [2mat flushActQueue ([22m[2mnode_modules/react/cjs/react.development.js[2m:2667:24)[22m[2m[22m
[2m      [2mat act ([22m[2mnode_modules/react/cjs/react.development.js[2m:2582:11)[22m[2m[22m
[2m      [2mat actImplementation ([22m[2mnode_modules/@testing-library/react/dist/act-compat.js[2m:47:25)[22m[2m[22m
[2m      [2mat Object.eventWrapper ([22m[2mnode_modules/@testing-library/react/dist/pure.js[2m:107:27)[22m[2m[22m
[2m      [2mat eventWrapper ([22m[2mnode_modules/@testing-library/dom/dist/events.js[2m:12:35)[22m[2m[22m
[2m      [2mat fireEvent [as click] ([22m[2mnode_modules/@testing-library/dom/dist/events.js[2m:110:36)[22m[2m[22m
[2m      [2mat fireEvent.<computed> [as click] ([22m[2mnode_modules/@testing-library/react/dist/fire-event.js[2m:15:52)[22m[2m[22m
[2m      [2mat Object.<anonymous> ([22m[2mtests/unit/components/chat/__tests__/StyleEditor.test.tsx[2m:60:15)[22m[2m[22m

    [2m[31mconsole.error[39m[22m
[31m      Warning: React does not recognize the `setIsOpen` prop on a DOM element. If you intentionally want it to appear in the DOM as a custom attribute, spell it as lowercase `setisopen` instead. If you accidentally passed it from a parent component, remove it from the DOM element.[39m
[31m          at div[39m
[31m          at /Users/hirosato/Downloads/Cryptrade/__mocks__/@/components/ui/popover.tsx:51:6[39m
[31m          at div[39m
[31m          at Popover (/Users/hirosato/Downloads/Cryptrade/__mocks__/@/components/ui/popover.tsx:3:27)[39m
[31m          at StyleEditor (/Users/hirosato/Downloads/Cryptrade/components/chat/StyleEditor.tsx:34:3)[39m
[2m[22m
[2m    [0m [90m 58 |[39m     [22m
[2m     [90m 59 |[39m     [36mconst[39m trigger [33m=[39m screen[33m.[39mgetByTestId([32m'popover-trigger'[39m)[22m
[2m    [31m[1m>[22m[2m[39m[90m 60 |[39m     fireEvent[33m.[39mclick(trigger)[22m
[2m     [90m    |[39m               [31m[1m^[22m[2m[39m[22m
[2m     [90m 61 |[39m     [22m
[2m     [90m 62 |[39m     expect(screen[33m.[39mgetByTestId([32m'popover'[39m))[33m.[39mtoHaveAttribute([32m'data-open'[39m[33m,[39m [32m'true'[39m)[22m
[2m     [90m 63 |[39m   })[0m[22m
[2m[22m
[2m      [2mat [22m[2mnode_modules/@jest/environment-jsdom-abstract/node_modules/jest-mock/build/index.js[2m:305:39[22m[2m[22m
[2m      [2mat printWarning ([22m[2mnode_modules/react-dom/cjs/react-dom.development.js[2m:86:30)[22m[2m[22m
[2m      [2mat error ([22m[2mnode_modules/react-dom/cjs/react-dom.development.js[2m:60:7)[22m[2m[22m
[2m      [2mat validateProperty$1 ([22m[2mnode_modules/react-dom/cjs/react-dom.development.js[2m:3757:7)[22m[2m[22m
[2m      [2mat warnUnknownProperties ([22m[2mnode_modules/react-dom/cjs/react-dom.development.js[2m:3803:21)[22m[2m[22m
[2m      [2mat validateProperties$2 ([22m[2mnode_modules/react-dom/cjs/react-dom.development.js[2m:3827:3)[22m[2m[22m
[2m      [2mat validatePropertiesInDevelopment ([22m[2mnode_modules/react-dom/cjs/react-dom.development.js[2m:9541:5)[22m[2m[22m
[2m      [2mat setInitialProperties ([22m[2mnode_modules/react-dom/cjs/react-dom.development.js[2m:9830:5)[22m[2m[22m
[2m      [2mat finalizeInitialChildren ([22m[2mnode_modules/react-dom/cjs/react-dom.development.js[2m:10950:3)[22m[2m[22m
[2m      [2mat completeWork ([22m[2mnode_modules/react-dom/cjs/react-dom.development.js[2m:22232:17)[22m[2m[22m
[2m      [2mat completeUnitOfWork ([22m[2mnode_modules/react-dom/cjs/react-dom.development.js[2m:26632:16)[22m[2m[22m
[2m      [2mat performUnitOfWork ([22m[2mnode_modules/react-dom/cjs/react-dom.development.js[2m:26607:5)[22m[2m[22m
[2m      [2mat workLoopSync ([22m[2mnode_modules/react-dom/cjs/react-dom.development.js[2m:26505:5)[22m[2m[22m
[2m      [2mat renderRootSync ([22m[2mnode_modules/react-dom/cjs/react-dom.development.js[2m:26473:7)[22m[2m[22m
[2m      [2mat performSyncWorkOnRoot ([22m[2mnode_modules/react-dom/cjs/react-dom.development.js[2m:26124:20)[22m[2m[22m
[2m      [2mat flushSyncCallbacks ([22m[2mnode_modules/react-dom/cjs/react-dom.development.js[2m:12042:22)[22m[2m[22m
[2m      [2mat flushActQueue ([22m[2mnode_modules/react/cjs/react.development.js[2m:2667:24)[22m[2m[22m
[2m      [2mat act ([22m[2mnode_modules/react/cjs/react.development.js[2m:2582:11)[22m[2m[22m
[2m      [2mat actImplementation ([22m[2mnode_modules/@testing-library/react/dist/act-compat.js[2m:47:25)[22m[2m[22m
[2m      [2mat Object.eventWrapper ([22m[2mnode_modules/@testing-library/react/dist/pure.js[2m:107:27)[22m[2m[22m
[2m      [2mat eventWrapper ([22m[2mnode_modules/@testing-library/dom/dist/events.js[2m:12:35)[22m[2m[22m
[2m      [2mat fireEvent [as click] ([22m[2mnode_modules/@testing-library/dom/dist/events.js[2m:110:36)[22m[2m[22m
[2m      [2mat fireEvent.<computed> [as click] ([22m[2mnode_modules/@testing-library/react/dist/fire-event.js[2m:15:52)[22m[2m[22m
[2m      [2mat Object.<anonymous> ([22m[2mtests/unit/components/chat/__tests__/StyleEditor.test.tsx[2m:60:15)[22m[2m[22m

[0m[7m[1m[32m PASS [39m[22m[27m[0m [0m[7m[37m unit [39m[27m[0m [2mtests/unit/hooks/chart/[22m[1museDrawingEventHandlers.test.ts[22m
[0m[7m[1m[32m PASS [39m[22m[27m[0m [0m[7m[37m unit [39m[27m[0m [2mtests/unit/lib/ws/[22m[1mconnection-manager.test.ts[22m
[0m[7m[1m[32m PASS [39m[22m[27m[0m [0m[7m[37m unit [39m[27m[0m [2mlib/chart/renderers/__tests__/[22m[1mpatternAreaRenderer.test.ts[22m
[0m[7m[1m[32m PASS [39m[22m[27m[0m [0m[7m[37m unit [39m[27m[0m [2mtests/unit/lib/utils/[22m[1mretry.test.ts[22m
[0m[7m[1m[32m PASS [39m[22m[27m[0m [0m[7m[37m unit [39m[27m[0m [2mtests/unit/hooks/__tests__/[22m[1muse-view-persistence.test.ts[22m
[0m[7m[1m[32m PASS [39m[22m[27m[0m [0m[7m[37m unit [39m[27m[0m [2mtests/unit/lib/mastra/tools/[22m[1menhanced-proposal-generation.tool.test.ts[22m
[0m[7m[1m[32m PASS [39m[22m[27m[0m [0m[7m[37m unit [39m[27m[0m [2mtests/unit/lib/mastra/tools/[22m[1mproposal-generation.test.ts[22m
[0m[7m[1m[32m PASS [39m[22m[27m[0m [0m[7m[37m unit [39m[27m[0m [2mtests/unit/lib/ml/[22m[1mfeature-extractor.test.ts[22m
[0m[7m[1m[32m PASS [39m[22m[27m[0m [0m[7m[37m unit [39m[27m[0m [2mtests/unit/lib/ws/[22m[1mmessage.test.ts[22m
[0m[7m[1m[32m PASS [39m[22m[27m[0m [0m[7m[37m unit [39m[27m[0m [2mtests/unit/[22m[1madvanced-touch-detection.test.ts[22m
[0m[7m[1m[32m PASS [39m[22m[27m[0m [0m[7m[37m unit [39m[27m[0m [2mtests/unit/lib/binance/[22m[1mapi-service.test.ts[22m
[0m[7m[1m[32m PASS [39m[22m[27m[0m [0m[7m[37m unit [39m[27m[0m [2mtests/unit/lib/utils/[22m[1mzustand-helpers.test.ts[22m
[0m[7m[1m[32m PASS [39m[22m[27m[0m [0m[7m[37m unit [39m[27m[0m [2mtests/unit/lib/ws/[22m[1mcompat-shim.test.ts[22m
[0m[7m[1m[32m PASS [39m[22m[27m[0m [0m[7m[37m unit [39m[27m[0m [2mtests/unit/hooks/__tests__/[22m[1muse-analysis-formatting.test.ts[22m
[0m[7m[1m[32m PASS [39m[22m[27m[0m [0m[7m[37m integration [39m[27m[0m [2mtests/integration/proposals/[22m[1mproposal-system.test.ts[22m
  [1m● [22mConsole

    [2mconsole.log[22m
      [MSW] Loaded 7 default handlers
[2m[22m
[2m      [2mat Object.<anonymous> ([22m[2mtests/setup/msw-setup.ts[2m:18:13)[22m[2m[22m

    [2m[33mconsole.warn[39m[22m
[33m      Skipping risk management test - no executionResult[39m
[2m[22m
[2m    [0m [90m 293 |[39m       [90m// Skip if result doesn't contain executionResult (might be conversational)[39m[22m
[2m     [90m 294 |[39m       [36mif[39m ([33m![39mresult[33m.[39mexecutionResult) {[22m
[2m    [31m[1m>[22m[2m[39m[90m 295 |[39m         console[33m.[39mwarn([32m'Skipping risk management test - no executionResult'[39m)[33m;[39m[22m
[2m     [90m     |[39m                 [31m[1m^[22m[2m[39m[22m
[2m     [90m 296 |[39m         [36mreturn[39m[33m;[39m[22m
[2m     [90m 297 |[39m       }[22m
[2m     [90m 298 |[39m       [0m[22m
[2m[22m
[2m      [2mat [22m[2mnode_modules/jest-mock/build/index.js[2m:397:39[22m[2m[22m
[2m      [2mat Object.<anonymous> ([22m[2mtests/integration/proposals/proposal-system.test.ts[2m:295:17)[22m[2m[22m

[0m[7m[1m[32m PASS [39m[22m[27m[0m [0m[7m[37m unit [39m[27m[0m [2mtests/unit/lib/ws/[22m[1mWSManager.coverage.test.ts[22m
[0m[7m[1m[32m PASS [39m[22m[27m[0m [0m[7m[37m unit [39m[27m[0m [2mtests/unit/lib/db/[22m[1msupabase.test.ts[22m
[0m[7m[1m[32m PASS [39m[22m[27m[0m [0m[7m[37m unit [39m[27m[0m [2mtests/unit/lib/services/[22m[1manalysis.service.test.ts[22m
[0m[7m[1m[32m PASS [39m[22m[27m[0m [0m[7m[37m unit [39m[27m[0m [2mtests/unit/components/ui/__tests__/[22m[1mdialog.test.tsx[22m
[0m[7m[1m[32m PASS [39m[22m[27m[0m [0m[7m[37m unit [39m[27m[0m [2mtests/unit/lib/utils/[22m[1mparse-analysis.test.ts[22m
[0m[7m[1m[32m PASS [39m[22m[27m[0m [0m[7m[37m unit [39m[27m[0m [2mtests/unit/lib/ws/[22m[1mws-error-handling.test.ts[22m
[0m[7m[1m[32m PASS [39m[22m[27m[0m [0m[7m[37m unit [39m[27m[0m [2mtests/unit/lib/mastra/[22m[1menhanced-fallback.test.ts[22m
[0m[7m[1m[32m PASS [39m[22m[27m[0m [0m[7m[37m unit [39m[27m[0m [2mtests/unit/lib/api/helpers/[22m[1merror-handler.test.ts[22m
[0m[7m[1m[32m PASS [39m[22m[27m[0m [0m[7m[37m unit [39m[27m[0m [2mtests/unit/lib/mastra/tools/[22m[1mui-state.tool.test.ts[22m
[0m[7m[1m[32m PASS [39m[22m[27m[0m [0m[7m[37m unit [39m[27m[0m [2mlib/chart/renderers/__tests__/[22m[1mpatternLineRenderer.test.ts[22m
[0m[7m[1m[32m PASS [39m[22m[27m[0m [0m[7m[37m unit [39m[27m[0m [2mtests/unit/[22m[1menhanced-line-detector-v2.test.ts[22m
[0m[7m[1m[32m PASS [39m[22m[27m[0m [0m[7m[37m unit [39m[27m[0m [2mlib/binance/__tests__/[22m[1mapi-service.test.ts[22m
[0m[7m[1m[32m PASS [39m[22m[27m[0m [0m[7m[37m unit [39m[27m[0m [2mtests/unit/lib/api/[22m[1mredis-rate-limiter.test.ts[22m
[0m[7m[1m[32m PASS [39m[22m[27m[0m [0m[7m[37m unit [39m[27m[0m [2mtests/unit/lib/server/[22m[1muiEventBus.test.ts[22m
[0m[7m[1m[32m PASS [39m[22m[27m[0m [0m[7m[37m unit [39m[27m[0m [2mtests/unit/lib/utils/[22m[1msse.test.ts[22m
[0m[7m[1m[32m PASS [39m[22m[27m[0m [0m[7m[37m unit [39m[27m[0m [2mtests/unit/hooks/base/[22m[1muse-managed-websocket.test.ts[22m
[0m[7m[1m[32m PASS [39m[22m[27m[0m [0m[7m[37m unit [39m[27m[0m [2mtests/unit/lib/utils/[22m[1mdrawing-queue-retry.test.ts[22m
  [1m● [22mConsole

    [2mconsole.log[22m
      [MSW] Loaded 7 default handlers
[2m[22m
[2m      [2mat Object.<anonymous> ([22m[2mtests/setup/msw-setup.ts[2m:18:13)[22m[2m[22m

[0m[7m[1m[32m PASS [39m[22m[27m[0m [0m[7m[37m unit [39m[27m[0m [2mtests/unit/lib/services/[22m[1mchart-drawing.service.test.ts[22m
[0m[7m[1m[32m PASS [39m[22m[27m[0m [0m[7m[37m unit [39m[27m[0m [2mtests/unit/lib/mastra/tools/[22m[1mmarket-data-resilient.tool.test.ts[22m
[0m[7m[1m[32m PASS [39m[22m[27m[0m [0m[7m[37m unit [39m[27m[0m [2mtests/unit/lib/api/helpers/[22m[1mrequest-validator.test.ts[22m
[0m[7m[1m[32m PASS [39m[22m[27m[0m [0m[7m[37m unit [39m[27m[0m [2mtests/unit/hooks/[22m[1muse-alerts.test.ts[22m
[0m[7m[1m[32m PASS [39m[22m[27m[0m [0m[7m[37m unit [39m[27m[0m [2mtests/unit/lib/mastra/tools/[22m[1mchart-data-analysis.tool.integration.test.ts[22m
  [1m● [22mConsole

    [2m[31mconsole.error[39m[22m
[31m      [2025-06-23T05:28:09.729Z] [ERROR] [test] [ChartDataAnalysis] Analysis failed {"symbol":"BTCUSDT","timeframe":"1h","error":"Failed to fetch candlestick data: 429"} undefined[39m
[2m[22m
[2m    [0m [90m 159 |[39m         [36mbreak[39m[33m;[39m[22m
[2m     [90m 160 |[39m       [36mcase[39m [32m'error'[39m[33m:[39m[22m
[2m    [31m[1m>[22m[2m[39m[90m 161 |[39m         console[33m.[39merror(formatted[33m,[39m errorObj)[33m;[39m[22m
[2m     [90m     |[39m                 [31m[1m^[22m[2m[39m[22m
[2m     [90m 162 |[39m         [36mbreak[39m[33m;[39m[22m
[2m     [90m 163 |[39m     }[22m
[2m     [90m 164 |[39m   }[0m[22m
[2m[22m
[2m      [2mat [22m[2mnode_modules/@jest/environment-jsdom-abstract/node_modules/jest-mock/build/index.js[2m:305:39[22m[2m[22m
[2m      [2mat ConsoleTransport.log ([22m[2mlib/utils/logger.ts[2m:161:17)[22m[2m[22m
[2m      [2mat [22m[2mlib/utils/logger.ts[2m:294:19[22m[2m[22m
[2m          at Array.forEach (<anonymous>)[22m
[2m      [2mat Logger.logToTransports ([22m[2mlib/utils/logger.ts[2m:292:21)[22m[2m[22m
[2m      [2mat Logger.error ([22m[2mlib/utils/logger.ts[2m:333:10)[22m[2m[22m
[2m      [2mat Object.execute ([22m[2mlib/mastra/tools/chart-data-analysis.tool.ts[2m:276:14)[22m[2m[22m
[2m      [2mat Object.<anonymous> ([22m[2mtests/unit/lib/mastra/tools/chart-data-analysis.tool.integration.test.ts[2m:536:22)[22m[2m[22m

    [2m[31mconsole.error[39m[22m
[31m      [2025-06-23T05:28:09.765Z] [ERROR] [test] [ChartDataAnalysis] Analysis failed {"symbol":"BTCUSDT","timeframe":"1h","error":"Network error"} undefined[39m
[2m[22m
[2m    [0m [90m 159 |[39m         [36mbreak[39m[33m;[39m[22m
[2m     [90m 160 |[39m       [36mcase[39m [32m'error'[39m[33m:[39m[22m
[2m    [31m[1m>[22m[2m[39m[90m 161 |[39m         console[33m.[39merror(formatted[33m,[39m errorObj)[33m;[39m[22m
[2m     [90m     |[39m                 [31m[1m^[22m[2m[39m[22m
[2m     [90m 162 |[39m         [36mbreak[39m[33m;[39m[22m
[2m     [90m 163 |[39m     }[22m
[2m     [90m 164 |[39m   }[0m[22m
[2m[22m
[2m      [2mat [22m[2mnode_modules/@jest/environment-jsdom-abstract/node_modules/jest-mock/build/index.js[2m:305:39[22m[2m[22m
[2m      [2mat ConsoleTransport.log ([22m[2mlib/utils/logger.ts[2m:161:17)[22m[2m[22m
[2m      [2mat [22m[2mlib/utils/logger.ts[2m:294:19[22m[2m[22m
[2m          at Array.forEach (<anonymous>)[22m
[2m      [2mat Logger.logToTransports ([22m[2mlib/utils/logger.ts[2m:292:21)[22m[2m[22m
[2m      [2mat Logger.error ([22m[2mlib/utils/logger.ts[2m:333:10)[22m[2m[22m
[2m      [2mat Object.execute ([22m[2mlib/mastra/tools/chart-data-analysis.tool.ts[2m:276:14)[22m[2m[22m
[2m      [2mat Object.<anonymous> ([22m[2mtests/unit/lib/mastra/tools/chart-data-analysis.tool.integration.test.ts[2m:553:22)[22m[2m[22m

[0m[7m[1m[32m PASS [39m[22m[27m[0m [0m[7m[37m unit [39m[27m[0m [2mtests/unit/hooks/base/[22m[1muse-streaming.test.ts[22m
  [1m● [22mConsole

    [2m[31mconsole.error[39m[22m
[31m      Warning: An update to TestComponent inside a test was not wrapped in act(...).[39m
[31m      [39m
[31m      When testing, code that causes React state updates should be wrapped into act(...):[39m
[31m      [39m
[31m      act(() => {[39m
[31m        /* fire events that update state */[39m
[31m      });[39m
[31m      /* assert on the output */[39m
[31m      [39m
[31m      This ensures that you're testing the behavior the user would see in the browser. Learn more at https://reactjs.org/link/wrap-tests-with-act[39m
[31m          at renderCallbackProps (/Users/hirosato/Downloads/Cryptrade/node_modules/@testing-library/react/dist/pure.js:329:5)[39m
[2m[22m
[2m    [0m [90m 164 |[39m                 [36mconst[39m parsedData [33m=[39m parseResponse(dataStr)[33m;[39m[22m
[2m     [90m 165 |[39m                 [36mif[39m (parsedData [33m!==[39m [36mnull[39m) {[22m
[2m    [31m[1m>[22m[2m[39m[90m 166 |[39m                   setData(parsedData)[33m;[39m[22m
[2m     [90m     |[39m                   [31m[1m^[22m[2m[39m[22m
[2m     [90m 167 |[39m                   onMessage[33m?[39m[33m.[39m(parsedData)[33m;[39m[22m
[2m     [90m 168 |[39m                 }[22m
[2m     [90m 169 |[39m               } [36melse[39m {[0m[22m
[2m[22m
[2m      [2mat [22m[2mnode_modules/@jest/environment-jsdom-abstract/node_modules/jest-mock/build/index.js[2m:305:39[22m[2m[22m
[2m      [2mat printWarning ([22m[2mnode_modules/react-dom/cjs/react-dom.development.js[2m:86:30)[22m[2m[22m
[2m      [2mat error ([22m[2mnode_modules/react-dom/cjs/react-dom.development.js[2m:60:7)[22m[2m[22m
[2m      [2mat warnIfUpdatesNotWrappedWithActDEV ([22m[2mnode_modules/react-dom/cjs/react-dom.development.js[2m:27628:9)[22m[2m[22m
[2m      [2mat scheduleUpdateOnFiber ([22m[2mnode_modules/react-dom/cjs/react-dom.development.js[2m:25547:5)[22m[2m[22m
[2m      [2mat dispatchSetState ([22m[2mnode_modules/react-dom/cjs/react-dom.development.js[2m:16708:7)[22m[2m[22m
[2m      [2mat [22m[2mhooks/base/use-streaming.ts[2m:166:19[22m[2m[22m

    [2m[31mconsole.error[39m[22m
[31m      Warning: An update to TestComponent inside a test was not wrapped in act(...).[39m
[31m      [39m
[31m      When testing, code that causes React state updates should be wrapped into act(...):[39m
[31m      [39m
[31m      act(() => {[39m
[31m        /* fire events that update state */[39m
[31m      });[39m
[31m      /* assert on the output */[39m
[31m      [39m
[31m      This ensures that you're testing the behavior the user would see in the browser. Learn more at https://reactjs.org/link/wrap-tests-with-act[39m
[31m          at renderCallbackProps (/Users/hirosato/Downloads/Cryptrade/node_modules/@testing-library/react/dist/pure.js:329:5)[39m
[2m[22m
[2m    [0m [90m 210 |[39m     } [36mfinally[39m {[22m
[2m     [90m 211 |[39m       [36mif[39m (isMountedRef[33m.[39mcurrent) {[22m
[2m    [31m[1m>[22m[2m[39m[90m 212 |[39m         setIsStreaming([36mfalse[39m)[33m;[39m[22m
[2m     [90m     |[39m         [31m[1m^[22m[2m[39m[22m
[2m     [90m 213 |[39m         onEnd[33m?[39m[33m.[39m()[33m;[39m[22m
[2m     [90m 214 |[39m       }[22m
[2m     [90m 215 |[39m     }[0m[22m
[2m[22m
[2m      [2mat [22m[2mnode_modules/@jest/environment-jsdom-abstract/node_modules/jest-mock/build/index.js[2m:305:39[22m[2m[22m
[2m      [2mat printWarning ([22m[2mnode_modules/react-dom/cjs/react-dom.development.js[2m:86:30)[22m[2m[22m
[2m      [2mat error ([22m[2mnode_modules/react-dom/cjs/react-dom.development.js[2m:60:7)[22m[2m[22m
[2m      [2mat warnIfUpdatesNotWrappedWithActDEV ([22m[2mnode_modules/react-dom/cjs/react-dom.development.js[2m:27628:9)[22m[2m[22m
[2m      [2mat scheduleUpdateOnFiber ([22m[2mnode_modules/react-dom/cjs/react-dom.development.js[2m:25547:5)[22m[2m[22m
[2m      [2mat dispatchSetState ([22m[2mnode_modules/react-dom/cjs/react-dom.development.js[2m:16708:7)[22m[2m[22m
[2m      [2mat [22m[2mhooks/base/use-streaming.ts[2m:212:9[22m[2m[22m

[0m[7m[1m[32m PASS [39m[22m[27m[0m [0m[7m[37m integration [39m[27m[0m [2mtests/integration/ws/[22m[1mws-manager-simple.test.ts[22m
  [1m● [22mConsole

    [2mconsole.log[22m
      [MSW] Loaded 7 default handlers
[2m[22m
[2m      [2mat Object.<anonymous> ([22m[2mtests/setup/msw-setup.ts[2m:18:13)[22m[2m[22m

[0m[7m[1m[32m PASS [39m[22m[27m[0m [0m[7m[37m unit [39m[27m[0m [2mtests/unit/config/[22m[1menv.test.ts[22m
  [1m● [22mConsole

    [2mconsole.log[22m
      [MSW] Loaded 7 default handlers
[2m[22m
[2m      [2mat Object.<anonymous> ([22m[2mtests/setup/msw-setup.ts[2m:18:13)[22m[2m[22m

[0m[7m[1m[32m PASS [39m[22m[27m[0m [0m[7m[37m unit [39m[27m[0m [2mtests/unit/lib/services/[22m[1mchat.service.test.ts[22m
[0m[7m[1m[32m PASS [39m[22m[27m[0m [0m[7m[37m unit [39m[27m[0m [2mtests/unit/lib/api/helpers/[22m[1mresponse-builder.test.ts[22m
[0m[7m[1m[32m PASS [39m[22m[27m[0m [0m[7m[37m unit [39m[27m[0m [2mtests/unit/store/[22m[1mui-event.store.test.ts[22m
[0m[7m[1m[32m PASS [39m[22m[27m[0m [0m[7m[37m unit [39m[27m[0m [2mtests/unit/lib/utils/[22m[1mdb-conversions.server.test.ts[22m
[0m[7m[1m[32m PASS [39m[22m[27m[0m [0m[7m[37m unit [39m[27m[0m [2mtests/unit/lib/auth/[22m[1mserver.test.ts[22m
[0m[7m[1m[32m PASS [39m[22m[27m[0m [0m[7m[37m unit [39m[27m[0m [2mtests/unit/lib/api/helpers/[22m[1mproposal-extractor.test.ts[22m
[0m[7m[1m[32m PASS [39m[22m[27m[0m [0m[7m[37m unit [39m[27m[0m [2mtests/unit/api/ticker/[22m[1mroute.test.ts[22m
[0m[7m[1m[32m PASS [39m[22m[27m[0m [0m[7m[37m unit [39m[27m[0m [2mtests/unit/api/logs/[22m[1mroute.test.ts[22m
[0m[7m[1m[32m PASS [39m[22m[27m[0m [0m[7m[37m unit [39m[27m[0m [2mtests/unit/components/chart/indicators/__tests__/[22m[1mindicator-chart.test.ts[22m
[0m[7m[1m[32m PASS [39m[22m[27m[0m [0m[7m[37m unit [39m[27m[0m [2mtests/unit/components/chart/hooks/[22m[1museChartInstance.test.ts[22m
[0m[7m[1m[32m PASS [39m[22m[27m[0m [0m[7m[37m unit [39m[27m[0m [2mtests/unit/components/chat/__tests__/[22m[1mAnalysisResultCard.test.tsx[22m
[0m[7m[1m[32m PASS [39m[22m[27m[0m [0m[7m[37m unit [39m[27m[0m [2mtests/unit/lib/mastra/[22m[1magent-performance.test.ts[22m
[0m[7m[1m[32m PASS [39m[22m[27m[0m [0m[7m[37m integration [39m[27m[0m [2mtests/integration/[22m[1mstyle-editor-integration.test.ts[22m
  [1m● [22mConsole

    [2m[31mconsole.error[39m[22m
[31m      [Style Update Validation] Failed: [[39m
[31m        {[39m
[31m          code: 'too_big',[39m
[31m          maximum: 10,[39m
[31m          type: 'number',[39m
[31m          inclusive: true,[39m
[31m          exact: false,[39m
[31m          message: 'Number must be less than or equal to 10',[39m
[31m          path: [ 'style', 'lineWidth' ][39m
[31m        }[39m
[31m      ][39m
[2m[22m
[2m    [0m [90m 225 |[39m   } [36mcatch[39m (error[33m:[39m unknown) {[22m
[2m     [90m 226 |[39m     [36mif[39m (error [36minstanceof[39m z[33m.[39m[33mZodError[39m) {[22m
[2m    [31m[1m>[22m[2m[39m[90m 227 |[39m       console[33m.[39merror([32m'[Style Update Validation] Failed:'[39m[33m,[39m error[33m.[39merrors)[33m;[39m[22m
[2m     [90m     |[39m               [31m[1m^[22m[2m[39m[22m
[2m     [90m 228 |[39m       [36mthrow[39m [36mnew[39m [33mError[39m([22m
[2m     [90m 229 |[39m         [32m`Invalid style update: ${error.errors.map((e: ZodIssue) => e.message).join(', ')}`[39m[22m
[2m     [90m 230 |[39m       )[33m;[39m[0m[22m
[2m[22m
[2m      [2mat [22m[2mnode_modules/@jest/environment-jsdom-abstract/node_modules/jest-mock/build/index.js[2m:305:39[22m[2m[22m
[2m      [2mat validateStyleUpdate ([22m[2mtypes/style-editor.ts[2m:227:15)[22m[2m[22m
[2m      [2mat [22m[2mtests/integration/style-editor-integration.test.ts[2m:323:39[22m[2m[22m
[2m      [2mat Object.<anonymous> ([22m[2mnode_modules/expect/build/toThrowMatchers.js[2m:74:11)[22m[2m[22m
[2m      [2mat Object.throwingMatcher [as toThrow] ([22m[2mnode_modules/expect/build/index.js[2m:320:21)[22m[2m[22m
[2m      [2mat Object.<anonymous> ([22m[2mtests/integration/style-editor-integration.test.ts[2m:323:56)[22m[2m[22m

    [2m[31mconsole.error[39m[22m
[31m      [Pattern Style Update Validation] Failed: [[39m
[31m        {[39m
[31m          code: 'too_small',[39m
[31m          minimum: 0,[39m
[31m          type: 'number',[39m
[31m          inclusive: true,[39m
[31m          exact: false,[39m
[31m          message: 'Number must be greater than or equal to 0',[39m
[31m          path: [ 'patternStyle', 'patternFillOpacity' ][39m
[31m        }[39m
[31m      ][39m
[2m[22m
[2m    [0m [90m 239 |[39m   } [36mcatch[39m (error[33m:[39m unknown) {[22m
[2m     [90m 240 |[39m     [36mif[39m (error [36minstanceof[39m z[33m.[39m[33mZodError[39m) {[22m
[2m    [31m[1m>[22m[2m[39m[90m 241 |[39m       console[33m.[39merror([32m'[Pattern Style Update Validation] Failed:'[39m[33m,[39m error[33m.[39merrors)[33m;[39m[22m
[2m     [90m     |[39m               [31m[1m^[22m[2m[39m[22m
[2m     [90m 242 |[39m       [36mthrow[39m [36mnew[39m [33mError[39m([22m
[2m     [90m 243 |[39m         [32m`Invalid pattern style update: ${error.errors.map((e: ZodIssue) => e.message).join(', ')}`[39m[22m
[2m     [90m 244 |[39m       )[33m;[39m[0m[22m
[2m[22m
[2m      [2mat [22m[2mnode_modules/@jest/environment-jsdom-abstract/node_modules/jest-mock/build/index.js[2m:305:39[22m[2m[22m
[2m      [2mat validatePatternStyleUpdate ([22m[2mtypes/style-editor.ts[2m:241:15)[22m[2m[22m
[2m      [2mat [22m[2mtests/integration/style-editor-integration.test.ts[2m:465:46[22m[2m[22m
[2m      [2mat Object.<anonymous> ([22m[2mnode_modules/expect/build/toThrowMatchers.js[2m:74:11)[22m[2m[22m
[2m      [2mat Object.throwingMatcher [as toThrow] ([22m[2mnode_modules/expect/build/index.js[2m:320:21)[22m[2m[22m
[2m      [2mat Object.<anonymous> ([22m[2mtests/integration/style-editor-integration.test.ts[2m:465:63)[22m[2m[22m

[0m[7m[1m[32m PASS [39m[22m[27m[0m [0m[7m[37m unit [39m[27m[0m [2mtests/unit/components/chart/hooks/[22m[1museChartData.test.ts[22m
[0m[7m[1m[32m PASS [39m[22m[27m[0m [0m[7m[37m unit [39m[27m[0m [2mtests/unit/api/stream/[22m[1mroute.test.ts[22m
[0m[7m[1m[32m PASS [39m[22m[27m[0m [0m[7m[37m unit [39m[27m[0m [2mtests/unit/components/layout/[22m[1mBodyStyleWrapper.test.tsx[22m
[0m[7m[1m[32m PASS [39m[22m[27m[0m [0m[7m[37m unit [39m[27m[0m [2mtests/unit/types/events/[22m[1mchart-events.test.ts[22m
[0m[7m[1m[32m PASS [39m[22m[27m[0m [0m[7m[37m unit [39m[27m[0m [2mtests/unit/store/[22m[1mmarket.store.test.ts[22m
[0m[7m[1m[32m PASS [39m[22m[27m[0m [0m[7m[37m integration [39m[27m[0m [2mtests/integration/[22m[1mchart-websocket-integration.test.ts[22m
  [1m● [22mConsole

    [2mconsole.log[22m
      [MSW] Loaded 7 default handlers
[2m[22m
[2m      [2mat Object.<anonymous> ([22m[2mtests/setup/msw-setup.ts[2m:18:13)[22m[2m[22m

[0m[7m[1m[32m PASS [39m[22m[27m[0m [0m[7m[37m unit [39m[27m[0m [2mtests/unit/lib/ws/[22m[1mmigration.test.ts[22m
[0m[7m[1m[32m PASS [39m[22m[27m[0m [0m[7m[37m unit [39m[27m[0m [2mtests/unit/api/events/[22m[1mroute.test.ts[22m
[0m[7m[1m[32m PASS [39m[22m[27m[0m [0m[7m[37m integration [39m[27m[0m [2mtests/integration/[22m[1magent-ui-integration.test.ts[22m
  [1m● [22mConsole

    [2mconsole.log[22m
      [MSW] Loaded 7 default handlers
[2m[22m
[2m      [2mat Object.<anonymous> ([22m[2mtests/setup/msw-setup.ts[2m:18:13)[22m[2m[22m

[0m[7m[1m[32m PASS [39m[22m[27m[0m [0m[7m[37m unit [39m[27m[0m [2mtests/unit/api/klines/[22m[1mroute.test.ts[22m
[0m[7m[1m[32m PASS [39m[22m[27m[0m [0m[7m[37m unit [39m[27m[0m [2mtests/unit/store/chat/[22m[1mui.store.test.ts[22m
[0m[7m[1m[31m FAIL [39m[22m[27m[0m [0m[7m[37m unit [39m[27m[0m [2mtests/unit/lib/mastra/utils/[22m[1mintent-symbol-extraction.test.ts[22m
[1m[31m  [1m● [22m[1mSymbol Extraction › analyzeIntent with symbol extraction › should extract symbols for proposal requests[39m[22m

    [2mexpect([22m[31mreceived[39m[2m).[22mtoBe[2m([22m[32mexpected[39m[2m) // Object.is equality[22m

    Expected: [32m"proposal_request"[39m
    Received: [31m"ui_control"[39m
[2m[22m
[2m    [0m [90m 57 |[39m[22m
[2m     [90m 58 |[39m       [36mconst[39m result2 [33m=[39m analyzeIntent([32m'リップルのサポートラインを引いて'[39m)[33m;[39m[22m
[2m    [31m[1m>[22m[2m[39m[90m 59 |[39m       expect(result2[33m.[39mintent)[33m.[39mtoBe([32m'proposal_request'[39m)[33m;[39m[22m
[2m     [90m    |[39m                              [31m[1m^[22m[2m[39m[22m
[2m     [90m 60 |[39m       expect(result2[33m.[39mextractedSymbol)[33m.[39mtoBe([32m'XRPUSDT'[39m)[33m;[39m[22m
[2m     [90m 61 |[39m       expect(result2[33m.[39mproposalType)[33m.[39mtoBe([32m'support-resistance'[39m)[33m;[39m[22m
[2m     [90m 62 |[39m     })[33m;[39m[0m[22m
[2m[22m
[2m      [2mat Object.<anonymous> ([22m[2m[0m[36mtests/unit/lib/mastra/utils/intent-symbol-extraction.test.ts[39m[0m[2m:59:30)[22m[2m[22m

[1m[31m  [1m● [22m[1mSymbol Extraction › analyzeIntent with symbol extraction › should handle queries without symbols[39m[22m

    [2mexpect([22m[31mreceived[39m[2m).[22mtoBeUndefined[2m()[22m

    Received: [31m"BTCUSDT"[39m
[2m[22m
[2m    [0m [90m 72 |[39m       [90m// 'を教えて' makes it a trading_analysis[39m[22m
[2m     [90m 73 |[39m       expect(result1[33m.[39mintent)[33m.[39mtoBe([32m'trading_analysis'[39m)[33m;[39m[22m
[2m    [31m[1m>[22m[2m[39m[90m 74 |[39m       expect(result1[33m.[39mextractedSymbol)[33m.[39mtoBeUndefined()[33m;[39m[22m
[2m     [90m    |[39m                                       [31m[1m^[22m[2m[39m[22m
[2m     [90m 75 |[39m[22m
[2m     [90m 76 |[39m       [36mconst[39m result2 [33m=[39m analyzeIntent([32m'トレンドラインを提案して'[39m)[33m;[39m[22m
[2m     [90m 77 |[39m       expect(result2[33m.[39mintent)[33m.[39mtoBe([32m'proposal_request'[39m)[33m;[39m[0m[22m
[2m[22m
[2m      [2mat Object.<anonymous> ([22m[2m[0m[36mtests/unit/lib/mastra/utils/intent-symbol-extraction.test.ts[39m[0m[2m:74:39)[22m[2m[22m

[0m[7m[1m[32m PASS [39m[22m[27m[0m [0m[7m[37m integration [39m[27m[0m [2mtests/integration/[22m[1mentry-proposal-ui-integration.test.ts[22m
[0m[7m[1m[32m PASS [39m[22m[27m[0m [0m[7m[37m unit [39m[27m[0m [2mtests/unit/app/[22m[1mlayout.test.tsx[22m
  [1m● [22mConsole

    [2m[31mconsole.error[39m[22m
[31m      Warning: validateDOMNesting(...): <html> cannot appear as a child of <div>.[39m
[31m          at html[39m
[31m          at RootLayout (/Users/hirosato/Downloads/Cryptrade/app/layout.tsx:18:3)[39m
[2m[22m
[2m    [0m [90m 52 |[39m   describe([32m'Component Rendering'[39m[33m,[39m () [33m=>[39m {[22m
[2m     [90m 53 |[39m     it([32m'renders with all required providers in correct order'[39m[33m,[39m () [33m=>[39m {[22m
[2m    [31m[1m>[22m[2m[39m[90m 54 |[39m       [36mconst[39m { container } [33m=[39m render([22m
[2m     [90m    |[39m                                   [31m[1m^[22m[2m[39m[22m
[2m     [90m 55 |[39m         [33m<[39m[33mRootLayout[39m[33m>[39m[22m
[2m     [90m 56 |[39m           [33m<[39m[33mdiv[39m data[33m-[39mtestid[33m=[39m[32m"test-child"[39m[33m>[39m[33mTest[39m [33mContent[39m[33m<[39m[33m/[39m[33mdiv[39m[33m>[39m[22m
[2m     [90m 57 |[39m         [33m<[39m[33m/[39m[33mRootLayout[39m[33m>[39m[0m[22m
[2m[22m
[2m      [2mat [22m[2mnode_modules/@jest/environment-jsdom-abstract/node_modules/jest-mock/build/index.js[2m:305:39[22m[2m[22m
[2m      [2mat printWarning ([22m[2mnode_modules/react-dom/cjs/react-dom.development.js[2m:86:30)[22m[2m[22m
[2m      [2mat error ([22m[2mnode_modules/react-dom/cjs/react-dom.development.js[2m:60:7)[22m[2m[22m
[2m      [2mat validateDOMNesting ([22m[2mnode_modules/react-dom/cjs/react-dom.development.js[2m:10847:7)[22m[2m[22m
[2m      [2mat createInstance ([22m[2mnode_modules/react-dom/cjs/react-dom.development.js[2m:10930:5)[22m[2m[22m
[2m      [2mat completeWork ([22m[2mnode_modules/react-dom/cjs/react-dom.development.js[2m:22226:28)[22m[2m[22m
[2m      [2mat completeUnitOfWork ([22m[2mnode_modules/react-dom/cjs/react-dom.development.js[2m:26632:16)[22m[2m[22m
[2m      [2mat performUnitOfWork ([22m[2mnode_modules/react-dom/cjs/react-dom.development.js[2m:26607:5)[22m[2m[22m
[2m      [2mat workLoopSync ([22m[2mnode_modules/react-dom/cjs/react-dom.development.js[2m:26505:5)[22m[2m[22m
[2m      [2mat renderRootSync ([22m[2mnode_modules/react-dom/cjs/react-dom.development.js[2m:26473:7)[22m[2m[22m
[2m      [2mat performConcurrentWorkOnRoot ([22m[2mnode_modules/react-dom/cjs/react-dom.development.js[2m:25777:74)[22m[2m[22m
[2m      [2mat flushActQueue ([22m[2mnode_modules/react/cjs/react.development.js[2m:2667:24)[22m[2m[22m
[2m      [2mat act ([22m[2mnode_modules/react/cjs/react.development.js[2m:2582:11)[22m[2m[22m
[2m      [2mat actImplementation ([22m[2mnode_modules/@testing-library/react/dist/act-compat.js[2m:47:25)[22m[2m[22m
[2m      [2mat renderRoot ([22m[2mnode_modules/@testing-library/react/dist/pure.js[2m:190:25)[22m[2m[22m
[2m      [2mat renderRoot ([22m[2mnode_modules/@testing-library/react/dist/pure.js[2m:292:10)[22m[2m[22m
[2m      [2mat Object.<anonymous> ([22m[2mtests/unit/app/layout.test.tsx[2m:54:35)[22m[2m[22m

[0m[7m[1m[31m FAIL [39m[22m[27m[0m [0m[7m[37m unit [39m[27m[0m [2mtests/unit/lib/mastra/utils/[22m[1mintent-helpers.test.ts[22m
[1m[31m  [1m● [22m[1mIntent helper functions › detectDrawingProposal detects drawing commands[39m[22m

    [2mexpect([22m[31mreceived[39m[2m).[22mtoBe[2m([22m[32mexpected[39m[2m) // Object.is equality[22m

    Expected: [32m"trendline"[39m
    Received: [31mundefined[39m
[2m[22m
[2m    [0m [90m 51 |[39m     [36mconst[39m query [33m=[39m [32m'トレンドラインを引いて'[39m[33m;[39m[22m
[2m     [90m 52 |[39m     [36mconst[39m res [33m=[39m detectDrawingProposal(query[33m,[39m query[33m.[39mtoLowerCase())[33m;[39m[22m
[2m    [31m[1m>[22m[2m[39m[90m 53 |[39m     expect(res[33m?[39m[33m.[39mproposalType)[33m.[39mtoBe([32m'trendline'[39m)[33m;[39m[22m
[2m     [90m    |[39m                               [31m[1m^[22m[2m[39m[22m
[2m     [90m 54 |[39m   })[33m;[39m[22m
[2m     [90m 55 |[39m[22m
[2m     [90m 56 |[39m   test([32m'detectTradingAnalysis detects analysis request'[39m[33m,[39m () [33m=>[39m {[0m[22m
[2m[22m
[2m      [2mat Object.<anonymous> ([22m[2m[0m[36mtests/unit/lib/mastra/utils/intent-helpers.test.ts[39m[0m[2m:53:31)[22m[2m[22m

[0m[7m[1m[32m PASS [39m[22m[27m[0m [0m[7m[37m unit [39m[27m[0m [2mtests/unit/components/chat/__tests__/[22m[1mstyle-validation.test.ts[22m
  [1m● [22mConsole

    [2m[31mconsole.error[39m[22m
[31m      [Style Update Validation] Failed: [[39m
[31m        {[39m
[31m          code: 'too_big',[39m
[31m          maximum: 10,[39m
[31m          type: 'number',[39m
[31m          inclusive: true,[39m
[31m          exact: false,[39m
[31m          message: 'Number must be less than or equal to 10',[39m
[31m          path: [ 'style', 'lineWidth' ][39m
[31m        }[39m
[31m      ][39m
[2m[22m
[2m    [0m [90m 225 |[39m   } [36mcatch[39m (error[33m:[39m unknown) {[22m
[2m     [90m 226 |[39m     [36mif[39m (error [36minstanceof[39m z[33m.[39m[33mZodError[39m) {[22m
[2m    [31m[1m>[22m[2m[39m[90m 227 |[39m       console[33m.[39merror([32m'[Style Update Validation] Failed:'[39m[33m,[39m error[33m.[39merrors)[33m;[39m[22m
[2m     [90m     |[39m               [31m[1m^[22m[2m[39m[22m
[2m     [90m 228 |[39m       [36mthrow[39m [36mnew[39m [33mError[39m([22m
[2m     [90m 229 |[39m         [32m`Invalid style update: ${error.errors.map((e: ZodIssue) => e.message).join(', ')}`[39m[22m
[2m     [90m 230 |[39m       )[33m;[39m[0m[22m
[2m[22m
[2m      [2mat [22m[2mnode_modules/@jest/environment-jsdom-abstract/node_modules/jest-mock/build/index.js[2m:305:39[22m[2m[22m
[2m      [2mat validateStyleUpdate ([22m[2mtypes/style-editor.ts[2m:227:15)[22m[2m[22m
[2m      [2mat [22m[2mtests/unit/components/chat/__tests__/style-validation.test.ts[2m:46:39[22m[2m[22m
[2m      [2mat Object.<anonymous> ([22m[2mnode_modules/expect/build/toThrowMatchers.js[2m:74:11)[22m[2m[22m
[2m      [2mat Object.throwingMatcher [as toThrow] ([22m[2mnode_modules/expect/build/index.js[2m:320:21)[22m[2m[22m
[2m      [2mat Object.<anonymous> ([22m[2mtests/unit/components/chat/__tests__/style-validation.test.ts[2m:46:56)[22m[2m[22m

    [2m[31mconsole.error[39m[22m
[31m      [Style Update Validation] Failed: [[39m
[31m        {[39m
[31m          received: 'invalid',[39m
[31m          code: 'invalid_enum_value',[39m
[31m          options: [ 'solid', 'dashed', 'dotted' ],[39m
[31m          path: [ 'style', 'lineStyle' ],[39m
[31m          message: "Invalid enum value. Expected 'solid' | 'dashed' | 'dotted', received 'invalid'"[39m
[31m        }[39m
[31m      ][39m
[2m[22m
[2m    [0m [90m 225 |[39m   } [36mcatch[39m (error[33m:[39m unknown) {[22m
[2m     [90m 226 |[39m     [36mif[39m (error [36minstanceof[39m z[33m.[39m[33mZodError[39m) {[22m
[2m    [31m[1m>[22m[2m[39m[90m 227 |[39m       console[33m.[39merror([32m'[Style Update Validation] Failed:'[39m[33m,[39m error[33m.[39merrors)[33m;[39m[22m
[2m     [90m     |[39m               [31m[1m^[22m[2m[39m[22m
[2m     [90m 228 |[39m       [36mthrow[39m [36mnew[39m [33mError[39m([22m
[2m     [90m 229 |[39m         [32m`Invalid style update: ${error.errors.map((e: ZodIssue) => e.message).join(', ')}`[39m[22m
[2m     [90m 230 |[39m       )[33m;[39m[0m[22m
[2m[22m
[2m      [2mat [22m[2mnode_modules/@jest/environment-jsdom-abstract/node_modules/jest-mock/build/index.js[2m:305:39[22m[2m[22m
[2m      [2mat validateStyleUpdate ([22m[2mtypes/style-editor.ts[2m:227:15)[22m[2m[22m
[2m      [2mat [22m[2mtests/unit/components/chat/__tests__/style-validation.test.ts[2m:57:39[22m[2m[22m
[2m      [2mat Object.<anonymous> ([22m[2mnode_modules/expect/build/toThrowMatchers.js[2m:74:11)[22m[2m[22m
[2m      [2mat Object.throwingMatcher [as toThrow] ([22m[2mnode_modules/expect/build/index.js[2m:320:21)[22m[2m[22m
[2m      [2mat Object.<anonymous> ([22m[2mtests/unit/components/chat/__tests__/style-validation.test.ts[2m:57:56)[22m[2m[22m

    [2m[31mconsole.error[39m[22m
[31m      [Pattern Style Update Validation] Failed: [[39m
[31m        {[39m
[31m          code: 'too_big',[39m
[31m          maximum: 1,[39m
[31m          type: 'number',[39m
[31m          inclusive: true,[39m
[31m          exact: false,[39m
[31m          message: 'Number must be less than or equal to 1',[39m
[31m          path: [ 'patternStyle', 'patternFillOpacity' ][39m
[31m        }[39m
[31m      ][39m
[2m[22m
[2m    [0m [90m 239 |[39m   } [36mcatch[39m (error[33m:[39m unknown) {[22m
[2m     [90m 240 |[39m     [36mif[39m (error [36minstanceof[39m z[33m.[39m[33mZodError[39m) {[22m
[2m    [31m[1m>[22m[2m[39m[90m 241 |[39m       console[33m.[39merror([32m'[Pattern Style Update Validation] Failed:'[39m[33m,[39m error[33m.[39merrors)[33m;[39m[22m
[2m     [90m     |[39m               [31m[1m^[22m[2m[39m[22m
[2m     [90m 242 |[39m       [36mthrow[39m [36mnew[39m [33mError[39m([22m
[2m     [90m 243 |[39m         [32m`Invalid pattern style update: ${error.errors.map((e: ZodIssue) => e.message).join(', ')}`[39m[22m
[2m     [90m 244 |[39m       )[33m;[39m[0m[22m
[2m[22m
[2m      [2mat [22m[2mnode_modules/@jest/environment-jsdom-abstract/node_modules/jest-mock/build/index.js[2m:305:39[22m[2m[22m
[2m      [2mat validatePatternStyleUpdate ([22m[2mtypes/style-editor.ts[2m:241:15)[22m[2m[22m
[2m      [2mat [22m[2mtests/unit/components/chat/__tests__/style-validation.test.ts[2m:136:46[22m[2m[22m
[2m      [2mat Object.<anonymous> ([22m[2mnode_modules/expect/build/toThrowMatchers.js[2m:74:11)[22m[2m[22m
[2m      [2mat Object.throwingMatcher [as toThrow] ([22m[2mnode_modules/expect/build/index.js[2m:320:21)[22m[2m[22m
[2m      [2mat Object.<anonymous> ([22m[2mtests/unit/components/chat/__tests__/style-validation.test.ts[2m:136:64)[22m[2m[22m

    [2m[31mconsole.error[39m[22m
[31m      [Pattern Style Update Validation] Failed: [[39m
[31m        {[39m
[31m          code: 'too_small',[39m
[31m          minimum: 0,[39m
[31m          type: 'number',[39m
[31m          inclusive: true,[39m
[31m          exact: false,[39m
[31m          message: 'Number must be greater than or equal to 0',[39m
[31m          path: [ 'patternStyle', 'patternFillOpacity' ][39m
[31m        }[39m
[31m      ][39m
[2m[22m
[2m    [0m [90m 239 |[39m   } [36mcatch[39m (error[33m:[39m unknown) {[22m
[2m     [90m 240 |[39m     [36mif[39m (error [36minstanceof[39m z[33m.[39m[33mZodError[39m) {[22m
[2m    [31m[1m>[22m[2m[39m[90m 241 |[39m       console[33m.[39merror([32m'[Pattern Style Update Validation] Failed:'[39m[33m,[39m error[33m.[39merrors)[33m;[39m[22m
[2m     [90m     |[39m               [31m[1m^[22m[2m[39m[22m
[2m     [90m 242 |[39m       [36mthrow[39m [36mnew[39m [33mError[39m([22m
[2m     [90m 243 |[39m         [32m`Invalid pattern style update: ${error.errors.map((e: ZodIssue) => e.message).join(', ')}`[39m[22m
[2m     [90m 244 |[39m       )[33m;[39m[0m[22m
[2m[22m
[2m      [2mat [22m[2mnode_modules/@jest/environment-jsdom-abstract/node_modules/jest-mock/build/index.js[2m:305:39[22m[2m[22m
[2m      [2mat validatePatternStyleUpdate ([22m[2mtypes/style-editor.ts[2m:241:15)[22m[2m[22m
[2m      [2mat [22m[2mtests/unit/components/chat/__tests__/style-validation.test.ts[2m:147:46[22m[2m[22m
[2m      [2mat Object.<anonymous> ([22m[2mnode_modules/expect/build/toThrowMatchers.js[2m:74:11)[22m[2m[22m
[2m      [2mat Object.throwingMatcher [as toThrow] ([22m[2mnode_modules/expect/build/index.js[2m:320:21)[22m[2m[22m
[2m      [2mat Object.<anonymous> ([22m[2mtests/unit/components/chat/__tests__/style-validation.test.ts[2m:147:65)[22m[2m[22m

    [2m[31mconsole.error[39m[22m
[31m      [Pattern Style Update Validation] Failed: [[39m
[31m        {[39m
[31m          received: 'top',[39m
[31m          code: 'invalid_enum_value',[39m
[31m          options: [ 'left', 'right', 'center' ],[39m
[31m          path: [ 'patternStyle', 'metricLabelPosition' ],[39m
[31m          message: "Invalid enum value. Expected 'left' | 'right' | 'center', received 'top'"[39m
[31m        }[39m
[31m      ][39m
[2m[22m
[2m    [0m [90m 239 |[39m   } [36mcatch[39m (error[33m:[39m unknown) {[22m
[2m     [90m 240 |[39m     [36mif[39m (error [36minstanceof[39m z[33m.[39m[33mZodError[39m) {[22m
[2m    [31m[1m>[22m[2m[39m[90m 241 |[39m       console[33m.[39merror([32m'[Pattern Style Update Validation] Failed:'[39m[33m,[39m error[33m.[39merrors)[33m;[39m[22m
[2m     [90m     |[39m               [31m[1m^[22m[2m[39m[22m
[2m     [90m 242 |[39m       [36mthrow[39m [36mnew[39m [33mError[39m([22m
[2m     [90m 243 |[39m         [32m`Invalid pattern style update: ${error.errors.map((e: ZodIssue) => e.message).join(', ')}`[39m[22m
[2m     [90m 244 |[39m       )[33m;[39m[0m[22m
[2m[22m
[2m      [2mat [22m[2mnode_modules/@jest/environment-jsdom-abstract/node_modules/jest-mock/build/index.js[2m:305:39[22m[2m[22m
[2m      [2mat validatePatternStyleUpdate ([22m[2mtypes/style-editor.ts[2m:241:15)[22m[2m[22m
[2m      [2mat [22m[2mtests/unit/components/chat/__tests__/style-validation.test.ts[2m:158:46[22m[2m[22m
[2m      [2mat Object.<anonymous> ([22m[2mnode_modules/expect/build/toThrowMatchers.js[2m:74:11)[22m[2m[22m
[2m      [2mat Object.throwingMatcher [as toThrow] ([22m[2mnode_modules/expect/build/index.js[2m:320:21)[22m[2m[22m
[2m      [2mat Object.<anonymous> ([22m[2mtests/unit/components/chat/__tests__/style-validation.test.ts[2m:158:65)[22m[2m[22m

[0m[7m[1m[32m PASS [39m[22m[27m[0m [0m[7m[37m unit [39m[27m[0m [2mtests/unit/api/binance/klines/[22m[1mroute.test.ts[22m
[0m[7m[1m[32m PASS [39m[22m[27m[0m [0m[7m[37m unit [39m[27m[0m [2mtests/unit/components/__tests__/[22m[1mMainLayout.test.tsx[22m
[0m[7m[1m[32m PASS [39m[22m[27m[0m [0m[7m[37m integration [39m[27m[0m [2mtests/integration/[22m[1mai-market-analysis-integration.test.ts[22m
  [1m● [22mConsole

    [2mconsole.log[22m
      [MSW] Loaded 7 default handlers
[2m[22m
[2m      [2mat Object.<anonymous> ([22m[2mtests/setup/msw-setup.ts[2m:18:13)[22m[2m[22m

[0m[7m[1m[32m PASS [39m[22m[27m[0m [0m[7m[37m unit [39m[27m[0m [2mlib/mastra/tools/entry-proposal-generation/calculators/__tests__/[22m[1mentry-calculator.test.ts[22m
[0m[7m[1m[32m PASS [39m[22m[27m[0m [0m[7m[37m unit [39m[27m[0m [2mtests/unit/api/ai/stream/[22m[1mroute.test.ts[22m
[0m[7m[1m[32m PASS [39m[22m[27m[0m [0m[7m[37m integration [39m[27m[0m [2mtests/integration/[22m[1ma2a-entry-proposal.test.ts[22m
  [1m● [22mConsole

    [2mconsole.log[22m
      [MSW] Loaded 7 default handlers
[2m[22m
[2m      [2mat Object.<anonymous> ([22m[2mtests/setup/msw-setup.ts[2m:18:13)[22m[2m[22m

[0m[7m[1m[32m PASS [39m[22m[27m[0m [0m[7m[37m unit [39m[27m[0m [2mtests/unit/api/stats/[22m[1mroute.test.ts[22m
[0m[7m[1m[31m FAIL [39m[22m[27m[0m [0m[7m[37m unit [39m[27m[0m [2mtests/unit/lib/mastra/[22m[1mai-tool-selection.test.ts[22m
[1m[31m  [1m● [22m[1mAI Tool Selection › Entry Proposal Tool Selection › should NOT select entryProposalGeneration for regular proposals[39m[22m

    [2mexpect([22m[31mreceived[39m[2m).[22mtoHaveLength[2m([22m[32mexpected[39m[2m)[22m

    Expected length: [32m1[39m
    Received length: [31m0[39m
    Received array:  [31m[][39m
[2m[22m
[2m    [0m [90m 151 |[39m         )[33m;[39m[22m
[2m     [90m 152 |[39m[22m
[2m    [31m[1m>[22m[2m[39m[90m 153 |[39m         expect(mockToolCalls)[33m.[39mtoHaveLength([35m1[39m)[33m;[39m[22m
[2m     [90m     |[39m                               [31m[1m^[22m[2m[39m[22m
[2m     [90m 154 |[39m         expect(mockToolCalls[[35m0[39m][33m.[39mtoolName)[33m.[39mtoBe([32m'proposalGeneration'[39m)[33m;[39m[22m
[2m     [90m 155 |[39m         expect(mockToolCalls[[35m0[39m][33m.[39mtoolName)[33m.[39mnot[33m.[39mtoBe([32m'entryProposalGeneration'[39m)[33m;[39m[22m
[2m     [90m 156 |[39m       }[0m[22m
[2m[22m
[2m      [2mat Object.<anonymous> ([22m[2m[0m[36mtests/unit/lib/mastra/ai-tool-selection.test.ts[39m[0m[2m:153:31)[22m[2m[22m

[1m[31m  [1m● [22m[1mAI Tool Selection › Context-based Tool Selection › should use correct tool based on intent analysis[39m[22m

    [2mexpect([22m[31mreceived[39m[2m).[22mtoBe[2m([22m[32mexpected[39m[2m) // Object.is equality[22m

    Expected: [32m"proposal_request"[39m
    Received: [31m"ui_control"[39m
[2m[22m
[2m    [0m [90m 185 |[39m         [90m// Analyze intent[39m[22m
[2m     [90m 186 |[39m         [36mconst[39m intent [33m=[39m analyzeIntent(testCase[33m.[39mquery)[33m;[39m[22m
[2m    [31m[1m>[22m[2m[39m[90m 187 |[39m         expect(intent[33m.[39mintent)[33m.[39mtoBe(testCase[33m.[39mexpectedIntent)[33m;[39m[22m
[2m     [90m     |[39m                               [31m[1m^[22m[2m[39m[22m
[2m     [90m 188 |[39m         [22m
[2m     [90m 189 |[39m         [90m// Generate with context[39m[22m
[2m     [90m 190 |[39m         [36mconst[39m context [33m=[39m {[0m[22m
[2m[22m
[2m      [2mat Object.<anonymous> ([22m[2m[0m[36mtests/unit/lib/mastra/ai-tool-selection.test.ts[39m[0m[2m:187:31)[22m[2m[22m

[0m[7m[1m[32m PASS [39m[22m[27m[0m [0m[7m[37m unit [39m[27m[0m [2mtests/unit/lib/services/[22m[1mbinance-api.service.test.ts[22m
[0m[7m[1m[32m PASS [39m[22m[27m[0m [0m[7m[37m unit [39m[27m[0m [2mtests/unit/hooks/chart/__tests__/[22m[1museCursor.test.ts[22m
[0m[7m[1m[32m PASS [39m[22m[27m[0m [0m[7m[37m unit [39m[27m[0m [2mlib/chart/plugins/__tests__/[22m[1mMetricRenderer.test.ts[22m
[0m[7m[1m[32m PASS [39m[22m[27m[0m [0m[7m[37m unit [39m[27m[0m [2mtests/unit/lib/utils/[22m[1mcompose.test.ts[22m
[0m[7m[1m[32m PASS [39m[22m[27m[0m [0m[7m[37m unit [39m[27m[0m [2mtests/unit/lib/api/[22m[1mmiddleware.test.ts[22m
[0m[7m[1m[32m PASS [39m[22m[27m[0m [0m[7m[37m unit [39m[27m[0m [2mtests/unit/lib/ws/[22m[1mws-basic.test.ts[22m
[0m[7m[1m[32m PASS [39m[22m[27m[0m [0m[7m[37m integration [39m[27m[0m [2mtests/integration/[22m[1mparallel-orchestrator.test.ts[22m
  [1m● [22mConsole

    [2mconsole.log[22m
      [MSW] Loaded 7 default handlers
[2m[22m
[2m      [2mat Object.<anonymous> ([22m[2mtests/setup/msw-setup.ts[2m:18:13)[22m[2m[22m

[0m[7m[1m[32m PASS [39m[22m[27m[0m [0m[7m[37m unit [39m[27m[0m [2mtests/unit/store/[22m[1mchart-range.store.test.ts[22m
[0m[7m[1m[32m PASS [39m[22m[27m[0m [0m[7m[37m unit [39m[27m[0m [2mtests/unit/api/binance/ticker/[22m[1mroute.test.ts[22m
[0m[7m[1m[32m PASS [39m[22m[27m[0m [0m[7m[37m unit [39m[27m[0m [2mlib/mastra/tools/entry-proposal-generation/analyzers/__tests__/[22m[1mmarket-context-analyzer.test.ts[22m
[0m[7m[1m[32m PASS [39m[22m[27m[0m [0m[7m[37m integration [39m[27m[0m [2mtests/integration/[22m[1mentry-proposal.test.ts[22m
  [1m● [22mConsole

    [2mconsole.log[22m
      [MSW] Loaded 7 default handlers
[2m[22m
[2m      [2mat Object.<anonymous> ([22m[2mtests/setup/msw-setup.ts[2m:18:13)[22m[2m[22m

[0m[7m[1m[32m PASS [39m[22m[27m[0m [0m[7m[37m unit [39m[27m[0m [2mtests/unit/store/chat/[22m[1msession.store.test.ts[22m
[0m[7m[1m[32m PASS [39m[22m[27m[0m [0m[7m[37m unit [39m[27m[0m [2mtests/unit/hooks/chart/[22m[1museAgentEventBridge.test.ts[22m
  [1m● [22mConsole

    [2m[31mconsole.error[39m[22m
[31m      Error: Uncaught [Error: Chart control error][39m
[31m          at reportException (/Users/hirosato/Downloads/Cryptrade/node_modules/jsdom/lib/jsdom/living/helpers/runtime-script-errors.js:66:24)[39m
[31m          at innerInvokeEventListeners (/Users/hirosato/Downloads/Cryptrade/node_modules/jsdom/lib/jsdom/living/events/EventTarget-impl.js:353:9)[39m
[31m          at invokeEventListeners (/Users/hirosato/Downloads/Cryptrade/node_modules/jsdom/lib/jsdom/living/events/EventTarget-impl.js:286:3)[39m
[31m          at HTMLUnknownElementImpl._dispatch (/Users/hirosato/Downloads/Cryptrade/node_modules/jsdom/lib/jsdom/living/events/EventTarget-impl.js:233:9)[39m
[31m          at HTMLUnknownElementImpl.dispatchEvent (/Users/hirosato/Downloads/Cryptrade/node_modules/jsdom/lib/jsdom/living/events/EventTarget-impl.js:104:17)[39m
[31m          at HTMLUnknownElement.dispatchEvent (/Users/hirosato/Downloads/Cryptrade/node_modules/jsdom/lib/jsdom/living/generated/EventTarget.js:241:34)[39m
[31m          at Object.invokeGuardedCallbackDev (/Users/hirosato/Downloads/Cryptrade/node_modules/react-dom/cjs/react-dom.development.js:4213:16)[39m
[31m          at invokeGuardedCallback (/Users/hirosato/Downloads/Cryptrade/node_modules/react-dom/cjs/react-dom.development.js:4277:31)[39m
[31m          at beginWork$1 (/Users/hirosato/Downloads/Cryptrade/node_modules/react-dom/cjs/react-dom.development.js:27490:7)[39m
[31m          at performUnitOfWork (/Users/hirosato/Downloads/Cryptrade/node_modules/react-dom/cjs/react-dom.development.js:26599:12)[39m
[31m          at workLoopSync (/Users/hirosato/Downloads/Cryptrade/node_modules/react-dom/cjs/react-dom.development.js:26505:5)[39m
[31m          at renderRootSync (/Users/hirosato/Downloads/Cryptrade/node_modules/react-dom/cjs/react-dom.development.js:26473:7)[39m
[31m          at performConcurrentWorkOnRoot (/Users/hirosato/Downloads/Cryptrade/node_modules/react-dom/cjs/react-dom.development.js:25777:74)[39m
[31m          at flushActQueue (/Users/hirosato/Downloads/Cryptrade/node_modules/react/cjs/react.development.js:2667:24)[39m
[31m          at act (/Users/hirosato/Downloads/Cryptrade/node_modules/react/cjs/react.development.js:2582:11)[39m
[31m          at actImplementation (/Users/hirosato/Downloads/Cryptrade/node_modules/@testing-library/react/dist/act-compat.js:47:25)[39m
[31m          at renderRoot (/Users/hirosato/Downloads/Cryptrade/node_modules/@testing-library/react/dist/pure.js:190:25)[39m
[31m          at renderRoot (/Users/hirosato/Downloads/Cryptrade/node_modules/@testing-library/react/dist/pure.js:292:10)[39m
[31m          at render (/Users/hirosato/Downloads/Cryptrade/node_modules/@testing-library/react/dist/pure.js:340:7)[39m
[31m          at /Users/hirosato/Downloads/Cryptrade/tests/unit/hooks/chart/useAgentEventBridge.test.ts:133:19[39m
[31m          at Object.<anonymous> (/Users/hirosato/Downloads/Cryptrade/node_modules/expect/build/toThrowMatchers.js:74:11)[39m
[31m          at Object.throwingMatcher [as toThrow] (/Users/hirosato/Downloads/Cryptrade/node_modules/expect/build/index.js:320:21)[39m
[31m          at Object.<anonymous> (/Users/hirosato/Downloads/Cryptrade/tests/unit/hooks/chart/useAgentEventBridge.test.ts:134:10)[39m
[31m          at Promise.then.completed (/Users/hirosato/Downloads/Cryptrade/node_modules/jest-circus/build/utils.js:298:28)[39m
[31m          at new Promise (<anonymous>)[39m
[31m          at callAsyncCircusFn (/Users/hirosato/Downloads/Cryptrade/node_modules/jest-circus/build/utils.js:231:10)[39m
[31m          at _callCircusTest (/Users/hirosato/Downloads/Cryptrade/node_modules/jest-circus/build/run.js:316:40)[39m
[31m          at processTicksAndRejections (node:internal/process/task_queues:105:5)[39m
[31m          at _runTest (/Users/hirosato/Downloads/Cryptrade/node_modules/jest-circus/build/run.js:252:3)[39m
[31m          at _runTestsForDescribeBlock (/Users/hirosato/Downloads/Cryptrade/node_modules/jest-circus/build/run.js:126:9)[39m
[31m          at _runTestsForDescribeBlock (/Users/hirosato/Downloads/Cryptrade/node_modules/jest-circus/build/run.js:121:9)[39m
[31m          at _runTestsForDescribeBlock (/Users/hirosato/Downloads/Cryptrade/node_modules/jest-circus/build/run.js:121:9)[39m
[31m          at run (/Users/hirosato/Downloads/Cryptrade/node_modules/jest-circus/build/run.js:71:3)[39m
[31m          at runAndTransformResultsToJestFormat (/Users/hirosato/Downloads/Cryptrade/node_modules/jest-circus/build/legacy-code-todo-rewrite/jestAdapterInit.js:122:21)[39m
[31m          at jestAdapter (/Users/hirosato/Downloads/Cryptrade/node_modules/jest-circus/build/legacy-code-todo-rewrite/jestAdapter.js:79:19)[39m
[31m          at runTestInternal (/Users/hirosato/Downloads/Cryptrade/node_modules/jest-runner/build/runTest.js:367:16)[39m
[31m          at runTest (/Users/hirosato/Downloads/Cryptrade/node_modules/jest-runner/build/runTest.js:444:34)[39m
[31m          at Object.worker (/Users/hirosato/Downloads/Cryptrade/node_modules/jest-runner/build/testWorker.js:106:12) {[39m
[31m        detail: Error: Chart control error[39m
[31m            at /Users/hirosato/Downloads/Cryptrade/tests/unit/hooks/chart/useAgentEventBridge.test.ts:123:15[39m
[31m            at /Users/hirosato/Downloads/Cryptrade/node_modules/@jest/environment-jsdom-abstract/node_modules/jest-mock/build/index.js:305:39[39m
[31m            at /Users/hirosato/Downloads/Cryptrade/node_modules/@jest/environment-jsdom-abstract/node_modules/jest-mock/build/index.js:312:13[39m
[31m            at mockConstructor (/Users/hirosato/Downloads/Cryptrade/node_modules/@jest/environment-jsdom-abstract/node_modules/jest-mock/build/index.js:102:19)[39m
[31m            at useChartControlAgentEvents (eval at _createMockFunction (/Users/hirosato/Downloads/Cryptrade/node_modules/@jest/environment-jsdom-abstract/node_modules/jest-mock/build/index.js:460:31), <anonymous>:3:72)[39m
[31m            at useAgentEventBridge (/Users/hirosato/Downloads/Cryptrade/hooks/chart/useAgentEventBridge.ts:16:29)[39m
[31m            at /Users/hirosato/Downloads/Cryptrade/tests/unit/hooks/chart/useAgentEventBridge.test.ts:133:45[39m
[31m            at renderCallback (/Users/hirosato/Downloads/Cryptrade/node_modules/@testing-library/react/dist/pure.js:331:27)[39m
[31m            at renderWithHooks (/Users/hirosato/Downloads/Cryptrade/node_modules/react-dom/cjs/react-dom.development.js:15486:18)[39m
[31m            at mountIndeterminateComponent (/Users/hirosato/Downloads/Cryptrade/node_modules/react-dom/cjs/react-dom.development.js:20103:13)[39m
[31m            at beginWork (/Users/hirosato/Downloads/Cryptrade/node_modules/react-dom/cjs/react-dom.development.js:21626:16)[39m
[31m            at HTMLUnknownElement.callCallback (/Users/hirosato/Downloads/Cryptrade/node_modules/react-dom/cjs/react-dom.development.js:4164:14)[39m
[31m            at HTMLUnknownElement.callTheUserObjectsOperation (/Users/hirosato/Downloads/Cryptrade/node_modules/jsdom/lib/jsdom/living/generated/EventListener.js:26:30)[39m
[31m            at innerInvokeEventListeners (/Users/hirosato/Downloads/Cryptrade/node_modules/jsdom/lib/jsdom/living/events/EventTarget-impl.js:350:25)[39m
[31m            at invokeEventListeners (/Users/hirosato/Downloads/Cryptrade/node_modules/jsdom/lib/jsdom/living/events/EventTarget-impl.js:286:3)[39m
[31m            at HTMLUnknownElementImpl._dispatch (/Users/hirosato/Downloads/Cryptrade/node_modules/jsdom/lib/jsdom/living/events/EventTarget-impl.js:233:9)[39m
[31m            at HTMLUnknownElementImpl.dispatchEvent (/Users/hirosato/Downloads/Cryptrade/node_modules/jsdom/lib/jsdom/living/events/EventTarget-impl.js:104:17)[39m
[31m            at HTMLUnknownElement.dispatchEvent (/Users/hirosato/Downloads/Cryptrade/node_modules/jsdom/lib/jsdom/living/generated/EventTarget.js:241:34)[39m
[31m            at Object.invokeGuardedCallbackDev (/Users/hirosato/Downloads/Cryptrade/node_modules/react-dom/cjs/react-dom.development.js:4213:16)[39m
[31m            at invokeGuardedCallback (/Users/hirosato/Downloads/Cryptrade/node_modules/react-dom/cjs/react-dom.development.js:4277:31)[39m
[31m            at beginWork$1 (/Users/hirosato/Downloads/Cryptrade/node_modules/react-dom/cjs/react-dom.development.js:27490:7)[39m
[31m            at performUnitOfWork (/Users/hirosato/Downloads/Cryptrade/node_modules/react-dom/cjs/react-dom.development.js:26599:12)[39m
[31m            at workLoopSync (/Users/hirosato/Downloads/Cryptrade/node_modules/react-dom/cjs/react-dom.development.js:26505:5)[39m
[31m            at renderRootSync (/Users/hirosato/Downloads/Cryptrade/node_modules/react-dom/cjs/react-dom.development.js:26473:7)[39m
[31m            at performConcurrentWorkOnRoot (/Users/hirosato/Downloads/Cryptrade/node_modules/react-dom/cjs/react-dom.development.js:25777:74)[39m
[31m            at flushActQueue (/Users/hirosato/Downloads/Cryptrade/node_modules/react/cjs/react.development.js:2667:24)[39m
[31m            at act (/Users/hirosato/Downloads/Cryptrade/node_modules/react/cjs/react.development.js:2582:11)[39m
[31m            at actImplementation (/Users/hirosato/Downloads/Cryptrade/node_modules/@testing-library/react/dist/act-compat.js:47:25)[39m
[31m            at renderRoot (/Users/hirosato/Downloads/Cryptrade/node_modules/@testing-library/react/dist/pure.js:190:25)[39m
[31m            at renderRoot (/Users/hirosato/Downloads/Cryptrade/node_modules/@testing-library/react/dist/pure.js:292:10)[39m
[31m            at render (/Users/hirosato/Downloads/Cryptrade/node_modules/@testing-library/react/dist/pure.js:340:7)[39m
[31m            at /Users/hirosato/Downloads/Cryptrade/tests/unit/hooks/chart/useAgentEventBridge.test.ts:133:19[39m
[31m            at Object.<anonymous> (/Users/hirosato/Downloads/Cryptrade/node_modules/expect/build/toThrowMatchers.js:74:11)[39m
[31m            at Object.throwingMatcher [as toThrow] (/Users/hirosato/Downloads/Cryptrade/node_modules/expect/build/index.js:320:21)[39m
[31m            at Object.<anonymous> (/Users/hirosato/Downloads/Cryptrade/tests/unit/hooks/chart/useAgentEventBridge.test.ts:134:10)[39m
[31m            at Promise.then.completed (/Users/hirosato/Downloads/Cryptrade/node_modules/jest-circus/build/utils.js:298:28)[39m
[31m            at new Promise (<anonymous>)[39m
[31m            at callAsyncCircusFn (/Users/hirosato/Downloads/Cryptrade/node_modules/jest-circus/build/utils.js:231:10)[39m
[31m            at _callCircusTest (/Users/hirosato/Downloads/Cryptrade/node_modules/jest-circus/build/run.js:316:40)[39m
[31m            at processTicksAndRejections (node:internal/process/task_queues:105:5)[39m
[31m            at _runTest (/Users/hirosato/Downloads/Cryptrade/node_modules/jest-circus/build/run.js:252:3)[39m
[31m            at _runTestsForDescribeBlock (/Users/hirosato/Downloads/Cryptrade/node_modules/jest-circus/build/run.js:126:9)[39m
[31m            at _runTestsForDescribeBlock (/Users/hirosato/Downloads/Cryptrade/node_modules/jest-circus/build/run.js:121:9)[39m
[31m            at _runTestsForDescribeBlock (/Users/hirosato/Downloads/Cryptrade/node_modules/jest-circus/build/run.js:121:9)[39m
[31m            at run (/Users/hirosato/Downloads/Cryptrade/node_modules/jest-circus/build/run.js:71:3)[39m
[31m            at runAndTransformResultsToJestFormat (/Users/hirosato/Downloads/Cryptrade/node_modules/jest-circus/build/legacy-code-todo-rewrite/jestAdapterInit.js:122:21)[39m
[31m            at jestAdapter (/Users/hirosato/Downloads/Cryptrade/node_modules/jest-circus/build/legacy-code-todo-rewrite/jestAdapter.js:79:19)[39m
[31m            at runTestInternal (/Users/hirosato/Downloads/Cryptrade/node_modules/jest-runner/build/runTest.js:367:16)[39m
[31m            at runTest (/Users/hirosato/Downloads/Cryptrade/node_modules/jest-runner/build/runTest.js:444:34)[39m
[31m            at Object.worker (/Users/hirosato/Downloads/Cryptrade/node_modules/jest-runner/build/testWorker.js:106:12),[39m
[31m        type: 'unhandled exception'[39m
[31m      }[39m
[2m[22m
[2m    [0m [90m 131 |[39m       [90m// The hook should throw the error[39m[22m
[2m     [90m 132 |[39m       expect(() [33m=>[39m {[22m
[2m    [31m[1m>[22m[2m[39m[90m 133 |[39m         renderHook(() [33m=>[39m useAgentEventBridge(mockHandlers))[33m;[39m[22m
[2m     [90m     |[39m                   [31m[1m^[22m[2m[39m[22m
[2m     [90m 134 |[39m       })[33m.[39mtoThrow([32m'Chart control error'[39m)[33m;[39m[22m
[2m     [90m 135 |[39m[22m
[2m     [90m 136 |[39m       [90m// First hook should have been called before throwing[39m[0m[22m
[2m[22m
[2m      [2mat VirtualConsole.<anonymous> ([22m[2mnode_modules/@jest/environment-jsdom-abstract/build/index.js[2m:79:27)[22m[2m[22m
[2m      [2mat reportException ([22m[2mnode_modules/jsdom/lib/jsdom/living/helpers/runtime-script-errors.js[2m:70:28)[22m[2m[22m
[2m      [2mat innerInvokeEventListeners ([22m[2mnode_modules/jsdom/lib/jsdom/living/events/EventTarget-impl.js[2m:353:9)[22m[2m[22m
[2m      [2mat invokeEventListeners ([22m[2mnode_modules/jsdom/lib/jsdom/living/events/EventTarget-impl.js[2m:286:3)[22m[2m[22m
[2m      [2mat HTMLUnknownElementImpl._dispatch ([22m[2mnode_modules/jsdom/lib/jsdom/living/events/EventTarget-impl.js[2m:233:9)[22m[2m[22m
[2m      [2mat HTMLUnknownElementImpl.dispatchEvent ([22m[2mnode_modules/jsdom/lib/jsdom/living/events/EventTarget-impl.js[2m:104:17)[22m[2m[22m
[2m      [2mat HTMLUnknownElement.dispatchEvent ([22m[2mnode_modules/jsdom/lib/jsdom/living/generated/EventTarget.js[2m:241:34)[22m[2m[22m
[2m      [2mat Object.invokeGuardedCallbackDev ([22m[2mnode_modules/react-dom/cjs/react-dom.development.js[2m:4213:16)[22m[2m[22m
[2m      [2mat invokeGuardedCallback ([22m[2mnode_modules/react-dom/cjs/react-dom.development.js[2m:4277:31)[22m[2m[22m
[2m      [2mat beginWork$1 ([22m[2mnode_modules/react-dom/cjs/react-dom.development.js[2m:27490:7)[22m[2m[22m
[2m      [2mat performUnitOfWork ([22m[2mnode_modules/react-dom/cjs/react-dom.development.js[2m:26599:12)[22m[2m[22m
[2m      [2mat workLoopSync ([22m[2mnode_modules/react-dom/cjs/react-dom.development.js[2m:26505:5)[22m[2m[22m
[2m      [2mat renderRootSync ([22m[2mnode_modules/react-dom/cjs/react-dom.development.js[2m:26473:7)[22m[2m[22m
[2m      [2mat performConcurrentWorkOnRoot ([22m[2mnode_modules/react-dom/cjs/react-dom.development.js[2m:25777:74)[22m[2m[22m
[2m      [2mat flushActQueue ([22m[2mnode_modules/react/cjs/react.development.js[2m:2667:24)[22m[2m[22m
[2m      [2mat act ([22m[2mnode_modules/react/cjs/react.development.js[2m:2582:11)[22m[2m[22m
[2m      [2mat actImplementation ([22m[2mnode_modules/@testing-library/react/dist/act-compat.js[2m:47:25)[22m[2m[22m
[2m      [2mat renderRoot ([22m[2mnode_modules/@testing-library/react/dist/pure.js[2m:190:25)[22m[2m[22m
[2m      [2mat renderRoot ([22m[2mnode_modules/@testing-library/react/dist/pure.js[2m:292:10)[22m[2m[22m
[2m      [2mat render ([22m[2mnode_modules/@testing-library/react/dist/pure.js[2m:340:7)[22m[2m[22m
[2m      [2mat [22m[2mtests/unit/hooks/chart/useAgentEventBridge.test.ts[2m:133:19[22m[2m[22m
[2m      [2mat Object.<anonymous> ([22m[2mnode_modules/expect/build/toThrowMatchers.js[2m:74:11)[22m[2m[22m
[2m      [2mat Object.throwingMatcher [as toThrow] ([22m[2mnode_modules/expect/build/index.js[2m:320:21)[22m[2m[22m
[2m      [2mat Object.<anonymous> ([22m[2mtests/unit/hooks/chart/useAgentEventBridge.test.ts[2m:134:10)[22m[2m[22m

    [2m[31mconsole.error[39m[22m
[31m      Error: Uncaught [Error: Chart control error][39m
[31m          at reportException (/Users/hirosato/Downloads/Cryptrade/node_modules/jsdom/lib/jsdom/living/helpers/runtime-script-errors.js:66:24)[39m
[31m          at innerInvokeEventListeners (/Users/hirosato/Downloads/Cryptrade/node_modules/jsdom/lib/jsdom/living/events/EventTarget-impl.js:353:9)[39m
[31m          at invokeEventListeners (/Users/hirosato/Downloads/Cryptrade/node_modules/jsdom/lib/jsdom/living/events/EventTarget-impl.js:286:3)[39m
[31m          at HTMLUnknownElementImpl._dispatch (/Users/hirosato/Downloads/Cryptrade/node_modules/jsdom/lib/jsdom/living/events/EventTarget-impl.js:233:9)[39m
[31m          at HTMLUnknownElementImpl.dispatchEvent (/Users/hirosato/Downloads/Cryptrade/node_modules/jsdom/lib/jsdom/living/events/EventTarget-impl.js:104:17)[39m
[31m          at HTMLUnknownElement.dispatchEvent (/Users/hirosato/Downloads/Cryptrade/node_modules/jsdom/lib/jsdom/living/generated/EventTarget.js:241:34)[39m
[31m          at Object.invokeGuardedCallbackDev (/Users/hirosato/Downloads/Cryptrade/node_modules/react-dom/cjs/react-dom.development.js:4213:16)[39m
[31m          at invokeGuardedCallback (/Users/hirosato/Downloads/Cryptrade/node_modules/react-dom/cjs/react-dom.development.js:4277:31)[39m
[31m          at beginWork$1 (/Users/hirosato/Downloads/Cryptrade/node_modules/react-dom/cjs/react-dom.development.js:27490:7)[39m
[31m          at performUnitOfWork (/Users/hirosato/Downloads/Cryptrade/node_modules/react-dom/cjs/react-dom.development.js:26599:12)[39m
[31m          at workLoopSync (/Users/hirosato/Downloads/Cryptrade/node_modules/react-dom/cjs/react-dom.development.js:26505:5)[39m
[31m          at renderRootSync (/Users/hirosato/Downloads/Cryptrade/node_modules/react-dom/cjs/react-dom.development.js:26473:7)[39m
[31m          at recoverFromConcurrentError (/Users/hirosato/Downloads/Cryptrade/node_modules/react-dom/cjs/react-dom.development.js:25889:20)[39m
[31m          at performConcurrentWorkOnRoot (/Users/hirosato/Downloads/Cryptrade/node_modules/react-dom/cjs/react-dom.development.js:25789:22)[39m
[31m          at flushActQueue (/Users/hirosato/Downloads/Cryptrade/node_modules/react/cjs/react.development.js:2667:24)[39m
[31m          at act (/Users/hirosato/Downloads/Cryptrade/node_modules/react/cjs/react.development.js:2582:11)[39m
[31m          at actImplementation (/Users/hirosato/Downloads/Cryptrade/node_modules/@testing-library/react/dist/act-compat.js:47:25)[39m
[31m          at renderRoot (/Users/hirosato/Downloads/Cryptrade/node_modules/@testing-library/react/dist/pure.js:190:25)[39m
[31m          at renderRoot (/Users/hirosato/Downloads/Cryptrade/node_modules/@testing-library/react/dist/pure.js:292:10)[39m
[31m          at render (/Users/hirosato/Downloads/Cryptrade/node_modules/@testing-library/react/dist/pure.js:340:7)[39m
[31m          at /Users/hirosato/Downloads/Cryptrade/tests/unit/hooks/chart/useAgentEventBridge.test.ts:133:19[39m
[31m          at Object.<anonymous> (/Users/hirosato/Downloads/Cryptrade/node_modules/expect/build/toThrowMatchers.js:74:11)[39m
[31m          at Object.throwingMatcher [as toThrow] (/Users/hirosato/Downloads/Cryptrade/node_modules/expect/build/index.js:320:21)[39m
[31m          at Object.<anonymous> (/Users/hirosato/Downloads/Cryptrade/tests/unit/hooks/chart/useAgentEventBridge.test.ts:134:10)[39m
[31m          at Promise.then.completed (/Users/hirosato/Downloads/Cryptrade/node_modules/jest-circus/build/utils.js:298:28)[39m
[31m          at new Promise (<anonymous>)[39m
[31m          at callAsyncCircusFn (/Users/hirosato/Downloads/Cryptrade/node_modules/jest-circus/build/utils.js:231:10)[39m
[31m          at _callCircusTest (/Users/hirosato/Downloads/Cryptrade/node_modules/jest-circus/build/run.js:316:40)[39m
[31m          at processTicksAndRejections (node:internal/process/task_queues:105:5)[39m
[31m          at _runTest (/Users/hirosato/Downloads/Cryptrade/node_modules/jest-circus/build/run.js:252:3)[39m
[31m          at _runTestsForDescribeBlock (/Users/hirosato/Downloads/Cryptrade/node_modules/jest-circus/build/run.js:126:9)[39m
[31m          at _runTestsForDescribeBlock (/Users/hirosato/Downloads/Cryptrade/node_modules/jest-circus/build/run.js:121:9)[39m
[31m          at _runTestsForDescribeBlock (/Users/hirosato/Downloads/Cryptrade/node_modules/jest-circus/build/run.js:121:9)[39m
[31m          at run (/Users/hirosato/Downloads/Cryptrade/node_modules/jest-circus/build/run.js:71:3)[39m
[31m          at runAndTransformResultsToJestFormat (/Users/hirosato/Downloads/Cryptrade/node_modules/jest-circus/build/legacy-code-todo-rewrite/jestAdapterInit.js:122:21)[39m
[31m          at jestAdapter (/Users/hirosato/Downloads/Cryptrade/node_modules/jest-circus/build/legacy-code-todo-rewrite/jestAdapter.js:79:19)[39m
[31m          at runTestInternal (/Users/hirosato/Downloads/Cryptrade/node_modules/jest-runner/build/runTest.js:367:16)[39m
[31m          at runTest (/Users/hirosato/Downloads/Cryptrade/node_modules/jest-runner/build/runTest.js:444:34)[39m
[31m          at Object.worker (/Users/hirosato/Downloads/Cryptrade/node_modules/jest-runner/build/testWorker.js:106:12) {[39m
[31m        detail: Error: Chart control error[39m
[31m            at /Users/hirosato/Downloads/Cryptrade/tests/unit/hooks/chart/useAgentEventBridge.test.ts:123:15[39m
[31m            at /Users/hirosato/Downloads/Cryptrade/node_modules/@jest/environment-jsdom-abstract/node_modules/jest-mock/build/index.js:305:39[39m
[31m            at /Users/hirosato/Downloads/Cryptrade/node_modules/@jest/environment-jsdom-abstract/node_modules/jest-mock/build/index.js:312:13[39m
[31m            at mockConstructor (/Users/hirosato/Downloads/Cryptrade/node_modules/@jest/environment-jsdom-abstract/node_modules/jest-mock/build/index.js:102:19)[39m
[31m            at useChartControlAgentEvents (eval at _createMockFunction (/Users/hirosato/Downloads/Cryptrade/node_modules/@jest/environment-jsdom-abstract/node_modules/jest-mock/build/index.js:460:31), <anonymous>:3:72)[39m
[31m            at useAgentEventBridge (/Users/hirosato/Downloads/Cryptrade/hooks/chart/useAgentEventBridge.ts:16:29)[39m
[31m            at /Users/hirosato/Downloads/Cryptrade/tests/unit/hooks/chart/useAgentEventBridge.test.ts:133:45[39m
[31m            at renderCallback (/Users/hirosato/Downloads/Cryptrade/node_modules/@testing-library/react/dist/pure.js:331:27)[39m
[31m            at renderWithHooks (/Users/hirosato/Downloads/Cryptrade/node_modules/react-dom/cjs/react-dom.development.js:15486:18)[39m
[31m            at mountIndeterminateComponent (/Users/hirosato/Downloads/Cryptrade/node_modules/react-dom/cjs/react-dom.development.js:20103:13)[39m
[31m            at beginWork (/Users/hirosato/Downloads/Cryptrade/node_modules/react-dom/cjs/react-dom.development.js:21626:16)[39m
[31m            at HTMLUnknownElement.callCallback (/Users/hirosato/Downloads/Cryptrade/node_modules/react-dom/cjs/react-dom.development.js:4164:14)[39m
[31m            at HTMLUnknownElement.callTheUserObjectsOperation (/Users/hirosato/Downloads/Cryptrade/node_modules/jsdom/lib/jsdom/living/generated/EventListener.js:26:30)[39m
[31m            at innerInvokeEventListeners (/Users/hirosato/Downloads/Cryptrade/node_modules/jsdom/lib/jsdom/living/events/EventTarget-impl.js:350:25)[39m
[31m            at invokeEventListeners (/Users/hirosato/Downloads/Cryptrade/node_modules/jsdom/lib/jsdom/living/events/EventTarget-impl.js:286:3)[39m
[31m            at HTMLUnknownElementImpl._dispatch (/Users/hirosato/Downloads/Cryptrade/node_modules/jsdom/lib/jsdom/living/events/EventTarget-impl.js:233:9)[39m
[31m            at HTMLUnknownElementImpl.dispatchEvent (/Users/hirosato/Downloads/Cryptrade/node_modules/jsdom/lib/jsdom/living/events/EventTarget-impl.js:104:17)[39m
[31m            at HTMLUnknownElement.dispatchEvent (/Users/hirosato/Downloads/Cryptrade/node_modules/jsdom/lib/jsdom/living/generated/EventTarget.js:241:34)[39m
[31m            at Object.invokeGuardedCallbackDev (/Users/hirosato/Downloads/Cryptrade/node_modules/react-dom/cjs/react-dom.development.js:4213:16)[39m
[31m            at invokeGuardedCallback (/Users/hirosato/Downloads/Cryptrade/node_modules/react-dom/cjs/react-dom.development.js:4277:31)[39m
[31m            at beginWork$1 (/Users/hirosato/Downloads/Cryptrade/node_modules/react-dom/cjs/react-dom.development.js:27490:7)[39m
[31m            at performUnitOfWork (/Users/hirosato/Downloads/Cryptrade/node_modules/react-dom/cjs/react-dom.development.js:26599:12)[39m
[31m            at workLoopSync (/Users/hirosato/Downloads/Cryptrade/node_modules/react-dom/cjs/react-dom.development.js:26505:5)[39m
[31m            at renderRootSync (/Users/hirosato/Downloads/Cryptrade/node_modules/react-dom/cjs/react-dom.development.js:26473:7)[39m
[31m            at recoverFromConcurrentError (/Users/hirosato/Downloads/Cryptrade/node_modules/react-dom/cjs/react-dom.development.js:25889:20)[39m
[31m            at performConcurrentWorkOnRoot (/Users/hirosato/Downloads/Cryptrade/node_modules/react-dom/cjs/react-dom.development.js:25789:22)[39m
[31m            at flushActQueue (/Users/hirosato/Downloads/Cryptrade/node_modules/react/cjs/react.development.js:2667:24)[39m
[31m            at act (/Users/hirosato/Downloads/Cryptrade/node_modules/react/cjs/react.development.js:2582:11)[39m
[31m            at actImplementation (/Users/hirosato/Downloads/Cryptrade/node_modules/@testing-library/react/dist/act-compat.js:47:25)[39m
[31m            at renderRoot (/Users/hirosato/Downloads/Cryptrade/node_modules/@testing-library/react/dist/pure.js:190:25)[39m
[31m            at renderRoot (/Users/hirosato/Downloads/Cryptrade/node_modules/@testing-library/react/dist/pure.js:292:10)[39m
[31m            at render (/Users/hirosato/Downloads/Cryptrade/node_modules/@testing-library/react/dist/pure.js:340:7)[39m
[31m            at /Users/hirosato/Downloads/Cryptrade/tests/unit/hooks/chart/useAgentEventBridge.test.ts:133:19[39m
[31m            at Object.<anonymous> (/Users/hirosato/Downloads/Cryptrade/node_modules/expect/build/toThrowMatchers.js:74:11)[39m
[31m            at Object.throwingMatcher [as toThrow] (/Users/hirosato/Downloads/Cryptrade/node_modules/expect/build/index.js:320:21)[39m
[31m            at Object.<anonymous> (/Users/hirosato/Downloads/Cryptrade/tests/unit/hooks/chart/useAgentEventBridge.test.ts:134:10)[39m
[31m            at Promise.then.completed (/Users/hirosato/Downloads/Cryptrade/node_modules/jest-circus/build/utils.js:298:28)[39m
[31m            at new Promise (<anonymous>)[39m
[31m            at callAsyncCircusFn (/Users/hirosato/Downloads/Cryptrade/node_modules/jest-circus/build/utils.js:231:10)[39m
[31m            at _callCircusTest (/Users/hirosato/Downloads/Cryptrade/node_modules/jest-circus/build/run.js:316:40)[39m
[31m            at processTicksAndRejections (node:internal/process/task_queues:105:5)[39m
[31m            at _runTest (/Users/hirosato/Downloads/Cryptrade/node_modules/jest-circus/build/run.js:252:3)[39m
[31m            at _runTestsForDescribeBlock (/Users/hirosato/Downloads/Cryptrade/node_modules/jest-circus/build/run.js:126:9)[39m
[31m            at _runTestsForDescribeBlock (/Users/hirosato/Downloads/Cryptrade/node_modules/jest-circus/build/run.js:121:9)[39m
[31m            at _runTestsForDescribeBlock (/Users/hirosato/Downloads/Cryptrade/node_modules/jest-circus/build/run.js:121:9)[39m
[31m            at run (/Users/hirosato/Downloads/Cryptrade/node_modules/jest-circus/build/run.js:71:3)[39m
[31m            at runAndTransformResultsToJestFormat (/Users/hirosato/Downloads/Cryptrade/node_modules/jest-circus/build/legacy-code-todo-rewrite/jestAdapterInit.js:122:21)[39m
[31m            at jestAdapter (/Users/hirosato/Downloads/Cryptrade/node_modules/jest-circus/build/legacy-code-todo-rewrite/jestAdapter.js:79:19)[39m
[31m            at runTestInternal (/Users/hirosato/Downloads/Cryptrade/node_modules/jest-runner/build/runTest.js:367:16)[39m
[31m            at runTest (/Users/hirosato/Downloads/Cryptrade/node_modules/jest-runner/build/runTest.js:444:34)[39m
[31m            at Object.worker (/Users/hirosato/Downloads/Cryptrade/node_modules/jest-runner/build/testWorker.js:106:12),[39m
[31m        type: 'unhandled exception'[39m
[31m      }[39m
[2m[22m
[2m    [0m [90m 131 |[39m       [90m// The hook should throw the error[39m[22m
[2m     [90m 132 |[39m       expect(() [33m=>[39m {[22m
[2m    [31m[1m>[22m[2m[39m[90m 133 |[39m         renderHook(() [33m=>[39m useAgentEventBridge(mockHandlers))[33m;[39m[22m
[2m     [90m     |[39m                   [31m[1m^[22m[2m[39m[22m
[2m     [90m 134 |[39m       })[33m.[39mtoThrow([32m'Chart control error'[39m)[33m;[39m[22m
[2m     [90m 135 |[39m[22m
[2m     [90m 136 |[39m       [90m// First hook should have been called before throwing[39m[0m[22m
[2m[22m
[2m      [2mat VirtualConsole.<anonymous> ([22m[2mnode_modules/@jest/environment-jsdom-abstract/build/index.js[2m:79:27)[22m[2m[22m
[2m      [2mat reportException ([22m[2mnode_modules/jsdom/lib/jsdom/living/helpers/runtime-script-errors.js[2m:70:28)[22m[2m[22m
[2m      [2mat innerInvokeEventListeners ([22m[2mnode_modules/jsdom/lib/jsdom/living/events/EventTarget-impl.js[2m:353:9)[22m[2m[22m
[2m      [2mat invokeEventListeners ([22m[2mnode_modules/jsdom/lib/jsdom/living/events/EventTarget-impl.js[2m:286:3)[22m[2m[22m
[2m      [2mat HTMLUnknownElementImpl._dispatch ([22m[2mnode_modules/jsdom/lib/jsdom/living/events/EventTarget-impl.js[2m:233:9)[22m[2m[22m
[2m      [2mat HTMLUnknownElementImpl.dispatchEvent ([22m[2mnode_modules/jsdom/lib/jsdom/living/events/EventTarget-impl.js[2m:104:17)[22m[2m[22m
[2m      [2mat HTMLUnknownElement.dispatchEvent ([22m[2mnode_modules/jsdom/lib/jsdom/living/generated/EventTarget.js[2m:241:34)[22m[2m[22m
[2m      [2mat Object.invokeGuardedCallbackDev ([22m[2mnode_modules/react-dom/cjs/react-dom.development.js[2m:4213:16)[22m[2m[22m
[2m      [2mat invokeGuardedCallback ([22m[2mnode_modules/react-dom/cjs/react-dom.development.js[2m:4277:31)[22m[2m[22m
[2m      [2mat beginWork$1 ([22m[2mnode_modules/react-dom/cjs/react-dom.development.js[2m:27490:7)[22m[2m[22m
[2m      [2mat performUnitOfWork ([22m[2mnode_modules/react-dom/cjs/react-dom.development.js[2m:26599:12)[22m[2m[22m
[2m      [2mat workLoopSync ([22m[2mnode_modules/react-dom/cjs/react-dom.development.js[2m:26505:5)[22m[2m[22m
[2m      [2mat renderRootSync ([22m[2mnode_modules/react-dom/cjs/react-dom.development.js[2m:26473:7)[22m[2m[22m
[2m      [2mat recoverFromConcurrentError ([22m[2mnode_modules/react-dom/cjs/react-dom.development.js[2m:25889:20)[22m[2m[22m
[2m      [2mat performConcurrentWorkOnRoot ([22m[2mnode_modules/react-dom/cjs/react-dom.development.js[2m:25789:22)[22m[2m[22m
[2m      [2mat flushActQueue ([22m[2mnode_modules/react/cjs/react.development.js[2m:2667:24)[22m[2m[22m
[2m      [2mat act ([22m[2mnode_modules/react/cjs/react.development.js[2m:2582:11)[22m[2m[22m
[2m      [2mat actImplementation ([22m[2mnode_modules/@testing-library/react/dist/act-compat.js[2m:47:25)[22m[2m[22m
[2m      [2mat renderRoot ([22m[2mnode_modules/@testing-library/react/dist/pure.js[2m:190:25)[22m[2m[22m
[2m      [2mat renderRoot ([22m[2mnode_modules/@testing-library/react/dist/pure.js[2m:292:10)[22m[2m[22m
[2m      [2mat render ([22m[2mnode_modules/@testing-library/react/dist/pure.js[2m:340:7)[22m[2m[22m
[2m      [2mat [22m[2mtests/unit/hooks/chart/useAgentEventBridge.test.ts[2m:133:19[22m[2m[22m
[2m      [2mat Object.<anonymous> ([22m[2mnode_modules/expect/build/toThrowMatchers.js[2m:74:11)[22m[2m[22m
[2m      [2mat Object.throwingMatcher [as toThrow] ([22m[2mnode_modules/expect/build/index.js[2m:320:21)[22m[2m[22m
[2m      [2mat Object.<anonymous> ([22m[2mtests/unit/hooks/chart/useAgentEventBridge.test.ts[2m:134:10)[22m[2m[22m

[0m[7m[1m[32m PASS [39m[22m[27m[0m [0m[7m[37m unit [39m[27m[0m [2mtests/unit/store/chat/[22m[1mmessage.store.test.ts[22m
[0m[7m[1m[32m PASS [39m[22m[27m[0m [0m[7m[37m unit [39m[27m[0m [2mtests/unit/api/monitoring/circuit-breaker/[22m[1mroute.test.ts[22m
[0m[7m[1m[32m PASS [39m[22m[27m[0m [0m[7m[37m unit [39m[27m[0m [2mtests/unit/lib/security/[22m[1mcsp.test.ts[22m
[0m[7m[1m[32m PASS [39m[22m[27m[0m [0m[7m[37m unit [39m[27m[0m [2mtests/unit/api/memory/search/[22m[1mroute.test.ts[22m
[0m[7m[1m[32m PASS [39m[22m[27m[0m [0m[7m[37m unit [39m[27m[0m [2mtests/unit/api/chat/[22m[1mroute.test.ts[22m
[0m[7m[1m[32m PASS [39m[22m[27m[0m [0m[7m[37m unit [39m[27m[0m [2mtests/unit/lib/store/[22m[1minitialize-db-stores.test.ts[22m
[0m[7m[1m[32m PASS [39m[22m[27m[0m [0m[7m[37m unit [39m[27m[0m [2mtests/unit/lib/api/[22m[1mcreate-api-handler.test.ts[22m
[0m[7m[1m[32m PASS [39m[22m[27m[0m [0m[7m[37m unit [39m[27m[0m [2mtests/unit/lib/services/database/[22m[1manalysis.service.test.ts[22m
[0m[7m[1m[32m PASS [39m[22m[27m[0m [0m[7m[37m unit [39m[27m[0m [2mtests/unit/app/[22m[1mpage.test.tsx[22m
[0m[7m[1m[32m PASS [39m[22m[27m[0m [0m[7m[37m unit [39m[27m[0m [2mtests/unit/hooks/market/[22m[1muse-candlestick-data-di.test.ts[22m
[0m[7m[1m[32m PASS [39m[22m[27m[0m [0m[7m[37m unit [39m[27m[0m [2mtests/unit/api/circuit-breaker/[22m[1mroute.test.ts[22m
[0m[7m[1m[32m PASS [39m[22m[27m[0m [0m[7m[37m unit [39m[27m[0m [2mtests/unit/types/[22m[1mmarket.test.ts[22m
  [1m● [22mConsole

    [2m[31mconsole.error[39m[22m
[31m      [validateBinanceKlines] Expected array, got: object { error: 'Invalid symbol' }[39m
[2m[22m
[2m    [0m [90m 296 |[39m     [90m// ② Not processed yet - check if it's an array (Binance returns object on error)[39m[22m
[2m     [90m 297 |[39m     [36mif[39m ([33m![39m[33mArray[39m[33m.[39misArray(data)) {[22m
[2m    [31m[1m>[22m[2m[39m[90m 298 |[39m       console[33m.[39merror([32m'[validateBinanceKlines] Expected array, got:'[39m[33m,[39m [36mtypeof[39m data[33m,[39m data)[33m;[39m[22m
[2m     [90m     |[39m               [31m[1m^[22m[2m[39m[22m
[2m     [90m 299 |[39m       [36mthrow[39m [36mnew[39m [33mError[39m([32m`Invalid klines payload: expected array, got ${typeof data}`[39m)[33m;[39m[22m
[2m     [90m 300 |[39m     }[22m
[2m     [90m 301 |[39m[0m[22m
[2m[22m
[2m      [2mat [22m[2mnode_modules/@jest/environment-jsdom-abstract/node_modules/jest-mock/build/index.js[2m:305:39[22m[2m[22m
[2m      [2mat validateBinanceKlines ([22m[2mtypes/market.ts[2m:298:15)[22m[2m[22m
[2m      [2mat [22m[2mtests/unit/types/market.test.ts[2m:59:28[22m[2m[22m
[2m      [2mat Object.<anonymous> ([22m[2mnode_modules/expect/build/toThrowMatchers.js[2m:74:11)[22m[2m[22m
[2m      [2mat Object.throwingMatcher [as toThrow] ([22m[2mnode_modules/expect/build/index.js[2m:320:21)[22m[2m[22m
[2m      [2mat Object.<anonymous> ([22m[2mtests/unit/types/market.test.ts[2m:60:8)[22m[2m[22m

    [2m[31mconsole.error[39m[22m
[31m      [validateBinanceKlines] Validation failed: Error: Invalid klines payload: expected array, got object[39m
[31m          at validateBinanceKlines (/Users/hirosato/Downloads/Cryptrade/types/market.ts:299:13)[39m
[31m          at /Users/hirosato/Downloads/Cryptrade/tests/unit/types/market.test.ts:59:28[39m
[31m          at Object.<anonymous> (/Users/hirosato/Downloads/Cryptrade/node_modules/expect/build/toThrowMatchers.js:74:11)[39m
[31m          at Object.throwingMatcher [as toThrow] (/Users/hirosato/Downloads/Cryptrade/node_modules/expect/build/index.js:320:21)[39m
[31m          at Object.<anonymous> (/Users/hirosato/Downloads/Cryptrade/tests/unit/types/market.test.ts:60:8)[39m
[31m          at Promise.then.completed (/Users/hirosato/Downloads/Cryptrade/node_modules/jest-circus/build/utils.js:298:28)[39m
[31m          at new Promise (<anonymous>)[39m
[31m          at callAsyncCircusFn (/Users/hirosato/Downloads/Cryptrade/node_modules/jest-circus/build/utils.js:231:10)[39m
[31m          at _callCircusTest (/Users/hirosato/Downloads/Cryptrade/node_modules/jest-circus/build/run.js:316:40)[39m
[31m          at processTicksAndRejections (node:internal/process/task_queues:105:5)[39m
[31m          at _runTest (/Users/hirosato/Downloads/Cryptrade/node_modules/jest-circus/build/run.js:252:3)[39m
[31m          at _runTestsForDescribeBlock (/Users/hirosato/Downloads/Cryptrade/node_modules/jest-circus/build/run.js:126:9)[39m
[31m          at _runTestsForDescribeBlock (/Users/hirosato/Downloads/Cryptrade/node_modules/jest-circus/build/run.js:121:9)[39m
[31m          at run (/Users/hirosato/Downloads/Cryptrade/node_modules/jest-circus/build/run.js:71:3)[39m
[31m          at runAndTransformResultsToJestFormat (/Users/hirosato/Downloads/Cryptrade/node_modules/jest-circus/build/legacy-code-todo-rewrite/jestAdapterInit.js:122:21)[39m
[31m          at jestAdapter (/Users/hirosato/Downloads/Cryptrade/node_modules/jest-circus/build/legacy-code-todo-rewrite/jestAdapter.js:79:19)[39m
[31m          at runTestInternal (/Users/hirosato/Downloads/Cryptrade/node_modules/jest-runner/build/runTest.js:367:16)[39m
[31m          at runTest (/Users/hirosato/Downloads/Cryptrade/node_modules/jest-runner/build/runTest.js:444:34)[39m
[31m          at Object.worker (/Users/hirosato/Downloads/Cryptrade/node_modules/jest-runner/build/testWorker.js:106:12)[39m
[2m[22m
[2m    [0m [90m 373 |[39m     }[22m
[2m     [90m 374 |[39m   } [36mcatch[39m (error[33m:[39m unknown) {[22m
[2m    [31m[1m>[22m[2m[39m[90m 375 |[39m     console[33m.[39merror([32m'[validateBinanceKlines] Validation failed:'[39m[33m,[39m error)[33m;[39m[22m
[2m     [90m     |[39m             [31m[1m^[22m[2m[39m[22m
[2m     [90m 376 |[39m     [36mthrow[39m error[33m;[39m [90m// Re-throw to let caller handle appropriately[39m[22m
[2m     [90m 377 |[39m   }[22m
[2m     [90m 378 |[39m }[0m[22m
[2m[22m
[2m      [2mat [22m[2mnode_modules/@jest/environment-jsdom-abstract/node_modules/jest-mock/build/index.js[2m:305:39[22m[2m[22m
[2m      [2mat validateBinanceKlines ([22m[2mtypes/market.ts[2m:375:13)[22m[2m[22m
[2m      [2mat [22m[2mtests/unit/types/market.test.ts[2m:59:28[22m[2m[22m
[2m      [2mat Object.<anonymous> ([22m[2mnode_modules/expect/build/toThrowMatchers.js[2m:74:11)[22m[2m[22m
[2m      [2mat Object.throwingMatcher [as toThrow] ([22m[2mnode_modules/expect/build/index.js[2m:320:21)[22m[2m[22m
[2m      [2mat Object.<anonymous> ([22m[2mtests/unit/types/market.test.ts[2m:60:8)[22m[2m[22m

    [2m[31mconsole.error[39m[22m
[31m      [validateBinanceKlines] Expected array, got: object { code: -1121, msg: 'Invalid symbol.' }[39m
[2m[22m
[2m    [0m [90m 296 |[39m     [90m// ② Not processed yet - check if it's an array (Binance returns object on error)[39m[22m
[2m     [90m 297 |[39m     [36mif[39m ([33m![39m[33mArray[39m[33m.[39misArray(data)) {[22m
[2m    [31m[1m>[22m[2m[39m[90m 298 |[39m       console[33m.[39merror([32m'[validateBinanceKlines] Expected array, got:'[39m[33m,[39m [36mtypeof[39m data[33m,[39m data)[33m;[39m[22m
[2m     [90m     |[39m               [31m[1m^[22m[2m[39m[22m
[2m     [90m 299 |[39m       [36mthrow[39m [36mnew[39m [33mError[39m([32m`Invalid klines payload: expected array, got ${typeof data}`[39m)[33m;[39m[22m
[2m     [90m 300 |[39m     }[22m
[2m     [90m 301 |[39m[0m[22m
[2m[22m
[2m      [2mat [22m[2mnode_modules/@jest/environment-jsdom-abstract/node_modules/jest-mock/build/index.js[2m:305:39[22m[2m[22m
[2m      [2mat validateBinanceKlines ([22m[2mtypes/market.ts[2m:298:15)[22m[2m[22m
[2m      [2mat [22m[2mtests/unit/types/market.test.ts[2m:70:28[22m[2m[22m
[2m      [2mat Object.<anonymous> ([22m[2mnode_modules/expect/build/toThrowMatchers.js[2m:74:11)[22m[2m[22m
[2m      [2mat Object.throwingMatcher [as toThrow] ([22m[2mnode_modules/expect/build/index.js[2m:320:21)[22m[2m[22m
[2m      [2mat Object.<anonymous> ([22m[2mtests/unit/types/market.test.ts[2m:71:8)[22m[2m[22m

    [2m[31mconsole.error[39m[22m
[31m      [validateBinanceKlines] Validation failed: Error: Invalid klines payload: expected array, got object[39m
[31m          at validateBinanceKlines (/Users/hirosato/Downloads/Cryptrade/types/market.ts:299:13)[39m
[31m          at /Users/hirosato/Downloads/Cryptrade/tests/unit/types/market.test.ts:70:28[39m
[31m          at Object.<anonymous> (/Users/hirosato/Downloads/Cryptrade/node_modules/expect/build/toThrowMatchers.js:74:11)[39m
[31m          at Object.throwingMatcher [as toThrow] (/Users/hirosato/Downloads/Cryptrade/node_modules/expect/build/index.js:320:21)[39m
[31m          at Object.<anonymous> (/Users/hirosato/Downloads/Cryptrade/tests/unit/types/market.test.ts:71:8)[39m
[31m          at Promise.then.completed (/Users/hirosato/Downloads/Cryptrade/node_modules/jest-circus/build/utils.js:298:28)[39m
[31m          at new Promise (<anonymous>)[39m
[31m          at callAsyncCircusFn (/Users/hirosato/Downloads/Cryptrade/node_modules/jest-circus/build/utils.js:231:10)[39m
[31m          at _callCircusTest (/Users/hirosato/Downloads/Cryptrade/node_modules/jest-circus/build/run.js:316:40)[39m
[31m          at processTicksAndRejections (node:internal/process/task_queues:105:5)[39m
[31m          at _runTest (/Users/hirosato/Downloads/Cryptrade/node_modules/jest-circus/build/run.js:252:3)[39m
[31m          at _runTestsForDescribeBlock (/Users/hirosato/Downloads/Cryptrade/node_modules/jest-circus/build/run.js:126:9)[39m
[31m          at _runTestsForDescribeBlock (/Users/hirosato/Downloads/Cryptrade/node_modules/jest-circus/build/run.js:121:9)[39m
[31m          at run (/Users/hirosato/Downloads/Cryptrade/node_modules/jest-circus/build/run.js:71:3)[39m
[31m          at runAndTransformResultsToJestFormat (/Users/hirosato/Downloads/Cryptrade/node_modules/jest-circus/build/legacy-code-todo-rewrite/jestAdapterInit.js:122:21)[39m
[31m          at jestAdapter (/Users/hirosato/Downloads/Cryptrade/node_modules/jest-circus/build/legacy-code-todo-rewrite/jestAdapter.js:79:19)[39m
[31m          at runTestInternal (/Users/hirosato/Downloads/Cryptrade/node_modules/jest-runner/build/runTest.js:367:16)[39m
[31m          at runTest (/Users/hirosato/Downloads/Cryptrade/node_modules/jest-runner/build/runTest.js:444:34)[39m
[31m          at Object.worker (/Users/hirosato/Downloads/Cryptrade/node_modules/jest-runner/build/testWorker.js:106:12)[39m
[2m[22m
[2m    [0m [90m 373 |[39m     }[22m
[2m     [90m 374 |[39m   } [36mcatch[39m (error[33m:[39m unknown) {[22m
[2m    [31m[1m>[22m[2m[39m[90m 375 |[39m     console[33m.[39merror([32m'[validateBinanceKlines] Validation failed:'[39m[33m,[39m error)[33m;[39m[22m
[2m     [90m     |[39m             [31m[1m^[22m[2m[39m[22m
[2m     [90m 376 |[39m     [36mthrow[39m error[33m;[39m [90m// Re-throw to let caller handle appropriately[39m[22m
[2m     [90m 377 |[39m   }[22m
[2m     [90m 378 |[39m }[0m[22m
[2m[22m
[2m      [2mat [22m[2mnode_modules/@jest/environment-jsdom-abstract/node_modules/jest-mock/build/index.js[2m:305:39[22m[2m[22m
[2m      [2mat validateBinanceKlines ([22m[2mtypes/market.ts[2m:375:13)[22m[2m[22m
[2m      [2mat [22m[2mtests/unit/types/market.test.ts[2m:70:28[22m[2m[22m
[2m      [2mat Object.<anonymous> ([22m[2mnode_modules/expect/build/toThrowMatchers.js[2m:74:11)[22m[2m[22m
[2m      [2mat Object.throwingMatcher [as toThrow] ([22m[2mnode_modules/expect/build/index.js[2m:320:21)[22m[2m[22m
[2m      [2mat Object.<anonymous> ([22m[2mtests/unit/types/market.test.ts[2m:71:8)[22m[2m[22m

[0m[7m[1m[32m PASS [39m[22m[27m[0m [0m[7m[37m unit [39m[27m[0m [2mtests/unit/hooks/[22m[1muse-auth.test.ts[22m
[0m[7m[1m[32m PASS [39m[22m[27m[0m [0m[7m[37m integration [39m[27m[0m [2mtests/integration/[22m[1mws-binance-integration.test.ts[22m
  [1m● [22mConsole

    [2mconsole.log[22m
      [MSW] Loaded 7 default handlers
[2m[22m
[2m      [2mat Object.<anonymous> ([22m[2mtests/setup/msw-setup.ts[2m:18:13)[22m[2m[22m

[0m[7m[1m[32m PASS [39m[22m[27m[0m [0m[7m[37m unit [39m[27m[0m [2mtests/unit/hooks/chat/[22m[1muse-approve-proposal.test.ts[22m
[0m[7m[1m[32m PASS [39m[22m[27m[0m [0m[7m[37m unit [39m[27m[0m [2mtests/unit/hooks/market/[22m[1muse-market-data-safe.test.ts[22m
[0m[7m[1m[32m PASS [39m[22m[27m[0m [0m[7m[37m unit [39m[27m[0m [2mtests/unit/lib/mastra/[22m[1magent-performance-unit.test.ts[22m
[0m[7m[1m[32m PASS [39m[22m[27m[0m [0m[7m[37m unit [39m[27m[0m [2mtests/unit/api/metrics/[22m[1mroute.test.ts[22m
[0m[7m[1m[32m PASS [39m[22m[27m[0m [0m[7m[37m unit [39m[27m[0m [2mtests/unit/lib/store/[22m[1mbase.store.test.ts[22m
[0m[7m[1m[32m PASS [39m[22m[27m[0m [0m[7m[37m unit [39m[27m[0m [2mtests/unit/lib/mastra/tools/[22m[1mdynamic-ttl.test.ts[22m
[0m[7m[1m[32m PASS [39m[22m[27m[0m [0m[7m[37m unit [39m[27m[0m [2mtests/unit/hooks/chat/[22m[1muse-proposal-management.test.ts[22m
[0m[7m[1m[32m PASS [39m[22m[27m[0m [0m[7m[37m unit [39m[27m[0m [2mcomponents/logs/__tests__/[22m[1mLogViewer.test.ts[22m
[0m[7m[1m[32m PASS [39m[22m[27m[0m [0m[7m[37m unit [39m[27m[0m [2mtests/unit/lib/ws/[22m[1mindex.test.ts[22m
[0m[7m[1m[32m PASS [39m[22m[27m[0m [0m[7m[37m integration [39m[27m[0m [2mtests/integration/[22m[1ma2a-entry-proposal-mock.test.ts[22m
  [1m● [22mConsole

    [2mconsole.log[22m
      [MSW] Loaded 7 default handlers
[2m[22m
[2m      [2mat Object.<anonymous> ([22m[2mtests/setup/msw-setup.ts[2m:18:13)[22m[2m[22m

[0m[7m[1m[32m PASS [39m[22m[27m[0m [0m[7m[37m unit [39m[27m[0m [2mtests/unit/hooks/market/[22m[1muse-price-stream.test.ts[22m
[0m[7m[1m[32m PASS [39m[22m[27m[0m [0m[7m[37m unit [39m[27m[0m [2mtests/unit/hooks/__tests__/[22m[1muse-is-client.test.ts[22m
[0m[7m[1m[32m PASS [39m[22m[27m[0m [0m[7m[37m unit [39m[27m[0m [2mtests/unit/components/chart/hooks/[22m[1museChartSync.test.ts[22m
[0m[7m[1m[32m PASS [39m[22m[27m[0m [0m[7m[37m unit [39m[27m[0m [2mtests/unit/hooks/chat/[22m[1muse-reject-proposal.test.ts[22m
[0m[7m[1m[32m PASS [39m[22m[27m[0m [0m[7m[37m unit [39m[27m[0m [2mtests/unit/hooks/[22m[1muse-view-persistence-simple.test.ts[22m
[0m[7m[1m[32m PASS [39m[22m[27m[0m [0m[7m[37m unit [39m[27m[0m [2mtests/unit/api/analysis-stream/[22m[1mroute.test.ts[22m
  [1m● [22mConsole

    [2m[31mconsole.error[39m[22m
[31m      Stream reading error: TypeError: The "input" argument must be an instance of SharedArrayBuffer, ArrayBuffer or ArrayBufferView.[39m
[31m          at TextDecoder.decode (node:internal/encoding:462:14)[39m
[31m          at collectSSEEvents (/Users/hirosato/Downloads/Cryptrade/tests/unit/api/analysis-stream/route.test.ts:66:33)[39m
[31m          at processTicksAndRejections (node:internal/process/task_queues:105:5)[39m
[31m          at Object.<anonymous> (/Users/hirosato/Downloads/Cryptrade/tests/unit/api/analysis-stream/route.test.ts:167:24) {[39m
[31m        code: 'ERR_INVALID_ARG_TYPE'[39m
[31m      }[39m
[2m[22m
[2m    [0m [90m 86 |[39m         }[22m
[2m     [90m 87 |[39m       } [36mcatch[39m (error) {[22m
[2m    [31m[1m>[22m[2m[39m[90m 88 |[39m         console[33m.[39merror([32m'Stream reading error:'[39m[33m,[39m error)[33m;[39m[22m
[2m     [90m    |[39m                 [31m[1m^[22m[2m[39m[22m
[2m     [90m 89 |[39m       }[22m
[2m     [90m 90 |[39m       [22m
[2m     [90m 91 |[39m       [36mreturn[39m events[33m;[39m[0m[22m
[2m[22m
[2m      [2mat [22m[2mnode_modules/@jest/environment-jsdom-abstract/node_modules/jest-mock/build/index.js[2m:305:39[22m[2m[22m
[2m      [2mat collectSSEEvents ([22m[2mtests/unit/api/analysis-stream/route.test.ts[2m:88:17)[22m[2m[22m
[2m      [2mat Object.<anonymous> ([22m[2mtests/unit/api/analysis-stream/route.test.ts[2m:167:24)[22m[2m[22m

    [2m[31mconsole.error[39m[22m
[31m      Stream reading error: TypeError: The "input" argument must be an instance of SharedArrayBuffer, ArrayBuffer or ArrayBufferView.[39m
[31m          at TextDecoder.decode (node:internal/encoding:462:14)[39m
[31m          at collectSSEEvents (/Users/hirosato/Downloads/Cryptrade/tests/unit/api/analysis-stream/route.test.ts:66:33)[39m
[31m          at processTicksAndRejections (node:internal/process/task_queues:105:5)[39m
[31m          at Object.<anonymous> (/Users/hirosato/Downloads/Cryptrade/tests/unit/api/analysis-stream/route.test.ts:167:24) {[39m
[31m        code: 'ERR_INVALID_ARG_TYPE'[39m
[31m      }[39m
[2m[22m
[2m    [0m [90m 86 |[39m         }[22m
[2m     [90m 87 |[39m       } [36mcatch[39m (error) {[22m
[2m    [31m[1m>[22m[2m[39m[90m 88 |[39m         console[33m.[39merror([32m'Stream reading error:'[39m[33m,[39m error)[33m;[39m[22m
[2m     [90m    |[39m                 [31m[1m^[22m[2m[39m[22m
[2m     [90m 89 |[39m       }[22m
[2m     [90m 90 |[39m       [22m
[2m     [90m 91 |[39m       [36mreturn[39m events[33m;[39m[0m[22m
[2m[22m
[2m      [2mat [22m[2mnode_modules/@jest/environment-jsdom-abstract/node_modules/jest-mock/build/index.js[2m:305:39[22m[2m[22m
[2m      [2mat collectSSEEvents ([22m[2mtests/unit/api/analysis-stream/route.test.ts[2m:88:17)[22m[2m[22m
[2m      [2mat Object.<anonymous> ([22m[2mtests/unit/api/analysis-stream/route.test.ts[2m:167:24)[22m[2m[22m

    [2m[31mconsole.error[39m[22m
[31m      Stream reading error: TypeError: The "input" argument must be an instance of SharedArrayBuffer, ArrayBuffer or ArrayBufferView.[39m
[31m          at TextDecoder.decode (node:internal/encoding:462:14)[39m
[31m          at collectSSEEvents (/Users/hirosato/Downloads/Cryptrade/tests/unit/api/analysis-stream/route.test.ts:66:33)[39m
[31m          at processTicksAndRejections (node:internal/process/task_queues:105:5)[39m
[31m          at Object.<anonymous> (/Users/hirosato/Downloads/Cryptrade/tests/unit/api/analysis-stream/route.test.ts:167:24) {[39m
[31m        code: 'ERR_INVALID_ARG_TYPE'[39m
[31m      }[39m
[2m[22m
[2m    [0m [90m 86 |[39m         }[22m
[2m     [90m 87 |[39m       } [36mcatch[39m (error) {[22m
[2m    [31m[1m>[22m[2m[39m[90m 88 |[39m         console[33m.[39merror([32m'Stream reading error:'[39m[33m,[39m error)[33m;[39m[22m
[2m     [90m    |[39m                 [31m[1m^[22m[2m[39m[22m
[2m     [90m 89 |[39m       }[22m
[2m     [90m 90 |[39m       [22m
[2m     [90m 91 |[39m       [36mreturn[39m events[33m;[39m[0m[22m
[2m[22m
[2m      [2mat [22m[2mnode_modules/@jest/environment-jsdom-abstract/node_modules/jest-mock/build/index.js[2m:305:39[22m[2m[22m
[2m      [2mat collectSSEEvents ([22m[2mtests/unit/api/analysis-stream/route.test.ts[2m:88:17)[22m[2m[22m
[2m      [2mat Object.<anonymous> ([22m[2mtests/unit/api/analysis-stream/route.test.ts[2m:167:24)[22m[2m[22m

    [2m[31mconsole.error[39m[22m
[31m      Stream reading error: TypeError: The "input" argument must be an instance of SharedArrayBuffer, ArrayBuffer or ArrayBufferView.[39m
[31m          at TextDecoder.decode (node:internal/encoding:462:14)[39m
[31m          at collectSSEEvents (/Users/hirosato/Downloads/Cryptrade/tests/unit/api/analysis-stream/route.test.ts:66:33)[39m
[31m          at processTicksAndRejections (node:internal/process/task_queues:105:5)[39m
[31m          at Object.<anonymous> (/Users/hirosato/Downloads/Cryptrade/tests/unit/api/analysis-stream/route.test.ts:167:24) {[39m
[31m        code: 'ERR_INVALID_ARG_TYPE'[39m
[31m      }[39m
[2m[22m
[2m    [0m [90m 86 |[39m         }[22m
[2m     [90m 87 |[39m       } [36mcatch[39m (error) {[22m
[2m    [31m[1m>[22m[2m[39m[90m 88 |[39m         console[33m.[39merror([32m'Stream reading error:'[39m[33m,[39m error)[33m;[39m[22m
[2m     [90m    |[39m                 [31m[1m^[22m[2m[39m[22m
[2m     [90m 89 |[39m       }[22m
[2m     [90m 90 |[39m       [22m
[2m     [90m 91 |[39m       [36mreturn[39m events[33m;[39m[0m[22m
[2m[22m
[2m      [2mat [22m[2mnode_modules/@jest/environment-jsdom-abstract/node_modules/jest-mock/build/index.js[2m:305:39[22m[2m[22m
[2m      [2mat collectSSEEvents ([22m[2mtests/unit/api/analysis-stream/route.test.ts[2m:88:17)[22m[2m[22m
[2m      [2mat Object.<anonymous> ([22m[2mtests/unit/api/analysis-stream/route.test.ts[2m:167:24)[22m[2m[22m

    [2m[31mconsole.error[39m[22m
[31m      Stream reading error: TypeError: The "input" argument must be an instance of SharedArrayBuffer, ArrayBuffer or ArrayBufferView.[39m
[31m          at TextDecoder.decode (node:internal/encoding:462:14)[39m
[31m          at collectSSEEvents (/Users/hirosato/Downloads/Cryptrade/tests/unit/api/analysis-stream/route.test.ts:66:33)[39m
[31m          at processTicksAndRejections (node:internal/process/task_queues:105:5)[39m
[31m          at Object.<anonymous> (/Users/hirosato/Downloads/Cryptrade/tests/unit/api/analysis-stream/route.test.ts:167:24) {[39m
[31m        code: 'ERR_INVALID_ARG_TYPE'[39m
[31m      }[39m
[2m[22m
[2m    [0m [90m 86 |[39m         }[22m
[2m     [90m 87 |[39m       } [36mcatch[39m (error) {[22m
[2m    [31m[1m>[22m[2m[39m[90m 88 |[39m         console[33m.[39merror([32m'Stream reading error:'[39m[33m,[39m error)[33m;[39m[22m
[2m     [90m    |[39m                 [31m[1m^[22m[2m[39m[22m
[2m     [90m 89 |[39m       }[22m
[2m     [90m 90 |[39m       [22m
[2m     [90m 91 |[39m       [36mreturn[39m events[33m;[39m[0m[22m
[2m[22m
[2m      [2mat [22m[2mnode_modules/@jest/environment-jsdom-abstract/node_modules/jest-mock/build/index.js[2m:305:39[22m[2m[22m
[2m      [2mat collectSSEEvents ([22m[2mtests/unit/api/analysis-stream/route.test.ts[2m:88:17)[22m[2m[22m
[2m      [2mat Object.<anonymous> ([22m[2mtests/unit/api/analysis-stream/route.test.ts[2m:167:24)[22m[2m[22m

    [2m[31mconsole.error[39m[22m
[31m      Stream reading error: TypeError: The "input" argument must be an instance of SharedArrayBuffer, ArrayBuffer or ArrayBufferView.[39m
[31m          at TextDecoder.decode (node:internal/encoding:462:14)[39m
[31m          at collectSSEEvents (/Users/hirosato/Downloads/Cryptrade/tests/unit/api/analysis-stream/route.test.ts:66:33)[39m
[31m          at processTicksAndRejections (node:internal/process/task_queues:105:5)[39m
[31m          at Object.<anonymous> (/Users/hirosato/Downloads/Cryptrade/tests/unit/api/analysis-stream/route.test.ts:249:22) {[39m
[31m        code: 'ERR_INVALID_ARG_TYPE'[39m
[31m      }[39m
[2m[22m
[2m    [0m [90m 86 |[39m         }[22m
[2m     [90m 87 |[39m       } [36mcatch[39m (error) {[22m
[2m    [31m[1m>[22m[2m[39m[90m 88 |[39m         console[33m.[39merror([32m'Stream reading error:'[39m[33m,[39m error)[33m;[39m[22m
[2m     [90m    |[39m                 [31m[1m^[22m[2m[39m[22m
[2m     [90m 89 |[39m       }[22m
[2m     [90m 90 |[39m       [22m
[2m     [90m 91 |[39m       [36mreturn[39m events[33m;[39m[0m[22m
[2m[22m
[2m      [2mat [22m[2mnode_modules/@jest/environment-jsdom-abstract/node_modules/jest-mock/build/index.js[2m:305:39[22m[2m[22m
[2m      [2mat collectSSEEvents ([22m[2mtests/unit/api/analysis-stream/route.test.ts[2m:88:17)[22m[2m[22m
[2m      [2mat Object.<anonymous> ([22m[2mtests/unit/api/analysis-stream/route.test.ts[2m:249:22)[22m[2m[22m

    [2m[31mconsole.error[39m[22m
[31m      Stream reading error: TypeError: The "input" argument must be an instance of SharedArrayBuffer, ArrayBuffer or ArrayBufferView.[39m
[31m          at TextDecoder.decode (node:internal/encoding:462:14)[39m
[31m          at collectSSEEvents (/Users/hirosato/Downloads/Cryptrade/tests/unit/api/analysis-stream/route.test.ts:66:33)[39m
[31m          at processTicksAndRejections (node:internal/process/task_queues:105:5)[39m
[31m          at Object.<anonymous> (/Users/hirosato/Downloads/Cryptrade/tests/unit/api/analysis-stream/route.test.ts:290:22) {[39m
[31m        code: 'ERR_INVALID_ARG_TYPE'[39m
[31m      }[39m
[2m[22m
[2m    [0m [90m 86 |[39m         }[22m
[2m     [90m 87 |[39m       } [36mcatch[39m (error) {[22m
[2m    [31m[1m>[22m[2m[39m[90m 88 |[39m         console[33m.[39merror([32m'Stream reading error:'[39m[33m,[39m error)[33m;[39m[22m
[2m     [90m    |[39m                 [31m[1m^[22m[2m[39m[22m
[2m     [90m 89 |[39m       }[22m
[2m     [90m 90 |[39m       [22m
[2m     [90m 91 |[39m       [36mreturn[39m events[33m;[39m[0m[22m
[2m[22m
[2m      [2mat [22m[2mnode_modules/@jest/environment-jsdom-abstract/node_modules/jest-mock/build/index.js[2m:305:39[22m[2m[22m
[2m      [2mat collectSSEEvents ([22m[2mtests/unit/api/analysis-stream/route.test.ts[2m:88:17)[22m[2m[22m
[2m      [2mat Object.<anonymous> ([22m[2mtests/unit/api/analysis-stream/route.test.ts[2m:290:22)[22m[2m[22m

[0m[7m[1m[32m PASS [39m[22m[27m[0m [0m[7m[37m integration [39m[27m[0m [2mtests/integration/api/[22m[1mapi-endpoints.test.ts[22m
  [1m● [22mConsole

    [2mconsole.log[22m
      [MSW] Loaded 7 default handlers
[2m[22m
[2m      [2mat Object.<anonymous> ([22m[2mtests/setup/msw-setup.ts[2m:18:13)[22m[2m[22m

[0m[7m[1m[32m PASS [39m[22m[27m[0m [0m[7m[37m unit [39m[27m[0m [2mtests/unit/hooks/chat/[22m[1muse-cancel-drawing.test.ts[22m
[0m[7m[1m[32m PASS [39m[22m[27m[0m [0m[7m[37m unit [39m[27m[0m [2mtests/unit/hooks/base/[22m[1muse-sse-stream.test.ts[22m
[0m[7m[1m[32m PASS [39m[22m[27m[0m [0m[7m[37m unit [39m[27m[0m [2mtests/unit/lib/db/[22m[1mprisma.test.ts[22m
[0m[7m[1m[32m PASS [39m[22m[27m[0m [0m[7m[37m unit [39m[27m[0m [2mtests/unit/lib/services/database/[22m[1mchart-drawing.service.test.ts[22m
[0m[7m[1m[32m PASS [39m[22m[27m[0m [0m[7m[37m unit [39m[27m[0m [2mtests/unit/hooks/chat/[22m[1muse-message-handling.test.ts[22m
[0m[7m[1m[32m PASS [39m[22m[27m[0m [0m[7m[37m unit [39m[27m[0m [2mtests/unit/hooks/[22m[1muse-typed-ui-event-stream.test.ts[22m
[0m[7m[1m[32m PASS [39m[22m[27m[0m [0m[7m[37m integration [39m[27m[0m [2mtests/integration/[22m[1magent-ui.test.ts[22m
  [1m● [22mConsole

    [2mconsole.log[22m
      [MSW] Loaded 7 default handlers
[2m[22m
[2m      [2mat Object.<anonymous> ([22m[2mtests/setup/msw-setup.ts[2m:18:13)[22m[2m[22m

[0m[7m[1m[32m PASS [39m[22m[27m[0m [0m[7m[37m unit [39m[27m[0m [2mtests/unit/lib/indicators/[22m[1mmoving-average.test.ts[22m
[0m[7m[1m[32m PASS [39m[22m[27m[0m [0m[7m[37m unit [39m[27m[0m [2mtests/unit/lib/indicators/[22m[1mbollinger-bands.test.ts[22m
[0m[7m[1m[32m PASS [39m[22m[27m[0m [0m[7m[37m unit [39m[27m[0m [2mtests/unit/api/alerts/[22m[1mroute.test.ts[22m
[0m[7m[1m[32m PASS [39m[22m[27m[0m [0m[7m[37m unit [39m[27m[0m [2mtests/unit/components/chart/hooks/[22m[1museChartControlAgentEvents.test.ts[22m
[0m[7m[1m[32m PASS [39m[22m[27m[0m [0m[7m[37m unit [39m[27m[0m [2mtests/unit/hooks/[22m[1muse-ui-event-stream.test.ts[22m
[0m[7m[1m[32m PASS [39m[22m[27m[0m [0m[7m[37m unit [39m[27m[0m [2mtests/unit/hooks/market/[22m[1muse-indicator-values.test.ts[22m
[0m[7m[1m[32m PASS [39m[22m[27m[0m [0m[7m[37m unit [39m[27m[0m [2mtests/unit/lib/mastra/[22m[1mentry-proposal-streaming.test.ts[22m
[0m[7m[1m[32m PASS [39m[22m[27m[0m [0m[7m[37m unit [39m[27m[0m [2mtests/unit/components/chart/hooks/[22m[1museAgentEventHandlers.test.ts[22m
[0m[7m[1m[32m PASS [39m[22m[27m[0m [0m[7m[37m unit [39m[27m[0m [2mtests/unit/lib/store/[22m[1mdb-sync.test.ts[22m
[0m[7m[1m[32m PASS [39m[22m[27m[0m [0m[7m[37m unit [39m[27m[0m [2mtests/unit/lib/chart/[22m[1mglobal-state-manager.test.ts[22m
[0m[7m[1m[32m PASS [39m[22m[27m[0m [0m[7m[37m unit [39m[27m[0m [2mtests/unit/lib/store/processors/[22m[1mmemory-processor.test.ts[22m
[0m[7m[1m[32m PASS [39m[22m[27m[0m [0m[7m[37m unit [39m[27m[0m [2mtests/unit/lib/store/[22m[1mconversation-context-processor.test.ts[22m
[0m[7m[1m[32m PASS [39m[22m[27m[0m [0m[7m[37m unit [39m[27m[0m [2mtests/unit/lib/store/processors/[22m[1mtool-call-filter.test.ts[22m
[0m[7m[1m[32m PASS [39m[22m[27m[0m [0m[7m[37m unit [39m[27m[0m [2mtests/unit/lib/mastra/network/[22m[1mmessage-utils.test.ts[22m
[0m[7m[1m[32m PASS [39m[22m[27m[0m [0m[7m[37m unit [39m[27m[0m [2mtests/unit/hooks/__tests__/[22m[1muse-view-persistence-simple.test.ts[22m
[0m[7m[1m[32m PASS [39m[22m[27m[0m [0m[7m[37m unit [39m[27m[0m [2mtests/unit/lib/store/processors/[22m[1mtoken-limiter.test.ts[22m
[33mA worker process has failed to exit gracefully and has been force exited. This is likely caused by tests leaking due to improper teardown. Try running with --detectOpenHandles to find leaks. Active timers can also cause this, ensure that .unref() was called on them.[39m

[1mSummary of all failing tests[22m
[0m[7m[1m[31m FAIL [39m[22m[27m[0m [2mtests/unit/lib/utils/[22m[1mdrawing-reliability.test.ts[22m ([0m[1m[41m12.34 s[49m[22m[0m)
[1m[31m  [1m● [22m[1mDrawing Reliability Tests › DrawingOperationQueue › should process operations sequentially[39m[22m

    TypeError: (0 , metrics_1.incrementMetric) is not a function
[2m[22m
[2m    [0m [90m 123 |[39m         error [22m
[2m     [90m 124 |[39m       })[33m;[39m[22m
[2m    [31m[1m>[22m[2m[39m[90m 125 |[39m       incrementMetric([32m'drawing_failed_total'[39m)[33m;[39m[22m
[2m     [90m     |[39m                      [31m[1m^[22m[2m[39m[22m
[2m     [90m 126 |[39m       [22m
[2m     [90m 127 |[39m       [36mconst[39m latencyMs [33m=[39m [33mDate[39m[33m.[39mnow() [33m-[39m startTime[33m;[39m[22m
[2m     [90m 128 |[39m       observeMetric([32m'drawing_operation_duration_ms'[39m[33m,[39m latencyMs)[33m;[39m[0m[22m
[2m[22m
[2m      [2mat DrawingOperationQueue.processQueue ([22m[2mlib/utils/drawing-queue.ts[2m:125:22)[22m[2m[22m

[1m[31m  [1m● [22m[1mDrawing Reliability Tests › DrawingOperationQueue › should process operations sequentially[39m[22m

    TypeError: (0 , metrics_1.incrementMetric) is not a function
[2m[22m
[2m    [0m [90m 123 |[39m         error [22m
[2m     [90m 124 |[39m       })[33m;[39m[22m
[2m    [31m[1m>[22m[2m[39m[90m 125 |[39m       incrementMetric([32m'drawing_failed_total'[39m)[33m;[39m[22m
[2m     [90m     |[39m                      [31m[1m^[22m[2m[39m[22m
[2m     [90m 126 |[39m       [22m
[2m     [90m 127 |[39m       [36mconst[39m latencyMs [33m=[39m [33mDate[39m[33m.[39mnow() [33m-[39m startTime[33m;[39m[22m
[2m     [90m 128 |[39m       observeMetric([32m'drawing_operation_duration_ms'[39m[33m,[39m latencyMs)[33m;[39m[0m[22m
[2m[22m
[2m      [2mat DrawingOperationQueue.processQueue ([22m[2mlib/utils/drawing-queue.ts[2m:125:22)[22m[2m[22m

[1m[31m  [1m● [22m[1mDrawing Reliability Tests › DrawingOperationQueue › should handle operation failures[39m[22m

    TypeError: (0 , metrics_1.incrementMetric) is not a function
[2m[22m
[2m    [0m [90m 123 |[39m         error [22m
[2m     [90m 124 |[39m       })[33m;[39m[22m
[2m    [31m[1m>[22m[2m[39m[90m 125 |[39m       incrementMetric([32m'drawing_failed_total'[39m)[33m;[39m[22m
[2m     [90m     |[39m                      [31m[1m^[22m[2m[39m[22m
[2m     [90m 126 |[39m       [22m
[2m     [90m 127 |[39m       [36mconst[39m latencyMs [33m=[39m [33mDate[39m[33m.[39mnow() [33m-[39m startTime[33m;[39m[22m
[2m     [90m 128 |[39m       observeMetric([32m'drawing_operation_duration_ms'[39m[33m,[39m latencyMs)[33m;[39m[0m[22m
[2m[22m
[2m      [2mat DrawingOperationQueue.processQueue ([22m[2mlib/utils/drawing-queue.ts[2m:125:22)[22m[2m[22m

[1m[31m  [1m● [22m[1mDrawing Reliability Tests › DrawingOperationQueue › should handle operation failures[39m[22m

    TypeError: (0 , metrics_1.incrementMetric) is not a function
[2m[22m
[2m    [0m [90m 123 |[39m         error [22m
[2m     [90m 124 |[39m       })[33m;[39m[22m
[2m    [31m[1m>[22m[2m[39m[90m 125 |[39m       incrementMetric([32m'drawing_failed_total'[39m)[33m;[39m[22m
[2m     [90m     |[39m                      [31m[1m^[22m[2m[39m[22m
[2m     [90m 126 |[39m       [22m
[2m     [90m 127 |[39m       [36mconst[39m latencyMs [33m=[39m [33mDate[39m[33m.[39mnow() [33m-[39m startTime[33m;[39m[22m
[2m     [90m 128 |[39m       observeMetric([32m'drawing_operation_duration_ms'[39m[33m,[39m latencyMs)[33m;[39m[0m[22m
[2m[22m
[2m      [2mat DrawingOperationQueue.processQueue ([22m[2mlib/utils/drawing-queue.ts[2m:125:22)[22m[2m[22m

[1m[31m  [1m● [22m[1mDrawing Reliability Tests › DrawingOperationQueue › should handle operation failures[39m[22m

    thrown: "Exceeded timeout of 10000 ms for a test.
    Add a timeout value to this test to increase the timeout, if this is a long-running test. See https://jestjs.io/docs/api#testname-fn-timeout."
[2m[22m
[2m    [0m [90m 47 |[39m     })[33m;[39m[22m
[2m     [90m 48 |[39m     [22m
[2m    [31m[1m>[22m[2m[39m[90m 49 |[39m     it([32m'should handle operation failures'[39m[33m,[39m [36masync[39m () [33m=>[39m {[22m
[2m     [90m    |[39m       [31m[1m^[22m[2m[39m[22m
[2m     [90m 50 |[39m       [36mconst[39m failingOp [33m=[39m () [33m=>[39m [33mPromise[39m[33m.[39mreject([36mnew[39m [33mError[39m([32m'Test error'[39m))[33m;[39m[22m
[2m     [90m 51 |[39m       [36mconst[39m successOp [33m=[39m () [33m=>[39m [33mPromise[39m[33m.[39mresolve([32m'success'[39m)[33m;[39m[22m
[2m     [90m 52 |[39m       [0m[22m
[2m[22m
[2m      [2mat [22m[2m[0m[36mtests/unit/lib/utils/drawing-reliability.test.ts[39m[0m[2m:49:7[22m[2m[22m
[2m      [2mat [22m[2m[0m[36mtests/unit/lib/utils/drawing-reliability.test.ts[39m[0m[2m:20:11[22m[2m[22m
[2m      [2mat Object.<anonymous> ([22m[2m[0m[36mtests/unit/lib/utils/drawing-reliability.test.ts[39m[0m[2m:19:9)[22m[2m[22m

[1m[31m  [1m● [22m[1mDrawing Reliability Tests › DrawingOperationQueue › should respect maxConcurrency[39m[22m

    TypeError: (0 , metrics_1.incrementMetric) is not a function
[2m[22m
[2m    [0m [90m 123 |[39m         error [22m
[2m     [90m 124 |[39m       })[33m;[39m[22m
[2m    [31m[1m>[22m[2m[39m[90m 125 |[39m       incrementMetric([32m'drawing_failed_total'[39m)[33m;[39m[22m
[2m     [90m     |[39m                      [31m[1m^[22m[2m[39m[22m
[2m     [90m 126 |[39m       [22m
[2m     [90m 127 |[39m       [36mconst[39m latencyMs [33m=[39m [33mDate[39m[33m.[39mnow() [33m-[39m startTime[33m;[39m[22m
[2m     [90m 128 |[39m       observeMetric([32m'drawing_operation_duration_ms'[39m[33m,[39m latencyMs)[33m;[39m[0m[22m
[2m[22m
[2m      [2mat DrawingOperationQueue.processQueue ([22m[2mlib/utils/drawing-queue.ts[2m:125:22)[22m[2m[22m

[1m[31m  [1m● [22m[1mDrawing Reliability Tests › DrawingOperationQueue › should respect maxConcurrency[39m[22m

    TypeError: (0 , metrics_1.incrementMetric) is not a function
[2m[22m
[2m    [0m [90m 123 |[39m         error [22m
[2m     [90m 124 |[39m       })[33m;[39m[22m
[2m    [31m[1m>[22m[2m[39m[90m 125 |[39m       incrementMetric([32m'drawing_failed_total'[39m)[33m;[39m[22m
[2m     [90m     |[39m                      [31m[1m^[22m[2m[39m[22m
[2m     [90m 126 |[39m       [22m
[2m     [90m 127 |[39m       [36mconst[39m latencyMs [33m=[39m [33mDate[39m[33m.[39mnow() [33m-[39m startTime[33m;[39m[22m
[2m     [90m 128 |[39m       observeMetric([32m'drawing_operation_duration_ms'[39m[33m,[39m latencyMs)[33m;[39m[0m[22m
[2m[22m
[2m      [2mat DrawingOperationQueue.processQueue ([22m[2mlib/utils/drawing-queue.ts[2m:125:22)[22m[2m[22m

[1m[31m  [1m● [22m[1mDrawing Reliability Tests › DrawingOperationQueue › should respect maxConcurrency[39m[22m

    TypeError: (0 , metrics_1.incrementMetric) is not a function
[2m[22m
[2m    [0m [90m 123 |[39m         error [22m
[2m     [90m 124 |[39m       })[33m;[39m[22m
[2m    [31m[1m>[22m[2m[39m[90m 125 |[39m       incrementMetric([32m'drawing_failed_total'[39m)[33m;[39m[22m
[2m     [90m     |[39m                      [31m[1m^[22m[2m[39m[22m
[2m     [90m 126 |[39m       [22m
[2m     [90m 127 |[39m       [36mconst[39m latencyMs [33m=[39m [33mDate[39m[33m.[39mnow() [33m-[39m startTime[33m;[39m[22m
[2m     [90m 128 |[39m       observeMetric([32m'drawing_operation_duration_ms'[39m[33m,[39m latencyMs)[33m;[39m[0m[22m
[2m[22m
[2m      [2mat DrawingOperationQueue.processQueue ([22m[2mlib/utils/drawing-queue.ts[2m:125:22)[22m[2m[22m

[1m[31m  [1m● [22m[1mDrawing Reliability Tests › DrawingOperationQueue › should respect maxConcurrency[39m[22m

    TypeError: (0 , metrics_1.incrementMetric) is not a function
[2m[22m
[2m    [0m [90m 123 |[39m         error [22m
[2m     [90m 124 |[39m       })[33m;[39m[22m
[2m    [31m[1m>[22m[2m[39m[90m 125 |[39m       incrementMetric([32m'drawing_failed_total'[39m)[33m;[39m[22m
[2m     [90m     |[39m                      [31m[1m^[22m[2m[39m[22m
[2m     [90m 126 |[39m       [22m
[2m     [90m 127 |[39m       [36mconst[39m latencyMs [33m=[39m [33mDate[39m[33m.[39mnow() [33m-[39m startTime[33m;[39m[22m
[2m     [90m 128 |[39m       observeMetric([32m'drawing_operation_duration_ms'[39m[33m,[39m latencyMs)[33m;[39m[0m[22m
[2m[22m
[2m      [2mat DrawingOperationQueue.processQueue ([22m[2mlib/utils/drawing-queue.ts[2m:125:22)[22m[2m[22m

[1m[31m  [1m● [22m[1mDrawing Reliability Tests › DrawingOperationQueue › should clear pending operations[39m[22m

    TypeError: (0 , metrics_1.incrementMetric) is not a function
[2m[22m
[2m    [0m [90m 123 |[39m         error [22m
[2m     [90m 124 |[39m       })[33m;[39m[22m
[2m    [31m[1m>[22m[2m[39m[90m 125 |[39m       incrementMetric([32m'drawing_failed_total'[39m)[33m;[39m[22m
[2m     [90m     |[39m                      [31m[1m^[22m[2m[39m[22m
[2m     [90m 126 |[39m       [22m
[2m     [90m 127 |[39m       [36mconst[39m latencyMs [33m=[39m [33mDate[39m[33m.[39mnow() [33m-[39m startTime[33m;[39m[22m
[2m     [90m 128 |[39m       observeMetric([32m'drawing_operation_duration_ms'[39m[33m,[39m latencyMs)[33m;[39m[0m[22m
[2m[22m
[2m      [2mat DrawingOperationQueue.processQueue ([22m[2mlib/utils/drawing-queue.ts[2m:125:22)[22m[2m[22m

[1m[31m  [1m● [22m[1mDrawing Reliability Tests › Async Drawing Store Integration › should handle drawing confirmation timeout[39m[22m

    TypeError: (0 , metrics_1.incrementMetric) is not a function
[2m[22m
[2m    [0m [90m 123 |[39m         error [22m
[2m     [90m 124 |[39m       })[33m;[39m[22m
[2m    [31m[1m>[22m[2m[39m[90m 125 |[39m       incrementMetric([32m'drawing_failed_total'[39m)[33m;[39m[22m
[2m     [90m     |[39m                      [31m[1m^[22m[2m[39m[22m
[2m     [90m 126 |[39m       [22m
[2m     [90m 127 |[39m       [36mconst[39m latencyMs [33m=[39m [33mDate[39m[33m.[39mnow() [33m-[39m startTime[33m;[39m[22m
[2m     [90m 128 |[39m       observeMetric([32m'drawing_operation_duration_ms'[39m[33m,[39m latencyMs)[33m;[39m[0m[22m
[2m[22m
[2m      [2mat DrawingOperationQueue.processQueue ([22m[2mlib/utils/drawing-queue.ts[2m:125:22)[22m[2m[22m

[0m[7m[1m[31m FAIL [39m[22m[27m[0m [2mlib/utils/__tests__/[22m[1mconcurrent.test.ts[22m ([0m[1m[41m10.358 s[49m[22m[0m)
[1m[31m  [1m● [22m[1mConcurrent Utilities › createDebouncedAsync › should debounce async function calls[39m[22m

    Operation cancelled
[2m[22m
[2m    [0m [90m 210 |[39m       [90m// Handle abort immediately[39m[22m
[2m     [90m 211 |[39m       signal[33m.[39maddEventListener([32m'abort'[39m[33m,[39m () [33m=>[39m {[22m
[2m    [31m[1m>[22m[2m[39m[90m 212 |[39m         reject([36mnew[39m [33mError[39m([32m'Operation cancelled'[39m))[33m;[39m[22m
[2m     [90m     |[39m                [31m[1m^[22m[2m[39m[22m
[2m     [90m 213 |[39m       })[33m;[39m[22m
[2m     [90m 214 |[39m       [22m
[2m     [90m 215 |[39m       timeoutId [33m=[39m setTimeout([36masync[39m () [33m=>[39m {[0m[22m
[2m[22m
[2m      [2mat AbortSignal.<anonymous> ([22m[2mlib/utils/concurrent.ts[2m:212:16)[22m[2m[22m
[2m      [2mat AbortSignal.callTheUserObjectsOperation ([22m[2mnode_modules/jsdom/lib/jsdom/living/generated/EventListener.js[2m:26:30)[22m[2m[22m
[2m      [2mat innerInvokeEventListeners ([22m[2mnode_modules/jsdom/lib/jsdom/living/events/EventTarget-impl.js[2m:350:25)[22m[2m[22m
[2m      [2mat invokeEventListeners ([22m[2mnode_modules/jsdom/lib/jsdom/living/events/EventTarget-impl.js[2m:286:3)[22m[2m[22m
[2m      [2mat AbortSignalImpl._dispatch ([22m[2mnode_modules/jsdom/lib/jsdom/living/events/EventTarget-impl.js[2m:233:9)[22m[2m[22m
[2m      [2mat fireAnEvent ([22m[2mnode_modules/jsdom/lib/jsdom/living/helpers/events.js[2m:18:36)[22m[2m[22m
[2m      [2mat AbortSignalImpl._runAbortStep ([22m[2mnode_modules/jsdom/lib/jsdom/living/aborting/AbortSignal-impl.js[2m:112:5)[22m[2m[22m
[2m      [2mat AbortSignalImpl._signalAbort ([22m[2mnode_modules/jsdom/lib/jsdom/living/aborting/AbortSignal-impl.js[2m:99:10)[22m[2m[22m
[2m      [2mat AbortControllerImpl.abort ([22m[2mnode_modules/jsdom/lib/jsdom/living/aborting/AbortController-impl.js[2m:11:17)[22m[2m[22m
[2m      [2mat AbortController.abort ([22m[2mnode_modules/jsdom/lib/jsdom/living/generated/AbortController.js[2m:112:34)[22m[2m[22m
[2m      [2mat execute ([22m[2mlib/utils/concurrent.ts[2m:191:25)[22m[2m[22m
[2m      [2mat Object.<anonymous> ([22m[2m[0m[36mlib/utils/__tests__/concurrent.test.ts[39m[0m[2m:191:24)[22m[2m[22m

[1m[31m  [1m● [22m[1mConcurrent Utilities › createDebouncedAsync › should debounce async function calls[39m[22m

    Operation cancelled
[2m[22m
[2m    [0m [90m 210 |[39m       [90m// Handle abort immediately[39m[22m
[2m     [90m 211 |[39m       signal[33m.[39maddEventListener([32m'abort'[39m[33m,[39m () [33m=>[39m {[22m
[2m    [31m[1m>[22m[2m[39m[90m 212 |[39m         reject([36mnew[39m [33mError[39m([32m'Operation cancelled'[39m))[33m;[39m[22m
[2m     [90m     |[39m                [31m[1m^[22m[2m[39m[22m
[2m     [90m 213 |[39m       })[33m;[39m[22m
[2m     [90m 214 |[39m       [22m
[2m     [90m 215 |[39m       timeoutId [33m=[39m setTimeout([36masync[39m () [33m=>[39m {[0m[22m
[2m[22m
[2m      [2mat AbortSignal.<anonymous> ([22m[2mlib/utils/concurrent.ts[2m:212:16)[22m[2m[22m
[2m      [2mat AbortSignal.callTheUserObjectsOperation ([22m[2mnode_modules/jsdom/lib/jsdom/living/generated/EventListener.js[2m:26:30)[22m[2m[22m
[2m      [2mat innerInvokeEventListeners ([22m[2mnode_modules/jsdom/lib/jsdom/living/events/EventTarget-impl.js[2m:350:25)[22m[2m[22m
[2m      [2mat invokeEventListeners ([22m[2mnode_modules/jsdom/lib/jsdom/living/events/EventTarget-impl.js[2m:286:3)[22m[2m[22m
[2m      [2mat AbortSignalImpl._dispatch ([22m[2mnode_modules/jsdom/lib/jsdom/living/events/EventTarget-impl.js[2m:233:9)[22m[2m[22m
[2m      [2mat fireAnEvent ([22m[2mnode_modules/jsdom/lib/jsdom/living/helpers/events.js[2m:18:36)[22m[2m[22m
[2m      [2mat AbortSignalImpl._runAbortStep ([22m[2mnode_modules/jsdom/lib/jsdom/living/aborting/AbortSignal-impl.js[2m:112:5)[22m[2m[22m
[2m      [2mat AbortSignalImpl._signalAbort ([22m[2mnode_modules/jsdom/lib/jsdom/living/aborting/AbortSignal-impl.js[2m:99:10)[22m[2m[22m
[2m      [2mat AbortControllerImpl.abort ([22m[2mnode_modules/jsdom/lib/jsdom/living/aborting/AbortController-impl.js[2m:11:17)[22m[2m[22m
[2m      [2mat AbortController.abort ([22m[2mnode_modules/jsdom/lib/jsdom/living/generated/AbortController.js[2m:112:34)[22m[2m[22m
[2m      [2mat execute ([22m[2mlib/utils/concurrent.ts[2m:191:25)[22m[2m[22m
[2m      [2mat Object.<anonymous> ([22m[2m[0m[36mlib/utils/__tests__/concurrent.test.ts[39m[0m[2m:192:24)[22m[2m[22m

[1m[31m  [1m● [22m[1mConcurrent Utilities › AsyncBatcher › should handle batch errors[39m[22m

    thrown: "Exceeded timeout of 10000 ms for a test.
    Add a timeout value to this test to increase the timeout, if this is a long-running test. See https://jestjs.io/docs/api#testname-fn-timeout."
[2m[22m
[2m    [0m [90m 334 |[39m     })[33m;[39m[22m
[2m     [90m 335 |[39m[22m
[2m    [31m[1m>[22m[2m[39m[90m 336 |[39m     it([32m'should handle batch errors'[39m[33m,[39m [36masync[39m () [33m=>[39m {[22m
[2m     [90m     |[39m       [31m[1m^[22m[2m[39m[22m
[2m     [90m 337 |[39m       [36mconst[39m batchFn [33m=[39m jest[33m.[39mfn([36masync[39m () [33m=>[39m {[22m
[2m     [90m 338 |[39m         [36mthrow[39m [36mnew[39m [33mError[39m([32m'Batch failed'[39m)[33m;[39m[22m
[2m     [90m 339 |[39m       })[33m;[39m[0m[22m
[2m[22m
[2m      [2mat [22m[2m[0m[36mlib/utils/__tests__/concurrent.test.ts[39m[0m[2m:336:7[22m[2m[22m
[2m      [2mat [22m[2m[0m[36mlib/utils/__tests__/concurrent.test.ts[39m[0m[2m:306:11[22m[2m[22m
[2m      [2mat Object.<anonymous> ([22m[2m[0m[36mlib/utils/__tests__/concurrent.test.ts[39m[0m[2m:16:9)[22m[2m[22m

[0m[7m[1m[31m FAIL [39m[22m[27m[0m [2mtests/unit/lib/mastra/agents/[22m[1mparallel-orchestrator.test.ts[22m
[1m[31m  [1m● [22m[1mParallel Orchestrator › Complex Query Detection › should detect complex queries based on length[39m[22m

    [2mexpect([22m[31mjest.fn()[39m[2m).[22mtoHaveBeenCalledWith[2m([22m[32m...expected[39m[2m)[22m

    Expected: [32mStringContaining "Detected complex query"[39m, [32mAny<Object>[39m
    Received
           1: [31m"[ParallelOrchestrator] Phase 1 complete"[39m, [2m{"confidence": 0.85, "correlationId": "1750656340049-h084olzni", "intent": "trading_analysis", "phase1Duration": 1}[22m
           2: [31m"[ParallelOrchestrator] Phase 2 complete"[39m, [2m{"correlationId": "1750656340049-h084olzni", "hasMarketData": false, "hasMemoryContext": true, "phase2Duration": 2}[22m
           3: [31m"[ParallelOrchestrator] Executing complex query"[39m, [2m{"correlationId": "1750656340049-h084olzni", "queryLength": 97, "requiredAgents": ["trading_analysis", "price_inquiry"]}[22m

    Number of calls: [31m4[39m
[2m[22m
[2m    [0m [90m 48 |[39m       [22m
[2m     [90m 49 |[39m       expect(result[33m.[39msuccess)[33m.[39mtoBe([36mtrue[39m)[33m;[39m[22m
[2m    [31m[1m>[22m[2m[39m[90m 50 |[39m       expect(logger[33m.[39minfo)[33m.[39mtoHaveBeenCalledWith([22m
[2m     [90m    |[39m                           [31m[1m^[22m[2m[39m[22m
[2m     [90m 51 |[39m         expect[33m.[39mstringContaining([32m'Detected complex query'[39m)[33m,[39m[22m
[2m     [90m 52 |[39m         expect[33m.[39many([33mObject[39m)[22m
[2m     [90m 53 |[39m       )[33m;[39m[0m[22m
[2m[22m
[2m      [2mat Object.<anonymous> ([22m[2m[0m[36mtests/unit/lib/mastra/agents/parallel-orchestrator.test.ts[39m[0m[2m:50:27)[22m[2m[22m

[1m[31m  [1m● [22m[1mParallel Orchestrator › Parallel Execution › should enforce timeout on parallel operations[39m[22m

    [2mexpect([22m[31mjest.fn()[39m[2m).[22mtoHaveBeenCalledWith[2m([22m[32m...expected[39m[2m)[22m

    Expected: [32mStringContaining "Operation timeout"[39m, [32mAny<Object>[39m
    Received: [31m"[ParallelOrchestrator] Market snapshot failed"[39m, [2m{"error": "Error: Snapshot failed"}[22m

    Number of calls: [31m1[39m
[2m[22m
[2m    [0m [90m 142 |[39m       [36mconst[39m result [33m=[39m [36mawait[39m slowOrchestrator[33m.[39mexecute([32m'Slow query'[39m[33m,[39m [32m'test-session'[39m)[33m;[39m[22m
[2m     [90m 143 |[39m       [22m
[2m    [31m[1m>[22m[2m[39m[90m 144 |[39m       expect(logger[33m.[39mwarn)[33m.[39mtoHaveBeenCalledWith([22m
[2m     [90m     |[39m                           [31m[1m^[22m[2m[39m[22m
[2m     [90m 145 |[39m         expect[33m.[39mstringContaining([32m'Operation timeout'[39m)[33m,[39m[22m
[2m     [90m 146 |[39m         expect[33m.[39many([33mObject[39m)[22m
[2m     [90m 147 |[39m       )[33m;[39m[0m[22m
[2m[22m
[2m      [2mat Object.<anonymous> ([22m[2m[0m[36mtests/unit/lib/mastra/agents/parallel-orchestrator.test.ts[39m[0m[2m:144:27)[22m[2m[22m

[1m[31m  [1m● [22m[1mParallel Orchestrator › Parallel Execution › should aggregate results from multiple agents correctly[39m[22m

    [2mexpect([22m[31mreceived[39m[2m).[22mtoContain[2m([22m[32mexpected[39m[2m) // indexOf[22m

    Expected substring: [32m"Price: $45,000"[39m
    Received string:    [31m"申し訳ございません。応答を生成できませんでした。"[39m
[2m[22m
[2m    [0m [90m 166 |[39m       [22m
[2m     [90m 167 |[39m       expect(result[33m.[39msuccess)[33m.[39mtoBe([36mtrue[39m)[33m;[39m[22m
[2m    [31m[1m>[22m[2m[39m[90m 168 |[39m       expect(result[33m.[39mexecutionResult[33m?[39m[33m.[39mresponse)[33m.[39mtoContain([32m'Price: $45,000'[39m)[33m;[39m[22m
[2m     [90m     |[39m                                                [31m[1m^[22m[2m[39m[22m
[2m     [90m 169 |[39m       expect(result[33m.[39mexecutionResult[33m?[39m[33m.[39mresponse)[33m.[39mtoContain([32m'Analysis: Bullish trend'[39m)[33m;[39m[22m
[2m     [90m 170 |[39m       expect(result[33m.[39mexecutionResult[33m?[39m[33m.[39mproposalGroup)[33m.[39mtoBeDefined()[33m;[39m[22m
[2m     [90m 171 |[39m       expect(result[33m.[39mexecutionResult[33m?[39m[33m.[39mtoolResults)[33m.[39mtoHaveLength([35m1[39m)[33m;[39m[0m[22m
[2m[22m
[2m      [2mat Object.<anonymous> ([22m[2m[0m[36mtests/unit/lib/mastra/agents/parallel-orchestrator.test.ts[39m[0m[2m:168:48)[22m[2m[22m

[1m[31m  [1m● [22m[1mParallel Orchestrator › Error Recovery › should recover from intent analysis failure[39m[22m

    Property `analyzeIntent` does not exist in the provided object
[2m[22m
[2m    [0m [90m 240 |[39m     it([32m'should recover from intent analysis failure'[39m[33m,[39m [36masync[39m () [33m=>[39m {[22m
[2m     [90m 241 |[39m       [90m// Mock analyzeIntent to throw[39m[22m
[2m    [31m[1m>[22m[2m[39m[90m 242 |[39m       jest[33m.[39mspyOn(global[33m,[39m [32m'analyzeIntent'[39m [36mas[39m any)[33m.[39mmockImplementation(() [33m=>[39m {[22m
[2m     [90m     |[39m            [31m[1m^[22m[2m[39m[22m
[2m     [90m 243 |[39m         [36mthrow[39m [36mnew[39m [33mError[39m([32m'Analysis failed'[39m)[33m;[39m[22m
[2m     [90m 244 |[39m       })[33m;[39m[22m
[2m     [90m 245 |[39m       [0m[22m
[2m[22m
[2m      [2mat ModuleMocker.spyOn ([22m[2mnode_modules/@jest/environment-jsdom-abstract/node_modules/jest-mock/build/index.js[2m:593:13)[22m[2m[22m
[2m      [2mat Object.<anonymous> ([22m[2m[0m[36mtests/unit/lib/mastra/agents/parallel-orchestrator.test.ts[39m[0m[2m:242:12)[22m[2m[22m

[1m[31m  [1m● [22m[1mParallel Orchestrator › Error Recovery › should handle complete execution failure gracefully[39m[22m

    [2mexpect([22m[31mreceived[39m[2m).[22mtoBeGreaterThan[2m([22m[32mexpected[39m[2m)[22m

    Expected: > [32m0[39m
    Received:   [31m0[39m
[2m[22m
[2m    [0m [90m 259 |[39m       [22m
[2m     [90m 260 |[39m       expect(result[33m.[39msuccess)[33m.[39mtoBe([36mfalse[39m)[33m;[39m[22m
[2m    [31m[1m>[22m[2m[39m[90m 261 |[39m       expect(result[33m.[39mexecutionTime)[33m.[39mtoBeGreaterThan([35m0[39m)[33m;[39m[22m
[2m     [90m     |[39m                                    [31m[1m^[22m[2m[39m[22m
[2m     [90m 262 |[39m     })[33m;[39m[22m
[2m     [90m 263 |[39m[22m
[2m     [90m 264 |[39m     it([32m'should continue with partial agent results on failure'[39m[33m,[39m [36masync[39m () [33m=>[39m {[0m[22m
[2m[22m
[2m      [2mat Object.<anonymous> ([22m[2m[0m[36mtests/unit/lib/mastra/agents/parallel-orchestrator.test.ts[39m[0m[2m:261:36)[22m[2m[22m

[1m[31m  [1m● [22m[1mParallel Orchestrator › Error Recovery › should continue with partial agent results on failure[39m[22m

    [2mexpect([22m[31mreceived[39m[2m).[22mtoContain[2m([22m[32mexpected[39m[2m) // indexOf[22m

    [1mMatcher error[22m: [31mreceived[39m value must not be null nor undefined

    Received has value: [31mundefined[39m
[2m[22m
[2m    [0m [90m 281 |[39m       [22m
[2m     [90m 282 |[39m       expect(result[33m.[39msuccess)[33m.[39mtoBe([36mtrue[39m)[33m;[39m[22m
[2m    [31m[1m>[22m[2m[39m[90m 283 |[39m       expect(result[33m.[39mexecutionResult[33m?[39m[33m.[39mresponse)[33m.[39mtoContain([32m'Success 1'[39m)[33m;[39m[22m
[2m     [90m     |[39m                                                [31m[1m^[22m[2m[39m[22m
[2m     [90m 284 |[39m       expect(result[33m.[39mexecutionResult[33m?[39m[33m.[39mresponse)[33m.[39mtoContain([32m'Success 3'[39m)[33m;[39m[22m
[2m     [90m 285 |[39m       expect(result[33m.[39mexecutionResult[33m?[39m[33m.[39mmetadata[33m?[39m[33m.[39msuccessfulAgents)[33m.[39mtoBe([35m2[39m)[33m;[39m[22m
[2m     [90m 286 |[39m     })[33m;[39m[0m[22m
[2m[22m
[2m      [2mat Object.<anonymous> ([22m[2m[0m[36mtests/unit/lib/mastra/agents/parallel-orchestrator.test.ts[39m[0m[2m:283:48)[22m[2m[22m

[0m[7m[1m[31m FAIL [39m[22m[27m[0m [2mtests/unit/lib/store/[22m[1menhanced-conversation-memory.store.test.ts[22m
[1m[31m  [1m● [22m[1mEnhancedConversationMemoryStore › Session Management › should create a session with default processors[39m[22m

    TypeError: Cannot read properties of undefined (reading 'sessions')
[2m[22m
[2m    [0m [90m 105 |[39m       [22m
[2m     [90m 106 |[39m       [36mconst[39m state [33m=[39m useEnhancedConversationMemory[33m.[39mgetState()[33m;[39m[22m
[2m    [31m[1m>[22m[2m[39m[90m 107 |[39m       expect(state[33m.[39msessions[sessionId])[33m.[39mtoBeDefined()[33m;[39m[22m
[2m     [90m     |[39m                    [31m[1m^[22m[2m[39m[22m
[2m     [90m 108 |[39m       expect(state[33m.[39msessions[sessionId][33m.[39mprocessors)[33m.[39mtoHaveLength([35m2[39m)[33m;[39m[22m
[2m     [90m 109 |[39m       expect(state[33m.[39mcurrentSessionId)[33m.[39mtoBe(sessionId)[33m;[39m[22m
[2m     [90m 110 |[39m     })[33m;[39m[0m[22m
[2m[22m
[2m      [2mat Object.<anonymous> ([22m[2m[0m[36mtests/unit/lib/store/enhanced-conversation-memory.store.test.ts[39m[0m[2m:107:20)[22m[2m[22m

[1m[31m  [1m● [22m[1mEnhancedConversationMemoryStore › Session Management › should create a session with custom processors[39m[22m

    TypeError: Cannot read properties of undefined (reading 'createSession')
[2m[22m
[2m    [0m [90m 114 |[39m       [36mconst[39m customProcessors [33m=[39m [[36mnew[39m [33mTokenLimiter[39m([35m50000[39m)][33m;[39m[22m
[2m     [90m 115 |[39m       [22m
[2m    [31m[1m>[22m[2m[39m[90m 116 |[39m       [36mconst[39m sessionId [33m=[39m [36mawait[39m store[33m.[39mcreateSession([32m'custom-session'[39m[33m,[39m customProcessors)[33m;[39m[22m
[2m     [90m     |[39m                                     [31m[1m^[22m[2m[39m[22m
[2m     [90m 117 |[39m       [22m
[2m     [90m 118 |[39m       [36mconst[39m state [33m=[39m useEnhancedConversationMemory[33m.[39mgetState()[33m;[39m[22m
[2m     [90m 119 |[39m       expect(state[33m.[39msessions[sessionId])[33m.[39mtoBeDefined()[33m;[39m[0m[22m
[2m[22m
[2m      [2mat Object.<anonymous> ([22m[2m[0m[36mtests/unit/lib/store/enhanced-conversation-memory.store.test.ts[39m[0m[2m:116:37)[22m[2m[22m

[1m[31m  [1m● [22m[1mEnhancedConversationMemoryStore › Session Management › should create session in database when DB is enabled[39m[22m

    TypeError: Cannot read properties of undefined (reading 'createSession')
[2m[22m
[2m    [0m [90m 135 |[39m       [36mconst[39m store [33m=[39m useEnhancedConversationMemory[33m.[39mgetState()[33m;[39m[22m
[2m     [90m 136 |[39m       [22m
[2m    [31m[1m>[22m[2m[39m[90m 137 |[39m       [36mconst[39m sessionId [33m=[39m [36mawait[39m store[33m.[39mcreateSession()[33m;[39m[22m
[2m     [90m     |[39m                                     [31m[1m^[22m[2m[39m[22m
[2m     [90m 138 |[39m       expect([33mChatDatabaseService[39m[33m.[39mcreateSession)[33m.[39mtoHaveBeenCalled()[33m;[39m[22m
[2m     [90m 139 |[39m       expect(prisma[33m.[39mconversationSession[33m.[39mupdate)[33m.[39mtoHaveBeenCalledWith({[22m
[2m     [90m 140 |[39m         where[33m:[39m { id[33m:[39m mockDbSession[33m.[39mid }[33m,[39m[0m[22m
[2m[22m
[2m      [2mat Object.<anonymous> ([22m[2m[0m[36mtests/unit/lib/store/enhanced-conversation-memory.store.test.ts[39m[0m[2m:137:37)[22m[2m[22m

[1m[31m  [1m● [22m[1mEnhancedConversationMemoryStore › Session Management › should fallback to local storage when DB creation fails[39m[22m

    TypeError: Cannot read properties of undefined (reading 'createSession')
[2m[22m
[2m    [0m [90m 151 |[39m       [36mconst[39m store [33m=[39m useEnhancedConversationMemory[33m.[39mgetState()[33m;[39m[22m
[2m     [90m 152 |[39m       [22m
[2m    [31m[1m>[22m[2m[39m[90m 153 |[39m       [36mconst[39m sessionId [33m=[39m [36mawait[39m store[33m.[39mcreateSession()[33m;[39m[22m
[2m     [90m     |[39m                                     [31m[1m^[22m[2m[39m[22m
[2m     [90m 154 |[39m       expect(sessionId)[33m.[39mtoMatch([35m/^session-\d+$/[39m)[33m;[39m[22m
[2m     [90m 155 |[39m       [22m
[2m     [90m 156 |[39m       [36mconst[39m state [33m=[39m useEnhancedConversationMemory[33m.[39mgetState()[33m;[39m[0m[22m
[2m[22m
[2m      [2mat Object.<anonymous> ([22m[2m[0m[36mtests/unit/lib/store/enhanced-conversation-memory.store.test.ts[39m[0m[2m:153:37)[22m[2m[22m

[1m[31m  [1m● [22m[1mEnhancedConversationMemoryStore › Session Management › should clear session messages[39m[22m

    TypeError: Cannot read properties of undefined (reading 'createSession')
[2m[22m
[2m    [0m [90m 165 |[39m       [36mconst[39m store [33m=[39m useEnhancedConversationMemory[33m.[39mgetState()[33m;[39m[22m
[2m     [90m 166 |[39m       [22m
[2m    [31m[1m>[22m[2m[39m[90m 167 |[39m       [36mconst[39m sessionId [33m=[39m [36mawait[39m store[33m.[39mcreateSession()[33m;[39m[22m
[2m     [90m     |[39m                                     [31m[1m^[22m[2m[39m[22m
[2m     [90m 168 |[39m       [36mawait[39m store[33m.[39maddMessage({[22m
[2m     [90m 169 |[39m         sessionId[33m,[39m[22m
[2m     [90m 170 |[39m         role[33m:[39m [32m'user'[39m[33m,[39m[0m[22m
[2m[22m
[2m      [2mat Object.<anonymous> ([22m[2m[0m[36mtests/unit/lib/store/enhanced-conversation-memory.store.test.ts[39m[0m[2m:167:37)[22m[2m[22m

[1m[31m  [1m● [22m[1mEnhancedConversationMemoryStore › Message Management › should add a message to session[39m[22m

    TypeError: Cannot read properties of undefined (reading 'createSession')
[2m[22m
[2m    [0m [90m 185 |[39m       [36mconst[39m store [33m=[39m useEnhancedConversationMemory[33m.[39mgetState()[33m;[39m[22m
[2m     [90m 186 |[39m       [22m
[2m    [31m[1m>[22m[2m[39m[90m 187 |[39m       [36mconst[39m sessionId [33m=[39m [36mawait[39m store[33m.[39mcreateSession()[33m;[39m[22m
[2m     [90m     |[39m                                     [31m[1m^[22m[2m[39m[22m
[2m     [90m 188 |[39m       [36mawait[39m store[33m.[39maddMessage({[22m
[2m     [90m 189 |[39m         sessionId[33m,[39m[22m
[2m     [90m 190 |[39m         role[33m:[39m [32m'user'[39m[33m,[39m[0m[22m
[2m[22m
[2m      [2mat Object.<anonymous> ([22m[2m[0m[36mtests/unit/lib/store/enhanced-conversation-memory.store.test.ts[39m[0m[2m:187:37)[22m[2m[22m

[1m[31m  [1m● [22m[1mEnhancedConversationMemoryStore › Message Management › should estimate token count for messages[39m[22m

    TypeError: Cannot read properties of undefined (reading 'createSession')
[2m[22m
[2m    [0m [90m 204 |[39m       [36mconst[39m store [33m=[39m useEnhancedConversationMemory[33m.[39mgetState()[33m;[39m[22m
[2m     [90m 205 |[39m       [22m
[2m    [31m[1m>[22m[2m[39m[90m 206 |[39m       [36mconst[39m sessionId [33m=[39m [36mawait[39m store[33m.[39mcreateSession()[33m;[39m[22m
[2m     [90m     |[39m                                     [31m[1m^[22m[2m[39m[22m
[2m     [90m 207 |[39m       [36mawait[39m store[33m.[39maddMessage({[22m
[2m     [90m 208 |[39m         sessionId[33m,[39m[22m
[2m     [90m 209 |[39m         role[33m:[39m [32m'user'[39m[33m,[39m[0m[22m
[2m[22m
[2m      [2mat Object.<anonymous> ([22m[2m[0m[36mtests/unit/lib/store/enhanced-conversation-memory.store.test.ts[39m[0m[2m:206:37)[22m[2m[22m

[1m[31m  [1m● [22m[1mEnhancedConversationMemoryStore › Message Management › should archive old messages when exceeding limit[39m[22m

    TypeError: Cannot read properties of undefined (reading 'createSession')
[2m[22m
[2m    [0m [90m 222 |[39m       [36mconst[39m store [33m=[39m useEnhancedConversationMemory[33m.[39mgetState()[33m;[39m[22m
[2m     [90m 223 |[39m       [22m
[2m    [31m[1m>[22m[2m[39m[90m 224 |[39m       [36mconst[39m sessionId [33m=[39m [36mawait[39m store[33m.[39mcreateSession()[33m;[39m[22m
[2m     [90m     |[39m                                     [31m[1m^[22m[2m[39m[22m
[2m     [90m 225 |[39m       [22m
[2m     [90m 226 |[39m       [90m// Add exactly MAX_MESSAGES_IN_MEMORY messages first[39m[22m
[2m     [90m 227 |[39m       [36mfor[39m ([36mlet[39m i [33m=[39m [35m0[39m[33m;[39m i [33m<[39m [33mMAX_MESSAGES_IN_MEMORY[39m[33m;[39m i[33m++[39m) {[0m[22m
[2m[22m
[2m      [2mat Object.<anonymous> ([22m[2m[0m[36mtests/unit/lib/store/enhanced-conversation-memory.store.test.ts[39m[0m[2m:224:37)[22m[2m[22m

[1m[31m  [1m● [22m[1mEnhancedConversationMemoryStore › Message Management › should save message to database when enabled[39m[22m

    TypeError: Cannot read properties of undefined (reading 'createSession')
[2m[22m
[2m    [0m [90m 279 |[39m       [36mconst[39m store [33m=[39m useEnhancedConversationMemory[33m.[39mgetState()[33m;[39m[22m
[2m     [90m 280 |[39m       [22m
[2m    [31m[1m>[22m[2m[39m[90m 281 |[39m       [36mconst[39m sessionId [33m=[39m [36mawait[39m store[33m.[39mcreateSession()[33m;[39m[22m
[2m     [90m     |[39m                                     [31m[1m^[22m[2m[39m[22m
[2m     [90m 282 |[39m       [36mawait[39m store[33m.[39maddMessage({[22m
[2m     [90m 283 |[39m         sessionId[33m,[39m[22m
[2m     [90m 284 |[39m         role[33m:[39m [32m'user'[39m[33m,[39m[0m[22m
[2m[22m
[2m      [2mat Object.<anonymous> ([22m[2m[0m[36mtests/unit/lib/store/enhanced-conversation-memory.store.test.ts[39m[0m[2m:281:37)[22m[2m[22m

[1m[31m  [1m● [22m[1mEnhancedConversationMemoryStore › Message Management › should update message metadata[39m[22m

    TypeError: Cannot read properties of undefined (reading 'createSession')
[2m[22m
[2m    [0m [90m 298 |[39m       [36mconst[39m store [33m=[39m useEnhancedConversationMemory[33m.[39mgetState()[33m;[39m[22m
[2m     [90m 299 |[39m       [22m
[2m    [31m[1m>[22m[2m[39m[90m 300 |[39m       [36mconst[39m sessionId [33m=[39m [36mawait[39m store[33m.[39mcreateSession()[33m;[39m[22m
[2m     [90m     |[39m                                     [31m[1m^[22m[2m[39m[22m
[2m     [90m 301 |[39m       [36mawait[39m store[33m.[39maddMessage({[22m
[2m     [90m 302 |[39m         sessionId[33m,[39m[22m
[2m     [90m 303 |[39m         role[33m:[39m [32m'user'[39m[33m,[39m[0m[22m
[2m[22m
[2m      [2mat Object.<anonymous> ([22m[2m[0m[36mtests/unit/lib/store/enhanced-conversation-memory.store.test.ts[39m[0m[2m:300:37)[22m[2m[22m

[1m[31m  [1m● [22m[1mEnhancedConversationMemoryStore › Message Management › should create session automatically when adding message to non-existent session[39m[22m

    TypeError: Cannot read properties of undefined (reading 'addMessage')
[2m[22m
[2m    [0m [90m 321 |[39m       [36mconst[39m store [33m=[39m useEnhancedConversationMemory[33m.[39mgetState()[33m;[39m[22m
[2m     [90m 322 |[39m       [22m
[2m    [31m[1m>[22m[2m[39m[90m 323 |[39m       [36mawait[39m store[33m.[39maddMessage({[22m
[2m     [90m     |[39m                   [31m[1m^[22m[2m[39m[22m
[2m     [90m 324 |[39m         sessionId[33m:[39m [32m'auto-created-session'[39m[33m,[39m[22m
[2m     [90m 325 |[39m         role[33m:[39m [32m'user'[39m[33m,[39m[22m
[2m     [90m 326 |[39m         content[33m:[39m [32m'Test auto-creation'[39m[33m,[39m[0m[22m
[2m[22m
[2m      [2mat Object.<anonymous> ([22m[2m[0m[36mtests/unit/lib/store/enhanced-conversation-memory.store.test.ts[39m[0m[2m:323:19)[22m[2m[22m

[1m[31m  [1m● [22m[1mEnhancedConversationMemoryStore › Message Management › should handle message metadata with agent ID[39m[22m

    TypeError: Cannot read properties of undefined (reading 'createSession')
[2m[22m
[2m    [0m [90m 339 |[39m       [36mconst[39m store [33m=[39m useEnhancedConversationMemory[33m.[39mgetState()[33m;[39m[22m
[2m     [90m 340 |[39m       [22m
[2m    [31m[1m>[22m[2m[39m[90m 341 |[39m       [36mconst[39m sessionId [33m=[39m [36mawait[39m store[33m.[39mcreateSession()[33m;[39m[22m
[2m     [90m     |[39m                                     [31m[1m^[22m[2m[39m[22m
[2m     [90m 342 |[39m       [36mawait[39m store[33m.[39maddMessage({[22m
[2m     [90m 343 |[39m         sessionId[33m,[39m[22m
[2m     [90m 344 |[39m         role[33m:[39m [32m'assistant'[39m[33m,[39m[0m[22m
[2m[22m
[2m      [2mat Object.<anonymous> ([22m[2m[0m[36mtests/unit/lib/store/enhanced-conversation-memory.store.test.ts[39m[0m[2m:341:37)[22m[2m[22m

[1m[31m  [1m● [22m[1mEnhancedConversationMemoryStore › Message Processing › should apply processors to messages[39m[22m

    TypeError: Cannot read properties of undefined (reading 'createSession')
[2m[22m
[2m    [0m [90m 362 |[39m       [36mconst[39m store [33m=[39m useEnhancedConversationMemory[33m.[39mgetState()[33m;[39m[22m
[2m     [90m 363 |[39m       [22m
[2m    [31m[1m>[22m[2m[39m[90m 364 |[39m       [36mconst[39m sessionId [33m=[39m [36mawait[39m store[33m.[39mcreateSession()[33m;[39m[22m
[2m     [90m     |[39m                                     [31m[1m^[22m[2m[39m[22m
[2m     [90m 365 |[39m       [22m
[2m     [90m 366 |[39m       [90m// Add multiple messages[39m[22m
[2m     [90m 367 |[39m       [36mfor[39m ([36mlet[39m i [33m=[39m [35m0[39m[33m;[39m i [33m<[39m [35m10[39m[33m;[39m i[33m++[39m) {[0m[22m
[2m[22m
[2m      [2mat Object.<anonymous> ([22m[2m[0m[36mtests/unit/lib/store/enhanced-conversation-memory.store.test.ts[39m[0m[2m:364:37)[22m[2m[22m

[1m[31m  [1m● [22m[1mEnhancedConversationMemoryStore › Message Processing › should cache processed messages[39m[22m

    TypeError: Cannot read properties of undefined (reading 'createSession')
[2m[22m
[2m    [0m [90m 387 |[39m       [36mconst[39m store [33m=[39m useEnhancedConversationMemory[33m.[39mgetState()[33m;[39m[22m
[2m     [90m 388 |[39m       [22m
[2m    [31m[1m>[22m[2m[39m[90m 389 |[39m       [36mconst[39m sessionId [33m=[39m [36mawait[39m store[33m.[39mcreateSession()[33m;[39m[22m
[2m     [90m     |[39m                                     [31m[1m^[22m[2m[39m[22m
[2m     [90m 390 |[39m       [22m
[2m     [90m 391 |[39m       [90m// Add messages[39m[22m
[2m     [90m 392 |[39m       [36mfor[39m ([36mlet[39m i [33m=[39m [35m0[39m[33m;[39m i [33m<[39m [35m5[39m[33m;[39m i[33m++[39m) {[0m[22m
[2m[22m
[2m      [2mat Object.<anonymous> ([22m[2m[0m[36mtests/unit/lib/store/enhanced-conversation-memory.store.test.ts[39m[0m[2m:389:37)[22m[2m[22m

[1m[31m  [1m● [22m[1mEnhancedConversationMemoryStore › Message Processing › should invalidate cache when messages change[39m[22m

    TypeError: Cannot read properties of undefined (reading 'createSession')
[2m[22m
[2m    [0m [90m 413 |[39m       [36mconst[39m store [33m=[39m useEnhancedConversationMemory[33m.[39mgetState()[33m;[39m[22m
[2m     [90m 414 |[39m       [22m
[2m    [31m[1m>[22m[2m[39m[90m 415 |[39m       [36mconst[39m sessionId [33m=[39m [36mawait[39m store[33m.[39mcreateSession()[33m;[39m[22m
[2m     [90m     |[39m                                     [31m[1m^[22m[2m[39m[22m
[2m     [90m 416 |[39m       [22m
[2m     [90m 417 |[39m       [36mawait[39m store[33m.[39maddMessage({[22m
[2m     [90m 418 |[39m         sessionId[33m,[39m[0m[22m
[2m[22m
[2m      [2mat Object.<anonymous> ([22m[2m[0m[36mtests/unit/lib/store/enhanced-conversation-memory.store.test.ts[39m[0m[2m:415:37)[22m[2m[22m

[1m[31m  [1m● [22m[1mEnhancedConversationMemoryStore › Message Processing › should get session context with summary[39m[22m

    TypeError: Cannot read properties of undefined (reading 'createSession')
[2m[22m
[2m    [0m [90m 440 |[39m       [36mconst[39m store [33m=[39m useEnhancedConversationMemory[33m.[39mgetState()[33m;[39m[22m
[2m     [90m 441 |[39m       [22m
[2m    [31m[1m>[22m[2m[39m[90m 442 |[39m       [36mconst[39m sessionId [33m=[39m [36mawait[39m store[33m.[39mcreateSession()[33m;[39m[22m
[2m     [90m     |[39m                                     [31m[1m^[22m[2m[39m[22m
[2m     [90m 443 |[39m       [22m
[2m     [90m 444 |[39m       [90m// Add messages[39m[22m
[2m     [90m 445 |[39m       [36mawait[39m store[33m.[39maddMessage({[0m[22m
[2m[22m
[2m      [2mat Object.<anonymous> ([22m[2m[0m[36mtests/unit/lib/store/enhanced-conversation-memory.store.test.ts[39m[0m[2m:442:37)[22m[2m[22m

[1m[31m  [1m● [22m[1mEnhancedConversationMemoryStore › Processor Management › should add and remove processors[39m[22m

    TypeError: Cannot read properties of undefined (reading 'createSession')
[2m[22m
[2m    [0m [90m 468 |[39m       [36mconst[39m store [33m=[39m useEnhancedConversationMemory[33m.[39mgetState()[33m;[39m[22m
[2m     [90m 469 |[39m       [22m
[2m    [31m[1m>[22m[2m[39m[90m 470 |[39m       [36mconst[39m sessionId [33m=[39m [36mawait[39m store[33m.[39mcreateSession()[33m;[39m[22m
[2m     [90m     |[39m                                     [31m[1m^[22m[2m[39m[22m
[2m     [90m 471 |[39m       [36mlet[39m state [33m=[39m useEnhancedConversationMemory[33m.[39mgetState()[33m;[39m[22m
[2m     [90m 472 |[39m       [36mconst[39m session [33m=[39m state[33m.[39msessions[sessionId][33m;[39m[22m
[2m     [90m 473 |[39m       [0m[22m
[2m[22m
[2m      [2mat Object.<anonymous> ([22m[2m[0m[36mtests/unit/lib/store/enhanced-conversation-memory.store.test.ts[39m[0m[2m:470:37)[22m[2m[22m

[1m[31m  [1m● [22m[1mEnhancedConversationMemoryStore › Processor Management › should update default processors[39m[22m

    TypeError: Cannot read properties of undefined (reading 'setDefaultProcessors')
[2m[22m
[2m    [0m [90m 491 |[39m       [22m
[2m     [90m 492 |[39m       [36mconst[39m newProcessors [33m=[39m [[36mnew[39m [33mTokenLimiter[39m([35m5000[39m)[33m,[39m [36mnew[39m [33mToolCallFilter[39m()][33m;[39m[22m
[2m    [31m[1m>[22m[2m[39m[90m 493 |[39m       store[33m.[39msetDefaultProcessors(newProcessors)[33m;[39m[22m
[2m     [90m     |[39m             [31m[1m^[22m[2m[39m[22m
[2m     [90m 494 |[39m       [22m
[2m     [90m 495 |[39m       [36mconst[39m sessionId [33m=[39m [36mawait[39m store[33m.[39mcreateSession()[33m;[39m[22m
[2m     [90m 496 |[39m       [36mconst[39m state [33m=[39m useEnhancedConversationMemory[33m.[39mgetState()[33m;[39m[0m[22m
[2m[22m
[2m      [2mat Object.<anonymous> ([22m[2m[0m[36mtests/unit/lib/store/enhanced-conversation-memory.store.test.ts[39m[0m[2m:493:13)[22m[2m[22m

[1m[31m  [1m● [22m[1mEnhancedConversationMemoryStore › Processor Management › should get memory statistics[39m[22m

    TypeError: Cannot read properties of undefined (reading 'createSession')
[2m[22m
[2m    [0m [90m 502 |[39m       [36mconst[39m store [33m=[39m useEnhancedConversationMemory[33m.[39mgetState()[33m;[39m[22m
[2m     [90m 503 |[39m       [22m
[2m    [31m[1m>[22m[2m[39m[90m 504 |[39m       [36mconst[39m sessionId [33m=[39m [36mawait[39m store[33m.[39mcreateSession()[33m;[39m[22m
[2m     [90m     |[39m                                     [31m[1m^[22m[2m[39m[22m
[2m     [90m 505 |[39m       [22m
[2m     [90m 506 |[39m       [90m// Add messages[39m[22m
[2m     [90m 507 |[39m       [36mfor[39m ([36mlet[39m i [33m=[39m [35m0[39m[33m;[39m i [33m<[39m [35m5[39m[33m;[39m i[33m++[39m) {[0m[22m
[2m[22m
[2m      [2mat Object.<anonymous> ([22m[2m[0m[36mtests/unit/lib/store/enhanced-conversation-memory.store.test.ts[39m[0m[2m:504:37)[22m[2m[22m

[1m[31m  [1m● [22m[1mEnhancedConversationMemoryStore › Search and Filter › should search messages by content[39m[22m

    TypeError: Cannot read properties of undefined (reading 'createSession')
[2m[22m
[2m    [0m [90m 525 |[39m       [36mconst[39m store [33m=[39m useEnhancedConversationMemory[33m.[39mgetState()[33m;[39m[22m
[2m     [90m 526 |[39m       [22m
[2m    [31m[1m>[22m[2m[39m[90m 527 |[39m       [36mconst[39m sessionId [33m=[39m [36mawait[39m store[33m.[39mcreateSession()[33m;[39m[22m
[2m     [90m     |[39m                                     [31m[1m^[22m[2m[39m[22m
[2m     [90m 528 |[39m       [22m
[2m     [90m 529 |[39m       [36mawait[39m store[33m.[39maddMessage({[22m
[2m     [90m 530 |[39m         sessionId[33m,[39m[0m[22m
[2m[22m
[2m      [2mat Object.<anonymous> ([22m[2m[0m[36mtests/unit/lib/store/enhanced-conversation-memory.store.test.ts[39m[0m[2m:527:37)[22m[2m[22m

[1m[31m  [1m● [22m[1mEnhancedConversationMemoryStore › Search and Filter › should search messages by metadata[39m[22m

    TypeError: Cannot read properties of undefined (reading 'createSession')
[2m[22m
[2m    [0m [90m 551 |[39m       [36mconst[39m store [33m=[39m useEnhancedConversationMemory[33m.[39mgetState()[33m;[39m[22m
[2m     [90m 552 |[39m       [22m
[2m    [31m[1m>[22m[2m[39m[90m 553 |[39m       [36mconst[39m sessionId [33m=[39m [36mawait[39m store[33m.[39mcreateSession()[33m;[39m[22m
[2m     [90m     |[39m                                     [31m[1m^[22m[2m[39m[22m
[2m     [90m 554 |[39m       [22m
[2m     [90m 555 |[39m       [36mawait[39m store[33m.[39maddMessage({[22m
[2m     [90m 556 |[39m         sessionId[33m,[39m[0m[22m
[2m[22m
[2m      [2mat Object.<anonymous> ([22m[2m[0m[36mtests/unit/lib/store/enhanced-conversation-memory.store.test.ts[39m[0m[2m:553:37)[22m[2m[22m

[1m[31m  [1m● [22m[1mEnhancedConversationMemoryStore › Search and Filter › should search across multiple sessions[39m[22m

    TypeError: Cannot read properties of undefined (reading 'disableDbSync')
[2m[22m
[2m    [0m [90m 580 |[39m       [22m
[2m     [90m 581 |[39m       [90m// Disable DB to ensure messages stay in memory[39m[22m
[2m    [31m[1m>[22m[2m[39m[90m 582 |[39m       store[33m.[39mdisableDbSync()[33m;[39m[22m
[2m     [90m     |[39m             [31m[1m^[22m[2m[39m[22m
[2m     [90m 583 |[39m       [22m
[2m     [90m 584 |[39m       [90m// Create multiple sessions with different topics[39m[22m
[2m     [90m 585 |[39m       [36mconst[39m session1 [33m=[39m [36mawait[39m store[33m.[39mcreateSession([32m'search-session-1'[39m)[33m;[39m[0m[22m
[2m[22m
[2m      [2mat Object.<anonymous> ([22m[2m[0m[36mtests/unit/lib/store/enhanced-conversation-memory.store.test.ts[39m[0m[2m:582:13)[22m[2m[22m

[1m[31m  [1m● [22m[1mEnhancedConversationMemoryStore › Database Sync › should enable database sync[39m[22m

    TypeError: Cannot read properties of undefined (reading 'disableDbSync')
[2m[22m
[2m    [0m [90m 639 |[39m       [36mconst[39m store [33m=[39m useEnhancedConversationMemory[33m.[39mgetState()[33m;[39m[22m
[2m     [90m 640 |[39m       [22m
[2m    [31m[1m>[22m[2m[39m[90m 641 |[39m       store[33m.[39mdisableDbSync()[33m;[39m[22m
[2m     [90m     |[39m             [31m[1m^[22m[2m[39m[22m
[2m     [90m 642 |[39m       [36mconst[39m state1 [33m=[39m useEnhancedConversationMemory[33m.[39mgetState()[33m;[39m[22m
[2m     [90m 643 |[39m       expect(state1[33m.[39misDbEnabled)[33m.[39mtoBe([36mfalse[39m)[33m;[39m[22m
[2m     [90m 644 |[39m       [0m[22m
[2m[22m
[2m      [2mat Object.<anonymous> ([22m[2m[0m[36mtests/unit/lib/store/enhanced-conversation-memory.store.test.ts[39m[0m[2m:641:13)[22m[2m[22m

[1m[31m  [1m● [22m[1mEnhancedConversationMemoryStore › Database Sync › should enable DB sync and migrate existing sessions[39m[22m

    TypeError: Cannot read properties of undefined (reading 'disableDbSync')
[2m[22m
[2m    [0m [90m 660 |[39m       [22m
[2m     [90m 661 |[39m       [90m// Disable DB sync initially[39m[22m
[2m    [31m[1m>[22m[2m[39m[90m 662 |[39m       store[33m.[39mdisableDbSync()[33m;[39m[22m
[2m     [90m     |[39m             [31m[1m^[22m[2m[39m[22m
[2m     [90m 663 |[39m       [22m
[2m     [90m 664 |[39m       [90m// Create session and add messages[39m[22m
[2m     [90m 665 |[39m       [36mconst[39m sessionId [33m=[39m [36mawait[39m store[33m.[39mcreateSession()[33m;[39m[0m[22m
[2m[22m
[2m      [2mat Object.<anonymous> ([22m[2m[0m[36mtests/unit/lib/store/enhanced-conversation-memory.store.test.ts[39m[0m[2m:662:13)[22m[2m[22m

[1m[31m  [1m● [22m[1mEnhancedConversationMemoryStore › Database Sync › should handle errors during DB sync migration[39m[22m

    TypeError: Cannot read properties of undefined (reading 'disableDbSync')
[2m[22m
[2m    [0m [90m 683 |[39m       [36mconst[39m store [33m=[39m useEnhancedConversationMemory[33m.[39mgetState()[33m;[39m[22m
[2m     [90m 684 |[39m       [22m
[2m    [31m[1m>[22m[2m[39m[90m 685 |[39m       store[33m.[39mdisableDbSync()[33m;[39m[22m
[2m     [90m     |[39m             [31m[1m^[22m[2m[39m[22m
[2m     [90m 686 |[39m       [36mconst[39m sessionId [33m=[39m [36mawait[39m store[33m.[39mcreateSession()[33m;[39m[22m
[2m     [90m 687 |[39m       [36mawait[39m store[33m.[39maddMessage({[22m
[2m     [90m 688 |[39m         sessionId[33m,[39m[0m[22m
[2m[22m
[2m      [2mat Object.<anonymous> ([22m[2m[0m[36mtests/unit/lib/store/enhanced-conversation-memory.store.test.ts[39m[0m[2m:685:13)[22m[2m[22m

[1m[31m  [1m● [22m[1mEnhancedConversationMemoryStore › Database Sync › should sync with database[39m[22m

    TypeError: Cannot read properties of undefined (reading 'createSession')
[2m[22m
[2m    [0m [90m 713 |[39m       [36mconst[39m store [33m=[39m useEnhancedConversationMemory[33m.[39mgetState()[33m;[39m[22m
[2m     [90m 714 |[39m       [22m
[2m    [31m[1m>[22m[2m[39m[90m 715 |[39m       [36mconst[39m sessionId [33m=[39m [36mawait[39m store[33m.[39mcreateSession()[33m;[39m[22m
[2m     [90m     |[39m                                     [31m[1m^[22m[2m[39m[22m
[2m     [90m 716 |[39m       [36mawait[39m store[33m.[39maddMessage({[22m
[2m     [90m 717 |[39m         sessionId[33m,[39m[22m
[2m     [90m 718 |[39m         role[33m:[39m [32m'user'[39m[33m,[39m[0m[22m
[2m[22m
[2m      [2mat Object.<anonymous> ([22m[2m[0m[36mtests/unit/lib/store/enhanced-conversation-memory.store.test.ts[39m[0m[2m:715:37)[22m[2m[22m

[1m[31m  [1m● [22m[1mEnhancedConversationMemoryStore › Database Sync › should handle sync failures gracefully[39m[22m

    TypeError: Cannot read properties of undefined (reading 'createSession')
[2m[22m
[2m    [0m [90m 732 |[39m       [36mconst[39m store [33m=[39m useEnhancedConversationMemory[33m.[39mgetState()[33m;[39m[22m
[2m     [90m 733 |[39m       [22m
[2m    [31m[1m>[22m[2m[39m[90m 734 |[39m       [36mconst[39m sessionId [33m=[39m [36mawait[39m store[33m.[39mcreateSession()[33m;[39m[22m
[2m     [90m     |[39m                                     [31m[1m^[22m[2m[39m[22m
[2m     [90m 735 |[39m       [36mawait[39m store[33m.[39msyncWithDatabase()[33m;[39m[22m
[2m     [90m 736 |[39m       [22m
[2m     [90m 737 |[39m       expect(logger[33m.[39merror)[33m.[39mtoHaveBeenCalledWith([0m[22m
[2m[22m
[2m      [2mat Object.<anonymous> ([22m[2m[0m[36mtests/unit/lib/store/enhanced-conversation-memory.store.test.ts[39m[0m[2m:734:37)[22m[2m[22m

[1m[31m  [1m● [22m[1mEnhancedConversationMemoryStore › Database Sync › should load sessions from database[39m[22m

    TypeError: Cannot read properties of undefined (reading 'loadFromDatabase')
[2m[22m
[2m    [0m [90m 766 |[39m       [36mconst[39m store [33m=[39m useEnhancedConversationMemory[33m.[39mgetState()[33m;[39m[22m
[2m     [90m 767 |[39m       [22m
[2m    [31m[1m>[22m[2m[39m[90m 768 |[39m       [36mawait[39m store[33m.[39mloadFromDatabase()[33m;[39m[22m
[2m     [90m     |[39m                   [31m[1m^[22m[2m[39m[22m
[2m     [90m 769 |[39m       [22m
[2m     [90m 770 |[39m       [36mconst[39m state [33m=[39m useEnhancedConversationMemory[33m.[39mgetState()[33m;[39m[22m
[2m     [90m 771 |[39m       expect(state[33m.[39msessions[[32m'db-session-1'[39m])[33m.[39mtoBeDefined()[33m;[39m[0m[22m
[2m[22m
[2m      [2mat Object.<anonymous> ([22m[2m[0m[36mtests/unit/lib/store/enhanced-conversation-memory.store.test.ts[39m[0m[2m:768:19)[22m[2m[22m

[1m[31m  [1m● [22m[1mEnhancedConversationMemoryStore › Database Sync › should load sessions with processor metadata[39m[22m

    TypeError: Cannot read properties of undefined (reading 'loadFromDatabase')
[2m[22m
[2m    [0m [90m 797 |[39m       [36mconst[39m store [33m=[39m useEnhancedConversationMemory[33m.[39mgetState()[33m;[39m[22m
[2m     [90m 798 |[39m       [22m
[2m    [31m[1m>[22m[2m[39m[90m 799 |[39m       [36mawait[39m store[33m.[39mloadFromDatabase()[33m;[39m[22m
[2m     [90m     |[39m                   [31m[1m^[22m[2m[39m[22m
[2m     [90m 800 |[39m       [22m
[2m     [90m 801 |[39m       [36mconst[39m state [33m=[39m useEnhancedConversationMemory[33m.[39mgetState()[33m;[39m[22m
[2m     [90m 802 |[39m       [36mconst[39m session [33m=[39m state[33m.[39msessions[[32m'db-session-2'[39m][33m;[39m[0m[22m
[2m[22m
[2m      [2mat Object.<anonymous> ([22m[2m[0m[36mtests/unit/lib/store/enhanced-conversation-memory.store.test.ts[39m[0m[2m:799:19)[22m[2m[22m

[1m[31m  [1m● [22m[1mEnhancedConversationMemoryStore › Database Sync › should skip loading when DB is disabled[39m[22m

    TypeError: Cannot read properties of undefined (reading 'disableDbSync')
[2m[22m
[2m    [0m [90m 809 |[39m       [36mconst[39m store [33m=[39m useEnhancedConversationMemory[33m.[39mgetState()[33m;[39m[22m
[2m     [90m 810 |[39m       [22m
[2m    [31m[1m>[22m[2m[39m[90m 811 |[39m       store[33m.[39mdisableDbSync()[33m;[39m[22m
[2m     [90m     |[39m             [31m[1m^[22m[2m[39m[22m
[2m     [90m 812 |[39m       [36mawait[39m store[33m.[39mloadFromDatabase()[33m;[39m[22m
[2m     [90m 813 |[39m       [22m
[2m     [90m 814 |[39m       expect([33mChatDatabaseService[39m[33m.[39mgetUserSessions)[33m.[39mnot[33m.[39mtoHaveBeenCalled()[33m;[39m[0m[22m
[2m[22m
[2m      [2mat Object.<anonymous> ([22m[2m[0m[36mtests/unit/lib/store/enhanced-conversation-memory.store.test.ts[39m[0m[2m:811:13)[22m[2m[22m

[1m[31m  [1m● [22m[1mEnhancedConversationMemoryStore › Database Sync › should handle database errors gracefully[39m[22m

    TypeError: Cannot read properties of undefined (reading 'loadFromDatabase')
[2m[22m
[2m    [0m [90m 820 |[39m       [36mconst[39m store [33m=[39m useEnhancedConversationMemory[33m.[39mgetState()[33m;[39m[22m
[2m     [90m 821 |[39m       [22m
[2m    [31m[1m>[22m[2m[39m[90m 822 |[39m       [36mawait[39m store[33m.[39mloadFromDatabase()[33m;[39m[22m
[2m     [90m     |[39m                   [31m[1m^[22m[2m[39m[22m
[2m     [90m 823 |[39m       [22m
[2m     [90m 824 |[39m       expect(logger[33m.[39merror)[33m.[39mtoHaveBeenCalledWith([22m
[2m     [90m 825 |[39m         [32m'[EnhancedConversationMemory] Failed to load from database'[39m[33m,[39m[0m[22m
[2m[22m
[2m      [2mat Object.<anonymous> ([22m[2m[0m[36mtests/unit/lib/store/enhanced-conversation-memory.store.test.ts[39m[0m[2m:822:19)[22m[2m[22m

[1m[31m  [1m● [22m[1mEnhancedConversationMemoryStore › Archive Functions › should archive old messages[39m[22m

    TypeError: Cannot read properties of undefined (reading 'createSession')
[2m[22m
[2m    [0m [90m 833 |[39m       [36mconst[39m store [33m=[39m useEnhancedConversationMemory[33m.[39mgetState()[33m;[39m[22m
[2m     [90m 834 |[39m       [22m
[2m    [31m[1m>[22m[2m[39m[90m 835 |[39m       [36mconst[39m sessionId [33m=[39m [36mawait[39m store[33m.[39mcreateSession()[33m;[39m[22m
[2m     [90m     |[39m                                     [31m[1m^[22m[2m[39m[22m
[2m     [90m 836 |[39m       [22m
[2m     [90m 837 |[39m       [90m// Add many messages[39m[22m
[2m     [90m 838 |[39m       [36mfor[39m ([36mlet[39m i [33m=[39m [35m0[39m[33m;[39m i [33m<[39m [33mMAX_MESSAGES_IN_MEMORY[39m [33m+[39m [35m10[39m[33m;[39m i[33m++[39m) {[0m[22m
[2m[22m
[2m      [2mat Object.<anonymous> ([22m[2m[0m[36mtests/unit/lib/store/enhanced-conversation-memory.store.test.ts[39m[0m[2m:835:37)[22m[2m[22m

[1m[31m  [1m● [22m[1mEnhancedConversationMemoryStore › Archive Functions › should not archive when messages are within limit[39m[22m

    TypeError: Cannot read properties of undefined (reading 'createSession')
[2m[22m
[2m    [0m [90m 855 |[39m       [36mconst[39m store [33m=[39m useEnhancedConversationMemory[33m.[39mgetState()[33m;[39m[22m
[2m     [90m 856 |[39m       [22m
[2m    [31m[1m>[22m[2m[39m[90m 857 |[39m       [36mconst[39m sessionId [33m=[39m [36mawait[39m store[33m.[39mcreateSession()[33m;[39m[22m
[2m     [90m     |[39m                                     [31m[1m^[22m[2m[39m[22m
[2m     [90m 858 |[39m       [22m
[2m     [90m 859 |[39m       [90m// Add messages within limit[39m[22m
[2m     [90m 860 |[39m       [36mfor[39m ([36mlet[39m i [33m=[39m [35m0[39m[33m;[39m i [33m<[39m [35m5[39m[33m;[39m i[33m++[39m) {[0m[22m
[2m[22m
[2m      [2mat Object.<anonymous> ([22m[2m[0m[36mtests/unit/lib/store/enhanced-conversation-memory.store.test.ts[39m[0m[2m:857:37)[22m[2m[22m

[1m[31m  [1m● [22m[1mEnhancedConversationMemoryStore › Archive Functions › should retrieve archived messages from database[39m[22m

    TypeError: Cannot read properties of undefined (reading 'getArchivedMessages')
[2m[22m
[2m    [0m [90m 895 |[39m       [36mconst[39m store [33m=[39m useEnhancedConversationMemory[33m.[39mgetState()[33m;[39m[22m
[2m     [90m 896 |[39m       [22m
[2m    [31m[1m>[22m[2m[39m[90m 897 |[39m       [36mconst[39m messages [33m=[39m [36mawait[39m store[33m.[39mgetArchivedMessages[33m![39m([32m'test-session'[39m)[33m;[39m[22m
[2m     [90m     |[39m                                    [31m[1m^[22m[2m[39m[22m
[2m     [90m 898 |[39m       expect(messages)[33m.[39mtoHaveLength([35m2[39m)[33m;[39m[22m
[2m     [90m 899 |[39m       expect(messages[[35m0[39m][33m.[39mcontent)[33m.[39mtoBe([32m'Archived message 1'[39m)[33m;[39m[22m
[2m     [90m 900 |[39m     })[33m;[39m[0m[22m
[2m[22m
[2m      [2mat Object.<anonymous> ([22m[2m[0m[36mtests/unit/lib/store/enhanced-conversation-memory.store.test.ts[39m[0m[2m:897:36)[22m[2m[22m

[1m[31m  [1m● [22m[1mEnhancedConversationMemoryStore › Archive Functions › should fallback to memory when DB is disabled[39m[22m

    TypeError: Cannot read properties of undefined (reading 'disableDbSync')
[2m[22m
[2m    [0m [90m 903 |[39m       [36mconst[39m store [33m=[39m useEnhancedConversationMemory[33m.[39mgetState()[33m;[39m[22m
[2m     [90m 904 |[39m       [22m
[2m    [31m[1m>[22m[2m[39m[90m 905 |[39m       store[33m.[39mdisableDbSync()[33m;[39m[22m
[2m     [90m     |[39m             [31m[1m^[22m[2m[39m[22m
[2m     [90m 906 |[39m       [22m
[2m     [90m 907 |[39m       [36mconst[39m sessionId [33m=[39m [36mawait[39m store[33m.[39mcreateSession()[33m;[39m[22m
[2m     [90m 908 |[39m       [36mawait[39m store[33m.[39maddMessage({[0m[22m
[2m[22m
[2m      [2mat Object.<anonymous> ([22m[2m[0m[36mtests/unit/lib/store/enhanced-conversation-memory.store.test.ts[39m[0m[2m:905:13)[22m[2m[22m

[1m[31m  [1m● [22m[1mEnhancedConversationMemoryStore › Archive Functions › should handle DB error and fallback to memory cache[39m[22m

    TypeError: Cannot read properties of undefined (reading 'createSession')
[2m[22m
[2m    [0m [90m 922 |[39m       [36mconst[39m store [33m=[39m useEnhancedConversationMemory[33m.[39mgetState()[33m;[39m[22m
[2m     [90m 923 |[39m       [22m
[2m    [31m[1m>[22m[2m[39m[90m 924 |[39m       [36mconst[39m sessionId [33m=[39m [36mawait[39m store[33m.[39mcreateSession()[33m;[39m[22m
[2m     [90m     |[39m                                     [31m[1m^[22m[2m[39m[22m
[2m     [90m 925 |[39m       [36mawait[39m store[33m.[39maddMessage({[22m
[2m     [90m 926 |[39m         sessionId[33m,[39m[22m
[2m     [90m 927 |[39m         role[33m:[39m [32m'user'[39m[33m,[39m[0m[22m
[2m[22m
[2m      [2mat Object.<anonymous> ([22m[2m[0m[36mtests/unit/lib/store/enhanced-conversation-memory.store.test.ts[39m[0m[2m:924:37)[22m[2m[22m

[1m[31m  [1m● [22m[1mEnhancedConversationMemoryStore › Archive Functions › should throw error in production when DB fails with no cache[39m[22m

    TypeError: Cannot read properties of undefined (reading 'getArchivedMessages')
[2m[22m
[2m    [0m [90m 944 |[39m       [36mconst[39m store [33m=[39m useEnhancedConversationMemory[33m.[39mgetState()[33m;[39m[22m
[2m     [90m 945 |[39m       [22m
[2m    [31m[1m>[22m[2m[39m[90m 946 |[39m       [36mawait[39m expect(store[33m.[39mgetArchivedMessages[33m![39m([32m'no-session'[39m))[33m.[39mrejects[33m.[39mtoThrow([22m
[2m     [90m     |[39m                          [31m[1m^[22m[2m[39m[22m
[2m     [90m 947 |[39m         [32m'Failed to retrieve archived messages'[39m[22m
[2m     [90m 948 |[39m       )[33m;[39m[22m
[2m     [90m 949 |[39m       [0m[22m
[2m[22m
[2m      [2mat Object.<anonymous> ([22m[2m[0m[36mtests/unit/lib/store/enhanced-conversation-memory.store.test.ts[39m[0m[2m:946:26)[22m[2m[22m

[1m[31m  [1m● [22m[1mEnhancedConversationMemoryStore › Utility Functions › should create enhanced session with custom options[39m[22m

    TypeError: Cannot read properties of undefined (reading 'createSession')
[2m[22m
[2m    [0m [90m 940 |[39m   }[22m
[2m     [90m 941 |[39m   [22m
[2m    [31m[1m>[22m[2m[39m[90m 942 |[39m   [36mreturn[39m useEnhancedConversationMemory[33m.[39mgetState()[33m.[39mcreateSession(sessionId[33m,[39m processors)[33m;[39m[22m
[2m     [90m     |[39m                                                  [31m[1m^[22m[2m[39m[22m
[2m     [90m 943 |[39m }[22m
[2m     [90m 944 |[39m[22m
[2m     [90m 945 |[39m [36mexport[39m [36mfunction[39m addToolCallMessage([0m[22m
[2m[22m
[2m      [2mat createEnhancedSession ([22m[2mlib/store/enhanced-conversation-memory.store.ts[2m:942:50)[22m[2m[22m
[2m      [2mat Object.<anonymous> ([22m[2m[0m[36mtests/unit/lib/store/enhanced-conversation-memory.store.test.ts[39m[0m[2m:964:52)[22m[2m[22m

[1m[31m  [1m● [22m[1mEnhancedConversationMemoryStore › Utility Functions › should create enhanced session with default processors when no options[39m[22m

    TypeError: Cannot read properties of undefined (reading 'createSession')
[2m[22m
[2m    [0m [90m 940 |[39m   }[22m
[2m     [90m 941 |[39m   [22m
[2m    [31m[1m>[22m[2m[39m[90m 942 |[39m   [36mreturn[39m useEnhancedConversationMemory[33m.[39mgetState()[33m.[39mcreateSession(sessionId[33m,[39m processors)[33m;[39m[22m
[2m     [90m     |[39m                                                  [31m[1m^[22m[2m[39m[22m
[2m     [90m 943 |[39m }[22m
[2m     [90m 944 |[39m[22m
[2m     [90m 945 |[39m [36mexport[39m [36mfunction[39m addToolCallMessage([0m[22m
[2m[22m
[2m      [2mat createEnhancedSession ([22m[2mlib/store/enhanced-conversation-memory.store.ts[2m:942:50)[22m[2m[22m
[2m      [2mat Object.<anonymous> ([22m[2m[0m[36mtests/unit/lib/store/enhanced-conversation-memory.store.test.ts[39m[0m[2m:979:52)[22m[2m[22m

[1m[31m  [1m● [22m[1mEnhancedConversationMemoryStore › Utility Functions › should create enhanced session with only token limiter[39m[22m

    TypeError: Cannot read properties of undefined (reading 'createSession')
[2m[22m
[2m    [0m [90m 940 |[39m   }[22m
[2m     [90m 941 |[39m   [22m
[2m    [31m[1m>[22m[2m[39m[90m 942 |[39m   [36mreturn[39m useEnhancedConversationMemory[33m.[39mgetState()[33m.[39mcreateSession(sessionId[33m,[39m processors)[33m;[39m[22m
[2m     [90m     |[39m                                                  [31m[1m^[22m[2m[39m[22m
[2m     [90m 943 |[39m }[22m
[2m     [90m 944 |[39m[22m
[2m     [90m 945 |[39m [36mexport[39m [36mfunction[39m addToolCallMessage([0m[22m
[2m[22m
[2m      [2mat createEnhancedSession ([22m[2mlib/store/enhanced-conversation-memory.store.ts[2m:942:50)[22m[2m[22m
[2m      [2mat Object.<anonymous> ([22m[2m[0m[36mtests/unit/lib/store/enhanced-conversation-memory.store.test.ts[39m[0m[2m:990:52)[22m[2m[22m

[1m[31m  [1m● [22m[1mEnhancedConversationMemoryStore › Utility Functions › should add tool call message[39m[22m

    TypeError: Cannot read properties of undefined (reading 'createSession')
[2m[22m
[2m    [0m [90m 1002 |[39m       [36mconst[39m store [33m=[39m useEnhancedConversationMemory[33m.[39mgetState()[33m;[39m[22m
[2m     [90m 1003 |[39m       [22m
[2m    [31m[1m>[22m[2m[39m[90m 1004 |[39m       [36mconst[39m sessionId [33m=[39m [36mawait[39m store[33m.[39mcreateSession()[33m;[39m[22m
[2m     [90m      |[39m                                     [31m[1m^[22m[2m[39m[22m
[2m     [90m 1005 |[39m       [22m
[2m     [90m 1006 |[39m       [36mawait[39m addToolCallMessage([22m
[2m     [90m 1007 |[39m         sessionId[33m,[39m[0m[22m
[2m[22m
[2m      [2mat Object.<anonymous> ([22m[2m[0m[36mtests/unit/lib/store/enhanced-conversation-memory.store.test.ts[39m[0m[2m:1004:37)[22m[2m[22m

[1m[31m  [1m● [22m[1mEnhancedConversationMemoryStore › Edge Cases and Error Handling › should handle non-existent session gracefully[39m[22m

    TypeError: Cannot read properties of undefined (reading 'getProcessedMessages')
[2m[22m
[2m    [0m [90m 1024 |[39m       [36mconst[39m store [33m=[39m useEnhancedConversationMemory[33m.[39mgetState()[33m;[39m[22m
[2m     [90m 1025 |[39m       [22m
[2m    [31m[1m>[22m[2m[39m[90m 1026 |[39m       [36mconst[39m messages [33m=[39m store[33m.[39mgetProcessedMessages([32m'non-existent'[39m)[33m;[39m[22m
[2m     [90m      |[39m                              [31m[1m^[22m[2m[39m[22m
[2m     [90m 1027 |[39m       expect(messages)[33m.[39mtoEqual([])[33m;[39m[22m
[2m     [90m 1028 |[39m       [22m
[2m     [90m 1029 |[39m       [36mconst[39m context [33m=[39m store[33m.[39mgetSessionContext([32m'non-existent'[39m)[33m;[39m[0m[22m
[2m[22m
[2m      [2mat Object.<anonymous> ([22m[2m[0m[36mtests/unit/lib/store/enhanced-conversation-memory.store.test.ts[39m[0m[2m:1026:30)[22m[2m[22m

[1m[31m  [1m● [22m[1mEnhancedConversationMemoryStore › Edge Cases and Error Handling › should handle invalid processor gracefully[39m[22m

    TypeError: Cannot read properties of undefined (reading 'createSession')
[2m[22m
[2m    [0m [90m 1037 |[39m       [36mconst[39m store [33m=[39m useEnhancedConversationMemory[33m.[39mgetState()[33m;[39m[22m
[2m     [90m 1038 |[39m       [22m
[2m    [31m[1m>[22m[2m[39m[90m 1039 |[39m       [36mconst[39m sessionId [33m=[39m [36mawait[39m store[33m.[39mcreateSession()[33m;[39m[22m
[2m     [90m      |[39m                                     [31m[1m^[22m[2m[39m[22m
[2m     [90m 1040 |[39m       [22m
[2m     [90m 1041 |[39m       [90m// Add a processor that throws[39m[22m
[2m     [90m 1042 |[39m       [36mconst[39m faultyProcessor [33m=[39m {[0m[22m
[2m[22m
[2m      [2mat Object.<anonymous> ([22m[2m[0m[36mtests/unit/lib/store/enhanced-conversation-memory.store.test.ts[39m[0m[2m:1039:37)[22m[2m[22m

[1m[31m  [1m● [22m[1mEnhancedConversationMemoryStore › Edge Cases and Error Handling › should handle concurrent message additions[39m[22m

    TypeError: Cannot read properties of undefined (reading 'createSession')
[2m[22m
[2m    [0m [90m 1067 |[39m       [36mconst[39m store [33m=[39m useEnhancedConversationMemory[33m.[39mgetState()[33m;[39m[22m
[2m     [90m 1068 |[39m       [22m
[2m    [31m[1m>[22m[2m[39m[90m 1069 |[39m       [36mconst[39m sessionId [33m=[39m [36mawait[39m store[33m.[39mcreateSession()[33m;[39m[22m
[2m     [90m      |[39m                                     [31m[1m^[22m[2m[39m[22m
[2m     [90m 1070 |[39m       [22m
[2m     [90m 1071 |[39m       [90m// Add messages concurrently[39m[22m
[2m     [90m 1072 |[39m       [36mawait[39m [33mPromise[39m[33m.[39mall([[0m[22m
[2m[22m
[2m      [2mat Object.<anonymous> ([22m[2m[0m[36mtests/unit/lib/store/enhanced-conversation-memory.store.test.ts[39m[0m[2m:1069:37)[22m[2m[22m

[1m[31m  [1m● [22m[1mEnhancedConversationMemoryStore › Edge Cases and Error Handling › should handle production environment warning for system user[39m[22m

    TypeError: Cannot read properties of undefined (reading 'createSession')
[2m[22m
[2m    [0m [90m 1099 |[39m       [36mconst[39m store [33m=[39m useEnhancedConversationMemory[33m.[39mgetState()[33m;[39m[22m
[2m     [90m 1100 |[39m       [22m
[2m    [31m[1m>[22m[2m[39m[90m 1101 |[39m       [36mconst[39m sessionId [33m=[39m [36mawait[39m store[33m.[39mcreateSession()[33m;[39m[22m
[2m     [90m      |[39m                                     [31m[1m^[22m[2m[39m[22m
[2m     [90m 1102 |[39m       [36mawait[39m store[33m.[39maddMessage({[22m
[2m     [90m 1103 |[39m         sessionId[33m,[39m[22m
[2m     [90m 1104 |[39m         role[33m:[39m [32m'user'[39m[33m,[39m[0m[22m
[2m[22m
[2m      [2mat Object.<anonymous> ([22m[2m[0m[36mtests/unit/lib/store/enhanced-conversation-memory.store.test.ts[39m[0m[2m:1101:37)[22m[2m[22m

[1m[31m  [1m● [22m[1mEnhancedConversationMemoryStore › Persistence and Migration › should handle SSR environment without localStorage[39m[22m

    [2mexpect([22m[31mreceived[39m[2m).[22mtoBeDefined[2m()[22m

    Received: [31mundefined[39m
[2m[22m
[2m    [0m [90m 1124 |[39m       [90m// This should not throw[39m[22m
[2m     [90m 1125 |[39m       [36mconst[39m store [33m=[39m useEnhancedConversationMemory[33m.[39mgetState()[33m;[39m[22m
[2m    [31m[1m>[22m[2m[39m[90m 1126 |[39m       expect(store)[33m.[39mtoBeDefined()[33m;[39m[22m
[2m     [90m      |[39m                     [31m[1m^[22m[2m[39m[22m
[2m     [90m 1127 |[39m       [22m
[2m     [90m 1128 |[39m       global[33m.[39mwindow [33m=[39m originalWindow[33m;[39m[22m
[2m     [90m 1129 |[39m     })[33m;[39m[0m[22m
[2m[22m
[2m      [2mat Object.<anonymous> ([22m[2m[0m[36mtests/unit/lib/store/enhanced-conversation-memory.store.test.ts[39m[0m[2m:1126:21)[22m[2m[22m

[1m[31m  [1m● [22m[1mEnhancedConversationMemoryStore › State Management Edge Cases › should handle clearing processedMessages cache correctly[39m[22m

    TypeError: Cannot read properties of undefined (reading 'createSession')
[2m[22m
[2m    [0m [90m 1134 |[39m       [36mconst[39m store [33m=[39m useEnhancedConversationMemory[33m.[39mgetState()[33m;[39m[22m
[2m     [90m 1135 |[39m       [22m
[2m    [31m[1m>[22m[2m[39m[90m 1136 |[39m       [36mconst[39m sessionId [33m=[39m [36mawait[39m store[33m.[39mcreateSession()[33m;[39m[22m
[2m     [90m      |[39m                                     [31m[1m^[22m[2m[39m[22m
[2m     [90m 1137 |[39m       [22m
[2m     [90m 1138 |[39m       [90m// Add messages[39m[22m
[2m     [90m 1139 |[39m       [36mfor[39m ([36mlet[39m i [33m=[39m [35m0[39m[33m;[39m i [33m<[39m [35m5[39m[33m;[39m i[33m++[39m) {[0m[22m
[2m[22m
[2m      [2mat Object.<anonymous> ([22m[2m[0m[36mtests/unit/lib/store/enhanced-conversation-memory.store.test.ts[39m[0m[2m:1136:37)[22m[2m[22m

[1m[31m  [1m● [22m[1mEnhancedConversationMemoryStore › State Management Edge Cases › should handle missing session in updateMessageMetadata[39m[22m

    TypeError: Cannot read properties of undefined (reading 'updateMessageMetadata')
[2m[22m
[2m    [0m [90m 1168 |[39m       [22m
[2m     [90m 1169 |[39m       [90m// Try to update metadata for non-existent message[39m[22m
[2m    [31m[1m>[22m[2m[39m[90m 1170 |[39m       [36mawait[39m store[33m.[39mupdateMessageMetadata([32m'non-existent-msg'[39m[33m,[39m { test[33m:[39m [36mtrue[39m })[33m;[39m[22m
[2m     [90m      |[39m                   [31m[1m^[22m[2m[39m[22m
[2m     [90m 1171 |[39m       [22m
[2m     [90m 1172 |[39m       [90m// Should not throw but will still log the attempt[39m[22m
[2m     [90m 1173 |[39m       expect(logger[33m.[39minfo)[33m.[39mtoHaveBeenCalledWith([0m[22m
[2m[22m
[2m      [2mat Object.<anonymous> ([22m[2m[0m[36mtests/unit/lib/store/enhanced-conversation-memory.store.test.ts[39m[0m[2m:1170:19)[22m[2m[22m

[1m[31m  [1m● [22m[1mEnhancedConversationMemoryStore › State Management Edge Cases › should handle session not found in archiveOldMessages[39m[22m

    TypeError: Cannot read properties of undefined (reading 'archiveOldMessages')
[2m[22m
[2m    [0m [90m 1190 |[39m       [22m
[2m     [90m 1191 |[39m       [90m// Try to archive for non-existent session[39m[22m
[2m    [31m[1m>[22m[2m[39m[90m 1192 |[39m       [36mawait[39m store[33m.[39marchiveOldMessages[33m![39m([32m'non-existent-session'[39m)[33m;[39m[22m
[2m     [90m      |[39m                   [31m[1m^[22m[2m[39m[22m
[2m     [90m 1193 |[39m       [22m
[2m     [90m 1194 |[39m       [90m// Should not throw[39m[22m
[2m     [90m 1195 |[39m       expect([36mtrue[39m)[33m.[39mtoBe([36mtrue[39m)[33m;[39m[0m[22m
[2m[22m
[2m      [2mat Object.<anonymous> ([22m[2m[0m[36mtests/unit/lib/store/enhanced-conversation-memory.store.test.ts[39m[0m[2m:1192:19)[22m[2m[22m

[1m[31m  [1m● [22m[1mEnhancedConversationMemoryStore › State Management Edge Cases › should return empty array when getArchivedMessages called with no session[39m[22m

    TypeError: Cannot read properties of undefined (reading 'disableDbSync')
[2m[22m
[2m    [0m [90m 1198 |[39m     it([32m'should return empty array when getArchivedMessages called with no session'[39m[33m,[39m [36masync[39m () [33m=>[39m {[22m
[2m     [90m 1199 |[39m       [36mconst[39m store [33m=[39m useEnhancedConversationMemory[33m.[39mgetState()[33m;[39m[22m
[2m    [31m[1m>[22m[2m[39m[90m 1200 |[39m       store[33m.[39mdisableDbSync()[33m;[39m[22m
[2m     [90m      |[39m             [31m[1m^[22m[2m[39m[22m
[2m     [90m 1201 |[39m       [22m
[2m     [90m 1202 |[39m       [36mconst[39m messages [33m=[39m [36mawait[39m store[33m.[39mgetArchivedMessages[33m![39m([32m'non-existent'[39m)[33m;[39m[22m
[2m     [90m 1203 |[39m       expect(messages)[33m.[39mtoEqual([])[33m;[39m[0m[22m
[2m[22m
[2m      [2mat Object.<anonymous> ([22m[2m[0m[36mtests/unit/lib/store/enhanced-conversation-memory.store.test.ts[39m[0m[2m:1200:13)[22m[2m[22m

[1m[31m  [1m● [22m[1mEnhancedConversationMemoryStore › State Management Edge Cases › should throw error when DB disabled and no messages in production[39m[22m

    TypeError: Cannot read properties of undefined (reading 'disableDbSync')
[2m[22m
[2m    [0m [90m 1209 |[39m       [22m
[2m     [90m 1210 |[39m       [36mconst[39m store [33m=[39m useEnhancedConversationMemory[33m.[39mgetState()[33m;[39m[22m
[2m    [31m[1m>[22m[2m[39m[90m 1211 |[39m       store[33m.[39mdisableDbSync()[33m;[39m[22m
[2m     [90m      |[39m             [31m[1m^[22m[2m[39m[22m
[2m     [90m 1212 |[39m       [22m
[2m     [90m 1213 |[39m       [36mawait[39m expect(store[33m.[39mgetArchivedMessages[33m![39m([32m'no-session'[39m))[33m.[39mrejects[33m.[39mtoThrow([22m
[2m     [90m 1214 |[39m         [32m'Database is disabled and no messages found in memory.'[39m[0m[22m
[2m[22m
[2m      [2mat Object.<anonymous> ([22m[2m[0m[36mtests/unit/lib/store/enhanced-conversation-memory.store.test.ts[39m[0m[2m:1211:13)[22m[2m[22m

[1m[31m  [1m● [22m[1mEnhancedConversationMemoryStore › Complex Scenarios › should handle rapid message additions with token tracking[39m[22m

    TypeError: Cannot read properties of undefined (reading 'createSession')
[2m[22m
[2m    [0m [90m 1223 |[39m       [36mconst[39m store [33m=[39m useEnhancedConversationMemory[33m.[39mgetState()[33m;[39m[22m
[2m     [90m 1224 |[39m       [22m
[2m    [31m[1m>[22m[2m[39m[90m 1225 |[39m       [36mconst[39m sessionId [33m=[39m [36mawait[39m store[33m.[39mcreateSession()[33m;[39m[22m
[2m     [90m      |[39m                                     [31m[1m^[22m[2m[39m[22m
[2m     [90m 1226 |[39m       [22m
[2m     [90m 1227 |[39m       [90m// Simulate rapid message additions[39m[22m
[2m     [90m 1228 |[39m       [36mconst[39m promises [33m=[39m [][33m;[39m[0m[22m
[2m[22m
[2m      [2mat Object.<anonymous> ([22m[2m[0m[36mtests/unit/lib/store/enhanced-conversation-memory.store.test.ts[39m[0m[2m:1225:37)[22m[2m[22m

[1m[31m  [1m● [22m[1mEnhancedConversationMemoryStore › Complex Scenarios › should process messages with multiple processors correctly[39m[22m

    TypeError: Cannot read properties of undefined (reading 'createSession')
[2m[22m
[2m    [0m [90m 1251 |[39m       [22m
[2m     [90m 1252 |[39m       [90m// Create session with custom processors[39m[22m
[2m    [31m[1m>[22m[2m[39m[90m 1253 |[39m       [36mconst[39m sessionId [33m=[39m [36mawait[39m store[33m.[39mcreateSession([32m'multi-processor'[39m[33m,[39m [[22m
[2m     [90m      |[39m                                     [31m[1m^[22m[2m[39m[22m
[2m     [90m 1254 |[39m         [36mnew[39m [33mTokenLimiter[39m([35m100[39m)[33m,[39m [90m// Very low limit[39m[22m
[2m     [90m 1255 |[39m         [36mnew[39m [33mToolCallFilter[39m({ exclude[33m:[39m [[32m'marketDataTool'[39m] })[22m
[2m     [90m 1256 |[39m       ])[33m;[39m[0m[22m
[2m[22m
[2m      [2mat Object.<anonymous> ([22m[2m[0m[36mtests/unit/lib/store/enhanced-conversation-memory.store.test.ts[39m[0m[2m:1253:37)[22m[2m[22m

[1m[31m  [1m● [22m[1mEnhancedConversationMemoryStore › Complex Scenarios › should handle message update race condition[39m[22m

    TypeError: Cannot read properties of undefined (reading 'createSession')
[2m[22m
[2m    [0m [90m 1286 |[39m       [36mconst[39m store [33m=[39m useEnhancedConversationMemory[33m.[39mgetState()[33m;[39m[22m
[2m     [90m 1287 |[39m       [22m
[2m    [31m[1m>[22m[2m[39m[90m 1288 |[39m       [36mconst[39m sessionId [33m=[39m [36mawait[39m store[33m.[39mcreateSession()[33m;[39m[22m
[2m     [90m      |[39m                                     [31m[1m^[22m[2m[39m[22m
[2m     [90m 1289 |[39m       [22m
[2m     [90m 1290 |[39m       [90m// Add a message[39m[22m
[2m     [90m 1291 |[39m       [36mawait[39m store[33m.[39maddMessage({[0m[22m
[2m[22m
[2m      [2mat Object.<anonymous> ([22m[2m[0m[36mtests/unit/lib/store/enhanced-conversation-memory.store.test.ts[39m[0m[2m:1288:37)[22m[2m[22m

[1m[31m  [1m● [22m[1mEnhancedConversationMemoryStore › Complex Scenarios › should handle session with undefined processors in metadata[39m[22m

    TypeError: Cannot read properties of undefined (reading 'loadFromDatabase')
[2m[22m
[2m    [0m [90m 1335 |[39m       [36mconst[39m store [33m=[39m useEnhancedConversationMemory[33m.[39mgetState()[33m;[39m[22m
[2m     [90m 1336 |[39m       [22m
[2m    [31m[1m>[22m[2m[39m[90m 1337 |[39m       [36mawait[39m store[33m.[39mloadFromDatabase()[33m;[39m[22m
[2m     [90m      |[39m                   [31m[1m^[22m[2m[39m[22m
[2m     [90m 1338 |[39m       [22m
[2m     [90m 1339 |[39m       [36mconst[39m state [33m=[39m useEnhancedConversationMemory[33m.[39mgetState()[33m;[39m[22m
[2m     [90m 1340 |[39m       [36mconst[39m session [33m=[39m state[33m.[39msessions[[32m'session-no-processors'[39m][33m;[39m[0m[22m
[2m[22m
[2m      [2mat Object.<anonymous> ([22m[2m[0m[36mtests/unit/lib/store/enhanced-conversation-memory.store.test.ts[39m[0m[2m:1337:19)[22m[2m[22m

[1m[31m  [1m● [22m[1mEnhancedConversationMemoryStore › Complex Scenarios › should handle invalid processor type in metadata[39m[22m

    TypeError: Cannot read properties of undefined (reading 'loadFromDatabase')
[2m[22m
[2m    [0m [90m 1362 |[39m       [36mconst[39m store [33m=[39m useEnhancedConversationMemory[33m.[39mgetState()[33m;[39m[22m
[2m     [90m 1363 |[39m       [22m
[2m    [31m[1m>[22m[2m[39m[90m 1364 |[39m       [36mawait[39m store[33m.[39mloadFromDatabase()[33m;[39m[22m
[2m     [90m      |[39m                   [31m[1m^[22m[2m[39m[22m
[2m     [90m 1365 |[39m       [22m
[2m     [90m 1366 |[39m       [36mconst[39m state [33m=[39m useEnhancedConversationMemory[33m.[39mgetState()[33m;[39m[22m
[2m     [90m 1367 |[39m       [36mconst[39m session [33m=[39m state[33m.[39msessions[[32m'session-invalid-processor'[39m][33m;[39m[0m[22m
[2m[22m
[2m      [2mat Object.<anonymous> ([22m[2m[0m[36mtests/unit/lib/store/enhanced-conversation-memory.store.test.ts[39m[0m[2m:1364:19)[22m[2m[22m

[1m[31m  [1m● [22m[1mEnhancedConversationMemoryStore › Complex Scenarios › should handle TokenLimiter without valid match in name[39m[22m

    TypeError: Cannot read properties of undefined (reading 'loadFromDatabase')
[2m[22m
[2m    [0m [90m 1390 |[39m       [36mconst[39m store [33m=[39m useEnhancedConversationMemory[33m.[39mgetState()[33m;[39m[22m
[2m     [90m 1391 |[39m       [22m
[2m    [31m[1m>[22m[2m[39m[90m 1392 |[39m       [36mawait[39m store[33m.[39mloadFromDatabase()[33m;[39m[22m
[2m     [90m      |[39m                   [31m[1m^[22m[2m[39m[22m
[2m     [90m 1393 |[39m       [22m
[2m     [90m 1394 |[39m       [36mconst[39m state [33m=[39m useEnhancedConversationMemory[33m.[39mgetState()[33m;[39m[22m
[2m     [90m 1395 |[39m       [36mconst[39m session [33m=[39m state[33m.[39msessions[[32m'session-invalid-token'[39m][33m;[39m[0m[22m
[2m[22m
[2m      [2mat Object.<anonymous> ([22m[2m[0m[36mtests/unit/lib/store/enhanced-conversation-memory.store.test.ts[39m[0m[2m:1392:19)[22m[2m[22m

[1m[31m  [1m● [22m[1mEnhancedConversationMemoryStore › Complex Scenarios › should handle metadata as non-object type[39m[22m

    TypeError: Cannot read properties of undefined (reading 'loadFromDatabase')
[2m[22m
[2m    [0m [90m 1413 |[39m       [36mconst[39m store [33m=[39m useEnhancedConversationMemory[33m.[39mgetState()[33m;[39m[22m
[2m     [90m 1414 |[39m       [22m
[2m    [31m[1m>[22m[2m[39m[90m 1415 |[39m       [36mawait[39m store[33m.[39mloadFromDatabase()[33m;[39m[22m
[2m     [90m      |[39m                   [31m[1m^[22m[2m[39m[22m
[2m     [90m 1416 |[39m       [22m
[2m     [90m 1417 |[39m       [36mconst[39m state [33m=[39m useEnhancedConversationMemory[33m.[39mgetState()[33m;[39m[22m
[2m     [90m 1418 |[39m       [36mconst[39m session [33m=[39m state[33m.[39msessions[[32m'session-string-metadata'[39m][33m;[39m[0m[22m
[2m[22m
[2m      [2mat Object.<anonymous> ([22m[2m[0m[36mtests/unit/lib/store/enhanced-conversation-memory.store.test.ts[39m[0m[2m:1415:19)[22m[2m[22m

[1m[31m  [1m● [22m[1mEnhancedConversationMemoryStore › Complex Scenarios › should handle processors as non-array type[39m[22m

    TypeError: Cannot read properties of undefined (reading 'loadFromDatabase')
[2m[22m
[2m    [0m [90m 1439 |[39m       [36mconst[39m store [33m=[39m useEnhancedConversationMemory[33m.[39mgetState()[33m;[39m[22m
[2m     [90m 1440 |[39m       [22m
[2m    [31m[1m>[22m[2m[39m[90m 1441 |[39m       [36mawait[39m store[33m.[39mloadFromDatabase()[33m;[39m[22m
[2m     [90m      |[39m                   [31m[1m^[22m[2m[39m[22m
[2m     [90m 1442 |[39m       [22m
[2m     [90m 1443 |[39m       [36mconst[39m state [33m=[39m useEnhancedConversationMemory[33m.[39mgetState()[33m;[39m[22m
[2m     [90m 1444 |[39m       [36mconst[39m session [33m=[39m state[33m.[39msessions[[32m'session-invalid-processors-type'[39m][33m;[39m[0m[22m
[2m[22m
[2m      [2mat Object.<anonymous> ([22m[2m[0m[36mtests/unit/lib/store/enhanced-conversation-memory.store.test.ts[39m[0m[2m:1441:19)[22m[2m[22m

[1m[31m  [1m● [22m[1mEnhancedConversationMemoryStore › Message Processing Cache Management › should clear cache when adding processor[39m[22m

    TypeError: Cannot read properties of undefined (reading 'createSession')
[2m[22m
[2m    [0m [90m 1451 |[39m       [36mconst[39m store [33m=[39m useEnhancedConversationMemory[33m.[39mgetState()[33m;[39m[22m
[2m     [90m 1452 |[39m       [22m
[2m    [31m[1m>[22m[2m[39m[90m 1453 |[39m       [36mconst[39m sessionId [33m=[39m [36mawait[39m store[33m.[39mcreateSession()[33m;[39m[22m
[2m     [90m      |[39m                                     [31m[1m^[22m[2m[39m[22m
[2m     [90m 1454 |[39m       [22m
[2m     [90m 1455 |[39m       [90m// Add messages and get processed to create cache[39m[22m
[2m     [90m 1456 |[39m       [36mawait[39m store[33m.[39maddMessage({[0m[22m
[2m[22m
[2m      [2mat Object.<anonymous> ([22m[2m[0m[36mtests/unit/lib/store/enhanced-conversation-memory.store.test.ts[39m[0m[2m:1453:37)[22m[2m[22m

[1m[31m  [1m● [22m[1mEnhancedConversationMemoryStore › Message Processing Cache Management › should clear cache when removing processor[39m[22m

    TypeError: Cannot read properties of undefined (reading 'createSession')
[2m[22m
[2m    [0m [90m 1476 |[39m       [36mconst[39m store [33m=[39m useEnhancedConversationMemory[33m.[39mgetState()[33m;[39m[22m
[2m     [90m 1477 |[39m       [22m
[2m    [31m[1m>[22m[2m[39m[90m 1478 |[39m       [36mconst[39m sessionId [33m=[39m [36mawait[39m store[33m.[39mcreateSession()[33m;[39m[22m
[2m     [90m      |[39m                                     [31m[1m^[22m[2m[39m[22m
[2m     [90m 1479 |[39m       [22m
[2m     [90m 1480 |[39m       [90m// Add messages and get processed to create cache[39m[22m
[2m     [90m 1481 |[39m       [36mawait[39m store[33m.[39maddMessage({[0m[22m
[2m[22m
[2m      [2mat Object.<anonymous> ([22m[2m[0m[36mtests/unit/lib/store/enhanced-conversation-memory.store.test.ts[39m[0m[2m:1478:37)[22m[2m[22m

[1m[31m  [1m● [22m[1mEnhancedConversationMemoryStore › Message Processing Cache Management › should clear cache when updating message metadata[39m[22m

    TypeError: Cannot read properties of undefined (reading 'createSession')
[2m[22m
[2m    [0m [90m 1501 |[39m       [36mconst[39m store [33m=[39m useEnhancedConversationMemory[33m.[39mgetState()[33m;[39m[22m
[2m     [90m 1502 |[39m       [22m
[2m    [31m[1m>[22m[2m[39m[90m 1503 |[39m       [36mconst[39m sessionId [33m=[39m [36mawait[39m store[33m.[39mcreateSession()[33m;[39m[22m
[2m     [90m      |[39m                                     [31m[1m^[22m[2m[39m[22m
[2m     [90m 1504 |[39m       [22m
[2m     [90m 1505 |[39m       [36mawait[39m store[33m.[39maddMessage({[22m
[2m     [90m 1506 |[39m         sessionId[33m,[39m[0m[22m
[2m[22m
[2m      [2mat Object.<anonymous> ([22m[2m[0m[36mtests/unit/lib/store/enhanced-conversation-memory.store.test.ts[39m[0m[2m:1503:37)[22m[2m[22m

[1m[31m  [1m● [22m[1mEnhancedConversationMemoryStore › Search Functionality Edge Cases › should handle search with no sessions[39m[22m

    TypeError: Cannot read properties of undefined (reading 'searchMessages')
[2m[22m
[2m    [0m [90m 1528 |[39m       [36mconst[39m store [33m=[39m useEnhancedConversationMemory[33m.[39mgetState()[33m;[39m[22m
[2m     [90m 1529 |[39m       [22m
[2m    [31m[1m>[22m[2m[39m[90m 1530 |[39m       [36mconst[39m results [33m=[39m store[33m.[39msearchMessages([32m'test'[39m)[33m;[39m[22m
[2m     [90m      |[39m                             [31m[1m^[22m[2m[39m[22m
[2m     [90m 1531 |[39m       expect(results)[33m.[39mtoEqual([])[33m;[39m[22m
[2m     [90m 1532 |[39m     })[33m;[39m[22m
[2m     [90m 1533 |[39m[0m[22m
[2m[22m
[2m      [2mat Object.<anonymous> ([22m[2m[0m[36mtests/unit/lib/store/enhanced-conversation-memory.store.test.ts[39m[0m[2m:1530:29)[22m[2m[22m

[1m[31m  [1m● [22m[1mEnhancedConversationMemoryStore › Search Functionality Edge Cases › should handle search with null session[39m[22m

    TypeError: Cannot read properties of undefined (reading 'searchMessages')
[2m[22m
[2m    [0m [90m 1540 |[39m       })[33m;[39m[22m
[2m     [90m 1541 |[39m       [22m
[2m    [31m[1m>[22m[2m[39m[90m 1542 |[39m       [36mconst[39m results [33m=[39m store[33m.[39msearchMessages([32m'test'[39m)[33m;[39m[22m
[2m     [90m      |[39m                             [31m[1m^[22m[2m[39m[22m
[2m     [90m 1543 |[39m       expect(results)[33m.[39mtoEqual([])[33m;[39m[22m
[2m     [90m 1544 |[39m     })[33m;[39m[22m
[2m     [90m 1545 |[39m[0m[22m
[2m[22m
[2m      [2mat Object.<anonymous> ([22m[2m[0m[36mtests/unit/lib/store/enhanced-conversation-memory.store.test.ts[39m[0m[2m:1542:29)[22m[2m[22m

[1m[31m  [1m● [22m[1mEnhancedConversationMemoryStore › Search Functionality Edge Cases › should search by topics case-insensitively[39m[22m

    TypeError: store.createSession is not a function
[2m[22m
[2m    [0m [90m 1547 |[39m       [36mconst[39m store [33m=[39m useEnhancedConversationMemory[33m.[39mgetState()[33m;[39m[22m
[2m     [90m 1548 |[39m       [22m
[2m    [31m[1m>[22m[2m[39m[90m 1549 |[39m       [36mconst[39m sessionId [33m=[39m [36mawait[39m store[33m.[39mcreateSession()[33m;[39m[22m
[2m     [90m      |[39m                                     [31m[1m^[22m[2m[39m[22m
[2m     [90m 1550 |[39m       [22m
[2m     [90m 1551 |[39m       [36mawait[39m store[33m.[39maddMessage({[22m
[2m     [90m 1552 |[39m         sessionId[33m,[39m[0m[22m
[2m[22m
[2m      [2mat Object.<anonymous> ([22m[2m[0m[36mtests/unit/lib/store/enhanced-conversation-memory.store.test.ts[39m[0m[2m:1549:37)[22m[2m[22m

[1m[31m  [1m● [22m[1mEnhancedConversationMemoryStore › Search Functionality Edge Cases › should search by symbols case-insensitively[39m[22m

    TypeError: store.createSession is not a function
[2m[22m
[2m    [0m [90m 1565 |[39m       [36mconst[39m store [33m=[39m useEnhancedConversationMemory[33m.[39mgetState()[33m;[39m[22m
[2m     [90m 1566 |[39m       [22m
[2m    [31m[1m>[22m[2m[39m[90m 1567 |[39m       [36mconst[39m sessionId [33m=[39m [36mawait[39m store[33m.[39mcreateSession()[33m;[39m[22m
[2m     [90m      |[39m                                     [31m[1m^[22m[2m[39m[22m
[2m     [90m 1568 |[39m       [22m
[2m     [90m 1569 |[39m       [36mawait[39m store[33m.[39maddMessage({[22m
[2m     [90m 1570 |[39m         sessionId[33m,[39m[0m[22m
[2m[22m
[2m      [2mat Object.<anonymous> ([22m[2m[0m[36mtests/unit/lib/store/enhanced-conversation-memory.store.test.ts[39m[0m[2m:1567:37)[22m[2m[22m

[1m[31m  [1m● [22m[1mEnhancedConversationMemoryStore › Search Functionality Edge Cases › should handle messages without metadata in search[39m[22m

    TypeError: store.createSession is not a function
[2m[22m
[2m    [0m [90m 1583 |[39m       [36mconst[39m store [33m=[39m useEnhancedConversationMemory[33m.[39mgetState()[33m;[39m[22m
[2m     [90m 1584 |[39m       [22m
[2m    [31m[1m>[22m[2m[39m[90m 1585 |[39m       [36mconst[39m sessionId [33m=[39m [36mawait[39m store[33m.[39mcreateSession()[33m;[39m[22m
[2m     [90m      |[39m                                     [31m[1m^[22m[2m[39m[22m
[2m     [90m 1586 |[39m       [22m
[2m     [90m 1587 |[39m       [36mawait[39m store[33m.[39maddMessage({[22m
[2m     [90m 1588 |[39m         sessionId[33m,[39m[0m[22m
[2m[22m
[2m      [2mat Object.<anonymous> ([22m[2m[0m[36mtests/unit/lib/store/enhanced-conversation-memory.store.test.ts[39m[0m[2m:1585:37)[22m[2m[22m

[1m[31m  [1m● [22m[1mEnhancedConversationMemoryStore › Session Summary › should generate summary with unique topics[39m[22m

    TypeError: store.createSession is not a function
[2m[22m
[2m    [0m [90m 1600 |[39m       [36mconst[39m store [33m=[39m useEnhancedConversationMemory[33m.[39mgetState()[33m;[39m[22m
[2m     [90m 1601 |[39m       [22m
[2m    [31m[1m>[22m[2m[39m[90m 1602 |[39m       [36mconst[39m sessionId [33m=[39m [36mawait[39m store[33m.[39mcreateSession()[33m;[39m[22m
[2m     [90m      |[39m                                     [31m[1m^[22m[2m[39m[22m
[2m     [90m 1603 |[39m       [22m
[2m     [90m 1604 |[39m       [90m// Add messages with duplicate topics[39m[22m
[2m     [90m 1605 |[39m       [36mawait[39m store[33m.[39maddMessage({[0m[22m
[2m[22m
[2m      [2mat Object.<anonymous> ([22m[2m[0m[36mtests/unit/lib/store/enhanced-conversation-memory.store.test.ts[39m[0m[2m:1602:37)[22m[2m[22m

[1m[31m  [1m● [22m[1mEnhancedConversationMemoryStore › Session Summary › should handle summarize with no messages[39m[22m

    TypeError: store.createSession is not a function
[2m[22m
[2m    [0m [90m 1631 |[39m       [36mconst[39m store [33m=[39m useEnhancedConversationMemory[33m.[39mgetState()[33m;[39m[22m
[2m     [90m 1632 |[39m       [22m
[2m    [31m[1m>[22m[2m[39m[90m 1633 |[39m       [36mconst[39m sessionId [33m=[39m [36mawait[39m store[33m.[39mcreateSession()[33m;[39m[22m
[2m     [90m      |[39m                                     [31m[1m^[22m[2m[39m[22m
[2m     [90m 1634 |[39m       [22m
[2m     [90m 1635 |[39m       [36mawait[39m store[33m.[39msummarizeSession(sessionId)[33m;[39m[22m
[2m     [90m 1636 |[39m       [0m[22m
[2m[22m
[2m      [2mat Object.<anonymous> ([22m[2m[0m[36mtests/unit/lib/store/enhanced-conversation-memory.store.test.ts[39m[0m[2m:1633:37)[22m[2m[22m

[1m[31m  [1m● [22m[1mEnhancedConversationMemoryStore › Session Summary › should handle summarize with non-existent session[39m[22m

    TypeError: store.summarizeSession is not a function
[2m[22m
[2m    [0m [90m 1643 |[39m       [36mconst[39m store [33m=[39m useEnhancedConversationMemory[33m.[39mgetState()[33m;[39m[22m
[2m     [90m 1644 |[39m       [22m
[2m    [31m[1m>[22m[2m[39m[90m 1645 |[39m       [36mawait[39m store[33m.[39msummarizeSession([32m'non-existent'[39m)[33m;[39m[22m
[2m     [90m      |[39m                   [31m[1m^[22m[2m[39m[22m
[2m     [90m 1646 |[39m       [22m
[2m     [90m 1647 |[39m       [90m// Should not throw[39m[22m
[2m     [90m 1648 |[39m       expect([36mtrue[39m)[33m.[39mtoBe([36mtrue[39m)[33m;[39m[0m[22m
[2m[22m
[2m      [2mat Object.<anonymous> ([22m[2m[0m[36mtests/unit/lib/store/enhanced-conversation-memory.store.test.ts[39m[0m[2m:1645:19)[22m[2m[22m

[1m[31m  [1m● [22m[1mEnhancedConversationMemoryStore › Session Summary › should generate summary with no topics[39m[22m

    TypeError: store.createSession is not a function
[2m[22m
[2m    [0m [90m 1652 |[39m       [36mconst[39m store [33m=[39m useEnhancedConversationMemory[33m.[39mgetState()[33m;[39m[22m
[2m     [90m 1653 |[39m       [22m
[2m    [31m[1m>[22m[2m[39m[90m 1654 |[39m       [36mconst[39m sessionId [33m=[39m [36mawait[39m store[33m.[39mcreateSession()[33m;[39m[22m
[2m     [90m      |[39m                                     [31m[1m^[22m[2m[39m[22m
[2m     [90m 1655 |[39m       [22m
[2m     [90m 1656 |[39m       [36mawait[39m store[33m.[39maddMessage({[22m
[2m     [90m 1657 |[39m         sessionId[33m,[39m[0m[22m
[2m[22m
[2m      [2mat Object.<anonymous> ([22m[2m[0m[36mtests/unit/lib/store/enhanced-conversation-memory.store.test.ts[39m[0m[2m:1654:37)[22m[2m[22m

[1m[31m  [1m● [22m[1mEnhancedConversationMemoryStore › Token Usage Tracking › should track token usage for assistant messages[39m[22m

    TypeError: store.createSession is not a function
[2m[22m
[2m    [0m [90m 1672 |[39m       [36mconst[39m store [33m=[39m useEnhancedConversationMemory[33m.[39mgetState()[33m;[39m[22m
[2m     [90m 1673 |[39m       [22m
[2m    [31m[1m>[22m[2m[39m[90m 1674 |[39m       [36mconst[39m sessionId [33m=[39m [36mawait[39m store[33m.[39mcreateSession()[33m;[39m[22m
[2m     [90m      |[39m                                     [31m[1m^[22m[2m[39m[22m
[2m     [90m 1675 |[39m       [22m
[2m     [90m 1676 |[39m       [36mawait[39m store[33m.[39maddMessage({[22m
[2m     [90m 1677 |[39m         sessionId[33m,[39m[0m[22m
[2m[22m
[2m      [2mat Object.<anonymous> ([22m[2m[0m[36mtests/unit/lib/store/enhanced-conversation-memory.store.test.ts[39m[0m[2m:1674:37)[22m[2m[22m

[1m[31m  [1m● [22m[1mEnhancedConversationMemoryStore › Token Usage Tracking › should handle missing tokenUsage object[39m[22m

    TypeError: store.createSession is not a function
[2m[22m
[2m    [0m [90m 1689 |[39m       [36mconst[39m store [33m=[39m useEnhancedConversationMemory[33m.[39mgetState()[33m;[39m[22m
[2m     [90m 1690 |[39m       [22m
[2m    [31m[1m>[22m[2m[39m[90m 1691 |[39m       [36mconst[39m sessionId [33m=[39m [36mawait[39m store[33m.[39mcreateSession()[33m;[39m[22m
[2m     [90m      |[39m                                     [31m[1m^[22m[2m[39m[22m
[2m     [90m 1692 |[39m       [22m
[2m     [90m 1693 |[39m       [90m// Manually remove tokenUsage[39m[22m
[2m     [90m 1694 |[39m       useEnhancedConversationMemory[33m.[39msetState(state [33m=>[39m {[0m[22m
[2m[22m
[2m      [2mat Object.<anonymous> ([22m[2m[0m[36mtests/unit/lib/store/enhanced-conversation-memory.store.test.ts[39m[0m[2m:1691:37)[22m[2m[22m

[1m[31m  [1m● [22m[1mEnhancedConversationMemoryStore › Context Building › should build context without session summary[39m[22m

    TypeError: store.createSession is not a function
[2m[22m
[2m    [0m [90m 1714 |[39m       [36mconst[39m store [33m=[39m useEnhancedConversationMemory[33m.[39mgetState()[33m;[39m[22m
[2m     [90m 1715 |[39m       [22m
[2m    [31m[1m>[22m[2m[39m[90m 1716 |[39m       [36mconst[39m sessionId [33m=[39m [36mawait[39m store[33m.[39mcreateSession()[33m;[39m[22m
[2m     [90m      |[39m                                     [31m[1m^[22m[2m[39m[22m
[2m     [90m 1717 |[39m       [22m
[2m     [90m 1718 |[39m       [36mawait[39m store[33m.[39maddMessage({[22m
[2m     [90m 1719 |[39m         sessionId[33m,[39m[0m[22m
[2m[22m
[2m      [2mat Object.<anonymous> ([22m[2m[0m[36mtests/unit/lib/store/enhanced-conversation-memory.store.test.ts[39m[0m[2m:1716:37)[22m[2m[22m

[1m[31m  [1m● [22m[1mEnhancedConversationMemoryStore › Persistence Configuration › should persist essential state properties[39m[22m

    TypeError: store.createSession is not a function
[2m[22m
[2m    [0m [90m 1750 |[39m       [22m
[2m     [90m 1751 |[39m       [90m// Create a session and add messages[39m[22m
[2m    [31m[1m>[22m[2m[39m[90m 1752 |[39m       [36mconst[39m sessionId [33m=[39m [36mawait[39m store[33m.[39mcreateSession([32m'persist-test'[39m)[33m;[39m[22m
[2m     [90m      |[39m                                     [31m[1m^[22m[2m[39m[22m
[2m     [90m 1753 |[39m       [36mawait[39m store[33m.[39maddMessage({[22m
[2m     [90m 1754 |[39m         sessionId[33m,[39m[22m
[2m     [90m 1755 |[39m         role[33m:[39m [32m'user'[39m[33m,[39m[0m[22m
[2m[22m
[2m      [2mat Object.<anonymous> ([22m[2m[0m[36mtests/unit/lib/store/enhanced-conversation-memory.store.test.ts[39m[0m[2m:1752:37)[22m[2m[22m

[1m[31m  [1m● [22m[1mEnhancedConversationMemoryStore › Persistence Configuration › should handle store rehydration correctly[39m[22m

    [2mexpect([22m[31mreceived[39m[2m).[22mtoBe[2m([22m[32mexpected[39m[2m) // Object.is equality[22m

    Expected: [32m"[7mf[27mun[7mction[27m"[39m
    Received: [31m"un[7mdefined[27m"[39m
[2m[22m
[2m    [0m [90m 1778 |[39m       [22m
[2m     [90m 1779 |[39m       [90m// All action functions should be defined[39m[22m
[2m    [31m[1m>[22m[2m[39m[90m 1780 |[39m       expect([36mtypeof[39m store[33m.[39mcreateSession)[33m.[39mtoBe([32m'function'[39m)[33m;[39m[22m
[2m     [90m      |[39m                                          [31m[1m^[22m[2m[39m[22m
[2m     [90m 1781 |[39m       expect([36mtypeof[39m store[33m.[39maddMessage)[33m.[39mtoBe([32m'function'[39m)[33m;[39m[22m
[2m     [90m 1782 |[39m       expect([36mtypeof[39m store[33m.[39mgetProcessedMessages)[33m.[39mtoBe([32m'function'[39m)[33m;[39m[22m
[2m     [90m 1783 |[39m       expect([36mtypeof[39m store[33m.[39msearchMessages)[33m.[39mtoBe([32m'function'[39m)[33m;[39m[0m[22m
[2m[22m
[2m      [2mat Object.<anonymous> ([22m[2m[0m[36mtests/unit/lib/store/enhanced-conversation-memory.store.test.ts[39m[0m[2m:1780:42)[22m[2m[22m

[1m[31m  [1m● [22m[1mEnhancedConversationMemoryStore › Database Operations Edge Cases › should handle null session in sync operation[39m[22m

    TypeError: store.syncWithDatabase is not a function
[2m[22m
[2m    [0m [90m 1796 |[39m       })[33m;[39m[22m
[2m     [90m 1797 |[39m       [22m
[2m    [31m[1m>[22m[2m[39m[90m 1798 |[39m       [36mawait[39m store[33m.[39msyncWithDatabase()[33m;[39m[22m
[2m     [90m      |[39m                   [31m[1m^[22m[2m[39m[22m
[2m     [90m 1799 |[39m       [22m
[2m     [90m 1800 |[39m       [90m// Should not throw[39m[22m
[2m     [90m 1801 |[39m       expect([36mtrue[39m)[33m.[39mtoBe([36mtrue[39m)[33m;[39m[0m[22m
[2m[22m
[2m      [2mat Object.<anonymous> ([22m[2m[0m[36mtests/unit/lib/store/enhanced-conversation-memory.store.test.ts[39m[0m[2m:1798:19)[22m[2m[22m

[1m[31m  [1m● [22m[1mEnhancedConversationMemoryStore › Database Operations Edge Cases › should skip DB operations when isDbEnabled is false[39m[22m

    TypeError: store.disableDbSync is not a function
[2m[22m
[2m    [0m [90m 1805 |[39m       [36mconst[39m store [33m=[39m useEnhancedConversationMemory[33m.[39mgetState()[33m;[39m[22m
[2m     [90m 1806 |[39m       [22m
[2m    [31m[1m>[22m[2m[39m[90m 1807 |[39m       store[33m.[39mdisableDbSync()[33m;[39m[22m
[2m     [90m      |[39m             [31m[1m^[22m[2m[39m[22m
[2m     [90m 1808 |[39m       [22m
[2m     [90m 1809 |[39m       [36mawait[39m store[33m.[39msyncWithDatabase()[33m;[39m[22m
[2m     [90m 1810 |[39m       [0m[22m
[2m[22m
[2m      [2mat Object.<anonymous> ([22m[2m[0m[36mtests/unit/lib/store/enhanced-conversation-memory.store.test.ts[39m[0m[2m:1807:13)[22m[2m[22m

[1m[31m  [1m● [22m[1mEnhancedConversationMemoryStore › Database Operations Edge Cases › should handle getSessionWithMessages returning null[39m[22m

    TypeError: store.loadFromDatabase is not a function
[2m[22m
[2m    [0m [90m 1824 |[39m       [36mconst[39m store [33m=[39m useEnhancedConversationMemory[33m.[39mgetState()[33m;[39m[22m
[2m     [90m 1825 |[39m       [22m
[2m    [31m[1m>[22m[2m[39m[90m 1826 |[39m       [36mawait[39m store[33m.[39mloadFromDatabase()[33m;[39m[22m
[2m     [90m      |[39m                   [31m[1m^[22m[2m[39m[22m
[2m     [90m 1827 |[39m       [22m
[2m     [90m 1828 |[39m       [36mconst[39m state [33m=[39m useEnhancedConversationMemory[33m.[39mgetState()[33m;[39m[22m
[2m     [90m 1829 |[39m       expect(state[33m.[39msessions[[32m'null-messages-session'[39m])[33m.[39mtoBeUndefined()[33m;[39m[0m[22m
[2m[22m
[2m      [2mat Object.<anonymous> ([22m[2m[0m[36mtests/unit/lib/store/enhanced-conversation-memory.store.test.ts[39m[0m[2m:1826:19)[22m[2m[22m

[1m[31m  [1m● [22m[1mEnhancedConversationMemoryStore › Database Operations Edge Cases › should handle empty sessions array from database[39m[22m

    TypeError: store.loadFromDatabase is not a function
[2m[22m
[2m    [0m [90m 1835 |[39m       [36mconst[39m store [33m=[39m useEnhancedConversationMemory[33m.[39mgetState()[33m;[39m[22m
[2m     [90m 1836 |[39m       [22m
[2m    [31m[1m>[22m[2m[39m[90m 1837 |[39m       [36mawait[39m store[33m.[39mloadFromDatabase()[33m;[39m[22m
[2m     [90m      |[39m                   [31m[1m^[22m[2m[39m[22m
[2m     [90m 1838 |[39m       [22m
[2m     [90m 1839 |[39m       [36mconst[39m state [33m=[39m useEnhancedConversationMemory[33m.[39mgetState()[33m;[39m[22m
[2m     [90m 1840 |[39m       expect(state[33m.[39mcurrentSessionId)[33m.[39mtoBe([36mnull[39m)[33m;[39m[0m[22m
[2m[22m
[2m      [2mat Object.<anonymous> ([22m[2m[0m[36mtests/unit/lib/store/enhanced-conversation-memory.store.test.ts[39m[0m[2m:1837:19)[22m[2m[22m

[1m[31m  [1m● [22m[1mEnhancedConversationMemoryStore › Database Operations Edge Cases › should handle session creation when DB is disabled[39m[22m

    TypeError: store.disableDbSync is not a function
[2m[22m
[2m    [0m [90m 1844 |[39m       [36mconst[39m store [33m=[39m useEnhancedConversationMemory[33m.[39mgetState()[33m;[39m[22m
[2m     [90m 1845 |[39m       [22m
[2m    [31m[1m>[22m[2m[39m[90m 1846 |[39m       store[33m.[39mdisableDbSync()[33m;[39m[22m
[2m     [90m      |[39m             [31m[1m^[22m[2m[39m[22m
[2m     [90m 1847 |[39m       [22m
[2m     [90m 1848 |[39m       [36mconst[39m sessionId [33m=[39m [36mawait[39m store[33m.[39mcreateSession([32m'local-only'[39m)[33m;[39m[22m
[2m     [90m 1849 |[39m       [0m[22m
[2m[22m
[2m      [2mat Object.<anonymous> ([22m[2m[0m[36mtests/unit/lib/store/enhanced-conversation-memory.store.test.ts[39m[0m[2m:1846:13)[22m[2m[22m

[1m[31m  [1m● [22m[1mEnhancedConversationMemoryStore › Database Operations Edge Cases › should handle message creation when DB is disabled[39m[22m

    TypeError: store.disableDbSync is not a function
[2m[22m
[2m    [0m [90m 1855 |[39m       [36mconst[39m store [33m=[39m useEnhancedConversationMemory[33m.[39mgetState()[33m;[39m[22m
[2m     [90m 1856 |[39m       [22m
[2m    [31m[1m>[22m[2m[39m[90m 1857 |[39m       store[33m.[39mdisableDbSync()[33m;[39m[22m
[2m     [90m      |[39m             [31m[1m^[22m[2m[39m[22m
[2m     [90m 1858 |[39m       [22m
[2m     [90m 1859 |[39m       [36mconst[39m sessionId [33m=[39m [36mawait[39m store[33m.[39mcreateSession()[33m;[39m[22m
[2m     [90m 1860 |[39m       [36mawait[39m store[33m.[39maddMessage({[0m[22m
[2m[22m
[2m      [2mat Object.<anonymous> ([22m[2m[0m[36mtests/unit/lib/store/enhanced-conversation-memory.store.test.ts[39m[0m[2m:1857:13)[22m[2m[22m

[1m[31m  [1m● [22m[1mEnhancedConversationMemoryStore › Database Operations Edge Cases › should handle metadata update when DB is disabled[39m[22m

    TypeError: store.disableDbSync is not a function
[2m[22m
[2m    [0m [90m 1870 |[39m       [36mconst[39m store [33m=[39m useEnhancedConversationMemory[33m.[39mgetState()[33m;[39m[22m
[2m     [90m 1871 |[39m       [22m
[2m    [31m[1m>[22m[2m[39m[90m 1872 |[39m       store[33m.[39mdisableDbSync()[33m;[39m[22m
[2m     [90m      |[39m             [31m[1m^[22m[2m[39m[22m
[2m     [90m 1873 |[39m       [22m
[2m     [90m 1874 |[39m       [36mconst[39m sessionId [33m=[39m [36mawait[39m store[33m.[39mcreateSession()[33m;[39m[22m
[2m     [90m 1875 |[39m       [36mawait[39m store[33m.[39maddMessage({[0m[22m
[2m[22m
[2m      [2mat Object.<anonymous> ([22m[2m[0m[36mtests/unit/lib/store/enhanced-conversation-memory.store.test.ts[39m[0m[2m:1872:13)[22m[2m[22m

[1m[31m  [1m● [22m[1mEnhancedConversationMemoryStore › Utility Functions Edge Cases › should create enhanced session with includeAll tools option[39m[22m

    TypeError: exports.useEnhancedConversationMemory.getState(...).createSession is not a function
[2m[22m
[2m    [0m [90m 940 |[39m   }[22m
[2m     [90m 941 |[39m   [22m
[2m    [31m[1m>[22m[2m[39m[90m 942 |[39m   [36mreturn[39m useEnhancedConversationMemory[33m.[39mgetState()[33m.[39mcreateSession(sessionId[33m,[39m processors)[33m;[39m[22m
[2m     [90m     |[39m                                                   [31m[1m^[22m[2m[39m[22m
[2m     [90m 943 |[39m }[22m
[2m     [90m 944 |[39m[22m
[2m     [90m 945 |[39m [36mexport[39m [36mfunction[39m addToolCallMessage([0m[22m
[2m[22m
[2m      [2mat createEnhancedSession ([22m[2mlib/store/enhanced-conversation-memory.store.ts[2m:942:51)[22m[2m[22m
[2m      [2mat Object.<anonymous> ([22m[2m[0m[36mtests/unit/lib/store/enhanced-conversation-memory.store.test.ts[39m[0m[2m:1892:52)[22m[2m[22m

[1m[31m  [1m● [22m[1mEnhancedConversationMemoryStore › Utility Functions Edge Cases › should create enhanced session without any tool options[39m[22m

    TypeError: exports.useEnhancedConversationMemory.getState(...).createSession is not a function
[2m[22m
[2m    [0m [90m 940 |[39m   }[22m
[2m     [90m 941 |[39m   [22m
[2m    [31m[1m>[22m[2m[39m[90m 942 |[39m   [36mreturn[39m useEnhancedConversationMemory[33m.[39mgetState()[33m.[39mcreateSession(sessionId[33m,[39m processors)[33m;[39m[22m
[2m     [90m     |[39m                                                   [31m[1m^[22m[2m[39m[22m
[2m     [90m 943 |[39m }[22m
[2m     [90m 944 |[39m[22m
[2m     [90m 945 |[39m [36mexport[39m [36mfunction[39m addToolCallMessage([0m[22m
[2m[22m
[2m      [2mat createEnhancedSession ([22m[2mlib/store/enhanced-conversation-memory.store.ts[2m:942:51)[22m[2m[22m
[2m      [2mat Object.<anonymous> ([22m[2m[0m[36mtests/unit/lib/store/enhanced-conversation-memory.store.test.ts[39m[0m[2m:1906:52)[22m[2m[22m

[1m[31m  [1m● [22m[1mEnhancedConversationMemoryStore › Utility Functions Edge Cases › should add tool call message without result[39m[22m

    TypeError: store.createSession is not a function
[2m[22m
[2m    [0m [90m 1921 |[39m       [36mconst[39m store [33m=[39m useEnhancedConversationMemory[33m.[39mgetState()[33m;[39m[22m
[2m     [90m 1922 |[39m       [22m
[2m    [31m[1m>[22m[2m[39m[90m 1923 |[39m       [36mconst[39m sessionId [33m=[39m [36mawait[39m store[33m.[39mcreateSession()[33m;[39m[22m
[2m     [90m      |[39m                                     [31m[1m^[22m[2m[39m[22m
[2m     [90m 1924 |[39m       [22m
[2m     [90m 1925 |[39m       [36mawait[39m addToolCallMessage([22m
[2m     [90m 1926 |[39m         sessionId[33m,[39m[0m[22m
[2m[22m
[2m      [2mat Object.<anonymous> ([22m[2m[0m[36mtests/unit/lib/store/enhanced-conversation-memory.store.test.ts[39m[0m[2m:1923:37)[22m[2m[22m

[0m[7m[1m[31m FAIL [39m[22m[27m[0m [2mtests/integration/orchestrator/[22m[1morchestrator.test.ts[22m
[1m[31m  [1m● [22m[1mOrchestrator Agent Integration Tests › Query Classification and Routing › Greetings and Small Talk › should handle "こんにちは！" as greeting[39m[22m

    [2mexpect([22m[31mreceived[39m[2m).[22mtoBe[2m([22m[32mexpected[39m[2m) // Object.is equality[22m

    Expected: [32m"greeting"[39m
    Received: [31m"conversational"[39m
[2m[22m
[2m    [0m [90m 68 |[39m         [36mconst[39m result [33m=[39m [36mawait[39m executeImprovedOrchestrator(query[33m,[39m testSessionId[33m,[39m defaultContext)[33m;[39m[22m
[2m     [90m 69 |[39m         [22m
[2m    [31m[1m>[22m[2m[39m[90m 70 |[39m         expect(result[33m.[39manalysis[33m.[39mintent)[33m.[39mtoBe(expectedIntent)[33m;[39m[22m
[2m     [90m    |[39m                                        [31m[1m^[22m[2m[39m[22m
[2m     [90m 71 |[39m         expect(result[33m.[39manalysis[33m.[39mconfidence)[33m.[39mtoBeGreaterThan([33mCONFIDENCE_THRESHOLD[39m)[33m;[39m[22m
[2m     [90m 72 |[39m         expect(result[33m.[39mexecutionResult)[33m.[39mtoBeDefined()[33m;[39m[22m
[2m     [90m 73 |[39m         expect(result[33m.[39mexecutionResult[33m![39m[33m.[39mresponse)[33m.[39mtoBeDefined()[33m;[39m[0m[22m
[2m[22m
[2m      [2mat [22m[2m[0m[36mtests/integration/orchestrator/orchestrator.test.ts[39m[0m[2m:70:40[22m[2m[22m

[1m[31m  [1m● [22m[1mOrchestrator Agent Integration Tests › Query Classification and Routing › Greetings and Small Talk › should handle "おはようございます！今日も頑張りましょう" as greeting[39m[22m

    [2mexpect([22m[31mreceived[39m[2m).[22mtoBe[2m([22m[32mexpected[39m[2m) // Object.is equality[22m

    Expected: [32m"greeting"[39m
    Received: [31m"conversational"[39m
[2m[22m
[2m    [0m [90m 68 |[39m         [36mconst[39m result [33m=[39m [36mawait[39m executeImprovedOrchestrator(query[33m,[39m testSessionId[33m,[39m defaultContext)[33m;[39m[22m
[2m     [90m 69 |[39m         [22m
[2m    [31m[1m>[22m[2m[39m[90m 70 |[39m         expect(result[33m.[39manalysis[33m.[39mintent)[33m.[39mtoBe(expectedIntent)[33m;[39m[22m
[2m     [90m    |[39m                                        [31m[1m^[22m[2m[39m[22m
[2m     [90m 71 |[39m         expect(result[33m.[39manalysis[33m.[39mconfidence)[33m.[39mtoBeGreaterThan([33mCONFIDENCE_THRESHOLD[39m)[33m;[39m[22m
[2m     [90m 72 |[39m         expect(result[33m.[39mexecutionResult)[33m.[39mtoBeDefined()[33m;[39m[22m
[2m     [90m 73 |[39m         expect(result[33m.[39mexecutionResult[33m![39m[33m.[39mresponse)[33m.[39mtoBeDefined()[33m;[39m[0m[22m
[2m[22m
[2m      [2mat [22m[2m[0m[36mtests/integration/orchestrator/orchestrator.test.ts[39m[0m[2m:70:40[22m[2m[22m

[1m[31m  [1m● [22m[1mOrchestrator Agent Integration Tests › Query Classification and Routing › Greetings and Small Talk › should handle "ありがとう、助かりました" as small_talk[39m[22m

    [2mexpect([22m[31mreceived[39m[2m).[22mtoBe[2m([22m[32mexpected[39m[2m) // Object.is equality[22m

    Expected: [32m"[7msmall_t[27mal[7mk[27m"[39m
    Received: [31m"[7mconversation[27mal"[39m
[2m[22m
[2m    [0m [90m 68 |[39m         [36mconst[39m result [33m=[39m [36mawait[39m executeImprovedOrchestrator(query[33m,[39m testSessionId[33m,[39m defaultContext)[33m;[39m[22m
[2m     [90m 69 |[39m         [22m
[2m    [31m[1m>[22m[2m[39m[90m 70 |[39m         expect(result[33m.[39manalysis[33m.[39mintent)[33m.[39mtoBe(expectedIntent)[33m;[39m[22m
[2m     [90m    |[39m                                        [31m[1m^[22m[2m[39m[22m
[2m     [90m 71 |[39m         expect(result[33m.[39manalysis[33m.[39mconfidence)[33m.[39mtoBeGreaterThan([33mCONFIDENCE_THRESHOLD[39m)[33m;[39m[22m
[2m     [90m 72 |[39m         expect(result[33m.[39mexecutionResult)[33m.[39mtoBeDefined()[33m;[39m[22m
[2m     [90m 73 |[39m         expect(result[33m.[39mexecutionResult[33m![39m[33m.[39mresponse)[33m.[39mtoBeDefined()[33m;[39m[0m[22m
[2m[22m
[2m      [2mat [22m[2m[0m[36mtests/integration/orchestrator/orchestrator.test.ts[39m[0m[2m:70:40[22m[2m[22m

[1m[31m  [1m● [22m[1mOrchestrator Agent Integration Tests › Query Classification and Routing › Greetings and Small Talk › should handle "疲れたなあ..." as small_talk[39m[22m

    [2mexpect([22m[31mreceived[39m[2m).[22mtoBe[2m([22m[32mexpected[39m[2m) // Object.is equality[22m

    Expected: [32m"[7msmall_t[27mal[7mk[27m"[39m
    Received: [31m"[7mconversation[27mal"[39m
[2m[22m
[2m    [0m [90m 68 |[39m         [36mconst[39m result [33m=[39m [36mawait[39m executeImprovedOrchestrator(query[33m,[39m testSessionId[33m,[39m defaultContext)[33m;[39m[22m
[2m     [90m 69 |[39m         [22m
[2m    [31m[1m>[22m[2m[39m[90m 70 |[39m         expect(result[33m.[39manalysis[33m.[39mintent)[33m.[39mtoBe(expectedIntent)[33m;[39m[22m
[2m     [90m    |[39m                                        [31m[1m^[22m[2m[39m[22m
[2m     [90m 71 |[39m         expect(result[33m.[39manalysis[33m.[39mconfidence)[33m.[39mtoBeGreaterThan([33mCONFIDENCE_THRESHOLD[39m)[33m;[39m[22m
[2m     [90m 72 |[39m         expect(result[33m.[39mexecutionResult)[33m.[39mtoBeDefined()[33m;[39m[22m
[2m     [90m 73 |[39m         expect(result[33m.[39mexecutionResult[33m![39m[33m.[39mresponse)[33m.[39mtoBeDefined()[33m;[39m[0m[22m
[2m[22m
[2m      [2mat [22m[2m[0m[36mtests/integration/orchestrator/orchestrator.test.ts[39m[0m[2m:70:40[22m[2m[22m

[1m[31m  [1m● [22m[1mOrchestrator Agent Integration Tests › Query Classification and Routing › Market Chat › should handle market chat: "最近の市場はどう？"[39m[22m

    [2mexpect([22m[31mreceived[39m[2m).[22mtoBe[2m([22m[32mexpected[39m[2m) // Object.is equality[22m

    Expected: [32m"market_chat"[39m
    Received: [31m"conversational"[39m
[2m[22m
[2m    [0m [90m 85 |[39m         [36mconst[39m result [33m=[39m [36mawait[39m executeImprovedOrchestrator(query[33m,[39m testSessionId[33m,[39m defaultContext)[33m;[39m[22m
[2m     [90m 86 |[39m         [22m
[2m    [31m[1m>[22m[2m[39m[90m 87 |[39m         expect(result[33m.[39manalysis[33m.[39mintent)[33m.[39mtoBe([32m'market_chat'[39m)[33m;[39m[22m
[2m     [90m    |[39m                                        [31m[1m^[22m[2m[39m[22m
[2m     [90m 88 |[39m         expect(result[33m.[39manalysis[33m.[39mconfidence)[33m.[39mtoBeGreaterThan([33mCONFIDENCE_THRESHOLD[39m)[33m;[39m[22m
[2m     [90m 89 |[39m         expect(result[33m.[39mexecutionResult)[33m.[39mtoBeDefined()[33m;[39m[22m
[2m     [90m 90 |[39m       })[33m;[39m[0m[22m
[2m[22m
[2m      [2mat [22m[2m[0m[36mtests/integration/orchestrator/orchestrator.test.ts[39m[0m[2m:87:40[22m[2m[22m

[1m[31m  [1m● [22m[1mOrchestrator Agent Integration Tests › Query Classification and Routing › Market Chat › should handle market chat: "暗号通貨って面白いよね"[39m[22m

    [2mexpect([22m[31mreceived[39m[2m).[22mtoBe[2m([22m[32mexpected[39m[2m) // Object.is equality[22m

    Expected: [32m"market_chat"[39m
    Received: [31m"conversational"[39m
[2m[22m
[2m    [0m [90m 85 |[39m         [36mconst[39m result [33m=[39m [36mawait[39m executeImprovedOrchestrator(query[33m,[39m testSessionId[33m,[39m defaultContext)[33m;[39m[22m
[2m     [90m 86 |[39m         [22m
[2m    [31m[1m>[22m[2m[39m[90m 87 |[39m         expect(result[33m.[39manalysis[33m.[39mintent)[33m.[39mtoBe([32m'market_chat'[39m)[33m;[39m[22m
[2m     [90m    |[39m                                        [31m[1m^[22m[2m[39m[22m
[2m     [90m 88 |[39m         expect(result[33m.[39manalysis[33m.[39mconfidence)[33m.[39mtoBeGreaterThan([33mCONFIDENCE_THRESHOLD[39m)[33m;[39m[22m
[2m     [90m 89 |[39m         expect(result[33m.[39mexecutionResult)[33m.[39mtoBeDefined()[33m;[39m[22m
[2m     [90m 90 |[39m       })[33m;[39m[0m[22m
[2m[22m
[2m      [2mat [22m[2m[0m[36mtests/integration/orchestrator/orchestrator.test.ts[39m[0m[2m:87:40[22m[2m[22m

[1m[31m  [1m● [22m[1mOrchestrator Agent Integration Tests › Query Classification and Routing › Market Chat › should handle market chat: "ビットコインの将来性についてどう思う？"[39m[22m

    [2mexpect([22m[31mreceived[39m[2m).[22mtoBe[2m([22m[32mexpected[39m[2m) // Object.is equality[22m

    Expected: [32m"market_chat"[39m
    Received: [31m"conversational"[39m
[2m[22m
[2m    [0m [90m 85 |[39m         [36mconst[39m result [33m=[39m [36mawait[39m executeImprovedOrchestrator(query[33m,[39m testSessionId[33m,[39m defaultContext)[33m;[39m[22m
[2m     [90m 86 |[39m         [22m
[2m    [31m[1m>[22m[2m[39m[90m 87 |[39m         expect(result[33m.[39manalysis[33m.[39mintent)[33m.[39mtoBe([32m'market_chat'[39m)[33m;[39m[22m
[2m     [90m    |[39m                                        [31m[1m^[22m[2m[39m[22m
[2m     [90m 88 |[39m         expect(result[33m.[39manalysis[33m.[39mconfidence)[33m.[39mtoBeGreaterThan([33mCONFIDENCE_THRESHOLD[39m)[33m;[39m[22m
[2m     [90m 89 |[39m         expect(result[33m.[39mexecutionResult)[33m.[39mtoBeDefined()[33m;[39m[22m
[2m     [90m 90 |[39m       })[33m;[39m[0m[22m
[2m[22m
[2m      [2mat [22m[2m[0m[36mtests/integration/orchestrator/orchestrator.test.ts[39m[0m[2m:87:40[22m[2m[22m

[1m[31m  [1m● [22m[1mOrchestrator Agent Integration Tests › Query Classification and Routing › Price Inquiries › should handle price inquiry: "BTCの価格を教えて"[39m[22m

    [2mexpect([22m[31mreceived[39m[2m).[22mtoBe[2m([22m[32mexpected[39m[2m) // Object.is equality[22m

    Expected: [32m"price_inquiry"[39m
    Received: [31m"conversational"[39m
[2m[22m
[2m    [0m [90m 104 |[39m         [36mconst[39m result [33m=[39m [36mawait[39m executeImprovedOrchestrator(query[33m,[39m testSessionId[33m,[39m defaultContext)[33m;[39m[22m
[2m     [90m 105 |[39m         [22m
[2m    [31m[1m>[22m[2m[39m[90m 106 |[39m         expect(result[33m.[39manalysis[33m.[39mintent)[33m.[39mtoBe([32m'price_inquiry'[39m)[33m;[39m[22m
[2m     [90m     |[39m                                        [31m[1m^[22m[2m[39m[22m
[2m     [90m 107 |[39m         expect(result[33m.[39manalysis[33m.[39mconfidence)[33m.[39mtoBeGreaterThan([33mCONFIDENCE_THRESHOLD[39m)[33m;[39m[22m
[2m     [90m 108 |[39m         expect(result[33m.[39mexecutionResult)[33m.[39mtoBeDefined()[33m;[39m[22m
[2m     [90m 109 |[39m         expect(result[33m.[39mexecutionResult[33m![39m[33m.[39mmetadata[33m?[39m[33m.[39m[[32m'processedBy'[39m])[33m.[39mtoContain([32m'trading'[39m)[33m;[39m[0m[22m
[2m[22m
[2m      [2mat [22m[2m[0m[36mtests/integration/orchestrator/orchestrator.test.ts[39m[0m[2m:106:40[22m[2m[22m

[1m[31m  [1m● [22m[1mOrchestrator Agent Integration Tests › Query Classification and Routing › Price Inquiries › should handle price inquiry: "イーサリアムの現在価格は？"[39m[22m

    [2mexpect([22m[31mreceived[39m[2m).[22mtoBe[2m([22m[32mexpected[39m[2m) // Object.is equality[22m

    Expected: [32m"price_inquiry"[39m
    Received: [31m"conversational"[39m
[2m[22m
[2m    [0m [90m 104 |[39m         [36mconst[39m result [33m=[39m [36mawait[39m executeImprovedOrchestrator(query[33m,[39m testSessionId[33m,[39m defaultContext)[33m;[39m[22m
[2m     [90m 105 |[39m         [22m
[2m    [31m[1m>[22m[2m[39m[90m 106 |[39m         expect(result[33m.[39manalysis[33m.[39mintent)[33m.[39mtoBe([32m'price_inquiry'[39m)[33m;[39m[22m
[2m     [90m     |[39m                                        [31m[1m^[22m[2m[39m[22m
[2m     [90m 107 |[39m         expect(result[33m.[39manalysis[33m.[39mconfidence)[33m.[39mtoBeGreaterThan([33mCONFIDENCE_THRESHOLD[39m)[33m;[39m[22m
[2m     [90m 108 |[39m         expect(result[33m.[39mexecutionResult)[33m.[39mtoBeDefined()[33m;[39m[22m
[2m     [90m 109 |[39m         expect(result[33m.[39mexecutionResult[33m![39m[33m.[39mmetadata[33m?[39m[33m.[39m[[32m'processedBy'[39m])[33m.[39mtoContain([32m'trading'[39m)[33m;[39m[0m[22m
[2m[22m
[2m      [2mat [22m[2m[0m[36mtests/integration/orchestrator/orchestrator.test.ts[39m[0m[2m:106:40[22m[2m[22m

[1m[31m  [1m● [22m[1mOrchestrator Agent Integration Tests › Query Classification and Routing › Price Inquiries › should handle price inquiry: "ビットコインはいくら？"[39m[22m

    [2mexpect([22m[31mreceived[39m[2m).[22mtoBe[2m([22m[32mexpected[39m[2m) // Object.is equality[22m

    Expected: [32m"price_inquiry"[39m
    Received: [31m"conversational"[39m
[2m[22m
[2m    [0m [90m 104 |[39m         [36mconst[39m result [33m=[39m [36mawait[39m executeImprovedOrchestrator(query[33m,[39m testSessionId[33m,[39m defaultContext)[33m;[39m[22m
[2m     [90m 105 |[39m         [22m
[2m    [31m[1m>[22m[2m[39m[90m 106 |[39m         expect(result[33m.[39manalysis[33m.[39mintent)[33m.[39mtoBe([32m'price_inquiry'[39m)[33m;[39m[22m
[2m     [90m     |[39m                                        [31m[1m^[22m[2m[39m[22m
[2m     [90m 107 |[39m         expect(result[33m.[39manalysis[33m.[39mconfidence)[33m.[39mtoBeGreaterThan([33mCONFIDENCE_THRESHOLD[39m)[33m;[39m[22m
[2m     [90m 108 |[39m         expect(result[33m.[39mexecutionResult)[33m.[39mtoBeDefined()[33m;[39m[22m
[2m     [90m 109 |[39m         expect(result[33m.[39mexecutionResult[33m![39m[33m.[39mmetadata[33m?[39m[33m.[39m[[32m'processedBy'[39m])[33m.[39mtoContain([32m'trading'[39m)[33m;[39m[0m[22m
[2m[22m
[2m      [2mat [22m[2m[0m[36mtests/integration/orchestrator/orchestrator.test.ts[39m[0m[2m:106:40[22m[2m[22m

[1m[31m  [1m● [22m[1mOrchestrator Agent Integration Tests › Query Classification and Routing › Price Inquiries › should handle price inquiry: "ETH quote please"[39m[22m

    [2mexpect([22m[31mreceived[39m[2m).[22mtoBe[2m([22m[32mexpected[39m[2m) // Object.is equality[22m

    Expected: [32m"price_inquiry"[39m
    Received: [31m"conversational"[39m
[2m[22m
[2m    [0m [90m 104 |[39m         [36mconst[39m result [33m=[39m [36mawait[39m executeImprovedOrchestrator(query[33m,[39m testSessionId[33m,[39m defaultContext)[33m;[39m[22m
[2m     [90m 105 |[39m         [22m
[2m    [31m[1m>[22m[2m[39m[90m 106 |[39m         expect(result[33m.[39manalysis[33m.[39mintent)[33m.[39mtoBe([32m'price_inquiry'[39m)[33m;[39m[22m
[2m     [90m     |[39m                                        [31m[1m^[22m[2m[39m[22m
[2m     [90m 107 |[39m         expect(result[33m.[39manalysis[33m.[39mconfidence)[33m.[39mtoBeGreaterThan([33mCONFIDENCE_THRESHOLD[39m)[33m;[39m[22m
[2m     [90m 108 |[39m         expect(result[33m.[39mexecutionResult)[33m.[39mtoBeDefined()[33m;[39m[22m
[2m     [90m 109 |[39m         expect(result[33m.[39mexecutionResult[33m![39m[33m.[39mmetadata[33m?[39m[33m.[39m[[32m'processedBy'[39m])[33m.[39mtoContain([32m'trading'[39m)[33m;[39m[0m[22m
[2m[22m
[2m      [2mat [22m[2m[0m[36mtests/integration/orchestrator/orchestrator.test.ts[39m[0m[2m:106:40[22m[2m[22m

[1m[31m  [1m● [22m[1mOrchestrator Agent Integration Tests › Query Classification and Routing › Price Inquiries › should handle price inquiry: "XRPの相場は？"[39m[22m

    [2mexpect([22m[31mreceived[39m[2m).[22mtoBe[2m([22m[32mexpected[39m[2m) // Object.is equality[22m

    Expected: [32m"price_inquiry"[39m
    Received: [31m"conversational"[39m
[2m[22m
[2m    [0m [90m 104 |[39m         [36mconst[39m result [33m=[39m [36mawait[39m executeImprovedOrchestrator(query[33m,[39m testSessionId[33m,[39m defaultContext)[33m;[39m[22m
[2m     [90m 105 |[39m         [22m
[2m    [31m[1m>[22m[2m[39m[90m 106 |[39m         expect(result[33m.[39manalysis[33m.[39mintent)[33m.[39mtoBe([32m'price_inquiry'[39m)[33m;[39m[22m
[2m     [90m     |[39m                                        [31m[1m^[22m[2m[39m[22m
[2m     [90m 107 |[39m         expect(result[33m.[39manalysis[33m.[39mconfidence)[33m.[39mtoBeGreaterThan([33mCONFIDENCE_THRESHOLD[39m)[33m;[39m[22m
[2m     [90m 108 |[39m         expect(result[33m.[39mexecutionResult)[33m.[39mtoBeDefined()[33m;[39m[22m
[2m     [90m 109 |[39m         expect(result[33m.[39mexecutionResult[33m![39m[33m.[39mmetadata[33m?[39m[33m.[39m[[32m'processedBy'[39m])[33m.[39mtoContain([32m'trading'[39m)[33m;[39m[0m[22m
[2m[22m
[2m      [2mat [22m[2m[0m[36mtests/integration/orchestrator/orchestrator.test.ts[39m[0m[2m:106:40[22m[2m[22m

[1m[31m  [1m● [22m[1mOrchestrator Agent Integration Tests › Query Classification and Routing › Price Inquiries › should handle price inquiry: "BTC prc?"[39m[22m

    [2mexpect([22m[31mreceived[39m[2m).[22mtoBe[2m([22m[32mexpected[39m[2m) // Object.is equality[22m

    Expected: [32m"price_inquiry"[39m
    Received: [31m"conversational"[39m
[2m[22m
[2m    [0m [90m 104 |[39m         [36mconst[39m result [33m=[39m [36mawait[39m executeImprovedOrchestrator(query[33m,[39m testSessionId[33m,[39m defaultContext)[33m;[39m[22m
[2m     [90m 105 |[39m         [22m
[2m    [31m[1m>[22m[2m[39m[90m 106 |[39m         expect(result[33m.[39manalysis[33m.[39mintent)[33m.[39mtoBe([32m'price_inquiry'[39m)[33m;[39m[22m
[2m     [90m     |[39m                                        [31m[1m^[22m[2m[39m[22m
[2m     [90m 107 |[39m         expect(result[33m.[39manalysis[33m.[39mconfidence)[33m.[39mtoBeGreaterThan([33mCONFIDENCE_THRESHOLD[39m)[33m;[39m[22m
[2m     [90m 108 |[39m         expect(result[33m.[39mexecutionResult)[33m.[39mtoBeDefined()[33m;[39m[22m
[2m     [90m 109 |[39m         expect(result[33m.[39mexecutionResult[33m![39m[33m.[39mmetadata[33m?[39m[33m.[39m[[32m'processedBy'[39m])[33m.[39mtoContain([32m'trading'[39m)[33m;[39m[0m[22m
[2m[22m
[2m      [2mat [22m[2m[0m[36mtests/integration/orchestrator/orchestrator.test.ts[39m[0m[2m:106:40[22m[2m[22m

[1m[31m  [1m● [22m[1mOrchestrator Agent Integration Tests › Query Classification and Routing › Technical Analysis › should handle analysis request: "BTCの技術分析をして"[39m[22m

    [2mexpect([22m[31mreceived[39m[2m).[22mtoContain[2m([22m[32mexpected[39m[2m) // indexOf[22m

    Expected value: [32m"conversational"[39m
    Received array: [31m["analysis", "entry_proposal"][39m
[2m[22m
[2m    [0m [90m 124 |[39m         [36mconst[39m result [33m=[39m [36mawait[39m executeImprovedOrchestrator(query[33m,[39m testSessionId[33m,[39m defaultContext)[33m;[39m[22m
[2m     [90m 125 |[39m         [22m
[2m    [31m[1m>[22m[2m[39m[90m 126 |[39m         expect([[32m'analysis'[39m[33m,[39m [32m'entry_proposal'[39m])[33m.[39mtoContain(result[33m.[39manalysis[33m.[39mintent)[33m;[39m[22m
[2m     [90m     |[39m                                                [31m[1m^[22m[2m[39m[22m
[2m     [90m 127 |[39m         expect(result[33m.[39manalysis[33m.[39mconfidence)[33m.[39mtoBeGreaterThan([33mCONFIDENCE_THRESHOLD[39m)[33m;[39m[22m
[2m     [90m 128 |[39m         expect(result[33m.[39mexecutionResult)[33m.[39mtoBeDefined()[33m;[39m[22m
[2m     [90m 129 |[39m         expect(result[33m.[39mexecutionResult[33m![39m[33m.[39mmetadata[33m?[39m[33m.[39m[[32m'processedBy'[39m])[33m.[39mtoContain([32m'trading'[39m)[33m;[39m[0m[22m
[2m[22m
[2m      [2mat [22m[2m[0m[36mtests/integration/orchestrator/orchestrator.test.ts[39m[0m[2m:126:48[22m[2m[22m

[1m[31m  [1m● [22m[1mOrchestrator Agent Integration Tests › Query Classification and Routing › Technical Analysis › should handle analysis request: "エントリーポイントを提案して"[39m[22m

    [2mexpect([22m[31mreceived[39m[2m).[22mtoContain[2m([22m[32mexpected[39m[2m) // indexOf[22m

    Expected value: [32m"proposal_request"[39m
    Received array: [31m["analysis", "entry_proposal"][39m
[2m[22m
[2m    [0m [90m 124 |[39m         [36mconst[39m result [33m=[39m [36mawait[39m executeImprovedOrchestrator(query[33m,[39m testSessionId[33m,[39m defaultContext)[33m;[39m[22m
[2m     [90m 125 |[39m         [22m
[2m    [31m[1m>[22m[2m[39m[90m 126 |[39m         expect([[32m'analysis'[39m[33m,[39m [32m'entry_proposal'[39m])[33m.[39mtoContain(result[33m.[39manalysis[33m.[39mintent)[33m;[39m[22m
[2m     [90m     |[39m                                                [31m[1m^[22m[2m[39m[22m
[2m     [90m 127 |[39m         expect(result[33m.[39manalysis[33m.[39mconfidence)[33m.[39mtoBeGreaterThan([33mCONFIDENCE_THRESHOLD[39m)[33m;[39m[22m
[2m     [90m 128 |[39m         expect(result[33m.[39mexecutionResult)[33m.[39mtoBeDefined()[33m;[39m[22m
[2m     [90m 129 |[39m         expect(result[33m.[39mexecutionResult[33m![39m[33m.[39mmetadata[33m?[39m[33m.[39m[[32m'processedBy'[39m])[33m.[39mtoContain([32m'trading'[39m)[33m;[39m[0m[22m
[2m[22m
[2m      [2mat [22m[2m[0m[36mtests/integration/orchestrator/orchestrator.test.ts[39m[0m[2m:126:48[22m[2m[22m

[1m[31m  [1m● [22m[1mOrchestrator Agent Integration Tests › Query Classification and Routing › Technical Analysis › should handle analysis request: "サポートとレジスタンスラインを分析して"[39m[22m

    [2mexpect([22m[31mreceived[39m[2m).[22mtoContain[2m([22m[32mexpected[39m[2m) // indexOf[22m

    Expected value: [32m"conversational"[39m
    Received array: [31m["analysis", "entry_proposal"][39m
[2m[22m
[2m    [0m [90m 124 |[39m         [36mconst[39m result [33m=[39m [36mawait[39m executeImprovedOrchestrator(query[33m,[39m testSessionId[33m,[39m defaultContext)[33m;[39m[22m
[2m     [90m 125 |[39m         [22m
[2m    [31m[1m>[22m[2m[39m[90m 126 |[39m         expect([[32m'analysis'[39m[33m,[39m [32m'entry_proposal'[39m])[33m.[39mtoContain(result[33m.[39manalysis[33m.[39mintent)[33m;[39m[22m
[2m     [90m     |[39m                                                [31m[1m^[22m[2m[39m[22m
[2m     [90m 127 |[39m         expect(result[33m.[39manalysis[33m.[39mconfidence)[33m.[39mtoBeGreaterThan([33mCONFIDENCE_THRESHOLD[39m)[33m;[39m[22m
[2m     [90m 128 |[39m         expect(result[33m.[39mexecutionResult)[33m.[39mtoBeDefined()[33m;[39m[22m
[2m     [90m 129 |[39m         expect(result[33m.[39mexecutionResult[33m![39m[33m.[39mmetadata[33m?[39m[33m.[39m[[32m'processedBy'[39m])[33m.[39mtoContain([32m'trading'[39m)[33m;[39m[0m[22m
[2m[22m
[2m      [2mat [22m[2m[0m[36mtests/integration/orchestrator/orchestrator.test.ts[39m[0m[2m:126:48[22m[2m[22m

[1m[31m  [1m● [22m[1mOrchestrator Agent Integration Tests › Query Classification and Routing › Technical Analysis › should handle analysis request: "BTCのTAお願い"[39m[22m

    [2mexpect([22m[31mreceived[39m[2m).[22mtoContain[2m([22m[32mexpected[39m[2m) // indexOf[22m

    Expected value: [32m"conversational"[39m
    Received array: [31m["analysis", "entry_proposal"][39m
[2m[22m
[2m    [0m [90m 124 |[39m         [36mconst[39m result [33m=[39m [36mawait[39m executeImprovedOrchestrator(query[33m,[39m testSessionId[33m,[39m defaultContext)[33m;[39m[22m
[2m     [90m 125 |[39m         [22m
[2m    [31m[1m>[22m[2m[39m[90m 126 |[39m         expect([[32m'analysis'[39m[33m,[39m [32m'entry_proposal'[39m])[33m.[39mtoContain(result[33m.[39manalysis[33m.[39mintent)[33m;[39m[22m
[2m     [90m     |[39m                                                [31m[1m^[22m[2m[39m[22m
[2m     [90m 127 |[39m         expect(result[33m.[39manalysis[33m.[39mconfidence)[33m.[39mtoBeGreaterThan([33mCONFIDENCE_THRESHOLD[39m)[33m;[39m[22m
[2m     [90m 128 |[39m         expect(result[33m.[39mexecutionResult)[33m.[39mtoBeDefined()[33m;[39m[22m
[2m     [90m 129 |[39m         expect(result[33m.[39mexecutionResult[33m![39m[33m.[39mmetadata[33m?[39m[33m.[39m[[32m'processedBy'[39m])[33m.[39mtoContain([32m'trading'[39m)[33m;[39m[0m[22m
[2m[22m
[2m      [2mat [22m[2m[0m[36mtests/integration/orchestrator/orchestrator.test.ts[39m[0m[2m:126:48[22m[2m[22m

[1m[31m  [1m● [22m[1mOrchestrator Agent Integration Tests › Query Classification and Routing › Technical Analysis › should handle analysis request: "ETHのFAを見せて"[39m[22m

    [2mexpect([22m[31mreceived[39m[2m).[22mtoContain[2m([22m[32mexpected[39m[2m) // indexOf[22m

    Expected value: [32m"conversational"[39m
    Received array: [31m["analysis", "entry_proposal"][39m
[2m[22m
[2m    [0m [90m 124 |[39m         [36mconst[39m result [33m=[39m [36mawait[39m executeImprovedOrchestrator(query[33m,[39m testSessionId[33m,[39m defaultContext)[33m;[39m[22m
[2m     [90m 125 |[39m         [22m
[2m    [31m[1m>[22m[2m[39m[90m 126 |[39m         expect([[32m'analysis'[39m[33m,[39m [32m'entry_proposal'[39m])[33m.[39mtoContain(result[33m.[39manalysis[33m.[39mintent)[33m;[39m[22m
[2m     [90m     |[39m                                                [31m[1m^[22m[2m[39m[22m
[2m     [90m 127 |[39m         expect(result[33m.[39manalysis[33m.[39mconfidence)[33m.[39mtoBeGreaterThan([33mCONFIDENCE_THRESHOLD[39m)[33m;[39m[22m
[2m     [90m 128 |[39m         expect(result[33m.[39mexecutionResult)[33m.[39mtoBeDefined()[33m;[39m[22m
[2m     [90m 129 |[39m         expect(result[33m.[39mexecutionResult[33m![39m[33m.[39mmetadata[33m?[39m[33m.[39m[[32m'processedBy'[39m])[33m.[39mtoContain([32m'trading'[39m)[33m;[39m[0m[22m
[2m[22m
[2m      [2mat [22m[2m[0m[36mtests/integration/orchestrator/orchestrator.test.ts[39m[0m[2m:126:48[22m[2m[22m

[1m[31m  [1m● [22m[1mOrchestrator Agent Integration Tests › Query Classification and Routing › Technical Analysis › should handle analysis request: "エントリーとexitの見解は？"[39m[22m

    [2mexpect([22m[31mreceived[39m[2m).[22mtoContain[2m([22m[32mexpected[39m[2m) // indexOf[22m

    Expected value: [32m"conversational"[39m
    Received array: [31m["analysis", "entry_proposal"][39m
[2m[22m
[2m    [0m [90m 124 |[39m         [36mconst[39m result [33m=[39m [36mawait[39m executeImprovedOrchestrator(query[33m,[39m testSessionId[33m,[39m defaultContext)[33m;[39m[22m
[2m     [90m 125 |[39m         [22m
[2m    [31m[1m>[22m[2m[39m[90m 126 |[39m         expect([[32m'analysis'[39m[33m,[39m [32m'entry_proposal'[39m])[33m.[39mtoContain(result[33m.[39manalysis[33m.[39mintent)[33m;[39m[22m
[2m     [90m     |[39m                                                [31m[1m^[22m[2m[39m[22m
[2m     [90m 127 |[39m         expect(result[33m.[39manalysis[33m.[39mconfidence)[33m.[39mtoBeGreaterThan([33mCONFIDENCE_THRESHOLD[39m)[33m;[39m[22m
[2m     [90m 128 |[39m         expect(result[33m.[39mexecutionResult)[33m.[39mtoBeDefined()[33m;[39m[22m
[2m     [90m 129 |[39m         expect(result[33m.[39mexecutionResult[33m![39m[33m.[39mmetadata[33m?[39m[33m.[39m[[32m'processedBy'[39m])[33m.[39mtoContain([32m'trading'[39m)[33m;[39m[0m[22m
[2m[22m
[2m      [2mat [22m[2m[0m[36mtests/integration/orchestrator/orchestrator.test.ts[39m[0m[2m:126:48[22m[2m[22m

[1m[31m  [1m● [22m[1mOrchestrator Agent Integration Tests › Query Classification and Routing › UI Operations › should handle UI operation: "BTCのチャートに切り替えて"[39m[22m

    [2mexpect([22m[31mreceived[39m[2m).[22mtoBe[2m([22m[32mexpected[39m[2m) // Object.is equality[22m

    Expected: [32m"[7mui_contro[27ml"[39m
    Received: [31m"[7mconversationa[27ml"[39m
[2m[22m
[2m    [0m [90m 144 |[39m         [36mconst[39m result [33m=[39m [36mawait[39m executeImprovedOrchestrator(query[33m,[39m testSessionId[33m,[39m defaultContext)[33m;[39m[22m
[2m     [90m 145 |[39m         [22m
[2m    [31m[1m>[22m[2m[39m[90m 146 |[39m         expect(result[33m.[39manalysis[33m.[39mintent)[33m.[39mtoBe([32m'ui_control'[39m)[33m;[39m[22m
[2m     [90m     |[39m                                        [31m[1m^[22m[2m[39m[22m
[2m     [90m 147 |[39m         expect(result[33m.[39manalysis[33m.[39mconfidence)[33m.[39mtoBeGreaterThan([33mCONFIDENCE_THRESHOLD[39m)[33m;[39m[22m
[2m     [90m 148 |[39m         expect(result[33m.[39mexecutionResult)[33m.[39mtoBeDefined()[33m;[39m[22m
[2m     [90m 149 |[39m         expect(result[33m.[39mexecutionResult[33m![39m[33m.[39mmetadata[33m?[39m[33m.[39m[[32m'processedBy'[39m])[33m.[39mtoContain([32m'chart'[39m)[33m;[39m[0m[22m
[2m[22m
[2m      [2mat [22m[2m[0m[36mtests/integration/orchestrator/orchestrator.test.ts[39m[0m[2m:146:40[22m[2m[22m

[1m[31m  [1m● [22m[1mOrchestrator Agent Integration Tests › Query Classification and Routing › UI Operations › should handle UI operation: "トレンドラインを描いて"[39m[22m

    [2mexpect([22m[31mreceived[39m[2m).[22mtoBe[2m([22m[32mexpected[39m[2m) // Object.is equality[22m

    Expected: [32m"[7mui_contro[27ml"[39m
    Received: [31m"[7mconversationa[27ml"[39m
[2m[22m
[2m    [0m [90m 144 |[39m         [36mconst[39m result [33m=[39m [36mawait[39m executeImprovedOrchestrator(query[33m,[39m testSessionId[33m,[39m defaultContext)[33m;[39m[22m
[2m     [90m 145 |[39m         [22m
[2m    [31m[1m>[22m[2m[39m[90m 146 |[39m         expect(result[33m.[39manalysis[33m.[39mintent)[33m.[39mtoBe([32m'ui_control'[39m)[33m;[39m[22m
[2m     [90m     |[39m                                        [31m[1m^[22m[2m[39m[22m
[2m     [90m 147 |[39m         expect(result[33m.[39manalysis[33m.[39mconfidence)[33m.[39mtoBeGreaterThan([33mCONFIDENCE_THRESHOLD[39m)[33m;[39m[22m
[2m     [90m 148 |[39m         expect(result[33m.[39mexecutionResult)[33m.[39mtoBeDefined()[33m;[39m[22m
[2m     [90m 149 |[39m         expect(result[33m.[39mexecutionResult[33m![39m[33m.[39mmetadata[33m?[39m[33m.[39m[[32m'processedBy'[39m])[33m.[39mtoContain([32m'chart'[39m)[33m;[39m[0m[22m
[2m[22m
[2m      [2mat [22m[2m[0m[36mtests/integration/orchestrator/orchestrator.test.ts[39m[0m[2m:146:40[22m[2m[22m

[1m[31m  [1m● [22m[1mOrchestrator Agent Integration Tests › Query Classification and Routing › UI Operations › should handle UI operation: "15分足に変更して"[39m[22m

    [2mexpect([22m[31mreceived[39m[2m).[22mtoBe[2m([22m[32mexpected[39m[2m) // Object.is equality[22m

    Expected: [32m"[7mui_contro[27ml"[39m
    Received: [31m"[7mconversationa[27ml"[39m
[2m[22m
[2m    [0m [90m 144 |[39m         [36mconst[39m result [33m=[39m [36mawait[39m executeImprovedOrchestrator(query[33m,[39m testSessionId[33m,[39m defaultContext)[33m;[39m[22m
[2m     [90m 145 |[39m         [22m
[2m    [31m[1m>[22m[2m[39m[90m 146 |[39m         expect(result[33m.[39manalysis[33m.[39mintent)[33m.[39mtoBe([32m'ui_control'[39m)[33m;[39m[22m
[2m     [90m     |[39m                                        [31m[1m^[22m[2m[39m[22m
[2m     [90m 147 |[39m         expect(result[33m.[39manalysis[33m.[39mconfidence)[33m.[39mtoBeGreaterThan([33mCONFIDENCE_THRESHOLD[39m)[33m;[39m[22m
[2m     [90m 148 |[39m         expect(result[33m.[39mexecutionResult)[33m.[39mtoBeDefined()[33m;[39m[22m
[2m     [90m 149 |[39m         expect(result[33m.[39mexecutionResult[33m![39m[33m.[39mmetadata[33m?[39m[33m.[39m[[32m'processedBy'[39m])[33m.[39mtoContain([32m'chart'[39m)[33m;[39m[0m[22m
[2m[22m
[2m      [2mat [22m[2m[0m[36mtests/integration/orchestrator/orchestrator.test.ts[39m[0m[2m:146:40[22m[2m[22m

[1m[31m  [1m● [22m[1mOrchestrator Agent Integration Tests › Query Classification and Routing › UI Operations › should handle UI operation: "MAを表示して"[39m[22m

    [2mexpect([22m[31mreceived[39m[2m).[22mtoBe[2m([22m[32mexpected[39m[2m) // Object.is equality[22m

    Expected: [32m"[7mui_contro[27ml"[39m
    Received: [31m"[7mconversationa[27ml"[39m
[2m[22m
[2m    [0m [90m 144 |[39m         [36mconst[39m result [33m=[39m [36mawait[39m executeImprovedOrchestrator(query[33m,[39m testSessionId[33m,[39m defaultContext)[33m;[39m[22m
[2m     [90m 145 |[39m         [22m
[2m    [31m[1m>[22m[2m[39m[90m 146 |[39m         expect(result[33m.[39manalysis[33m.[39mintent)[33m.[39mtoBe([32m'ui_control'[39m)[33m;[39m[22m
[2m     [90m     |[39m                                        [31m[1m^[22m[2m[39m[22m
[2m     [90m 147 |[39m         expect(result[33m.[39manalysis[33m.[39mconfidence)[33m.[39mtoBeGreaterThan([33mCONFIDENCE_THRESHOLD[39m)[33m;[39m[22m
[2m     [90m 148 |[39m         expect(result[33m.[39mexecutionResult)[33m.[39mtoBeDefined()[33m;[39m[22m
[2m     [90m 149 |[39m         expect(result[33m.[39mexecutionResult[33m![39m[33m.[39mmetadata[33m?[39m[33m.[39m[[32m'processedBy'[39m])[33m.[39mtoContain([32m'chart'[39m)[33m;[39m[0m[22m
[2m[22m
[2m      [2mat [22m[2m[0m[36mtests/integration/orchestrator/orchestrator.test.ts[39m[0m[2m:146:40[22m[2m[22m

[1m[31m  [1m● [22m[1mOrchestrator Agent Integration Tests › Query Classification and Routing › UI Operations › should handle UI operation: "チャートswして"[39m[22m

    [2mexpect([22m[31mreceived[39m[2m).[22mtoBe[2m([22m[32mexpected[39m[2m) // Object.is equality[22m

    Expected: [32m"[7mui_contro[27ml"[39m
    Received: [31m"[7mconversationa[27ml"[39m
[2m[22m
[2m    [0m [90m 144 |[39m         [36mconst[39m result [33m=[39m [36mawait[39m executeImprovedOrchestrator(query[33m,[39m testSessionId[33m,[39m defaultContext)[33m;[39m[22m
[2m     [90m 145 |[39m         [22m
[2m    [31m[1m>[22m[2m[39m[90m 146 |[39m         expect(result[33m.[39manalysis[33m.[39mintent)[33m.[39mtoBe([32m'ui_control'[39m)[33m;[39m[22m
[2m     [90m     |[39m                                        [31m[1m^[22m[2m[39m[22m
[2m     [90m 147 |[39m         expect(result[33m.[39manalysis[33m.[39mconfidence)[33m.[39mtoBeGreaterThan([33mCONFIDENCE_THRESHOLD[39m)[33m;[39m[22m
[2m     [90m 148 |[39m         expect(result[33m.[39mexecutionResult)[33m.[39mtoBeDefined()[33m;[39m[22m
[2m     [90m 149 |[39m         expect(result[33m.[39mexecutionResult[33m![39m[33m.[39mmetadata[33m?[39m[33m.[39m[[32m'processedBy'[39m])[33m.[39mtoContain([32m'chart'[39m)[33m;[39m[0m[22m
[2m[22m
[2m      [2mat [22m[2m[0m[36mtests/integration/orchestrator/orchestrator.test.ts[39m[0m[2m:146:40[22m[2m[22m

[1m[31m  [1m● [22m[1mOrchestrator Agent Integration Tests › Query Classification and Routing › UI Operations › should handle UI operation: "tfを1hにchg"[39m[22m

    [2mexpect([22m[31mreceived[39m[2m).[22mtoBe[2m([22m[32mexpected[39m[2m) // Object.is equality[22m

    Expected: [32m"[7mui_contro[27ml"[39m
    Received: [31m"[7mconversationa[27ml"[39m
[2m[22m
[2m    [0m [90m 144 |[39m         [36mconst[39m result [33m=[39m [36mawait[39m executeImprovedOrchestrator(query[33m,[39m testSessionId[33m,[39m defaultContext)[33m;[39m[22m
[2m     [90m 145 |[39m         [22m
[2m    [31m[1m>[22m[2m[39m[90m 146 |[39m         expect(result[33m.[39manalysis[33m.[39mintent)[33m.[39mtoBe([32m'ui_control'[39m)[33m;[39m[22m
[2m     [90m     |[39m                                        [31m[1m^[22m[2m[39m[22m
[2m     [90m 147 |[39m         expect(result[33m.[39manalysis[33m.[39mconfidence)[33m.[39mtoBeGreaterThan([33mCONFIDENCE_THRESHOLD[39m)[33m;[39m[22m
[2m     [90m 148 |[39m         expect(result[33m.[39mexecutionResult)[33m.[39mtoBeDefined()[33m;[39m[22m
[2m     [90m 149 |[39m         expect(result[33m.[39mexecutionResult[33m![39m[33m.[39mmetadata[33m?[39m[33m.[39m[[32m'processedBy'[39m])[33m.[39mtoContain([32m'chart'[39m)[33m;[39m[0m[22m
[2m[22m
[2m      [2mat [22m[2m[0m[36mtests/integration/orchestrator/orchestrator.test.ts[39m[0m[2m:146:40[22m[2m[22m

[1m[31m  [1m● [22m[1mOrchestrator Agent Integration Tests › Context-Aware Processing › should adapt responses based on user level[39m[22m

    TypeError: Cannot read properties of undefined (reading 'response')
[2m[22m
[2m    [0m [90m 170 |[39m       )[33m;[39m[22m
[2m     [90m 171 |[39m       [22m
[2m    [31m[1m>[22m[2m[39m[90m 172 |[39m       expect(beginnerResult[33m.[39mexecutionResult[33m![39m[33m.[39mresponse)[33m.[39mtoBeDefined()[33m;[39m[22m
[2m     [90m     |[39m                                              [31m[1m^[22m[2m[39m[22m
[2m     [90m 173 |[39m       expect(expertResult[33m.[39mexecutionResult[33m![39m[33m.[39mresponse)[33m.[39mtoBeDefined()[33m;[39m[22m
[2m     [90m 174 |[39m       [90m// Responses should be different based on user level[39m[22m
[2m     [90m 175 |[39m       expect(beginnerResult[33m.[39mexecutionResult[33m![39m[33m.[39mresponse)[33m.[39mnot[33m.[39mtoBe(expertResult[33m.[39mexecutionResult[33m![39m[33m.[39mresponse)[33m;[39m[0m[22m
[2m[22m
[2m      [2mat Object.<anonymous> ([22m[2m[0m[36mtests/integration/orchestrator/orchestrator.test.ts[39m[0m[2m:172:46)[22m[2m[22m

[1m[31m  [1m● [22m[1mOrchestrator Agent Integration Tests › Error Handling › should handle empty queries gracefully[39m[22m

    [2mexpect([22m[31mreceived[39m[2m).[22mtoBeDefined[2m()[22m

    Received: [31mundefined[39m
[2m[22m
[2m    [0m [90m 201 |[39m       [22m
[2m     [90m 202 |[39m       expect(result[33m.[39manalysis)[33m.[39mtoBeDefined()[33m;[39m[22m
[2m    [31m[1m>[22m[2m[39m[90m 203 |[39m       expect(result[33m.[39mexecutionResult)[33m.[39mtoBeDefined()[33m;[39m[22m
[2m     [90m     |[39m                                      [31m[1m^[22m[2m[39m[22m
[2m     [90m 204 |[39m     })[33m;[39m[22m
[2m     [90m 205 |[39m[22m
[2m     [90m 206 |[39m     test([32m'should handle undefined context gracefully'[39m[33m,[39m [36masync[39m () [33m=>[39m {[0m[22m
[2m[22m
[2m      [2mat Object.<anonymous> ([22m[2m[0m[36mtests/integration/orchestrator/orchestrator.test.ts[39m[0m[2m:203:38)[22m[2m[22m

[1m[31m  [1m● [22m[1mOrchestrator Agent Integration Tests › Error Handling › should handle undefined context gracefully[39m[22m

    [2mexpect([22m[31mreceived[39m[2m).[22mtoBeDefined[2m()[22m

    Received: [31mundefined[39m
[2m[22m
[2m    [0m [90m 208 |[39m       [22m
[2m     [90m 209 |[39m       expect(result[33m.[39manalysis)[33m.[39mtoBeDefined()[33m;[39m[22m
[2m    [31m[1m>[22m[2m[39m[90m 210 |[39m       expect(result[33m.[39mexecutionResult)[33m.[39mtoBeDefined()[33m;[39m[22m
[2m     [90m     |[39m                                      [31m[1m^[22m[2m[39m[22m
[2m     [90m 211 |[39m     })[33m;[39m[22m
[2m     [90m 212 |[39m   })[33m;[39m[22m
[2m     [90m 213 |[39m[0m[22m
[2m[22m
[2m      [2mat Object.<anonymous> ([22m[2m[0m[36mtests/integration/orchestrator/orchestrator.test.ts[39m[0m[2m:210:38)[22m[2m[22m

[1m[31m  [1m● [22m[1mOrchestrator Agent Integration Tests › Conversation Continuity › should maintain context across multiple queries[39m[22m

    [2mexpect([22m[31mreceived[39m[2m).[22mtoBeDefined[2m()[22m

    Received: [31mundefined[39m
[2m[22m
[2m    [0m [90m 230 |[39m       )[33m;[39m[22m
[2m     [90m 231 |[39m       [22m
[2m    [31m[1m>[22m[2m[39m[90m 232 |[39m       expect(query1[33m.[39mexecutionResult)[33m.[39mtoBeDefined()[33m;[39m[22m
[2m     [90m     |[39m                                      [31m[1m^[22m[2m[39m[22m
[2m     [90m 233 |[39m       expect(query2[33m.[39mexecutionResult)[33m.[39mtoBeDefined()[33m;[39m[22m
[2m     [90m 234 |[39m       [90m// Second query should understand context from first[39m[22m
[2m     [90m 235 |[39m       expect(query2[33m.[39mexecutionResult[33m![39m[33m.[39mresponse)[33m.[39mtoContain([32m'BTC'[39m)[33m;[39m[0m[22m
[2m[22m
[2m      [2mat Object.<anonymous> ([22m[2m[0m[36mtests/integration/orchestrator/orchestrator.test.ts[39m[0m[2m:232:38)[22m[2m[22m

[1m[31m  [1m● [22m[1mIntent Analysis Accuracy › should correctly identify "BTCを表示" as ui_control (not price_inquiry)[39m[22m

    [2mexpect([22m[31mreceived[39m[2m).[22mtoBe[2m([22m[32mexpected[39m[2m) // Object.is equality[22m

    Expected: [32m"[7mui_contro[27ml"[39m
    Received: [31m"[7mconversationa[27ml"[39m
[2m[22m
[2m    [0m [90m 268 |[39m[22m
[2m     [90m 269 |[39m       [36mtry[39m {[22m
[2m    [31m[1m>[22m[2m[39m[90m 270 |[39m         expect(result[33m.[39manalysis[33m.[39mintent)[33m.[39mtoBe(expectedIntent)[33m;[39m[22m
[2m     [90m     |[39m                                        [31m[1m^[22m[2m[39m[22m
[2m     [90m 271 |[39m         expect(result[33m.[39manalysis[33m.[39mintent)[33m.[39mnot[33m.[39mtoBe(notIntent)[33m;[39m[22m
[2m     [90m 272 |[39m         expect(result[33m.[39manalysis[33m.[39mconfidence)[33m.[39mtoBeGreaterThan([33mCONFIDENCE_THRESHOLD[39m)[33m;[39m[22m
[2m     [90m 273 |[39m         passed [33m=[39m [36mtrue[39m[33m;[39m[0m[22m
[2m[22m
[2m      [2mat [22m[2m[0m[36mtests/integration/orchestrator/orchestrator.test.ts[39m[0m[2m:270:40[22m[2m[22m

[1m[31m  [1m● [22m[1mIntent Analysis Accuracy › should correctly identify "ビットコインのチャートを見せて" as ui_control (not price_inquiry)[39m[22m

    [2mexpect([22m[31mreceived[39m[2m).[22mtoBe[2m([22m[32mexpected[39m[2m) // Object.is equality[22m

    Expected: [32m"[7mui_contro[27ml"[39m
    Received: [31m"[7mconversationa[27ml"[39m
[2m[22m
[2m    [0m [90m 268 |[39m[22m
[2m     [90m 269 |[39m       [36mtry[39m {[22m
[2m    [31m[1m>[22m[2m[39m[90m 270 |[39m         expect(result[33m.[39manalysis[33m.[39mintent)[33m.[39mtoBe(expectedIntent)[33m;[39m[22m
[2m     [90m     |[39m                                        [31m[1m^[22m[2m[39m[22m
[2m     [90m 271 |[39m         expect(result[33m.[39manalysis[33m.[39mintent)[33m.[39mnot[33m.[39mtoBe(notIntent)[33m;[39m[22m
[2m     [90m 272 |[39m         expect(result[33m.[39manalysis[33m.[39mconfidence)[33m.[39mtoBeGreaterThan([33mCONFIDENCE_THRESHOLD[39m)[33m;[39m[22m
[2m     [90m 273 |[39m         passed [33m=[39m [36mtrue[39m[33m;[39m[0m[22m
[2m[22m
[2m      [2mat [22m[2m[0m[36mtests/integration/orchestrator/orchestrator.test.ts[39m[0m[2m:270:40[22m[2m[22m

[1m[31m  [1m● [22m[1mIntent Analysis Accuracy › should correctly identify "ETHに切り替えて" as ui_control (not price_inquiry)[39m[22m

    [2mexpect([22m[31mreceived[39m[2m).[22mtoBe[2m([22m[32mexpected[39m[2m) // Object.is equality[22m

    Expected: [32m"[7mui_contro[27ml"[39m
    Received: [31m"[7mconversationa[27ml"[39m
[2m[22m
[2m    [0m [90m 268 |[39m[22m
[2m     [90m 269 |[39m       [36mtry[39m {[22m
[2m    [31m[1m>[22m[2m[39m[90m 270 |[39m         expect(result[33m.[39manalysis[33m.[39mintent)[33m.[39mtoBe(expectedIntent)[33m;[39m[22m
[2m     [90m     |[39m                                        [31m[1m^[22m[2m[39m[22m
[2m     [90m 271 |[39m         expect(result[33m.[39manalysis[33m.[39mintent)[33m.[39mnot[33m.[39mtoBe(notIntent)[33m;[39m[22m
[2m     [90m 272 |[39m         expect(result[33m.[39manalysis[33m.[39mconfidence)[33m.[39mtoBeGreaterThan([33mCONFIDENCE_THRESHOLD[39m)[33m;[39m[22m
[2m     [90m 273 |[39m         passed [33m=[39m [36mtrue[39m[33m;[39m[0m[22m
[2m[22m
[2m      [2mat [22m[2m[0m[36mtests/integration/orchestrator/orchestrator.test.ts[39m[0m[2m:270:40[22m[2m[22m

[1m[31m  [1m● [22m[1mIntent Analysis Accuracy › should correctly identify "BTCの価格はいくら？" as price_inquiry (not ui_control)[39m[22m

    [2mexpect([22m[31mreceived[39m[2m).[22mtoBe[2m([22m[32mexpected[39m[2m) // Object.is equality[22m

    Expected: [32m"price_inquiry"[39m
    Received: [31m"conversational"[39m
[2m[22m
[2m    [0m [90m 268 |[39m[22m
[2m     [90m 269 |[39m       [36mtry[39m {[22m
[2m    [31m[1m>[22m[2m[39m[90m 270 |[39m         expect(result[33m.[39manalysis[33m.[39mintent)[33m.[39mtoBe(expectedIntent)[33m;[39m[22m
[2m     [90m     |[39m                                        [31m[1m^[22m[2m[39m[22m
[2m     [90m 271 |[39m         expect(result[33m.[39manalysis[33m.[39mintent)[33m.[39mnot[33m.[39mtoBe(notIntent)[33m;[39m[22m
[2m     [90m 272 |[39m         expect(result[33m.[39manalysis[33m.[39mconfidence)[33m.[39mtoBeGreaterThan([33mCONFIDENCE_THRESHOLD[39m)[33m;[39m[22m
[2m     [90m 273 |[39m         passed [33m=[39m [36mtrue[39m[33m;[39m[0m[22m
[2m[22m
[2m      [2mat [22m[2m[0m[36mtests/integration/orchestrator/orchestrator.test.ts[39m[0m[2m:270:40[22m[2m[22m

[1m[31m  [1m● [22m[1mIntent Analysis Accuracy › should correctly identify "ビットコインの値段を教えて" as price_inquiry (not ui_control)[39m[22m

    [2mexpect([22m[31mreceived[39m[2m).[22mtoBe[2m([22m[32mexpected[39m[2m) // Object.is equality[22m

    Expected: [32m"price_inquiry"[39m
    Received: [31m"conversational"[39m
[2m[22m
[2m    [0m [90m 268 |[39m[22m
[2m     [90m 269 |[39m       [36mtry[39m {[22m
[2m    [31m[1m>[22m[2m[39m[90m 270 |[39m         expect(result[33m.[39manalysis[33m.[39mintent)[33m.[39mtoBe(expectedIntent)[33m;[39m[22m
[2m     [90m     |[39m                                        [31m[1m^[22m[2m[39m[22m
[2m     [90m 271 |[39m         expect(result[33m.[39manalysis[33m.[39mintent)[33m.[39mnot[33m.[39mtoBe(notIntent)[33m;[39m[22m
[2m     [90m 272 |[39m         expect(result[33m.[39manalysis[33m.[39mconfidence)[33m.[39mtoBeGreaterThan([33mCONFIDENCE_THRESHOLD[39m)[33m;[39m[22m
[2m     [90m 273 |[39m         passed [33m=[39m [36mtrue[39m[33m;[39m[0m[22m
[2m[22m
[2m      [2mat [22m[2m[0m[36mtests/integration/orchestrator/orchestrator.test.ts[39m[0m[2m:270:40[22m[2m[22m

[1m[31m  [1m● [22m[1mIntent Analysis Accuracy › should correctly identify "BTCの分析をして" as analysis (not price_inquiry)[39m[22m

    [2mexpect([22m[31mreceived[39m[2m).[22mtoBe[2m([22m[32mexpected[39m[2m) // Object.is equality[22m

    Expected: [32m"analysis"[39m
    Received: [31m"conversational"[39m
[2m[22m
[2m    [0m [90m 268 |[39m[22m
[2m     [90m 269 |[39m       [36mtry[39m {[22m
[2m    [31m[1m>[22m[2m[39m[90m 270 |[39m         expect(result[33m.[39manalysis[33m.[39mintent)[33m.[39mtoBe(expectedIntent)[33m;[39m[22m
[2m     [90m     |[39m                                        [31m[1m^[22m[2m[39m[22m
[2m     [90m 271 |[39m         expect(result[33m.[39manalysis[33m.[39mintent)[33m.[39mnot[33m.[39mtoBe(notIntent)[33m;[39m[22m
[2m     [90m 272 |[39m         expect(result[33m.[39manalysis[33m.[39mconfidence)[33m.[39mtoBeGreaterThan([33mCONFIDENCE_THRESHOLD[39m)[33m;[39m[22m
[2m     [90m 273 |[39m         passed [33m=[39m [36mtrue[39m[33m;[39m[0m[22m
[2m[22m
[2m      [2mat [22m[2m[0m[36mtests/integration/orchestrator/orchestrator.test.ts[39m[0m[2m:270:40[22m[2m[22m

[1m[31m  [1m● [22m[1mIntent Analysis Accuracy › should correctly identify "テクニカル分析をお願い" as analysis (not ui_control)[39m[22m

    [2mexpect([22m[31mreceived[39m[2m).[22mtoBe[2m([22m[32mexpected[39m[2m) // Object.is equality[22m

    Expected: [32m"analysis"[39m
    Received: [31m"conversational"[39m
[2m[22m
[2m    [0m [90m 268 |[39m[22m
[2m     [90m 269 |[39m       [36mtry[39m {[22m
[2m    [31m[1m>[22m[2m[39m[90m 270 |[39m         expect(result[33m.[39manalysis[33m.[39mintent)[33m.[39mtoBe(expectedIntent)[33m;[39m[22m
[2m     [90m     |[39m                                        [31m[1m^[22m[2m[39m[22m
[2m     [90m 271 |[39m         expect(result[33m.[39manalysis[33m.[39mintent)[33m.[39mnot[33m.[39mtoBe(notIntent)[33m;[39m[22m
[2m     [90m 272 |[39m         expect(result[33m.[39manalysis[33m.[39mconfidence)[33m.[39mtoBeGreaterThan([33mCONFIDENCE_THRESHOLD[39m)[33m;[39m[22m
[2m     [90m 273 |[39m         passed [33m=[39m [36mtrue[39m[33m;[39m[0m[22m
[2m[22m
[2m      [2mat [22m[2m[0m[36mtests/integration/orchestrator/orchestrator.test.ts[39m[0m[2m:270:40[22m[2m[22m

[1m[31m  [1m● [22m[1mAmbiguous and Multilingual Queries › should handle "BTC価格チャート" correctly[39m[22m

    [2mexpect([22m[31mreceived[39m[2m).[22mtoBe[2m([22m[32mexpected[39m[2m) // Object.is equality[22m

    Expected: [32m"price_inquiry"[39m
    Received: [31m"conversational"[39m
[2m[22m
[2m    [0m [90m 302 |[39m     [36mconst[39m result [33m=[39m [36mawait[39m executeImprovedOrchestrator(query[33m,[39m testSessionId[33m,[39m defaultContext)[33m;[39m[22m
[2m     [90m 303 |[39m[22m
[2m    [31m[1m>[22m[2m[39m[90m 304 |[39m     expect(result[33m.[39manalysis[33m.[39mintent)[33m.[39mtoBe(expectedIntent)[33m;[39m[22m
[2m     [90m     |[39m                                    [31m[1m^[22m[2m[39m[22m
[2m     [90m 305 |[39m     expect(result[33m.[39manalysis[33m.[39mconfidence)[33m.[39mtoBeGreaterThan([33mCONFIDENCE_THRESHOLD[39m)[33m;[39m[22m
[2m     [90m 306 |[39m     expect(result[33m.[39mexecutionResult)[33m.[39mtoBeDefined()[33m;[39m[22m
[2m     [90m 307 |[39m[0m[22m
[2m[22m
[2m      [2mat [22m[2m[0m[36mtests/integration/orchestrator/orchestrator.test.ts[39m[0m[2m:304:36[22m[2m[22m

[1m[31m  [1m● [22m[1mAmbiguous and Multilingual Queries › should handle "チャートのビットコイン価格" correctly[39m[22m

    [2mexpect([22m[31mreceived[39m[2m).[22mtoBe[2m([22m[32mexpected[39m[2m) // Object.is equality[22m

    Expected: [32m"price_inquiry"[39m
    Received: [31m"conversational"[39m
[2m[22m
[2m    [0m [90m 302 |[39m     [36mconst[39m result [33m=[39m [36mawait[39m executeImprovedOrchestrator(query[33m,[39m testSessionId[33m,[39m defaultContext)[33m;[39m[22m
[2m     [90m 303 |[39m[22m
[2m    [31m[1m>[22m[2m[39m[90m 304 |[39m     expect(result[33m.[39manalysis[33m.[39mintent)[33m.[39mtoBe(expectedIntent)[33m;[39m[22m
[2m     [90m     |[39m                                    [31m[1m^[22m[2m[39m[22m
[2m     [90m 305 |[39m     expect(result[33m.[39manalysis[33m.[39mconfidence)[33m.[39mtoBeGreaterThan([33mCONFIDENCE_THRESHOLD[39m)[33m;[39m[22m
[2m     [90m 306 |[39m     expect(result[33m.[39mexecutionResult)[33m.[39mtoBeDefined()[33m;[39m[22m
[2m     [90m 307 |[39m[0m[22m
[2m[22m
[2m      [2mat [22m[2m[0m[36mtests/integration/orchestrator/orchestrator.test.ts[39m[0m[2m:304:36[22m[2m[22m

[1m[31m  [1m● [22m[1mAmbiguous and Multilingual Queries › should handle "価格チャートを表示" correctly[39m[22m

    [2mexpect([22m[31mreceived[39m[2m).[22mtoBe[2m([22m[32mexpected[39m[2m) // Object.is equality[22m

    Expected: [32m"[7mui_contro[27ml"[39m
    Received: [31m"[7mconversationa[27ml"[39m
[2m[22m
[2m    [0m [90m 302 |[39m     [36mconst[39m result [33m=[39m [36mawait[39m executeImprovedOrchestrator(query[33m,[39m testSessionId[33m,[39m defaultContext)[33m;[39m[22m
[2m     [90m 303 |[39m[22m
[2m    [31m[1m>[22m[2m[39m[90m 304 |[39m     expect(result[33m.[39manalysis[33m.[39mintent)[33m.[39mtoBe(expectedIntent)[33m;[39m[22m
[2m     [90m     |[39m                                    [31m[1m^[22m[2m[39m[22m
[2m     [90m 305 |[39m     expect(result[33m.[39manalysis[33m.[39mconfidence)[33m.[39mtoBeGreaterThan([33mCONFIDENCE_THRESHOLD[39m)[33m;[39m[22m
[2m     [90m 306 |[39m     expect(result[33m.[39mexecutionResult)[33m.[39mtoBeDefined()[33m;[39m[22m
[2m     [90m 307 |[39m[0m[22m
[2m[22m
[2m      [2mat [22m[2m[0m[36mtests/integration/orchestrator/orchestrator.test.ts[39m[0m[2m:304:36[22m[2m[22m

[1m[31m  [1m● [22m[1mAmbiguous and Multilingual Queries › should handle "What is the price of Bitcoin?" correctly[39m[22m

    [2mexpect([22m[31mreceived[39m[2m).[22mtoBe[2m([22m[32mexpected[39m[2m) // Object.is equality[22m

    Expected: [32m"price_inquiry"[39m
    Received: [31m"conversational"[39m
[2m[22m
[2m    [0m [90m 302 |[39m     [36mconst[39m result [33m=[39m [36mawait[39m executeImprovedOrchestrator(query[33m,[39m testSessionId[33m,[39m defaultContext)[33m;[39m[22m
[2m     [90m 303 |[39m[22m
[2m    [31m[1m>[22m[2m[39m[90m 304 |[39m     expect(result[33m.[39manalysis[33m.[39mintent)[33m.[39mtoBe(expectedIntent)[33m;[39m[22m
[2m     [90m     |[39m                                    [31m[1m^[22m[2m[39m[22m
[2m     [90m 305 |[39m     expect(result[33m.[39manalysis[33m.[39mconfidence)[33m.[39mtoBeGreaterThan([33mCONFIDENCE_THRESHOLD[39m)[33m;[39m[22m
[2m     [90m 306 |[39m     expect(result[33m.[39mexecutionResult)[33m.[39mtoBeDefined()[33m;[39m[22m
[2m     [90m 307 |[39m[0m[22m
[2m[22m
[2m      [2mat [22m[2m[0m[36mtests/integration/orchestrator/orchestrator.test.ts[39m[0m[2m:304:36[22m[2m[22m

[1m[31m  [1m● [22m[1mAmbiguous and Multilingual Queries › should handle "¿Cuál es el precio de Bitcoin?" correctly[39m[22m

    [2mexpect([22m[31mreceived[39m[2m).[22mtoBe[2m([22m[32mexpected[39m[2m) // Object.is equality[22m

    Expected: [32m"price_inquiry"[39m
    Received: [31m"conversational"[39m
[2m[22m
[2m    [0m [90m 302 |[39m     [36mconst[39m result [33m=[39m [36mawait[39m executeImprovedOrchestrator(query[33m,[39m testSessionId[33m,[39m defaultContext)[33m;[39m[22m
[2m     [90m 303 |[39m[22m
[2m    [31m[1m>[22m[2m[39m[90m 304 |[39m     expect(result[33m.[39manalysis[33m.[39mintent)[33m.[39mtoBe(expectedIntent)[33m;[39m[22m
[2m     [90m     |[39m                                    [31m[1m^[22m[2m[39m[22m
[2m     [90m 305 |[39m     expect(result[33m.[39manalysis[33m.[39mconfidence)[33m.[39mtoBeGreaterThan([33mCONFIDENCE_THRESHOLD[39m)[33m;[39m[22m
[2m     [90m 306 |[39m     expect(result[33m.[39mexecutionResult)[33m.[39mtoBeDefined()[33m;[39m[22m
[2m     [90m 307 |[39m[0m[22m
[2m[22m
[2m      [2mat [22m[2m[0m[36mtests/integration/orchestrator/orchestrator.test.ts[39m[0m[2m:304:36[22m[2m[22m

[1m[31m  [1m● [22m[1mAmbiguous and Multilingual Queries › should handle "比特币价格是多少？" correctly[39m[22m

    [2mexpect([22m[31mreceived[39m[2m).[22mtoBe[2m([22m[32mexpected[39m[2m) // Object.is equality[22m

    Expected: [32m"price_inquiry"[39m
    Received: [31m"conversational"[39m
[2m[22m
[2m    [0m [90m 302 |[39m     [36mconst[39m result [33m=[39m [36mawait[39m executeImprovedOrchestrator(query[33m,[39m testSessionId[33m,[39m defaultContext)[33m;[39m[22m
[2m     [90m 303 |[39m[22m
[2m    [31m[1m>[22m[2m[39m[90m 304 |[39m     expect(result[33m.[39manalysis[33m.[39mintent)[33m.[39mtoBe(expectedIntent)[33m;[39m[22m
[2m     [90m     |[39m                                    [31m[1m^[22m[2m[39m[22m
[2m     [90m 305 |[39m     expect(result[33m.[39manalysis[33m.[39mconfidence)[33m.[39mtoBeGreaterThan([33mCONFIDENCE_THRESHOLD[39m)[33m;[39m[22m
[2m     [90m 306 |[39m     expect(result[33m.[39mexecutionResult)[33m.[39mtoBeDefined()[33m;[39m[22m
[2m     [90m 307 |[39m[0m[22m
[2m[22m
[2m      [2mat [22m[2m[0m[36mtests/integration/orchestrator/orchestrator.test.ts[39m[0m[2m:304:36[22m[2m[22m

[0m[7m[1m[31m FAIL [39m[22m[27m[0m [2mtests/unit/lib/ml/[22m[1mline-predictor.test.ts[22m
[1m[31m  [1m● [22m[1mLineQualityPredictor › predictLineSuccess › should predict line success with ML model when ready[39m[22m

    [2mexpect([22m[31mreceived[39m[2m).[22mtoBeGreaterThan[2m([22m[32mexpected[39m[2m)[22m

    Expected: > [32m0[39m
    Received:   [31m0[39m
[2m[22m
[2m    [0m [90m 123 |[39m       expect(prediction[33m.[39mconfidenceInterval)[33m.[39mtoEqual([[35m0.75[39m[33m,[39m [35m0.95[39m])[33m;[39m[22m
[2m     [90m 124 |[39m       expect(prediction[33m.[39mreasoning)[33m.[39mtoBeInstanceOf([33mArray[39m)[33m;[39m[22m
[2m    [31m[1m>[22m[2m[39m[90m 125 |[39m       expect(prediction[33m.[39mreasoning[33m.[39mlength)[33m.[39mtoBeGreaterThan([35m0[39m)[33m;[39m[22m
[2m     [90m     |[39m                                           [31m[1m^[22m[2m[39m[22m
[2m     [90m 126 |[39m     })[33m;[39m[22m
[2m     [90m 127 |[39m[22m
[2m     [90m 128 |[39m     it([32m'should fall back to rule-based prediction when model not ready'[39m[33m,[39m [36masync[39m () [33m=>[39m {[0m[22m
[2m[22m
[2m      [2mat Object.<anonymous> ([22m[2m[0m[36mtests/unit/lib/ml/line-predictor.test.ts[39m[0m[2m:125:43)[22m[2m[22m

[1m[31m  [1m● [22m[1mLineQualityPredictor › Edge cases and error handling › should handle empty normalized features array[39m[22m

    [2mexpect([22m[31mreceived[39m[2m).[22mtoBeGreaterThanOrEqual[2m([22m[32mexpected[39m[2m)[22m

    Expected: >= [32m0[39m
    Received:    [31mNaN[39m
[2m[22m
[2m    [0m [90m 388 |[39m       [22m
[2m     [90m 389 |[39m       expect(prediction)[33m.[39mtoBeDefined()[33m;[39m[22m
[2m    [31m[1m>[22m[2m[39m[90m 390 |[39m       expect(prediction[33m.[39msuccessProbability)[33m.[39mtoBeGreaterThanOrEqual([35m0[39m)[33m;[39m[22m
[2m     [90m     |[39m                                             [31m[1m^[22m[2m[39m[22m
[2m     [90m 391 |[39m     })[33m;[39m[22m
[2m     [90m 392 |[39m[22m
[2m     [90m 393 |[39m     it([32m'should handle extreme feature values in reasoning'[39m[33m,[39m [36masync[39m () [33m=>[39m {[0m[22m
[2m[22m
[2m      [2mat Object.<anonymous> ([22m[2m[0m[36mtests/unit/lib/ml/line-predictor.test.ts[39m[0m[2m:390:45)[22m[2m[22m

[0m[7m[1m[31m FAIL [39m[22m[27m[0m [2mtests/unit/lib/mastra/utils/[22m[1mintent.test.ts[22m
[1m[31m  [1m● [22m[1mIntent Analysis Utility › Basic Intent Detection › Small Talk › should detect small talk: "今日は暑いね"[39m[22m

    [2mexpect([22m[31mreceived[39m[2m).[22mtoBe[2m([22m[32mexpected[39m[2m) // Object.is equality[22m

    Expected: [32m"[7msmall_t[27mal[7mk[27m"[39m
    Received: [31m"[7mconversation[27mal"[39m
[2m[22m
[2m    [0m [90m 34 |[39m       test[33m.[39meach(smallTalkTests)([32m'should detect small talk: "%s"'[39m[33m,[39m (input) [33m=>[39m {[22m
[2m     [90m 35 |[39m         [36mconst[39m result [33m=[39m analyzeIntent(input)[33m;[39m[22m
[2m    [31m[1m>[22m[2m[39m[90m 36 |[39m         expect(result[33m.[39mintent)[33m.[39mtoBe([32m'small_talk'[39m)[33m;[39m[22m
[2m     [90m    |[39m                               [31m[1m^[22m[2m[39m[22m
[2m     [90m 37 |[39m         expect(result[33m.[39mconfidence)[33m.[39mtoBeGreaterThanOrEqual([35m0.8[39m)[33m;[39m[22m
[2m     [90m 38 |[39m       })[33m;[39m[22m
[2m     [90m 39 |[39m     })[33m;[39m[0m[22m
[2m[22m
[2m      [2mat [22m[2m[0m[36mtests/unit/lib/mastra/utils/intent.test.ts[39m[0m[2m:36:31[22m[2m[22m

[1m[31m  [1m● [22m[1mIntent Analysis Utility › Basic Intent Detection › Market Chat › should detect market chat: "最近の市場はどう？"[39m[22m

    [2mexpect([22m[31mreceived[39m[2m).[22mtoBe[2m([22m[32mexpected[39m[2m) // Object.is equality[22m

    Expected: [32m"market_chat"[39m
    Received: [31m"trading_analysis"[39m
[2m[22m
[2m    [0m [90m 50 |[39m       test[33m.[39meach(marketChatTests)([32m'should detect market chat: "%s"'[39m[33m,[39m (input) [33m=>[39m {[22m
[2m     [90m 51 |[39m         [36mconst[39m result [33m=[39m analyzeIntent(input)[33m;[39m[22m
[2m    [31m[1m>[22m[2m[39m[90m 52 |[39m         expect(result[33m.[39mintent)[33m.[39mtoBe([32m'market_chat'[39m)[33m;[39m[22m
[2m     [90m    |[39m                               [31m[1m^[22m[2m[39m[22m
[2m     [90m 53 |[39m         expect(result[33m.[39mconfidence)[33m.[39mtoBeGreaterThanOrEqual([35m0.7[39m)[33m;[39m[22m
[2m     [90m 54 |[39m         expect(result[33m.[39mconversationMode)[33m.[39mtoBe([32m'casual'[39m)[33m;[39m[22m
[2m     [90m 55 |[39m       })[33m;[39m[0m[22m
[2m[22m
[2m      [2mat [22m[2m[0m[36mtests/unit/lib/mastra/utils/intent.test.ts[39m[0m[2m:52:31[22m[2m[22m

[1m[31m  [1m● [22m[1mIntent Analysis Utility › Basic Intent Detection › Market Chat › should detect market chat: "ビットコインの将来性"[39m[22m

    [2mexpect([22m[31mreceived[39m[2m).[22mtoBe[2m([22m[32mexpected[39m[2m) // Object.is equality[22m

    Expected: [32m"market_chat"[39m
    Received: [31m"trading_analysis"[39m
[2m[22m
[2m    [0m [90m 50 |[39m       test[33m.[39meach(marketChatTests)([32m'should detect market chat: "%s"'[39m[33m,[39m (input) [33m=>[39m {[22m
[2m     [90m 51 |[39m         [36mconst[39m result [33m=[39m analyzeIntent(input)[33m;[39m[22m
[2m    [31m[1m>[22m[2m[39m[90m 52 |[39m         expect(result[33m.[39mintent)[33m.[39mtoBe([32m'market_chat'[39m)[33m;[39m[22m
[2m     [90m    |[39m                               [31m[1m^[22m[2m[39m[22m
[2m     [90m 53 |[39m         expect(result[33m.[39mconfidence)[33m.[39mtoBeGreaterThanOrEqual([35m0.7[39m)[33m;[39m[22m
[2m     [90m 54 |[39m         expect(result[33m.[39mconversationMode)[33m.[39mtoBe([32m'casual'[39m)[33m;[39m[22m
[2m     [90m 55 |[39m       })[33m;[39m[0m[22m
[2m[22m
[2m      [2mat [22m[2m[0m[36mtests/unit/lib/mastra/utils/intent.test.ts[39m[0m[2m:52:31[22m[2m[22m

[1m[31m  [1m● [22m[1mIntent Analysis Utility › Basic Intent Detection › Market Chat › should detect market chat: "市場のトレンド"[39m[22m

    [2mexpect([22m[31mreceived[39m[2m).[22mtoBe[2m([22m[32mexpected[39m[2m) // Object.is equality[22m

    Expected: [32m"market_chat"[39m
    Received: [31m"trading_analysis"[39m
[2m[22m
[2m    [0m [90m 50 |[39m       test[33m.[39meach(marketChatTests)([32m'should detect market chat: "%s"'[39m[33m,[39m (input) [33m=>[39m {[22m
[2m     [90m 51 |[39m         [36mconst[39m result [33m=[39m analyzeIntent(input)[33m;[39m[22m
[2m    [31m[1m>[22m[2m[39m[90m 52 |[39m         expect(result[33m.[39mintent)[33m.[39mtoBe([32m'market_chat'[39m)[33m;[39m[22m
[2m     [90m    |[39m                               [31m[1m^[22m[2m[39m[22m
[2m     [90m 53 |[39m         expect(result[33m.[39mconfidence)[33m.[39mtoBeGreaterThanOrEqual([35m0.7[39m)[33m;[39m[22m
[2m     [90m 54 |[39m         expect(result[33m.[39mconversationMode)[33m.[39mtoBe([32m'casual'[39m)[33m;[39m[22m
[2m     [90m 55 |[39m       })[33m;[39m[0m[22m
[2m[22m
[2m      [2mat [22m[2m[0m[36mtests/unit/lib/mastra/utils/intent.test.ts[39m[0m[2m:52:31[22m[2m[22m

[1m[31m  [1m● [22m[1mIntent Analysis Utility › Technical Intent Detection › UI Control › should detect UI control: "チャートを表示"[39m[22m

    [2mexpect([22m[31mreceived[39m[2m).[22mtoBe[2m([22m[32mexpected[39m[2m) // Object.is equality[22m

    Expected: [32m"[7mui_contro[27ml"[39m
    Received: [31m"[7mconversationa[27ml"[39m
[2m[22m
[2m    [0m [90m 89 |[39m       test[33m.[39meach(uiTests)([32m'should detect UI control: "%s"'[39m[33m,[39m (input) [33m=>[39m {[22m
[2m     [90m 90 |[39m         [36mconst[39m result [33m=[39m analyzeIntent(input)[33m;[39m[22m
[2m    [31m[1m>[22m[2m[39m[90m 91 |[39m         expect(result[33m.[39mintent)[33m.[39mtoBe([32m'ui_control'[39m)[33m;[39m[22m
[2m     [90m    |[39m                               [31m[1m^[22m[2m[39m[22m
[2m     [90m 92 |[39m         expect(result[33m.[39mconfidence)[33m.[39mtoBeGreaterThanOrEqual([35m0.8[39m)[33m;[39m[22m
[2m     [90m 93 |[39m         expect(result[33m.[39mrequiresWorkflow)[33m.[39mtoBe([36mtrue[39m)[33m;[39m[22m
[2m     [90m 94 |[39m       })[33m;[39m[0m[22m
[2m[22m
[2m      [2mat [22m[2m[0m[36mtests/unit/lib/mastra/utils/intent.test.ts[39m[0m[2m:91:31[22m[2m[22m

[1m[31m  [1m● [22m[1mIntent Analysis Utility › Technical Intent Detection › UI Control › should detect UI control: "BTCに切り替えて"[39m[22m

    [2mexpect([22m[31mreceived[39m[2m).[22mtoBe[2m([22m[32mexpected[39m[2m) // Object.is equality[22m

    Expected: [32mtrue[39m
    Received: [31mfalse[39m
[2m[22m
[2m    [0m [90m 91 |[39m         expect(result[33m.[39mintent)[33m.[39mtoBe([32m'ui_control'[39m)[33m;[39m[22m
[2m     [90m 92 |[39m         expect(result[33m.[39mconfidence)[33m.[39mtoBeGreaterThanOrEqual([35m0.8[39m)[33m;[39m[22m
[2m    [31m[1m>[22m[2m[39m[90m 93 |[39m         expect(result[33m.[39mrequiresWorkflow)[33m.[39mtoBe([36mtrue[39m)[33m;[39m[22m
[2m     [90m    |[39m                                         [31m[1m^[22m[2m[39m[22m
[2m     [90m 94 |[39m       })[33m;[39m[22m
[2m     [90m 95 |[39m     })[33m;[39m[22m
[2m     [90m 96 |[39m[0m[22m
[2m[22m
[2m      [2mat [22m[2m[0m[36mtests/unit/lib/mastra/utils/intent.test.ts[39m[0m[2m:93:41[22m[2m[22m

[1m[31m  [1m● [22m[1mIntent Analysis Utility › Technical Intent Detection › UI Control › should detect UI control: "トレンドラインを描いて"[39m[22m

    [2mexpect([22m[31mreceived[39m[2m).[22mtoBe[2m([22m[32mexpected[39m[2m) // Object.is equality[22m

    Expected: [32mtrue[39m
    Received: [31mfalse[39m
[2m[22m
[2m    [0m [90m 91 |[39m         expect(result[33m.[39mintent)[33m.[39mtoBe([32m'ui_control'[39m)[33m;[39m[22m
[2m     [90m 92 |[39m         expect(result[33m.[39mconfidence)[33m.[39mtoBeGreaterThanOrEqual([35m0.8[39m)[33m;[39m[22m
[2m    [31m[1m>[22m[2m[39m[90m 93 |[39m         expect(result[33m.[39mrequiresWorkflow)[33m.[39mtoBe([36mtrue[39m)[33m;[39m[22m
[2m     [90m    |[39m                                         [31m[1m^[22m[2m[39m[22m
[2m     [90m 94 |[39m       })[33m;[39m[22m
[2m     [90m 95 |[39m     })[33m;[39m[22m
[2m     [90m 96 |[39m[0m[22m
[2m[22m
[2m      [2mat [22m[2m[0m[36mtests/unit/lib/mastra/utils/intent.test.ts[39m[0m[2m:93:41[22m[2m[22m

[1m[31m  [1m● [22m[1mIntent Analysis Utility › Technical Intent Detection › UI Control › should detect UI control: "15分足に変更"[39m[22m

    [2mexpect([22m[31mreceived[39m[2m).[22mtoBe[2m([22m[32mexpected[39m[2m) // Object.is equality[22m

    Expected: [32m"[7mui_contro[27ml"[39m
    Received: [31m"[7mconversationa[27ml"[39m
[2m[22m
[2m    [0m [90m 89 |[39m       test[33m.[39meach(uiTests)([32m'should detect UI control: "%s"'[39m[33m,[39m (input) [33m=>[39m {[22m
[2m     [90m 90 |[39m         [36mconst[39m result [33m=[39m analyzeIntent(input)[33m;[39m[22m
[2m    [31m[1m>[22m[2m[39m[90m 91 |[39m         expect(result[33m.[39mintent)[33m.[39mtoBe([32m'ui_control'[39m)[33m;[39m[22m
[2m     [90m    |[39m                               [31m[1m^[22m[2m[39m[22m
[2m     [90m 92 |[39m         expect(result[33m.[39mconfidence)[33m.[39mtoBeGreaterThanOrEqual([35m0.8[39m)[33m;[39m[22m
[2m     [90m 93 |[39m         expect(result[33m.[39mrequiresWorkflow)[33m.[39mtoBe([36mtrue[39m)[33m;[39m[22m
[2m     [90m 94 |[39m       })[33m;[39m[0m[22m
[2m[22m
[2m      [2mat [22m[2m[0m[36mtests/unit/lib/mastra/utils/intent.test.ts[39m[0m[2m:91:31[22m[2m[22m

[1m[31m  [1m● [22m[1mIntent Analysis Utility › Technical Intent Detection › UI Control › should detect UI control: "インジケーターを追加"[39m[22m

    [2mexpect([22m[31mreceived[39m[2m).[22mtoBe[2m([22m[32mexpected[39m[2m) // Object.is equality[22m

    Expected: [32m"[7mui_contro[27ml"[39m
    Received: [31m"[7mconversationa[27ml"[39m
[2m[22m
[2m    [0m [90m 89 |[39m       test[33m.[39meach(uiTests)([32m'should detect UI control: "%s"'[39m[33m,[39m (input) [33m=>[39m {[22m
[2m     [90m 90 |[39m         [36mconst[39m result [33m=[39m analyzeIntent(input)[33m;[39m[22m
[2m    [31m[1m>[22m[2m[39m[90m 91 |[39m         expect(result[33m.[39mintent)[33m.[39mtoBe([32m'ui_control'[39m)[33m;[39m[22m
[2m     [90m    |[39m                               [31m[1m^[22m[2m[39m[22m
[2m     [90m 92 |[39m         expect(result[33m.[39mconfidence)[33m.[39mtoBeGreaterThanOrEqual([35m0.8[39m)[33m;[39m[22m
[2m     [90m 93 |[39m         expect(result[33m.[39mrequiresWorkflow)[33m.[39mtoBe([36mtrue[39m)[33m;[39m[22m
[2m     [90m 94 |[39m       })[33m;[39m[0m[22m
[2m[22m
[2m      [2mat [22m[2m[0m[36mtests/unit/lib/mastra/utils/intent.test.ts[39m[0m[2m:91:31[22m[2m[22m

[1m[31m  [1m● [22m[1mIntent Analysis Utility › Technical Intent Detection › UI Control › should detect UI control: "ズームイン"[39m[22m

    [2mexpect([22m[31mreceived[39m[2m).[22mtoBe[2m([22m[32mexpected[39m[2m) // Object.is equality[22m

    Expected: [32mtrue[39m
    Received: [31mfalse[39m
[2m[22m
[2m    [0m [90m 91 |[39m         expect(result[33m.[39mintent)[33m.[39mtoBe([32m'ui_control'[39m)[33m;[39m[22m
[2m     [90m 92 |[39m         expect(result[33m.[39mconfidence)[33m.[39mtoBeGreaterThanOrEqual([35m0.8[39m)[33m;[39m[22m
[2m    [31m[1m>[22m[2m[39m[90m 93 |[39m         expect(result[33m.[39mrequiresWorkflow)[33m.[39mtoBe([36mtrue[39m)[33m;[39m[22m
[2m     [90m    |[39m                                         [31m[1m^[22m[2m[39m[22m
[2m     [90m 94 |[39m       })[33m;[39m[22m
[2m     [90m 95 |[39m     })[33m;[39m[22m
[2m     [90m 96 |[39m[0m[22m
[2m[22m
[2m      [2mat [22m[2m[0m[36mtests/unit/lib/mastra/utils/intent.test.ts[39m[0m[2m:93:41[22m[2m[22m

[1m[31m  [1m● [22m[1mIntent Analysis Utility › Technical Intent Detection › UI Control › should detect UI control: "チャートをリセット"[39m[22m

    [2mexpect([22m[31mreceived[39m[2m).[22mtoBe[2m([22m[32mexpected[39m[2m) // Object.is equality[22m

    Expected: [32m"[7mui_contro[27ml"[39m
    Received: [31m"[7mconversationa[27ml"[39m
[2m[22m
[2m    [0m [90m 89 |[39m       test[33m.[39meach(uiTests)([32m'should detect UI control: "%s"'[39m[33m,[39m (input) [33m=>[39m {[22m
[2m     [90m 90 |[39m         [36mconst[39m result [33m=[39m analyzeIntent(input)[33m;[39m[22m
[2m    [31m[1m>[22m[2m[39m[90m 91 |[39m         expect(result[33m.[39mintent)[33m.[39mtoBe([32m'ui_control'[39m)[33m;[39m[22m
[2m     [90m    |[39m                               [31m[1m^[22m[2m[39m[22m
[2m     [90m 92 |[39m         expect(result[33m.[39mconfidence)[33m.[39mtoBeGreaterThanOrEqual([35m0.8[39m)[33m;[39m[22m
[2m     [90m 93 |[39m         expect(result[33m.[39mrequiresWorkflow)[33m.[39mtoBe([36mtrue[39m)[33m;[39m[22m
[2m     [90m 94 |[39m       })[33m;[39m[0m[22m
[2m[22m
[2m      [2mat [22m[2m[0m[36mtests/unit/lib/mastra/utils/intent.test.ts[39m[0m[2m:91:31[22m[2m[22m

[1m[31m  [1m● [22m[1mIntent Analysis Utility › Technical Intent Detection › Trading Analysis › should detect trading analysis: "技術分析をして"[39m[22m

    [2mexpect([22m[31mreceived[39m[2m).[22mtoBe[2m([22m[32mexpected[39m[2m) // Object.is equality[22m

    Expected: [32m"comprehensive"[39m
    Received: [31m"detailed"[39m
[2m[22m
[2m    [0m [90m 108 |[39m         expect(result[33m.[39mintent)[33m.[39mtoBe([32m'trading_analysis'[39m)[33m;[39m[22m
[2m     [90m 109 |[39m         expect(result[33m.[39mconfidence)[33m.[39mtoBeGreaterThanOrEqual([35m0.8[39m)[33m;[39m[22m
[2m    [31m[1m>[22m[2m[39m[90m 110 |[39m         expect(result[33m.[39manalysisDepth)[33m.[39mtoBe(depth)[33m;[39m[22m
[2m     [90m     |[39m                                      [31m[1m^[22m[2m[39m[22m
[2m     [90m 111 |[39m         expect(result[33m.[39mrequiresWorkflow)[33m.[39mtoBe([36mtrue[39m)[33m;[39m[22m
[2m     [90m 112 |[39m       })[33m;[39m[22m
[2m     [90m 113 |[39m     })[33m;[39m[0m[22m
[2m[22m
[2m      [2mat [22m[2m[0m[36mtests/unit/lib/mastra/utils/intent.test.ts[39m[0m[2m:110:38[22m[2m[22m

[1m[31m  [1m● [22m[1mIntent Analysis Utility › Technical Intent Detection › Trading Analysis › should detect trading analysis: "RSIを見て"[39m[22m

    [2mexpect([22m[31mreceived[39m[2m).[22mtoBe[2m([22m[32mexpected[39m[2m) // Object.is equality[22m

    Expected: [32m"trading_analysis"[39m
    Received: [31m"conversational"[39m
[2m[22m
[2m    [0m [90m 106 |[39m       test[33m.[39meach(analysisTests)([32m'should detect trading analysis: "$input"'[39m[33m,[39m ({ input[33m,[39m depth }) [33m=>[39m {[22m
[2m     [90m 107 |[39m         [36mconst[39m result [33m=[39m analyzeIntent(input)[33m;[39m[22m
[2m    [31m[1m>[22m[2m[39m[90m 108 |[39m         expect(result[33m.[39mintent)[33m.[39mtoBe([32m'trading_analysis'[39m)[33m;[39m[22m
[2m     [90m     |[39m                               [31m[1m^[22m[2m[39m[22m
[2m     [90m 109 |[39m         expect(result[33m.[39mconfidence)[33m.[39mtoBeGreaterThanOrEqual([35m0.8[39m)[33m;[39m[22m
[2m     [90m 110 |[39m         expect(result[33m.[39manalysisDepth)[33m.[39mtoBe(depth)[33m;[39m[22m
[2m     [90m 111 |[39m         expect(result[33m.[39mrequiresWorkflow)[33m.[39mtoBe([36mtrue[39m)[33m;[39m[0m[22m
[2m[22m
[2m      [2mat [22m[2m[0m[36mtests/unit/lib/mastra/utils/intent.test.ts[39m[0m[2m:108:31[22m[2m[22m

[1m[31m  [1m● [22m[1mIntent Analysis Utility › Technical Intent Detection › Trading Analysis › should detect trading analysis: "サポートとレジスタンス"[39m[22m

    [2mexpect([22m[31mreceived[39m[2m).[22mtoBe[2m([22m[32mexpected[39m[2m) // Object.is equality[22m

    Expected: [32m"trading_analysis"[39m
    Received: [31m"ui_control"[39m
[2m[22m
[2m    [0m [90m 106 |[39m       test[33m.[39meach(analysisTests)([32m'should detect trading analysis: "$input"'[39m[33m,[39m ({ input[33m,[39m depth }) [33m=>[39m {[22m
[2m     [90m 107 |[39m         [36mconst[39m result [33m=[39m analyzeIntent(input)[33m;[39m[22m
[2m    [31m[1m>[22m[2m[39m[90m 108 |[39m         expect(result[33m.[39mintent)[33m.[39mtoBe([32m'trading_analysis'[39m)[33m;[39m[22m
[2m     [90m     |[39m                               [31m[1m^[22m[2m[39m[22m
[2m     [90m 109 |[39m         expect(result[33m.[39mconfidence)[33m.[39mtoBeGreaterThanOrEqual([35m0.8[39m)[33m;[39m[22m
[2m     [90m 110 |[39m         expect(result[33m.[39manalysisDepth)[33m.[39mtoBe(depth)[33m;[39m[22m
[2m     [90m 111 |[39m         expect(result[33m.[39mrequiresWorkflow)[33m.[39mtoBe([36mtrue[39m)[33m;[39m[0m[22m
[2m[22m
[2m      [2mat [22m[2m[0m[36mtests/unit/lib/mastra/utils/intent.test.ts[39m[0m[2m:108:31[22m[2m[22m

[1m[31m  [1m● [22m[1mIntent Analysis Utility › Proposal Detection › should detect proposal: "トレンドラインで提案"[39m[22m

    [2mexpect([22m[31mreceived[39m[2m).[22mtoBe[2m([22m[32mexpected[39m[2m) // Object.is equality[22m

    Expected: [32mfalse[39m
    Received: [31mundefined[39m
[2m[22m
[2m    [0m [90m 129 |[39m       expect(result[33m.[39misProposalMode)[33m.[39mtoBe([36mtrue[39m)[33m;[39m[22m
[2m     [90m 130 |[39m       expect(result[33m.[39mproposalType)[33m.[39mtoBe(type)[33m;[39m[22m
[2m    [31m[1m>[22m[2m[39m[90m 131 |[39m       expect(result[33m.[39misEntryProposal)[33m.[39mtoBe(isEntry)[33m;[39m[22m
[2m     [90m     |[39m                                      [31m[1m^[22m[2m[39m[22m
[2m     [90m 132 |[39m       expect(result[33m.[39mrequiresWorkflow)[33m.[39mtoBe([36mtrue[39m)[33m;[39m[22m
[2m     [90m 133 |[39m     })[33m;[39m[22m
[2m     [90m 134 |[39m   })[33m;[39m[0m[22m
[2m[22m
[2m      [2mat [22m[2m[0m[36mtests/unit/lib/mastra/utils/intent.test.ts[39m[0m[2m:131:38[22m[2m[22m

[1m[31m  [1m● [22m[1mIntent Analysis Utility › Proposal Detection › should detect proposal: "サポートベースで提案"[39m[22m

    [2mexpect([22m[31mreceived[39m[2m).[22mtoBe[2m([22m[32mexpected[39m[2m) // Object.is equality[22m

    Expected: [32mfalse[39m
    Received: [31mundefined[39m
[2m[22m
[2m    [0m [90m 129 |[39m       expect(result[33m.[39misProposalMode)[33m.[39mtoBe([36mtrue[39m)[33m;[39m[22m
[2m     [90m 130 |[39m       expect(result[33m.[39mproposalType)[33m.[39mtoBe(type)[33m;[39m[22m
[2m    [31m[1m>[22m[2m[39m[90m 131 |[39m       expect(result[33m.[39misEntryProposal)[33m.[39mtoBe(isEntry)[33m;[39m[22m
[2m     [90m     |[39m                                      [31m[1m^[22m[2m[39m[22m
[2m     [90m 132 |[39m       expect(result[33m.[39mrequiresWorkflow)[33m.[39mtoBe([36mtrue[39m)[33m;[39m[22m
[2m     [90m 133 |[39m     })[33m;[39m[22m
[2m     [90m 134 |[39m   })[33m;[39m[0m[22m
[2m[22m
[2m      [2mat [22m[2m[0m[36mtests/unit/lib/mastra/utils/intent.test.ts[39m[0m[2m:131:38[22m[2m[22m

[1m[31m  [1m● [22m[1mIntent Analysis Utility › Proposal Detection › should detect proposal: "パターン分析で提案"[39m[22m

    [2mexpect([22m[31mreceived[39m[2m).[22mtoBe[2m([22m[32mexpected[39m[2m) // Object.is equality[22m

    Expected: [32mfalse[39m
    Received: [31mundefined[39m
[2m[22m
[2m    [0m [90m 129 |[39m       expect(result[33m.[39misProposalMode)[33m.[39mtoBe([36mtrue[39m)[33m;[39m[22m
[2m     [90m 130 |[39m       expect(result[33m.[39mproposalType)[33m.[39mtoBe(type)[33m;[39m[22m
[2m    [31m[1m>[22m[2m[39m[90m 131 |[39m       expect(result[33m.[39misEntryProposal)[33m.[39mtoBe(isEntry)[33m;[39m[22m
[2m     [90m     |[39m                                      [31m[1m^[22m[2m[39m[22m
[2m     [90m 132 |[39m       expect(result[33m.[39mrequiresWorkflow)[33m.[39mtoBe([36mtrue[39m)[33m;[39m[22m
[2m     [90m 133 |[39m     })[33m;[39m[22m
[2m     [90m 134 |[39m   })[33m;[39m[0m[22m
[2m[22m
[2m      [2mat [22m[2m[0m[36mtests/unit/lib/mastra/utils/intent.test.ts[39m[0m[2m:131:38[22m[2m[22m

[1m[31m  [1m● [22m[1mIntent Analysis Utility › Proposal Detection › should detect proposal: "エントリーポイントを教えて"[39m[22m

    [2mexpect([22m[31mreceived[39m[2m).[22mtoBe[2m([22m[32mexpected[39m[2m) // Object.is equality[22m

    Expected: [32m"proposal_request"[39m
    Received: [31m"trading_analysis"[39m
[2m[22m
[2m    [0m [90m 125 |[39m     test[33m.[39meach(proposalTests)([32m'should detect proposal: "$input"'[39m[33m,[39m ({ input[33m,[39m type[33m,[39m isEntry }) [33m=>[39m {[22m
[2m     [90m 126 |[39m       [36mconst[39m result [33m=[39m analyzeIntent(input)[33m;[39m[22m
[2m    [31m[1m>[22m[2m[39m[90m 127 |[39m       expect(result[33m.[39mintent)[33m.[39mtoBe([32m'proposal_request'[39m)[33m;[39m[22m
[2m     [90m     |[39m                             [31m[1m^[22m[2m[39m[22m
[2m     [90m 128 |[39m       expect(result[33m.[39mconfidence)[33m.[39mtoBeGreaterThanOrEqual([35m0.8[39m)[33m;[39m[22m
[2m     [90m 129 |[39m       expect(result[33m.[39misProposalMode)[33m.[39mtoBe([36mtrue[39m)[33m;[39m[22m
[2m     [90m 130 |[39m       expect(result[33m.[39mproposalType)[33m.[39mtoBe(type)[33m;[39m[0m[22m
[2m[22m
[2m      [2mat [22m[2m[0m[36mtests/unit/lib/mastra/utils/intent.test.ts[39m[0m[2m:127:29[22m[2m[22m

[1m[31m  [1m● [22m[1mIntent Analysis Utility › Symbol Extraction › should extract symbol from: "BTCについて"[39m[22m

    [2mexpect([22m[31mreceived[39m[2m).[22mtoBe[2m([22m[32mexpected[39m[2m) // Object.is equality[22m

    Expected: [32m"BTCUSDT"[39m
    Received: [31mundefined[39m
[2m[22m
[2m    [0m [90m 150 |[39m     test[33m.[39meach(symbolTests)([32m'should extract symbol from: "$input"'[39m[33m,[39m ({ input[33m,[39m symbol }) [33m=>[39m {[22m
[2m     [90m 151 |[39m       [36mconst[39m result [33m=[39m analyzeIntent(input)[33m;[39m[22m
[2m    [31m[1m>[22m[2m[39m[90m 152 |[39m       expect(result[33m.[39mextractedSymbol)[33m.[39mtoBe(symbol)[33m;[39m[22m
[2m     [90m     |[39m                                      [31m[1m^[22m[2m[39m[22m
[2m     [90m 153 |[39m     })[33m;[39m[22m
[2m     [90m 154 |[39m   })[33m;[39m[22m
[2m     [90m 155 |[39m[0m[22m
[2m[22m
[2m      [2mat [22m[2m[0m[36mtests/unit/lib/mastra/utils/intent.test.ts[39m[0m[2m:152:38[22m[2m[22m

[1m[31m  [1m● [22m[1mIntent Analysis Utility › Symbol Extraction › should extract symbol from: "ビットコインの話"[39m[22m

    [2mexpect([22m[31mreceived[39m[2m).[22mtoBe[2m([22m[32mexpected[39m[2m) // Object.is equality[22m

    Expected: [32m"BTCUSDT"[39m
    Received: [31mundefined[39m
[2m[22m
[2m    [0m [90m 150 |[39m     test[33m.[39meach(symbolTests)([32m'should extract symbol from: "$input"'[39m[33m,[39m ({ input[33m,[39m symbol }) [33m=>[39m {[22m
[2m     [90m 151 |[39m       [36mconst[39m result [33m=[39m analyzeIntent(input)[33m;[39m[22m
[2m    [31m[1m>[22m[2m[39m[90m 152 |[39m       expect(result[33m.[39mextractedSymbol)[33m.[39mtoBe(symbol)[33m;[39m[22m
[2m     [90m     |[39m                                      [31m[1m^[22m[2m[39m[22m
[2m     [90m 153 |[39m     })[33m;[39m[22m
[2m     [90m 154 |[39m   })[33m;[39m[22m
[2m     [90m 155 |[39m[0m[22m
[2m[22m
[2m      [2mat [22m[2m[0m[36mtests/unit/lib/mastra/utils/intent.test.ts[39m[0m[2m:152:38[22m[2m[22m

[1m[31m  [1m● [22m[1mIntent Analysis Utility › Symbol Extraction › should extract symbol from: "ETHとBTCの比較"[39m[22m

    [2mexpect([22m[31mreceived[39m[2m).[22mtoBe[2m([22m[32mexpected[39m[2m) // Object.is equality[22m

    Expected: [32m"ETHUSDT"[39m
    Received: [31mundefined[39m
[2m[22m
[2m    [0m [90m 150 |[39m     test[33m.[39meach(symbolTests)([32m'should extract symbol from: "$input"'[39m[33m,[39m ({ input[33m,[39m symbol }) [33m=>[39m {[22m
[2m     [90m 151 |[39m       [36mconst[39m result [33m=[39m analyzeIntent(input)[33m;[39m[22m
[2m    [31m[1m>[22m[2m[39m[90m 152 |[39m       expect(result[33m.[39mextractedSymbol)[33m.[39mtoBe(symbol)[33m;[39m[22m
[2m     [90m     |[39m                                      [31m[1m^[22m[2m[39m[22m
[2m     [90m 153 |[39m     })[33m;[39m[22m
[2m     [90m 154 |[39m   })[33m;[39m[22m
[2m     [90m 155 |[39m[0m[22m
[2m[22m
[2m      [2mat [22m[2m[0m[36mtests/unit/lib/mastra/utils/intent.test.ts[39m[0m[2m:152:38[22m[2m[22m

[1m[31m  [1m● [22m[1mIntent Analysis Utility › Symbol Extraction › should extract symbol from: "イーサリアムが気になる"[39m[22m

    [2mexpect([22m[31mreceived[39m[2m).[22mtoBe[2m([22m[32mexpected[39m[2m) // Object.is equality[22m

    Expected: [32m"ETHUSDT"[39m
    Received: [31mundefined[39m
[2m[22m
[2m    [0m [90m 150 |[39m     test[33m.[39meach(symbolTests)([32m'should extract symbol from: "$input"'[39m[33m,[39m ({ input[33m,[39m symbol }) [33m=>[39m {[22m
[2m     [90m 151 |[39m       [36mconst[39m result [33m=[39m analyzeIntent(input)[33m;[39m[22m
[2m    [31m[1m>[22m[2m[39m[90m 152 |[39m       expect(result[33m.[39mextractedSymbol)[33m.[39mtoBe(symbol)[33m;[39m[22m
[2m     [90m     |[39m                                      [31m[1m^[22m[2m[39m[22m
[2m     [90m 153 |[39m     })[33m;[39m[22m
[2m     [90m 154 |[39m   })[33m;[39m[22m
[2m     [90m 155 |[39m[0m[22m
[2m[22m
[2m      [2mat [22m[2m[0m[36mtests/unit/lib/mastra/utils/intent.test.ts[39m[0m[2m:152:38[22m[2m[22m

[1m[31m  [1m● [22m[1mIntent Analysis Utility › Symbol Extraction › should extract symbol from: "リップル（XRP）"[39m[22m

    [2mexpect([22m[31mreceived[39m[2m).[22mtoBe[2m([22m[32mexpected[39m[2m) // Object.is equality[22m

    Expected: [32m"XRPUSDT"[39m
    Received: [31mundefined[39m
[2m[22m
[2m    [0m [90m 150 |[39m     test[33m.[39meach(symbolTests)([32m'should extract symbol from: "$input"'[39m[33m,[39m ({ input[33m,[39m symbol }) [33m=>[39m {[22m
[2m     [90m 151 |[39m       [36mconst[39m result [33m=[39m analyzeIntent(input)[33m;[39m[22m
[2m    [31m[1m>[22m[2m[39m[90m 152 |[39m       expect(result[33m.[39mextractedSymbol)[33m.[39mtoBe(symbol)[33m;[39m[22m
[2m     [90m     |[39m                                      [31m[1m^[22m[2m[39m[22m
[2m     [90m 153 |[39m     })[33m;[39m[22m
[2m     [90m 154 |[39m   })[33m;[39m[22m
[2m     [90m 155 |[39m[0m[22m
[2m[22m
[2m      [2mat [22m[2m[0m[36mtests/unit/lib/mastra/utils/intent.test.ts[39m[0m[2m:152:38[22m[2m[22m

[1m[31m  [1m● [22m[1mIntent Analysis Utility › Symbol Extraction › should extract symbol from: "Binance coin price"[39m[22m

    [2mexpect([22m[31mreceived[39m[2m).[22mtoBe[2m([22m[32mexpected[39m[2m) // Object.is equality[22m

    Expected: [32m"BNBUSDT"[39m
    Received: [31mundefined[39m
[2m[22m
[2m    [0m [90m 150 |[39m     test[33m.[39meach(symbolTests)([32m'should extract symbol from: "$input"'[39m[33m,[39m ({ input[33m,[39m symbol }) [33m=>[39m {[22m
[2m     [90m 151 |[39m       [36mconst[39m result [33m=[39m analyzeIntent(input)[33m;[39m[22m
[2m    [31m[1m>[22m[2m[39m[90m 152 |[39m       expect(result[33m.[39mextractedSymbol)[33m.[39mtoBe(symbol)[33m;[39m[22m
[2m     [90m     |[39m                                      [31m[1m^[22m[2m[39m[22m
[2m     [90m 153 |[39m     })[33m;[39m[22m
[2m     [90m 154 |[39m   })[33m;[39m[22m
[2m     [90m 155 |[39m[0m[22m
[2m[22m
[2m      [2mat [22m[2m[0m[36mtests/unit/lib/mastra/utils/intent.test.ts[39m[0m[2m:152:38[22m[2m[22m

[1m[31m  [1m● [22m[1mIntent Analysis Utility › Symbol Extraction › should extract symbol from: "SOLの動き"[39m[22m

    [2mexpect([22m[31mreceived[39m[2m).[22mtoBe[2m([22m[32mexpected[39m[2m) // Object.is equality[22m

    Expected: [32m"SOLUSDT"[39m
    Received: [31mundefined[39m
[2m[22m
[2m    [0m [90m 150 |[39m     test[33m.[39meach(symbolTests)([32m'should extract symbol from: "$input"'[39m[33m,[39m ({ input[33m,[39m symbol }) [33m=>[39m {[22m
[2m     [90m 151 |[39m       [36mconst[39m result [33m=[39m analyzeIntent(input)[33m;[39m[22m
[2m    [31m[1m>[22m[2m[39m[90m 152 |[39m       expect(result[33m.[39mextractedSymbol)[33m.[39mtoBe(symbol)[33m;[39m[22m
[2m     [90m     |[39m                                      [31m[1m^[22m[2m[39m[22m
[2m     [90m 153 |[39m     })[33m;[39m[22m
[2m     [90m 154 |[39m   })[33m;[39m[22m
[2m     [90m 155 |[39m[0m[22m
[2m[22m
[2m      [2mat [22m[2m[0m[36mtests/unit/lib/mastra/utils/intent.test.ts[39m[0m[2m:152:38[22m[2m[22m

[1m[31m  [1m● [22m[1mIntent Analysis Utility › Confidence Calculation › should have high confidence for exact keyword matches[39m[22m

    [2mexpect([22m[31mreceived[39m[2m).[22mtoBeGreaterThanOrEqual[2m([22m[32mexpected[39m[2m)[22m

    Expected: >= [32m0.8[39m
    Received:    [31m0.6[39m
[2m[22m
[2m    [0m [90m 165 |[39m       highConfidenceInputs[33m.[39mforEach(input [33m=>[39m {[22m
[2m     [90m 166 |[39m         [36mconst[39m result [33m=[39m analyzeIntent(input)[33m;[39m[22m
[2m    [31m[1m>[22m[2m[39m[90m 167 |[39m         expect(result[33m.[39mconfidence)[33m.[39mtoBeGreaterThanOrEqual([35m0.8[39m)[33m;[39m[22m
[2m     [90m     |[39m                                   [31m[1m^[22m[2m[39m[22m
[2m     [90m 168 |[39m       })[33m;[39m[22m
[2m     [90m 169 |[39m     })[33m;[39m[22m
[2m     [90m 170 |[39m[0m[22m
[2m[22m
[2m      [2mat [22m[2m[0m[36mtests/unit/lib/mastra/utils/intent.test.ts[39m[0m[2m:167:35[22m[2m[22m
[2m          at Array.forEach (<anonymous>)[22m
[2m      [2mat Object.<anonymous> ([22m[2m[0m[36mtests/unit/lib/mastra/utils/intent.test.ts[39m[0m[2m:165:28)[22m[2m[22m

[1m[31m  [1m● [22m[1mIntent Analysis Utility › Confidence Calculation › should have medium confidence for partial matches[39m[22m

    [2mexpect([22m[31mreceived[39m[2m).[22mtoBeLessThan[2m([22m[32mexpected[39m[2m)[22m

    Expected: < [32m0.8[39m
    Received:   [31m0.85[39m
[2m[22m
[2m    [0m [90m 179 |[39m         [36mconst[39m result [33m=[39m analyzeIntent(input)[33m;[39m[22m
[2m     [90m 180 |[39m         expect(result[33m.[39mconfidence)[33m.[39mtoBeGreaterThan([35m0.5[39m)[33m;[39m[22m
[2m    [31m[1m>[22m[2m[39m[90m 181 |[39m         expect(result[33m.[39mconfidence)[33m.[39mtoBeLessThan([35m0.8[39m)[33m;[39m[22m
[2m     [90m     |[39m                                   [31m[1m^[22m[2m[39m[22m
[2m     [90m 182 |[39m       })[33m;[39m[22m
[2m     [90m 183 |[39m     })[33m;[39m[22m
[2m     [90m 184 |[39m[0m[22m
[2m[22m
[2m      [2mat [22m[2m[0m[36mtests/unit/lib/mastra/utils/intent.test.ts[39m[0m[2m:181:35[22m[2m[22m
[2m          at Array.forEach (<anonymous>)[22m
[2m      [2mat Object.<anonymous> ([22m[2m[0m[36mtests/unit/lib/mastra/utils/intent.test.ts[39m[0m[2m:178:30)[22m[2m[22m

[1m[31m  [1m● [22m[1mIntent Analysis Utility › Confidence Calculation › should have low confidence for ambiguous inputs[39m[22m

    [2mexpect([22m[31mreceived[39m[2m).[22mtoBeLessThanOrEqual[2m([22m[32mexpected[39m[2m)[22m

    Expected: <= [32m0.5[39m
    Received:    [31m0.6[39m
[2m[22m
[2m    [0m [90m 192 |[39m       lowConfidenceInputs[33m.[39mforEach(input [33m=>[39m {[22m
[2m     [90m 193 |[39m         [36mconst[39m result [33m=[39m analyzeIntent(input)[33m;[39m[22m
[2m    [31m[1m>[22m[2m[39m[90m 194 |[39m         expect(result[33m.[39mconfidence)[33m.[39mtoBeLessThanOrEqual([35m0.5[39m)[33m;[39m[22m
[2m     [90m     |[39m                                   [31m[1m^[22m[2m[39m[22m
[2m     [90m 195 |[39m       })[33m;[39m[22m
[2m     [90m 196 |[39m     })[33m;[39m[22m
[2m     [90m 197 |[39m   })[33m;[39m[0m[22m
[2m[22m
[2m      [2mat [22m[2m[0m[36mtests/unit/lib/mastra/utils/intent.test.ts[39m[0m[2m:194:35[22m[2m[22m
[2m          at Array.forEach (<anonymous>)[22m
[2m      [2mat Object.<anonymous> ([22m[2m[0m[36mtests/unit/lib/mastra/utils/intent.test.ts[39m[0m[2m:192:27)[22m[2m[22m

[1m[31m  [1m● [22m[1mIntent Analysis Utility › Edge Cases › should handle empty input[39m[22m

    [2mexpect([22m[31mreceived[39m[2m).[22mtoBe[2m([22m[32mexpected[39m[2m) // Object.is equality[22m

    Expected: [32m0.3[39m
    Received: [31m0.5[39m
[2m[22m
[2m    [0m [90m 201 |[39m       [36mconst[39m result [33m=[39m analyzeIntent([32m''[39m)[33m;[39m[22m
[2m     [90m 202 |[39m       expect(result[33m.[39mintent)[33m.[39mtoBe([32m'conversational'[39m)[33m;[39m[22m
[2m    [31m[1m>[22m[2m[39m[90m 203 |[39m       expect(result[33m.[39mconfidence)[33m.[39mtoBe([35m0.3[39m)[33m;[39m[22m
[2m     [90m     |[39m                                 [31m[1m^[22m[2m[39m[22m
[2m     [90m 204 |[39m       expect(result[33m.[39msuggestedResponse)[33m.[39mtoContain([32m'何かお手伝い'[39m)[33m;[39m[22m
[2m     [90m 205 |[39m     })[33m;[39m[22m
[2m     [90m 206 |[39m[0m[22m
[2m[22m
[2m      [2mat Object.<anonymous> ([22m[2m[0m[36mtests/unit/lib/mastra/utils/intent.test.ts[39m[0m[2m:203:33)[22m[2m[22m

[1m[31m  [1m● [22m[1mIntent Analysis Utility › Edge Cases › should handle special characters[39m[22m

    [2mexpect([22m[31mreceived[39m[2m).[22mtoBe[2m([22m[32mexpected[39m[2m) // Object.is equality[22m

    Expected: [32m"BTCUSDT"[39m
    Received: [31mundefined[39m
[2m[22m
[2m    [0m [90m 265 |[39m         [90m// Should still detect intent despite special characters[39m[22m
[2m     [90m 266 |[39m         [36mif[39m (input[33m.[39mincludes([32m'BTC'[39m)) {[22m
[2m    [31m[1m>[22m[2m[39m[90m 267 |[39m           expect(result[33m.[39mextractedSymbol)[33m.[39mtoBe([32m'BTCUSDT'[39m)[33m;[39m[22m
[2m     [90m     |[39m                                          [31m[1m^[22m[2m[39m[22m
[2m     [90m 268 |[39m         }[22m
[2m     [90m 269 |[39m       })[33m;[39m[22m
[2m     [90m 270 |[39m     })[33m;[39m[0m[22m
[2m[22m
[2m      [2mat [22m[2m[0m[36mtests/unit/lib/mastra/utils/intent.test.ts[39m[0m[2m:267:42[22m[2m[22m
[2m          at Array.forEach (<anonymous>)[22m
[2m      [2mat Object.<anonymous> ([22m[2m[0m[36mtests/unit/lib/mastra/utils/intent.test.ts[39m[0m[2m:262:21)[22m[2m[22m

[1m[31m  [1m● [22m[1mIntent Analysis Utility › Emotional Tone Detection › should detect tone: "やばい...下がってる" as concerned[39m[22m

    [2mexpect([22m[31mreceived[39m[2m).[22mtoBe[2m([22m[32mexpected[39m[2m) // Object.is equality[22m

    Expected: [32m"concerned"[39m
    Received: [31m"neutral"[39m
[2m[22m
[2m    [0m [90m 282 |[39m     test[33m.[39meach(toneTests)([32m'should detect tone: "$input" as $tone'[39m[33m,[39m ({ input[33m,[39m tone }) [33m=>[39m {[22m
[2m     [90m 283 |[39m       [36mconst[39m result [33m=[39m analyzeIntent(input)[33m;[39m[22m
[2m    [31m[1m>[22m[2m[39m[90m 284 |[39m       expect(result[33m.[39memotionalTone)[33m.[39mtoBe(tone)[33m;[39m[22m
[2m     [90m     |[39m                                    [31m[1m^[22m[2m[39m[22m
[2m     [90m 285 |[39m     })[33m;[39m[22m
[2m     [90m 286 |[39m   })[33m;[39m[22m
[2m     [90m 287 |[39m[0m[22m
[2m[22m
[2m      [2mat [22m[2m[0m[36mtests/unit/lib/mastra/utils/intent.test.ts[39m[0m[2m:284:36[22m[2m[22m

[1m[31m  [1m● [22m[1mIntent Analysis Utility › Emotional Tone Detection › should detect tone: "価格を教えて" as neutral[39m[22m

    [2mexpect([22m[31mreceived[39m[2m).[22mtoBe[2m([22m[32mexpected[39m[2m) // Object.is equality[22m

    Expected: [32m"neutral"[39m
    Received: [31mundefined[39m
[2m[22m
[2m    [0m [90m 282 |[39m     test[33m.[39meach(toneTests)([32m'should detect tone: "$input" as $tone'[39m[33m,[39m ({ input[33m,[39m tone }) [33m=>[39m {[22m
[2m     [90m 283 |[39m       [36mconst[39m result [33m=[39m analyzeIntent(input)[33m;[39m[22m
[2m    [31m[1m>[22m[2m[39m[90m 284 |[39m       expect(result[33m.[39memotionalTone)[33m.[39mtoBe(tone)[33m;[39m[22m
[2m     [90m     |[39m                                    [31m[1m^[22m[2m[39m[22m
[2m     [90m 285 |[39m     })[33m;[39m[22m
[2m     [90m 286 |[39m   })[33m;[39m[22m
[2m     [90m 287 |[39m[0m[22m
[2m[22m
[2m      [2mat [22m[2m[0m[36mtests/unit/lib/mastra/utils/intent.test.ts[39m[0m[2m:284:36[22m[2m[22m

[1m[31m  [1m● [22m[1mIntent Analysis Utility › Workflow Requirements › should not require workflow for conversational intents[39m[22m

    [2mexpect([22m[31mreceived[39m[2m).[22mtoBe[2m([22m[32mexpected[39m[2m) // Object.is equality[22m

    Expected: [32mfalse[39m
    Received: [31mtrue[39m
[2m[22m
[2m    [0m [90m 317 |[39m       workflowStatus[33m.[39mforEach(({ input[33m,[39m requiresWorkflow }) [33m=>[39m {[22m
[2m     [90m 318 |[39m         [36mconst[39m result [33m=[39m analyzeIntent(input)[33m;[39m[22m
[2m    [31m[1m>[22m[2m[39m[90m 319 |[39m         expect(result[33m.[39mrequiresWorkflow)[33m.[39mtoBe(requiresWorkflow)[33m;[39m[22m
[2m     [90m     |[39m                                         [31m[1m^[22m[2m[39m[22m
[2m     [90m 320 |[39m       })[33m;[39m[22m
[2m     [90m 321 |[39m     })[33m;[39m[22m
[2m     [90m 322 |[39m   })[33m;[39m[0m[22m
[2m[22m
[2m      [2mat [22m[2m[0m[36mtests/unit/lib/mastra/utils/intent.test.ts[39m[0m[2m:319:41[22m[2m[22m
[2m          at Array.forEach (<anonymous>)[22m
[2m      [2mat Object.<anonymous> ([22m[2m[0m[36mtests/unit/lib/mastra/utils/intent.test.ts[39m[0m[2m:317:22)[22m[2m[22m

[0m[7m[1m[31m FAIL [39m[22m[27m[0m [2mtests/unit/lib/ws/[22m[1mconnection.test.ts[22m
[1m[31m  [1m● [22m[1mWSManager E2E - Connection Management › Connection Sharing › should maintain connection while at least one subscriber exists[39m[22m

    [2mexpect([22m[31mreceived[39m[2m).[22mtoBe[2m([22m[32mexpected[39m[2m) // Object.is equality[22m

    Expected: [32m1[39m
    Received: [31m0[39m
[2m[22m
[2m    [0m [90m 193 |[39m       [90m// Connection should still exist[39m[22m
[2m     [90m 194 |[39m       expect([33mMockWebSocket[39m[33m.[39mgetAllInstances())[33m.[39mtoHaveLength([35m1[39m)[33m;[39m[22m
[2m    [31m[1m>[22m[2m[39m[90m 195 |[39m       expect(manager[33m.[39mgetActiveStreamsCount())[33m.[39mtoBe([35m1[39m)[33m;[39m[22m
[2m     [90m     |[39m                                               [31m[1m^[22m[2m[39m[22m
[2m     [90m 196 |[39m       [22m
[2m     [90m 197 |[39m       [90m// Unsubscribe second subscriber[39m[22m
[2m     [90m 198 |[39m       sub2[33m.[39munsubscribe()[33m;[39m[0m[22m
[2m[22m
[2m      [2mat Object.<anonymous> ([22m[2m[0m[36mtests/unit/lib/ws/connection.test.ts[39m[0m[2m:195:47)[22m[2m[22m

[1m[31m  [1m● [22m[1mWSManager E2E - Connection Management › Connection Cleanup › should close connections on destroy[39m[22m

    [2mexpect([22m[31mreceived[39m[2m).[22mtoBe[2m([22m[32mexpected[39m[2m) // Object.is equality[22m

    Expected: [32m3[39m
    Received: [31m1[39m
[2m[22m
[2m    [0m [90m 220 |[39m       [90m// All connections should be closed[39m[22m
[2m     [90m 221 |[39m       instances[33m.[39mforEach(ws [33m=>[39m {[22m
[2m    [31m[1m>[22m[2m[39m[90m 222 |[39m         expect(ws[33m.[39mreadyState)[33m.[39mtoBe([33mMockWebSocket[39m[33m.[39m[33mCLOSED[39m)[33m;[39m[22m
[2m     [90m     |[39m                               [31m[1m^[22m[2m[39m[22m
[2m     [90m 223 |[39m       })[33m;[39m[22m
[2m     [90m 224 |[39m       [22m
[2m     [90m 225 |[39m       [90m// Metrics should show cleanup[39m[0m[22m
[2m[22m
[2m      [2mat [22m[2m[0m[36mtests/unit/lib/ws/connection.test.ts[39m[0m[2m:222:31[22m[2m[22m
[2m          at Array.forEach (<anonymous>)[22m
[2m      [2mat Object.<anonymous> ([22m[2m[0m[36mtests/unit/lib/ws/connection.test.ts[39m[0m[2m:221:17)[22m[2m[22m

[1m[31m  [1m● [22m[1mWSManager E2E - Connection Management › Connection Cleanup › should handle rapid subscribe/unsubscribe cycles[39m[22m

    [2mexpect([22m[31mreceived[39m[2m).[22mtoBeLessThanOrEqual[2m([22m[32mexpected[39m[2m)[22m

    Expected: <= [32m1[39m
    Received:    [31m20[39m
[2m[22m
[2m    [0m [90m 245 |[39m       [90m// Should handle gracefully without connection leaks[39m[22m
[2m     [90m 246 |[39m       [36mconst[39m instances [33m=[39m [33mMockWebSocket[39m[33m.[39mgetAllInstances()[33m;[39m[22m
[2m    [31m[1m>[22m[2m[39m[90m 247 |[39m       expect(instances[33m.[39mlength)[33m.[39mtoBeLessThanOrEqual([35m1[39m)[33m;[39m[22m
[2m     [90m     |[39m                                [31m[1m^[22m[2m[39m[22m
[2m     [90m 248 |[39m     })[33m;[39m[22m
[2m     [90m 249 |[39m   })[33m;[39m[22m
[2m     [90m 250 |[39m[0m[22m
[2m[22m
[2m      [2mat Object.<anonymous> ([22m[2m[0m[36mtests/unit/lib/ws/connection.test.ts[39m[0m[2m:247:32)[22m[2m[22m

[0m[7m[1m[31m FAIL [39m[22m[27m[0m [2mlib/chart/plugins/__tests__/[22m[1mLineRenderer.test.ts[22m
[1m[31m  [1m● [22m[1mLineRenderer › render › should handle lines with style properties[39m[22m

    [2mexpect([22m[31mreceived[39m[2m).[22mtoBe[2m([22m[32mexpected[39m[2m) // Object.is equality[22m

    Expected: [32m"#[7mFF0000[27m"[39m
    Received: [31m"#[7mE91E63[27m"[39m
[2m[22m
[2m    [0m [90m 267 |[39m       [22m
[2m     [90m 268 |[39m       [36mconst[39m config [33m=[39m mockAddLineSeries[33m.[39mmock[33m.[39mcalls[[35m0[39m][[35m0[39m][33m;[39m[22m
[2m    [31m[1m>[22m[2m[39m[90m 269 |[39m       expect(config[33m.[39mcolor)[33m.[39mtoBe([32m'#FF0000'[39m)[33m;[39m[22m
[2m     [90m     |[39m                            [31m[1m^[22m[2m[39m[22m
[2m     [90m 270 |[39m       expect(config[33m.[39mlineWidth)[33m.[39mtoBe([35m3[39m)[33m;[39m[22m
[2m     [90m 271 |[39m       expect(config[33m.[39mlineStyle)[33m.[39mtoBe([35m1[39m)[33m;[39m [90m// dashed[39m[22m
[2m     [90m 272 |[39m     })[33m;[39m[0m[22m
[2m[22m
[2m      [2mat Object.<anonymous> ([22m[2m[0m[36mlib/chart/plugins/__tests__/LineRenderer.test.ts[39m[0m[2m:269:28)[22m[2m[22m

[1m[31m  [1m● [22m[1mLineRenderer › render › should skip lines with insufficient data[39m[22m

    [2mexpect([22m[31mjest.fn()[39m[2m).[22mnot[2m.[22mtoHaveBeenCalled[2m()[22m

    Expected number of calls: [32m0[39m
    Received number of calls: [31m1[39m

    1: [31m{"color": "#00BCD4", "crosshairMarkerVisible": false, "lastValueVisible": false, "lineStyle": 1, "lineWidth": 2, "priceLineVisible": false, "title": "サポートライン"}[39m
[2m[22m
[2m    [0m [90m 364 |[39m       [36mawait[39m renderer[33m.[39mrender([32m'pattern-1'[39m[33m,[39m dataWithInvalidLine)[33m;[39m[22m
[2m     [90m 365 |[39m       [22m
[2m    [31m[1m>[22m[2m[39m[90m 366 |[39m       expect(mockAddLineSeries)[33m.[39mnot[33m.[39mtoHaveBeenCalled()[33m;[39m[22m
[2m     [90m     |[39m                                     [31m[1m^[22m[2m[39m[22m
[2m     [90m 367 |[39m     })[33m;[39m[22m
[2m     [90m 368 |[39m[22m
[2m     [90m 369 |[39m     it([32m'should register series with metadata'[39m[33m,[39m [36masync[39m () [33m=>[39m {[0m[22m
[2m[22m
[2m      [2mat Object.<anonymous> ([22m[2m[0m[36mlib/chart/plugins/__tests__/LineRenderer.test.ts[39m[0m[2m:366:37)[22m[2m[22m

[1m[31m  [1m● [22m[1mLineRenderer › render › should normalize timestamps[39m[22m

    [2mexpect([22m[31mreceived[39m[2m).[22mtoBe[2m([22m[32mexpected[39m[2m) // Object.is equality[22m

    Expected: [32m1234567890[39m
    Received: [31m1234567890000[39m
[2m[22m
[2m    [0m [90m 419 |[39m       [22m
[2m     [90m 420 |[39m       [36mconst[39m lineData [33m=[39m (mockLineSeries[33m.[39msetData [36mas[39m jest[33m.[39m[33mMock[39m)[33m.[39mmock[33m.[39mcalls[[35m0[39m][[35m0[39m][33m;[39m[22m
[2m    [31m[1m>[22m[2m[39m[90m 421 |[39m       expect(lineData[[35m0[39m][33m.[39mtime)[33m.[39mtoBe([35m1234567890[39m)[33m;[39m [90m// Converted to seconds[39m[22m
[2m     [90m     |[39m                                [31m[1m^[22m[2m[39m[22m
[2m     [90m 422 |[39m       expect(lineData[[35m1[39m][33m.[39mtime)[33m.[39mtoBe([35m1234567900[39m)[33m;[39m[22m
[2m     [90m 423 |[39m     })[33m;[39m[22m
[2m     [90m 424 |[39m   })[33m;[39m[0m[22m
[2m[22m
[2m      [2mat Object.<anonymous> ([22m[2m[0m[36mlib/chart/plugins/__tests__/LineRenderer.test.ts[39m[0m[2m:421:32)[22m[2m[22m

[1m[31m  [1m● [22m[1mLineRenderer › updateLineColors › should warn about color update requiring re-render[39m[22m

    [2mexpect([22m[31mjest.fn()[39m[2m).[22mtoHaveBeenCalledWith[2m([22m[32m...expected[39m[2m)[22m

    Expected: [32mStringContaining "Color update requires re-rendering"[39m, [32mAny<Object>[39m
    Received: [31m"[LineRenderer] Pattern not found for color update"[39m, [2m{"patternId": "pattern-1"}[22m

    Number of calls: [31m1[39m
[2m[22m
[2m    [0m [90m 495 |[39m       [22m
[2m     [90m 496 |[39m       [90m// Should log warning about re-rendering[39m[22m
[2m    [31m[1m>[22m[2m[39m[90m 497 |[39m       expect(require([32m'@/lib/utils/logger'[39m)[33m.[39mlogger[33m.[39mwarn)[33m.[39mtoHaveBeenCalledWith([22m
[2m     [90m     |[39m                                                         [31m[1m^[22m[2m[39m[22m
[2m     [90m 498 |[39m         expect[33m.[39mstringContaining([32m'Color update requires re-rendering'[39m)[33m,[39m[22m
[2m     [90m 499 |[39m         expect[33m.[39many([33mObject[39m)[22m
[2m     [90m 500 |[39m       )[33m;[39m[0m[22m
[2m[22m
[2m      [2mat Object.<anonymous> ([22m[2m[0m[36mlib/chart/plugins/__tests__/LineRenderer.test.ts[39m[0m[2m:497:57)[22m[2m[22m

[1m[31m  [1m● [22m[1mLineRenderer › line data generation › should use palette colors when no style specified[39m[22m

    [2mexpect([22m[31mreceived[39m[2m).[22mtoBe[2m([22m[32mexpected[39m[2m) // Object.is equality[22m

    Expected: [32m"#[7m4CAF50[27m"[39m
    Received: [31m"#[7m2196F3[27m"[39m
[2m[22m
[2m    [0m [90m 648 |[39m       [22m
[2m     [90m 649 |[39m       [90m// Check palette colors are used[39m[22m
[2m    [31m[1m>[22m[2m[39m[90m 650 |[39m       expect(mockAddLineSeries[33m.[39mmock[33m.[39mcalls[[35m0[39m][[35m0[39m][33m.[39mcolor)[33m.[39mtoBe([32m'#4CAF50'[39m)[33m;[39m[22m
[2m     [90m     |[39m                                                        [31m[1m^[22m[2m[39m[22m
[2m     [90m 651 |[39m       expect(mockAddLineSeries[33m.[39mmock[33m.[39mcalls[[35m1[39m][[35m0[39m][33m.[39mcolor)[33m.[39mtoBe([32m'#2196F3'[39m)[33m;[39m[22m
[2m     [90m 652 |[39m       expect(mockAddLineSeries[33m.[39mmock[33m.[39mcalls[[35m2[39m][[35m0[39m][33m.[39mcolor)[33m.[39mtoBe([32m'#FF9800'[39m)[33m;[39m[22m
[2m     [90m 653 |[39m     })[33m;[39m[0m[22m
[2m[22m
[2m      [2mat Object.<anonymous> ([22m[2m[0m[36mlib/chart/plugins/__tests__/LineRenderer.test.ts[39m[0m[2m:650:56)[22m[2m[22m

[1m[31m  [1m● [22m[1mLineRenderer › error handling › should wrap unexpected errors in PluginError[39m[22m

    [2mexpect([22m[31mreceived[39m[2m).[22mrejects[2m.[22mtoThrow[2m()[22m

    Received promise resolved instead of rejected
    Resolved to value: [31mundefined[39m
[2m[22m
[2m    [0m [90m 674 |[39m       }[33m;[39m[22m
[2m     [90m 675 |[39m       [22m
[2m    [31m[1m>[22m[2m[39m[90m 676 |[39m       [36mawait[39m expect(renderer[33m.[39mrender([32m'pattern-1'[39m[33m,[39m data))[22m
[2m     [90m     |[39m                   [31m[1m^[22m[2m[39m[22m
[2m     [90m 677 |[39m         [33m.[39mrejects[33m.[39mtoThrow([33mPluginError[39m)[33m;[39m[22m
[2m     [90m 678 |[39m     })[33m;[39m[22m
[2m     [90m 679 |[39m[0m[22m
[2m[22m
[2m      [2mat expect ([22m[2mnode_modules/expect/build/index.js[2m:113:15)[22m[2m[22m
[2m      [2mat Object.<anonymous> ([22m[2m[0m[36mlib/chart/plugins/__tests__/LineRenderer.test.ts[39m[0m[2m:676:19)[22m[2m[22m

[0m[7m[1m[31m FAIL [39m[22m[27m[0m [2mtests/unit/lib/mastra/tools/[22m[1mchart-data-analysis.tool.test.ts[22m
[1m[31m  [1m● [22m[1mchartDataAnalysisTool › Edge Cases in Calculations › should handle malformed candle data gracefully[39m[22m

    [2mexpect([22m[31mreceived[39m[2m).[22mtoBe[2m([22m[32mexpected[39m[2m) // Object.is equality[22m

    Expected: [32m3[39m
    Received: [31m2[39m
[2m[22m
[2m    [0m [90m 1093 |[39m       [90m// Should handle NaN values gracefully[39m[22m
[2m     [90m 1094 |[39m       expect(result)[33m.[39mtoBeDefined()[33m;[39m[22m
[2m    [31m[1m>[22m[2m[39m[90m 1095 |[39m       expect(result[33m.[39mdataRange[33m.[39mcandleCount)[33m.[39mtoBe([35m3[39m)[33m;[39m[22m
[2m     [90m      |[39m                                            [31m[1m^[22m[2m[39m[22m
[2m     [90m 1096 |[39m     })[33m;[39m[22m
[2m     [90m 1097 |[39m   })[33m;[39m[22m
[2m     [90m 1098 |[39m[0m[22m
[2m[22m
[2m      [2mat Object.<anonymous> ([22m[2m[0m[36mtests/unit/lib/mastra/tools/chart-data-analysis.tool.test.ts[39m[0m[2m:1095:44)[22m[2m[22m

[0m[7m[1m[31m FAIL [39m[22m[27m[0m [2mtests/unit/[22m[1mchart-persistence.test.ts[22m
[1m[31m  [1m● [22m[1mChartPersistenceManager › Load Drawings › should handle corrupted localStorage data[39m[22m

    Failed to load drawings: Failed to load drawings from localStorage: Unexpected token 'i', "invalid-json" is not valid JSON
[2m[22m
[2m    [0m [90m 195 |[39m       [22m
[2m     [90m 196 |[39m       [90m// 本番環境ではエラーを投げる[39m[22m
[2m    [31m[1m>[22m[2m[39m[90m 197 |[39m       [36mthrow[39m [36mnew[39m [33mError[39m([32m`Failed to load drawings: ${error instanceof Error ? error.message : 'Unknown error'}`[39m)[33m;[39m[22m
[2m     [90m     |[39m             [31m[1m^[22m[2m[39m[22m
[2m     [90m 198 |[39m     }[22m
[2m     [90m 199 |[39m   }[22m
[2m     [90m 200 |[39m[0m[22m
[2m[22m
[2m      [2mat ChartPersistenceManager.loadDrawings ([22m[2mlib/storage/chart-persistence.ts[2m:197:13)[22m[2m[22m
[2m      [2mat Object.<anonymous> ([22m[2m[0m[36mtests/unit/chart-persistence.test.ts[39m[0m[2m:281:54)[22m[2m[22m

[1m[31m  [1m● [22m[1mChartPersistenceManager › Load Patterns › should validate loaded patterns and skip invalid ones[39m[22m

    [2mexpect([22m[31mreceived[39m[2m).[22mtoEqual[2m([22m[32mexpected[39m[2m) // deep equality[22m

    [32m- Expected  -  0[39m
    [31m+ Received  + 22[39m

    [33m@@ -19,6 +19,28 @@[39m
    [2m            ],[22m
    [2m          },[22m
    [2m        ],[22m
    [2m      },[22m
    [2m    },[22m
    [31m+   Object {[39m
    [31m+     "confidence": 0.85,[39m
    [31m+     "tradingImplication": "bearish",[39m
    [31m+     "type": "invalidType",[39m
    [31m+     "visualization": Object {[39m
    [31m+       "lines": Array [[39m
    [31m+         Object {[39m
    [31m+           "id": "line-1",[39m
    [31m+           "points": Array [[39m
    [31m+             Object {[39m
    [31m+               "time": 1234567890,[39m
    [31m+               "value": 100,[39m
    [31m+             },[39m
    [31m+             Object {[39m
    [31m+               "time": 1234567900,[39m
    [31m+               "value": 110,[39m
    [31m+             },[39m
    [31m+           ],[39m
    [31m+         },[39m
    [31m+       ],[39m
    [31m+     },[39m
    [31m+   },[39m
    [2m  ][22m
[2m[22m
[2m    [0m [90m 358 |[39m       [36mconst[39m patterns [33m=[39m [36mawait[39m [33mChartPersistenceManager[39m[33m.[39mloadPatterns()[33m;[39m[22m
[2m     [90m 359 |[39m[22m
[2m    [31m[1m>[22m[2m[39m[90m 360 |[39m       expect(patterns)[33m.[39mtoEqual([mockPattern])[33m;[39m[22m
[2m     [90m     |[39m                        [31m[1m^[22m[2m[39m[22m
[2m     [90m 361 |[39m       expect(logger[33m.[39mwarn)[33m.[39mtoHaveBeenCalledWith([22m
[2m     [90m 362 |[39m         [32m'[ChartPersistence] Invalid pattern skipped'[39m[33m,[39m[22m
[2m     [90m 363 |[39m         expect[33m.[39mobjectContaining({ pattern[33m:[39m invalidPattern })[0m[22m
[2m[22m
[2m      [2mat Object.<anonymous> ([22m[2m[0m[36mtests/unit/chart-persistence.test.ts[39m[0m[2m:360:24)[22m[2m[22m

[0m[7m[1m[31m FAIL [39m[22m[27m[0m [2mlib/chart/plugins/__tests__/[22m[1mutils.test.ts[22m
[1m[31m  [1m● [22m[1mTimeUtils › isWithinRange › should normalize timestamps before comparison[39m[22m

    [2mexpect([22m[31mreceived[39m[2m).[22mtoBe[2m([22m[32mexpected[39m[2m) // Object.is equality[22m

    Expected: [32mtrue[39m
    Received: [31mfalse[39m
[2m[22m
[2m    [0m [90m 237 |[39m     it([32m'should normalize timestamps before comparison'[39m[33m,[39m () [33m=>[39m {[22m
[2m     [90m 238 |[39m       expect([33mTimeUtils[39m[33m.[39misWithinRange([35m1500000[39m[33m,[39m [35m1000[39m[33m,[39m [35m2000[39m))[33m.[39mtoBe([36mfalse[39m)[33m;[39m [90m// 1500000ms = 1500s, not in 1000-2000 range[39m[22m
[2m    [31m[1m>[22m[2m[39m[90m 239 |[39m       expect([33mTimeUtils[39m[33m.[39misWithinRange([35m1500000000[39m[33m,[39m [35m1000[39m[33m,[39m [35m2000[39m))[33m.[39mtoBe([36mtrue[39m)[33m;[39m [90m// 1500000000ms = 1500s, in 1000-2000 range[39m[22m
[2m     [90m     |[39m                                                               [31m[1m^[22m[2m[39m[22m
[2m     [90m 240 |[39m       expect([33mTimeUtils[39m[33m.[39misWithinRange([35m1500[39m[33m,[39m [35m1000000000[39m[33m,[39m [35m2000000000[39m))[33m.[39mtoBe([36mtrue[39m)[33m;[39m [90m// all normalized to seconds[39m[22m
[2m     [90m 241 |[39m     })[33m;[39m[22m
[2m     [90m 242 |[39m   })[33m;[39m[0m[22m
[2m[22m
[2m      [2mat Object.<anonymous> ([22m[2m[0m[36mlib/chart/plugins/__tests__/utils.test.ts[39m[0m[2m:239:63)[22m[2m[22m

[0m[7m[1m[31m FAIL [39m[22m[27m[0m [2mtests/unit/lib/mastra/utils/[22m[1mshared-data-store.test.ts[22m
[1m[31m  [1m● [22m[1mSharedDataStore › getInstance › should return singleton instance[39m[22m

    TypeError: shared_data_store_1.SharedDataStore.destroy is not a function
[2m[22m
[2m    [0m [90m 21 |[39m     jest[33m.[39mclearAllMocks()[33m;[39m[22m
[2m     [90m 22 |[39m     jest[33m.[39museFakeTimers()[33m;[39m[22m
[2m    [31m[1m>[22m[2m[39m[90m 23 |[39m     [33mSharedDataStore[39m[33m.[39mdestroy()[33m;[39m[22m
[2m     [90m    |[39m                     [31m[1m^[22m[2m[39m[22m
[2m     [90m 24 |[39m   })[33m;[39m[22m
[2m     [90m 25 |[39m[22m
[2m     [90m 26 |[39m   afterEach(() [33m=>[39m {[0m[22m
[2m[22m
[2m      [2mat Object.<anonymous> ([22m[2m[0m[36mtests/unit/lib/mastra/utils/shared-data-store.test.ts[39m[0m[2m:23:21)[22m[2m[22m

[1m[31m  [1m● [22m[1mSharedDataStore › getInstance › should return singleton instance[39m[22m

    TypeError: shared_data_store_1.SharedDataStore.destroy is not a function
[2m[22m
[2m    [0m [90m 26 |[39m   afterEach(() [33m=>[39m {[22m
[2m     [90m 27 |[39m     jest[33m.[39museRealTimers()[33m;[39m[22m
[2m    [31m[1m>[22m[2m[39m[90m 28 |[39m     [33mSharedDataStore[39m[33m.[39mdestroy()[33m;[39m[22m
[2m     [90m    |[39m                     [31m[1m^[22m[2m[39m[22m
[2m     [90m 29 |[39m   })[33m;[39m[22m
[2m     [90m 30 |[39m[22m
[2m     [90m 31 |[39m   describe([32m'getInstance'[39m[33m,[39m () [33m=>[39m {[0m[22m
[2m[22m
[2m      [2mat Object.<anonymous> ([22m[2m[0m[36mtests/unit/lib/mastra/utils/shared-data-store.test.ts[39m[0m[2m:28:21)[22m[2m[22m

[1m[31m  [1m● [22m[1mSharedDataStore › getInstance › should start cleanup interval[39m[22m

    TypeError: shared_data_store_1.SharedDataStore.destroy is not a function
[2m[22m
[2m    [0m [90m 21 |[39m     jest[33m.[39mclearAllMocks()[33m;[39m[22m
[2m     [90m 22 |[39m     jest[33m.[39museFakeTimers()[33m;[39m[22m
[2m    [31m[1m>[22m[2m[39m[90m 23 |[39m     [33mSharedDataStore[39m[33m.[39mdestroy()[33m;[39m[22m
[2m     [90m    |[39m                     [31m[1m^[22m[2m[39m[22m
[2m     [90m 24 |[39m   })[33m;[39m[22m
[2m     [90m 25 |[39m[22m
[2m     [90m 26 |[39m   afterEach(() [33m=>[39m {[0m[22m
[2m[22m
[2m      [2mat Object.<anonymous> ([22m[2m[0m[36mtests/unit/lib/mastra/utils/shared-data-store.test.ts[39m[0m[2m:23:21)[22m[2m[22m

[1m[31m  [1m● [22m[1mSharedDataStore › getInstance › should start cleanup interval[39m[22m

    TypeError: shared_data_store_1.SharedDataStore.destroy is not a function
[2m[22m
[2m    [0m [90m 26 |[39m   afterEach(() [33m=>[39m {[22m
[2m     [90m 27 |[39m     jest[33m.[39museRealTimers()[33m;[39m[22m
[2m    [31m[1m>[22m[2m[39m[90m 28 |[39m     [33mSharedDataStore[39m[33m.[39mdestroy()[33m;[39m[22m
[2m     [90m    |[39m                     [31m[1m^[22m[2m[39m[22m
[2m     [90m 29 |[39m   })[33m;[39m[22m
[2m     [90m 30 |[39m[22m
[2m     [90m 31 |[39m   describe([32m'getInstance'[39m[33m,[39m () [33m=>[39m {[0m[22m
[2m[22m
[2m      [2mat Object.<anonymous> ([22m[2m[0m[36mtests/unit/lib/mastra/utils/shared-data-store.test.ts[39m[0m[2m:28:21)[22m[2m[22m

[1m[31m  [1m● [22m[1mSharedDataStore › set and get › should store and retrieve data[39m[22m

    TypeError: shared_data_store_1.SharedDataStore.destroy is not a function
[2m[22m
[2m    [0m [90m 21 |[39m     jest[33m.[39mclearAllMocks()[33m;[39m[22m
[2m     [90m 22 |[39m     jest[33m.[39museFakeTimers()[33m;[39m[22m
[2m    [31m[1m>[22m[2m[39m[90m 23 |[39m     [33mSharedDataStore[39m[33m.[39mdestroy()[33m;[39m[22m
[2m     [90m    |[39m                     [31m[1m^[22m[2m[39m[22m
[2m     [90m 24 |[39m   })[33m;[39m[22m
[2m     [90m 25 |[39m[22m
[2m     [90m 26 |[39m   afterEach(() [33m=>[39m {[0m[22m
[2m[22m
[2m      [2mat Object.<anonymous> ([22m[2m[0m[36mtests/unit/lib/mastra/utils/shared-data-store.test.ts[39m[0m[2m:23:21)[22m[2m[22m

[1m[31m  [1m● [22m[1mSharedDataStore › set and get › should store and retrieve data[39m[22m

    TypeError: shared_data_store_1.SharedDataStore.destroy is not a function
[2m[22m
[2m    [0m [90m 26 |[39m   afterEach(() [33m=>[39m {[22m
[2m     [90m 27 |[39m     jest[33m.[39museRealTimers()[33m;[39m[22m
[2m    [31m[1m>[22m[2m[39m[90m 28 |[39m     [33mSharedDataStore[39m[33m.[39mdestroy()[33m;[39m[22m
[2m     [90m    |[39m                     [31m[1m^[22m[2m[39m[22m
[2m     [90m 29 |[39m   })[33m;[39m[22m
[2m     [90m 30 |[39m[22m
[2m     [90m 31 |[39m   describe([32m'getInstance'[39m[33m,[39m () [33m=>[39m {[0m[22m
[2m[22m
[2m      [2mat Object.<anonymous> ([22m[2m[0m[36mtests/unit/lib/mastra/utils/shared-data-store.test.ts[39m[0m[2m:28:21)[22m[2m[22m

[1m[31m  [1m● [22m[1mSharedDataStore › set and get › should store data with type safety[39m[22m

    TypeError: shared_data_store_1.SharedDataStore.destroy is not a function
[2m[22m
[2m    [0m [90m 21 |[39m     jest[33m.[39mclearAllMocks()[33m;[39m[22m
[2m     [90m 22 |[39m     jest[33m.[39museFakeTimers()[33m;[39m[22m
[2m    [31m[1m>[22m[2m[39m[90m 23 |[39m     [33mSharedDataStore[39m[33m.[39mdestroy()[33m;[39m[22m
[2m     [90m    |[39m                     [31m[1m^[22m[2m[39m[22m
[2m     [90m 24 |[39m   })[33m;[39m[22m
[2m     [90m 25 |[39m[22m
[2m     [90m 26 |[39m   afterEach(() [33m=>[39m {[0m[22m
[2m[22m
[2m      [2mat Object.<anonymous> ([22m[2m[0m[36mtests/unit/lib/mastra/utils/shared-data-store.test.ts[39m[0m[2m:23:21)[22m[2m[22m

[1m[31m  [1m● [22m[1mSharedDataStore › set and get › should store data with type safety[39m[22m

    TypeError: shared_data_store_1.SharedDataStore.destroy is not a function
[2m[22m
[2m    [0m [90m 26 |[39m   afterEach(() [33m=>[39m {[22m
[2m     [90m 27 |[39m     jest[33m.[39museRealTimers()[33m;[39m[22m
[2m    [31m[1m>[22m[2m[39m[90m 28 |[39m     [33mSharedDataStore[39m[33m.[39mdestroy()[33m;[39m[22m
[2m     [90m    |[39m                     [31m[1m^[22m[2m[39m[22m
[2m     [90m 29 |[39m   })[33m;[39m[22m
[2m     [90m 30 |[39m[22m
[2m     [90m 31 |[39m   describe([32m'getInstance'[39m[33m,[39m () [33m=>[39m {[0m[22m
[2m[22m
[2m      [2mat Object.<anonymous> ([22m[2m[0m[36mtests/unit/lib/mastra/utils/shared-data-store.test.ts[39m[0m[2m:28:21)[22m[2m[22m

[1m[31m  [1m● [22m[1mSharedDataStore › set and get › should store data with TTL[39m[22m

    TypeError: shared_data_store_1.SharedDataStore.destroy is not a function
[2m[22m
[2m    [0m [90m 21 |[39m     jest[33m.[39mclearAllMocks()[33m;[39m[22m
[2m     [90m 22 |[39m     jest[33m.[39museFakeTimers()[33m;[39m[22m
[2m    [31m[1m>[22m[2m[39m[90m 23 |[39m     [33mSharedDataStore[39m[33m.[39mdestroy()[33m;[39m[22m
[2m     [90m    |[39m                     [31m[1m^[22m[2m[39m[22m
[2m     [90m 24 |[39m   })[33m;[39m[22m
[2m     [90m 25 |[39m[22m
[2m     [90m 26 |[39m   afterEach(() [33m=>[39m {[0m[22m
[2m[22m
[2m      [2mat Object.<anonymous> ([22m[2m[0m[36mtests/unit/lib/mastra/utils/shared-data-store.test.ts[39m[0m[2m:23:21)[22m[2m[22m

[1m[31m  [1m● [22m[1mSharedDataStore › set and get › should store data with TTL[39m[22m

    TypeError: shared_data_store_1.SharedDataStore.destroy is not a function
[2m[22m
[2m    [0m [90m 26 |[39m   afterEach(() [33m=>[39m {[22m
[2m     [90m 27 |[39m     jest[33m.[39museRealTimers()[33m;[39m[22m
[2m    [31m[1m>[22m[2m[39m[90m 28 |[39m     [33mSharedDataStore[39m[33m.[39mdestroy()[33m;[39m[22m
[2m     [90m    |[39m                     [31m[1m^[22m[2m[39m[22m
[2m     [90m 29 |[39m   })[33m;[39m[22m
[2m     [90m 30 |[39m[22m
[2m     [90m 31 |[39m   describe([32m'getInstance'[39m[33m,[39m () [33m=>[39m {[0m[22m
[2m[22m
[2m      [2mat Object.<anonymous> ([22m[2m[0m[36mtests/unit/lib/mastra/utils/shared-data-store.test.ts[39m[0m[2m:28:21)[22m[2m[22m

[1m[31m  [1m● [22m[1mSharedDataStore › set and get › should store data with metadata[39m[22m

    TypeError: shared_data_store_1.SharedDataStore.destroy is not a function
[2m[22m
[2m    [0m [90m 21 |[39m     jest[33m.[39mclearAllMocks()[33m;[39m[22m
[2m     [90m 22 |[39m     jest[33m.[39museFakeTimers()[33m;[39m[22m
[2m    [31m[1m>[22m[2m[39m[90m 23 |[39m     [33mSharedDataStore[39m[33m.[39mdestroy()[33m;[39m[22m
[2m     [90m    |[39m                     [31m[1m^[22m[2m[39m[22m
[2m     [90m 24 |[39m   })[33m;[39m[22m
[2m     [90m 25 |[39m[22m
[2m     [90m 26 |[39m   afterEach(() [33m=>[39m {[0m[22m
[2m[22m
[2m      [2mat Object.<anonymous> ([22m[2m[0m[36mtests/unit/lib/mastra/utils/shared-data-store.test.ts[39m[0m[2m:23:21)[22m[2m[22m

[1m[31m  [1m● [22m[1mSharedDataStore › set and get › should store data with metadata[39m[22m

    TypeError: shared_data_store_1.SharedDataStore.destroy is not a function
[2m[22m
[2m    [0m [90m 26 |[39m   afterEach(() [33m=>[39m {[22m
[2m     [90m 27 |[39m     jest[33m.[39museRealTimers()[33m;[39m[22m
[2m    [31m[1m>[22m[2m[39m[90m 28 |[39m     [33mSharedDataStore[39m[33m.[39mdestroy()[33m;[39m[22m
[2m     [90m    |[39m                     [31m[1m^[22m[2m[39m[22m
[2m     [90m 29 |[39m   })[33m;[39m[22m
[2m     [90m 30 |[39m[22m
[2m     [90m 31 |[39m   describe([32m'getInstance'[39m[33m,[39m () [33m=>[39m {[0m[22m
[2m[22m
[2m      [2mat Object.<anonymous> ([22m[2m[0m[36mtests/unit/lib/mastra/utils/shared-data-store.test.ts[39m[0m[2m:28:21)[22m[2m[22m

[1m[31m  [1m● [22m[1mSharedDataStore › set and get › should return null for non-existent namespace[39m[22m

    TypeError: shared_data_store_1.SharedDataStore.destroy is not a function
[2m[22m
[2m    [0m [90m 21 |[39m     jest[33m.[39mclearAllMocks()[33m;[39m[22m
[2m     [90m 22 |[39m     jest[33m.[39museFakeTimers()[33m;[39m[22m
[2m    [31m[1m>[22m[2m[39m[90m 23 |[39m     [33mSharedDataStore[39m[33m.[39mdestroy()[33m;[39m[22m
[2m     [90m    |[39m                     [31m[1m^[22m[2m[39m[22m
[2m     [90m 24 |[39m   })[33m;[39m[22m
[2m     [90m 25 |[39m[22m
[2m     [90m 26 |[39m   afterEach(() [33m=>[39m {[0m[22m
[2m[22m
[2m      [2mat Object.<anonymous> ([22m[2m[0m[36mtests/unit/lib/mastra/utils/shared-data-store.test.ts[39m[0m[2m:23:21)[22m[2m[22m

[1m[31m  [1m● [22m[1mSharedDataStore › set and get › should return null for non-existent namespace[39m[22m

    TypeError: shared_data_store_1.SharedDataStore.destroy is not a function
[2m[22m
[2m    [0m [90m 26 |[39m   afterEach(() [33m=>[39m {[22m
[2m     [90m 27 |[39m     jest[33m.[39museRealTimers()[33m;[39m[22m
[2m    [31m[1m>[22m[2m[39m[90m 28 |[39m     [33mSharedDataStore[39m[33m.[39mdestroy()[33m;[39m[22m
[2m     [90m    |[39m                     [31m[1m^[22m[2m[39m[22m
[2m     [90m 29 |[39m   })[33m;[39m[22m
[2m     [90m 30 |[39m[22m
[2m     [90m 31 |[39m   describe([32m'getInstance'[39m[33m,[39m () [33m=>[39m {[0m[22m
[2m[22m
[2m      [2mat Object.<anonymous> ([22m[2m[0m[36mtests/unit/lib/mastra/utils/shared-data-store.test.ts[39m[0m[2m:28:21)[22m[2m[22m

[1m[31m  [1m● [22m[1mSharedDataStore › set and get › should return null for non-existent key[39m[22m

    TypeError: shared_data_store_1.SharedDataStore.destroy is not a function
[2m[22m
[2m    [0m [90m 21 |[39m     jest[33m.[39mclearAllMocks()[33m;[39m[22m
[2m     [90m 22 |[39m     jest[33m.[39museFakeTimers()[33m;[39m[22m
[2m    [31m[1m>[22m[2m[39m[90m 23 |[39m     [33mSharedDataStore[39m[33m.[39mdestroy()[33m;[39m[22m
[2m     [90m    |[39m                     [31m[1m^[22m[2m[39m[22m
[2m     [90m 24 |[39m   })[33m;[39m[22m
[2m     [90m 25 |[39m[22m
[2m     [90m 26 |[39m   afterEach(() [33m=>[39m {[0m[22m
[2m[22m
[2m      [2mat Object.<anonymous> ([22m[2m[0m[36mtests/unit/lib/mastra/utils/shared-data-store.test.ts[39m[0m[2m:23:21)[22m[2m[22m

[1m[31m  [1m● [22m[1mSharedDataStore › set and get › should return null for non-existent key[39m[22m

    TypeError: shared_data_store_1.SharedDataStore.destroy is not a function
[2m[22m
[2m    [0m [90m 26 |[39m   afterEach(() [33m=>[39m {[22m
[2m     [90m 27 |[39m     jest[33m.[39museRealTimers()[33m;[39m[22m
[2m    [31m[1m>[22m[2m[39m[90m 28 |[39m     [33mSharedDataStore[39m[33m.[39mdestroy()[33m;[39m[22m
[2m     [90m    |[39m                     [31m[1m^[22m[2m[39m[22m
[2m     [90m 29 |[39m   })[33m;[39m[22m
[2m     [90m 30 |[39m[22m
[2m     [90m 31 |[39m   describe([32m'getInstance'[39m[33m,[39m () [33m=>[39m {[0m[22m
[2m[22m
[2m      [2mat Object.<anonymous> ([22m[2m[0m[36mtests/unit/lib/mastra/utils/shared-data-store.test.ts[39m[0m[2m:28:21)[22m[2m[22m

[1m[31m  [1m● [22m[1mSharedDataStore › set and get › should log data storage[39m[22m

    TypeError: shared_data_store_1.SharedDataStore.destroy is not a function
[2m[22m
[2m    [0m [90m 21 |[39m     jest[33m.[39mclearAllMocks()[33m;[39m[22m
[2m     [90m 22 |[39m     jest[33m.[39museFakeTimers()[33m;[39m[22m
[2m    [31m[1m>[22m[2m[39m[90m 23 |[39m     [33mSharedDataStore[39m[33m.[39mdestroy()[33m;[39m[22m
[2m     [90m    |[39m                     [31m[1m^[22m[2m[39m[22m
[2m     [90m 24 |[39m   })[33m;[39m[22m
[2m     [90m 25 |[39m[22m
[2m     [90m 26 |[39m   afterEach(() [33m=>[39m {[0m[22m
[2m[22m
[2m      [2mat Object.<anonymous> ([22m[2m[0m[36mtests/unit/lib/mastra/utils/shared-data-store.test.ts[39m[0m[2m:23:21)[22m[2m[22m

[1m[31m  [1m● [22m[1mSharedDataStore › set and get › should log data storage[39m[22m

    TypeError: shared_data_store_1.SharedDataStore.destroy is not a function
[2m[22m
[2m    [0m [90m 26 |[39m   afterEach(() [33m=>[39m {[22m
[2m     [90m 27 |[39m     jest[33m.[39museRealTimers()[33m;[39m[22m
[2m    [31m[1m>[22m[2m[39m[90m 28 |[39m     [33mSharedDataStore[39m[33m.[39mdestroy()[33m;[39m[22m
[2m     [90m    |[39m                     [31m[1m^[22m[2m[39m[22m
[2m     [90m 29 |[39m   })[33m;[39m[22m
[2m     [90m 30 |[39m[22m
[2m     [90m 31 |[39m   describe([32m'getInstance'[39m[33m,[39m () [33m=>[39m {[0m[22m
[2m[22m
[2m      [2mat Object.<anonymous> ([22m[2m[0m[36mtests/unit/lib/mastra/utils/shared-data-store.test.ts[39m[0m[2m:28:21)[22m[2m[22m

[1m[31m  [1m● [22m[1mSharedDataStore › has › should return true for existing data[39m[22m

    TypeError: shared_data_store_1.SharedDataStore.destroy is not a function
[2m[22m
[2m    [0m [90m 21 |[39m     jest[33m.[39mclearAllMocks()[33m;[39m[22m
[2m     [90m 22 |[39m     jest[33m.[39museFakeTimers()[33m;[39m[22m
[2m    [31m[1m>[22m[2m[39m[90m 23 |[39m     [33mSharedDataStore[39m[33m.[39mdestroy()[33m;[39m[22m
[2m     [90m    |[39m                     [31m[1m^[22m[2m[39m[22m
[2m     [90m 24 |[39m   })[33m;[39m[22m
[2m     [90m 25 |[39m[22m
[2m     [90m 26 |[39m   afterEach(() [33m=>[39m {[0m[22m
[2m[22m
[2m      [2mat Object.<anonymous> ([22m[2m[0m[36mtests/unit/lib/mastra/utils/shared-data-store.test.ts[39m[0m[2m:23:21)[22m[2m[22m

[1m[31m  [1m● [22m[1mSharedDataStore › has › should return true for existing data[39m[22m

    TypeError: shared_data_store_1.SharedDataStore.destroy is not a function
[2m[22m
[2m    [0m [90m 26 |[39m   afterEach(() [33m=>[39m {[22m
[2m     [90m 27 |[39m     jest[33m.[39museRealTimers()[33m;[39m[22m
[2m    [31m[1m>[22m[2m[39m[90m 28 |[39m     [33mSharedDataStore[39m[33m.[39mdestroy()[33m;[39m[22m
[2m     [90m    |[39m                     [31m[1m^[22m[2m[39m[22m
[2m     [90m 29 |[39m   })[33m;[39m[22m
[2m     [90m 30 |[39m[22m
[2m     [90m 31 |[39m   describe([32m'getInstance'[39m[33m,[39m () [33m=>[39m {[0m[22m
[2m[22m
[2m      [2mat Object.<anonymous> ([22m[2m[0m[36mtests/unit/lib/mastra/utils/shared-data-store.test.ts[39m[0m[2m:28:21)[22m[2m[22m

[1m[31m  [1m● [22m[1mSharedDataStore › has › should return false for non-existent namespace[39m[22m

    TypeError: shared_data_store_1.SharedDataStore.destroy is not a function
[2m[22m
[2m    [0m [90m 21 |[39m     jest[33m.[39mclearAllMocks()[33m;[39m[22m
[2m     [90m 22 |[39m     jest[33m.[39museFakeTimers()[33m;[39m[22m
[2m    [31m[1m>[22m[2m[39m[90m 23 |[39m     [33mSharedDataStore[39m[33m.[39mdestroy()[33m;[39m[22m
[2m     [90m    |[39m                     [31m[1m^[22m[2m[39m[22m
[2m     [90m 24 |[39m   })[33m;[39m[22m
[2m     [90m 25 |[39m[22m
[2m     [90m 26 |[39m   afterEach(() [33m=>[39m {[0m[22m
[2m[22m
[2m      [2mat Object.<anonymous> ([22m[2m[0m[36mtests/unit/lib/mastra/utils/shared-data-store.test.ts[39m[0m[2m:23:21)[22m[2m[22m

[1m[31m  [1m● [22m[1mSharedDataStore › has › should return false for non-existent namespace[39m[22m

    TypeError: shared_data_store_1.SharedDataStore.destroy is not a function
[2m[22m
[2m    [0m [90m 26 |[39m   afterEach(() [33m=>[39m {[22m
[2m     [90m 27 |[39m     jest[33m.[39museRealTimers()[33m;[39m[22m
[2m    [31m[1m>[22m[2m[39m[90m 28 |[39m     [33mSharedDataStore[39m[33m.[39mdestroy()[33m;[39m[22m
[2m     [90m    |[39m                     [31m[1m^[22m[2m[39m[22m
[2m     [90m 29 |[39m   })[33m;[39m[22m
[2m     [90m 30 |[39m[22m
[2m     [90m 31 |[39m   describe([32m'getInstance'[39m[33m,[39m () [33m=>[39m {[0m[22m
[2m[22m
[2m      [2mat Object.<anonymous> ([22m[2m[0m[36mtests/unit/lib/mastra/utils/shared-data-store.test.ts[39m[0m[2m:28:21)[22m[2m[22m

[1m[31m  [1m● [22m[1mSharedDataStore › has › should return false for non-existent key[39m[22m

    TypeError: shared_data_store_1.SharedDataStore.destroy is not a function
[2m[22m
[2m    [0m [90m 21 |[39m     jest[33m.[39mclearAllMocks()[33m;[39m[22m
[2m     [90m 22 |[39m     jest[33m.[39museFakeTimers()[33m;[39m[22m
[2m    [31m[1m>[22m[2m[39m[90m 23 |[39m     [33mSharedDataStore[39m[33m.[39mdestroy()[33m;[39m[22m
[2m     [90m    |[39m                     [31m[1m^[22m[2m[39m[22m
[2m     [90m 24 |[39m   })[33m;[39m[22m
[2m     [90m 25 |[39m[22m
[2m     [90m 26 |[39m   afterEach(() [33m=>[39m {[0m[22m
[2m[22m
[2m      [2mat Object.<anonymous> ([22m[2m[0m[36mtests/unit/lib/mastra/utils/shared-data-store.test.ts[39m[0m[2m:23:21)[22m[2m[22m

[1m[31m  [1m● [22m[1mSharedDataStore › has › should return false for non-existent key[39m[22m

    TypeError: shared_data_store_1.SharedDataStore.destroy is not a function
[2m[22m
[2m    [0m [90m 26 |[39m   afterEach(() [33m=>[39m {[22m
[2m     [90m 27 |[39m     jest[33m.[39museRealTimers()[33m;[39m[22m
[2m    [31m[1m>[22m[2m[39m[90m 28 |[39m     [33mSharedDataStore[39m[33m.[39mdestroy()[33m;[39m[22m
[2m     [90m    |[39m                     [31m[1m^[22m[2m[39m[22m
[2m     [90m 29 |[39m   })[33m;[39m[22m
[2m     [90m 30 |[39m[22m
[2m     [90m 31 |[39m   describe([32m'getInstance'[39m[33m,[39m () [33m=>[39m {[0m[22m
[2m[22m
[2m      [2mat Object.<anonymous> ([22m[2m[0m[36mtests/unit/lib/mastra/utils/shared-data-store.test.ts[39m[0m[2m:28:21)[22m[2m[22m

[1m[31m  [1m● [22m[1mSharedDataStore › has › should return false for expired data[39m[22m

    TypeError: shared_data_store_1.SharedDataStore.destroy is not a function
[2m[22m
[2m    [0m [90m 21 |[39m     jest[33m.[39mclearAllMocks()[33m;[39m[22m
[2m     [90m 22 |[39m     jest[33m.[39museFakeTimers()[33m;[39m[22m
[2m    [31m[1m>[22m[2m[39m[90m 23 |[39m     [33mSharedDataStore[39m[33m.[39mdestroy()[33m;[39m[22m
[2m     [90m    |[39m                     [31m[1m^[22m[2m[39m[22m
[2m     [90m 24 |[39m   })[33m;[39m[22m
[2m     [90m 25 |[39m[22m
[2m     [90m 26 |[39m   afterEach(() [33m=>[39m {[0m[22m
[2m[22m
[2m      [2mat Object.<anonymous> ([22m[2m[0m[36mtests/unit/lib/mastra/utils/shared-data-store.test.ts[39m[0m[2m:23:21)[22m[2m[22m

[1m[31m  [1m● [22m[1mSharedDataStore › has › should return false for expired data[39m[22m

    TypeError: shared_data_store_1.SharedDataStore.destroy is not a function
[2m[22m
[2m    [0m [90m 26 |[39m   afterEach(() [33m=>[39m {[22m
[2m     [90m 27 |[39m     jest[33m.[39museRealTimers()[33m;[39m[22m
[2m    [31m[1m>[22m[2m[39m[90m 28 |[39m     [33mSharedDataStore[39m[33m.[39mdestroy()[33m;[39m[22m
[2m     [90m    |[39m                     [31m[1m^[22m[2m[39m[22m
[2m     [90m 29 |[39m   })[33m;[39m[22m
[2m     [90m 30 |[39m[22m
[2m     [90m 31 |[39m   describe([32m'getInstance'[39m[33m,[39m () [33m=>[39m {[0m[22m
[2m[22m
[2m      [2mat Object.<anonymous> ([22m[2m[0m[36mtests/unit/lib/mastra/utils/shared-data-store.test.ts[39m[0m[2m:28:21)[22m[2m[22m

[1m[31m  [1m● [22m[1mSharedDataStore › has › should delete expired data on check[39m[22m

    TypeError: shared_data_store_1.SharedDataStore.destroy is not a function
[2m[22m
[2m    [0m [90m 21 |[39m     jest[33m.[39mclearAllMocks()[33m;[39m[22m
[2m     [90m 22 |[39m     jest[33m.[39museFakeTimers()[33m;[39m[22m
[2m    [31m[1m>[22m[2m[39m[90m 23 |[39m     [33mSharedDataStore[39m[33m.[39mdestroy()[33m;[39m[22m
[2m     [90m    |[39m                     [31m[1m^[22m[2m[39m[22m
[2m     [90m 24 |[39m   })[33m;[39m[22m
[2m     [90m 25 |[39m[22m
[2m     [90m 26 |[39m   afterEach(() [33m=>[39m {[0m[22m
[2m[22m
[2m      [2mat Object.<anonymous> ([22m[2m[0m[36mtests/unit/lib/mastra/utils/shared-data-store.test.ts[39m[0m[2m:23:21)[22m[2m[22m

[1m[31m  [1m● [22m[1mSharedDataStore › has › should delete expired data on check[39m[22m

    TypeError: shared_data_store_1.SharedDataStore.destroy is not a function
[2m[22m
[2m    [0m [90m 26 |[39m   afterEach(() [33m=>[39m {[22m
[2m     [90m 27 |[39m     jest[33m.[39museRealTimers()[33m;[39m[22m
[2m    [31m[1m>[22m[2m[39m[90m 28 |[39m     [33mSharedDataStore[39m[33m.[39mdestroy()[33m;[39m[22m
[2m     [90m    |[39m                     [31m[1m^[22m[2m[39m[22m
[2m     [90m 29 |[39m   })[33m;[39m[22m
[2m     [90m 30 |[39m[22m
[2m     [90m 31 |[39m   describe([32m'getInstance'[39m[33m,[39m () [33m=>[39m {[0m[22m
[2m[22m
[2m      [2mat Object.<anonymous> ([22m[2m[0m[36mtests/unit/lib/mastra/utils/shared-data-store.test.ts[39m[0m[2m:28:21)[22m[2m[22m

[1m[31m  [1m● [22m[1mSharedDataStore › delete › should delete existing data[39m[22m

    TypeError: shared_data_store_1.SharedDataStore.destroy is not a function
[2m[22m
[2m    [0m [90m 21 |[39m     jest[33m.[39mclearAllMocks()[33m;[39m[22m
[2m     [90m 22 |[39m     jest[33m.[39museFakeTimers()[33m;[39m[22m
[2m    [31m[1m>[22m[2m[39m[90m 23 |[39m     [33mSharedDataStore[39m[33m.[39mdestroy()[33m;[39m[22m
[2m     [90m    |[39m                     [31m[1m^[22m[2m[39m[22m
[2m     [90m 24 |[39m   })[33m;[39m[22m
[2m     [90m 25 |[39m[22m
[2m     [90m 26 |[39m   afterEach(() [33m=>[39m {[0m[22m
[2m[22m
[2m      [2mat Object.<anonymous> ([22m[2m[0m[36mtests/unit/lib/mastra/utils/shared-data-store.test.ts[39m[0m[2m:23:21)[22m[2m[22m

[1m[31m  [1m● [22m[1mSharedDataStore › delete › should delete existing data[39m[22m

    TypeError: shared_data_store_1.SharedDataStore.destroy is not a function
[2m[22m
[2m    [0m [90m 26 |[39m   afterEach(() [33m=>[39m {[22m
[2m     [90m 27 |[39m     jest[33m.[39museRealTimers()[33m;[39m[22m
[2m    [31m[1m>[22m[2m[39m[90m 28 |[39m     [33mSharedDataStore[39m[33m.[39mdestroy()[33m;[39m[22m
[2m     [90m    |[39m                     [31m[1m^[22m[2m[39m[22m
[2m     [90m 29 |[39m   })[33m;[39m[22m
[2m     [90m 30 |[39m[22m
[2m     [90m 31 |[39m   describe([32m'getInstance'[39m[33m,[39m () [33m=>[39m {[0m[22m
[2m[22m
[2m      [2mat Object.<anonymous> ([22m[2m[0m[36mtests/unit/lib/mastra/utils/shared-data-store.test.ts[39m[0m[2m:28:21)[22m[2m[22m

[1m[31m  [1m● [22m[1mSharedDataStore › delete › should return false for non-existent namespace[39m[22m

    TypeError: shared_data_store_1.SharedDataStore.destroy is not a function
[2m[22m
[2m    [0m [90m 21 |[39m     jest[33m.[39mclearAllMocks()[33m;[39m[22m
[2m     [90m 22 |[39m     jest[33m.[39museFakeTimers()[33m;[39m[22m
[2m    [31m[1m>[22m[2m[39m[90m 23 |[39m     [33mSharedDataStore[39m[33m.[39mdestroy()[33m;[39m[22m
[2m     [90m    |[39m                     [31m[1m^[22m[2m[39m[22m
[2m     [90m 24 |[39m   })[33m;[39m[22m
[2m     [90m 25 |[39m[22m
[2m     [90m 26 |[39m   afterEach(() [33m=>[39m {[0m[22m
[2m[22m
[2m      [2mat Object.<anonymous> ([22m[2m[0m[36mtests/unit/lib/mastra/utils/shared-data-store.test.ts[39m[0m[2m:23:21)[22m[2m[22m

[1m[31m  [1m● [22m[1mSharedDataStore › delete › should return false for non-existent namespace[39m[22m

    TypeError: shared_data_store_1.SharedDataStore.destroy is not a function
[2m[22m
[2m    [0m [90m 26 |[39m   afterEach(() [33m=>[39m {[22m
[2m     [90m 27 |[39m     jest[33m.[39museRealTimers()[33m;[39m[22m
[2m    [31m[1m>[22m[2m[39m[90m 28 |[39m     [33mSharedDataStore[39m[33m.[39mdestroy()[33m;[39m[22m
[2m     [90m    |[39m                     [31m[1m^[22m[2m[39m[22m
[2m     [90m 29 |[39m   })[33m;[39m[22m
[2m     [90m 30 |[39m[22m
[2m     [90m 31 |[39m   describe([32m'getInstance'[39m[33m,[39m () [33m=>[39m {[0m[22m
[2m[22m
[2m      [2mat Object.<anonymous> ([22m[2m[0m[36mtests/unit/lib/mastra/utils/shared-data-store.test.ts[39m[0m[2m:28:21)[22m[2m[22m

[1m[31m  [1m● [22m[1mSharedDataStore › delete › should return false for non-existent key[39m[22m

    TypeError: shared_data_store_1.SharedDataStore.destroy is not a function
[2m[22m
[2m    [0m [90m 21 |[39m     jest[33m.[39mclearAllMocks()[33m;[39m[22m
[2m     [90m 22 |[39m     jest[33m.[39museFakeTimers()[33m;[39m[22m
[2m    [31m[1m>[22m[2m[39m[90m 23 |[39m     [33mSharedDataStore[39m[33m.[39mdestroy()[33m;[39m[22m
[2m     [90m    |[39m                     [31m[1m^[22m[2m[39m[22m
[2m     [90m 24 |[39m   })[33m;[39m[22m
[2m     [90m 25 |[39m[22m
[2m     [90m 26 |[39m   afterEach(() [33m=>[39m {[0m[22m
[2m[22m
[2m      [2mat Object.<anonymous> ([22m[2m[0m[36mtests/unit/lib/mastra/utils/shared-data-store.test.ts[39m[0m[2m:23:21)[22m[2m[22m

[1m[31m  [1m● [22m[1mSharedDataStore › delete › should return false for non-existent key[39m[22m

    TypeError: shared_data_store_1.SharedDataStore.destroy is not a function
[2m[22m
[2m    [0m [90m 26 |[39m   afterEach(() [33m=>[39m {[22m
[2m     [90m 27 |[39m     jest[33m.[39museRealTimers()[33m;[39m[22m
[2m    [31m[1m>[22m[2m[39m[90m 28 |[39m     [33mSharedDataStore[39m[33m.[39mdestroy()[33m;[39m[22m
[2m     [90m    |[39m                     [31m[1m^[22m[2m[39m[22m
[2m     [90m 29 |[39m   })[33m;[39m[22m
[2m     [90m 30 |[39m[22m
[2m     [90m 31 |[39m   describe([32m'getInstance'[39m[33m,[39m () [33m=>[39m {[0m[22m
[2m[22m
[2m      [2mat Object.<anonymous> ([22m[2m[0m[36mtests/unit/lib/mastra/utils/shared-data-store.test.ts[39m[0m[2m:28:21)[22m[2m[22m

[1m[31m  [1m● [22m[1mSharedDataStore › clearNamespace › should clear all data in namespace[39m[22m

    TypeError: shared_data_store_1.SharedDataStore.destroy is not a function
[2m[22m
[2m    [0m [90m 21 |[39m     jest[33m.[39mclearAllMocks()[33m;[39m[22m
[2m     [90m 22 |[39m     jest[33m.[39museFakeTimers()[33m;[39m[22m
[2m    [31m[1m>[22m[2m[39m[90m 23 |[39m     [33mSharedDataStore[39m[33m.[39mdestroy()[33m;[39m[22m
[2m     [90m    |[39m                     [31m[1m^[22m[2m[39m[22m
[2m     [90m 24 |[39m   })[33m;[39m[22m
[2m     [90m 25 |[39m[22m
[2m     [90m 26 |[39m   afterEach(() [33m=>[39m {[0m[22m
[2m[22m
[2m      [2mat Object.<anonymous> ([22m[2m[0m[36mtests/unit/lib/mastra/utils/shared-data-store.test.ts[39m[0m[2m:23:21)[22m[2m[22m

[1m[31m  [1m● [22m[1mSharedDataStore › clearNamespace › should clear all data in namespace[39m[22m

    TypeError: shared_data_store_1.SharedDataStore.destroy is not a function
[2m[22m
[2m    [0m [90m 26 |[39m   afterEach(() [33m=>[39m {[22m
[2m     [90m 27 |[39m     jest[33m.[39museRealTimers()[33m;[39m[22m
[2m    [31m[1m>[22m[2m[39m[90m 28 |[39m     [33mSharedDataStore[39m[33m.[39mdestroy()[33m;[39m[22m
[2m     [90m    |[39m                     [31m[1m^[22m[2m[39m[22m
[2m     [90m 29 |[39m   })[33m;[39m[22m
[2m     [90m 30 |[39m[22m
[2m     [90m 31 |[39m   describe([32m'getInstance'[39m[33m,[39m () [33m=>[39m {[0m[22m
[2m[22m
[2m      [2mat Object.<anonymous> ([22m[2m[0m[36mtests/unit/lib/mastra/utils/shared-data-store.test.ts[39m[0m[2m:28:21)[22m[2m[22m

[1m[31m  [1m● [22m[1mSharedDataStore › clearNamespace › should log namespace clearing[39m[22m

    TypeError: shared_data_store_1.SharedDataStore.destroy is not a function
[2m[22m
[2m    [0m [90m 21 |[39m     jest[33m.[39mclearAllMocks()[33m;[39m[22m
[2m     [90m 22 |[39m     jest[33m.[39museFakeTimers()[33m;[39m[22m
[2m    [31m[1m>[22m[2m[39m[90m 23 |[39m     [33mSharedDataStore[39m[33m.[39mdestroy()[33m;[39m[22m
[2m     [90m    |[39m                     [31m[1m^[22m[2m[39m[22m
[2m     [90m 24 |[39m   })[33m;[39m[22m
[2m     [90m 25 |[39m[22m
[2m     [90m 26 |[39m   afterEach(() [33m=>[39m {[0m[22m
[2m[22m
[2m      [2mat Object.<anonymous> ([22m[2m[0m[36mtests/unit/lib/mastra/utils/shared-data-store.test.ts[39m[0m[2m:23:21)[22m[2m[22m

[1m[31m  [1m● [22m[1mSharedDataStore › clearNamespace › should log namespace clearing[39m[22m

    TypeError: shared_data_store_1.SharedDataStore.destroy is not a function
[2m[22m
[2m    [0m [90m 26 |[39m   afterEach(() [33m=>[39m {[22m
[2m     [90m 27 |[39m     jest[33m.[39museRealTimers()[33m;[39m[22m
[2m    [31m[1m>[22m[2m[39m[90m 28 |[39m     [33mSharedDataStore[39m[33m.[39mdestroy()[33m;[39m[22m
[2m     [90m    |[39m                     [31m[1m^[22m[2m[39m[22m
[2m     [90m 29 |[39m   })[33m;[39m[22m
[2m     [90m 30 |[39m[22m
[2m     [90m 31 |[39m   describe([32m'getInstance'[39m[33m,[39m () [33m=>[39m {[0m[22m
[2m[22m
[2m      [2mat Object.<anonymous> ([22m[2m[0m[36mtests/unit/lib/mastra/utils/shared-data-store.test.ts[39m[0m[2m:28:21)[22m[2m[22m

[1m[31m  [1m● [22m[1mSharedDataStore › clearAll › should clear all data[39m[22m

    TypeError: shared_data_store_1.SharedDataStore.destroy is not a function
[2m[22m
[2m    [0m [90m 21 |[39m     jest[33m.[39mclearAllMocks()[33m;[39m[22m
[2m     [90m 22 |[39m     jest[33m.[39museFakeTimers()[33m;[39m[22m
[2m    [31m[1m>[22m[2m[39m[90m 23 |[39m     [33mSharedDataStore[39m[33m.[39mdestroy()[33m;[39m[22m
[2m     [90m    |[39m                     [31m[1m^[22m[2m[39m[22m
[2m     [90m 24 |[39m   })[33m;[39m[22m
[2m     [90m 25 |[39m[22m
[2m     [90m 26 |[39m   afterEach(() [33m=>[39m {[0m[22m
[2m[22m
[2m      [2mat Object.<anonymous> ([22m[2m[0m[36mtests/unit/lib/mastra/utils/shared-data-store.test.ts[39m[0m[2m:23:21)[22m[2m[22m

[1m[31m  [1m● [22m[1mSharedDataStore › clearAll › should clear all data[39m[22m

    TypeError: shared_data_store_1.SharedDataStore.destroy is not a function
[2m[22m
[2m    [0m [90m 26 |[39m   afterEach(() [33m=>[39m {[22m
[2m     [90m 27 |[39m     jest[33m.[39museRealTimers()[33m;[39m[22m
[2m    [31m[1m>[22m[2m[39m[90m 28 |[39m     [33mSharedDataStore[39m[33m.[39mdestroy()[33m;[39m[22m
[2m     [90m    |[39m                     [31m[1m^[22m[2m[39m[22m
[2m     [90m 29 |[39m   })[33m;[39m[22m
[2m     [90m 30 |[39m[22m
[2m     [90m 31 |[39m   describe([32m'getInstance'[39m[33m,[39m () [33m=>[39m {[0m[22m
[2m[22m
[2m      [2mat Object.<anonymous> ([22m[2m[0m[36mtests/unit/lib/mastra/utils/shared-data-store.test.ts[39m[0m[2m:28:21)[22m[2m[22m

[1m[31m  [1m● [22m[1mSharedDataStore › clearAll › should log clearing all data[39m[22m

    TypeError: shared_data_store_1.SharedDataStore.destroy is not a function
[2m[22m
[2m    [0m [90m 21 |[39m     jest[33m.[39mclearAllMocks()[33m;[39m[22m
[2m     [90m 22 |[39m     jest[33m.[39museFakeTimers()[33m;[39m[22m
[2m    [31m[1m>[22m[2m[39m[90m 23 |[39m     [33mSharedDataStore[39m[33m.[39mdestroy()[33m;[39m[22m
[2m     [90m    |[39m                     [31m[1m^[22m[2m[39m[22m
[2m     [90m 24 |[39m   })[33m;[39m[22m
[2m     [90m 25 |[39m[22m
[2m     [90m 26 |[39m   afterEach(() [33m=>[39m {[0m[22m
[2m[22m
[2m      [2mat Object.<anonymous> ([22m[2m[0m[36mtests/unit/lib/mastra/utils/shared-data-store.test.ts[39m[0m[2m:23:21)[22m[2m[22m

[1m[31m  [1m● [22m[1mSharedDataStore › clearAll › should log clearing all data[39m[22m

    TypeError: shared_data_store_1.SharedDataStore.destroy is not a function
[2m[22m
[2m    [0m [90m 26 |[39m   afterEach(() [33m=>[39m {[22m
[2m     [90m 27 |[39m     jest[33m.[39museRealTimers()[33m;[39m[22m
[2m    [31m[1m>[22m[2m[39m[90m 28 |[39m     [33mSharedDataStore[39m[33m.[39mdestroy()[33m;[39m[22m
[2m     [90m    |[39m                     [31m[1m^[22m[2m[39m[22m
[2m     [90m 29 |[39m   })[33m;[39m[22m
[2m     [90m 30 |[39m[22m
[2m     [90m 31 |[39m   describe([32m'getInstance'[39m[33m,[39m () [33m=>[39m {[0m[22m
[2m[22m
[2m      [2mat Object.<anonymous> ([22m[2m[0m[36mtests/unit/lib/mastra/utils/shared-data-store.test.ts[39m[0m[2m:28:21)[22m[2m[22m

[1m[31m  [1m● [22m[1mSharedDataStore › getKeys › should return all keys in namespace[39m[22m

    TypeError: shared_data_store_1.SharedDataStore.destroy is not a function
[2m[22m
[2m    [0m [90m 21 |[39m     jest[33m.[39mclearAllMocks()[33m;[39m[22m
[2m     [90m 22 |[39m     jest[33m.[39museFakeTimers()[33m;[39m[22m
[2m    [31m[1m>[22m[2m[39m[90m 23 |[39m     [33mSharedDataStore[39m[33m.[39mdestroy()[33m;[39m[22m
[2m     [90m    |[39m                     [31m[1m^[22m[2m[39m[22m
[2m     [90m 24 |[39m   })[33m;[39m[22m
[2m     [90m 25 |[39m[22m
[2m     [90m 26 |[39m   afterEach(() [33m=>[39m {[0m[22m
[2m[22m
[2m      [2mat Object.<anonymous> ([22m[2m[0m[36mtests/unit/lib/mastra/utils/shared-data-store.test.ts[39m[0m[2m:23:21)[22m[2m[22m

[1m[31m  [1m● [22m[1mSharedDataStore › getKeys › should return all keys in namespace[39m[22m

    TypeError: shared_data_store_1.SharedDataStore.destroy is not a function
[2m[22m
[2m    [0m [90m 26 |[39m   afterEach(() [33m=>[39m {[22m
[2m     [90m 27 |[39m     jest[33m.[39museRealTimers()[33m;[39m[22m
[2m    [31m[1m>[22m[2m[39m[90m 28 |[39m     [33mSharedDataStore[39m[33m.[39mdestroy()[33m;[39m[22m
[2m     [90m    |[39m                     [31m[1m^[22m[2m[39m[22m
[2m     [90m 29 |[39m   })[33m;[39m[22m
[2m     [90m 30 |[39m[22m
[2m     [90m 31 |[39m   describe([32m'getInstance'[39m[33m,[39m () [33m=>[39m {[0m[22m
[2m[22m
[2m      [2mat Object.<anonymous> ([22m[2m[0m[36mtests/unit/lib/mastra/utils/shared-data-store.test.ts[39m[0m[2m:28:21)[22m[2m[22m

[1m[31m  [1m● [22m[1mSharedDataStore › getKeys › should return empty array for non-existent namespace in production[39m[22m

    TypeError: shared_data_store_1.SharedDataStore.destroy is not a function
[2m[22m
[2m    [0m [90m 21 |[39m     jest[33m.[39mclearAllMocks()[33m;[39m[22m
[2m     [90m 22 |[39m     jest[33m.[39museFakeTimers()[33m;[39m[22m
[2m    [31m[1m>[22m[2m[39m[90m 23 |[39m     [33mSharedDataStore[39m[33m.[39mdestroy()[33m;[39m[22m
[2m     [90m    |[39m                     [31m[1m^[22m[2m[39m[22m
[2m     [90m 24 |[39m   })[33m;[39m[22m
[2m     [90m 25 |[39m[22m
[2m     [90m 26 |[39m   afterEach(() [33m=>[39m {[0m[22m
[2m[22m
[2m      [2mat Object.<anonymous> ([22m[2m[0m[36mtests/unit/lib/mastra/utils/shared-data-store.test.ts[39m[0m[2m:23:21)[22m[2m[22m

[1m[31m  [1m● [22m[1mSharedDataStore › getKeys › should return empty array for non-existent namespace in production[39m[22m

    TypeError: shared_data_store_1.SharedDataStore.destroy is not a function
[2m[22m
[2m    [0m [90m 26 |[39m   afterEach(() [33m=>[39m {[22m
[2m     [90m 27 |[39m     jest[33m.[39museRealTimers()[33m;[39m[22m
[2m    [31m[1m>[22m[2m[39m[90m 28 |[39m     [33mSharedDataStore[39m[33m.[39mdestroy()[33m;[39m[22m
[2m     [90m    |[39m                     [31m[1m^[22m[2m[39m[22m
[2m     [90m 29 |[39m   })[33m;[39m[22m
[2m     [90m 30 |[39m[22m
[2m     [90m 31 |[39m   describe([32m'getInstance'[39m[33m,[39m () [33m=>[39m {[0m[22m
[2m[22m
[2m      [2mat Object.<anonymous> ([22m[2m[0m[36mtests/unit/lib/mastra/utils/shared-data-store.test.ts[39m[0m[2m:28:21)[22m[2m[22m

[1m[31m  [1m● [22m[1mSharedDataStore › getKeys › should return empty array for non-existent namespace in development[39m[22m

    TypeError: shared_data_store_1.SharedDataStore.destroy is not a function
[2m[22m
[2m    [0m [90m 21 |[39m     jest[33m.[39mclearAllMocks()[33m;[39m[22m
[2m     [90m 22 |[39m     jest[33m.[39museFakeTimers()[33m;[39m[22m
[2m    [31m[1m>[22m[2m[39m[90m 23 |[39m     [33mSharedDataStore[39m[33m.[39mdestroy()[33m;[39m[22m
[2m     [90m    |[39m                     [31m[1m^[22m[2m[39m[22m
[2m     [90m 24 |[39m   })[33m;[39m[22m
[2m     [90m 25 |[39m[22m
[2m     [90m 26 |[39m   afterEach(() [33m=>[39m {[0m[22m
[2m[22m
[2m      [2mat Object.<anonymous> ([22m[2m[0m[36mtests/unit/lib/mastra/utils/shared-data-store.test.ts[39m[0m[2m:23:21)[22m[2m[22m

[1m[31m  [1m● [22m[1mSharedDataStore › getKeys › should return empty array for non-existent namespace in development[39m[22m

    TypeError: shared_data_store_1.SharedDataStore.destroy is not a function
[2m[22m
[2m    [0m [90m 26 |[39m   afterEach(() [33m=>[39m {[22m
[2m     [90m 27 |[39m     jest[33m.[39museRealTimers()[33m;[39m[22m
[2m    [31m[1m>[22m[2m[39m[90m 28 |[39m     [33mSharedDataStore[39m[33m.[39mdestroy()[33m;[39m[22m
[2m     [90m    |[39m                     [31m[1m^[22m[2m[39m[22m
[2m     [90m 29 |[39m   })[33m;[39m[22m
[2m     [90m 30 |[39m[22m
[2m     [90m 31 |[39m   describe([32m'getInstance'[39m[33m,[39m () [33m=>[39m {[0m[22m
[2m[22m
[2m      [2mat Object.<anonymous> ([22m[2m[0m[36mtests/unit/lib/mastra/utils/shared-data-store.test.ts[39m[0m[2m:28:21)[22m[2m[22m

[1m[31m  [1m● [22m[1mSharedDataStore › getAll › should return all data in namespace[39m[22m

    TypeError: shared_data_store_1.SharedDataStore.destroy is not a function
[2m[22m
[2m    [0m [90m 21 |[39m     jest[33m.[39mclearAllMocks()[33m;[39m[22m
[2m     [90m 22 |[39m     jest[33m.[39museFakeTimers()[33m;[39m[22m
[2m    [31m[1m>[22m[2m[39m[90m 23 |[39m     [33mSharedDataStore[39m[33m.[39mdestroy()[33m;[39m[22m
[2m     [90m    |[39m                     [31m[1m^[22m[2m[39m[22m
[2m     [90m 24 |[39m   })[33m;[39m[22m
[2m     [90m 25 |[39m[22m
[2m     [90m 26 |[39m   afterEach(() [33m=>[39m {[0m[22m
[2m[22m
[2m      [2mat Object.<anonymous> ([22m[2m[0m[36mtests/unit/lib/mastra/utils/shared-data-store.test.ts[39m[0m[2m:23:21)[22m[2m[22m

[1m[31m  [1m● [22m[1mSharedDataStore › getAll › should return all data in namespace[39m[22m

    TypeError: shared_data_store_1.SharedDataStore.destroy is not a function
[2m[22m
[2m    [0m [90m 26 |[39m   afterEach(() [33m=>[39m {[22m
[2m     [90m 27 |[39m     jest[33m.[39museRealTimers()[33m;[39m[22m
[2m    [31m[1m>[22m[2m[39m[90m 28 |[39m     [33mSharedDataStore[39m[33m.[39mdestroy()[33m;[39m[22m
[2m     [90m    |[39m                     [31m[1m^[22m[2m[39m[22m
[2m     [90m 29 |[39m   })[33m;[39m[22m
[2m     [90m 30 |[39m[22m
[2m     [90m 31 |[39m   describe([32m'getInstance'[39m[33m,[39m () [33m=>[39m {[0m[22m
[2m[22m
[2m      [2mat Object.<anonymous> ([22m[2m[0m[36mtests/unit/lib/mastra/utils/shared-data-store.test.ts[39m[0m[2m:28:21)[22m[2m[22m

[1m[31m  [1m● [22m[1mSharedDataStore › getAll › should exclude expired data[39m[22m

    TypeError: shared_data_store_1.SharedDataStore.destroy is not a function
[2m[22m
[2m    [0m [90m 21 |[39m     jest[33m.[39mclearAllMocks()[33m;[39m[22m
[2m     [90m 22 |[39m     jest[33m.[39museFakeTimers()[33m;[39m[22m
[2m    [31m[1m>[22m[2m[39m[90m 23 |[39m     [33mSharedDataStore[39m[33m.[39mdestroy()[33m;[39m[22m
[2m     [90m    |[39m                     [31m[1m^[22m[2m[39m[22m
[2m     [90m 24 |[39m   })[33m;[39m[22m
[2m     [90m 25 |[39m[22m
[2m     [90m 26 |[39m   afterEach(() [33m=>[39m {[0m[22m
[2m[22m
[2m      [2mat Object.<anonymous> ([22m[2m[0m[36mtests/unit/lib/mastra/utils/shared-data-store.test.ts[39m[0m[2m:23:21)[22m[2m[22m

[1m[31m  [1m● [22m[1mSharedDataStore › getAll › should exclude expired data[39m[22m

    TypeError: shared_data_store_1.SharedDataStore.destroy is not a function
[2m[22m
[2m    [0m [90m 26 |[39m   afterEach(() [33m=>[39m {[22m
[2m     [90m 27 |[39m     jest[33m.[39museRealTimers()[33m;[39m[22m
[2m    [31m[1m>[22m[2m[39m[90m 28 |[39m     [33mSharedDataStore[39m[33m.[39mdestroy()[33m;[39m[22m
[2m     [90m    |[39m                     [31m[1m^[22m[2m[39m[22m
[2m     [90m 29 |[39m   })[33m;[39m[22m
[2m     [90m 30 |[39m[22m
[2m     [90m 31 |[39m   describe([32m'getInstance'[39m[33m,[39m () [33m=>[39m {[0m[22m
[2m[22m
[2m      [2mat Object.<anonymous> ([22m[2m[0m[36mtests/unit/lib/mastra/utils/shared-data-store.test.ts[39m[0m[2m:28:21)[22m[2m[22m

[1m[31m  [1m● [22m[1mSharedDataStore › getAll › should return empty object for non-existent namespace[39m[22m

    TypeError: shared_data_store_1.SharedDataStore.destroy is not a function
[2m[22m
[2m    [0m [90m 21 |[39m     jest[33m.[39mclearAllMocks()[33m;[39m[22m
[2m     [90m 22 |[39m     jest[33m.[39museFakeTimers()[33m;[39m[22m
[2m    [31m[1m>[22m[2m[39m[90m 23 |[39m     [33mSharedDataStore[39m[33m.[39mdestroy()[33m;[39m[22m
[2m     [90m    |[39m                     [31m[1m^[22m[2m[39m[22m
[2m     [90m 24 |[39m   })[33m;[39m[22m
[2m     [90m 25 |[39m[22m
[2m     [90m 26 |[39m   afterEach(() [33m=>[39m {[0m[22m
[2m[22m
[2m      [2mat Object.<anonymous> ([22m[2m[0m[36mtests/unit/lib/mastra/utils/shared-data-store.test.ts[39m[0m[2m:23:21)[22m[2m[22m

[1m[31m  [1m● [22m[1mSharedDataStore › getAll › should return empty object for non-existent namespace[39m[22m

    TypeError: shared_data_store_1.SharedDataStore.destroy is not a function
[2m[22m
[2m    [0m [90m 26 |[39m   afterEach(() [33m=>[39m {[22m
[2m     [90m 27 |[39m     jest[33m.[39museRealTimers()[33m;[39m[22m
[2m    [31m[1m>[22m[2m[39m[90m 28 |[39m     [33mSharedDataStore[39m[33m.[39mdestroy()[33m;[39m[22m
[2m     [90m    |[39m                     [31m[1m^[22m[2m[39m[22m
[2m     [90m 29 |[39m   })[33m;[39m[22m
[2m     [90m 30 |[39m[22m
[2m     [90m 31 |[39m   describe([32m'getInstance'[39m[33m,[39m () [33m=>[39m {[0m[22m
[2m[22m
[2m      [2mat Object.<anonymous> ([22m[2m[0m[36mtests/unit/lib/mastra/utils/shared-data-store.test.ts[39m[0m[2m:28:21)[22m[2m[22m

[1m[31m  [1m● [22m[1mSharedDataStore › getStats › should return statistics[39m[22m

    TypeError: shared_data_store_1.SharedDataStore.destroy is not a function
[2m[22m
[2m    [0m [90m 21 |[39m     jest[33m.[39mclearAllMocks()[33m;[39m[22m
[2m     [90m 22 |[39m     jest[33m.[39museFakeTimers()[33m;[39m[22m
[2m    [31m[1m>[22m[2m[39m[90m 23 |[39m     [33mSharedDataStore[39m[33m.[39mdestroy()[33m;[39m[22m
[2m     [90m    |[39m                     [31m[1m^[22m[2m[39m[22m
[2m     [90m 24 |[39m   })[33m;[39m[22m
[2m     [90m 25 |[39m[22m
[2m     [90m 26 |[39m   afterEach(() [33m=>[39m {[0m[22m
[2m[22m
[2m      [2mat Object.<anonymous> ([22m[2m[0m[36mtests/unit/lib/mastra/utils/shared-data-store.test.ts[39m[0m[2m:23:21)[22m[2m[22m

[1m[31m  [1m● [22m[1mSharedDataStore › getStats › should return statistics[39m[22m

    TypeError: shared_data_store_1.SharedDataStore.destroy is not a function
[2m[22m
[2m    [0m [90m 26 |[39m   afterEach(() [33m=>[39m {[22m
[2m     [90m 27 |[39m     jest[33m.[39museRealTimers()[33m;[39m[22m
[2m    [31m[1m>[22m[2m[39m[90m 28 |[39m     [33mSharedDataStore[39m[33m.[39mdestroy()[33m;[39m[22m
[2m     [90m    |[39m                     [31m[1m^[22m[2m[39m[22m
[2m     [90m 29 |[39m   })[33m;[39m[22m
[2m     [90m 30 |[39m[22m
[2m     [90m 31 |[39m   describe([32m'getInstance'[39m[33m,[39m () [33m=>[39m {[0m[22m
[2m[22m
[2m      [2mat Object.<anonymous> ([22m[2m[0m[36mtests/unit/lib/mastra/utils/shared-data-store.test.ts[39m[0m[2m:28:21)[22m[2m[22m

[1m[31m  [1m● [22m[1mSharedDataStore › getStats › should return empty stats for empty store[39m[22m

    TypeError: shared_data_store_1.SharedDataStore.destroy is not a function
[2m[22m
[2m    [0m [90m 21 |[39m     jest[33m.[39mclearAllMocks()[33m;[39m[22m
[2m     [90m 22 |[39m     jest[33m.[39museFakeTimers()[33m;[39m[22m
[2m    [31m[1m>[22m[2m[39m[90m 23 |[39m     [33mSharedDataStore[39m[33m.[39mdestroy()[33m;[39m[22m
[2m     [90m    |[39m                     [31m[1m^[22m[2m[39m[22m
[2m     [90m 24 |[39m   })[33m;[39m[22m
[2m     [90m 25 |[39m[22m
[2m     [90m 26 |[39m   afterEach(() [33m=>[39m {[0m[22m
[2m[22m
[2m      [2mat Object.<anonymous> ([22m[2m[0m[36mtests/unit/lib/mastra/utils/shared-data-store.test.ts[39m[0m[2m:23:21)[22m[2m[22m

[1m[31m  [1m● [22m[1mSharedDataStore › getStats › should return empty stats for empty store[39m[22m

    TypeError: shared_data_store_1.SharedDataStore.destroy is not a function
[2m[22m
[2m    [0m [90m 26 |[39m   afterEach(() [33m=>[39m {[22m
[2m     [90m 27 |[39m     jest[33m.[39museRealTimers()[33m;[39m[22m
[2m    [31m[1m>[22m[2m[39m[90m 28 |[39m     [33mSharedDataStore[39m[33m.[39mdestroy()[33m;[39m[22m
[2m     [90m    |[39m                     [31m[1m^[22m[2m[39m[22m
[2m     [90m 29 |[39m   })[33m;[39m[22m
[2m     [90m 30 |[39m[22m
[2m     [90m 31 |[39m   describe([32m'getInstance'[39m[33m,[39m () [33m=>[39m {[0m[22m
[2m[22m
[2m      [2mat Object.<anonymous> ([22m[2m[0m[36mtests/unit/lib/mastra/utils/shared-data-store.test.ts[39m[0m[2m:28:21)[22m[2m[22m

[1m[31m  [1m● [22m[1mSharedDataStore › cleanup › should automatically clean expired data[39m[22m

    TypeError: shared_data_store_1.SharedDataStore.destroy is not a function
[2m[22m
[2m    [0m [90m 21 |[39m     jest[33m.[39mclearAllMocks()[33m;[39m[22m
[2m     [90m 22 |[39m     jest[33m.[39museFakeTimers()[33m;[39m[22m
[2m    [31m[1m>[22m[2m[39m[90m 23 |[39m     [33mSharedDataStore[39m[33m.[39mdestroy()[33m;[39m[22m
[2m     [90m    |[39m                     [31m[1m^[22m[2m[39m[22m
[2m     [90m 24 |[39m   })[33m;[39m[22m
[2m     [90m 25 |[39m[22m
[2m     [90m 26 |[39m   afterEach(() [33m=>[39m {[0m[22m
[2m[22m
[2m      [2mat Object.<anonymous> ([22m[2m[0m[36mtests/unit/lib/mastra/utils/shared-data-store.test.ts[39m[0m[2m:23:21)[22m[2m[22m

[1m[31m  [1m● [22m[1mSharedDataStore › cleanup › should automatically clean expired data[39m[22m

    TypeError: shared_data_store_1.SharedDataStore.destroy is not a function
[2m[22m
[2m    [0m [90m 26 |[39m   afterEach(() [33m=>[39m {[22m
[2m     [90m 27 |[39m     jest[33m.[39museRealTimers()[33m;[39m[22m
[2m    [31m[1m>[22m[2m[39m[90m 28 |[39m     [33mSharedDataStore[39m[33m.[39mdestroy()[33m;[39m[22m
[2m     [90m    |[39m                     [31m[1m^[22m[2m[39m[22m
[2m     [90m 29 |[39m   })[33m;[39m[22m
[2m     [90m 30 |[39m[22m
[2m     [90m 31 |[39m   describe([32m'getInstance'[39m[33m,[39m () [33m=>[39m {[0m[22m
[2m[22m
[2m      [2mat Object.<anonymous> ([22m[2m[0m[36mtests/unit/lib/mastra/utils/shared-data-store.test.ts[39m[0m[2m:28:21)[22m[2m[22m

[1m[31m  [1m● [22m[1mSharedDataStore › cleanup › should remove empty namespaces during cleanup[39m[22m

    TypeError: shared_data_store_1.SharedDataStore.destroy is not a function
[2m[22m
[2m    [0m [90m 21 |[39m     jest[33m.[39mclearAllMocks()[33m;[39m[22m
[2m     [90m 22 |[39m     jest[33m.[39museFakeTimers()[33m;[39m[22m
[2m    [31m[1m>[22m[2m[39m[90m 23 |[39m     [33mSharedDataStore[39m[33m.[39mdestroy()[33m;[39m[22m
[2m     [90m    |[39m                     [31m[1m^[22m[2m[39m[22m
[2m     [90m 24 |[39m   })[33m;[39m[22m
[2m     [90m 25 |[39m[22m
[2m     [90m 26 |[39m   afterEach(() [33m=>[39m {[0m[22m
[2m[22m
[2m      [2mat Object.<anonymous> ([22m[2m[0m[36mtests/unit/lib/mastra/utils/shared-data-store.test.ts[39m[0m[2m:23:21)[22m[2m[22m

[1m[31m  [1m● [22m[1mSharedDataStore › cleanup › should remove empty namespaces during cleanup[39m[22m

    TypeError: shared_data_store_1.SharedDataStore.destroy is not a function
[2m[22m
[2m    [0m [90m 26 |[39m   afterEach(() [33m=>[39m {[22m
[2m     [90m 27 |[39m     jest[33m.[39museRealTimers()[33m;[39m[22m
[2m    [31m[1m>[22m[2m[39m[90m 28 |[39m     [33mSharedDataStore[39m[33m.[39mdestroy()[33m;[39m[22m
[2m     [90m    |[39m                     [31m[1m^[22m[2m[39m[22m
[2m     [90m 29 |[39m   })[33m;[39m[22m
[2m     [90m 30 |[39m[22m
[2m     [90m 31 |[39m   describe([32m'getInstance'[39m[33m,[39m () [33m=>[39m {[0m[22m
[2m[22m
[2m      [2mat Object.<anonymous> ([22m[2m[0m[36mtests/unit/lib/mastra/utils/shared-data-store.test.ts[39m[0m[2m:28:21)[22m[2m[22m

[1m[31m  [1m● [22m[1mSharedDataStore › cleanup › should not log if no data cleaned[39m[22m

    TypeError: shared_data_store_1.SharedDataStore.destroy is not a function
[2m[22m
[2m    [0m [90m 21 |[39m     jest[33m.[39mclearAllMocks()[33m;[39m[22m
[2m     [90m 22 |[39m     jest[33m.[39museFakeTimers()[33m;[39m[22m
[2m    [31m[1m>[22m[2m[39m[90m 23 |[39m     [33mSharedDataStore[39m[33m.[39mdestroy()[33m;[39m[22m
[2m     [90m    |[39m                     [31m[1m^[22m[2m[39m[22m
[2m     [90m 24 |[39m   })[33m;[39m[22m
[2m     [90m 25 |[39m[22m
[2m     [90m 26 |[39m   afterEach(() [33m=>[39m {[0m[22m
[2m[22m
[2m      [2mat Object.<anonymous> ([22m[2m[0m[36mtests/unit/lib/mastra/utils/shared-data-store.test.ts[39m[0m[2m:23:21)[22m[2m[22m

[1m[31m  [1m● [22m[1mSharedDataStore › cleanup › should not log if no data cleaned[39m[22m

    TypeError: shared_data_store_1.SharedDataStore.destroy is not a function
[2m[22m
[2m    [0m [90m 26 |[39m   afterEach(() [33m=>[39m {[22m
[2m     [90m 27 |[39m     jest[33m.[39museRealTimers()[33m;[39m[22m
[2m    [31m[1m>[22m[2m[39m[90m 28 |[39m     [33mSharedDataStore[39m[33m.[39mdestroy()[33m;[39m[22m
[2m     [90m    |[39m                     [31m[1m^[22m[2m[39m[22m
[2m     [90m 29 |[39m   })[33m;[39m[22m
[2m     [90m 30 |[39m[22m
[2m     [90m 31 |[39m   describe([32m'getInstance'[39m[33m,[39m () [33m=>[39m {[0m[22m
[2m[22m
[2m      [2mat Object.<anonymous> ([22m[2m[0m[36mtests/unit/lib/mastra/utils/shared-data-store.test.ts[39m[0m[2m:28:21)[22m[2m[22m

[1m[31m  [1m● [22m[1mSharedDataStore › destroy › should clear interval and data[39m[22m

    TypeError: shared_data_store_1.SharedDataStore.destroy is not a function
[2m[22m
[2m    [0m [90m 21 |[39m     jest[33m.[39mclearAllMocks()[33m;[39m[22m
[2m     [90m 22 |[39m     jest[33m.[39museFakeTimers()[33m;[39m[22m
[2m    [31m[1m>[22m[2m[39m[90m 23 |[39m     [33mSharedDataStore[39m[33m.[39mdestroy()[33m;[39m[22m
[2m     [90m    |[39m                     [31m[1m^[22m[2m[39m[22m
[2m     [90m 24 |[39m   })[33m;[39m[22m
[2m     [90m 25 |[39m[22m
[2m     [90m 26 |[39m   afterEach(() [33m=>[39m {[0m[22m
[2m[22m
[2m      [2mat Object.<anonymous> ([22m[2m[0m[36mtests/unit/lib/mastra/utils/shared-data-store.test.ts[39m[0m[2m:23:21)[22m[2m[22m

[1m[31m  [1m● [22m[1mSharedDataStore › destroy › should clear interval and data[39m[22m

    TypeError: shared_data_store_1.SharedDataStore.destroy is not a function
[2m[22m
[2m    [0m [90m 26 |[39m   afterEach(() [33m=>[39m {[22m
[2m     [90m 27 |[39m     jest[33m.[39museRealTimers()[33m;[39m[22m
[2m    [31m[1m>[22m[2m[39m[90m 28 |[39m     [33mSharedDataStore[39m[33m.[39mdestroy()[33m;[39m[22m
[2m     [90m    |[39m                     [31m[1m^[22m[2m[39m[22m
[2m     [90m 29 |[39m   })[33m;[39m[22m
[2m     [90m 30 |[39m[22m
[2m     [90m 31 |[39m   describe([32m'getInstance'[39m[33m,[39m () [33m=>[39m {[0m[22m
[2m[22m
[2m      [2mat Object.<anonymous> ([22m[2m[0m[36mtests/unit/lib/mastra/utils/shared-data-store.test.ts[39m[0m[2m:28:21)[22m[2m[22m

[1m[31m  [1m● [22m[1mSharedDataStore › destroy › should handle multiple destroy calls[39m[22m

    TypeError: shared_data_store_1.SharedDataStore.destroy is not a function
[2m[22m
[2m    [0m [90m 21 |[39m     jest[33m.[39mclearAllMocks()[33m;[39m[22m
[2m     [90m 22 |[39m     jest[33m.[39museFakeTimers()[33m;[39m[22m
[2m    [31m[1m>[22m[2m[39m[90m 23 |[39m     [33mSharedDataStore[39m[33m.[39mdestroy()[33m;[39m[22m
[2m     [90m    |[39m                     [31m[1m^[22m[2m[39m[22m
[2m     [90m 24 |[39m   })[33m;[39m[22m
[2m     [90m 25 |[39m[22m
[2m     [90m 26 |[39m   afterEach(() [33m=>[39m {[0m[22m
[2m[22m
[2m      [2mat Object.<anonymous> ([22m[2m[0m[36mtests/unit/lib/mastra/utils/shared-data-store.test.ts[39m[0m[2m:23:21)[22m[2m[22m

[1m[31m  [1m● [22m[1mSharedDataStore › destroy › should handle multiple destroy calls[39m[22m

    TypeError: shared_data_store_1.SharedDataStore.destroy is not a function
[2m[22m
[2m    [0m [90m 26 |[39m   afterEach(() [33m=>[39m {[22m
[2m     [90m 27 |[39m     jest[33m.[39museRealTimers()[33m;[39m[22m
[2m    [31m[1m>[22m[2m[39m[90m 28 |[39m     [33mSharedDataStore[39m[33m.[39mdestroy()[33m;[39m[22m
[2m     [90m    |[39m                     [31m[1m^[22m[2m[39m[22m
[2m     [90m 29 |[39m   })[33m;[39m[22m
[2m     [90m 30 |[39m[22m
[2m     [90m 31 |[39m   describe([32m'getInstance'[39m[33m,[39m () [33m=>[39m {[0m[22m
[2m[22m
[2m      [2mat Object.<anonymous> ([22m[2m[0m[36mtests/unit/lib/mastra/utils/shared-data-store.test.ts[39m[0m[2m:28:21)[22m[2m[22m

[1m[31m  [1m● [22m[1mSharedDataStore › convenience functions › should expose all methods through sharedData[39m[22m

    TypeError: shared_data_store_1.SharedDataStore.destroy is not a function
[2m[22m
[2m    [0m [90m 21 |[39m     jest[33m.[39mclearAllMocks()[33m;[39m[22m
[2m     [90m 22 |[39m     jest[33m.[39museFakeTimers()[33m;[39m[22m
[2m    [31m[1m>[22m[2m[39m[90m 23 |[39m     [33mSharedDataStore[39m[33m.[39mdestroy()[33m;[39m[22m
[2m     [90m    |[39m                     [31m[1m^[22m[2m[39m[22m
[2m     [90m 24 |[39m   })[33m;[39m[22m
[2m     [90m 25 |[39m[22m
[2m     [90m 26 |[39m   afterEach(() [33m=>[39m {[0m[22m
[2m[22m
[2m      [2mat Object.<anonymous> ([22m[2m[0m[36mtests/unit/lib/mastra/utils/shared-data-store.test.ts[39m[0m[2m:23:21)[22m[2m[22m

[1m[31m  [1m● [22m[1mSharedDataStore › convenience functions › should expose all methods through sharedData[39m[22m

    TypeError: shared_data_store_1.SharedDataStore.destroy is not a function
[2m[22m
[2m    [0m [90m 26 |[39m   afterEach(() [33m=>[39m {[22m
[2m     [90m 27 |[39m     jest[33m.[39museRealTimers()[33m;[39m[22m
[2m    [31m[1m>[22m[2m[39m[90m 28 |[39m     [33mSharedDataStore[39m[33m.[39mdestroy()[33m;[39m[22m
[2m     [90m    |[39m                     [31m[1m^[22m[2m[39m[22m
[2m     [90m 29 |[39m   })[33m;[39m[22m
[2m     [90m 30 |[39m[22m
[2m     [90m 31 |[39m   describe([32m'getInstance'[39m[33m,[39m () [33m=>[39m {[0m[22m
[2m[22m
[2m      [2mat Object.<anonymous> ([22m[2m[0m[36mtests/unit/lib/mastra/utils/shared-data-store.test.ts[39m[0m[2m:28:21)[22m[2m[22m

[1m[31m  [1m● [22m[1mSharedDataStore › convenience functions › should work with convenience functions[39m[22m

    TypeError: shared_data_store_1.SharedDataStore.destroy is not a function
[2m[22m
[2m    [0m [90m 21 |[39m     jest[33m.[39mclearAllMocks()[33m;[39m[22m
[2m     [90m 22 |[39m     jest[33m.[39museFakeTimers()[33m;[39m[22m
[2m    [31m[1m>[22m[2m[39m[90m 23 |[39m     [33mSharedDataStore[39m[33m.[39mdestroy()[33m;[39m[22m
[2m     [90m    |[39m                     [31m[1m^[22m[2m[39m[22m
[2m     [90m 24 |[39m   })[33m;[39m[22m
[2m     [90m 25 |[39m[22m
[2m     [90m 26 |[39m   afterEach(() [33m=>[39m {[0m[22m
[2m[22m
[2m      [2mat Object.<anonymous> ([22m[2m[0m[36mtests/unit/lib/mastra/utils/shared-data-store.test.ts[39m[0m[2m:23:21)[22m[2m[22m

[1m[31m  [1m● [22m[1mSharedDataStore › convenience functions › should work with convenience functions[39m[22m

    TypeError: shared_data_store_1.SharedDataStore.destroy is not a function
[2m[22m
[2m    [0m [90m 26 |[39m   afterEach(() [33m=>[39m {[22m
[2m     [90m 27 |[39m     jest[33m.[39museRealTimers()[33m;[39m[22m
[2m    [31m[1m>[22m[2m[39m[90m 28 |[39m     [33mSharedDataStore[39m[33m.[39mdestroy()[33m;[39m[22m
[2m     [90m    |[39m                     [31m[1m^[22m[2m[39m[22m
[2m     [90m 29 |[39m   })[33m;[39m[22m
[2m     [90m 30 |[39m[22m
[2m     [90m 31 |[39m   describe([32m'getInstance'[39m[33m,[39m () [33m=>[39m {[0m[22m
[2m[22m
[2m      [2mat Object.<anonymous> ([22m[2m[0m[36mtests/unit/lib/mastra/utils/shared-data-store.test.ts[39m[0m[2m:28:21)[22m[2m[22m

[1m[31m  [1m● [22m[1mSharedDataStore › edge cases › should handle undefined values[39m[22m

    TypeError: shared_data_store_1.SharedDataStore.destroy is not a function
[2m[22m
[2m    [0m [90m 21 |[39m     jest[33m.[39mclearAllMocks()[33m;[39m[22m
[2m     [90m 22 |[39m     jest[33m.[39museFakeTimers()[33m;[39m[22m
[2m    [31m[1m>[22m[2m[39m[90m 23 |[39m     [33mSharedDataStore[39m[33m.[39mdestroy()[33m;[39m[22m
[2m     [90m    |[39m                     [31m[1m^[22m[2m[39m[22m
[2m     [90m 24 |[39m   })[33m;[39m[22m
[2m     [90m 25 |[39m[22m
[2m     [90m 26 |[39m   afterEach(() [33m=>[39m {[0m[22m
[2m[22m
[2m      [2mat Object.<anonymous> ([22m[2m[0m[36mtests/unit/lib/mastra/utils/shared-data-store.test.ts[39m[0m[2m:23:21)[22m[2m[22m

[1m[31m  [1m● [22m[1mSharedDataStore › edge cases › should handle undefined values[39m[22m

    TypeError: shared_data_store_1.SharedDataStore.destroy is not a function
[2m[22m
[2m    [0m [90m 26 |[39m   afterEach(() [33m=>[39m {[22m
[2m     [90m 27 |[39m     jest[33m.[39museRealTimers()[33m;[39m[22m
[2m    [31m[1m>[22m[2m[39m[90m 28 |[39m     [33mSharedDataStore[39m[33m.[39mdestroy()[33m;[39m[22m
[2m     [90m    |[39m                     [31m[1m^[22m[2m[39m[22m
[2m     [90m 29 |[39m   })[33m;[39m[22m
[2m     [90m 30 |[39m[22m
[2m     [90m 31 |[39m   describe([32m'getInstance'[39m[33m,[39m () [33m=>[39m {[0m[22m
[2m[22m
[2m      [2mat Object.<anonymous> ([22m[2m[0m[36mtests/unit/lib/mastra/utils/shared-data-store.test.ts[39m[0m[2m:28:21)[22m[2m[22m

[1m[31m  [1m● [22m[1mSharedDataStore › edge cases › should handle null values[39m[22m

    TypeError: shared_data_store_1.SharedDataStore.destroy is not a function
[2m[22m
[2m    [0m [90m 21 |[39m     jest[33m.[39mclearAllMocks()[33m;[39m[22m
[2m     [90m 22 |[39m     jest[33m.[39museFakeTimers()[33m;[39m[22m
[2m    [31m[1m>[22m[2m[39m[90m 23 |[39m     [33mSharedDataStore[39m[33m.[39mdestroy()[33m;[39m[22m
[2m     [90m    |[39m                     [31m[1m^[22m[2m[39m[22m
[2m     [90m 24 |[39m   })[33m;[39m[22m
[2m     [90m 25 |[39m[22m
[2m     [90m 26 |[39m   afterEach(() [33m=>[39m {[0m[22m
[2m[22m
[2m      [2mat Object.<anonymous> ([22m[2m[0m[36mtests/unit/lib/mastra/utils/shared-data-store.test.ts[39m[0m[2m:23:21)[22m[2m[22m

[1m[31m  [1m● [22m[1mSharedDataStore › edge cases › should handle null values[39m[22m

    TypeError: shared_data_store_1.SharedDataStore.destroy is not a function
[2m[22m
[2m    [0m [90m 26 |[39m   afterEach(() [33m=>[39m {[22m
[2m     [90m 27 |[39m     jest[33m.[39museRealTimers()[33m;[39m[22m
[2m    [31m[1m>[22m[2m[39m[90m 28 |[39m     [33mSharedDataStore[39m[33m.[39mdestroy()[33m;[39m[22m
[2m     [90m    |[39m                     [31m[1m^[22m[2m[39m[22m
[2m     [90m 29 |[39m   })[33m;[39m[22m
[2m     [90m 30 |[39m[22m
[2m     [90m 31 |[39m   describe([32m'getInstance'[39m[33m,[39m () [33m=>[39m {[0m[22m
[2m[22m
[2m      [2mat Object.<anonymous> ([22m[2m[0m[36mtests/unit/lib/mastra/utils/shared-data-store.test.ts[39m[0m[2m:28:21)[22m[2m[22m

[1m[31m  [1m● [22m[1mSharedDataStore › edge cases › should handle complex objects[39m[22m

    TypeError: shared_data_store_1.SharedDataStore.destroy is not a function
[2m[22m
[2m    [0m [90m 21 |[39m     jest[33m.[39mclearAllMocks()[33m;[39m[22m
[2m     [90m 22 |[39m     jest[33m.[39museFakeTimers()[33m;[39m[22m
[2m    [31m[1m>[22m[2m[39m[90m 23 |[39m     [33mSharedDataStore[39m[33m.[39mdestroy()[33m;[39m[22m
[2m     [90m    |[39m                     [31m[1m^[22m[2m[39m[22m
[2m     [90m 24 |[39m   })[33m;[39m[22m
[2m     [90m 25 |[39m[22m
[2m     [90m 26 |[39m   afterEach(() [33m=>[39m {[0m[22m
[2m[22m
[2m      [2mat Object.<anonymous> ([22m[2m[0m[36mtests/unit/lib/mastra/utils/shared-data-store.test.ts[39m[0m[2m:23:21)[22m[2m[22m

[1m[31m  [1m● [22m[1mSharedDataStore › edge cases › should handle complex objects[39m[22m

    TypeError: shared_data_store_1.SharedDataStore.destroy is not a function
[2m[22m
[2m    [0m [90m 26 |[39m   afterEach(() [33m=>[39m {[22m
[2m     [90m 27 |[39m     jest[33m.[39museRealTimers()[33m;[39m[22m
[2m    [31m[1m>[22m[2m[39m[90m 28 |[39m     [33mSharedDataStore[39m[33m.[39mdestroy()[33m;[39m[22m
[2m     [90m    |[39m                     [31m[1m^[22m[2m[39m[22m
[2m     [90m 29 |[39m   })[33m;[39m[22m
[2m     [90m 30 |[39m[22m
[2m     [90m 31 |[39m   describe([32m'getInstance'[39m[33m,[39m () [33m=>[39m {[0m[22m
[2m[22m
[2m      [2mat Object.<anonymous> ([22m[2m[0m[36mtests/unit/lib/mastra/utils/shared-data-store.test.ts[39m[0m[2m:28:21)[22m[2m[22m

[1m[31m  [1m● [22m[1mSharedDataStore › edge cases › should handle very short TTLs[39m[22m

    TypeError: shared_data_store_1.SharedDataStore.destroy is not a function
[2m[22m
[2m    [0m [90m 21 |[39m     jest[33m.[39mclearAllMocks()[33m;[39m[22m
[2m     [90m 22 |[39m     jest[33m.[39museFakeTimers()[33m;[39m[22m
[2m    [31m[1m>[22m[2m[39m[90m 23 |[39m     [33mSharedDataStore[39m[33m.[39mdestroy()[33m;[39m[22m
[2m     [90m    |[39m                     [31m[1m^[22m[2m[39m[22m
[2m     [90m 24 |[39m   })[33m;[39m[22m
[2m     [90m 25 |[39m[22m
[2m     [90m 26 |[39m   afterEach(() [33m=>[39m {[0m[22m
[2m[22m
[2m      [2mat Object.<anonymous> ([22m[2m[0m[36mtests/unit/lib/mastra/utils/shared-data-store.test.ts[39m[0m[2m:23:21)[22m[2m[22m

[1m[31m  [1m● [22m[1mSharedDataStore › edge cases › should handle very short TTLs[39m[22m

    TypeError: shared_data_store_1.SharedDataStore.destroy is not a function
[2m[22m
[2m    [0m [90m 26 |[39m   afterEach(() [33m=>[39m {[22m
[2m     [90m 27 |[39m     jest[33m.[39museRealTimers()[33m;[39m[22m
[2m    [31m[1m>[22m[2m[39m[90m 28 |[39m     [33mSharedDataStore[39m[33m.[39mdestroy()[33m;[39m[22m
[2m     [90m    |[39m                     [31m[1m^[22m[2m[39m[22m
[2m     [90m 29 |[39m   })[33m;[39m[22m
[2m     [90m 30 |[39m[22m
[2m     [90m 31 |[39m   describe([32m'getInstance'[39m[33m,[39m () [33m=>[39m {[0m[22m
[2m[22m
[2m      [2mat Object.<anonymous> ([22m[2m[0m[36mtests/unit/lib/mastra/utils/shared-data-store.test.ts[39m[0m[2m:28:21)[22m[2m[22m

[1m[31m  [1m● [22m[1mSharedDataStore › edge cases › should handle concurrent operations[39m[22m

    TypeError: shared_data_store_1.SharedDataStore.destroy is not a function
[2m[22m
[2m    [0m [90m 21 |[39m     jest[33m.[39mclearAllMocks()[33m;[39m[22m
[2m     [90m 22 |[39m     jest[33m.[39museFakeTimers()[33m;[39m[22m
[2m    [31m[1m>[22m[2m[39m[90m 23 |[39m     [33mSharedDataStore[39m[33m.[39mdestroy()[33m;[39m[22m
[2m     [90m    |[39m                     [31m[1m^[22m[2m[39m[22m
[2m     [90m 24 |[39m   })[33m;[39m[22m
[2m     [90m 25 |[39m[22m
[2m     [90m 26 |[39m   afterEach(() [33m=>[39m {[0m[22m
[2m[22m
[2m      [2mat Object.<anonymous> ([22m[2m[0m[36mtests/unit/lib/mastra/utils/shared-data-store.test.ts[39m[0m[2m:23:21)[22m[2m[22m

[1m[31m  [1m● [22m[1mSharedDataStore › edge cases › should handle concurrent operations[39m[22m

    TypeError: shared_data_store_1.SharedDataStore.destroy is not a function
[2m[22m
[2m    [0m [90m 26 |[39m   afterEach(() [33m=>[39m {[22m
[2m     [90m 27 |[39m     jest[33m.[39museRealTimers()[33m;[39m[22m
[2m    [31m[1m>[22m[2m[39m[90m 28 |[39m     [33mSharedDataStore[39m[33m.[39mdestroy()[33m;[39m[22m
[2m     [90m    |[39m                     [31m[1m^[22m[2m[39m[22m
[2m     [90m 29 |[39m   })[33m;[39m[22m
[2m     [90m 30 |[39m[22m
[2m     [90m 31 |[39m   describe([32m'getInstance'[39m[33m,[39m () [33m=>[39m {[0m[22m
[2m[22m
[2m      [2mat Object.<anonymous> ([22m[2m[0m[36mtests/unit/lib/mastra/utils/shared-data-store.test.ts[39m[0m[2m:28:21)[22m[2m[22m

[0m[7m[1m[31m FAIL [39m[22m[27m[0m [2mtests/unit/lib/errors/[22m[1merror-tracker.test.ts[22m
[1m[31m  [1m● [22m[1mErrorTracker › getInstance › should return singleton instance[39m[22m

    TypeError: (0 , test_env_1.resetTestEnvironment) is not a function
[2m[22m
[2m    [0m [90m 35 |[39m   beforeEach(() [33m=>[39m {[22m
[2m     [90m 36 |[39m     [90m// Reset environment to ensure clean state[39m[22m
[2m    [31m[1m>[22m[2m[39m[90m 37 |[39m     resetTestEnvironment()[33m;[39m[22m
[2m     [90m    |[39m                         [31m[1m^[22m[2m[39m[22m
[2m     [90m 38 |[39m     [22m
[2m     [90m 39 |[39m     [90m// Clear singleton instance[39m[22m
[2m     [90m 40 |[39m     ([33mErrorTracker[39m [36mas[39m any)[33m.[39minstance [33m=[39m undefined[33m;[39m[0m[22m
[2m[22m
[2m      [2mat Object.<anonymous> ([22m[2m[0m[36mtests/unit/lib/errors/error-tracker.test.ts[39m[0m[2m:37:25)[22m[2m[22m

[1m[31m  [1m● [22m[1mErrorTracker › getInstance › should return singleton instance[39m[22m

    TypeError: Cannot read properties of undefined (reading 'destroy')
[2m[22m
[2m    [0m [90m 58 |[39m[22m
[2m     [90m 59 |[39m   afterEach(() [33m=>[39m {[22m
[2m    [31m[1m>[22m[2m[39m[90m 60 |[39m     tracker[33m.[39mdestroy()[33m;[39m[22m
[2m     [90m    |[39m             [31m[1m^[22m[2m[39m[22m
[2m     [90m 61 |[39m   })[33m;[39m[22m
[2m     [90m 62 |[39m[22m
[2m     [90m 63 |[39m   afterAll(() [33m=>[39m {[0m[22m
[2m[22m
[2m      [2mat Object.<anonymous> ([22m[2m[0m[36mtests/unit/lib/errors/error-tracker.test.ts[39m[0m[2m:60:13)[22m[2m[22m

[1m[31m  [1m● [22m[1mErrorTracker › getInstance › should not set up flush interval in test environment[39m[22m

    TypeError: (0 , test_env_1.resetTestEnvironment) is not a function
[2m[22m
[2m    [0m [90m 35 |[39m   beforeEach(() [33m=>[39m {[22m
[2m     [90m 36 |[39m     [90m// Reset environment to ensure clean state[39m[22m
[2m    [31m[1m>[22m[2m[39m[90m 37 |[39m     resetTestEnvironment()[33m;[39m[22m
[2m     [90m    |[39m                         [31m[1m^[22m[2m[39m[22m
[2m     [90m 38 |[39m     [22m
[2m     [90m 39 |[39m     [90m// Clear singleton instance[39m[22m
[2m     [90m 40 |[39m     ([33mErrorTracker[39m [36mas[39m any)[33m.[39minstance [33m=[39m undefined[33m;[39m[0m[22m
[2m[22m
[2m      [2mat Object.<anonymous> ([22m[2m[0m[36mtests/unit/lib/errors/error-tracker.test.ts[39m[0m[2m:37:25)[22m[2m[22m

[1m[31m  [1m● [22m[1mErrorTracker › getInstance › should not set up flush interval in test environment[39m[22m

    TypeError: Cannot read properties of undefined (reading 'destroy')
[2m[22m
[2m    [0m [90m 58 |[39m[22m
[2m     [90m 59 |[39m   afterEach(() [33m=>[39m {[22m
[2m    [31m[1m>[22m[2m[39m[90m 60 |[39m     tracker[33m.[39mdestroy()[33m;[39m[22m
[2m     [90m    |[39m             [31m[1m^[22m[2m[39m[22m
[2m     [90m 61 |[39m   })[33m;[39m[22m
[2m     [90m 62 |[39m[22m
[2m     [90m 63 |[39m   afterAll(() [33m=>[39m {[0m[22m
[2m[22m
[2m      [2mat Object.<anonymous> ([22m[2m[0m[36mtests/unit/lib/errors/error-tracker.test.ts[39m[0m[2m:60:13)[22m[2m[22m

[1m[31m  [1m● [22m[1mErrorTracker › trackException › should track MastraBaseError with context[39m[22m

    TypeError: (0 , test_env_1.resetTestEnvironment) is not a function
[2m[22m
[2m    [0m [90m 35 |[39m   beforeEach(() [33m=>[39m {[22m
[2m     [90m 36 |[39m     [90m// Reset environment to ensure clean state[39m[22m
[2m    [31m[1m>[22m[2m[39m[90m 37 |[39m     resetTestEnvironment()[33m;[39m[22m
[2m     [90m    |[39m                         [31m[1m^[22m[2m[39m[22m
[2m     [90m 38 |[39m     [22m
[2m     [90m 39 |[39m     [90m// Clear singleton instance[39m[22m
[2m     [90m 40 |[39m     ([33mErrorTracker[39m [36mas[39m any)[33m.[39minstance [33m=[39m undefined[33m;[39m[0m[22m
[2m[22m
[2m      [2mat Object.<anonymous> ([22m[2m[0m[36mtests/unit/lib/errors/error-tracker.test.ts[39m[0m[2m:37:25)[22m[2m[22m

[1m[31m  [1m● [22m[1mErrorTracker › trackException › should track MastraBaseError with context[39m[22m

    TypeError: Cannot read properties of undefined (reading 'destroy')
[2m[22m
[2m    [0m [90m 58 |[39m[22m
[2m     [90m 59 |[39m   afterEach(() [33m=>[39m {[22m
[2m    [31m[1m>[22m[2m[39m[90m 60 |[39m     tracker[33m.[39mdestroy()[33m;[39m[22m
[2m     [90m    |[39m             [31m[1m^[22m[2m[39m[22m
[2m     [90m 61 |[39m   })[33m;[39m[22m
[2m     [90m 62 |[39m[22m
[2m     [90m 63 |[39m   afterAll(() [33m=>[39m {[0m[22m
[2m[22m
[2m      [2mat Object.<anonymous> ([22m[2m[0m[36mtests/unit/lib/errors/error-tracker.test.ts[39m[0m[2m:60:13)[22m[2m[22m

[1m[31m  [1m● [22m[1mErrorTracker › trackException › should track regular Error[39m[22m

    TypeError: (0 , test_env_1.resetTestEnvironment) is not a function
[2m[22m
[2m    [0m [90m 35 |[39m   beforeEach(() [33m=>[39m {[22m
[2m     [90m 36 |[39m     [90m// Reset environment to ensure clean state[39m[22m
[2m    [31m[1m>[22m[2m[39m[90m 37 |[39m     resetTestEnvironment()[33m;[39m[22m
[2m     [90m    |[39m                         [31m[1m^[22m[2m[39m[22m
[2m     [90m 38 |[39m     [22m
[2m     [90m 39 |[39m     [90m// Clear singleton instance[39m[22m
[2m     [90m 40 |[39m     ([33mErrorTracker[39m [36mas[39m any)[33m.[39minstance [33m=[39m undefined[33m;[39m[0m[22m
[2m[22m
[2m      [2mat Object.<anonymous> ([22m[2m[0m[36mtests/unit/lib/errors/error-tracker.test.ts[39m[0m[2m:37:25)[22m[2m[22m

[1m[31m  [1m● [22m[1mErrorTracker › trackException › should track regular Error[39m[22m

    TypeError: Cannot read properties of undefined (reading 'destroy')
[2m[22m
[2m    [0m [90m 58 |[39m[22m
[2m     [90m 59 |[39m   afterEach(() [33m=>[39m {[22m
[2m    [31m[1m>[22m[2m[39m[90m 60 |[39m     tracker[33m.[39mdestroy()[33m;[39m[22m
[2m     [90m    |[39m             [31m[1m^[22m[2m[39m[22m
[2m     [90m 61 |[39m   })[33m;[39m[22m
[2m     [90m 62 |[39m[22m
[2m     [90m 63 |[39m   afterAll(() [33m=>[39m {[0m[22m
[2m[22m
[2m      [2mat Object.<anonymous> ([22m[2m[0m[36mtests/unit/lib/errors/error-tracker.test.ts[39m[0m[2m:60:13)[22m[2m[22m

[1m[31m  [1m● [22m[1mErrorTracker › trackException › should add error to buffer[39m[22m

    TypeError: (0 , test_env_1.resetTestEnvironment) is not a function
[2m[22m
[2m    [0m [90m 35 |[39m   beforeEach(() [33m=>[39m {[22m
[2m     [90m 36 |[39m     [90m// Reset environment to ensure clean state[39m[22m
[2m    [31m[1m>[22m[2m[39m[90m 37 |[39m     resetTestEnvironment()[33m;[39m[22m
[2m     [90m    |[39m                         [31m[1m^[22m[2m[39m[22m
[2m     [90m 38 |[39m     [22m
[2m     [90m 39 |[39m     [90m// Clear singleton instance[39m[22m
[2m     [90m 40 |[39m     ([33mErrorTracker[39m [36mas[39m any)[33m.[39minstance [33m=[39m undefined[33m;[39m[0m[22m
[2m[22m
[2m      [2mat Object.<anonymous> ([22m[2m[0m[36mtests/unit/lib/errors/error-tracker.test.ts[39m[0m[2m:37:25)[22m[2m[22m

[1m[31m  [1m● [22m[1mErrorTracker › trackException › should add error to buffer[39m[22m

    TypeError: Cannot read properties of undefined (reading 'destroy')
[2m[22m
[2m    [0m [90m 58 |[39m[22m
[2m     [90m 59 |[39m   afterEach(() [33m=>[39m {[22m
[2m    [31m[1m>[22m[2m[39m[90m 60 |[39m     tracker[33m.[39mdestroy()[33m;[39m[22m
[2m     [90m    |[39m             [31m[1m^[22m[2m[39m[22m
[2m     [90m 61 |[39m   })[33m;[39m[22m
[2m     [90m 62 |[39m[22m
[2m     [90m 63 |[39m   afterAll(() [33m=>[39m {[0m[22m
[2m[22m
[2m      [2mat Object.<anonymous> ([22m[2m[0m[36mtests/unit/lib/errors/error-tracker.test.ts[39m[0m[2m:60:13)[22m[2m[22m

[1m[31m  [1m● [22m[1mErrorTracker › trackException › should flush immediately for critical errors[39m[22m

    TypeError: (0 , test_env_1.resetTestEnvironment) is not a function
[2m[22m
[2m    [0m [90m 35 |[39m   beforeEach(() [33m=>[39m {[22m
[2m     [90m 36 |[39m     [90m// Reset environment to ensure clean state[39m[22m
[2m    [31m[1m>[22m[2m[39m[90m 37 |[39m     resetTestEnvironment()[33m;[39m[22m
[2m     [90m    |[39m                         [31m[1m^[22m[2m[39m[22m
[2m     [90m 38 |[39m     [22m
[2m     [90m 39 |[39m     [90m// Clear singleton instance[39m[22m
[2m     [90m 40 |[39m     ([33mErrorTracker[39m [36mas[39m any)[33m.[39minstance [33m=[39m undefined[33m;[39m[0m[22m
[2m[22m
[2m      [2mat Object.<anonymous> ([22m[2m[0m[36mtests/unit/lib/errors/error-tracker.test.ts[39m[0m[2m:37:25)[22m[2m[22m

[1m[31m  [1m● [22m[1mErrorTracker › trackException › should flush immediately for critical errors[39m[22m

    TypeError: Cannot read properties of undefined (reading 'destroy')
[2m[22m
[2m    [0m [90m 58 |[39m[22m
[2m     [90m 59 |[39m   afterEach(() [33m=>[39m {[22m
[2m    [31m[1m>[22m[2m[39m[90m 60 |[39m     tracker[33m.[39mdestroy()[33m;[39m[22m
[2m     [90m    |[39m             [31m[1m^[22m[2m[39m[22m
[2m     [90m 61 |[39m   })[33m;[39m[22m
[2m     [90m 62 |[39m[22m
[2m     [90m 63 |[39m   afterAll(() [33m=>[39m {[0m[22m
[2m[22m
[2m      [2mat Object.<anonymous> ([22m[2m[0m[36mtests/unit/lib/errors/error-tracker.test.ts[39m[0m[2m:60:13)[22m[2m[22m

[1m[31m  [1m● [22m[1mErrorTracker › trackException › should handle tracking errors gracefully[39m[22m

    TypeError: (0 , test_env_1.resetTestEnvironment) is not a function
[2m[22m
[2m    [0m [90m 35 |[39m   beforeEach(() [33m=>[39m {[22m
[2m     [90m 36 |[39m     [90m// Reset environment to ensure clean state[39m[22m
[2m    [31m[1m>[22m[2m[39m[90m 37 |[39m     resetTestEnvironment()[33m;[39m[22m
[2m     [90m    |[39m                         [31m[1m^[22m[2m[39m[22m
[2m     [90m 38 |[39m     [22m
[2m     [90m 39 |[39m     [90m// Clear singleton instance[39m[22m
[2m     [90m 40 |[39m     ([33mErrorTracker[39m [36mas[39m any)[33m.[39minstance [33m=[39m undefined[33m;[39m[0m[22m
[2m[22m
[2m      [2mat Object.<anonymous> ([22m[2m[0m[36mtests/unit/lib/errors/error-tracker.test.ts[39m[0m[2m:37:25)[22m[2m[22m

[1m[31m  [1m● [22m[1mErrorTracker › trackException › should handle tracking errors gracefully[39m[22m

    TypeError: Cannot read properties of undefined (reading 'destroy')
[2m[22m
[2m    [0m [90m 58 |[39m[22m
[2m     [90m 59 |[39m   afterEach(() [33m=>[39m {[22m
[2m    [31m[1m>[22m[2m[39m[90m 60 |[39m     tracker[33m.[39mdestroy()[33m;[39m[22m
[2m     [90m    |[39m             [31m[1m^[22m[2m[39m[22m
[2m     [90m 61 |[39m   })[33m;[39m[22m
[2m     [90m 62 |[39m[22m
[2m     [90m 63 |[39m   afterAll(() [33m=>[39m {[0m[22m
[2m[22m
[2m      [2mat Object.<anonymous> ([22m[2m[0m[36mtests/unit/lib/errors/error-tracker.test.ts[39m[0m[2m:60:13)[22m[2m[22m

[1m[31m  [1m● [22m[1mErrorTracker › trackException › should log to console in development[39m[22m

    TypeError: (0 , test_env_1.resetTestEnvironment) is not a function
[2m[22m
[2m    [0m [90m 35 |[39m   beforeEach(() [33m=>[39m {[22m
[2m     [90m 36 |[39m     [90m// Reset environment to ensure clean state[39m[22m
[2m    [31m[1m>[22m[2m[39m[90m 37 |[39m     resetTestEnvironment()[33m;[39m[22m
[2m     [90m    |[39m                         [31m[1m^[22m[2m[39m[22m
[2m     [90m 38 |[39m     [22m
[2m     [90m 39 |[39m     [90m// Clear singleton instance[39m[22m
[2m     [90m 40 |[39m     ([33mErrorTracker[39m [36mas[39m any)[33m.[39minstance [33m=[39m undefined[33m;[39m[0m[22m
[2m[22m
[2m      [2mat Object.<anonymous> ([22m[2m[0m[36mtests/unit/lib/errors/error-tracker.test.ts[39m[0m[2m:37:25)[22m[2m[22m

[1m[31m  [1m● [22m[1mErrorTracker › trackException › should log to console in development[39m[22m

    TypeError: Cannot read properties of undefined (reading 'destroy')
[2m[22m
[2m    [0m [90m 58 |[39m[22m
[2m     [90m 59 |[39m   afterEach(() [33m=>[39m {[22m
[2m    [31m[1m>[22m[2m[39m[90m 60 |[39m     tracker[33m.[39mdestroy()[33m;[39m[22m
[2m     [90m    |[39m             [31m[1m^[22m[2m[39m[22m
[2m     [90m 61 |[39m   })[33m;[39m[22m
[2m     [90m 62 |[39m[22m
[2m     [90m 63 |[39m   afterAll(() [33m=>[39m {[0m[22m
[2m[22m
[2m      [2mat Object.<anonymous> ([22m[2m[0m[36mtests/unit/lib/errors/error-tracker.test.ts[39m[0m[2m:60:13)[22m[2m[22m

[1m[31m  [1m● [22m[1mErrorTracker › trackBatch › should track multiple errors[39m[22m

    TypeError: (0 , test_env_1.resetTestEnvironment) is not a function
[2m[22m
[2m    [0m [90m 35 |[39m   beforeEach(() [33m=>[39m {[22m
[2m     [90m 36 |[39m     [90m// Reset environment to ensure clean state[39m[22m
[2m    [31m[1m>[22m[2m[39m[90m 37 |[39m     resetTestEnvironment()[33m;[39m[22m
[2m     [90m    |[39m                         [31m[1m^[22m[2m[39m[22m
[2m     [90m 38 |[39m     [22m
[2m     [90m 39 |[39m     [90m// Clear singleton instance[39m[22m
[2m     [90m 40 |[39m     ([33mErrorTracker[39m [36mas[39m any)[33m.[39minstance [33m=[39m undefined[33m;[39m[0m[22m
[2m[22m
[2m      [2mat Object.<anonymous> ([22m[2m[0m[36mtests/unit/lib/errors/error-tracker.test.ts[39m[0m[2m:37:25)[22m[2m[22m

[1m[31m  [1m● [22m[1mErrorTracker › trackBatch › should track multiple errors[39m[22m

    TypeError: Cannot read properties of undefined (reading 'destroy')
[2m[22m
[2m    [0m [90m 58 |[39m[22m
[2m     [90m 59 |[39m   afterEach(() [33m=>[39m {[22m
[2m    [31m[1m>[22m[2m[39m[90m 60 |[39m     tracker[33m.[39mdestroy()[33m;[39m[22m
[2m     [90m    |[39m             [31m[1m^[22m[2m[39m[22m
[2m     [90m 61 |[39m   })[33m;[39m[22m
[2m     [90m 62 |[39m[22m
[2m     [90m 63 |[39m   afterAll(() [33m=>[39m {[0m[22m
[2m[22m
[2m      [2mat Object.<anonymous> ([22m[2m[0m[36mtests/unit/lib/errors/error-tracker.test.ts[39m[0m[2m:60:13)[22m[2m[22m

[1m[31m  [1m● [22m[1mErrorTracker › getStats › should return error statistics[39m[22m

    TypeError: (0 , test_env_1.resetTestEnvironment) is not a function
[2m[22m
[2m    [0m [90m 35 |[39m   beforeEach(() [33m=>[39m {[22m
[2m     [90m 36 |[39m     [90m// Reset environment to ensure clean state[39m[22m
[2m    [31m[1m>[22m[2m[39m[90m 37 |[39m     resetTestEnvironment()[33m;[39m[22m
[2m     [90m    |[39m                         [31m[1m^[22m[2m[39m[22m
[2m     [90m 38 |[39m     [22m
[2m     [90m 39 |[39m     [90m// Clear singleton instance[39m[22m
[2m     [90m 40 |[39m     ([33mErrorTracker[39m [36mas[39m any)[33m.[39minstance [33m=[39m undefined[33m;[39m[0m[22m
[2m[22m
[2m      [2mat Object.<anonymous> ([22m[2m[0m[36mtests/unit/lib/errors/error-tracker.test.ts[39m[0m[2m:37:25)[22m[2m[22m

[1m[31m  [1m● [22m[1mErrorTracker › getStats › should return error statistics[39m[22m

    TypeError: Cannot read properties of undefined (reading 'destroy')
[2m[22m
[2m    [0m [90m 58 |[39m[22m
[2m     [90m 59 |[39m   afterEach(() [33m=>[39m {[22m
[2m    [31m[1m>[22m[2m[39m[90m 60 |[39m     tracker[33m.[39mdestroy()[33m;[39m[22m
[2m     [90m    |[39m             [31m[1m^[22m[2m[39m[22m
[2m     [90m 61 |[39m   })[33m;[39m[22m
[2m     [90m 62 |[39m[22m
[2m     [90m 63 |[39m   afterAll(() [33m=>[39m {[0m[22m
[2m[22m
[2m      [2mat Object.<anonymous> ([22m[2m[0m[36mtests/unit/lib/errors/error-tracker.test.ts[39m[0m[2m:60:13)[22m[2m[22m

[1m[31m  [1m● [22m[1mErrorTracker › getStats › should limit recent errors to last 10[39m[22m

    TypeError: (0 , test_env_1.resetTestEnvironment) is not a function
[2m[22m
[2m    [0m [90m 35 |[39m   beforeEach(() [33m=>[39m {[22m
[2m     [90m 36 |[39m     [90m// Reset environment to ensure clean state[39m[22m
[2m    [31m[1m>[22m[2m[39m[90m 37 |[39m     resetTestEnvironment()[33m;[39m[22m
[2m     [90m    |[39m                         [31m[1m^[22m[2m[39m[22m
[2m     [90m 38 |[39m     [22m
[2m     [90m 39 |[39m     [90m// Clear singleton instance[39m[22m
[2m     [90m 40 |[39m     ([33mErrorTracker[39m [36mas[39m any)[33m.[39minstance [33m=[39m undefined[33m;[39m[0m[22m
[2m[22m
[2m      [2mat Object.<anonymous> ([22m[2m[0m[36mtests/unit/lib/errors/error-tracker.test.ts[39m[0m[2m:37:25)[22m[2m[22m

[1m[31m  [1m● [22m[1mErrorTracker › getStats › should limit recent errors to last 10[39m[22m

    TypeError: Cannot read properties of undefined (reading 'destroy')
[2m[22m
[2m    [0m [90m 58 |[39m[22m
[2m     [90m 59 |[39m   afterEach(() [33m=>[39m {[22m
[2m    [31m[1m>[22m[2m[39m[90m 60 |[39m     tracker[33m.[39mdestroy()[33m;[39m[22m
[2m     [90m    |[39m             [31m[1m^[22m[2m[39m[22m
[2m     [90m 61 |[39m   })[33m;[39m[22m
[2m     [90m 62 |[39m[22m
[2m     [90m 63 |[39m   afterAll(() [33m=>[39m {[0m[22m
[2m[22m
[2m      [2mat Object.<anonymous> ([22m[2m[0m[36mtests/unit/lib/errors/error-tracker.test.ts[39m[0m[2m:60:13)[22m[2m[22m

[1m[31m  [1m● [22m[1mErrorTracker › clear › should clear error buffer[39m[22m

    TypeError: (0 , test_env_1.resetTestEnvironment) is not a function
[2m[22m
[2m    [0m [90m 35 |[39m   beforeEach(() [33m=>[39m {[22m
[2m     [90m 36 |[39m     [90m// Reset environment to ensure clean state[39m[22m
[2m    [31m[1m>[22m[2m[39m[90m 37 |[39m     resetTestEnvironment()[33m;[39m[22m
[2m     [90m    |[39m                         [31m[1m^[22m[2m[39m[22m
[2m     [90m 38 |[39m     [22m
[2m     [90m 39 |[39m     [90m// Clear singleton instance[39m[22m
[2m     [90m 40 |[39m     ([33mErrorTracker[39m [36mas[39m any)[33m.[39minstance [33m=[39m undefined[33m;[39m[0m[22m
[2m[22m
[2m      [2mat Object.<anonymous> ([22m[2m[0m[36mtests/unit/lib/errors/error-tracker.test.ts[39m[0m[2m:37:25)[22m[2m[22m

[1m[31m  [1m● [22m[1mErrorTracker › clear › should clear error buffer[39m[22m

    TypeError: Cannot read properties of undefined (reading 'destroy')
[2m[22m
[2m    [0m [90m 58 |[39m[22m
[2m     [90m 59 |[39m   afterEach(() [33m=>[39m {[22m
[2m    [31m[1m>[22m[2m[39m[90m 60 |[39m     tracker[33m.[39mdestroy()[33m;[39m[22m
[2m     [90m    |[39m             [31m[1m^[22m[2m[39m[22m
[2m     [90m 61 |[39m   })[33m;[39m[22m
[2m     [90m 62 |[39m[22m
[2m     [90m 63 |[39m   afterAll(() [33m=>[39m {[0m[22m
[2m[22m
[2m      [2mat Object.<anonymous> ([22m[2m[0m[36mtests/unit/lib/errors/error-tracker.test.ts[39m[0m[2m:60:13)[22m[2m[22m

[1m[31m  [1m● [22m[1mErrorTracker › flush › should flush errors to telemetry endpoint[39m[22m

    TypeError: (0 , test_env_1.resetTestEnvironment) is not a function
[2m[22m
[2m    [0m [90m 35 |[39m   beforeEach(() [33m=>[39m {[22m
[2m     [90m 36 |[39m     [90m// Reset environment to ensure clean state[39m[22m
[2m    [31m[1m>[22m[2m[39m[90m 37 |[39m     resetTestEnvironment()[33m;[39m[22m
[2m     [90m    |[39m                         [31m[1m^[22m[2m[39m[22m
[2m     [90m 38 |[39m     [22m
[2m     [90m 39 |[39m     [90m// Clear singleton instance[39m[22m
[2m     [90m 40 |[39m     ([33mErrorTracker[39m [36mas[39m any)[33m.[39minstance [33m=[39m undefined[33m;[39m[0m[22m
[2m[22m
[2m      [2mat Object.<anonymous> ([22m[2m[0m[36mtests/unit/lib/errors/error-tracker.test.ts[39m[0m[2m:37:25)[22m[2m[22m

[1m[31m  [1m● [22m[1mErrorTracker › flush › should flush errors to telemetry endpoint[39m[22m

    TypeError: Cannot read properties of undefined (reading 'destroy')
[2m[22m
[2m    [0m [90m 58 |[39m[22m
[2m     [90m 59 |[39m   afterEach(() [33m=>[39m {[22m
[2m    [31m[1m>[22m[2m[39m[90m 60 |[39m     tracker[33m.[39mdestroy()[33m;[39m[22m
[2m     [90m    |[39m             [31m[1m^[22m[2m[39m[22m
[2m     [90m 61 |[39m   })[33m;[39m[22m
[2m     [90m 62 |[39m[22m
[2m     [90m 63 |[39m   afterAll(() [33m=>[39m {[0m[22m
[2m[22m
[2m      [2mat Object.<anonymous> ([22m[2m[0m[36mtests/unit/lib/errors/error-tracker.test.ts[39m[0m[2m:60:13)[22m[2m[22m

[1m[31m  [1m● [22m[1mErrorTracker › flush › should restore buffer on flush failure[39m[22m

    TypeError: (0 , test_env_1.resetTestEnvironment) is not a function
[2m[22m
[2m    [0m [90m 35 |[39m   beforeEach(() [33m=>[39m {[22m
[2m     [90m 36 |[39m     [90m// Reset environment to ensure clean state[39m[22m
[2m    [31m[1m>[22m[2m[39m[90m 37 |[39m     resetTestEnvironment()[33m;[39m[22m
[2m     [90m    |[39m                         [31m[1m^[22m[2m[39m[22m
[2m     [90m 38 |[39m     [22m
[2m     [90m 39 |[39m     [90m// Clear singleton instance[39m[22m
[2m     [90m 40 |[39m     ([33mErrorTracker[39m [36mas[39m any)[33m.[39minstance [33m=[39m undefined[33m;[39m[0m[22m
[2m[22m
[2m      [2mat Object.<anonymous> ([22m[2m[0m[36mtests/unit/lib/errors/error-tracker.test.ts[39m[0m[2m:37:25)[22m[2m[22m

[1m[31m  [1m● [22m[1mErrorTracker › flush › should restore buffer on flush failure[39m[22m

    TypeError: Cannot read properties of undefined (reading 'destroy')
[2m[22m
[2m    [0m [90m 58 |[39m[22m
[2m     [90m 59 |[39m   afterEach(() [33m=>[39m {[22m
[2m    [31m[1m>[22m[2m[39m[90m 60 |[39m     tracker[33m.[39mdestroy()[33m;[39m[22m
[2m     [90m    |[39m             [31m[1m^[22m[2m[39m[22m
[2m     [90m 61 |[39m   })[33m;[39m[22m
[2m     [90m 62 |[39m[22m
[2m     [90m 63 |[39m   afterAll(() [33m=>[39m {[0m[22m
[2m[22m
[2m      [2mat Object.<anonymous> ([22m[2m[0m[36mtests/unit/lib/errors/error-tracker.test.ts[39m[0m[2m:60:13)[22m[2m[22m

[1m[31m  [1m● [22m[1mErrorTracker › flush › should skip flush if buffer is empty[39m[22m

    TypeError: (0 , test_env_1.resetTestEnvironment) is not a function
[2m[22m
[2m    [0m [90m 35 |[39m   beforeEach(() [33m=>[39m {[22m
[2m     [90m 36 |[39m     [90m// Reset environment to ensure clean state[39m[22m
[2m    [31m[1m>[22m[2m[39m[90m 37 |[39m     resetTestEnvironment()[33m;[39m[22m
[2m     [90m    |[39m                         [31m[1m^[22m[2m[39m[22m
[2m     [90m 38 |[39m     [22m
[2m     [90m 39 |[39m     [90m// Clear singleton instance[39m[22m
[2m     [90m 40 |[39m     ([33mErrorTracker[39m [36mas[39m any)[33m.[39minstance [33m=[39m undefined[33m;[39m[0m[22m
[2m[22m
[2m      [2mat Object.<anonymous> ([22m[2m[0m[36mtests/unit/lib/errors/error-tracker.test.ts[39m[0m[2m:37:25)[22m[2m[22m

[1m[31m  [1m● [22m[1mErrorTracker › flush › should skip flush if buffer is empty[39m[22m

    TypeError: Cannot read properties of undefined (reading 'destroy')
[2m[22m
[2m    [0m [90m 58 |[39m[22m
[2m     [90m 59 |[39m   afterEach(() [33m=>[39m {[22m
[2m    [31m[1m>[22m[2m[39m[90m 60 |[39m     tracker[33m.[39mdestroy()[33m;[39m[22m
[2m     [90m    |[39m             [31m[1m^[22m[2m[39m[22m
[2m     [90m 61 |[39m   })[33m;[39m[22m
[2m     [90m 62 |[39m[22m
[2m     [90m 63 |[39m   afterAll(() [33m=>[39m {[0m[22m
[2m[22m
[2m      [2mat Object.<anonymous> ([22m[2m[0m[36mtests/unit/lib/errors/error-tracker.test.ts[39m[0m[2m:60:13)[22m[2m[22m

[1m[31m  [1m● [22m[1mErrorTracker › flush › should not flush if no telemetry endpoint[39m[22m

    TypeError: (0 , test_env_1.resetTestEnvironment) is not a function
[2m[22m
[2m    [0m [90m 35 |[39m   beforeEach(() [33m=>[39m {[22m
[2m     [90m 36 |[39m     [90m// Reset environment to ensure clean state[39m[22m
[2m    [31m[1m>[22m[2m[39m[90m 37 |[39m     resetTestEnvironment()[33m;[39m[22m
[2m     [90m    |[39m                         [31m[1m^[22m[2m[39m[22m
[2m     [90m 38 |[39m     [22m
[2m     [90m 39 |[39m     [90m// Clear singleton instance[39m[22m
[2m     [90m 40 |[39m     ([33mErrorTracker[39m [36mas[39m any)[33m.[39minstance [33m=[39m undefined[33m;[39m[0m[22m
[2m[22m
[2m      [2mat Object.<anonymous> ([22m[2m[0m[36mtests/unit/lib/errors/error-tracker.test.ts[39m[0m[2m:37:25)[22m[2m[22m

[1m[31m  [1m● [22m[1mErrorTracker › flush › should not flush if no telemetry endpoint[39m[22m

    TypeError: Cannot read properties of undefined (reading 'destroy')
[2m[22m
[2m    [0m [90m 58 |[39m[22m
[2m     [90m 59 |[39m   afterEach(() [33m=>[39m {[22m
[2m    [31m[1m>[22m[2m[39m[90m 60 |[39m     tracker[33m.[39mdestroy()[33m;[39m[22m
[2m     [90m    |[39m             [31m[1m^[22m[2m[39m[22m
[2m     [90m 61 |[39m   })[33m;[39m[22m
[2m     [90m 62 |[39m[22m
[2m     [90m 63 |[39m   afterAll(() [33m=>[39m {[0m[22m
[2m[22m
[2m      [2mat Object.<anonymous> ([22m[2m[0m[36mtests/unit/lib/errors/error-tracker.test.ts[39m[0m[2m:60:13)[22m[2m[22m

[1m[31m  [1m● [22m[1mErrorTracker › Error classification tracking › should track errors by category correctly[39m[22m

    TypeError: (0 , test_env_1.resetTestEnvironment) is not a function
[2m[22m
[2m    [0m [90m 35 |[39m   beforeEach(() [33m=>[39m {[22m
[2m     [90m 36 |[39m     [90m// Reset environment to ensure clean state[39m[22m
[2m    [31m[1m>[22m[2m[39m[90m 37 |[39m     resetTestEnvironment()[33m;[39m[22m
[2m     [90m    |[39m                         [31m[1m^[22m[2m[39m[22m
[2m     [90m 38 |[39m     [22m
[2m     [90m 39 |[39m     [90m// Clear singleton instance[39m[22m
[2m     [90m 40 |[39m     ([33mErrorTracker[39m [36mas[39m any)[33m.[39minstance [33m=[39m undefined[33m;[39m[0m[22m
[2m[22m
[2m      [2mat Object.<anonymous> ([22m[2m[0m[36mtests/unit/lib/errors/error-tracker.test.ts[39m[0m[2m:37:25)[22m[2m[22m

[1m[31m  [1m● [22m[1mErrorTracker › Error classification tracking › should track errors by category correctly[39m[22m

    TypeError: Cannot read properties of undefined (reading 'destroy')
[2m[22m
[2m    [0m [90m 58 |[39m[22m
[2m     [90m 59 |[39m   afterEach(() [33m=>[39m {[22m
[2m    [31m[1m>[22m[2m[39m[90m 60 |[39m     tracker[33m.[39mdestroy()[33m;[39m[22m
[2m     [90m    |[39m             [31m[1m^[22m[2m[39m[22m
[2m     [90m 61 |[39m   })[33m;[39m[22m
[2m     [90m 62 |[39m[22m
[2m     [90m 63 |[39m   afterAll(() [33m=>[39m {[0m[22m
[2m[22m
[2m      [2mat Object.<anonymous> ([22m[2m[0m[36mtests/unit/lib/errors/error-tracker.test.ts[39m[0m[2m:60:13)[22m[2m[22m

[1m[31m  [1m● [22m[1mErrorTracker › Error classification tracking › should track network errors separately[39m[22m

    TypeError: (0 , test_env_1.resetTestEnvironment) is not a function
[2m[22m
[2m    [0m [90m 35 |[39m   beforeEach(() [33m=>[39m {[22m
[2m     [90m 36 |[39m     [90m// Reset environment to ensure clean state[39m[22m
[2m    [31m[1m>[22m[2m[39m[90m 37 |[39m     resetTestEnvironment()[33m;[39m[22m
[2m     [90m    |[39m                         [31m[1m^[22m[2m[39m[22m
[2m     [90m 38 |[39m     [22m
[2m     [90m 39 |[39m     [90m// Clear singleton instance[39m[22m
[2m     [90m 40 |[39m     ([33mErrorTracker[39m [36mas[39m any)[33m.[39minstance [33m=[39m undefined[33m;[39m[0m[22m
[2m[22m
[2m      [2mat Object.<anonymous> ([22m[2m[0m[36mtests/unit/lib/errors/error-tracker.test.ts[39m[0m[2m:37:25)[22m[2m[22m

[1m[31m  [1m● [22m[1mErrorTracker › Error classification tracking › should track network errors separately[39m[22m

    TypeError: Cannot read properties of undefined (reading 'destroy')
[2m[22m
[2m    [0m [90m 58 |[39m[22m
[2m     [90m 59 |[39m   afterEach(() [33m=>[39m {[22m
[2m    [31m[1m>[22m[2m[39m[90m 60 |[39m     tracker[33m.[39mdestroy()[33m;[39m[22m
[2m     [90m    |[39m             [31m[1m^[22m[2m[39m[22m
[2m     [90m 61 |[39m   })[33m;[39m[22m
[2m     [90m 62 |[39m[22m
[2m     [90m 63 |[39m   afterAll(() [33m=>[39m {[0m[22m
[2m[22m
[2m      [2mat Object.<anonymous> ([22m[2m[0m[36mtests/unit/lib/errors/error-tracker.test.ts[39m[0m[2m:60:13)[22m[2m[22m

[1m[31m  [1m● [22m[1mErrorTracker › Error classification tracking › should track workflow errors[39m[22m

    TypeError: (0 , test_env_1.resetTestEnvironment) is not a function
[2m[22m
[2m    [0m [90m 35 |[39m   beforeEach(() [33m=>[39m {[22m
[2m     [90m 36 |[39m     [90m// Reset environment to ensure clean state[39m[22m
[2m    [31m[1m>[22m[2m[39m[90m 37 |[39m     resetTestEnvironment()[33m;[39m[22m
[2m     [90m    |[39m                         [31m[1m^[22m[2m[39m[22m
[2m     [90m 38 |[39m     [22m
[2m     [90m 39 |[39m     [90m// Clear singleton instance[39m[22m
[2m     [90m 40 |[39m     ([33mErrorTracker[39m [36mas[39m any)[33m.[39minstance [33m=[39m undefined[33m;[39m[0m[22m
[2m[22m
[2m      [2mat Object.<anonymous> ([22m[2m[0m[36mtests/unit/lib/errors/error-tracker.test.ts[39m[0m[2m:37:25)[22m[2m[22m

[1m[31m  [1m● [22m[1mErrorTracker › Error classification tracking › should track workflow errors[39m[22m

    TypeError: Cannot read properties of undefined (reading 'destroy')
[2m[22m
[2m    [0m [90m 58 |[39m[22m
[2m     [90m 59 |[39m   afterEach(() [33m=>[39m {[22m
[2m    [31m[1m>[22m[2m[39m[90m 60 |[39m     tracker[33m.[39mdestroy()[33m;[39m[22m
[2m     [90m    |[39m             [31m[1m^[22m[2m[39m[22m
[2m     [90m 61 |[39m   })[33m;[39m[22m
[2m     [90m 62 |[39m[22m
[2m     [90m 63 |[39m   afterAll(() [33m=>[39m {[0m[22m
[2m[22m
[2m      [2mat Object.<anonymous> ([22m[2m[0m[36mtests/unit/lib/errors/error-tracker.test.ts[39m[0m[2m:60:13)[22m[2m[22m

[1m[31m  [1m● [22m[1mErrorTracker › Retry handling tracking › should track retryable errors with retry information[39m[22m

    TypeError: (0 , test_env_1.resetTestEnvironment) is not a function
[2m[22m
[2m    [0m [90m 35 |[39m   beforeEach(() [33m=>[39m {[22m
[2m     [90m 36 |[39m     [90m// Reset environment to ensure clean state[39m[22m
[2m    [31m[1m>[22m[2m[39m[90m 37 |[39m     resetTestEnvironment()[33m;[39m[22m
[2m     [90m    |[39m                         [31m[1m^[22m[2m[39m[22m
[2m     [90m 38 |[39m     [22m
[2m     [90m 39 |[39m     [90m// Clear singleton instance[39m[22m
[2m     [90m 40 |[39m     ([33mErrorTracker[39m [36mas[39m any)[33m.[39minstance [33m=[39m undefined[33m;[39m[0m[22m
[2m[22m
[2m      [2mat Object.<anonymous> ([22m[2m[0m[36mtests/unit/lib/errors/error-tracker.test.ts[39m[0m[2m:37:25)[22m[2m[22m

[1m[31m  [1m● [22m[1mErrorTracker › Retry handling tracking › should track retryable errors with retry information[39m[22m

    TypeError: Cannot read properties of undefined (reading 'destroy')
[2m[22m
[2m    [0m [90m 58 |[39m[22m
[2m     [90m 59 |[39m   afterEach(() [33m=>[39m {[22m
[2m    [31m[1m>[22m[2m[39m[90m 60 |[39m     tracker[33m.[39mdestroy()[33m;[39m[22m
[2m     [90m    |[39m             [31m[1m^[22m[2m[39m[22m
[2m     [90m 61 |[39m   })[33m;[39m[22m
[2m     [90m 62 |[39m[22m
[2m     [90m 63 |[39m   afterAll(() [33m=>[39m {[0m[22m
[2m[22m
[2m      [2mat Object.<anonymous> ([22m[2m[0m[36mtests/unit/lib/errors/error-tracker.test.ts[39m[0m[2m:60:13)[22m[2m[22m

[1m[31m  [1m● [22m[1mErrorTracker › Retry handling tracking › should distinguish retryable from non-retryable errors[39m[22m

    TypeError: (0 , test_env_1.resetTestEnvironment) is not a function
[2m[22m
[2m    [0m [90m 35 |[39m   beforeEach(() [33m=>[39m {[22m
[2m     [90m 36 |[39m     [90m// Reset environment to ensure clean state[39m[22m
[2m    [31m[1m>[22m[2m[39m[90m 37 |[39m     resetTestEnvironment()[33m;[39m[22m
[2m     [90m    |[39m                         [31m[1m^[22m[2m[39m[22m
[2m     [90m 38 |[39m     [22m
[2m     [90m 39 |[39m     [90m// Clear singleton instance[39m[22m
[2m     [90m 40 |[39m     ([33mErrorTracker[39m [36mas[39m any)[33m.[39minstance [33m=[39m undefined[33m;[39m[0m[22m
[2m[22m
[2m      [2mat Object.<anonymous> ([22m[2m[0m[36mtests/unit/lib/errors/error-tracker.test.ts[39m[0m[2m:37:25)[22m[2m[22m

[1m[31m  [1m● [22m[1mErrorTracker › Retry handling tracking › should distinguish retryable from non-retryable errors[39m[22m

    TypeError: Cannot read properties of undefined (reading 'destroy')
[2m[22m
[2m    [0m [90m 58 |[39m[22m
[2m     [90m 59 |[39m   afterEach(() [33m=>[39m {[22m
[2m    [31m[1m>[22m[2m[39m[90m 60 |[39m     tracker[33m.[39mdestroy()[33m;[39m[22m
[2m     [90m    |[39m             [31m[1m^[22m[2m[39m[22m
[2m     [90m 61 |[39m   })[33m;[39m[22m
[2m     [90m 62 |[39m[22m
[2m     [90m 63 |[39m   afterAll(() [33m=>[39m {[0m[22m
[2m[22m
[2m      [2mat Object.<anonymous> ([22m[2m[0m[36mtests/unit/lib/errors/error-tracker.test.ts[39m[0m[2m:60:13)[22m[2m[22m

[1m[31m  [1m● [22m[1mErrorTracker › Logging integration › should respect error severity when logging[39m[22m

    TypeError: (0 , test_env_1.resetTestEnvironment) is not a function
[2m[22m
[2m    [0m [90m 35 |[39m   beforeEach(() [33m=>[39m {[22m
[2m     [90m 36 |[39m     [90m// Reset environment to ensure clean state[39m[22m
[2m    [31m[1m>[22m[2m[39m[90m 37 |[39m     resetTestEnvironment()[33m;[39m[22m
[2m     [90m    |[39m                         [31m[1m^[22m[2m[39m[22m
[2m     [90m 38 |[39m     [22m
[2m     [90m 39 |[39m     [90m// Clear singleton instance[39m[22m
[2m     [90m 40 |[39m     ([33mErrorTracker[39m [36mas[39m any)[33m.[39minstance [33m=[39m undefined[33m;[39m[0m[22m
[2m[22m
[2m      [2mat Object.<anonymous> ([22m[2m[0m[36mtests/unit/lib/errors/error-tracker.test.ts[39m[0m[2m:37:25)[22m[2m[22m

[1m[31m  [1m● [22m[1mErrorTracker › Logging integration › should respect error severity when logging[39m[22m

    TypeError: Cannot read properties of undefined (reading 'destroy')
[2m[22m
[2m    [0m [90m 58 |[39m[22m
[2m     [90m 59 |[39m   afterEach(() [33m=>[39m {[22m
[2m    [31m[1m>[22m[2m[39m[90m 60 |[39m     tracker[33m.[39mdestroy()[33m;[39m[22m
[2m     [90m    |[39m             [31m[1m^[22m[2m[39m[22m
[2m     [90m 61 |[39m   })[33m;[39m[22m
[2m     [90m 62 |[39m[22m
[2m     [90m 63 |[39m   afterAll(() [33m=>[39m {[0m[22m
[2m[22m
[2m      [2mat Object.<anonymous> ([22m[2m[0m[36mtests/unit/lib/errors/error-tracker.test.ts[39m[0m[2m:60:13)[22m[2m[22m

[1m[31m  [1m● [22m[1mErrorTracker › Logging integration › should include timestamp in tracked errors[39m[22m

    TypeError: (0 , test_env_1.resetTestEnvironment) is not a function
[2m[22m
[2m    [0m [90m 35 |[39m   beforeEach(() [33m=>[39m {[22m
[2m     [90m 36 |[39m     [90m// Reset environment to ensure clean state[39m[22m
[2m    [31m[1m>[22m[2m[39m[90m 37 |[39m     resetTestEnvironment()[33m;[39m[22m
[2m     [90m    |[39m                         [31m[1m^[22m[2m[39m[22m
[2m     [90m 38 |[39m     [22m
[2m     [90m 39 |[39m     [90m// Clear singleton instance[39m[22m
[2m     [90m 40 |[39m     ([33mErrorTracker[39m [36mas[39m any)[33m.[39minstance [33m=[39m undefined[33m;[39m[0m[22m
[2m[22m
[2m      [2mat Object.<anonymous> ([22m[2m[0m[36mtests/unit/lib/errors/error-tracker.test.ts[39m[0m[2m:37:25)[22m[2m[22m

[1m[31m  [1m● [22m[1mErrorTracker › Logging integration › should include timestamp in tracked errors[39m[22m

    TypeError: Cannot read properties of undefined (reading 'destroy')
[2m[22m
[2m    [0m [90m 58 |[39m[22m
[2m     [90m 59 |[39m   afterEach(() [33m=>[39m {[22m
[2m    [31m[1m>[22m[2m[39m[90m 60 |[39m     tracker[33m.[39mdestroy()[33m;[39m[22m
[2m     [90m    |[39m             [31m[1m^[22m[2m[39m[22m
[2m     [90m 61 |[39m   })[33m;[39m[22m
[2m     [90m 62 |[39m[22m
[2m     [90m 63 |[39m   afterAll(() [33m=>[39m {[0m[22m
[2m[22m
[2m      [2mat Object.<anonymous> ([22m[2m[0m[36mtests/unit/lib/errors/error-tracker.test.ts[39m[0m[2m:60:13)[22m[2m[22m

[1m[31m  [1m● [22m[1mErrorTracker › Context enrichment › should merge error context with tracking context[39m[22m

    TypeError: (0 , test_env_1.resetTestEnvironment) is not a function
[2m[22m
[2m    [0m [90m 35 |[39m   beforeEach(() [33m=>[39m {[22m
[2m     [90m 36 |[39m     [90m// Reset environment to ensure clean state[39m[22m
[2m    [31m[1m>[22m[2m[39m[90m 37 |[39m     resetTestEnvironment()[33m;[39m[22m
[2m     [90m    |[39m                         [31m[1m^[22m[2m[39m[22m
[2m     [90m 38 |[39m     [22m
[2m     [90m 39 |[39m     [90m// Clear singleton instance[39m[22m
[2m     [90m 40 |[39m     ([33mErrorTracker[39m [36mas[39m any)[33m.[39minstance [33m=[39m undefined[33m;[39m[0m[22m
[2m[22m
[2m      [2mat Object.<anonymous> ([22m[2m[0m[36mtests/unit/lib/errors/error-tracker.test.ts[39m[0m[2m:37:25)[22m[2m[22m

[1m[31m  [1m● [22m[1mErrorTracker › Context enrichment › should merge error context with tracking context[39m[22m

    TypeError: Cannot read properties of undefined (reading 'destroy')
[2m[22m
[2m    [0m [90m 58 |[39m[22m
[2m     [90m 59 |[39m   afterEach(() [33m=>[39m {[22m
[2m    [31m[1m>[22m[2m[39m[90m 60 |[39m     tracker[33m.[39mdestroy()[33m;[39m[22m
[2m     [90m    |[39m             [31m[1m^[22m[2m[39m[22m
[2m     [90m 61 |[39m   })[33m;[39m[22m
[2m     [90m 62 |[39m[22m
[2m     [90m 63 |[39m   afterAll(() [33m=>[39m {[0m[22m
[2m[22m
[2m      [2mat Object.<anonymous> ([22m[2m[0m[36mtests/unit/lib/errors/error-tracker.test.ts[39m[0m[2m:60:13)[22m[2m[22m

[1m[31m  [1m● [22m[1mErrorTracker › Context enrichment › should preserve error stack traces[39m[22m

    TypeError: (0 , test_env_1.resetTestEnvironment) is not a function
[2m[22m
[2m    [0m [90m 35 |[39m   beforeEach(() [33m=>[39m {[22m
[2m     [90m 36 |[39m     [90m// Reset environment to ensure clean state[39m[22m
[2m    [31m[1m>[22m[2m[39m[90m 37 |[39m     resetTestEnvironment()[33m;[39m[22m
[2m     [90m    |[39m                         [31m[1m^[22m[2m[39m[22m
[2m     [90m 38 |[39m     [22m
[2m     [90m 39 |[39m     [90m// Clear singleton instance[39m[22m
[2m     [90m 40 |[39m     ([33mErrorTracker[39m [36mas[39m any)[33m.[39minstance [33m=[39m undefined[33m;[39m[0m[22m
[2m[22m
[2m      [2mat Object.<anonymous> ([22m[2m[0m[36mtests/unit/lib/errors/error-tracker.test.ts[39m[0m[2m:37:25)[22m[2m[22m

[1m[31m  [1m● [22m[1mErrorTracker › Context enrichment › should preserve error stack traces[39m[22m

    TypeError: Cannot read properties of undefined (reading 'destroy')
[2m[22m
[2m    [0m [90m 58 |[39m[22m
[2m     [90m 59 |[39m   afterEach(() [33m=>[39m {[22m
[2m    [31m[1m>[22m[2m[39m[90m 60 |[39m     tracker[33m.[39mdestroy()[33m;[39m[22m
[2m     [90m    |[39m             [31m[1m^[22m[2m[39m[22m
[2m     [90m 61 |[39m   })[33m;[39m[22m
[2m     [90m 62 |[39m[22m
[2m     [90m 63 |[39m   afterAll(() [33m=>[39m {[0m[22m
[2m[22m
[2m      [2mat Object.<anonymous> ([22m[2m[0m[36mtests/unit/lib/errors/error-tracker.test.ts[39m[0m[2m:60:13)[22m[2m[22m

[1m[31m  [1m● [22m[1mErrorTracker › Batch operations › should handle large batch of errors efficiently[39m[22m

    TypeError: (0 , test_env_1.resetTestEnvironment) is not a function
[2m[22m
[2m    [0m [90m 35 |[39m   beforeEach(() [33m=>[39m {[22m
[2m     [90m 36 |[39m     [90m// Reset environment to ensure clean state[39m[22m
[2m    [31m[1m>[22m[2m[39m[90m 37 |[39m     resetTestEnvironment()[33m;[39m[22m
[2m     [90m    |[39m                         [31m[1m^[22m[2m[39m[22m
[2m     [90m 38 |[39m     [22m
[2m     [90m 39 |[39m     [90m// Clear singleton instance[39m[22m
[2m     [90m 40 |[39m     ([33mErrorTracker[39m [36mas[39m any)[33m.[39minstance [33m=[39m undefined[33m;[39m[0m[22m
[2m[22m
[2m      [2mat Object.<anonymous> ([22m[2m[0m[36mtests/unit/lib/errors/error-tracker.test.ts[39m[0m[2m:37:25)[22m[2m[22m

[1m[31m  [1m● [22m[1mErrorTracker › Batch operations › should handle large batch of errors efficiently[39m[22m

    TypeError: Cannot read properties of undefined (reading 'destroy')
[2m[22m
[2m    [0m [90m 58 |[39m[22m
[2m     [90m 59 |[39m   afterEach(() [33m=>[39m {[22m
[2m    [31m[1m>[22m[2m[39m[90m 60 |[39m     tracker[33m.[39mdestroy()[33m;[39m[22m
[2m     [90m    |[39m             [31m[1m^[22m[2m[39m[22m
[2m     [90m 61 |[39m   })[33m;[39m[22m
[2m     [90m 62 |[39m[22m
[2m     [90m 63 |[39m   afterAll(() [33m=>[39m {[0m[22m
[2m[22m
[2m      [2mat Object.<anonymous> ([22m[2m[0m[36mtests/unit/lib/errors/error-tracker.test.ts[39m[0m[2m:60:13)[22m[2m[22m

[1m[31m  [1m● [22m[1mErrorTracker › Batch operations › should handle mixed error types in batch[39m[22m

    TypeError: (0 , test_env_1.resetTestEnvironment) is not a function
[2m[22m
[2m    [0m [90m 35 |[39m   beforeEach(() [33m=>[39m {[22m
[2m     [90m 36 |[39m     [90m// Reset environment to ensure clean state[39m[22m
[2m    [31m[1m>[22m[2m[39m[90m 37 |[39m     resetTestEnvironment()[33m;[39m[22m
[2m     [90m    |[39m                         [31m[1m^[22m[2m[39m[22m
[2m     [90m 38 |[39m     [22m
[2m     [90m 39 |[39m     [90m// Clear singleton instance[39m[22m
[2m     [90m 40 |[39m     ([33mErrorTracker[39m [36mas[39m any)[33m.[39minstance [33m=[39m undefined[33m;[39m[0m[22m
[2m[22m
[2m      [2mat Object.<anonymous> ([22m[2m[0m[36mtests/unit/lib/errors/error-tracker.test.ts[39m[0m[2m:37:25)[22m[2m[22m

[1m[31m  [1m● [22m[1mErrorTracker › Batch operations › should handle mixed error types in batch[39m[22m

    TypeError: Cannot read properties of undefined (reading 'destroy')
[2m[22m
[2m    [0m [90m 58 |[39m[22m
[2m     [90m 59 |[39m   afterEach(() [33m=>[39m {[22m
[2m    [31m[1m>[22m[2m[39m[90m 60 |[39m     tracker[33m.[39mdestroy()[33m;[39m[22m
[2m     [90m    |[39m             [31m[1m^[22m[2m[39m[22m
[2m     [90m 61 |[39m   })[33m;[39m[22m
[2m     [90m 62 |[39m[22m
[2m     [90m 63 |[39m   afterAll(() [33m=>[39m {[0m[22m
[2m[22m
[2m      [2mat Object.<anonymous> ([22m[2m[0m[36mtests/unit/lib/errors/error-tracker.test.ts[39m[0m[2m:60:13)[22m[2m[22m

[1m[31m  [1m● [22m[1mErrorTracker › Error deduplication › should track duplicate errors separately[39m[22m

    TypeError: (0 , test_env_1.resetTestEnvironment) is not a function
[2m[22m
[2m    [0m [90m 35 |[39m   beforeEach(() [33m=>[39m {[22m
[2m     [90m 36 |[39m     [90m// Reset environment to ensure clean state[39m[22m
[2m    [31m[1m>[22m[2m[39m[90m 37 |[39m     resetTestEnvironment()[33m;[39m[22m
[2m     [90m    |[39m                         [31m[1m^[22m[2m[39m[22m
[2m     [90m 38 |[39m     [22m
[2m     [90m 39 |[39m     [90m// Clear singleton instance[39m[22m
[2m     [90m 40 |[39m     ([33mErrorTracker[39m [36mas[39m any)[33m.[39minstance [33m=[39m undefined[33m;[39m[0m[22m
[2m[22m
[2m      [2mat Object.<anonymous> ([22m[2m[0m[36mtests/unit/lib/errors/error-tracker.test.ts[39m[0m[2m:37:25)[22m[2m[22m

[1m[31m  [1m● [22m[1mErrorTracker › Error deduplication › should track duplicate errors separately[39m[22m

    TypeError: Cannot read properties of undefined (reading 'destroy')
[2m[22m
[2m    [0m [90m 58 |[39m[22m
[2m     [90m 59 |[39m   afterEach(() [33m=>[39m {[22m
[2m    [31m[1m>[22m[2m[39m[90m 60 |[39m     tracker[33m.[39mdestroy()[33m;[39m[22m
[2m     [90m    |[39m             [31m[1m^[22m[2m[39m[22m
[2m     [90m 61 |[39m   })[33m;[39m[22m
[2m     [90m 62 |[39m[22m
[2m     [90m 63 |[39m   afterAll(() [33m=>[39m {[0m[22m
[2m[22m
[2m      [2mat Object.<anonymous> ([22m[2m[0m[36mtests/unit/lib/errors/error-tracker.test.ts[39m[0m[2m:60:13)[22m[2m[22m

[1m[31m  [1m● [22m[1mErrorTracker › Error deduplication › should maintain separate contexts for duplicate errors[39m[22m

    TypeError: (0 , test_env_1.resetTestEnvironment) is not a function
[2m[22m
[2m    [0m [90m 35 |[39m   beforeEach(() [33m=>[39m {[22m
[2m     [90m 36 |[39m     [90m// Reset environment to ensure clean state[39m[22m
[2m    [31m[1m>[22m[2m[39m[90m 37 |[39m     resetTestEnvironment()[33m;[39m[22m
[2m     [90m    |[39m                         [31m[1m^[22m[2m[39m[22m
[2m     [90m 38 |[39m     [22m
[2m     [90m 39 |[39m     [90m// Clear singleton instance[39m[22m
[2m     [90m 40 |[39m     ([33mErrorTracker[39m [36mas[39m any)[33m.[39minstance [33m=[39m undefined[33m;[39m[0m[22m
[2m[22m
[2m      [2mat Object.<anonymous> ([22m[2m[0m[36mtests/unit/lib/errors/error-tracker.test.ts[39m[0m[2m:37:25)[22m[2m[22m

[1m[31m  [1m● [22m[1mErrorTracker › Error deduplication › should maintain separate contexts for duplicate errors[39m[22m

    TypeError: Cannot read properties of undefined (reading 'destroy')
[2m[22m
[2m    [0m [90m 58 |[39m[22m
[2m     [90m 59 |[39m   afterEach(() [33m=>[39m {[22m
[2m    [31m[1m>[22m[2m[39m[90m 60 |[39m     tracker[33m.[39mdestroy()[33m;[39m[22m
[2m     [90m    |[39m             [31m[1m^[22m[2m[39m[22m
[2m     [90m 61 |[39m   })[33m;[39m[22m
[2m     [90m 62 |[39m[22m
[2m     [90m 63 |[39m   afterAll(() [33m=>[39m {[0m[22m
[2m[22m
[2m      [2mat Object.<anonymous> ([22m[2m[0m[36mtests/unit/lib/errors/error-tracker.test.ts[39m[0m[2m:60:13)[22m[2m[22m

[1m[31m  [1m● [22m[1mErrorTracker › Memory management › should handle buffer overflow gracefully[39m[22m

    TypeError: (0 , test_env_1.resetTestEnvironment) is not a function
[2m[22m
[2m    [0m [90m 35 |[39m   beforeEach(() [33m=>[39m {[22m
[2m     [90m 36 |[39m     [90m// Reset environment to ensure clean state[39m[22m
[2m    [31m[1m>[22m[2m[39m[90m 37 |[39m     resetTestEnvironment()[33m;[39m[22m
[2m     [90m    |[39m                         [31m[1m^[22m[2m[39m[22m
[2m     [90m 38 |[39m     [22m
[2m     [90m 39 |[39m     [90m// Clear singleton instance[39m[22m
[2m     [90m 40 |[39m     ([33mErrorTracker[39m [36mas[39m any)[33m.[39minstance [33m=[39m undefined[33m;[39m[0m[22m
[2m[22m
[2m      [2mat Object.<anonymous> ([22m[2m[0m[36mtests/unit/lib/errors/error-tracker.test.ts[39m[0m[2m:37:25)[22m[2m[22m

[1m[31m  [1m● [22m[1mErrorTracker › Memory management › should handle buffer overflow gracefully[39m[22m

    TypeError: Cannot read properties of undefined (reading 'destroy')
[2m[22m
[2m    [0m [90m 58 |[39m[22m
[2m     [90m 59 |[39m   afterEach(() [33m=>[39m {[22m
[2m    [31m[1m>[22m[2m[39m[90m 60 |[39m     tracker[33m.[39mdestroy()[33m;[39m[22m
[2m     [90m    |[39m             [31m[1m^[22m[2m[39m[22m
[2m     [90m 61 |[39m   })[33m;[39m[22m
[2m     [90m 62 |[39m[22m
[2m     [90m 63 |[39m   afterAll(() [33m=>[39m {[0m[22m
[2m[22m
[2m      [2mat Object.<anonymous> ([22m[2m[0m[36mtests/unit/lib/errors/error-tracker.test.ts[39m[0m[2m:60:13)[22m[2m[22m

[1m[31m  [1m● [22m[1mErrorTracker › Memory management › should clear buffer properly[39m[22m

    TypeError: (0 , test_env_1.resetTestEnvironment) is not a function
[2m[22m
[2m    [0m [90m 35 |[39m   beforeEach(() [33m=>[39m {[22m
[2m     [90m 36 |[39m     [90m// Reset environment to ensure clean state[39m[22m
[2m    [31m[1m>[22m[2m[39m[90m 37 |[39m     resetTestEnvironment()[33m;[39m[22m
[2m     [90m    |[39m                         [31m[1m^[22m[2m[39m[22m
[2m     [90m 38 |[39m     [22m
[2m     [90m 39 |[39m     [90m// Clear singleton instance[39m[22m
[2m     [90m 40 |[39m     ([33mErrorTracker[39m [36mas[39m any)[33m.[39minstance [33m=[39m undefined[33m;[39m[0m[22m
[2m[22m
[2m      [2mat Object.<anonymous> ([22m[2m[0m[36mtests/unit/lib/errors/error-tracker.test.ts[39m[0m[2m:37:25)[22m[2m[22m

[1m[31m  [1m● [22m[1mErrorTracker › Memory management › should clear buffer properly[39m[22m

    TypeError: Cannot read properties of undefined (reading 'destroy')
[2m[22m
[2m    [0m [90m 58 |[39m[22m
[2m     [90m 59 |[39m   afterEach(() [33m=>[39m {[22m
[2m    [31m[1m>[22m[2m[39m[90m 60 |[39m     tracker[33m.[39mdestroy()[33m;[39m[22m
[2m     [90m    |[39m             [31m[1m^[22m[2m[39m[22m
[2m     [90m 61 |[39m   })[33m;[39m[22m
[2m     [90m 62 |[39m[22m
[2m     [90m 63 |[39m   afterAll(() [33m=>[39m {[0m[22m
[2m[22m
[2m      [2mat Object.<anonymous> ([22m[2m[0m[36mtests/unit/lib/errors/error-tracker.test.ts[39m[0m[2m:60:13)[22m[2m[22m

[1m[31m  [1m● [22m[1mErrorTracker › Production mode behavior › should not log to console in production[39m[22m

    TypeError: (0 , test_env_1.resetTestEnvironment) is not a function
[2m[22m
[2m    [0m [90m 35 |[39m   beforeEach(() [33m=>[39m {[22m
[2m     [90m 36 |[39m     [90m// Reset environment to ensure clean state[39m[22m
[2m    [31m[1m>[22m[2m[39m[90m 37 |[39m     resetTestEnvironment()[33m;[39m[22m
[2m     [90m    |[39m                         [31m[1m^[22m[2m[39m[22m
[2m     [90m 38 |[39m     [22m
[2m     [90m 39 |[39m     [90m// Clear singleton instance[39m[22m
[2m     [90m 40 |[39m     ([33mErrorTracker[39m [36mas[39m any)[33m.[39minstance [33m=[39m undefined[33m;[39m[0m[22m
[2m[22m
[2m      [2mat Object.<anonymous> ([22m[2m[0m[36mtests/unit/lib/errors/error-tracker.test.ts[39m[0m[2m:37:25)[22m[2m[22m

[1m[31m  [1m● [22m[1mErrorTracker › Production mode behavior › should not log to console in production[39m[22m

    TypeError: Cannot read properties of undefined (reading 'destroy')
[2m[22m
[2m    [0m [90m 58 |[39m[22m
[2m     [90m 59 |[39m   afterEach(() [33m=>[39m {[22m
[2m    [31m[1m>[22m[2m[39m[90m 60 |[39m     tracker[33m.[39mdestroy()[33m;[39m[22m
[2m     [90m    |[39m             [31m[1m^[22m[2m[39m[22m
[2m     [90m 61 |[39m   })[33m;[39m[22m
[2m     [90m 62 |[39m[22m
[2m     [90m 63 |[39m   afterAll(() [33m=>[39m {[0m[22m
[2m[22m
[2m      [2mat Object.<anonymous> ([22m[2m[0m[36mtests/unit/lib/errors/error-tracker.test.ts[39m[0m[2m:60:13)[22m[2m[22m

[1m[31m  [1m● [22m[1mErrorTracker › Production mode behavior › should attempt Sentry integration in production[39m[22m

    TypeError: (0 , test_env_1.resetTestEnvironment) is not a function
[2m[22m
[2m    [0m [90m 35 |[39m   beforeEach(() [33m=>[39m {[22m
[2m     [90m 36 |[39m     [90m// Reset environment to ensure clean state[39m[22m
[2m    [31m[1m>[22m[2m[39m[90m 37 |[39m     resetTestEnvironment()[33m;[39m[22m
[2m     [90m    |[39m                         [31m[1m^[22m[2m[39m[22m
[2m     [90m 38 |[39m     [22m
[2m     [90m 39 |[39m     [90m// Clear singleton instance[39m[22m
[2m     [90m 40 |[39m     ([33mErrorTracker[39m [36mas[39m any)[33m.[39minstance [33m=[39m undefined[33m;[39m[0m[22m
[2m[22m
[2m      [2mat Object.<anonymous> ([22m[2m[0m[36mtests/unit/lib/errors/error-tracker.test.ts[39m[0m[2m:37:25)[22m[2m[22m

[1m[31m  [1m● [22m[1mErrorTracker › Production mode behavior › should attempt Sentry integration in production[39m[22m

    TypeError: Cannot read properties of undefined (reading 'destroy')
[2m[22m
[2m    [0m [90m 58 |[39m[22m
[2m     [90m 59 |[39m   afterEach(() [33m=>[39m {[22m
[2m    [31m[1m>[22m[2m[39m[90m 60 |[39m     tracker[33m.[39mdestroy()[33m;[39m[22m
[2m     [90m    |[39m             [31m[1m^[22m[2m[39m[22m
[2m     [90m 61 |[39m   })[33m;[39m[22m
[2m     [90m 62 |[39m[22m
[2m     [90m 63 |[39m   afterAll(() [33m=>[39m {[0m[22m
[2m[22m
[2m      [2mat Object.<anonymous> ([22m[2m[0m[36mtests/unit/lib/errors/error-tracker.test.ts[39m[0m[2m:60:13)[22m[2m[22m

[1m[31m  [1m● [22m[1mErrorTracker › destroy › should flush remaining errors on destroy[39m[22m

    TypeError: (0 , test_env_1.resetTestEnvironment) is not a function
[2m[22m
[2m    [0m [90m 35 |[39m   beforeEach(() [33m=>[39m {[22m
[2m     [90m 36 |[39m     [90m// Reset environment to ensure clean state[39m[22m
[2m    [31m[1m>[22m[2m[39m[90m 37 |[39m     resetTestEnvironment()[33m;[39m[22m
[2m     [90m    |[39m                         [31m[1m^[22m[2m[39m[22m
[2m     [90m 38 |[39m     [22m
[2m     [90m 39 |[39m     [90m// Clear singleton instance[39m[22m
[2m     [90m 40 |[39m     ([33mErrorTracker[39m [36mas[39m any)[33m.[39minstance [33m=[39m undefined[33m;[39m[0m[22m
[2m[22m
[2m      [2mat Object.<anonymous> ([22m[2m[0m[36mtests/unit/lib/errors/error-tracker.test.ts[39m[0m[2m:37:25)[22m[2m[22m

[1m[31m  [1m● [22m[1mErrorTracker › destroy › should flush remaining errors on destroy[39m[22m

    TypeError: Cannot read properties of undefined (reading 'destroy')
[2m[22m
[2m    [0m [90m 58 |[39m[22m
[2m     [90m 59 |[39m   afterEach(() [33m=>[39m {[22m
[2m    [31m[1m>[22m[2m[39m[90m 60 |[39m     tracker[33m.[39mdestroy()[33m;[39m[22m
[2m     [90m    |[39m             [31m[1m^[22m[2m[39m[22m
[2m     [90m 61 |[39m   })[33m;[39m[22m
[2m     [90m 62 |[39m[22m
[2m     [90m 63 |[39m   afterAll(() [33m=>[39m {[0m[22m
[2m[22m
[2m      [2mat Object.<anonymous> ([22m[2m[0m[36mtests/unit/lib/errors/error-tracker.test.ts[39m[0m[2m:60:13)[22m[2m[22m

[1m[31m  [1m● [22m[1mErrorTracker › Helper functions › should track exception using global function[39m[22m

    TypeError: (0 , test_env_1.resetTestEnvironment) is not a function
[2m[22m
[2m    [0m [90m 35 |[39m   beforeEach(() [33m=>[39m {[22m
[2m     [90m 36 |[39m     [90m// Reset environment to ensure clean state[39m[22m
[2m    [31m[1m>[22m[2m[39m[90m 37 |[39m     resetTestEnvironment()[33m;[39m[22m
[2m     [90m    |[39m                         [31m[1m^[22m[2m[39m[22m
[2m     [90m 38 |[39m     [22m
[2m     [90m 39 |[39m     [90m// Clear singleton instance[39m[22m
[2m     [90m 40 |[39m     ([33mErrorTracker[39m [36mas[39m any)[33m.[39minstance [33m=[39m undefined[33m;[39m[0m[22m
[2m[22m
[2m      [2mat Object.<anonymous> ([22m[2m[0m[36mtests/unit/lib/errors/error-tracker.test.ts[39m[0m[2m:37:25)[22m[2m[22m

[1m[31m  [1m● [22m[1mErrorTracker › Helper functions › should track exception using global function[39m[22m

    TypeError: Cannot read properties of undefined (reading 'destroy')
[2m[22m
[2m    [0m [90m 58 |[39m[22m
[2m     [90m 59 |[39m   afterEach(() [33m=>[39m {[22m
[2m    [31m[1m>[22m[2m[39m[90m 60 |[39m     tracker[33m.[39mdestroy()[33m;[39m[22m
[2m     [90m    |[39m             [31m[1m^[22m[2m[39m[22m
[2m     [90m 61 |[39m   })[33m;[39m[22m
[2m     [90m 62 |[39m[22m
[2m     [90m 63 |[39m   afterAll(() [33m=>[39m {[0m[22m
[2m[22m
[2m      [2mat Object.<anonymous> ([22m[2m[0m[36mtests/unit/lib/errors/error-tracker.test.ts[39m[0m[2m:60:13)[22m[2m[22m

[1m[31m  [1m● [22m[1mErrorTracker › Helper functions › should track agent error with agent name[39m[22m

    TypeError: (0 , test_env_1.resetTestEnvironment) is not a function
[2m[22m
[2m    [0m [90m 35 |[39m   beforeEach(() [33m=>[39m {[22m
[2m     [90m 36 |[39m     [90m// Reset environment to ensure clean state[39m[22m
[2m    [31m[1m>[22m[2m[39m[90m 37 |[39m     resetTestEnvironment()[33m;[39m[22m
[2m     [90m    |[39m                         [31m[1m^[22m[2m[39m[22m
[2m     [90m 38 |[39m     [22m
[2m     [90m 39 |[39m     [90m// Clear singleton instance[39m[22m
[2m     [90m 40 |[39m     ([33mErrorTracker[39m [36mas[39m any)[33m.[39minstance [33m=[39m undefined[33m;[39m[0m[22m
[2m[22m
[2m      [2mat Object.<anonymous> ([22m[2m[0m[36mtests/unit/lib/errors/error-tracker.test.ts[39m[0m[2m:37:25)[22m[2m[22m

[1m[31m  [1m● [22m[1mErrorTracker › Helper functions › should track agent error with agent name[39m[22m

    TypeError: Cannot read properties of undefined (reading 'destroy')
[2m[22m
[2m    [0m [90m 58 |[39m[22m
[2m     [90m 59 |[39m   afterEach(() [33m=>[39m {[22m
[2m    [31m[1m>[22m[2m[39m[90m 60 |[39m     tracker[33m.[39mdestroy()[33m;[39m[22m
[2m     [90m    |[39m             [31m[1m^[22m[2m[39m[22m
[2m     [90m 61 |[39m   })[33m;[39m[22m
[2m     [90m 62 |[39m[22m
[2m     [90m 63 |[39m   afterAll(() [33m=>[39m {[0m[22m
[2m[22m
[2m      [2mat Object.<anonymous> ([22m[2m[0m[36mtests/unit/lib/errors/error-tracker.test.ts[39m[0m[2m:60:13)[22m[2m[22m

[1m[31m  [1m● [22m[1mErrorTracker › Helper functions › should track tool error with tool name[39m[22m

    TypeError: (0 , test_env_1.resetTestEnvironment) is not a function
[2m[22m
[2m    [0m [90m 35 |[39m   beforeEach(() [33m=>[39m {[22m
[2m     [90m 36 |[39m     [90m// Reset environment to ensure clean state[39m[22m
[2m    [31m[1m>[22m[2m[39m[90m 37 |[39m     resetTestEnvironment()[33m;[39m[22m
[2m     [90m    |[39m                         [31m[1m^[22m[2m[39m[22m
[2m     [90m 38 |[39m     [22m
[2m     [90m 39 |[39m     [90m// Clear singleton instance[39m[22m
[2m     [90m 40 |[39m     ([33mErrorTracker[39m [36mas[39m any)[33m.[39minstance [33m=[39m undefined[33m;[39m[0m[22m
[2m[22m
[2m      [2mat Object.<anonymous> ([22m[2m[0m[36mtests/unit/lib/errors/error-tracker.test.ts[39m[0m[2m:37:25)[22m[2m[22m

[1m[31m  [1m● [22m[1mErrorTracker › Helper functions › should track tool error with tool name[39m[22m

    TypeError: Cannot read properties of undefined (reading 'destroy')
[2m[22m
[2m    [0m [90m 58 |[39m[22m
[2m     [90m 59 |[39m   afterEach(() [33m=>[39m {[22m
[2m    [31m[1m>[22m[2m[39m[90m 60 |[39m     tracker[33m.[39mdestroy()[33m;[39m[22m
[2m     [90m    |[39m             [31m[1m^[22m[2m[39m[22m
[2m     [90m 61 |[39m   })[33m;[39m[22m
[2m     [90m 62 |[39m[22m
[2m     [90m 63 |[39m   afterAll(() [33m=>[39m {[0m[22m
[2m[22m
[2m      [2mat Object.<anonymous> ([22m[2m[0m[36mtests/unit/lib/errors/error-tracker.test.ts[39m[0m[2m:60:13)[22m[2m[22m

[1m[31m  [1m● [22m[1mErrorTracker › Helper functions › should track API error with endpoint and status[39m[22m

    TypeError: (0 , test_env_1.resetTestEnvironment) is not a function
[2m[22m
[2m    [0m [90m 35 |[39m   beforeEach(() [33m=>[39m {[22m
[2m     [90m 36 |[39m     [90m// Reset environment to ensure clean state[39m[22m
[2m    [31m[1m>[22m[2m[39m[90m 37 |[39m     resetTestEnvironment()[33m;[39m[22m
[2m     [90m    |[39m                         [31m[1m^[22m[2m[39m[22m
[2m     [90m 38 |[39m     [22m
[2m     [90m 39 |[39m     [90m// Clear singleton instance[39m[22m
[2m     [90m 40 |[39m     ([33mErrorTracker[39m [36mas[39m any)[33m.[39minstance [33m=[39m undefined[33m;[39m[0m[22m
[2m[22m
[2m      [2mat Object.<anonymous> ([22m[2m[0m[36mtests/unit/lib/errors/error-tracker.test.ts[39m[0m[2m:37:25)[22m[2m[22m

[1m[31m  [1m● [22m[1mErrorTracker › Helper functions › should track API error with endpoint and status[39m[22m

    TypeError: Cannot read properties of undefined (reading 'destroy')
[2m[22m
[2m    [0m [90m 58 |[39m[22m
[2m     [90m 59 |[39m   afterEach(() [33m=>[39m {[22m
[2m    [31m[1m>[22m[2m[39m[90m 60 |[39m     tracker[33m.[39mdestroy()[33m;[39m[22m
[2m     [90m    |[39m             [31m[1m^[22m[2m[39m[22m
[2m     [90m 61 |[39m   })[33m;[39m[22m
[2m     [90m 62 |[39m[22m
[2m     [90m 63 |[39m   afterAll(() [33m=>[39m {[0m[22m
[2m[22m
[2m      [2mat Object.<anonymous> ([22m[2m[0m[36mtests/unit/lib/errors/error-tracker.test.ts[39m[0m[2m:60:13)[22m[2m[22m

[1m[31m  [1m● [22m[1mErrorTracker › Concurrent error tracking › should handle concurrent error tracking safely[39m[22m

    TypeError: (0 , test_env_1.resetTestEnvironment) is not a function
[2m[22m
[2m    [0m [90m 35 |[39m   beforeEach(() [33m=>[39m {[22m
[2m     [90m 36 |[39m     [90m// Reset environment to ensure clean state[39m[22m
[2m    [31m[1m>[22m[2m[39m[90m 37 |[39m     resetTestEnvironment()[33m;[39m[22m
[2m     [90m    |[39m                         [31m[1m^[22m[2m[39m[22m
[2m     [90m 38 |[39m     [22m
[2m     [90m 39 |[39m     [90m// Clear singleton instance[39m[22m
[2m     [90m 40 |[39m     ([33mErrorTracker[39m [36mas[39m any)[33m.[39minstance [33m=[39m undefined[33m;[39m[0m[22m
[2m[22m
[2m      [2mat Object.<anonymous> ([22m[2m[0m[36mtests/unit/lib/errors/error-tracker.test.ts[39m[0m[2m:37:25)[22m[2m[22m

[1m[31m  [1m● [22m[1mErrorTracker › Concurrent error tracking › should handle concurrent error tracking safely[39m[22m

    TypeError: Cannot read properties of undefined (reading 'destroy')
[2m[22m
[2m    [0m [90m 58 |[39m[22m
[2m     [90m 59 |[39m   afterEach(() [33m=>[39m {[22m
[2m    [31m[1m>[22m[2m[39m[90m 60 |[39m     tracker[33m.[39mdestroy()[33m;[39m[22m
[2m     [90m    |[39m             [31m[1m^[22m[2m[39m[22m
[2m     [90m 61 |[39m   })[33m;[39m[22m
[2m     [90m 62 |[39m[22m
[2m     [90m 63 |[39m   afterAll(() [33m=>[39m {[0m[22m
[2m[22m
[2m      [2mat Object.<anonymous> ([22m[2m[0m[36mtests/unit/lib/errors/error-tracker.test.ts[39m[0m[2m:60:13)[22m[2m[22m

[1m[31m  [1m● [22m[1mErrorTracker › Concurrent error tracking › should maintain error order in concurrent scenarios[39m[22m

    TypeError: (0 , test_env_1.resetTestEnvironment) is not a function
[2m[22m
[2m    [0m [90m 35 |[39m   beforeEach(() [33m=>[39m {[22m
[2m     [90m 36 |[39m     [90m// Reset environment to ensure clean state[39m[22m
[2m    [31m[1m>[22m[2m[39m[90m 37 |[39m     resetTestEnvironment()[33m;[39m[22m
[2m     [90m    |[39m                         [31m[1m^[22m[2m[39m[22m
[2m     [90m 38 |[39m     [22m
[2m     [90m 39 |[39m     [90m// Clear singleton instance[39m[22m
[2m     [90m 40 |[39m     ([33mErrorTracker[39m [36mas[39m any)[33m.[39minstance [33m=[39m undefined[33m;[39m[0m[22m
[2m[22m
[2m      [2mat Object.<anonymous> ([22m[2m[0m[36mtests/unit/lib/errors/error-tracker.test.ts[39m[0m[2m:37:25)[22m[2m[22m

[1m[31m  [1m● [22m[1mErrorTracker › Concurrent error tracking › should maintain error order in concurrent scenarios[39m[22m

    TypeError: Cannot read properties of undefined (reading 'destroy')
[2m[22m
[2m    [0m [90m 58 |[39m[22m
[2m     [90m 59 |[39m   afterEach(() [33m=>[39m {[22m
[2m    [31m[1m>[22m[2m[39m[90m 60 |[39m     tracker[33m.[39mdestroy()[33m;[39m[22m
[2m     [90m    |[39m             [31m[1m^[22m[2m[39m[22m
[2m     [90m 61 |[39m   })[33m;[39m[22m
[2m     [90m 62 |[39m[22m
[2m     [90m 63 |[39m   afterAll(() [33m=>[39m {[0m[22m
[2m[22m
[2m      [2mat Object.<anonymous> ([22m[2m[0m[36mtests/unit/lib/errors/error-tracker.test.ts[39m[0m[2m:60:13)[22m[2m[22m

[1m[31m  [1m● [22m[1mErrorTracker › Error recovery and resilience › should continue tracking after logger failure[39m[22m

    TypeError: (0 , test_env_1.resetTestEnvironment) is not a function
[2m[22m
[2m    [0m [90m 35 |[39m   beforeEach(() [33m=>[39m {[22m
[2m     [90m 36 |[39m     [90m// Reset environment to ensure clean state[39m[22m
[2m    [31m[1m>[22m[2m[39m[90m 37 |[39m     resetTestEnvironment()[33m;[39m[22m
[2m     [90m    |[39m                         [31m[1m^[22m[2m[39m[22m
[2m     [90m 38 |[39m     [22m
[2m     [90m 39 |[39m     [90m// Clear singleton instance[39m[22m
[2m     [90m 40 |[39m     ([33mErrorTracker[39m [36mas[39m any)[33m.[39minstance [33m=[39m undefined[33m;[39m[0m[22m
[2m[22m
[2m      [2mat Object.<anonymous> ([22m[2m[0m[36mtests/unit/lib/errors/error-tracker.test.ts[39m[0m[2m:37:25)[22m[2m[22m

[1m[31m  [1m● [22m[1mErrorTracker › Error recovery and resilience › should continue tracking after logger failure[39m[22m

    TypeError: Cannot read properties of undefined (reading 'destroy')
[2m[22m
[2m    [0m [90m 58 |[39m[22m
[2m     [90m 59 |[39m   afterEach(() [33m=>[39m {[22m
[2m    [31m[1m>[22m[2m[39m[90m 60 |[39m     tracker[33m.[39mdestroy()[33m;[39m[22m
[2m     [90m    |[39m             [31m[1m^[22m[2m[39m[22m
[2m     [90m 61 |[39m   })[33m;[39m[22m
[2m     [90m 62 |[39m[22m
[2m     [90m 63 |[39m   afterAll(() [33m=>[39m {[0m[22m
[2m[22m
[2m      [2mat Object.<anonymous> ([22m[2m[0m[36mtests/unit/lib/errors/error-tracker.test.ts[39m[0m[2m:60:13)[22m[2m[22m

[1m[31m  [1m● [22m[1mErrorTracker › Error recovery and resilience › should handle malformed error objects[39m[22m

    TypeError: (0 , test_env_1.resetTestEnvironment) is not a function
[2m[22m
[2m    [0m [90m 35 |[39m   beforeEach(() [33m=>[39m {[22m
[2m     [90m 36 |[39m     [90m// Reset environment to ensure clean state[39m[22m
[2m    [31m[1m>[22m[2m[39m[90m 37 |[39m     resetTestEnvironment()[33m;[39m[22m
[2m     [90m    |[39m                         [31m[1m^[22m[2m[39m[22m
[2m     [90m 38 |[39m     [22m
[2m     [90m 39 |[39m     [90m// Clear singleton instance[39m[22m
[2m     [90m 40 |[39m     ([33mErrorTracker[39m [36mas[39m any)[33m.[39minstance [33m=[39m undefined[33m;[39m[0m[22m
[2m[22m
[2m      [2mat Object.<anonymous> ([22m[2m[0m[36mtests/unit/lib/errors/error-tracker.test.ts[39m[0m[2m:37:25)[22m[2m[22m

[1m[31m  [1m● [22m[1mErrorTracker › Error recovery and resilience › should handle malformed error objects[39m[22m

    TypeError: Cannot read properties of undefined (reading 'destroy')
[2m[22m
[2m    [0m [90m 58 |[39m[22m
[2m     [90m 59 |[39m   afterEach(() [33m=>[39m {[22m
[2m    [31m[1m>[22m[2m[39m[90m 60 |[39m     tracker[33m.[39mdestroy()[33m;[39m[22m
[2m     [90m    |[39m             [31m[1m^[22m[2m[39m[22m
[2m     [90m 61 |[39m   })[33m;[39m[22m
[2m     [90m 62 |[39m[22m
[2m     [90m 63 |[39m   afterAll(() [33m=>[39m {[0m[22m
[2m[22m
[2m      [2mat Object.<anonymous> ([22m[2m[0m[36mtests/unit/lib/errors/error-tracker.test.ts[39m[0m[2m:60:13)[22m[2m[22m


  [1m● [22mTest suite failed to run

    TypeError: (0 , test_env_1.resetTestEnvironment) is not a function

    [0m [90m 63 |[39m   afterAll(() [33m=>[39m {
     [90m 64 |[39m     [90m// Reset environment to clean state[39m
    [31m[1m>[22m[39m[90m 65 |[39m     resetTestEnvironment()[33m;[39m
     [90m    |[39m                         [31m[1m^[22m[39m
     [90m 66 |[39m   })[33m;[39m
     [90m 67 |[39m
     [90m 68 |[39m   describe([32m'getInstance'[39m[33m,[39m () [33m=>[39m {[0m

      [2mat Object.<anonymous> ([22mtests/unit/lib/errors/error-tracker.test.ts[2m:65:25)[22m

[0m[7m[1m[31m FAIL [39m[22m[27m[0m [2mtests/unit/lib/storage/[22m[1mchart-persistence.test.ts[22m
[1m[31m  [1m● [22m[1mChartPersistenceManager › saveDrawings › saves valid drawings to localStorage[39m[22m

    [2mexpect([22m[31mjest.fn()[39m[2m).[22mtoHaveBeenCalledWith[2m([22m[32m...expected[39m[2m)[22m

    Expected: [32m"cryptrade_chart_drawings"[39m, [32mAny<String>[39m

    Number of calls: [31m0[39m
[2m[22m
[2m    [0m [90m 101 |[39m       [33mChartPersistenceManager[39m[33m.[39msaveDrawings(drawings)[33m;[39m[22m
[2m     [90m 102 |[39m       [22m
[2m    [31m[1m>[22m[2m[39m[90m 103 |[39m       expect(localStorageMock[33m.[39msetItem)[33m.[39mtoHaveBeenCalledWith([22m
[2m     [90m     |[39m                                        [31m[1m^[22m[2m[39m[22m
[2m     [90m 104 |[39m         [32m'cryptrade_chart_drawings'[39m[33m,[39m[22m
[2m     [90m 105 |[39m         expect[33m.[39many([33mString[39m)[22m
[2m     [90m 106 |[39m       )[33m;[39m[0m[22m
[2m[22m
[2m      [2mat Object.<anonymous> ([22m[2m[0m[36mtests/unit/lib/storage/chart-persistence.test.ts[39m[0m[2m:103:40)[22m[2m[22m

[1m[31m  [1m● [22m[1mChartPersistenceManager › saveDrawings › handles empty array[39m[22m

    [2mexpect([22m[31mjest.fn()[39m[2m).[22mtoHaveBeenCalledWith[2m([22m[32m...expected[39m[2m)[22m

    Expected: [32m"cryptrade_chart_drawings"[39m, [32m"[]"[39m

    Number of calls: [31m0[39m
[2m[22m
[2m    [0m [90m 137 |[39m       [33mChartPersistenceManager[39m[33m.[39msaveDrawings([])[33m;[39m[22m
[2m     [90m 138 |[39m       [22m
[2m    [31m[1m>[22m[2m[39m[90m 139 |[39m       expect(localStorageMock[33m.[39msetItem)[33m.[39mtoHaveBeenCalledWith([22m
[2m     [90m     |[39m                                        [31m[1m^[22m[2m[39m[22m
[2m     [90m 140 |[39m         [32m'cryptrade_chart_drawings'[39m[33m,[39m[22m
[2m     [90m 141 |[39m         [32m'[]'[39m[22m
[2m     [90m 142 |[39m       )[33m;[39m[0m[22m
[2m[22m
[2m      [2mat Object.<anonymous> ([22m[2m[0m[36mtests/unit/lib/storage/chart-persistence.test.ts[39m[0m[2m:139:40)[22m[2m[22m

[1m[31m  [1m● [22m[1mChartPersistenceManager › saveDrawings › handles localStorage errors gracefully[39m[22m

    [2mexpect([22m[31mjest.fn()[39m[2m).[22mtoHaveBeenCalledWith[2m([22m[32m...expected[39m[2m)[22m

    Expected: [32m"[ChartPersistence] Failed to save drawings"[39m, [32mObjectContaining {"error": Any<Error>}[39m

    Number of calls: [31m0[39m
[2m[22m
[2m    [0m [90m 155 |[39m       [33mChartPersistenceManager[39m[33m.[39msaveDrawings([validDrawing])[33m;[39m[22m
[2m     [90m 156 |[39m       [22m
[2m    [31m[1m>[22m[2m[39m[90m 157 |[39m       expect(logger[33m.[39merror)[33m.[39mtoHaveBeenCalledWith([22m
[2m     [90m     |[39m                            [31m[1m^[22m[2m[39m[22m
[2m     [90m 158 |[39m         [32m'[ChartPersistence] Failed to save drawings'[39m[33m,[39m[22m
[2m     [90m 159 |[39m         expect[33m.[39mobjectContaining({ error[33m:[39m expect[33m.[39many([33mError[39m) })[22m
[2m     [90m 160 |[39m       )[33m;[39m[0m[22m
[2m[22m
[2m      [2mat Object.<anonymous> ([22m[2m[0m[36mtests/unit/lib/storage/chart-persistence.test.ts[39m[0m[2m:157:28)[22m[2m[22m

[1m[31m  [1m● [22m[1mChartPersistenceManager › loadDrawings › loads valid drawings from localStorage[39m[22m

    QuotaExceededError
[2m[22m
[2m    [0m [90m 150 |[39m     it([32m'handles localStorage errors gracefully'[39m[33m,[39m [36masync[39m () [33m=>[39m {[22m
[2m     [90m 151 |[39m       localStorageMock[33m.[39msetItem[33m.[39mmockImplementationOnce(() [33m=>[39m {[22m
[2m    [31m[1m>[22m[2m[39m[90m 152 |[39m         [36mthrow[39m [36mnew[39m [33mError[39m([32m'QuotaExceededError'[39m)[33m;[39m[22m
[2m     [90m     |[39m               [31m[1m^[22m[2m[39m[22m
[2m     [90m 153 |[39m       })[33m;[39m[22m
[2m     [90m 154 |[39m       [22m
[2m     [90m 155 |[39m       [33mChartPersistenceManager[39m[33m.[39msaveDrawings([validDrawing])[33m;[39m[0m[22m
[2m[22m
[2m      [2mat Object.<anonymous> ([22m[2m[0m[36mtests/unit/lib/storage/chart-persistence.test.ts[39m[0m[2m:152:15)[22m[2m[22m
[2m      [2mat Object.<anonymous> ([22m[2m[0m[36mtests/unit/lib/storage/chart-persistence.test.ts[39m[0m[2m:167:24)[22m[2m[22m

[1m[31m  [1m● [22m[1mChartPersistenceManager › loadDrawings › returns empty array when no data exists[39m[22m

    [2mexpect([22m[31mjest.fn()[39m[2m).[22mnot[2m.[22mtoHaveBeenCalled[2m()[22m

    Expected number of calls: [32m0[39m
    Received number of calls: [31m1[39m

    1: [31m"[ChartPersistence] Database load failed"[39m, [31m{"dbError": [TypeError: logger_1.logger.debug is not a function]}[39m
[2m[22m
[2m    [0m [90m 185 |[39m       [22m
[2m     [90m 186 |[39m       expect(loaded)[33m.[39mtoEqual([])[33m;[39m[22m
[2m    [31m[1m>[22m[2m[39m[90m 187 |[39m       expect(logger[33m.[39merror)[33m.[39mnot[33m.[39mtoHaveBeenCalled()[33m;[39m[22m
[2m     [90m     |[39m                                [31m[1m^[22m[2m[39m[22m
[2m     [90m 188 |[39m     })[33m;[39m[22m
[2m     [90m 189 |[39m[22m
[2m     [90m 190 |[39m     it([32m'skips invalid drawings and logs warning'[39m[33m,[39m [36masync[39m () [33m=>[39m {[0m[22m
[2m[22m
[2m      [2mat Object.<anonymous> ([22m[2m[0m[36mtests/unit/lib/storage/chart-persistence.test.ts[39m[0m[2m:187:32)[22m[2m[22m

[1m[31m  [1m● [22m[1mChartPersistenceManager › loadDrawings › handles corrupted JSON data[39m[22m

    Failed to load drawings: Both database and local storage failed: Failed to load drawings from localStorage: Unexpected token 'i', "invalid-json" is not valid JSON
[2m[22m
[2m    [0m [90m 195 |[39m       [22m
[2m     [90m 196 |[39m       [90m// 本番環境ではエラーを投げる[39m[22m
[2m    [31m[1m>[22m[2m[39m[90m 197 |[39m       [36mthrow[39m [36mnew[39m [33mError[39m([32m`Failed to load drawings: ${error instanceof Error ? error.message : 'Unknown error'}`[39m)[33m;[39m[22m
[2m     [90m     |[39m             [31m[1m^[22m[2m[39m[22m
[2m     [90m 198 |[39m     }[22m
[2m     [90m 199 |[39m   }[22m
[2m     [90m 200 |[39m[0m[22m
[2m[22m
[2m      [2mat ChartPersistenceManager.loadDrawings ([22m[2mlib/storage/chart-persistence.ts[2m:197:13)[22m[2m[22m
[2m      [2mat Object.<anonymous> ([22m[2m[0m[36mtests/unit/lib/storage/chart-persistence.test.ts[39m[0m[2m:225:22)[22m[2m[22m

[1m[31m  [1m● [22m[1mChartPersistenceManager › savePatterns › saves patterns map to localStorage[39m[22m

    [2mexpect([22m[31mjest.fn()[39m[2m).[22mtoHaveBeenCalledWith[2m([22m[32m...expected[39m[2m)[22m

    Expected: [32m"cryptrade_chart_patterns"[39m, [32mAny<String>[39m

    Number of calls: [31m0[39m
[2m[22m
[2m    [0m [90m 249 |[39m       [33mChartPersistenceManager[39m[33m.[39msavePatterns([33mArray[39m[33m.[39m[36mfrom[39m(patterns[33m.[39mvalues()))[33m;[39m[22m
[2m     [90m 250 |[39m       [22m
[2m    [31m[1m>[22m[2m[39m[90m 251 |[39m       expect(localStorageMock[33m.[39msetItem)[33m.[39mtoHaveBeenCalledWith([22m
[2m     [90m     |[39m                                        [31m[1m^[22m[2m[39m[22m
[2m     [90m 252 |[39m         [32m'cryptrade_chart_patterns'[39m[33m,[39m[22m
[2m     [90m 253 |[39m         expect[33m.[39many([33mString[39m)[22m
[2m     [90m 254 |[39m       )[33m;[39m[0m[22m
[2m[22m
[2m      [2mat Object.<anonymous> ([22m[2m[0m[36mtests/unit/lib/storage/chart-persistence.test.ts[39m[0m[2m:251:40)[22m[2m[22m

[1m[31m  [1m● [22m[1mChartPersistenceManager › savePatterns › handles empty map[39m[22m

    [2mexpect([22m[31mjest.fn()[39m[2m).[22mtoHaveBeenCalledWith[2m([22m[32m...expected[39m[2m)[22m

    Expected: [32m"cryptrade_chart_patterns"[39m, [32m"[]"[39m

    Number of calls: [31m0[39m
[2m[22m
[2m    [0m [90m 288 |[39m       [33mChartPersistenceManager[39m[33m.[39msavePatterns([36mnew[39m [33mMap[39m() [36mas[39m any)[33m;[39m[22m
[2m     [90m 289 |[39m       [22m
[2m    [31m[1m>[22m[2m[39m[90m 290 |[39m       expect(localStorageMock[33m.[39msetItem)[33m.[39mtoHaveBeenCalledWith([22m
[2m     [90m     |[39m                                        [31m[1m^[22m[2m[39m[22m
[2m     [90m 291 |[39m         [32m'cryptrade_chart_patterns'[39m[33m,[39m[22m
[2m     [90m 292 |[39m         [32m'[]'[39m[22m
[2m     [90m 293 |[39m       )[33m;[39m[0m[22m
[2m[22m
[2m      [2mat Object.<anonymous> ([22m[2m[0m[36mtests/unit/lib/storage/chart-persistence.test.ts[39m[0m[2m:290:40)[22m[2m[22m

[1m[31m  [1m● [22m[1mChartPersistenceManager › loadPatterns › loads patterns into Map from localStorage[39m[22m

    [2mexpect([22m[31mreceived[39m[2m).[22mtoBe[2m([22m[32mexpected[39m[2m) // Object.is equality[22m

    Expected: [32m1[39m
    Received: [31m0[39m
[2m[22m
[2m    [0m [90m 304 |[39m       [36mconst[39m loaded [33m=[39m [36mawait[39m [33mChartPersistenceManager[39m[33m.[39mloadPatterns()[33m;[39m[22m
[2m     [90m 305 |[39m       [22m
[2m    [31m[1m>[22m[2m[39m[90m 306 |[39m       expect(loaded[33m.[39mlength)[33m.[39mtoBe([35m1[39m)[33m;[39m[22m
[2m     [90m     |[39m                             [31m[1m^[22m[2m[39m[22m
[2m     [90m 307 |[39m       expect(loaded[[35m0[39m])[33m.[39mtoMatchObject({[22m
[2m     [90m 308 |[39m         type[33m:[39m [32m'headAndShoulders'[39m[22m
[2m     [90m 309 |[39m       })[33m;[39m[0m[22m
[2m[22m
[2m      [2mat Object.<anonymous> ([22m[2m[0m[36mtests/unit/lib/storage/chart-persistence.test.ts[39m[0m[2m:306:29)[22m[2m[22m

[1m[31m  [1m● [22m[1mChartPersistenceManager › loadPatterns › returns empty array when no data exists[39m[22m

    [2mexpect([22m[31mreceived[39m[2m).[22mtoBeInstanceOf[2m([22m[32mexpected[39m[2m)[22m

    Expected constructor: [32mMap[39m
    Received constructor: [31mArray[39m
[2m[22m
[2m    [0m [90m 319 |[39m       [22m
[2m     [90m 320 |[39m       expect(loaded[33m.[39mlength)[33m.[39mtoBe([35m0[39m)[33m;[39m[22m
[2m    [31m[1m>[22m[2m[39m[90m 321 |[39m       expect(loaded)[33m.[39mtoBeInstanceOf([33mMap[39m)[33m;[39m[22m
[2m     [90m     |[39m                      [31m[1m^[22m[2m[39m[22m
[2m     [90m 322 |[39m     })[33m;[39m[22m
[2m     [90m 323 |[39m[22m
[2m     [90m 324 |[39m     it([32m'skips invalid patterns'[39m[33m,[39m [36masync[39m () [33m=>[39m {[0m[22m
[2m[22m
[2m      [2mat Object.<anonymous> ([22m[2m[0m[36mtests/unit/lib/storage/chart-persistence.test.ts[39m[0m[2m:321:22)[22m[2m[22m

[1m[31m  [1m● [22m[1mChartPersistenceManager › loadPatterns › skips invalid patterns[39m[22m

    [2mexpect([22m[31mreceived[39m[2m).[22mtoBe[2m([22m[32mexpected[39m[2m) // Object.is equality[22m

    Expected: [32m2[39m
    Received: [31m0[39m
[2m[22m
[2m    [0m [90m 333 |[39m       [36mconst[39m loaded [33m=[39m [36mawait[39m [33mChartPersistenceManager[39m[33m.[39mloadPatterns()[33m;[39m[22m
[2m     [90m 334 |[39m       [22m
[2m    [31m[1m>[22m[2m[39m[90m 335 |[39m       expect(loaded[33m.[39mlength)[33m.[39mtoBe([35m2[39m)[33m;[39m[22m
[2m     [90m     |[39m                             [31m[1m^[22m[2m[39m[22m
[2m     [90m 336 |[39m       expect(loaded[33m.[39mfind(p [33m=>[39m p[33m.[39mid [33m===[39m [32m'invalid'[39m))[33m.[39mtoBeUndefined()[33m;[39m[22m
[2m     [90m 337 |[39m       expect(logger[33m.[39mwarn)[33m.[39mtoHaveBeenCalledWith([22m
[2m     [90m 338 |[39m         [32m'[ChartPersistence] Invalid pattern skipped'[39m[33m,[39m[0m[22m
[2m[22m
[2m      [2mat Object.<anonymous> ([22m[2m[0m[36mtests/unit/lib/storage/chart-persistence.test.ts[39m[0m[2m:335:29)[22m[2m[22m

[1m[31m  [1m● [22m[1mChartPersistenceManager › loadPatterns › handles corrupted data[39m[22m

    Failed to load patterns: Failed to load patterns from localStorage: Unexpected token 'i', "invalid-json" is not valid JSON
[2m[22m
[2m    [0m [90m 274 |[39m       [22m
[2m     [90m 275 |[39m       [90m// 本番環境ではエラーを投げる[39m[22m
[2m    [31m[1m>[22m[2m[39m[90m 276 |[39m       [36mthrow[39m [36mnew[39m [33mError[39m([32m`Failed to load patterns: ${error instanceof Error ? error.message : 'Unknown error'}`[39m)[33m;[39m[22m
[2m     [90m     |[39m             [31m[1m^[22m[2m[39m[22m
[2m     [90m 277 |[39m     }[22m
[2m     [90m 278 |[39m   }[22m
[2m     [90m 279 |[39m[0m[22m
[2m[22m
[2m      [2mat ChartPersistenceManager.loadPatterns ([22m[2mlib/storage/chart-persistence.ts[2m:276:13)[22m[2m[22m
[2m      [2mat Object.<anonymous> ([22m[2m[0m[36mtests/unit/lib/storage/chart-persistence.test.ts[39m[0m[2m:346:22)[22m[2m[22m

[1m[31m  [1m● [22m[1mChartPersistenceManager › loadTimeframeState › loads timeframe state from localStorage[39m[22m

    [2mexpect([22m[31mreceived[39m[2m).[22mtoEqual[2m([22m[32mexpected[39m[2m) // deep equality[22m

    [32m- Expected  - 5[39m
    [31m+ Received  + 1[39m

    [32m- Object {[39m
    [32m-   "symbol": "BTCUSDT",[39m
    [32m-   "timeframe": "1h",[39m
    [32m-   "timestamp": 1750656359300,[39m
    [32m- }[39m
    [31m+ Promise {}[39m
[2m[22m
[2m    [0m [90m 404 |[39m       [36mconst[39m loaded [33m=[39m [33mChartPersistenceManager[39m[33m.[39mloadTimeframeState()[33m;[39m[22m
[2m     [90m 405 |[39m       [22m
[2m    [31m[1m>[22m[2m[39m[90m 406 |[39m       expect(loaded)[33m.[39mtoEqual(state)[33m;[39m[22m
[2m     [90m     |[39m                      [31m[1m^[22m[2m[39m[22m
[2m     [90m 407 |[39m     })[33m;[39m[22m
[2m     [90m 408 |[39m[22m
[2m     [90m 409 |[39m     it([32m'returns null when no state exists'[39m[33m,[39m [36masync[39m () [33m=>[39m {[0m[22m
[2m[22m
[2m      [2mat Object.<anonymous> ([22m[2m[0m[36mtests/unit/lib/storage/chart-persistence.test.ts[39m[0m[2m:406:22)[22m[2m[22m

[1m[31m  [1m● [22m[1mChartPersistenceManager › loadTimeframeState › returns null when no state exists[39m[22m

    [2mexpect([22m[31mreceived[39m[2m).[22mtoBeNull[2m()[22m

    Received: [31m{}[39m
[2m[22m
[2m    [0m [90m 410 |[39m       [36mconst[39m loaded [33m=[39m [33mChartPersistenceManager[39m[33m.[39mloadTimeframeState()[33m;[39m[22m
[2m     [90m 411 |[39m       [22m
[2m    [31m[1m>[22m[2m[39m[90m 412 |[39m       expect(loaded)[33m.[39mtoBeNull()[33m;[39m[22m
[2m     [90m     |[39m                      [31m[1m^[22m[2m[39m[22m
[2m     [90m 413 |[39m     })[33m;[39m[22m
[2m     [90m 414 |[39m[22m
[2m     [90m 415 |[39m     it([32m'handles corrupted data'[39m[33m,[39m [36masync[39m () [33m=>[39m {[0m[22m
[2m[22m
[2m      [2mat Object.<anonymous> ([22m[2m[0m[36mtests/unit/lib/storage/chart-persistence.test.ts[39m[0m[2m:412:22)[22m[2m[22m

[1m[31m  [1m● [22m[1mChartPersistenceManager › loadTimeframeState › handles corrupted data[39m[22m

    [2mexpect([22m[31mreceived[39m[2m).[22mtoBeNull[2m()[22m

    Received: [31m{}[39m
[2m[22m
[2m    [0m [90m 418 |[39m       [36mconst[39m loaded [33m=[39m [33mChartPersistenceManager[39m[33m.[39mloadTimeframeState()[33m;[39m[22m
[2m     [90m 419 |[39m       [22m
[2m    [31m[1m>[22m[2m[39m[90m 420 |[39m       expect(loaded)[33m.[39mtoBeNull()[33m;[39m[22m
[2m     [90m     |[39m                      [31m[1m^[22m[2m[39m[22m
[2m     [90m 421 |[39m       expect(logger[33m.[39merror)[33m.[39mtoHaveBeenCalledWith([22m
[2m     [90m 422 |[39m         [32m'[ChartPersistence] Failed to load timeframe state'[39m[33m,[39m[22m
[2m     [90m 423 |[39m         expect[33m.[39mobjectContaining({ error[33m:[39m expect[33m.[39many([33mError[39m) })[0m[22m
[2m[22m
[2m      [2mat Object.<anonymous> ([22m[2m[0m[36mtests/unit/lib/storage/chart-persistence.test.ts[39m[0m[2m:420:22)[22m[2m[22m

[1m[31m  [1m● [22m[1mChartPersistenceManager › clearAll › removes all storage keys[39m[22m

    [2mexpect([22m[31mjest.fn()[39m[2m).[22mtoHaveBeenCalledWith[2m([22m[32m...expected[39m[2m)[22m

    Expected: [32m"[ChartPersistence] All data cleared"[39m
    Received: [31m"[ChartPersistence] Local storage cleared"[39m

    Number of calls: [31m1[39m
[2m[22m
[2m    [0m [90m 439 |[39m       expect(localStorageMock[33m.[39mremoveItem)[33m.[39mtoHaveBeenCalledWith([32m'cryptrade_timeframe_state'[39m)[33m;[39m[22m
[2m     [90m 440 |[39m       [22m
[2m    [31m[1m>[22m[2m[39m[90m 441 |[39m       expect(logger[33m.[39minfo)[33m.[39mtoHaveBeenCalledWith([32m'[ChartPersistence] All data cleared'[39m)[33m;[39m[22m
[2m     [90m     |[39m                           [31m[1m^[22m[2m[39m[22m
[2m     [90m 442 |[39m     })[33m;[39m[22m
[2m     [90m 443 |[39m[22m
[2m     [90m 444 |[39m     it([32m'handles errors during clearing'[39m[33m,[39m [36masync[39m () [33m=>[39m {[0m[22m
[2m[22m
[2m      [2mat Object.<anonymous> ([22m[2m[0m[36mtests/unit/lib/storage/chart-persistence.test.ts[39m[0m[2m:441:27)[22m[2m[22m

[1m[31m  [1m● [22m[1mChartPersistenceManager › hasTimeframeChanged › returns true when no previous state exists[39m[22m

    [2mexpect([22m[31mreceived[39m[2m).[22mtoBe[2m([22m[32mexpected[39m[2m) // Object.is equality[22m

    Expected: [32mtrue[39m
    Received: [31m{}[39m
[2m[22m
[2m    [0m [90m 460 |[39m       [36mconst[39m hasChanged [33m=[39m [33mChartPersistenceManager[39m[33m.[39mhasTimeframeChanged([32m'BTCUSDT'[39m[33m,[39m [32m'1h'[39m)[33m;[39m[22m
[2m     [90m 461 |[39m       [22m
[2m    [31m[1m>[22m[2m[39m[90m 462 |[39m       expect(hasChanged)[33m.[39mtoBe([36mtrue[39m)[33m;[39m[22m
[2m     [90m     |[39m                          [31m[1m^[22m[2m[39m[22m
[2m     [90m 463 |[39m     })[33m;[39m[22m
[2m     [90m 464 |[39m[22m
[2m     [90m 465 |[39m     it([32m'returns false when symbol and timeframe match'[39m[33m,[39m [36masync[39m () [33m=>[39m {[0m[22m
[2m[22m
[2m      [2mat Object.<anonymous> ([22m[2m[0m[36mtests/unit/lib/storage/chart-persistence.test.ts[39m[0m[2m:462:26)[22m[2m[22m

[1m[31m  [1m● [22m[1mChartPersistenceManager › hasTimeframeChanged › returns false when symbol and timeframe match[39m[22m

    [2mexpect([22m[31mreceived[39m[2m).[22mtoBe[2m([22m[32mexpected[39m[2m) // Object.is equality[22m

    Expected: [32mfalse[39m
    Received: [31m{}[39m
[2m[22m
[2m    [0m [90m 473 |[39m       [36mconst[39m hasChanged [33m=[39m [33mChartPersistenceManager[39m[33m.[39mhasTimeframeChanged([32m'BTCUSDT'[39m[33m,[39m [32m'1h'[39m)[33m;[39m[22m
[2m     [90m 474 |[39m       [22m
[2m    [31m[1m>[22m[2m[39m[90m 475 |[39m       expect(hasChanged)[33m.[39mtoBe([36mfalse[39m)[33m;[39m[22m
[2m     [90m     |[39m                          [31m[1m^[22m[2m[39m[22m
[2m     [90m 476 |[39m     })[33m;[39m[22m
[2m     [90m 477 |[39m[22m
[2m     [90m 478 |[39m     it([32m'returns true when symbol changes'[39m[33m,[39m [36masync[39m () [33m=>[39m {[0m[22m
[2m[22m
[2m      [2mat Object.<anonymous> ([22m[2m[0m[36mtests/unit/lib/storage/chart-persistence.test.ts[39m[0m[2m:475:26)[22m[2m[22m

[1m[31m  [1m● [22m[1mChartPersistenceManager › hasTimeframeChanged › returns true when symbol changes[39m[22m

    [2mexpect([22m[31mreceived[39m[2m).[22mtoBe[2m([22m[32mexpected[39m[2m) // Object.is equality[22m

    Expected: [32mtrue[39m
    Received: [31m{}[39m
[2m[22m
[2m    [0m [90m 486 |[39m       [36mconst[39m hasChanged [33m=[39m [33mChartPersistenceManager[39m[33m.[39mhasTimeframeChanged([32m'ETHUSDT'[39m[33m,[39m [32m'1h'[39m)[33m;[39m[22m
[2m     [90m 487 |[39m       [22m
[2m    [31m[1m>[22m[2m[39m[90m 488 |[39m       expect(hasChanged)[33m.[39mtoBe([36mtrue[39m)[33m;[39m[22m
[2m     [90m     |[39m                          [31m[1m^[22m[2m[39m[22m
[2m     [90m 489 |[39m     })[33m;[39m[22m
[2m     [90m 490 |[39m[22m
[2m     [90m 491 |[39m     it([32m'returns true when timeframe changes'[39m[33m,[39m [36masync[39m () [33m=>[39m {[0m[22m
[2m[22m
[2m      [2mat Object.<anonymous> ([22m[2m[0m[36mtests/unit/lib/storage/chart-persistence.test.ts[39m[0m[2m:488:26)[22m[2m[22m

[1m[31m  [1m● [22m[1mChartPersistenceManager › hasTimeframeChanged › returns true when timeframe changes[39m[22m

    [2mexpect([22m[31mreceived[39m[2m).[22mtoBe[2m([22m[32mexpected[39m[2m) // Object.is equality[22m

    Expected: [32mtrue[39m
    Received: [31m{}[39m
[2m[22m
[2m    [0m [90m 499 |[39m       [36mconst[39m hasChanged [33m=[39m [33mChartPersistenceManager[39m[33m.[39mhasTimeframeChanged([32m'BTCUSDT'[39m[33m,[39m [32m'4h'[39m)[33m;[39m[22m
[2m     [90m 500 |[39m       [22m
[2m    [31m[1m>[22m[2m[39m[90m 501 |[39m       expect(hasChanged)[33m.[39mtoBe([36mtrue[39m)[33m;[39m[22m
[2m     [90m     |[39m                          [31m[1m^[22m[2m[39m[22m
[2m     [90m 502 |[39m     })[33m;[39m[22m
[2m     [90m 503 |[39m   })[33m;[39m[22m
[2m     [90m 504 |[39m[0m[22m
[2m[22m
[2m      [2mat Object.<anonymous> ([22m[2m[0m[36mtests/unit/lib/storage/chart-persistence.test.ts[39m[0m[2m:501:26)[22m[2m[22m

[1m[31m  [1m● [22m[1mChartPersistenceManager › Concurrent Access › handles rapid save/load operations[39m[22m

    [2mexpect([22m[31mreceived[39m[2m).[22mtoHaveLength[2m([22m[32mexpected[39m[2m)[22m

    Expected length: [32m1[39m
    Received length: [31m0[39m
    Received array:  [31m[][39m
[2m[22m
[2m    [0m [90m 558 |[39m       [90m// Should have the latest data[39m[22m
[2m     [90m 559 |[39m       [36mconst[39m loaded [33m=[39m [36mawait[39m [33mChartPersistenceManager[39m[33m.[39mloadDrawings()[33m;[39m[22m
[2m    [31m[1m>[22m[2m[39m[90m 560 |[39m       expect(loaded)[33m.[39mtoHaveLength([35m1[39m)[33m;[39m[22m
[2m     [90m     |[39m                      [31m[1m^[22m[2m[39m[22m
[2m     [90m 561 |[39m       expect(loaded[[35m0[39m][33m?[39m[33m.[39mid)[33m.[39mtoBe([32m'drawing-2'[39m)[33m;[39m[22m
[2m     [90m 562 |[39m     })[33m;[39m[22m
[2m     [90m 563 |[39m   })[33m;[39m[0m[22m
[2m[22m
[2m      [2mat Object.<anonymous> ([22m[2m[0m[36mtests/unit/lib/storage/chart-persistence.test.ts[39m[0m[2m:560:22)[22m[2m[22m

[1m[31m  [1m● [22m[1mChartPersistenceManager › Storage Quota Handling › handles quota exceeded errors gracefully[39m[22m

    [2mexpect([22m[31mjest.fn()[39m[2m).[22mtoHaveBeenCalledWith[2m([22m[32m...expected[39m[2m)[22m

    Expected: [32m"[ChartPersistence] Failed to save drawings"[39m, [32mObjectContaining {"error": ObjectContaining {"name": "QuotaExceededError"}}[39m

    Number of calls: [31m0[39m
[2m[22m
[2m    [0m [90m 582 |[39m       [33mChartPersistenceManager[39m[33m.[39msaveDrawings([largeDrawing])[33m;[39m[22m
[2m     [90m 583 |[39m       [22m
[2m    [31m[1m>[22m[2m[39m[90m 584 |[39m       expect(logger[33m.[39merror)[33m.[39mtoHaveBeenCalledWith([22m
[2m     [90m     |[39m                            [31m[1m^[22m[2m[39m[22m
[2m     [90m 585 |[39m         [32m'[ChartPersistence] Failed to save drawings'[39m[33m,[39m[22m
[2m     [90m 586 |[39m         expect[33m.[39mobjectContaining({[22m
[2m     [90m 587 |[39m           error[33m:[39m expect[33m.[39mobjectContaining({[0m[22m
[2m[22m
[2m      [2mat Object.<anonymous> ([22m[2m[0m[36mtests/unit/lib/storage/chart-persistence.test.ts[39m[0m[2m:584:28)[22m[2m[22m

[1m[31m  [1m● [22m[1mChartPersistenceManager › Edge Cases › handles drawings with minimal valid data[39m[22m

    [2mexpect([22m[31mreceived[39m[2m).[22mtoHaveLength[2m([22m[32mexpected[39m[2m)[22m

    Expected length: [32m1[39m
    Received length: [31m0[39m
    Received array:  [31m[][39m
[2m[22m
[2m    [0m [90m 612 |[39m       [36mconst[39m loaded [33m=[39m [36mawait[39m [33mChartPersistenceManager[39m[33m.[39mloadDrawings()[33m;[39m[22m
[2m     [90m 613 |[39m       [22m
[2m    [31m[1m>[22m[2m[39m[90m 614 |[39m       expect(loaded)[33m.[39mtoHaveLength([35m1[39m)[33m;[39m[22m
[2m     [90m     |[39m                      [31m[1m^[22m[2m[39m[22m
[2m     [90m 615 |[39m       expect(loaded[[35m0[39m])[33m.[39mtoEqual(minimalDrawing)[33m;[39m[22m
[2m     [90m 616 |[39m     })[33m;[39m[22m
[2m     [90m 617 |[39m[0m[22m
[2m[22m
[2m      [2mat Object.<anonymous> ([22m[2m[0m[36mtests/unit/lib/storage/chart-persistence.test.ts[39m[0m[2m:614:22)[22m[2m[22m

[1m[31m  [1m● [22m[1mChartPersistenceManager › Edge Cases › handles localStorage access errors[39m[22m

    Failed to load drawings: Both database and local storage failed: Failed to load drawings from localStorage: SecurityError: localStorage access denied
[2m[22m
[2m    [0m [90m 195 |[39m       [22m
[2m     [90m 196 |[39m       [90m// 本番環境ではエラーを投げる[39m[22m
[2m    [31m[1m>[22m[2m[39m[90m 197 |[39m       [36mthrow[39m [36mnew[39m [33mError[39m([32m`Failed to load drawings: ${error instanceof Error ? error.message : 'Unknown error'}`[39m)[33m;[39m[22m
[2m     [90m     |[39m             [31m[1m^[22m[2m[39m[22m
[2m     [90m 198 |[39m     }[22m
[2m     [90m 199 |[39m   }[22m
[2m     [90m 200 |[39m[0m[22m
[2m[22m
[2m      [2mat ChartPersistenceManager.loadDrawings ([22m[2mlib/storage/chart-persistence.ts[2m:197:13)[22m[2m[22m
[2m      [2mat Object.<anonymous> ([22m[2m[0m[36mtests/unit/lib/storage/chart-persistence.test.ts[39m[0m[2m:669:22)[22m[2m[22m

[0m[7m[1m[31m FAIL [39m[22m[27m[0m [2mtests/unit/lib/errors/[22m[1mbase-error.test.ts[22m
[1m[31m  [1m● [22m[1mMastraBaseError › MastraBaseError class › should create error with all properties[39m[22m

    TypeError: base_error_1.MastraBaseError is not a constructor
[2m[22m
[2m    [0m [90m 18 |[39m   describe([32m'MastraBaseError class'[39m[33m,[39m () [33m=>[39m {[22m
[2m     [90m 19 |[39m     it([32m'should create error with all properties'[39m[33m,[39m () [33m=>[39m {[22m
[2m    [31m[1m>[22m[2m[39m[90m 20 |[39m       [36mconst[39m error [33m=[39m [36mnew[39m [33mMastraBaseError[39m([32m'Test error'[39m[33m,[39m {[22m
[2m     [90m    |[39m                     [31m[1m^[22m[2m[39m[22m
[2m     [90m 21 |[39m         code[33m:[39m [32m'TEST_ERROR'[39m[33m,[39m[22m
[2m     [90m 22 |[39m         correlationId[33m:[39m [32m'corr-123'[39m[33m,[39m[22m
[2m     [90m 23 |[39m         data[33m:[39m { field[33m:[39m [32m'value'[39m }[33m,[39m[0m[22m
[2m[22m
[2m      [2mat Object.<anonymous> ([22m[2m[0m[36mtests/unit/lib/errors/base-error.test.ts[39m[0m[2m:20:21)[22m[2m[22m

[1m[31m  [1m● [22m[1mMastraBaseError › MastraBaseError class › should use default values when not provided[39m[22m

    TypeError: base_error_1.MastraBaseError is not a constructor
[2m[22m
[2m    [0m [90m 42 |[39m[22m
[2m     [90m 43 |[39m     it([32m'should use default values when not provided'[39m[33m,[39m () [33m=>[39m {[22m
[2m    [31m[1m>[22m[2m[39m[90m 44 |[39m       [36mconst[39m error [33m=[39m [36mnew[39m [33mMastraBaseError[39m([32m'Test error'[39m[33m,[39m {[22m
[2m     [90m    |[39m                     [31m[1m^[22m[2m[39m[22m
[2m     [90m 45 |[39m         code[33m:[39m [32m'TEST_ERROR'[39m[22m
[2m     [90m 46 |[39m       })[33m;[39m[22m
[2m     [90m 47 |[39m[0m[22m
[2m[22m
[2m      [2mat Object.<anonymous> ([22m[2m[0m[36mtests/unit/lib/errors/base-error.test.ts[39m[0m[2m:44:21)[22m[2m[22m

[1m[31m  [1m● [22m[1mMastraBaseError › MastraBaseError class › should capture stack trace[39m[22m

    TypeError: base_error_1.MastraBaseError is not a constructor
[2m[22m
[2m    [0m [90m 54 |[39m[22m
[2m     [90m 55 |[39m     it([32m'should capture stack trace'[39m[33m,[39m () [33m=>[39m {[22m
[2m    [31m[1m>[22m[2m[39m[90m 56 |[39m       [36mconst[39m error [33m=[39m [36mnew[39m [33mMastraBaseError[39m([32m'Test error'[39m[33m,[39m {[22m
[2m     [90m    |[39m                     [31m[1m^[22m[2m[39m[22m
[2m     [90m 57 |[39m         code[33m:[39m [32m'TEST_ERROR'[39m[22m
[2m     [90m 58 |[39m       })[33m;[39m[22m
[2m     [90m 59 |[39m[0m[22m
[2m[22m
[2m      [2mat Object.<anonymous> ([22m[2m[0m[36mtests/unit/lib/errors/base-error.test.ts[39m[0m[2m:56:21)[22m[2m[22m

[1m[31m  [1m● [22m[1mMastraBaseError › MastraBaseError class › should serialize to JSON correctly[39m[22m

    TypeError: base_error_1.MastraBaseError is not a constructor
[2m[22m
[2m    [0m [90m 63 |[39m[22m
[2m     [90m 64 |[39m     it([32m'should serialize to JSON correctly'[39m[33m,[39m () [33m=>[39m {[22m
[2m    [31m[1m>[22m[2m[39m[90m 65 |[39m       [36mconst[39m error [33m=[39m [36mnew[39m [33mMastraBaseError[39m([32m'Test error'[39m[33m,[39m {[22m
[2m     [90m    |[39m                     [31m[1m^[22m[2m[39m[22m
[2m     [90m 66 |[39m         code[33m:[39m [32m'TEST_ERROR'[39m[33m,[39m[22m
[2m     [90m 67 |[39m         correlationId[33m:[39m [32m'corr-123'[39m[33m,[39m[22m
[2m     [90m 68 |[39m         data[33m:[39m { field[33m:[39m [32m'value'[39m }[33m,[39m[0m[22m
[2m[22m
[2m      [2mat Object.<anonymous> ([22m[2m[0m[36mtests/unit/lib/errors/base-error.test.ts[39m[0m[2m:65:21)[22m[2m[22m

[1m[31m  [1m● [22m[1mMastraBaseError › MastraBaseError class › should handle generic types correctly[39m[22m

    TypeError: base_error_1.MastraBaseError is not a constructor
[2m[22m
[2m    [0m [90m 103 |[39m       }[22m
[2m     [90m 104 |[39m[22m
[2m    [31m[1m>[22m[2m[39m[90m 105 |[39m       [36mconst[39m error [33m=[39m [36mnew[39m [33mMastraBaseError[39m[33m<[39m[33mErrorData[39m[33m,[39m [33mErrorContext[39m[33m>[39m([32m'Typed error'[39m[33m,[39m {[22m
[2m     [90m     |[39m                     [31m[1m^[22m[2m[39m[22m
[2m     [90m 106 |[39m         code[33m:[39m [32m'TYPED_ERROR'[39m[33m,[39m[22m
[2m     [90m 107 |[39m         data[33m:[39m { field[33m:[39m [32m'test'[39m[33m,[39m value[33m:[39m [35m42[39m }[33m,[39m[22m
[2m     [90m 108 |[39m         context[33m:[39m { userId[33m:[39m [32m'user-123'[39m[33m,[39m sessionId[33m:[39m [32m'session-456'[39m }[0m[22m
[2m[22m
[2m      [2mat Object.<anonymous> ([22m[2m[0m[36mtests/unit/lib/errors/base-error.test.ts[39m[0m[2m:105:21)[22m[2m[22m

[1m[31m  [1m● [22m[1mMastraBaseError › MastraBaseError class › log method › should log with INFO severity[39m[22m

    TypeError: base_error_1.MastraBaseError is not a constructor
[2m[22m
[2m    [0m [90m 117 |[39m     describe([32m'log method'[39m[33m,[39m () [33m=>[39m {[22m
[2m     [90m 118 |[39m       it([32m'should log with INFO severity'[39m[33m,[39m () [33m=>[39m {[22m
[2m    [31m[1m>[22m[2m[39m[90m 119 |[39m         [36mconst[39m error [33m=[39m [36mnew[39m [33mMastraBaseError[39m([32m'Info error'[39m[33m,[39m {[22m
[2m     [90m     |[39m                       [31m[1m^[22m[2m[39m[22m
[2m     [90m 120 |[39m           code[33m:[39m [32m'INFO_ERROR'[39m[33m,[39m[22m
[2m     [90m 121 |[39m           severity[33m:[39m [32m'INFO'[39m[22m
[2m     [90m 122 |[39m         })[33m;[39m[0m[22m
[2m[22m
[2m      [2mat Object.<anonymous> ([22m[2m[0m[36mtests/unit/lib/errors/base-error.test.ts[39m[0m[2m:119:23)[22m[2m[22m

[1m[31m  [1m● [22m[1mMastraBaseError › MastraBaseError class › log method › should log with WARNING severity[39m[22m

    TypeError: base_error_1.MastraBaseError is not a constructor
[2m[22m
[2m    [0m [90m 130 |[39m[22m
[2m     [90m 131 |[39m       it([32m'should log with WARNING severity'[39m[33m,[39m () [33m=>[39m {[22m
[2m    [31m[1m>[22m[2m[39m[90m 132 |[39m         [36mconst[39m error [33m=[39m [36mnew[39m [33mMastraBaseError[39m([32m'Warning error'[39m[33m,[39m {[22m
[2m     [90m     |[39m                       [31m[1m^[22m[2m[39m[22m
[2m     [90m 133 |[39m           code[33m:[39m [32m'WARNING_ERROR'[39m[33m,[39m[22m
[2m     [90m 134 |[39m           severity[33m:[39m [32m'WARNING'[39m[22m
[2m     [90m 135 |[39m         })[33m;[39m[0m[22m
[2m[22m
[2m      [2mat Object.<anonymous> ([22m[2m[0m[36mtests/unit/lib/errors/base-error.test.ts[39m[0m[2m:132:23)[22m[2m[22m

[1m[31m  [1m● [22m[1mMastraBaseError › MastraBaseError class › log method › should log with ERROR severity[39m[22m

    TypeError: base_error_1.MastraBaseError is not a constructor
[2m[22m
[2m    [0m [90m 143 |[39m[22m
[2m     [90m 144 |[39m       it([32m'should log with ERROR severity'[39m[33m,[39m () [33m=>[39m {[22m
[2m    [31m[1m>[22m[2m[39m[90m 145 |[39m         [36mconst[39m error [33m=[39m [36mnew[39m [33mMastraBaseError[39m([32m'Error message'[39m[33m,[39m {[22m
[2m     [90m     |[39m                       [31m[1m^[22m[2m[39m[22m
[2m     [90m 146 |[39m           code[33m:[39m [32m'ERROR_CODE'[39m[33m,[39m[22m
[2m     [90m 147 |[39m           severity[33m:[39m [32m'ERROR'[39m[22m
[2m     [90m 148 |[39m         })[33m;[39m[0m[22m
[2m[22m
[2m      [2mat Object.<anonymous> ([22m[2m[0m[36mtests/unit/lib/errors/base-error.test.ts[39m[0m[2m:145:23)[22m[2m[22m

[1m[31m  [1m● [22m[1mMastraBaseError › MastraBaseError class › log method › should log with CRITICAL severity[39m[22m

    TypeError: base_error_1.MastraBaseError is not a constructor
[2m[22m
[2m    [0m [90m 156 |[39m[22m
[2m     [90m 157 |[39m       it([32m'should log with CRITICAL severity'[39m[33m,[39m () [33m=>[39m {[22m
[2m    [31m[1m>[22m[2m[39m[90m 158 |[39m         [36mconst[39m error [33m=[39m [36mnew[39m [33mMastraBaseError[39m([32m'Critical error'[39m[33m,[39m {[22m
[2m     [90m     |[39m                       [31m[1m^[22m[2m[39m[22m
[2m     [90m 159 |[39m           code[33m:[39m [32m'CRITICAL_ERROR'[39m[33m,[39m[22m
[2m     [90m 160 |[39m           severity[33m:[39m [32m'CRITICAL'[39m[22m
[2m     [90m 161 |[39m         })[33m;[39m[0m[22m
[2m[22m
[2m      [2mat Object.<anonymous> ([22m[2m[0m[36mtests/unit/lib/errors/base-error.test.ts[39m[0m[2m:158:23)[22m[2m[22m

[1m[31m  [1m● [22m[1mMastraBaseError › ApiError class › should create API error with status code[39m[22m

    [2mexpect([22m[31mreceived[39m[2m).[22mtoBe[2m([22m[32mexpected[39m[2m) // Object.is equality[22m

    Expected: [32m"API_503"[39m
    Received: [31mundefined[39m
[2m[22m
[2m    [0m [90m 173 |[39m[22m
[2m     [90m 174 |[39m       expect(error[33m.[39mmessage)[33m.[39mtoBe([32m'API failed'[39m)[33m;[39m[22m
[2m    [31m[1m>[22m[2m[39m[90m 175 |[39m       expect(error[33m.[39mcode)[33m.[39mtoBe([32m'API_503'[39m)[33m;[39m[22m
[2m     [90m     |[39m                          [31m[1m^[22m[2m[39m[22m
[2m     [90m 176 |[39m       expect(error[33m.[39mcategory)[33m.[39mtoBe([32m'API_ERROR'[39m)[33m;[39m[22m
[2m     [90m 177 |[39m       expect(error[33m.[39mdata)[33m.[39mtoEqual({ statusCode[33m:[39m [35m503[39m })[33m;[39m[22m
[2m     [90m 178 |[39m       expect(error[33m.[39mretryable)[33m.[39mtoBe([36mtrue[39m)[33m;[39m[0m[22m
[2m[22m
[2m      [2mat Object.<anonymous> ([22m[2m[0m[36mtests/unit/lib/errors/base-error.test.ts[39m[0m[2m:175:26)[22m[2m[22m

[1m[31m  [1m● [22m[1mMastraBaseError › ApiError class › should set retryable for 5xx errors[39m[22m

    [2mexpect([22m[31mreceived[39m[2m).[22mtoBe[2m([22m[32mexpected[39m[2m) // Object.is equality[22m

    Expected: [32mtrue[39m
    Received: [31mundefined[39m
[2m[22m
[2m    [0m [90m 183 |[39m       [36mconst[39m error502 [33m=[39m [36mnew[39m [33mApiError[39m([32m'Bad gateway'[39m[33m,[39m [35m502[39m)[33m;[39m[22m
[2m     [90m 184 |[39m[22m
[2m    [31m[1m>[22m[2m[39m[90m 185 |[39m       expect(error500[33m.[39mretryable)[33m.[39mtoBe([36mtrue[39m)[33m;[39m[22m
[2m     [90m     |[39m                                  [31m[1m^[22m[2m[39m[22m
[2m     [90m 186 |[39m       expect(error502[33m.[39mretryable)[33m.[39mtoBe([36mtrue[39m)[33m;[39m[22m
[2m     [90m 187 |[39m     })[33m;[39m[22m
[2m     [90m 188 |[39m[0m[22m
[2m[22m
[2m      [2mat Object.<anonymous> ([22m[2m[0m[36mtests/unit/lib/errors/base-error.test.ts[39m[0m[2m:185:34)[22m[2m[22m

[1m[31m  [1m● [22m[1mMastraBaseError › ApiError class › should set retryable for 429 rate limit[39m[22m

    [2mexpect([22m[31mreceived[39m[2m).[22mtoBe[2m([22m[32mexpected[39m[2m) // Object.is equality[22m

    Expected: [32mtrue[39m
    Received: [31mundefined[39m
[2m[22m
[2m    [0m [90m 189 |[39m     it([32m'should set retryable for 429 rate limit'[39m[33m,[39m () [33m=>[39m {[22m
[2m     [90m 190 |[39m       [36mconst[39m error [33m=[39m [36mnew[39m [33mApiError[39m([32m'Rate limited'[39m[33m,[39m [35m429[39m)[33m;[39m[22m
[2m    [31m[1m>[22m[2m[39m[90m 191 |[39m       expect(error[33m.[39mretryable)[33m.[39mtoBe([36mtrue[39m)[33m;[39m[22m
[2m     [90m     |[39m                               [31m[1m^[22m[2m[39m[22m
[2m     [90m 192 |[39m     })[33m;[39m[22m
[2m     [90m 193 |[39m[22m
[2m     [90m 194 |[39m     it([32m'should not set retryable for 4xx errors'[39m[33m,[39m () [33m=>[39m {[0m[22m
[2m[22m
[2m      [2mat Object.<anonymous> ([22m[2m[0m[36mtests/unit/lib/errors/base-error.test.ts[39m[0m[2m:191:31)[22m[2m[22m

[1m[31m  [1m● [22m[1mMastraBaseError › ApiError class › should not set retryable for 4xx errors[39m[22m

    [2mexpect([22m[31mreceived[39m[2m).[22mtoBe[2m([22m[32mexpected[39m[2m) // Object.is equality[22m

    Expected: [32mfalse[39m
    Received: [31mundefined[39m
[2m[22m
[2m    [0m [90m 196 |[39m       [36mconst[39m error404 [33m=[39m [36mnew[39m [33mApiError[39m([32m'Not found'[39m[33m,[39m [35m404[39m)[33m;[39m[22m
[2m     [90m 197 |[39m[22m
[2m    [31m[1m>[22m[2m[39m[90m 198 |[39m       expect(error400[33m.[39mretryable)[33m.[39mtoBe([36mfalse[39m)[33m;[39m[22m
[2m     [90m     |[39m                                  [31m[1m^[22m[2m[39m[22m
[2m     [90m 199 |[39m       expect(error404[33m.[39mretryable)[33m.[39mtoBe([36mfalse[39m)[33m;[39m[22m
[2m     [90m 200 |[39m     })[33m;[39m[22m
[2m     [90m 201 |[39m[0m[22m
[2m[22m
[2m      [2mat Object.<anonymous> ([22m[2m[0m[36mtests/unit/lib/errors/base-error.test.ts[39m[0m[2m:198:34)[22m[2m[22m

[1m[31m  [1m● [22m[1mMastraBaseError › ApiError class › should accept additional options[39m[22m

    [2mexpect([22m[31mreceived[39m[2m).[22mtoBe[2m([22m[32mexpected[39m[2m) // Object.is equality[22m

    Expected: [32m"corr-123"[39m
    Received: [31mundefined[39m
[2m[22m
[2m    [0m [90m 206 |[39m       })[33m;[39m[22m
[2m     [90m 207 |[39m[22m
[2m    [31m[1m>[22m[2m[39m[90m 208 |[39m       expect(error[33m.[39mcorrelationId)[33m.[39mtoBe([32m'corr-123'[39m)[33m;[39m[22m
[2m     [90m     |[39m                                   [31m[1m^[22m[2m[39m[22m
[2m     [90m 209 |[39m       expect(error[33m.[39mcontext)[33m.[39mtoEqual({ endpoint[33m:[39m [32m'/api/test'[39m })[33m;[39m[22m
[2m     [90m 210 |[39m     })[33m;[39m[22m
[2m     [90m 211 |[39m   })[33m;[39m[0m[22m
[2m[22m
[2m      [2mat Object.<anonymous> ([22m[2m[0m[36mtests/unit/lib/errors/base-error.test.ts[39m[0m[2m:208:35)[22m[2m[22m

[1m[31m  [1m● [22m[1mMastraBaseError › AgentError class › should create agent error with agent name[39m[22m

    TypeError: base_error_1.AgentError is not a constructor
[2m[22m
[2m    [0m [90m 213 |[39m   describe([32m'AgentError class'[39m[33m,[39m () [33m=>[39m {[22m
[2m     [90m 214 |[39m     it([32m'should create agent error with agent name'[39m[33m,[39m () [33m=>[39m {[22m
[2m    [31m[1m>[22m[2m[39m[90m 215 |[39m       [36mconst[39m error [33m=[39m [36mnew[39m [33mAgentError[39m([32m'Agent execution failed'[39m[33m,[39m [32m'TradingAgent'[39m)[33m;[39m[22m
[2m     [90m     |[39m                     [31m[1m^[22m[2m[39m[22m
[2m     [90m 216 |[39m[22m
[2m     [90m 217 |[39m       expect(error[33m.[39mmessage)[33m.[39mtoBe([32m'Agent execution failed'[39m)[33m;[39m[22m
[2m     [90m 218 |[39m       expect(error[33m.[39mcode)[33m.[39mtoBe([32m'AGENT_EXECUTION_ERROR'[39m)[33m;[39m[0m[22m
[2m[22m
[2m      [2mat Object.<anonymous> ([22m[2m[0m[36mtests/unit/lib/errors/base-error.test.ts[39m[0m[2m:215:21)[22m[2m[22m

[1m[31m  [1m● [22m[1mMastraBaseError › AgentError class › should accept additional options[39m[22m

    TypeError: base_error_1.AgentError is not a constructor
[2m[22m
[2m    [0m [90m 222 |[39m[22m
[2m     [90m 223 |[39m     it([32m'should accept additional options'[39m[33m,[39m () [33m=>[39m {[22m
[2m    [31m[1m>[22m[2m[39m[90m 224 |[39m       [36mconst[39m error [33m=[39m [36mnew[39m [33mAgentError[39m([32m'Agent failed'[39m[33m,[39m [32m'TestAgent'[39m[33m,[39m {[22m
[2m     [90m     |[39m                     [31m[1m^[22m[2m[39m[22m
[2m     [90m 225 |[39m         severity[33m:[39m [32m'CRITICAL'[39m[33m,[39m[22m
[2m     [90m 226 |[39m         context[33m:[39m { action[33m:[39m [32m'processTrade'[39m }[22m
[2m     [90m 227 |[39m       })[33m;[39m[0m[22m
[2m[22m
[2m      [2mat Object.<anonymous> ([22m[2m[0m[36mtests/unit/lib/errors/base-error.test.ts[39m[0m[2m:224:21)[22m[2m[22m

[1m[31m  [1m● [22m[1mMastraBaseError › ToolError class › should create tool error with tool name[39m[22m

    TypeError: base_error_1.ToolError is not a constructor
[2m[22m
[2m    [0m [90m 234 |[39m   describe([32m'ToolError class'[39m[33m,[39m () [33m=>[39m {[22m
[2m     [90m 235 |[39m     it([32m'should create tool error with tool name'[39m[33m,[39m () [33m=>[39m {[22m
[2m    [31m[1m>[22m[2m[39m[90m 236 |[39m       [36mconst[39m error [33m=[39m [36mnew[39m [33mToolError[39m([32m'Tool execution failed'[39m[33m,[39m [32m'ChartTool'[39m)[33m;[39m[22m
[2m     [90m     |[39m                     [31m[1m^[22m[2m[39m[22m
[2m     [90m 237 |[39m[22m
[2m     [90m 238 |[39m       expect(error[33m.[39mmessage)[33m.[39mtoBe([32m'Tool execution failed'[39m)[33m;[39m[22m
[2m     [90m 239 |[39m       expect(error[33m.[39mcode)[33m.[39mtoBe([32m'TOOL_EXECUTION_ERROR'[39m)[33m;[39m[0m[22m
[2m[22m
[2m      [2mat Object.<anonymous> ([22m[2m[0m[36mtests/unit/lib/errors/base-error.test.ts[39m[0m[2m:236:21)[22m[2m[22m

[1m[31m  [1m● [22m[1mMastraBaseError › ToolError class › should accept additional options[39m[22m

    TypeError: base_error_1.ToolError is not a constructor
[2m[22m
[2m    [0m [90m 243 |[39m[22m
[2m     [90m 244 |[39m     it([32m'should accept additional options'[39m[33m,[39m () [33m=>[39m {[22m
[2m    [31m[1m>[22m[2m[39m[90m 245 |[39m       [36mconst[39m error [33m=[39m [36mnew[39m [33mToolError[39m([32m'Tool failed'[39m[33m,[39m [32m'TestTool'[39m[33m,[39m {[22m
[2m     [90m     |[39m                     [31m[1m^[22m[2m[39m[22m
[2m     [90m 246 |[39m         retryable[33m:[39m [36mtrue[39m[33m,[39m[22m
[2m     [90m 247 |[39m         retryAfter[33m:[39m [35m1000[39m[33m,[39m[22m
[2m     [90m 248 |[39m         context[33m:[39m { input[33m:[39m { x[33m:[39m [35m1[39m[33m,[39m y[33m:[39m [35m2[39m } }[0m[22m
[2m[22m
[2m      [2mat Object.<anonymous> ([22m[2m[0m[36mtests/unit/lib/errors/base-error.test.ts[39m[0m[2m:245:21)[22m[2m[22m

[1m[31m  [1m● [22m[1mMastraBaseError › ValidationError class › should create validation error with field and value[39m[22m

    [2mexpect([22m[31mreceived[39m[2m).[22mtoBe[2m([22m[32mexpected[39m[2m) // Object.is equality[22m

    Expected: [32m"VALIDATION_ERROR"[39m
    Received: [31mundefined[39m
[2m[22m
[2m    [0m [90m 260 |[39m[22m
[2m     [90m 261 |[39m       expect(error[33m.[39mmessage)[33m.[39mtoBe([32m'Invalid email format'[39m)[33m;[39m[22m
[2m    [31m[1m>[22m[2m[39m[90m 262 |[39m       expect(error[33m.[39mcode)[33m.[39mtoBe([32m'VALIDATION_ERROR'[39m)[33m;[39m[22m
[2m     [90m     |[39m                          [31m[1m^[22m[2m[39m[22m
[2m     [90m 263 |[39m       expect(error[33m.[39mcategory)[33m.[39mtoBe([32m'VALIDATION_ERROR'[39m)[33m;[39m[22m
[2m     [90m 264 |[39m       expect(error[33m.[39mseverity)[33m.[39mtoBe([32m'WARNING'[39m)[33m;[39m[22m
[2m     [90m 265 |[39m       expect(error[33m.[39mdata)[33m.[39mtoEqual({ [0m[22m
[2m[22m
[2m      [2mat Object.<anonymous> ([22m[2m[0m[36mtests/unit/lib/errors/base-error.test.ts[39m[0m[2m:262:26)[22m[2m[22m

[1m[31m  [1m● [22m[1mMastraBaseError › ValidationError class › should handle complex values[39m[22m

    [2mexpect([22m[31mreceived[39m[2m).[22mtoEqual[2m([22m[32mexpected[39m[2m) // deep equality[22m

    Expected: [32m{"field": "data", "value": {"nested": {"data": [1, 2, 3]}}}[39m
    Received: [31mundefined[39m
[2m[22m
[2m    [0m [90m 273 |[39m       [36mconst[39m error [33m=[39m [36mnew[39m [33mValidationError[39m([32m'Invalid structure'[39m[33m,[39m [32m'data'[39m[33m,[39m complexValue)[33m;[39m[22m
[2m     [90m 274 |[39m[22m
[2m    [31m[1m>[22m[2m[39m[90m 275 |[39m       expect(error[33m.[39mdata)[33m.[39mtoEqual({[22m
[2m     [90m     |[39m                          [31m[1m^[22m[2m[39m[22m
[2m     [90m 276 |[39m         field[33m:[39m [32m'data'[39m[33m,[39m[22m
[2m     [90m 277 |[39m         value[33m:[39m complexValue[22m
[2m     [90m 278 |[39m       })[33m;[39m[0m[22m
[2m[22m
[2m      [2mat Object.<anonymous> ([22m[2m[0m[36mtests/unit/lib/errors/base-error.test.ts[39m[0m[2m:275:26)[22m[2m[22m

[1m[31m  [1m● [22m[1mMastraBaseError › ValidationError class › should accept additional options[39m[22m

    [2mexpect([22m[31mreceived[39m[2m).[22mtoBe[2m([22m[32mexpected[39m[2m) // Object.is equality[22m

    Expected: [32m"req-123"[39m
    Received: [31mundefined[39m
[2m[22m
[2m    [0m [90m 285 |[39m       })[33m;[39m[22m
[2m     [90m 286 |[39m[22m
[2m    [31m[1m>[22m[2m[39m[90m 287 |[39m       expect(error[33m.[39mcorrelationId)[33m.[39mtoBe([32m'req-123'[39m)[33m;[39m[22m
[2m     [90m     |[39m                                   [31m[1m^[22m[2m[39m[22m
[2m     [90m 288 |[39m       expect(error[33m.[39mcontext)[33m.[39mtoEqual({ form[33m:[39m [32m'registration'[39m })[33m;[39m[22m
[2m     [90m 289 |[39m     })[33m;[39m[22m
[2m     [90m 290 |[39m   })[33m;[39m[0m[22m
[2m[22m
[2m      [2mat Object.<anonymous> ([22m[2m[0m[36mtests/unit/lib/errors/base-error.test.ts[39m[0m[2m:287:35)[22m[2m[22m

[1m[31m  [1m● [22m[1mMastraBaseError › AuthError class › should create auth error with defaults[39m[22m

    [2mexpect([22m[31mreceived[39m[2m).[22mtoBe[2m([22m[32mexpected[39m[2m) // Object.is equality[22m

    Expected: [32m"AUTH_ERROR"[39m
    Received: [31mundefined[39m
[2m[22m
[2m    [0m [90m 295 |[39m[22m
[2m     [90m 296 |[39m       expect(error[33m.[39mmessage)[33m.[39mtoBe([32m'Unauthorized access'[39m)[33m;[39m[22m
[2m    [31m[1m>[22m[2m[39m[90m 297 |[39m       expect(error[33m.[39mcode)[33m.[39mtoBe([32m'AUTH_ERROR'[39m)[33m;[39m[22m
[2m     [90m     |[39m                          [31m[1m^[22m[2m[39m[22m
[2m     [90m 298 |[39m       expect(error[33m.[39mcategory)[33m.[39mtoBe([32m'AUTH_ERROR'[39m)[33m;[39m[22m
[2m     [90m 299 |[39m       expect(error[33m.[39mseverity)[33m.[39mtoBe([32m'ERROR'[39m)[33m;[39m[22m
[2m     [90m 300 |[39m       expect(error[33m.[39mretryable)[33m.[39mtoBe([36mfalse[39m)[33m;[39m[0m[22m
[2m[22m
[2m      [2mat Object.<anonymous> ([22m[2m[0m[36mtests/unit/lib/errors/base-error.test.ts[39m[0m[2m:297:26)[22m[2m[22m

[1m[31m  [1m● [22m[1mMastraBaseError › AuthError class › should accept additional options[39m[22m

    [2mexpect([22m[31mreceived[39m[2m).[22mtoBe[2m([22m[32mexpected[39m[2m) // Object.is equality[22m

    Expected: [32m"auth-123"[39m
    Received: [31mundefined[39m
[2m[22m
[2m    [0m [90m 307 |[39m       })[33m;[39m[22m
[2m     [90m 308 |[39m[22m
[2m    [31m[1m>[22m[2m[39m[90m 309 |[39m       expect(error[33m.[39mcorrelationId)[33m.[39mtoBe([32m'auth-123'[39m)[33m;[39m[22m
[2m     [90m     |[39m                                   [31m[1m^[22m[2m[39m[22m
[2m     [90m 310 |[39m       expect(error[33m.[39mcontext)[33m.[39mtoEqual({ endpoint[33m:[39m [32m'/api/protected'[39m[33m,[39m userId[33m:[39m [32m'user-123'[39m })[33m;[39m[22m
[2m     [90m 311 |[39m     })[33m;[39m[22m
[2m     [90m 312 |[39m   })[33m;[39m[0m[22m
[2m[22m
[2m      [2mat Object.<anonymous> ([22m[2m[0m[36mtests/unit/lib/errors/base-error.test.ts[39m[0m[2m:309:35)[22m[2m[22m

[1m[31m  [1m● [22m[1mMastraBaseError › RateLimitError class › should create rate limit error with retry after[39m[22m

    TypeError: base_error_1.RateLimitError is not a constructor
[2m[22m
[2m    [0m [90m 314 |[39m   describe([32m'RateLimitError class'[39m[33m,[39m () [33m=>[39m {[22m
[2m     [90m 315 |[39m     it([32m'should create rate limit error with retry after'[39m[33m,[39m () [33m=>[39m {[22m
[2m    [31m[1m>[22m[2m[39m[90m 316 |[39m       [36mconst[39m error [33m=[39m [36mnew[39m [33mRateLimitError[39m([32m'Rate limit exceeded'[39m[33m,[39m [35m5000[39m)[33m;[39m[22m
[2m     [90m     |[39m                     [31m[1m^[22m[2m[39m[22m
[2m     [90m 317 |[39m[22m
[2m     [90m 318 |[39m       expect(error[33m.[39mmessage)[33m.[39mtoBe([32m'Rate limit exceeded'[39m)[33m;[39m[22m
[2m     [90m 319 |[39m       expect(error[33m.[39mcode)[33m.[39mtoBe([32m'RATE_LIMIT_EXCEEDED'[39m)[33m;[39m[0m[22m
[2m[22m
[2m      [2mat Object.<anonymous> ([22m[2m[0m[36mtests/unit/lib/errors/base-error.test.ts[39m[0m[2m:316:21)[22m[2m[22m

[1m[31m  [1m● [22m[1mMastraBaseError › RateLimitError class › should accept additional options[39m[22m

    TypeError: base_error_1.RateLimitError is not a constructor
[2m[22m
[2m    [0m [90m 325 |[39m[22m
[2m     [90m 326 |[39m     it([32m'should accept additional options'[39m[33m,[39m () [33m=>[39m {[22m
[2m    [31m[1m>[22m[2m[39m[90m 327 |[39m       [36mconst[39m error [33m=[39m [36mnew[39m [33mRateLimitError[39m([32m'Too many requests'[39m[33m,[39m [35m3000[39m[33m,[39m {[22m
[2m     [90m     |[39m                     [31m[1m^[22m[2m[39m[22m
[2m     [90m 328 |[39m         correlationId[33m:[39m [32m'rate-123'[39m[33m,[39m[22m
[2m     [90m 329 |[39m         context[33m:[39m { endpoint[33m:[39m [32m'/api/data'[39m }[22m
[2m     [90m 330 |[39m       })[33m;[39m[0m[22m
[2m[22m
[2m      [2mat Object.<anonymous> ([22m[2m[0m[36mtests/unit/lib/errors/base-error.test.ts[39m[0m[2m:327:21)[22m[2m[22m

[1m[31m  [1m● [22m[1mMastraBaseError › Error inheritance › should maintain instanceof relationships[39m[22m

    TypeError: base_error_1.AgentError is not a constructor
[2m[22m
[2m    [0m [90m 339 |[39m     it([32m'should maintain instanceof relationships'[39m[33m,[39m () [33m=>[39m {[22m
[2m     [90m 340 |[39m       [36mconst[39m apiError [33m=[39m [36mnew[39m [33mApiError[39m([32m'API failed'[39m[33m,[39m [35m500[39m)[33m;[39m[22m
[2m    [31m[1m>[22m[2m[39m[90m 341 |[39m       [36mconst[39m agentError [33m=[39m [36mnew[39m [33mAgentError[39m([32m'Agent failed'[39m[33m,[39m [32m'TestAgent'[39m)[33m;[39m[22m
[2m     [90m     |[39m                          [31m[1m^[22m[2m[39m[22m
[2m     [90m 342 |[39m       [36mconst[39m toolError [33m=[39m [36mnew[39m [33mToolError[39m([32m'Tool failed'[39m[33m,[39m [32m'TestTool'[39m)[33m;[39m[22m
[2m     [90m 343 |[39m       [36mconst[39m validationError [33m=[39m [36mnew[39m [33mValidationError[39m([32m'Invalid'[39m[33m,[39m [32m'field'[39m[33m,[39m [32m'value'[39m)[33m;[39m[22m
[2m     [90m 344 |[39m       [36mconst[39m rateLimitError [33m=[39m [36mnew[39m [33mRateLimitError[39m([32m'Rate limited'[39m[33m,[39m [35m1000[39m)[33m;[39m[0m[22m
[2m[22m
[2m      [2mat Object.<anonymous> ([22m[2m[0m[36mtests/unit/lib/errors/base-error.test.ts[39m[0m[2m:341:26)[22m[2m[22m

[1m[31m  [1m● [22m[1mMastraBaseError › Error classification and categorization › should correctly classify errors by category[39m[22m

    TypeError: base_error_1.AgentError is not a constructor
[2m[22m
[2m    [0m [90m 371 |[39m       [36mconst[39m errors [33m=[39m [[22m
[2m     [90m 372 |[39m         [36mnew[39m [33mApiError[39m([32m'API error'[39m[33m,[39m [35m500[39m)[33m,[39m[22m
[2m    [31m[1m>[22m[2m[39m[90m 373 |[39m         [36mnew[39m [33mAgentError[39m([32m'Agent error'[39m[33m,[39m [32m'TestAgent'[39m)[33m,[39m[22m
[2m     [90m     |[39m         [31m[1m^[22m[2m[39m[22m
[2m     [90m 374 |[39m         [36mnew[39m [33mToolError[39m([32m'Tool error'[39m[33m,[39m [32m'TestTool'[39m)[33m,[39m[22m
[2m     [90m 375 |[39m         [36mnew[39m [33mValidationError[39m([32m'Validation error'[39m[33m,[39m [32m'field'[39m[33m,[39m [32m'value'[39m)[33m,[39m[22m
[2m     [90m 376 |[39m         [36mnew[39m [33mRateLimitError[39m([32m'Rate limit'[39m[33m,[39m [35m1000[39m)[33m,[39m[0m[22m
[2m[22m
[2m      [2mat Object.<anonymous> ([22m[2m[0m[36mtests/unit/lib/errors/base-error.test.ts[39m[0m[2m:373:9)[22m[2m[22m

[1m[31m  [1m● [22m[1mMastraBaseError › Error classification and categorization › should correctly assign severity levels[39m[22m

    TypeError: base_error_1.MastraBaseError is not a constructor
[2m[22m
[2m    [0m [90m 390 |[39m[22m
[2m     [90m 391 |[39m     it([32m'should correctly assign severity levels'[39m[33m,[39m () [33m=>[39m {[22m
[2m    [31m[1m>[22m[2m[39m[90m 392 |[39m       [36mconst[39m critical [33m=[39m [36mnew[39m [33mMastraBaseError[39m([32m'Critical issue'[39m[33m,[39m {[22m
[2m     [90m     |[39m                        [31m[1m^[22m[2m[39m[22m
[2m     [90m 393 |[39m         code[33m:[39m [32m'CRITICAL'[39m[33m,[39m[22m
[2m     [90m 394 |[39m         severity[33m:[39m [32m'CRITICAL'[39m[22m
[2m     [90m 395 |[39m       })[33m;[39m[0m[22m
[2m[22m
[2m      [2mat Object.<anonymous> ([22m[2m[0m[36mtests/unit/lib/errors/base-error.test.ts[39m[0m[2m:392:24)[22m[2m[22m

[1m[31m  [1m● [22m[1mMastraBaseError › Retry handling › should correctly identify retryable errors[39m[22m

    TypeError: base_error_1.RateLimitError is not a constructor
[2m[22m
[2m    [0m [90m 415 |[39m         [36mnew[39m [33mApiError[39m([32m'Service unavailable'[39m[33m,[39m [35m503[39m)[33m,[39m[22m
[2m     [90m 416 |[39m         [36mnew[39m [33mApiError[39m([32m'Rate limited'[39m[33m,[39m [35m429[39m)[33m,[39m[22m
[2m    [31m[1m>[22m[2m[39m[90m 417 |[39m         [36mnew[39m [33mRateLimitError[39m([32m'Too many requests'[39m[33m,[39m [35m5000[39m)[33m,[39m[22m
[2m     [90m     |[39m         [31m[1m^[22m[2m[39m[22m
[2m     [90m 418 |[39m         [36mnew[39m [33mMastraBaseError[39m([32m'Retryable'[39m[33m,[39m { code[33m:[39m [32m'RETRY'[39m[33m,[39m retryable[33m:[39m [36mtrue[39m })[22m
[2m     [90m 419 |[39m       ][33m;[39m[22m
[2m     [90m 420 |[39m[0m[22m
[2m[22m
[2m      [2mat Object.<anonymous> ([22m[2m[0m[36mtests/unit/lib/errors/base-error.test.ts[39m[0m[2m:417:9)[22m[2m[22m

[1m[31m  [1m● [22m[1mMastraBaseError › Retry handling › should correctly identify non-retryable errors[39m[22m

    TypeError: base_error_1.AgentError is not a constructor
[2m[22m
[2m    [0m [90m 432 |[39m         [36mnew[39m [33mAuthError[39m([32m'Invalid token'[39m)[33m,[39m[22m
[2m     [90m 433 |[39m         [36mnew[39m [33mValidationError[39m([32m'Invalid'[39m[33m,[39m [32m'field'[39m[33m,[39m [32m'value'[39m)[33m,[39m[22m
[2m    [31m[1m>[22m[2m[39m[90m 434 |[39m         [36mnew[39m [33mAgentError[39m([32m'Agent failed'[39m[33m,[39m [32m'TestAgent'[39m)[33m,[39m[22m
[2m     [90m     |[39m         [31m[1m^[22m[2m[39m[22m
[2m     [90m 435 |[39m         [36mnew[39m [33mToolError[39m([32m'Tool failed'[39m[33m,[39m [32m'TestTool'[39m)[22m
[2m     [90m 436 |[39m       ][33m;[39m[22m
[2m     [90m 437 |[39m[0m[22m
[2m[22m
[2m      [2mat Object.<anonymous> ([22m[2m[0m[36mtests/unit/lib/errors/base-error.test.ts[39m[0m[2m:434:9)[22m[2m[22m

[1m[31m  [1m● [22m[1mMastraBaseError › Retry handling › should include retry after information[39m[22m

    TypeError: base_error_1.RateLimitError is not a constructor
[2m[22m
[2m    [0m [90m 442 |[39m[22m
[2m     [90m 443 |[39m     it([32m'should include retry after information'[39m[33m,[39m () [33m=>[39m {[22m
[2m    [31m[1m>[22m[2m[39m[90m 444 |[39m       [36mconst[39m rateLimitError [33m=[39m [36mnew[39m [33mRateLimitError[39m([32m'Rate limited'[39m[33m,[39m [35m30000[39m)[33m;[39m[22m
[2m     [90m     |[39m                              [31m[1m^[22m[2m[39m[22m
[2m     [90m 445 |[39m       expect(rateLimitError[33m.[39mretryAfter)[33m.[39mtoBe([35m30000[39m)[33m;[39m[22m
[2m     [90m 446 |[39m[22m
[2m     [90m 447 |[39m       [36mconst[39m apiError [33m=[39m [36mnew[39m [33mApiError[39m([32m'Too many requests'[39m[33m,[39m [35m429[39m[33m,[39m {[0m[22m
[2m[22m
[2m      [2mat Object.<anonymous> ([22m[2m[0m[36mtests/unit/lib/errors/base-error.test.ts[39m[0m[2m:444:30)[22m[2m[22m

[1m[31m  [1m● [22m[1mMastraBaseError › Error logging integration › should log errors with different severities correctly[39m[22m

    TypeError: base_error_1.MastraBaseError is not a constructor
[2m[22m
[2m    [0m [90m 464 |[39m         jest[33m.[39mclearAllMocks()[33m;[39m[22m
[2m     [90m 465 |[39m         [22m
[2m    [31m[1m>[22m[2m[39m[90m 466 |[39m         [36mconst[39m error [33m=[39m [36mnew[39m [33mMastraBaseError[39m([32m`${severity} message`[39m[33m,[39m {[22m
[2m     [90m     |[39m                       [31m[1m^[22m[2m[39m[22m
[2m     [90m 467 |[39m           code[33m:[39m severity[33m,[39m[22m
[2m     [90m 468 |[39m           severity[22m
[2m     [90m 469 |[39m         })[33m;[39m[0m[22m
[2m[22m
[2m      [2mat [22m[2m[0m[36mtests/unit/lib/errors/base-error.test.ts[39m[0m[2m:466:23[22m[2m[22m
[2m          at Array.forEach (<anonymous>)[22m
[2m      [2mat Object.<anonymous> ([22m[2m[0m[36mtests/unit/lib/errors/base-error.test.ts[39m[0m[2m:463:19)[22m[2m[22m

[1m[31m  [1m● [22m[1mMastraBaseError › Error logging integration › should include all metadata in log output[39m[22m

    TypeError: base_error_1.MastraBaseError is not a constructor
[2m[22m
[2m    [0m [90m 486 |[39m[22m
[2m     [90m 487 |[39m     it([32m'should include all metadata in log output'[39m[33m,[39m () [33m=>[39m {[22m
[2m    [31m[1m>[22m[2m[39m[90m 488 |[39m       [36mconst[39m error [33m=[39m [36mnew[39m [33mMastraBaseError[39m([32m'Complex error'[39m[33m,[39m {[22m
[2m     [90m     |[39m                     [31m[1m^[22m[2m[39m[22m
[2m     [90m 489 |[39m         code[33m:[39m [32m'COMPLEX'[39m[33m,[39m[22m
[2m     [90m 490 |[39m         correlationId[33m:[39m [32m'corr-xyz'[39m[33m,[39m[22m
[2m     [90m 491 |[39m         data[33m:[39m { key[33m:[39m [32m'value'[39m }[33m,[39m[0m[22m
[2m[22m
[2m      [2mat Object.<anonymous> ([22m[2m[0m[36mtests/unit/lib/errors/base-error.test.ts[39m[0m[2m:488:21)[22m[2m[22m

[1m[31m  [1m● [22m[1mMastraBaseError › Error context and correlation › should maintain correlation ID through error chain[39m[22m

    TypeError: base_error_1.AgentError is not a constructor
[2m[22m
[2m    [0m [90m 520 |[39m       [22m
[2m     [90m 521 |[39m       [36mconst[39m apiError [33m=[39m [36mnew[39m [33mApiError[39m([32m'API failed'[39m[33m,[39m [35m500[39m[33m,[39m { correlationId })[33m;[39m[22m
[2m    [31m[1m>[22m[2m[39m[90m 522 |[39m       [36mconst[39m agentError [33m=[39m [36mnew[39m [33mAgentError[39m([32m'Agent failed due to API'[39m[33m,[39m [32m'TestAgent'[39m[33m,[39m { correlationId })[33m;[39m[22m
[2m     [90m     |[39m                          [31m[1m^[22m[2m[39m[22m
[2m     [90m 523 |[39m       [36mconst[39m toolError [33m=[39m [36mnew[39m [33mToolError[39m([32m'Tool failed due to agent'[39m[33m,[39m [32m'TestTool'[39m[33m,[39m { correlationId })[33m;[39m[22m
[2m     [90m 524 |[39m[22m
[2m     [90m 525 |[39m       expect(apiError[33m.[39mcorrelationId)[33m.[39mtoBe(correlationId)[33m;[39m[0m[22m
[2m[22m
[2m      [2mat Object.<anonymous> ([22m[2m[0m[36mtests/unit/lib/errors/base-error.test.ts[39m[0m[2m:522:26)[22m[2m[22m

[1m[31m  [1m● [22m[1mMastraBaseError › Error context and correlation › should preserve context through error transformations[39m[22m

    TypeError: base_error_1.MastraBaseError is not a constructor
[2m[22m
[2m    [0m [90m 538 |[39m       }[33m;[39m[22m
[2m     [90m 539 |[39m[22m
[2m    [31m[1m>[22m[2m[39m[90m 540 |[39m       [36mconst[39m wrappedError [33m=[39m [36mnew[39m [33mMastraBaseError[39m(originalError[33m.[39mmessage[33m,[39m {[22m
[2m     [90m     |[39m                            [31m[1m^[22m[2m[39m[22m
[2m     [90m 541 |[39m         code[33m:[39m [32m'DB_ERROR'[39m[33m,[39m[22m
[2m     [90m 542 |[39m         category[33m:[39m [32m'NETWORK_ERROR'[39m[33m,[39m[22m
[2m     [90m 543 |[39m         context[33m,[39m[0m[22m
[2m[22m
[2m      [2mat Object.<anonymous> ([22m[2m[0m[36mtests/unit/lib/errors/base-error.test.ts[39m[0m[2m:540:28)[22m[2m[22m

[1m[31m  [1m● [22m[1mMastraBaseError › Edge cases and error boundaries › should handle null/undefined in error data gracefully[39m[22m

    TypeError: base_error_1.MastraBaseError is not a constructor
[2m[22m
[2m    [0m [90m 552 |[39m   describe([32m'Edge cases and error boundaries'[39m[33m,[39m () [33m=>[39m {[22m
[2m     [90m 553 |[39m     it([32m'should handle null/undefined in error data gracefully'[39m[33m,[39m () [33m=>[39m {[22m
[2m    [31m[1m>[22m[2m[39m[90m 554 |[39m       [36mconst[39m error [33m=[39m [36mnew[39m [33mMastraBaseError[39m([32m'Error with nulls'[39m[33m,[39m {[22m
[2m     [90m     |[39m                     [31m[1m^[22m[2m[39m[22m
[2m     [90m 555 |[39m         code[33m:[39m [32m'NULL_ERROR'[39m[33m,[39m[22m
[2m     [90m 556 |[39m         data[33m:[39m { value[33m:[39m [36mnull[39m[33m,[39m optional[33m:[39m undefined }[33m,[39m[22m
[2m     [90m 557 |[39m         context[33m:[39m [36mnull[39m [36mas[39m any[0m[22m
[2m[22m
[2m      [2mat Object.<anonymous> ([22m[2m[0m[36mtests/unit/lib/errors/base-error.test.ts[39m[0m[2m:554:21)[22m[2m[22m

[1m[31m  [1m● [22m[1mMastraBaseError › Edge cases and error boundaries › should handle circular references in toJSON[39m[22m

    TypeError: base_error_1.MastraBaseError is not a constructor
[2m[22m
[2m    [0m [90m 567 |[39m       circular[33m.[39mprop [33m=[39m circular[33m;[39m[22m
[2m     [90m 568 |[39m[22m
[2m    [31m[1m>[22m[2m[39m[90m 569 |[39m       [36mconst[39m error [33m=[39m [36mnew[39m [33mMastraBaseError[39m([32m'Circular error'[39m[33m,[39m {[22m
[2m     [90m     |[39m                     [31m[1m^[22m[2m[39m[22m
[2m     [90m 570 |[39m         code[33m:[39m [32m'CIRCULAR'[39m[33m,[39m[22m
[2m     [90m 571 |[39m         data[33m:[39m circular[22m
[2m     [90m 572 |[39m       })[33m;[39m[0m[22m
[2m[22m
[2m      [2mat Object.<anonymous> ([22m[2m[0m[36mtests/unit/lib/errors/base-error.test.ts[39m[0m[2m:569:21)[22m[2m[22m

[1m[31m  [1m● [22m[1mMastraBaseError › Edge cases and error boundaries › should handle very long error messages[39m[22m

    TypeError: base_error_1.MastraBaseError is not a constructor
[2m[22m
[2m    [0m [90m 578 |[39m     it([32m'should handle very long error messages'[39m[33m,[39m () [33m=>[39m {[22m
[2m     [90m 579 |[39m       [36mconst[39m longMessage [33m=[39m [32m'A'[39m[33m.[39mrepeat([35m10000[39m)[33m;[39m[22m
[2m    [31m[1m>[22m[2m[39m[90m 580 |[39m       [36mconst[39m error [33m=[39m [36mnew[39m [33mMastraBaseError[39m(longMessage[33m,[39m {[22m
[2m     [90m     |[39m                     [31m[1m^[22m[2m[39m[22m
[2m     [90m 581 |[39m         code[33m:[39m [32m'LONG_MESSAGE'[39m[22m
[2m     [90m 582 |[39m       })[33m;[39m[22m
[2m     [90m 583 |[39m[0m[22m
[2m[22m
[2m      [2mat Object.<anonymous> ([22m[2m[0m[36mtests/unit/lib/errors/base-error.test.ts[39m[0m[2m:580:21)[22m[2m[22m

[1m[31m  [1m● [22m[1mMastraBaseError › Edge cases and error boundaries › should handle special characters in error messages[39m[22m

    TypeError: base_error_1.MastraBaseError is not a constructor
[2m[22m
[2m    [0m [90m 588 |[39m     it([32m'should handle special characters in error messages'[39m[33m,[39m () [33m=>[39m {[22m
[2m     [90m 589 |[39m       [36mconst[39m specialMessage [33m=[39m [32m'Error with \n newlines \t tabs and "quotes" and \'quotes\''[39m[33m;[39m[22m
[2m    [31m[1m>[22m[2m[39m[90m 590 |[39m       [36mconst[39m error [33m=[39m [36mnew[39m [33mMastraBaseError[39m(specialMessage[33m,[39m {[22m
[2m     [90m     |[39m                     [31m[1m^[22m[2m[39m[22m
[2m     [90m 591 |[39m         code[33m:[39m [32m'SPECIAL_CHARS'[39m[22m
[2m     [90m 592 |[39m       })[33m;[39m[22m
[2m     [90m 593 |[39m[0m[22m
[2m[22m
[2m      [2mat Object.<anonymous> ([22m[2m[0m[36mtests/unit/lib/errors/base-error.test.ts[39m[0m[2m:590:21)[22m[2m[22m

[1m[31m  [1m● [22m[1mMastraBaseError › Custom error name handling › should allow custom error names[39m[22m

    TypeError: base_error_1.MastraBaseError is not a constructor
[2m[22m
[2m    [0m [90m 600 |[39m   describe([32m'Custom error name handling'[39m[33m,[39m () [33m=>[39m {[22m
[2m     [90m 601 |[39m     it([32m'should allow custom error names'[39m[33m,[39m () [33m=>[39m {[22m
[2m    [31m[1m>[22m[2m[39m[90m 602 |[39m       [36mconst[39m error [33m=[39m [36mnew[39m [33mMastraBaseError[39m([32m'Custom named error'[39m[33m,[39m {[22m
[2m     [90m     |[39m                     [31m[1m^[22m[2m[39m[22m
[2m     [90m 603 |[39m         name[33m:[39m [32m'CustomErrorType'[39m[33m,[39m[22m
[2m     [90m 604 |[39m         code[33m:[39m [32m'CUSTOM'[39m[22m
[2m     [90m 605 |[39m       })[33m;[39m[0m[22m
[2m[22m
[2m      [2mat Object.<anonymous> ([22m[2m[0m[36mtests/unit/lib/errors/base-error.test.ts[39m[0m[2m:602:21)[22m[2m[22m

[1m[31m  [1m● [22m[1mMastraBaseError › Custom error name handling › should use class name if no custom name provided[39m[22m

    TypeError: base_error_1.MastraBaseError is not a constructor
[2m[22m
[2m    [0m [90m 610 |[39m[22m
[2m     [90m 611 |[39m     it([32m'should use class name if no custom name provided'[39m[33m,[39m () [33m=>[39m {[22m
[2m    [31m[1m>[22m[2m[39m[90m 612 |[39m       [36mconst[39m baseError [33m=[39m [36mnew[39m [33mMastraBaseError[39m([32m'Base'[39m[33m,[39m { code[33m:[39m [32m'BASE'[39m })[33m;[39m[22m
[2m     [90m     |[39m                         [31m[1m^[22m[2m[39m[22m
[2m     [90m 613 |[39m       [36mconst[39m apiError [33m=[39m [36mnew[39m [33mApiError[39m([32m'API'[39m[33m,[39m [35m500[39m)[33m;[39m[22m
[2m     [90m 614 |[39m       [36mconst[39m agentError [33m=[39m [36mnew[39m [33mAgentError[39m([32m'Agent'[39m[33m,[39m [32m'Test'[39m)[33m;[39m[22m
[2m     [90m 615 |[39m[0m[22m
[2m[22m
[2m      [2mat Object.<anonymous> ([22m[2m[0m[36mtests/unit/lib/errors/base-error.test.ts[39m[0m[2m:612:25)[22m[2m[22m

[0m[7m[1m[31m FAIL [39m[22m[27m[0m [2mtests/unit/lib/utils/[22m[1mui-event-dispatcher.test.ts[22m
[1m[31m  [1m● [22m[1mUIEventDispatcher › dispatch › should dispatch event to window in browser environment[39m[22m

    [2mexpect([22m[31mjest.fn()[39m[2m).[22mtoHaveBeenCalled[2m()[22m

    Expected number of calls: >= [32m1[39m
    Received number of calls:    [31m0[39m
[2m[22m
[2m    [0m [90m 100 |[39m       dispatcher[33m.[39mdispatch(event)[33m;[39m[22m
[2m     [90m 101 |[39m[22m
[2m    [31m[1m>[22m[2m[39m[90m 102 |[39m       expect(mockWindow[33m.[39mdispatchEvent)[33m.[39mtoHaveBeenCalled()[33m;[39m[22m
[2m     [90m     |[39m                                        [31m[1m^[22m[2m[39m[22m
[2m     [90m 103 |[39m       [36mconst[39m dispatchedEvent [33m=[39m mockWindow[33m.[39mdispatchEvent[33m.[39mmock[33m.[39mcalls[[35m0[39m][[35m0[39m][33m;[39m[22m
[2m     [90m 104 |[39m       expect(dispatchedEvent[33m.[39mtype)[33m.[39mtoBe([32m'proposal:generated'[39m)[33m;[39m[22m
[2m     [90m 105 |[39m       expect(dispatchedEvent[33m.[39mdetail)[33m.[39mtoEqual({ proposalGroup[33m:[39m { proposals[33m:[39m [] } })[33m;[39m[0m[22m
[2m[22m
[2m      [2mat Object.<anonymous> ([22m[2m[0m[36mtests/unit/lib/utils/ui-event-dispatcher.test.ts[39m[0m[2m:102:40)[22m[2m[22m

[1m[31m  [1m● [22m[1mUIEventDispatcher › dispatchBatch › should dispatch multiple events in batch[39m[22m

    [2mexpect([22m[31mjest.fn()[39m[2m).[22mtoHaveBeenCalled[2m()[22m

    Expected number of calls: >= [32m1[39m
    Received number of calls:    [31m0[39m
[2m[22m
[2m    [0m [90m 169 |[39m       dispatcher[33m.[39mdispatchBatch(events)[33m;[39m[22m
[2m     [90m 170 |[39m[22m
[2m    [31m[1m>[22m[2m[39m[90m 171 |[39m       expect(mockWindow[33m.[39mrequestAnimationFrame)[33m.[39mtoHaveBeenCalled()[33m;[39m[22m
[2m     [90m     |[39m                                                [31m[1m^[22m[2m[39m[22m
[2m     [90m 172 |[39m       expect(mockWindow[33m.[39mdispatchEvent)[33m.[39mtoHaveBeenCalledTimes([35m3[39m)[33m;[39m[22m
[2m     [90m 173 |[39m     })[33m;[39m[22m
[2m     [90m 174 |[39m[0m[22m
[2m[22m
[2m      [2mat Object.<anonymous> ([22m[2m[0m[36mtests/unit/lib/utils/ui-event-dispatcher.test.ts[39m[0m[2m:171:48)[22m[2m[22m

[1m[31m  [1m● [22m[1mUIEventDispatcher › destroy › should remove window event listeners[39m[22m

    [2mexpect([22m[31mjest.fn()[39m[2m).[22mtoHaveBeenCalledTimes[2m([22m[32mexpected[39m[2m)[22m

    Expected number of calls: [32m11[39m
    Received number of calls: [31m0[39m
[2m[22m
[2m    [0m [90m 299 |[39m       ][33m;[39m[22m
[2m     [90m 300 |[39m[22m
[2m    [31m[1m>[22m[2m[39m[90m 301 |[39m       expect(mockWindow[33m.[39mremoveEventListener)[33m.[39mtoHaveBeenCalledTimes(expectedEventTypes[33m.[39mlength)[33m;[39m[22m
[2m     [90m     |[39m                                              [31m[1m^[22m[2m[39m[22m
[2m     [90m 302 |[39m     })[33m;[39m[22m
[2m     [90m 303 |[39m[22m
[2m     [90m 304 |[39m     it([32m'should handle destroy without window'[39m[33m,[39m () [33m=>[39m {[0m[22m
[2m[22m
[2m      [2mat Object.<anonymous> ([22m[2m[0m[36mtests/unit/lib/utils/ui-event-dispatcher.test.ts[39m[0m[2m:301:46)[22m[2m[22m

[1m[31m  [1m● [22m[1mUIEventDispatcher › helper methods › dispatchProposalGenerated › should dispatch proposal generated event[39m[22m

    [2mexpect([22m[31mjest.fn()[39m[2m).[22mtoHaveBeenCalledWith[2m([22m[32m...expected[39m[2m)[22m

    Expected: [32mObjectContaining {"detail": {"proposalGroup": {"proposals": [{"id": "1", "type": "long"}, {"id": "2", "type": "short"}]}}, "type": "proposal:generated"}[39m

    Number of calls: [31m0[39m
[2m[22m
[2m    [0m [90m 322 |[39m         dispatcher[33m.[39mdispatchProposalGenerated(proposalGroup)[33m;[39m[22m
[2m     [90m 323 |[39m[22m
[2m    [31m[1m>[22m[2m[39m[90m 324 |[39m         expect(mockWindow[33m.[39mdispatchEvent)[33m.[39mtoHaveBeenCalledWith([22m
[2m     [90m     |[39m                                          [31m[1m^[22m[2m[39m[22m
[2m     [90m 325 |[39m           expect[33m.[39mobjectContaining({[22m
[2m     [90m 326 |[39m             type[33m:[39m [32m'proposal:generated'[39m[33m,[39m[22m
[2m     [90m 327 |[39m             detail[33m:[39m { proposalGroup }[33m,[39m[0m[22m
[2m[22m
[2m      [2mat Object.<anonymous> ([22m[2m[0m[36mtests/unit/lib/utils/ui-event-dispatcher.test.ts[39m[0m[2m:324:42)[22m[2m[22m

[1m[31m  [1m● [22m[1mUIEventDispatcher › helper methods › dispatchProposalExecution › should dispatch execution event with visualization events[39m[22m

    [2mexpect([22m[31mjest.fn()[39m[2m).[22mtoHaveBeenCalled[2m()[22m

    Expected number of calls: >= [32m1[39m
    Received number of calls:    [31m0[39m
[2m[22m
[2m    [0m [90m 344 |[39m         dispatcher[33m.[39mdispatchProposalExecution(proposal)[33m;[39m[22m
[2m     [90m 345 |[39m[22m
[2m    [31m[1m>[22m[2m[39m[90m 346 |[39m         expect(mockWindow[33m.[39mrequestAnimationFrame)[33m.[39mtoHaveBeenCalled()[33m;[39m[22m
[2m     [90m     |[39m                                                  [31m[1m^[22m[2m[39m[22m
[2m     [90m 347 |[39m         [22m
[2m     [90m 348 |[39m         [90m// Should dispatch 5 events: execute + zone + SL + 2 TPs[39m[22m
[2m     [90m 349 |[39m         expect(mockWindow[33m.[39mdispatchEvent)[33m.[39mtoHaveBeenCalledTimes([35m5[39m)[33m;[39m[0m[22m
[2m[22m
[2m      [2mat Object.<anonymous> ([22m[2m[0m[36mtests/unit/lib/utils/ui-event-dispatcher.test.ts[39m[0m[2m:346:50)[22m[2m[22m

[1m[31m  [1m● [22m[1mUIEventDispatcher › helper methods › dispatchProposalExecution › should handle short direction[39m[22m

    [2mexpect([22m[31mjest.fn()[39m[2m).[22mtoHaveBeenCalledWith[2m([22m[32m...expected[39m[2m)[22m

    Expected: [32mObjectContaining {"detail": ObjectContaining {"color": "rgba(255, 0, 0, 0.2)"}, "type": "chart:drawZone"}[39m

    Number of calls: [31m0[39m
[2m[22m
[2m    [0m [90m 412 |[39m         dispatcher[33m.[39mdispatchProposalExecution(proposal)[33m;[39m[22m
[2m     [90m 413 |[39m[22m
[2m    [31m[1m>[22m[2m[39m[90m 414 |[39m         expect(mockWindow[33m.[39mdispatchEvent)[33m.[39mtoHaveBeenCalledWith([22m
[2m     [90m     |[39m                                          [31m[1m^[22m[2m[39m[22m
[2m     [90m 415 |[39m           expect[33m.[39mobjectContaining({[22m
[2m     [90m 416 |[39m             type[33m:[39m [32m'chart:drawZone'[39m[33m,[39m[22m
[2m     [90m 417 |[39m             detail[33m:[39m expect[33m.[39mobjectContaining({[0m[22m
[2m[22m
[2m      [2mat Object.<anonymous> ([22m[2m[0m[36mtests/unit/lib/utils/ui-event-dispatcher.test.ts[39m[0m[2m:414:42)[22m[2m[22m

[1m[31m  [1m● [22m[1mUIEventDispatcher › helper methods › dispatchProposalExecution › should handle single take profit[39m[22m

    [2mexpect([22m[31mjest.fn()[39m[2m).[22mtoHaveBeenCalledWith[2m([22m[32m...expected[39m[2m)[22m

    Expected: [32mObjectContaining {"detail": ObjectContaining {"label": "TP1", "price": 55000}, "type": "chart:drawLine"}[39m

    Number of calls: [31m0[39m
[2m[22m
[2m    [0m [90m 431 |[39m         dispatcher[33m.[39mdispatchProposalExecution(proposal)[33m;[39m[22m
[2m     [90m 432 |[39m[22m
[2m    [31m[1m>[22m[2m[39m[90m 433 |[39m         expect(mockWindow[33m.[39mdispatchEvent)[33m.[39mtoHaveBeenCalledWith([22m
[2m     [90m     |[39m                                          [31m[1m^[22m[2m[39m[22m
[2m     [90m 434 |[39m           expect[33m.[39mobjectContaining({[22m
[2m     [90m 435 |[39m             type[33m:[39m [32m'chart:drawLine'[39m[33m,[39m[22m
[2m     [90m 436 |[39m             detail[33m:[39m expect[33m.[39mobjectContaining({[0m[22m
[2m[22m
[2m      [2mat Object.<anonymous> ([22m[2m[0m[36mtests/unit/lib/utils/ui-event-dispatcher.test.ts[39m[0m[2m:433:42)[22m[2m[22m

[1m[31m  [1m● [22m[1mUIEventDispatcher › helper methods › dispatchProposalExecution › should handle missing optional fields[39m[22m

    [2mexpect([22m[31mjest.fn()[39m[2m).[22mtoHaveBeenCalledTimes[2m([22m[32mexpected[39m[2m)[22m

    Expected number of calls: [32m1[39m
    Received number of calls: [31m0[39m
[2m[22m
[2m    [0m [90m 448 |[39m[22m
[2m     [90m 449 |[39m         [90m// Should only dispatch the execute event[39m[22m
[2m    [31m[1m>[22m[2m[39m[90m 450 |[39m         expect(mockWindow[33m.[39mdispatchEvent)[33m.[39mtoHaveBeenCalledTimes([35m1[39m)[33m;[39m[22m
[2m     [90m     |[39m                                          [31m[1m^[22m[2m[39m[22m
[2m     [90m 451 |[39m         expect(mockWindow[33m.[39mdispatchEvent)[33m.[39mtoHaveBeenCalledWith([22m
[2m     [90m 452 |[39m           expect[33m.[39mobjectContaining({[22m
[2m     [90m 453 |[39m             type[33m:[39m [32m'proposal:execute'[39m[33m,[39m[0m[22m
[2m[22m
[2m      [2mat Object.<anonymous> ([22m[2m[0m[36mtests/unit/lib/utils/ui-event-dispatcher.test.ts[39m[0m[2m:450:42)[22m[2m[22m

[1m[31m  [1m● [22m[1mUIEventDispatcher › helper methods › checkPriceInEntryZone › should dispatch alert when price enters zone[39m[22m

    [2mexpect([22m[31mjest.fn()[39m[2m).[22mtoHaveBeenCalledWith[2m([22m[32m...expected[39m[2m)[22m

    Expected: [32mObjectContaining {"detail": {"entryZone": {"end": 51000, "start": 50000}, "message": "Price has entered the proposed entry zone", "price": 50500}, "type": "proposal:entryZoneReached"}[39m

    Number of calls: [31m0[39m
[2m[22m
[2m    [0m [90m 464 |[39m         dispatcher[33m.[39mcheckPriceInEntryZone(price[33m,[39m entryZone)[33m;[39m[22m
[2m     [90m 465 |[39m[22m
[2m    [31m[1m>[22m[2m[39m[90m 466 |[39m         expect(mockWindow[33m.[39mdispatchEvent)[33m.[39mtoHaveBeenCalledWith([22m
[2m     [90m     |[39m                                          [31m[1m^[22m[2m[39m[22m
[2m     [90m 467 |[39m           expect[33m.[39mobjectContaining({[22m
[2m     [90m 468 |[39m             type[33m:[39m [32m'proposal:entryZoneReached'[39m[33m,[39m[22m
[2m     [90m 469 |[39m             detail[33m:[39m {[0m[22m
[2m[22m
[2m      [2mat Object.<anonymous> ([22m[2m[0m[36mtests/unit/lib/utils/ui-event-dispatcher.test.ts[39m[0m[2m:466:42)[22m[2m[22m

[1m[31m  [1m● [22m[1mUIEventDispatcher › helper methods › checkPriceInEntryZone › should dispatch when price is at zone boundaries[39m[22m

    [2mexpect([22m[31mjest.fn()[39m[2m).[22mtoHaveBeenCalledTimes[2m([22m[32mexpected[39m[2m)[22m

    Expected number of calls: [32m1[39m
    Received number of calls: [31m0[39m
[2m[22m
[2m    [0m [90m 487 |[39m[22m
[2m     [90m 488 |[39m         dispatcher[33m.[39mcheckPriceInEntryZone([35m50000[39m[33m,[39m entryZone)[33m;[39m[22m
[2m    [31m[1m>[22m[2m[39m[90m 489 |[39m         expect(mockWindow[33m.[39mdispatchEvent)[33m.[39mtoHaveBeenCalledTimes([35m1[39m)[33m;[39m[22m
[2m     [90m     |[39m                                          [31m[1m^[22m[2m[39m[22m
[2m     [90m 490 |[39m[22m
[2m     [90m 491 |[39m         dispatcher[33m.[39mcheckPriceInEntryZone([35m51000[39m[33m,[39m entryZone)[33m;[39m[22m
[2m     [90m 492 |[39m         expect(mockWindow[33m.[39mdispatchEvent)[33m.[39mtoHaveBeenCalledTimes([35m2[39m)[33m;[39m[0m[22m
[2m[22m
[2m      [2mat Object.<anonymous> ([22m[2m[0m[36mtests/unit/lib/utils/ui-event-dispatcher.test.ts[39m[0m[2m:489:42)[22m[2m[22m

[0m[7m[1m[31m FAIL [39m[22m[27m[0m [2mtests/unit/lib/analysis/[22m[1mpattern-detector.test.ts[22m
[1m[31m  [1m● [22m[1mPatternDetector › Pattern visualization and metrics › should create proper visualization for head and shoulders[39m[22m

    [2mexpect([22m[31mreceived[39m[2m).[22mtoBeGreaterThan[2m([22m[32mexpected[39m[2m)[22m

    Expected: > [32m0[39m
    Received:   [31m0[39m
[2m[22m
[2m    [0m [90m 495 |[39m       })[33m;[39m[22m
[2m     [90m 496 |[39m       [22m
[2m    [31m[1m>[22m[2m[39m[90m 497 |[39m       expect(patterns[33m.[39mlength)[33m.[39mtoBeGreaterThan([35m0[39m)[33m;[39m[22m
[2m     [90m     |[39m                               [31m[1m^[22m[2m[39m[22m
[2m     [90m 498 |[39m       [36mconst[39m pattern [33m=[39m patterns[[35m0[39m][33m;[39m[22m
[2m     [90m 499 |[39m       expect(pattern[33m?[39m[33m.[39mvisualization)[33m.[39mtoBeDefined()[33m;[39m[22m
[2m     [90m 500 |[39m       expect(pattern[33m?[39m[33m.[39mvisualization[33m.[39mkeyPoints)[33m.[39mtoHaveLength([35m6[39m)[33m;[39m [90m// 5 pattern points + target[39m[0m[22m
[2m[22m
[2m      [2mat Object.<anonymous> ([22m[2m[0m[36mtests/unit/lib/analysis/pattern-detector.test.ts[39m[0m[2m:497:31)[22m[2m[22m

[0m[7m[1m[31m FAIL [39m[22m[27m[0m [2mtests/unit/lib/monitoring/[22m[1mmetrics.test.ts[22m
[1m[31m  [1m● [22m[1mMetricsCollector › Metric Registration › should register a new metric[39m[22m

    TypeError: Cannot read properties of undefined (reading 'reset')
[2m[22m
[2m    [0m [90m 16 |[39m     jest[33m.[39mclearAllMocks()[33m;[39m[22m
[2m     [90m 17 |[39m     [90m// Reset all metrics[39m[22m
[2m    [31m[1m>[22m[2m[39m[90m 18 |[39m     metricsCollector[33m.[39mreset()[33m;[39m[22m
[2m     [90m    |[39m                      [31m[1m^[22m[2m[39m[22m
[2m     [90m 19 |[39m   })[33m;[39m[22m
[2m     [90m 20 |[39m[22m
[2m     [90m 21 |[39m   describe([32m'Metric Registration'[39m[33m,[39m () [33m=>[39m {[0m[22m
[2m[22m
[2m      [2mat Object.<anonymous> ([22m[2m[0m[36mtests/unit/lib/monitoring/metrics.test.ts[39m[0m[2m:18:22)[22m[2m[22m

[1m[31m  [1m● [22m[1mMetricsCollector › Metric Registration › should initialize with default metrics[39m[22m

    TypeError: Cannot read properties of undefined (reading 'reset')
[2m[22m
[2m    [0m [90m 16 |[39m     jest[33m.[39mclearAllMocks()[33m;[39m[22m
[2m     [90m 17 |[39m     [90m// Reset all metrics[39m[22m
[2m    [31m[1m>[22m[2m[39m[90m 18 |[39m     metricsCollector[33m.[39mreset()[33m;[39m[22m
[2m     [90m    |[39m                      [31m[1m^[22m[2m[39m[22m
[2m     [90m 19 |[39m   })[33m;[39m[22m
[2m     [90m 20 |[39m[22m
[2m     [90m 21 |[39m   describe([32m'Metric Registration'[39m[33m,[39m () [33m=>[39m {[0m[22m
[2m[22m
[2m      [2mat Object.<anonymous> ([22m[2m[0m[36mtests/unit/lib/monitoring/metrics.test.ts[39m[0m[2m:18:22)[22m[2m[22m

[1m[31m  [1m● [22m[1mMetricsCollector › Counter Operations › should increment counter metric[39m[22m

    TypeError: Cannot read properties of undefined (reading 'reset')
[2m[22m
[2m    [0m [90m 16 |[39m     jest[33m.[39mclearAllMocks()[33m;[39m[22m
[2m     [90m 17 |[39m     [90m// Reset all metrics[39m[22m
[2m    [31m[1m>[22m[2m[39m[90m 18 |[39m     metricsCollector[33m.[39mreset()[33m;[39m[22m
[2m     [90m    |[39m                      [31m[1m^[22m[2m[39m[22m
[2m     [90m 19 |[39m   })[33m;[39m[22m
[2m     [90m 20 |[39m[22m
[2m     [90m 21 |[39m   describe([32m'Metric Registration'[39m[33m,[39m () [33m=>[39m {[0m[22m
[2m[22m
[2m      [2mat Object.<anonymous> ([22m[2m[0m[36mtests/unit/lib/monitoring/metrics.test.ts[39m[0m[2m:18:22)[22m[2m[22m

[1m[31m  [1m● [22m[1mMetricsCollector › Counter Operations › should increment counter by custom value[39m[22m

    TypeError: Cannot read properties of undefined (reading 'reset')
[2m[22m
[2m    [0m [90m 16 |[39m     jest[33m.[39mclearAllMocks()[33m;[39m[22m
[2m     [90m 17 |[39m     [90m// Reset all metrics[39m[22m
[2m    [31m[1m>[22m[2m[39m[90m 18 |[39m     metricsCollector[33m.[39mreset()[33m;[39m[22m
[2m     [90m    |[39m                      [31m[1m^[22m[2m[39m[22m
[2m     [90m 19 |[39m   })[33m;[39m[22m
[2m     [90m 20 |[39m[22m
[2m     [90m 21 |[39m   describe([32m'Metric Registration'[39m[33m,[39m () [33m=>[39m {[0m[22m
[2m[22m
[2m      [2mat Object.<anonymous> ([22m[2m[0m[36mtests/unit/lib/monitoring/metrics.test.ts[39m[0m[2m:18:22)[22m[2m[22m

[1m[31m  [1m● [22m[1mMetricsCollector › Counter Operations › should accumulate increments[39m[22m

    TypeError: Cannot read properties of undefined (reading 'reset')
[2m[22m
[2m    [0m [90m 16 |[39m     jest[33m.[39mclearAllMocks()[33m;[39m[22m
[2m     [90m 17 |[39m     [90m// Reset all metrics[39m[22m
[2m    [31m[1m>[22m[2m[39m[90m 18 |[39m     metricsCollector[33m.[39mreset()[33m;[39m[22m
[2m     [90m    |[39m                      [31m[1m^[22m[2m[39m[22m
[2m     [90m 19 |[39m   })[33m;[39m[22m
[2m     [90m 20 |[39m[22m
[2m     [90m 21 |[39m   describe([32m'Metric Registration'[39m[33m,[39m () [33m=>[39m {[0m[22m
[2m[22m
[2m      [2mat Object.<anonymous> ([22m[2m[0m[36mtests/unit/lib/monitoring/metrics.test.ts[39m[0m[2m:18:22)[22m[2m[22m

[1m[31m  [1m● [22m[1mMetricsCollector › Counter Operations › should warn when incrementing unknown metric[39m[22m

    TypeError: Cannot read properties of undefined (reading 'reset')
[2m[22m
[2m    [0m [90m 16 |[39m     jest[33m.[39mclearAllMocks()[33m;[39m[22m
[2m     [90m 17 |[39m     [90m// Reset all metrics[39m[22m
[2m    [31m[1m>[22m[2m[39m[90m 18 |[39m     metricsCollector[33m.[39mreset()[33m;[39m[22m
[2m     [90m    |[39m                      [31m[1m^[22m[2m[39m[22m
[2m     [90m 19 |[39m   })[33m;[39m[22m
[2m     [90m 20 |[39m[22m
[2m     [90m 21 |[39m   describe([32m'Metric Registration'[39m[33m,[39m () [33m=>[39m {[0m[22m
[2m[22m
[2m      [2mat Object.<anonymous> ([22m[2m[0m[36mtests/unit/lib/monitoring/metrics.test.ts[39m[0m[2m:18:22)[22m[2m[22m

[1m[31m  [1m● [22m[1mMetricsCollector › Counter Operations › should warn when incrementing non-counter metric[39m[22m

    TypeError: Cannot read properties of undefined (reading 'reset')
[2m[22m
[2m    [0m [90m 16 |[39m     jest[33m.[39mclearAllMocks()[33m;[39m[22m
[2m     [90m 17 |[39m     [90m// Reset all metrics[39m[22m
[2m    [31m[1m>[22m[2m[39m[90m 18 |[39m     metricsCollector[33m.[39mreset()[33m;[39m[22m
[2m     [90m    |[39m                      [31m[1m^[22m[2m[39m[22m
[2m     [90m 19 |[39m   })[33m;[39m[22m
[2m     [90m 20 |[39m[22m
[2m     [90m 21 |[39m   describe([32m'Metric Registration'[39m[33m,[39m () [33m=>[39m {[0m[22m
[2m[22m
[2m      [2mat Object.<anonymous> ([22m[2m[0m[36mtests/unit/lib/monitoring/metrics.test.ts[39m[0m[2m:18:22)[22m[2m[22m

[1m[31m  [1m● [22m[1mMetricsCollector › Gauge Operations › should set gauge metric value[39m[22m

    TypeError: Cannot read properties of undefined (reading 'reset')
[2m[22m
[2m    [0m [90m 16 |[39m     jest[33m.[39mclearAllMocks()[33m;[39m[22m
[2m     [90m 17 |[39m     [90m// Reset all metrics[39m[22m
[2m    [31m[1m>[22m[2m[39m[90m 18 |[39m     metricsCollector[33m.[39mreset()[33m;[39m[22m
[2m     [90m    |[39m                      [31m[1m^[22m[2m[39m[22m
[2m     [90m 19 |[39m   })[33m;[39m[22m
[2m     [90m 20 |[39m[22m
[2m     [90m 21 |[39m   describe([32m'Metric Registration'[39m[33m,[39m () [33m=>[39m {[0m[22m
[2m[22m
[2m      [2mat Object.<anonymous> ([22m[2m[0m[36mtests/unit/lib/monitoring/metrics.test.ts[39m[0m[2m:18:22)[22m[2m[22m

[1m[31m  [1m● [22m[1mMetricsCollector › Gauge Operations › should overwrite gauge value[39m[22m

    TypeError: Cannot read properties of undefined (reading 'reset')
[2m[22m
[2m    [0m [90m 16 |[39m     jest[33m.[39mclearAllMocks()[33m;[39m[22m
[2m     [90m 17 |[39m     [90m// Reset all metrics[39m[22m
[2m    [31m[1m>[22m[2m[39m[90m 18 |[39m     metricsCollector[33m.[39mreset()[33m;[39m[22m
[2m     [90m    |[39m                      [31m[1m^[22m[2m[39m[22m
[2m     [90m 19 |[39m   })[33m;[39m[22m
[2m     [90m 20 |[39m[22m
[2m     [90m 21 |[39m   describe([32m'Metric Registration'[39m[33m,[39m () [33m=>[39m {[0m[22m
[2m[22m
[2m      [2mat Object.<anonymous> ([22m[2m[0m[36mtests/unit/lib/monitoring/metrics.test.ts[39m[0m[2m:18:22)[22m[2m[22m

[1m[31m  [1m● [22m[1mMetricsCollector › Gauge Operations › should warn when setting unknown metric[39m[22m

    TypeError: Cannot read properties of undefined (reading 'reset')
[2m[22m
[2m    [0m [90m 16 |[39m     jest[33m.[39mclearAllMocks()[33m;[39m[22m
[2m     [90m 17 |[39m     [90m// Reset all metrics[39m[22m
[2m    [31m[1m>[22m[2m[39m[90m 18 |[39m     metricsCollector[33m.[39mreset()[33m;[39m[22m
[2m     [90m    |[39m                      [31m[1m^[22m[2m[39m[22m
[2m     [90m 19 |[39m   })[33m;[39m[22m
[2m     [90m 20 |[39m[22m
[2m     [90m 21 |[39m   describe([32m'Metric Registration'[39m[33m,[39m () [33m=>[39m {[0m[22m
[2m[22m
[2m      [2mat Object.<anonymous> ([22m[2m[0m[36mtests/unit/lib/monitoring/metrics.test.ts[39m[0m[2m:18:22)[22m[2m[22m

[1m[31m  [1m● [22m[1mMetricsCollector › Gauge Operations › should allow setting counter values[39m[22m

    TypeError: Cannot read properties of undefined (reading 'reset')
[2m[22m
[2m    [0m [90m 16 |[39m     jest[33m.[39mclearAllMocks()[33m;[39m[22m
[2m     [90m 17 |[39m     [90m// Reset all metrics[39m[22m
[2m    [31m[1m>[22m[2m[39m[90m 18 |[39m     metricsCollector[33m.[39mreset()[33m;[39m[22m
[2m     [90m    |[39m                      [31m[1m^[22m[2m[39m[22m
[2m     [90m 19 |[39m   })[33m;[39m[22m
[2m     [90m 20 |[39m[22m
[2m     [90m 21 |[39m   describe([32m'Metric Registration'[39m[33m,[39m () [33m=>[39m {[0m[22m
[2m[22m
[2m      [2mat Object.<anonymous> ([22m[2m[0m[36mtests/unit/lib/monitoring/metrics.test.ts[39m[0m[2m:18:22)[22m[2m[22m

[1m[31m  [1m● [22m[1mMetricsCollector › Histogram Operations › should observe histogram values[39m[22m

    TypeError: Cannot read properties of undefined (reading 'reset')
[2m[22m
[2m    [0m [90m 16 |[39m     jest[33m.[39mclearAllMocks()[33m;[39m[22m
[2m     [90m 17 |[39m     [90m// Reset all metrics[39m[22m
[2m    [31m[1m>[22m[2m[39m[90m 18 |[39m     metricsCollector[33m.[39mreset()[33m;[39m[22m
[2m     [90m    |[39m                      [31m[1m^[22m[2m[39m[22m
[2m     [90m 19 |[39m   })[33m;[39m[22m
[2m     [90m 20 |[39m[22m
[2m     [90m 21 |[39m   describe([32m'Metric Registration'[39m[33m,[39m () [33m=>[39m {[0m[22m
[2m[22m
[2m      [2mat Object.<anonymous> ([22m[2m[0m[36mtests/unit/lib/monitoring/metrics.test.ts[39m[0m[2m:18:22)[22m[2m[22m

[1m[31m  [1m● [22m[1mMetricsCollector › Histogram Operations › should update histogram with latest observation[39m[22m

    TypeError: Cannot read properties of undefined (reading 'reset')
[2m[22m
[2m    [0m [90m 16 |[39m     jest[33m.[39mclearAllMocks()[33m;[39m[22m
[2m     [90m 17 |[39m     [90m// Reset all metrics[39m[22m
[2m    [31m[1m>[22m[2m[39m[90m 18 |[39m     metricsCollector[33m.[39mreset()[33m;[39m[22m
[2m     [90m    |[39m                      [31m[1m^[22m[2m[39m[22m
[2m     [90m 19 |[39m   })[33m;[39m[22m
[2m     [90m 20 |[39m[22m
[2m     [90m 21 |[39m   describe([32m'Metric Registration'[39m[33m,[39m () [33m=>[39m {[0m[22m
[2m[22m
[2m      [2mat Object.<anonymous> ([22m[2m[0m[36mtests/unit/lib/monitoring/metrics.test.ts[39m[0m[2m:18:22)[22m[2m[22m

[1m[31m  [1m● [22m[1mMetricsCollector › Histogram Operations › should warn when observing unknown metric[39m[22m

    TypeError: Cannot read properties of undefined (reading 'reset')
[2m[22m
[2m    [0m [90m 16 |[39m     jest[33m.[39mclearAllMocks()[33m;[39m[22m
[2m     [90m 17 |[39m     [90m// Reset all metrics[39m[22m
[2m    [31m[1m>[22m[2m[39m[90m 18 |[39m     metricsCollector[33m.[39mreset()[33m;[39m[22m
[2m     [90m    |[39m                      [31m[1m^[22m[2m[39m[22m
[2m     [90m 19 |[39m   })[33m;[39m[22m
[2m     [90m 20 |[39m[22m
[2m     [90m 21 |[39m   describe([32m'Metric Registration'[39m[33m,[39m () [33m=>[39m {[0m[22m
[2m[22m
[2m      [2mat Object.<anonymous> ([22m[2m[0m[36mtests/unit/lib/monitoring/metrics.test.ts[39m[0m[2m:18:22)[22m[2m[22m

[1m[31m  [1m● [22m[1mMetricsCollector › Histogram Operations › should warn when observing non-histogram metric[39m[22m

    TypeError: Cannot read properties of undefined (reading 'reset')
[2m[22m
[2m    [0m [90m 16 |[39m     jest[33m.[39mclearAllMocks()[33m;[39m[22m
[2m     [90m 17 |[39m     [90m// Reset all metrics[39m[22m
[2m    [31m[1m>[22m[2m[39m[90m 18 |[39m     metricsCollector[33m.[39mreset()[33m;[39m[22m
[2m     [90m    |[39m                      [31m[1m^[22m[2m[39m[22m
[2m     [90m 19 |[39m   })[33m;[39m[22m
[2m     [90m 20 |[39m[22m
[2m     [90m 21 |[39m   describe([32m'Metric Registration'[39m[33m,[39m () [33m=>[39m {[0m[22m
[2m[22m
[2m      [2mat Object.<anonymous> ([22m[2m[0m[36mtests/unit/lib/monitoring/metrics.test.ts[39m[0m[2m:18:22)[22m[2m[22m

[1m[31m  [1m● [22m[1mMetricsCollector › Prometheus Export › should export metrics in Prometheus format[39m[22m

    TypeError: Cannot read properties of undefined (reading 'reset')
[2m[22m
[2m    [0m [90m 16 |[39m     jest[33m.[39mclearAllMocks()[33m;[39m[22m
[2m     [90m 17 |[39m     [90m// Reset all metrics[39m[22m
[2m    [31m[1m>[22m[2m[39m[90m 18 |[39m     metricsCollector[33m.[39mreset()[33m;[39m[22m
[2m     [90m    |[39m                      [31m[1m^[22m[2m[39m[22m
[2m     [90m 19 |[39m   })[33m;[39m[22m
[2m     [90m 20 |[39m[22m
[2m     [90m 21 |[39m   describe([32m'Metric Registration'[39m[33m,[39m () [33m=>[39m {[0m[22m
[2m[22m
[2m      [2mat Object.<anonymous> ([22m[2m[0m[36mtests/unit/lib/monitoring/metrics.test.ts[39m[0m[2m:18:22)[22m[2m[22m

[1m[31m  [1m● [22m[1mMetricsCollector › Prometheus Export › should handle empty metrics gracefully[39m[22m

    TypeError: Cannot read properties of undefined (reading 'reset')
[2m[22m
[2m    [0m [90m 16 |[39m     jest[33m.[39mclearAllMocks()[33m;[39m[22m
[2m     [90m 17 |[39m     [90m// Reset all metrics[39m[22m
[2m    [31m[1m>[22m[2m[39m[90m 18 |[39m     metricsCollector[33m.[39mreset()[33m;[39m[22m
[2m     [90m    |[39m                      [31m[1m^[22m[2m[39m[22m
[2m     [90m 19 |[39m   })[33m;[39m[22m
[2m     [90m 20 |[39m[22m
[2m     [90m 21 |[39m   describe([32m'Metric Registration'[39m[33m,[39m () [33m=>[39m {[0m[22m
[2m[22m
[2m      [2mat Object.<anonymous> ([22m[2m[0m[36mtests/unit/lib/monitoring/metrics.test.ts[39m[0m[2m:18:22)[22m[2m[22m

[1m[31m  [1m● [22m[1mMetricsCollector › Prometheus Export › should include all registered metrics[39m[22m

    TypeError: Cannot read properties of undefined (reading 'reset')
[2m[22m
[2m    [0m [90m 16 |[39m     jest[33m.[39mclearAllMocks()[33m;[39m[22m
[2m     [90m 17 |[39m     [90m// Reset all metrics[39m[22m
[2m    [31m[1m>[22m[2m[39m[90m 18 |[39m     metricsCollector[33m.[39mreset()[33m;[39m[22m
[2m     [90m    |[39m                      [31m[1m^[22m[2m[39m[22m
[2m     [90m 19 |[39m   })[33m;[39m[22m
[2m     [90m 20 |[39m[22m
[2m     [90m 21 |[39m   describe([32m'Metric Registration'[39m[33m,[39m () [33m=>[39m {[0m[22m
[2m[22m
[2m      [2mat Object.<anonymous> ([22m[2m[0m[36mtests/unit/lib/monitoring/metrics.test.ts[39m[0m[2m:18:22)[22m[2m[22m

[1m[31m  [1m● [22m[1mMetricsCollector › JSON Export › should export all metrics as JSON[39m[22m

    TypeError: Cannot read properties of undefined (reading 'reset')
[2m[22m
[2m    [0m [90m 16 |[39m     jest[33m.[39mclearAllMocks()[33m;[39m[22m
[2m     [90m 17 |[39m     [90m// Reset all metrics[39m[22m
[2m    [31m[1m>[22m[2m[39m[90m 18 |[39m     metricsCollector[33m.[39mreset()[33m;[39m[22m
[2m     [90m    |[39m                      [31m[1m^[22m[2m[39m[22m
[2m     [90m 19 |[39m   })[33m;[39m[22m
[2m     [90m 20 |[39m[22m
[2m     [90m 21 |[39m   describe([32m'Metric Registration'[39m[33m,[39m () [33m=>[39m {[0m[22m
[2m[22m
[2m      [2mat Object.<anonymous> ([22m[2m[0m[36mtests/unit/lib/monitoring/metrics.test.ts[39m[0m[2m:18:22)[22m[2m[22m

[1m[31m  [1m● [22m[1mMetricsCollector › JSON Export › should include all metric metadata[39m[22m

    TypeError: Cannot read properties of undefined (reading 'reset')
[2m[22m
[2m    [0m [90m 16 |[39m     jest[33m.[39mclearAllMocks()[33m;[39m[22m
[2m     [90m 17 |[39m     [90m// Reset all metrics[39m[22m
[2m    [31m[1m>[22m[2m[39m[90m 18 |[39m     metricsCollector[33m.[39mreset()[33m;[39m[22m
[2m     [90m    |[39m                      [31m[1m^[22m[2m[39m[22m
[2m     [90m 19 |[39m   })[33m;[39m[22m
[2m     [90m 20 |[39m[22m
[2m     [90m 21 |[39m   describe([32m'Metric Registration'[39m[33m,[39m () [33m=>[39m {[0m[22m
[2m[22m
[2m      [2mat Object.<anonymous> ([22m[2m[0m[36mtests/unit/lib/monitoring/metrics.test.ts[39m[0m[2m:18:22)[22m[2m[22m

[1m[31m  [1m● [22m[1mMetricsCollector › Reset Functionality › should reset all counters to zero[39m[22m

    TypeError: Cannot read properties of undefined (reading 'reset')
[2m[22m
[2m    [0m [90m 16 |[39m     jest[33m.[39mclearAllMocks()[33m;[39m[22m
[2m     [90m 17 |[39m     [90m// Reset all metrics[39m[22m
[2m    [31m[1m>[22m[2m[39m[90m 18 |[39m     metricsCollector[33m.[39mreset()[33m;[39m[22m
[2m     [90m    |[39m                      [31m[1m^[22m[2m[39m[22m
[2m     [90m 19 |[39m   })[33m;[39m[22m
[2m     [90m 20 |[39m[22m
[2m     [90m 21 |[39m   describe([32m'Metric Registration'[39m[33m,[39m () [33m=>[39m {[0m[22m
[2m[22m
[2m      [2mat Object.<anonymous> ([22m[2m[0m[36mtests/unit/lib/monitoring/metrics.test.ts[39m[0m[2m:18:22)[22m[2m[22m

[1m[31m  [1m● [22m[1mMetricsCollector › Reset Functionality › should log reset action[39m[22m

    TypeError: Cannot read properties of undefined (reading 'reset')
[2m[22m
[2m    [0m [90m 16 |[39m     jest[33m.[39mclearAllMocks()[33m;[39m[22m
[2m     [90m 17 |[39m     [90m// Reset all metrics[39m[22m
[2m    [31m[1m>[22m[2m[39m[90m 18 |[39m     metricsCollector[33m.[39mreset()[33m;[39m[22m
[2m     [90m    |[39m                      [31m[1m^[22m[2m[39m[22m
[2m     [90m 19 |[39m   })[33m;[39m[22m
[2m     [90m 20 |[39m[22m
[2m     [90m 21 |[39m   describe([32m'Metric Registration'[39m[33m,[39m () [33m=>[39m {[0m[22m
[2m[22m
[2m      [2mat Object.<anonymous> ([22m[2m[0m[36mtests/unit/lib/monitoring/metrics.test.ts[39m[0m[2m:18:22)[22m[2m[22m

[1m[31m  [1m● [22m[1mMetricsCollector › Helper Functions › should increment metric using helper[39m[22m

    TypeError: Cannot read properties of undefined (reading 'reset')
[2m[22m
[2m    [0m [90m 16 |[39m     jest[33m.[39mclearAllMocks()[33m;[39m[22m
[2m     [90m 17 |[39m     [90m// Reset all metrics[39m[22m
[2m    [31m[1m>[22m[2m[39m[90m 18 |[39m     metricsCollector[33m.[39mreset()[33m;[39m[22m
[2m     [90m    |[39m                      [31m[1m^[22m[2m[39m[22m
[2m     [90m 19 |[39m   })[33m;[39m[22m
[2m     [90m 20 |[39m[22m
[2m     [90m 21 |[39m   describe([32m'Metric Registration'[39m[33m,[39m () [33m=>[39m {[0m[22m
[2m[22m
[2m      [2mat Object.<anonymous> ([22m[2m[0m[36mtests/unit/lib/monitoring/metrics.test.ts[39m[0m[2m:18:22)[22m[2m[22m

[1m[31m  [1m● [22m[1mMetricsCollector › Helper Functions › should set metric using helper[39m[22m

    TypeError: Cannot read properties of undefined (reading 'reset')
[2m[22m
[2m    [0m [90m 16 |[39m     jest[33m.[39mclearAllMocks()[33m;[39m[22m
[2m     [90m 17 |[39m     [90m// Reset all metrics[39m[22m
[2m    [31m[1m>[22m[2m[39m[90m 18 |[39m     metricsCollector[33m.[39mreset()[33m;[39m[22m
[2m     [90m    |[39m                      [31m[1m^[22m[2m[39m[22m
[2m     [90m 19 |[39m   })[33m;[39m[22m
[2m     [90m 20 |[39m[22m
[2m     [90m 21 |[39m   describe([32m'Metric Registration'[39m[33m,[39m () [33m=>[39m {[0m[22m
[2m[22m
[2m      [2mat Object.<anonymous> ([22m[2m[0m[36mtests/unit/lib/monitoring/metrics.test.ts[39m[0m[2m:18:22)[22m[2m[22m

[1m[31m  [1m● [22m[1mMetricsCollector › Helper Functions › should observe metric using helper[39m[22m

    TypeError: Cannot read properties of undefined (reading 'reset')
[2m[22m
[2m    [0m [90m 16 |[39m     jest[33m.[39mclearAllMocks()[33m;[39m[22m
[2m     [90m 17 |[39m     [90m// Reset all metrics[39m[22m
[2m    [31m[1m>[22m[2m[39m[90m 18 |[39m     metricsCollector[33m.[39mreset()[33m;[39m[22m
[2m     [90m    |[39m                      [31m[1m^[22m[2m[39m[22m
[2m     [90m 19 |[39m   })[33m;[39m[22m
[2m     [90m 20 |[39m[22m
[2m     [90m 21 |[39m   describe([32m'Metric Registration'[39m[33m,[39m () [33m=>[39m {[0m[22m
[2m[22m
[2m      [2mat Object.<anonymous> ([22m[2m[0m[36mtests/unit/lib/monitoring/metrics.test.ts[39m[0m[2m:18:22)[22m[2m[22m

[1m[31m  [1m● [22m[1mMetricsCollector › Real-world Scenarios › should track drawing operation metrics[39m[22m

    TypeError: Cannot read properties of undefined (reading 'reset')
[2m[22m
[2m    [0m [90m 16 |[39m     jest[33m.[39mclearAllMocks()[33m;[39m[22m
[2m     [90m 17 |[39m     [90m// Reset all metrics[39m[22m
[2m    [31m[1m>[22m[2m[39m[90m 18 |[39m     metricsCollector[33m.[39mreset()[33m;[39m[22m
[2m     [90m    |[39m                      [31m[1m^[22m[2m[39m[22m
[2m     [90m 19 |[39m   })[33m;[39m[22m
[2m     [90m 20 |[39m[22m
[2m     [90m 21 |[39m   describe([32m'Metric Registration'[39m[33m,[39m () [33m=>[39m {[0m[22m
[2m[22m
[2m      [2mat Object.<anonymous> ([22m[2m[0m[36mtests/unit/lib/monitoring/metrics.test.ts[39m[0m[2m:18:22)[22m[2m[22m

[1m[31m  [1m● [22m[1mMetricsCollector › Real-world Scenarios › should track market data operations[39m[22m

    TypeError: Cannot read properties of undefined (reading 'reset')
[2m[22m
[2m    [0m [90m 16 |[39m     jest[33m.[39mclearAllMocks()[33m;[39m[22m
[2m     [90m 17 |[39m     [90m// Reset all metrics[39m[22m
[2m    [31m[1m>[22m[2m[39m[90m 18 |[39m     metricsCollector[33m.[39mreset()[33m;[39m[22m
[2m     [90m    |[39m                      [31m[1m^[22m[2m[39m[22m
[2m     [90m 19 |[39m   })[33m;[39m[22m
[2m     [90m 20 |[39m[22m
[2m     [90m 21 |[39m   describe([32m'Metric Registration'[39m[33m,[39m () [33m=>[39m {[0m[22m
[2m[22m
[2m      [2mat Object.<anonymous> ([22m[2m[0m[36mtests/unit/lib/monitoring/metrics.test.ts[39m[0m[2m:18:22)[22m[2m[22m

[1m[31m  [1m● [22m[1mMetricsCollector › Real-world Scenarios › should handle high-frequency metric updates[39m[22m

    TypeError: Cannot read properties of undefined (reading 'reset')
[2m[22m
[2m    [0m [90m 16 |[39m     jest[33m.[39mclearAllMocks()[33m;[39m[22m
[2m     [90m 17 |[39m     [90m// Reset all metrics[39m[22m
[2m    [31m[1m>[22m[2m[39m[90m 18 |[39m     metricsCollector[33m.[39mreset()[33m;[39m[22m
[2m     [90m    |[39m                      [31m[1m^[22m[2m[39m[22m
[2m     [90m 19 |[39m   })[33m;[39m[22m
[2m     [90m 20 |[39m[22m
[2m     [90m 21 |[39m   describe([32m'Metric Registration'[39m[33m,[39m () [33m=>[39m {[0m[22m
[2m[22m
[2m      [2mat Object.<anonymous> ([22m[2m[0m[36mtests/unit/lib/monitoring/metrics.test.ts[39m[0m[2m:18:22)[22m[2m[22m

[1m[31m  [1m● [22m[1mMetricsCollector › Performance Monitoring › should track operation durations[39m[22m

    TypeError: Cannot read properties of undefined (reading 'reset')
[2m[22m
[2m    [0m [90m 16 |[39m     jest[33m.[39mclearAllMocks()[33m;[39m[22m
[2m     [90m 17 |[39m     [90m// Reset all metrics[39m[22m
[2m    [31m[1m>[22m[2m[39m[90m 18 |[39m     metricsCollector[33m.[39mreset()[33m;[39m[22m
[2m     [90m    |[39m                      [31m[1m^[22m[2m[39m[22m
[2m     [90m 19 |[39m   })[33m;[39m[22m
[2m     [90m 20 |[39m[22m
[2m     [90m 21 |[39m   describe([32m'Metric Registration'[39m[33m,[39m () [33m=>[39m {[0m[22m
[2m[22m
[2m      [2mat Object.<anonymous> ([22m[2m[0m[36mtests/unit/lib/monitoring/metrics.test.ts[39m[0m[2m:18:22)[22m[2m[22m

[1m[31m  [1m● [22m[1mMetricsCollector › Performance Monitoring › should handle concurrent metric updates[39m[22m

    TypeError: Cannot read properties of undefined (reading 'reset')
[2m[22m
[2m    [0m [90m 16 |[39m     jest[33m.[39mclearAllMocks()[33m;[39m[22m
[2m     [90m 17 |[39m     [90m// Reset all metrics[39m[22m
[2m    [31m[1m>[22m[2m[39m[90m 18 |[39m     metricsCollector[33m.[39mreset()[33m;[39m[22m
[2m     [90m    |[39m                      [31m[1m^[22m[2m[39m[22m
[2m     [90m 19 |[39m   })[33m;[39m[22m
[2m     [90m 20 |[39m[22m
[2m     [90m 21 |[39m   describe([32m'Metric Registration'[39m[33m,[39m () [33m=>[39m {[0m[22m
[2m[22m
[2m      [2mat Object.<anonymous> ([22m[2m[0m[36mtests/unit/lib/monitoring/metrics.test.ts[39m[0m[2m:18:22)[22m[2m[22m

[1m[31m  [1m● [22m[1mMetricsCollector › Error Handling › should handle invalid metric names gracefully[39m[22m

    TypeError: Cannot read properties of undefined (reading 'reset')
[2m[22m
[2m    [0m [90m 16 |[39m     jest[33m.[39mclearAllMocks()[33m;[39m[22m
[2m     [90m 17 |[39m     [90m// Reset all metrics[39m[22m
[2m    [31m[1m>[22m[2m[39m[90m 18 |[39m     metricsCollector[33m.[39mreset()[33m;[39m[22m
[2m     [90m    |[39m                      [31m[1m^[22m[2m[39m[22m
[2m     [90m 19 |[39m   })[33m;[39m[22m
[2m     [90m 20 |[39m[22m
[2m     [90m 21 |[39m   describe([32m'Metric Registration'[39m[33m,[39m () [33m=>[39m {[0m[22m
[2m[22m
[2m      [2mat Object.<anonymous> ([22m[2m[0m[36mtests/unit/lib/monitoring/metrics.test.ts[39m[0m[2m:18:22)[22m[2m[22m

[1m[31m  [1m● [22m[1mMetricsCollector › Error Handling › should handle invalid values gracefully[39m[22m

    TypeError: Cannot read properties of undefined (reading 'reset')
[2m[22m
[2m    [0m [90m 16 |[39m     jest[33m.[39mclearAllMocks()[33m;[39m[22m
[2m     [90m 17 |[39m     [90m// Reset all metrics[39m[22m
[2m    [31m[1m>[22m[2m[39m[90m 18 |[39m     metricsCollector[33m.[39mreset()[33m;[39m[22m
[2m     [90m    |[39m                      [31m[1m^[22m[2m[39m[22m
[2m     [90m 19 |[39m   })[33m;[39m[22m
[2m     [90m 20 |[39m[22m
[2m     [90m 21 |[39m   describe([32m'Metric Registration'[39m[33m,[39m () [33m=>[39m {[0m[22m
[2m[22m
[2m      [2mat Object.<anonymous> ([22m[2m[0m[36mtests/unit/lib/monitoring/metrics.test.ts[39m[0m[2m:18:22)[22m[2m[22m

[0m[7m[1m[31m FAIL [39m[22m[27m[0m [2mtests/unit/lib/mastra/agents/[22m[1morchestrator.agent.test.ts[22m
[1m[31m  [1m● [22m[1mOrchestratorAgent Comprehensive Tests › Intent Analysis › should correctly analyze UI control intent[39m[22m

    [2mexpect([22m[31mreceived[39m[2m).[22mtoBe[2m([22m[32mexpected[39m[2m) // Object.is equality[22m

    Expected: [32m"proposal_request"[39m
    Received: [31m"ui_control"[39m
[2m[22m
[2m    [0m [90m 279 |[39m       testCases[33m.[39mforEach(({ query[33m,[39m intent }) [33m=>[39m {[22m
[2m     [90m 280 |[39m         [36mconst[39m result [33m=[39m analyzeUserIntent(query)[33m;[39m[22m
[2m    [31m[1m>[22m[2m[39m[90m 281 |[39m         expect(result[33m.[39mintent)[33m.[39mtoBe(intent)[33m;[39m[22m
[2m     [90m     |[39m                               [31m[1m^[22m[2m[39m[22m
[2m     [90m 282 |[39m         expect(result[33m.[39mconfidence)[33m.[39mtoBeGreaterThan([35m0.8[39m)[33m;[39m[22m
[2m     [90m 283 |[39m       })[33m;[39m[22m
[2m     [90m 284 |[39m     })[33m;[39m[0m[22m
[2m[22m
[2m      [2mat [22m[2m[0m[36mtests/unit/lib/mastra/agents/orchestrator.agent.test.ts[39m[0m[2m:281:31[22m[2m[22m
[2m          at Array.forEach (<anonymous>)[22m
[2m      [2mat Object.<anonymous> ([22m[2m[0m[36mtests/unit/lib/mastra/agents/orchestrator.agent.test.ts[39m[0m[2m:279:17)[22m[2m[22m

[1m[31m  [1m● [22m[1mOrchestratorAgent Comprehensive Tests › Intent Analysis › should correctly analyze conversational intents[39m[22m

    [2mexpect([22m[31mreceived[39m[2m).[22mtoBe[2m([22m[32mexpected[39m[2m) // Object.is equality[22m

    Expected: [32m"market_chat"[39m
    Received: [31m"trading_analysis"[39m
[2m[22m
[2m    [0m [90m 310 |[39m       testCases[33m.[39mforEach(({ query[33m,[39m intent }) [33m=>[39m {[22m
[2m     [90m 311 |[39m         [36mconst[39m result [33m=[39m analyzeUserIntent(query)[33m;[39m[22m
[2m    [31m[1m>[22m[2m[39m[90m 312 |[39m         expect(result[33m.[39mintent)[33m.[39mtoBe(intent)[33m;[39m[22m
[2m     [90m     |[39m                               [31m[1m^[22m[2m[39m[22m
[2m     [90m 313 |[39m         expect(result[33m.[39mconfidence)[33m.[39mtoBeGreaterThan([35m0.7[39m)[33m;[39m[22m
[2m     [90m 314 |[39m       })[33m;[39m[22m
[2m     [90m 315 |[39m     })[33m;[39m[0m[22m
[2m[22m
[2m      [2mat [22m[2m[0m[36mtests/unit/lib/mastra/agents/orchestrator.agent.test.ts[39m[0m[2m:312:31[22m[2m[22m
[2m          at Array.forEach (<anonymous>)[22m
[2m      [2mat Object.<anonymous> ([22m[2m[0m[36mtests/unit/lib/mastra/agents/orchestrator.agent.test.ts[39m[0m[2m:310:17)[22m[2m[22m

[1m[31m  [1m● [22m[1mOrchestratorAgent Comprehensive Tests › Message Processing with executeImprovedOrchestrator › should process simple price inquiry[39m[22m

    [2mexpect([22m[31mreceived[39m[2m).[22mtoBeGreaterThan[2m([22m[32mexpected[39m[2m)[22m

    Expected: > [32m0[39m
    Received:   [31m0[39m
[2m[22m
[2m    [0m [90m 339 |[39m       expect(result[33m.[39manalysis[33m.[39mintent)[33m.[39mtoBe([32m'price_inquiry'[39m)[33m;[39m[22m
[2m     [90m 340 |[39m       expect(result[33m.[39mexecutionResult)[33m.[39mtoBeDefined()[33m;[39m[22m
[2m    [31m[1m>[22m[2m[39m[90m 341 |[39m       expect(result[33m.[39mexecutionTime)[33m.[39mtoBeGreaterThan([35m0[39m)[33m;[39m[22m
[2m     [90m     |[39m                                    [31m[1m^[22m[2m[39m[22m
[2m     [90m 342 |[39m     })[33m;[39m[22m
[2m     [90m 343 |[39m[22m
[2m     [90m 344 |[39m     it([32m'should handle greetings directly without agent delegation'[39m[33m,[39m [36masync[39m () [33m=>[39m {[0m[22m
[2m[22m
[2m      [2mat Object.<anonymous> ([22m[2m[0m[36mtests/unit/lib/mastra/agents/orchestrator.agent.test.ts[39m[0m[2m:341:36)[22m[2m[22m

[1m[31m  [1m● [22m[1mOrchestratorAgent Comprehensive Tests › Message Processing with executeImprovedOrchestrator › should handle session management properly[39m[22m

    [2mexpect([22m[31mjest.fn()[39m[2m).[22mtoHaveBeenCalledWith[2m([22m[32m...expected[39m[2m)[22m

    Expected: [32mObjectContaining {"content": "BTCの価格", "role": "user", "sessionId": Any<String>}[39m

    Number of calls: [31m0[39m
[2m[22m
[2m    [0m [90m 364 |[39m       [22m
[2m     [90m 365 |[39m       [36mconst[39m memoryStore [33m=[39m require([32m'@/lib/store/enhanced-conversation-memory.store'[39m)[33m.[39museEnhancedConversationMemory[33m.[39mgetState()[33m;[39m[22m
[2m    [31m[1m>[22m[2m[39m[90m 366 |[39m       expect(memoryStore[33m.[39maddMessage)[33m.[39mtoHaveBeenCalledWith([22m
[2m     [90m     |[39m                                      [31m[1m^[22m[2m[39m[22m
[2m     [90m 367 |[39m         expect[33m.[39mobjectContaining({[22m
[2m     [90m 368 |[39m           sessionId[33m:[39m expect[33m.[39many([33mString[39m)[33m,[39m[22m
[2m     [90m 369 |[39m           role[33m:[39m [32m'user'[39m[33m,[39m[0m[22m
[2m[22m
[2m      [2mat Object.<anonymous> ([22m[2m[0m[36mtests/unit/lib/mastra/agents/orchestrator.agent.test.ts[39m[0m[2m:366:38)[22m[2m[22m

[1m[31m  [1m● [22m[1mOrchestratorAgent Comprehensive Tests › Message Processing with executeImprovedOrchestrator › should handle trading analysis with proper context[39m[22m

    [2mexpect([22m[31mreceived[39m[2m).[22mtoBe[2m([22m[32mexpected[39m[2m) // Object.is equality[22m

    Expected: [32m"trading_analysis"[39m
    Received: [31m"price_inquiry"[39m
[2m[22m
[2m    [0m [90m 394 |[39m       [22m
[2m     [90m 395 |[39m       expect(result[33m.[39msuccess)[33m.[39mtoBe([36mtrue[39m)[33m;[39m[22m
[2m    [31m[1m>[22m[2m[39m[90m 396 |[39m       expect(result[33m.[39manalysis[33m.[39mintent)[33m.[39mtoBe([32m'trading_analysis'[39m)[33m;[39m[22m
[2m     [90m     |[39m                                      [31m[1m^[22m[2m[39m[22m
[2m     [90m 397 |[39m       expect(result[33m.[39manalysis[33m.[39manalysisDepth)[33m.[39mtoBe([32m'detailed'[39m)[33m;[39m[22m
[2m     [90m 398 |[39m     })[33m;[39m[22m
[2m     [90m 399 |[39m   })[33m;[39m[0m[22m
[2m[22m
[2m      [2mat Object.<anonymous> ([22m[2m[0m[36mtests/unit/lib/mastra/agents/orchestrator.agent.test.ts[39m[0m[2m:396:38)[22m[2m[22m

[1m[31m  [1m● [22m[1mOrchestratorAgent Comprehensive Tests › Error Handling and Fallbacks › should handle memory recall failures[39m[22m

    [2mexpect([22m[31mjest.fn()[39m[2m).[22mtoHaveBeenCalledWith[2m([22m[32m...expected[39m[2m)[22m

    Expected: [32mStringContaining "[Improved Orchestrator]"[39m, [32mObjectContaining {"error": "Memory error"}[39m

    Number of calls: [31m0[39m
[2m[22m
[2m    [0m [90m 422 |[39m       expect(result[33m.[39msuccess)[33m.[39mtoBe([36mtrue[39m)[33m;[39m[22m
[2m     [90m 423 |[39m       expect(result[33m.[39manalysis[33m.[39mintent)[33m.[39mtoBeDefined()[33m;[39m[22m
[2m    [31m[1m>[22m[2m[39m[90m 424 |[39m       expect(logger[33m.[39merror)[33m.[39mtoHaveBeenCalledWith([22m
[2m     [90m     |[39m                            [31m[1m^[22m[2m[39m[22m
[2m     [90m 425 |[39m         expect[33m.[39mstringContaining([32m'[Improved Orchestrator]'[39m)[33m,[39m[22m
[2m     [90m 426 |[39m         expect[33m.[39mobjectContaining({ error[33m:[39m [32m'Memory error'[39m })[22m
[2m     [90m 427 |[39m       )[33m;[39m[0m[22m
[2m[22m
[2m      [2mat Object.<anonymous> ([22m[2m[0m[36mtests/unit/lib/mastra/agents/orchestrator.agent.test.ts[39m[0m[2m:424:28)[22m[2m[22m

[1m[31m  [1m● [22m[1mOrchestratorAgent Comprehensive Tests › Tool Selection and Integration › should use memory recall tool for context-dependent queries[39m[22m

    [2mexpect([22m[31mjest.fn()[39m[2m).[22mtoHaveBeenCalled[2m()[22m

    Expected number of calls: >= [32m1[39m
    Received number of calls:    [31m0[39m
[2m[22m
[2m    [0m [90m 482 |[39m       [36mawait[39m executeImprovedOrchestrator([32m'それについてもっと詳しく'[39m)[33m;[39m[22m
[2m     [90m 483 |[39m       [22m
[2m    [31m[1m>[22m[2m[39m[90m 484 |[39m       expect(memoryStore[33m.[39mgetRecentMessages)[33m.[39mtoHaveBeenCalled()[33m;[39m[22m
[2m     [90m     |[39m                                             [31m[1m^[22m[2m[39m[22m
[2m     [90m 485 |[39m     })[33m;[39m[22m
[2m     [90m 486 |[39m[22m
[2m     [90m 487 |[39m     it([32m'should handle market snapshot requests'[39m[33m,[39m [36masync[39m () [33m=>[39m {[0m[22m
[2m[22m
[2m      [2mat Object.<anonymous> ([22m[2m[0m[36mtests/unit/lib/mastra/agents/orchestrator.agent.test.ts[39m[0m[2m:484:45)[22m[2m[22m

[1m[31m  [1m● [22m[1mOrchestratorAgent Comprehensive Tests › Context and Memory Management › should maintain conversation context across messages[39m[22m

    [2mexpect([22m[31mjest.fn()[39m[2m).[22mtoHaveBeenCalledTimes[2m([22m[32mexpected[39m[2m)[22m

    Expected number of calls: [32m2[39m
    Received number of calls: [31m0[39m
[2m[22m
[2m    [0m [90m 501 |[39m       [36mawait[39m executeImprovedOrchestrator([32m'それは高い？'[39m[33m,[39m sessionId)[33m;[39m[22m
[2m     [90m 502 |[39m       [22m
[2m    [31m[1m>[22m[2m[39m[90m 503 |[39m       expect(memoryStore[33m.[39maddMessage)[33m.[39mtoHaveBeenCalledTimes([35m2[39m)[33m;[39m[22m
[2m     [90m     |[39m                                      [31m[1m^[22m[2m[39m[22m
[2m     [90m 504 |[39m       expect(memoryStore[33m.[39mgetRecentMessages)[33m.[39mtoHaveBeenCalled()[33m;[39m[22m
[2m     [90m 505 |[39m     })[33m;[39m[22m
[2m     [90m 506 |[39m[0m[22m
[2m[22m
[2m      [2mat Object.<anonymous> ([22m[2m[0m[36mtests/unit/lib/mastra/agents/orchestrator.agent.test.ts[39m[0m[2m:503:38)[22m[2m[22m

[1m[31m  [1m● [22m[1mOrchestratorAgent Comprehensive Tests › Context and Memory Management › should extract metadata from queries[39m[22m

    [2mexpect([22m[31mjest.fn()[39m[2m).[22mtoHaveBeenCalledWith[2m([22m[32m...expected[39m[2m)[22m

    Expected: [32mObjectContaining {"metadata": ObjectContaining {"symbols": ArrayContaining ["BTC", "ETH"], "topics": ArrayContaining ["price", "analysis"]}}[39m

    Number of calls: [31m0[39m
[2m[22m
[2m    [0m [90m 518 |[39m       [36mawait[39m executeImprovedOrchestrator([32m'BTCとETHの価格分析をお願いします'[39m)[33m;[39m[22m
[2m     [90m 519 |[39m       [22m
[2m    [31m[1m>[22m[2m[39m[90m 520 |[39m       expect(memoryStore[33m.[39maddMessage)[33m.[39mtoHaveBeenCalledWith([22m
[2m     [90m     |[39m                                      [31m[1m^[22m[2m[39m[22m
[2m     [90m 521 |[39m         expect[33m.[39mobjectContaining({[22m
[2m     [90m 522 |[39m           metadata[33m:[39m expect[33m.[39mobjectContaining({[22m
[2m     [90m 523 |[39m             symbols[33m:[39m expect[33m.[39marrayContaining([[32m'BTC'[39m[33m,[39m [32m'ETH'[39m])[33m,[39m[0m[22m
[2m[22m
[2m      [2mat Object.<anonymous> ([22m[2m[0m[36mtests/unit/lib/mastra/agents/orchestrator.agent.test.ts[39m[0m[2m:520:38)[22m[2m[22m

[1m[31m  [1m● [22m[1mOrchestratorAgent Comprehensive Tests › Conversation Handling › should handle different conversation modes[39m[22m

    [2mexpect([22m[31mreceived[39m[2m).[22mtoBe[2m([22m[32mexpected[39m[2m) // Object.is equality[22m

    Expected: [32m"market_chat"[39m
    Received: [31m"trading_analysis"[39m
[2m[22m
[2m    [0m [90m 617 |[39m       [22m
[2m     [90m 618 |[39m       [36mconst[39m marketChatResult [33m=[39m [36mawait[39m executeImprovedOrchestrator([32m'最近の市場はどうですか？'[39m)[33m;[39m[22m
[2m    [31m[1m>[22m[2m[39m[90m 619 |[39m       expect(marketChatResult[33m.[39manalysis[33m.[39mintent)[33m.[39mtoBe([32m'market_chat'[39m)[33m;[39m[22m
[2m     [90m     |[39m                                                [31m[1m^[22m[2m[39m[22m
[2m     [90m 620 |[39m       [22m
[2m     [90m 621 |[39m       [36mconst[39m smallTalkResult [33m=[39m [36mawait[39m executeImprovedOrchestrator([32m'ありがとう！'[39m)[33m;[39m[22m
[2m     [90m 622 |[39m       expect(smallTalkResult[33m.[39manalysis[33m.[39mintent)[33m.[39mtoBe([32m'small_talk'[39m)[33m;[39m[0m[22m
[2m[22m
[2m      [2mat Object.<anonymous> ([22m[2m[0m[36mtests/unit/lib/mastra/agents/orchestrator.agent.test.ts[39m[0m[2m:619:48)[22m[2m[22m

[1m[31m  [1m● [22m[1mOrchestratorAgent Comprehensive Tests › Routing and Agent Selection › should handle proposal requests as trading analysis[39m[22m

    [2mexpect([22m[31mjest.fn()[39m[2m).[22mtoHaveBeenCalledWith[2m([22m[32m...expected[39m[2m)[22m

    Expected: [32mObjectContaining {"context": ObjectContaining {"agentType": "trading_analysis", "isProposalMode": true, "proposalType": "trendline"}}[39m

    Number of calls: [31m0[39m
[2m[22m
[2m    [0m [90m 702 |[39m       [36mawait[39m executeImprovedOrchestrator([32m'トレンドラインの提案をして'[39m)[33m;[39m[22m
[2m     [90m 703 |[39m       [22m
[2m    [31m[1m>[22m[2m[39m[90m 704 |[39m       expect(agentSelectionTool[33m.[39mexecute)[33m.[39mtoHaveBeenCalledWith([22m
[2m     [90m     |[39m                                          [31m[1m^[22m[2m[39m[22m
[2m     [90m 705 |[39m         expect[33m.[39mobjectContaining({[22m
[2m     [90m 706 |[39m           context[33m:[39m expect[33m.[39mobjectContaining({[22m
[2m     [90m 707 |[39m             agentType[33m:[39m [32m'trading_analysis'[39m[33m,[39m[0m[22m
[2m[22m
[2m      [2mat Object.<anonymous> ([22m[2m[0m[36mtests/unit/lib/mastra/agents/orchestrator.agent.test.ts[39m[0m[2m:704:42)[22m[2m[22m

[0m[7m[1m[31m FAIL [39m[22m[27m[0m [2mtests/unit/lib/mastra/utils/[22m[1mmodel-selector.test.ts[22m
[1m[31m  [1m● [22m[1mModelSelector › analyzeComplexity › specialized tasks › should identify creative tasks as specialized[39m[22m

    [2mexpect([22m[31mreceived[39m[2m).[22mtoBe[2m([22m[32mexpected[39m[2m) // Object.is equality[22m

    Expected: [32m"s[7mpecialized[27m"[39m
    Received: [31m"s[7mimple[27m"[39m
[2m[22m
[2m    [0m [90m 150 |[39m[22m
[2m     [90m 151 |[39m         testCases[33m.[39mforEach(task [33m=>[39m {[22m
[2m    [31m[1m>[22m[2m[39m[90m 152 |[39m           expect([33mModelSelector[39m[33m.[39manalyzeComplexity(task))[33m.[39mtoBe([32m'specialized'[39m)[33m;[39m[22m
[2m     [90m     |[39m                                                         [31m[1m^[22m[2m[39m[22m
[2m     [90m 153 |[39m         })[33m;[39m[22m
[2m     [90m 154 |[39m       })[33m;[39m[22m
[2m     [90m 155 |[39m[0m[22m
[2m[22m
[2m      [2mat [22m[2m[0m[36mtests/unit/lib/mastra/utils/model-selector.test.ts[39m[0m[2m:152:57[22m[2m[22m
[2m          at Array.forEach (<anonymous>)[22m
[2m      [2mat Object.<anonymous> ([22m[2m[0m[36mtests/unit/lib/mastra/utils/model-selector.test.ts[39m[0m[2m:151:19)[22m[2m[22m

[1m[31m  [1m● [22m[1mModelSelector › analyzeComplexity › specialized tasks › should respect requiresNuance context[39m[22m

    [2mexpect([22m[31mreceived[39m[2m).[22mtoBe[2m([22m[32mexpected[39m[2m) // Object.is equality[22m

    Expected: [32m"s[7mpecialized[27m"[39m
    Received: [31m"s[7mimple[27m"[39m
[2m[22m
[2m    [0m [90m 156 |[39m       it([32m'should respect requiresNuance context'[39m[33m,[39m () [33m=>[39m {[22m
[2m     [90m 157 |[39m         expect([33mModelSelector[39m[33m.[39manalyzeComplexity([32m'Translate this'[39m[33m,[39m { requiresNuance[33m:[39m [36mtrue[39m }))[22m
[2m    [31m[1m>[22m[2m[39m[90m 158 |[39m           [33m.[39mtoBe([32m'specialized'[39m)[33m;[39m[22m
[2m     [90m     |[39m            [31m[1m^[22m[2m[39m[22m
[2m     [90m 159 |[39m       })[33m;[39m[22m
[2m     [90m 160 |[39m     })[33m;[39m[22m
[2m     [90m 161 |[39m[0m[22m
[2m[22m
[2m      [2mat Object.<anonymous> ([22m[2m[0m[36mtests/unit/lib/mastra/utils/model-selector.test.ts[39m[0m[2m:158:12)[22m[2m[22m

[1m[31m  [1m● [22m[1mModelSelector › analyzeComplexity › complex tasks › should identify analysis tasks as complex[39m[22m

    [2mexpect([22m[31mreceived[39m[2m).[22mtoBe[2m([22m[32mexpected[39m[2m) // Object.is equality[22m

    Expected: [32m"[7mco[27mmple[7mx[27m"[39m
    Received: [31m"[7msi[27mmple"[39m
[2m[22m
[2m    [0m [90m 172 |[39m[22m
[2m     [90m 173 |[39m         testCases[33m.[39mforEach(task [33m=>[39m {[22m
[2m    [31m[1m>[22m[2m[39m[90m 174 |[39m           expect([33mModelSelector[39m[33m.[39manalyzeComplexity(task))[33m.[39mtoBe([32m'complex'[39m)[33m;[39m[22m
[2m     [90m     |[39m                                                         [31m[1m^[22m[2m[39m[22m
[2m     [90m 175 |[39m         })[33m;[39m[22m
[2m     [90m 176 |[39m       })[33m;[39m[22m
[2m     [90m 177 |[39m[0m[22m
[2m[22m
[2m      [2mat [22m[2m[0m[36mtests/unit/lib/mastra/utils/model-selector.test.ts[39m[0m[2m:174:57[22m[2m[22m
[2m          at Array.forEach (<anonymous>)[22m
[2m      [2mat Object.<anonymous> ([22m[2m[0m[36mtests/unit/lib/mastra/utils/model-selector.test.ts[39m[0m[2m:173:19)[22m[2m[22m

[1m[31m  [1m● [22m[1mModelSelector › analyzeComplexity › complex tasks › should respect multiStep context[39m[22m

    [2mexpect([22m[31mreceived[39m[2m).[22mtoBe[2m([22m[32mexpected[39m[2m) // Object.is equality[22m

    Expected: [32m"[7mco[27mmple[7mx[27m"[39m
    Received: [31m"[7msi[27mmple"[39m
[2m[22m
[2m    [0m [90m 183 |[39m       it([32m'should respect multiStep context'[39m[33m,[39m () [33m=>[39m {[22m
[2m     [90m 184 |[39m         expect([33mModelSelector[39m[33m.[39manalyzeComplexity([32m'Do something'[39m[33m,[39m { multiStep[33m:[39m [36mtrue[39m }))[22m
[2m    [31m[1m>[22m[2m[39m[90m 185 |[39m           [33m.[39mtoBe([32m'complex'[39m)[33m;[39m[22m
[2m     [90m     |[39m            [31m[1m^[22m[2m[39m[22m
[2m     [90m 186 |[39m       })[33m;[39m[22m
[2m     [90m 187 |[39m     })[33m;[39m[22m
[2m     [90m 188 |[39m[0m[22m
[2m[22m
[2m      [2mat Object.<anonymous> ([22m[2m[0m[36mtests/unit/lib/mastra/utils/model-selector.test.ts[39m[0m[2m:185:12)[22m[2m[22m

[1m[31m  [1m● [22m[1mModelSelector › autoSelect › should use context for model selection[39m[22m

    [2mexpect([22m[31mjest.fn()[39m[2m).[22mtoHaveBeenCalledWith[2m([22m[32m...expected[39m[2m)[22m

    Expected: [32m"claude-3-5-sonnet-20241022"[39m

    Number of calls: [31m0[39m
[2m[22m
[2m    [0m [90m 213 |[39m       [36mconst[39m result [33m=[39m [33mModelSelector[39m[33m.[39mautoSelect([32m'Translate this text'[39m[33m,[39m { requiresNuance[33m:[39m [36mtrue[39m })[33m;[39m[22m
[2m     [90m 214 |[39m       [22m
[2m    [31m[1m>[22m[2m[39m[90m 215 |[39m       expect(anthropic)[33m.[39mtoHaveBeenCalledWith([32m'claude-3-5-sonnet-20241022'[39m)[33m;[39m[22m
[2m     [90m     |[39m                         [31m[1m^[22m[2m[39m[22m
[2m     [90m 216 |[39m       expect(result)[33m.[39mtoEqual({ provider[33m:[39m [32m'anthropic'[39m[33m,[39m modelId[33m:[39m [32m'claude-3-5-sonnet-20241022'[39m })[33m;[39m[22m
[2m     [90m 217 |[39m     })[33m;[39m[22m
[2m     [90m 218 |[39m[0m[22m
[2m[22m
[2m      [2mat Object.<anonymous> ([22m[2m[0m[36mtests/unit/lib/mastra/utils/model-selector.test.ts[39m[0m[2m:215:25)[22m[2m[22m

[1m[31m  [1m● [22m[1mModelSelector › estimateCost › should calculate cost for simple model[39m[22m

    [2mexpect([22m[31mreceived[39m[2m).[22mtoBe[2m([22m[32mexpected[39m[2m) // Object.is equality[22m

    Expected: [32m1.5[39m
    Received: [31m0.0014999999999999998[39m
[2m[22m
[2m    [0m [90m 258 |[39m     it([32m'should calculate cost for simple model'[39m[33m,[39m () [33m=>[39m {[22m
[2m     [90m 259 |[39m       [36mconst[39m cost [33m=[39m [33mModelSelector[39m[33m.[39mestimateCost([32m'simple'[39m[33m,[39m [35m10000[39m)[33m;[39m[22m
[2m    [31m[1m>[22m[2m[39m[90m 260 |[39m       expect(cost)[33m.[39mtoBe([35m1.5[39m)[33m;[39m [90m// 10000/1000 * 0.00015[39m[22m
[2m     [90m     |[39m                    [31m[1m^[22m[2m[39m[22m
[2m     [90m 261 |[39m     })[33m;[39m[22m
[2m     [90m 262 |[39m[22m
[2m     [90m 263 |[39m     it([32m'should calculate cost for complex model'[39m[33m,[39m () [33m=>[39m {[0m[22m
[2m[22m
[2m      [2mat Object.<anonymous> ([22m[2m[0m[36mtests/unit/lib/mastra/utils/model-selector.test.ts[39m[0m[2m:260:20)[22m[2m[22m

[1m[31m  [1m● [22m[1mModelSelector › estimateCost › should calculate cost for complex model[39m[22m

    [2mexpect([22m[31mreceived[39m[2m).[22mtoBe[2m([22m[32mexpected[39m[2m) // Object.is equality[22m

    Expected: [32m25[39m
    Received: [31m0.025[39m
[2m[22m
[2m    [0m [90m 263 |[39m     it([32m'should calculate cost for complex model'[39m[33m,[39m () [33m=>[39m {[22m
[2m     [90m 264 |[39m       [36mconst[39m cost [33m=[39m [33mModelSelector[39m[33m.[39mestimateCost([32m'complex'[39m[33m,[39m [35m10000[39m)[33m;[39m[22m
[2m    [31m[1m>[22m[2m[39m[90m 265 |[39m       expect(cost)[33m.[39mtoBe([35m25[39m)[33m;[39m [90m// 10000/1000 * 0.0025[39m[22m
[2m     [90m     |[39m                    [31m[1m^[22m[2m[39m[22m
[2m     [90m 266 |[39m     })[33m;[39m[22m
[2m     [90m 267 |[39m[22m
[2m     [90m 268 |[39m     it([32m'should calculate cost for specialized model'[39m[33m,[39m () [33m=>[39m {[0m[22m
[2m[22m
[2m      [2mat Object.<anonymous> ([22m[2m[0m[36mtests/unit/lib/mastra/utils/model-selector.test.ts[39m[0m[2m:265:20)[22m[2m[22m

[1m[31m  [1m● [22m[1mModelSelector › estimateCost › should calculate cost for specialized model[39m[22m

    [2mexpect([22m[31mreceived[39m[2m).[22mtoBe[2m([22m[32mexpected[39m[2m) // Object.is equality[22m

    Expected: [32m30[39m
    Received: [31m0.03[39m
[2m[22m
[2m    [0m [90m 268 |[39m     it([32m'should calculate cost for specialized model'[39m[33m,[39m () [33m=>[39m {[22m
[2m     [90m 269 |[39m       [36mconst[39m cost [33m=[39m [33mModelSelector[39m[33m.[39mestimateCost([32m'specialized'[39m[33m,[39m [35m10000[39m)[33m;[39m[22m
[2m    [31m[1m>[22m[2m[39m[90m 270 |[39m       expect(cost)[33m.[39mtoBe([35m30[39m)[33m;[39m [90m// 10000/1000 * 0.003[39m[22m
[2m     [90m     |[39m                    [31m[1m^[22m[2m[39m[22m
[2m     [90m 271 |[39m     })[33m;[39m[22m
[2m     [90m 272 |[39m[22m
[2m     [90m 273 |[39m     it([32m'should handle fractional tokens'[39m[33m,[39m () [33m=>[39m {[0m[22m
[2m[22m
[2m      [2mat Object.<anonymous> ([22m[2m[0m[36mtests/unit/lib/mastra/utils/model-selector.test.ts[39m[0m[2m:270:20)[22m[2m[22m

[1m[31m  [1m● [22m[1mModelSelector › estimateCost › should handle fractional tokens[39m[22m

    [2mexpect([22m[31mreceived[39m[2m).[22mtoBeCloseTo[2m([22m[32mexpected[39m[2m, [22mprecision[2m)[22m

    Expected: [32m0.225[39m
    Received: [31m0.000225[39m

    Expected precision:    5
    Expected difference: < [32m0.000005[39m
    Received difference:   [31m0.224775[39m
[2m[22m
[2m    [0m [90m 273 |[39m     it([32m'should handle fractional tokens'[39m[33m,[39m () [33m=>[39m {[22m
[2m     [90m 274 |[39m       [36mconst[39m cost [33m=[39m [33mModelSelector[39m[33m.[39mestimateCost([32m'simple'[39m[33m,[39m [35m1500[39m)[33m;[39m[22m
[2m    [31m[1m>[22m[2m[39m[90m 275 |[39m       expect(cost)[33m.[39mtoBeCloseTo([35m0.225[39m[33m,[39m [35m5[39m)[33m;[39m [90m// 1500/1000 * 0.00015[39m[22m
[2m     [90m     |[39m                    [31m[1m^[22m[2m[39m[22m
[2m     [90m 276 |[39m     })[33m;[39m[22m
[2m     [90m 277 |[39m   })[33m;[39m[22m
[2m     [90m 278 |[39m[0m[22m
[2m[22m
[2m      [2mat Object.<anonymous> ([22m[2m[0m[36mtests/unit/lib/mastra/utils/model-selector.test.ts[39m[0m[2m:275:20)[22m[2m[22m

[1m[31m  [1m● [22m[1mModelSelector › edge cases › should handle case sensitivity in task analysis[39m[22m

    [2mexpect([22m[31mreceived[39m[2m).[22mtoBe[2m([22m[32mexpected[39m[2m) // Object.is equality[22m

    Expected: [32m"[7mco[27mmple[7mx[27m"[39m
    Received: [31m"[7msi[27mmple"[39m
[2m[22m
[2m    [0m [90m 354 |[39m     it([32m'should handle case sensitivity in task analysis'[39m[33m,[39m () [33m=>[39m {[22m
[2m     [90m 355 |[39m       expect([33mModelSelector[39m[33m.[39manalyzeComplexity([32m'PRICE'[39m))[33m.[39mtoBe([32m'simple'[39m)[33m;[39m[22m
[2m    [31m[1m>[22m[2m[39m[90m 356 |[39m       expect([33mModelSelector[39m[33m.[39manalyzeComplexity([32m'ANALYSIS'[39m))[33m.[39mtoBe([32m'complex'[39m)[33m;[39m[22m
[2m     [90m     |[39m                                                           [31m[1m^[22m[2m[39m[22m
[2m     [90m 357 |[39m       expect([33mModelSelector[39m[33m.[39manalyzeComplexity([32m'CREATIVE'[39m))[33m.[39mtoBe([32m'specialized'[39m)[33m;[39m[22m
[2m     [90m 358 |[39m     })[33m;[39m[22m
[2m     [90m 359 |[39m[0m[22m
[2m[22m
[2m      [2mat Object.<anonymous> ([22m[2m[0m[36mtests/unit/lib/mastra/utils/model-selector.test.ts[39m[0m[2m:356:59)[22m[2m[22m

[0m[7m[1m[31m FAIL [39m[22m[27m[0m [2mtests/unit/lib/mastra/utils/[22m[1mintent-definitions.test.ts[22m
[1m[31m  [1m● [22m[1mintent-definitions › classifyIntentByKeywords › priority handling › should prefer higher priority intents[39m[22m

    [2mexpect([22m[31mreceived[39m[2m).[22mtoBe[2m([22m[32mexpected[39m[2m) // Object.is equality[22m

    Expected: [32m"price_inquiry"[39m
    Received: [31m"conversational"[39m
[2m[22m
[2m    [0m [90m 282 |[39m         expect(result)[33m.[39mnot[33m.[39mtoBeNull()[33m;[39m[22m
[2m     [90m 283 |[39m         [90m// Should prefer PRICE_INQUIRY (priority 90) over CONVERSATIONAL (priority 10)[39m[22m
[2m    [31m[1m>[22m[2m[39m[90m 284 |[39m         expect(result[33m![39m[33m.[39mcategory)[33m.[39mtoBe([33mIntentCategory[39m[33m.[39m[33mPRICE_INQUIRY[39m)[33m;[39m[22m
[2m     [90m     |[39m                                  [31m[1m^[22m[2m[39m[22m
[2m     [90m 285 |[39m       })[33m;[39m[22m
[2m     [90m 286 |[39m     })[33m;[39m[22m
[2m     [90m 287 |[39m   })[33m;[39m[0m[22m
[2m[22m
[2m      [2mat Object.<anonymous> ([22m[2m[0m[36mtests/unit/lib/mastra/utils/intent-definitions.test.ts[39m[0m[2m:284:34)[22m[2m[22m

[0m[7m[1m[31m FAIL [39m[22m[27m[0m [2mtests/unit/lib/utils/[22m[1mrate-limiter.test.ts[22m
[1m[31m  [1m● [22m[1mRateLimiter › auto-cleanup › should set up auto-cleanup interval on server[39m[22m

    [2mexpect([22m[31mjest.fn()[39m[2m).[22mtoHaveBeenCalledWith[2m([22m[32m...expected[39m[2m)[22m

    Expected: [32mAny<Function>[39m, [32m600000[39m

    Number of calls: [31m0[39m
[2m[22m
[2m    [0m [90m 134 |[39m       [36mconst[39m newRateLimiter [33m=[39m [36mnew[39m [33mRateLimiter[39m()[33m;[39m[22m
[2m     [90m 135 |[39m[22m
[2m    [31m[1m>[22m[2m[39m[90m 136 |[39m       expect(setIntervalSpy)[33m.[39mtoHaveBeenCalledWith([22m
[2m     [90m     |[39m                              [31m[1m^[22m[2m[39m[22m
[2m     [90m 137 |[39m         expect[33m.[39many([33mFunction[39m)[33m,[39m[22m
[2m     [90m 138 |[39m         [35m600000[39m [90m// 10 minutes[39m[22m
[2m     [90m 139 |[39m       )[33m;[39m[0m[22m
[2m[22m
[2m      [2mat Object.<anonymous> ([22m[2m[0m[36mtests/unit/lib/utils/rate-limiter.test.ts[39m[0m[2m:136:30)[22m[2m[22m

[1m[31m  [1m● [22m[1mRateLimiter › destroy › should clear interval and counts[39m[22m

    [2mexpect([22m[31mjest.fn()[39m[2m).[22mtoHaveBeenCalled[2m()[22m

    Expected number of calls: >= [32m1[39m
    Received number of calls:    [31m0[39m
[2m[22m
[2m    [0m [90m 166 |[39m       newRateLimiter[33m.[39mdestroy()[33m;[39m[22m
[2m     [90m 167 |[39m[22m
[2m    [31m[1m>[22m[2m[39m[90m 168 |[39m       expect(clearIntervalSpy)[33m.[39mtoHaveBeenCalled()[33m;[39m[22m
[2m     [90m     |[39m                                [31m[1m^[22m[2m[39m[22m
[2m     [90m 169 |[39m       expect(newRateLimiter[33m.[39mgetCount([32m'key1'[39m))[33m.[39mtoBe([35m0[39m)[33m;[39m[22m
[2m     [90m 170 |[39m       expect(newRateLimiter[33m.[39mgetCount([32m'key2'[39m))[33m.[39mtoBe([35m0[39m)[33m;[39m[22m
[2m     [90m 171 |[39m     })[33m;[39m[0m[22m
[2m[22m
[2m      [2mat Object.<anonymous> ([22m[2m[0m[36mtests/unit/lib/utils/rate-limiter.test.ts[39m[0m[2m:168:32)[22m[2m[22m

[1m[31m  [1m● [22m[1mcreateRateLimitedLogger › rateLimit method › should not log messages exceeding rate limit[39m[22m

    [2mexpect([22m[31mjest.fn()[39m[2m).[22mtoHaveBeenCalledTimes[2m([22m[32mexpected[39m[2m)[22m

    Expected number of calls: [32m1[39m
    Received number of calls: [31m0[39m
[2m[22m
[2m    [0m [90m 227 |[39m       rateLimitedLogger[33m.[39mrateLimit(key[33m,[39m maxCount[33m,[39m windowMs[33m,[39m [32m'error'[39m[33m,[39m [32m'Error 3'[39m)[33m;[39m[22m
[2m     [90m 228 |[39m[22m
[2m    [31m[1m>[22m[2m[39m[90m 229 |[39m       expect(mockLogger[33m.[39merror)[33m.[39mtoHaveBeenCalledTimes([35m1[39m)[33m;[39m[22m
[2m     [90m     |[39m                                [31m[1m^[22m[2m[39m[22m
[2m     [90m 230 |[39m       expect(mockLogger[33m.[39merror)[33m.[39mtoHaveBeenCalledWith([22m
[2m     [90m 231 |[39m         [32m'Error 1 (rate limiting further messages)'[39m[22m
[2m     [90m 232 |[39m       )[33m;[39m[0m[22m
[2m[22m
[2m      [2mat Object.<anonymous> ([22m[2m[0m[36mtests/unit/lib/utils/rate-limiter.test.ts[39m[0m[2m:229:32)[22m[2m[22m

[0m[7m[1m[31m FAIL [39m[22m[27m[0m [2mtests/unit/types/[22m[1mui-events.types.test.ts[22m
[1m[31m  [1m● [22m[1mui-events.types › Event helper functions › addEventListener and removeEventListener › should add and trigger event listener[39m[22m

    [2mexpect([22m[31mreceived[39m[2m).[22mtoHaveBeenCalledWith[2m([22m[32m...expected[39m[2m)[22m

    [1mMatcher error[22m: [31mreceived[39m value must be a mock or spy function

    Received has type:  function
    Received has value: [31m[Function anonymous][39m
[2m[22m
[2m    [0m [90m 287 |[39m         addEventListener([32m'symbol:change'[39m[33m,[39m mockListener)[33m;[39m[22m
[2m     [90m 288 |[39m         [22m
[2m    [31m[1m>[22m[2m[39m[90m 289 |[39m         expect(window[33m.[39maddEventListener)[33m.[39mtoHaveBeenCalledWith([22m
[2m     [90m     |[39m                                         [31m[1m^[22m[2m[39m[22m
[2m     [90m 290 |[39m           [32m'symbol:change'[39m[33m,[39m[22m
[2m     [90m 291 |[39m           mockListener[33m,[39m[22m
[2m     [90m 292 |[39m           undefined[0m[22m
[2m[22m
[2m      [2mat Object.<anonymous> ([22m[2m[0m[36mtests/unit/types/ui-events.types.test.ts[39m[0m[2m:289:41)[22m[2m[22m

[1m[31m  [1m● [22m[1mui-events.types › Event helper functions › addEventListener and removeEventListener › should remove event listener[39m[22m

    [2mexpect([22m[31mreceived[39m[2m).[22mtoHaveBeenCalledWith[2m([22m[32m...expected[39m[2m)[22m

    [1mMatcher error[22m: [31mreceived[39m value must be a mock or spy function

    Received has type:  function
    Received has value: [31m[Function anonymous][39m
[2m[22m
[2m    [0m [90m 304 |[39m       it([32m'should remove event listener'[39m[33m,[39m () [33m=>[39m {[22m
[2m     [90m 305 |[39m         addEventListener([32m'timeframe:change'[39m[33m,[39m mockListener)[33m;[39m[22m
[2m    [31m[1m>[22m[2m[39m[90m 306 |[39m         expect(window[33m.[39maddEventListener)[33m.[39mtoHaveBeenCalledWith([22m
[2m     [90m     |[39m                                         [31m[1m^[22m[2m[39m[22m
[2m     [90m 307 |[39m           [32m'timeframe:change'[39m[33m,[39m[22m
[2m     [90m 308 |[39m           mockListener[33m,[39m[22m
[2m     [90m 309 |[39m           undefined[0m[22m
[2m[22m
[2m      [2mat Object.<anonymous> ([22m[2m[0m[36mtests/unit/types/ui-events.types.test.ts[39m[0m[2m:306:41)[22m[2m[22m

[1m[31m  [1m● [22m[1mui-events.types › Event helper functions › addEventListener and removeEventListener › should support event listener options[39m[22m

    [2mexpect([22m[31mreceived[39m[2m).[22mtoHaveBeenCalledWith[2m([22m[32m...expected[39m[2m)[22m

    [1mMatcher error[22m: [31mreceived[39m value must be a mock or spy function

    Received has type:  function
    Received has value: [31m[Function anonymous][39m
[2m[22m
[2m    [0m [90m 322 |[39m         addEventListener([32m'indicator:toggle'[39m[33m,[39m onceListener[33m,[39m { once[33m:[39m [36mtrue[39m })[33m;[39m[22m
[2m     [90m 323 |[39m[22m
[2m    [31m[1m>[22m[2m[39m[90m 324 |[39m         expect(window[33m.[39maddEventListener)[33m.[39mtoHaveBeenCalledWith([22m
[2m     [90m     |[39m                                         [31m[1m^[22m[2m[39m[22m
[2m     [90m 325 |[39m           [32m'indicator:toggle'[39m[33m,[39m[22m
[2m     [90m 326 |[39m           onceListener[33m,[39m[22m
[2m     [90m 327 |[39m           { once[33m:[39m [36mtrue[39m }[0m[22m
[2m[22m
[2m      [2mat Object.<anonymous> ([22m[2m[0m[36mtests/unit/types/ui-events.types.test.ts[39m[0m[2m:324:41)[22m[2m[22m

[1m[31m  [1m● [22m[1mui-events.types › Event helper functions › dispatchCustomEvent › should dispatch custom events[39m[22m

    [2mexpect([22m[31mreceived[39m[2m).[22mtoHaveBeenCalledWith[2m([22m[32m...expected[39m[2m)[22m

    [1mMatcher error[22m: [31mreceived[39m value must be a mock or spy function

    Received has type:  function
    Received has value: [31m[Function dispatchEvent][39m
[2m[22m
[2m    [0m [90m 346 |[39m         dispatchCustomEvent([32m'draw:trendline'[39m[33m,[39m detail)[33m;[39m[22m
[2m     [90m 347 |[39m[22m
[2m    [31m[1m>[22m[2m[39m[90m 348 |[39m         expect(window[33m.[39mdispatchEvent)[33m.[39mtoHaveBeenCalledWith([22m
[2m     [90m     |[39m                                      [31m[1m^[22m[2m[39m[22m
[2m     [90m 349 |[39m           expect[33m.[39mobjectContaining({[22m
[2m     [90m 350 |[39m             type[33m:[39m [32m'draw:trendline'[39m[33m,[39m[22m
[2m     [90m 351 |[39m             detail[0m[22m
[2m[22m
[2m      [2mat Object.<anonymous> ([22m[2m[0m[36mtests/unit/types/ui-events.types.test.ts[39m[0m[2m:348:38)[22m[2m[22m

[0m[7m[1m[31m FAIL [39m[22m[27m[0m [2mtests/unit/lib/mastra/[22m[1mimproved-orchestrator.test.ts[22m
[1m[31m  [1m● [22m[1mImproved Orchestrator Agent › Full Orchestrator Execution › should execute orchestrator successfully[39m[22m

    [2mexpect([22m[31mreceived[39m[2m).[22mtoBe[2m([22m[32mexpected[39m[2m) // Object.is equality[22m

    Expected: [32mtrue[39m
    Received: [31mfalse[39m
[2m[22m
[2m    [0m [90m 199 |[39m       [36mconst[39m result [33m=[39m [36mawait[39m executeImprovedOrchestrator([32m'トレンドラインを引いて'[39m[33m,[39m [32m'test-session'[39m)[33m;[39m[22m
[2m     [90m 200 |[39m       [22m
[2m    [31m[1m>[22m[2m[39m[90m 201 |[39m       expect(result[33m.[39msuccess)[33m.[39mtoBe([36mtrue[39m)[33m;[39m[22m
[2m     [90m     |[39m                              [31m[1m^[22m[2m[39m[22m
[2m     [90m 202 |[39m       expect(result[33m.[39manalysis[33m.[39mintent)[33m.[39mtoBe([32m'ui_control'[39m)[33m;[39m[22m
[2m     [90m 203 |[39m       expect(result[33m.[39manalysis[33m.[39mconfidence)[33m.[39mtoBe([35m0.95[39m)[33m;[39m[22m
[2m     [90m 204 |[39m       expect(result[33m.[39mexecutionTime)[33m.[39mtoBeGreaterThan([35m0[39m)[33m;[39m[0m[22m
[2m[22m
[2m      [2mat Object.<anonymous> ([22m[2m[0m[36mtests/unit/lib/mastra/improved-orchestrator.test.ts[39m[0m[2m:201:30)[22m[2m[22m

[1m[31m  [1m● [22m[1mImproved Orchestrator Agent › Full Orchestrator Execution › should handle agent execution failures gracefully[39m[22m

    [2mexpect([22m[31mreceived[39m[2m).[22mtoBe[2m([22m[32mexpected[39m[2m) // Object.is equality[22m

    Expected: [32mtrue[39m
    Received: [31mfalse[39m
[2m[22m
[2m    [0m [90m 211 |[39m       [36mconst[39m result [33m=[39m [36mawait[39m executeImprovedOrchestrator([32m'トレンドラインを引いて'[39m[33m,[39m [32m'test-session'[39m)[33m;[39m[22m
[2m     [90m 212 |[39m       [22m
[2m    [31m[1m>[22m[2m[39m[90m 213 |[39m       expect(result[33m.[39msuccess)[33m.[39mtoBe([36mtrue[39m)[33m;[39m [90m// Analysis should still succeed[39m[22m
[2m     [90m     |[39m                              [31m[1m^[22m[2m[39m[22m
[2m     [90m 214 |[39m       expect(result[33m.[39manalysis[33m.[39mintent)[33m.[39mtoBe([32m'ui_control'[39m)[33m;[39m[22m
[2m     [90m 215 |[39m       expect(result[33m.[39mexecutionResult)[33m.[39mtoBeUndefined()[33m;[39m[22m
[2m     [90m 216 |[39m     })[33m;[39m[0m[22m
[2m[22m
[2m      [2mat Object.<anonymous> ([22m[2m[0m[36mtests/unit/lib/mastra/improved-orchestrator.test.ts[39m[0m[2m:213:30)[22m[2m[22m

[0m[7m[1m[31m FAIL [39m[22m[27m[0m [2mtests/unit/lib/logging/[22m[1mhelpers.test.ts[22m
[1m[31m  [1m● [22m[1mlogging helpers › logErrorChain › should handle errors without cause[39m[22m

    TypeError: expect(...).toHaveBeenCalledOnce is not a function
[2m[22m
[2m    [0m [90m 398 |[39m       logErrorChain(error)[33m;[39m[22m
[2m     [90m 399 |[39m[22m
[2m    [31m[1m>[22m[2m[39m[90m 400 |[39m       expect(mockUnifiedLogger[33m.[39merror)[33m.[39mtoHaveBeenCalledOnce()[33m;[39m[22m
[2m     [90m     |[39m                                       [31m[1m^[22m[2m[39m[22m
[2m     [90m 401 |[39m       expect(mockUnifiedLogger[33m.[39merror)[33m.[39mtoHaveBeenCalledWith([22m
[2m     [90m 402 |[39m         [32m'Error: Simple error'[39m[33m,[39m[22m
[2m     [90m 403 |[39m         expect[33m.[39mobjectContaining({[0m[22m
[2m[22m
[2m      [2mat Object.<anonymous> ([22m[2m[0m[36mtests/unit/lib/logging/helpers.test.ts[39m[0m[2m:400:39)[22m[2m[22m

[0m[7m[1m[31m FAIL [39m[22m[27m[0m [2mtests/unit/types/[22m[1mpattern.types.test.ts[22m
[1m[31m  [1m● [22m[1mpattern.types › isPatternMetrics › should return false for wrong field types[39m[22m

    [2mexpect([22m[31mreceived[39m[2m).[22mtoBe[2m([22m[32mexpected[39m[2m) // Object.is equality[22m

    Expected: [32mfalse[39m
    Received: [31mtrue[39m
[2m[22m
[2m    [0m [90m 164 |[39m         confidence[33m:[39m [32m'0.85'[39m[33m,[39m [90m// should be number[39m[22m
[2m     [90m 165 |[39m         strength[33m:[39m [35m0.9[39m[22m
[2m    [31m[1m>[22m[2m[39m[90m 166 |[39m       }))[33m.[39mtoBe([36mfalse[39m)[33m;[39m[22m
[2m     [90m     |[39m           [31m[1m^[22m[2m[39m[22m
[2m     [90m 167 |[39m[22m
[2m     [90m 168 |[39m       expect(isPatternMetrics({[22m
[2m     [90m 169 |[39m         confidence[33m:[39m [35m0.85[39m[33m,[39m[0m[22m
[2m[22m
[2m      [2mat Object.<anonymous> ([22m[2m[0m[36mtests/unit/types/pattern.types.test.ts[39m[0m[2m:166:11)[22m[2m[22m

[0m[7m[1m[31m FAIL [39m[22m[27m[0m [2mlib/mastra/tools/__tests__/[22m[1magent-selection.tool.test.ts[22m ([0m[1m[41m101.312 s[49m[22m[0m)
[1m[31m  [1m● [22m[1magentSelectionTool › execute function - successful A2A communication › should execute price inquiry agent successfully[39m[22m

    [2mexpect([22m[31mreceived[39m[2m).[22mtoEqual[2m([22m[32mexpected[39m[2m) // deep equality[22m

    [32m- Expected  - 10[39m
    [31m+ Received  +  4[39m

    [2m  Object {[22m
    [32m-   "executionResult": Object {[39m
    [32m-     "metadata": Object {[39m
    [32m-       "executionTime": Any<Number>,[39m
    [32m-       "model": "a2a-communication",[39m
    [32m-       "toolsUsed": Array [],[39m
    [32m-     },[39m
    [32m-     "response": "The current price of BTC is $50,000",[39m
    [32m-   },[39m
    [32m-   "message": "The current price of BTC is $50,000",[39m
    [32m-   "selectedAgent": "priceInquiryAgent",[39m
    [31m+   "executionResult": undefined,[39m
    [31m+   "fallbackUsed": true,[39m
    [31m+   "message": "A2A failed, used traditional fallback: price_inquiry",[39m
    [31m+   "selectedAgent": "price_inquiry",[39m
    [2m    "success": true,[22m
    [2m  }[22m
[2m[22m
[2m    [0m [90m 82 |[39m       )[33m;[39m[22m
[2m     [90m 83 |[39m[22m
[2m    [31m[1m>[22m[2m[39m[90m 84 |[39m       expect(result)[33m.[39mtoEqual({[22m
[2m     [90m    |[39m                      [31m[1m^[22m[2m[39m[22m
[2m     [90m 85 |[39m         success[33m:[39m [36mtrue[39m[33m,[39m[22m
[2m     [90m 86 |[39m         selectedAgent[33m:[39m [32m'priceInquiryAgent'[39m[33m,[39m[22m
[2m     [90m 87 |[39m         executionResult[33m:[39m {[0m[22m
[2m[22m
[2m      [2mat Object.<anonymous> ([22m[2m[0m[36mlib/mastra/tools/__tests__/agent-selection.tool.test.ts[39m[0m[2m:84:22)[22m[2m[22m

[1m[31m  [1m● [22m[1magentSelectionTool › execute function - successful A2A communication › should handle UI control agent with operations[39m[22m

    [2mexpect([22m[31mreceived[39m[2m).[22mtoBe[2m([22m[32mexpected[39m[2m) // Object.is equality[22m

    Expected: [32m"ui[7mC[27montrol[7mAgent[27m"[39m
    Received: [31m"ui[7m_c[27montrol"[39m
[2m[22m
[2m    [0m [90m 136 |[39m[22m
[2m     [90m 137 |[39m       expect(result[33m.[39msuccess)[33m.[39mtoBe([36mtrue[39m)[33m;[39m[22m
[2m    [31m[1m>[22m[2m[39m[90m 138 |[39m       expect(result[33m.[39mselectedAgent)[33m.[39mtoBe([32m'uiControlAgent'[39m)[33m;[39m[22m
[2m     [90m     |[39m                                    [31m[1m^[22m[2m[39m[22m
[2m     [90m 139 |[39m[22m
[2m     [90m 140 |[39m       [90m// Wait for async operations[39m[22m
[2m     [90m 141 |[39m       [36mawait[39m [36mnew[39m [33mPromise[39m(resolve [33m=>[39m setImmediate(resolve))[33m;[39m[0m[22m
[2m[22m
[2m      [2mat Object.<anonymous> ([22m[2m[0m[36mlib/mastra/tools/__tests__/agent-selection.tool.test.ts[39m[0m[2m:138:36)[22m[2m[22m

[1m[31m  [1m● [22m[1magentSelectionTool › execute function - successful A2A communication › should handle trading analysis agent[39m[22m

    [2mexpect([22m[31mreceived[39m[2m).[22mtoMatchObject[2m([22m[32mexpected[39m[2m)[22m

    [1mMatcher error[22m: [31mreceived[39m value must be a non-null object

    Received has value: [31mundefined[39m
[2m[22m
[2m    [0m [90m 180 |[39m[22m
[2m     [90m 181 |[39m       expect(result[33m.[39msuccess)[33m.[39mtoBe([36mtrue[39m)[33m;[39m[22m
[2m    [31m[1m>[22m[2m[39m[90m 182 |[39m       expect(result[33m.[39mexecutionResult)[33m.[39mtoMatchObject({[22m
[2m     [90m     |[39m                                      [31m[1m^[22m[2m[39m[22m
[2m     [90m 183 |[39m         response[33m:[39m [32m'BTC is showing bullish patterns'[39m[33m,[39m[22m
[2m     [90m 184 |[39m         proposalGroup[33m:[39m mockA2AResponse[33m.[39mproposalGroup[33m,[39m[22m
[2m     [90m 185 |[39m       })[33m;[39m[0m[22m
[2m[22m
[2m      [2mat Object.<anonymous> ([22m[2m[0m[36mlib/mastra/tools/__tests__/agent-selection.tool.test.ts[39m[0m[2m:182:38)[22m[2m[22m

[1m[31m  [1m● [22m[1magentSelectionTool › UI operations broadcasting › should broadcast operations from various result structures[39m[22m

    [2mexpect([22m[31mjest.fn()[39m[2m).[22mtoHaveBeenCalled[2m()[22m

    Expected number of calls: >= [32m1[39m
    Received number of calls:    [31m0[39m
[2m[22m
[2m    [0m [90m 380 |[39m         [36mawait[39m [36mnew[39m [33mPromise[39m(resolve [33m=>[39m setImmediate(resolve))[33m;[39m[22m
[2m     [90m 381 |[39m         [22m
[2m    [31m[1m>[22m[2m[39m[90m 382 |[39m         expect(mockDispatchEvent)[33m.[39mtoHaveBeenCalled()[33m;[39m[22m
[2m     [90m     |[39m                                   [31m[1m^[22m[2m[39m[22m
[2m     [90m 383 |[39m         [22m
[2m     [90m 384 |[39m         [90m// Verify the CustomEvent was dispatched correctly[39m[22m
[2m     [90m 385 |[39m         [36mconst[39m dispatchedEvent [33m=[39m mockDispatchEvent[33m.[39mmock[33m.[39mcalls[[35m0[39m][[35m0[39m][33m;[39m[0m[22m
[2m[22m
[2m      [2mat Object.<anonymous> ([22m[2m[0m[36mlib/mastra/tools/__tests__/agent-selection.tool.test.ts[39m[0m[2m:382:35)[22m[2m[22m

[1m[31m  [1m● [22m[1magentSelectionTool › UI operations broadcasting › should skip UI broadcast for non-UI agents[39m[22m

    thrown: "Exceeded timeout of 10000 ms for a test.
    Add a timeout value to this test to increase the timeout, if this is a long-running test. See https://jestjs.io/docs/api#testname-fn-timeout."
[2m[22m
[2m    [0m [90m 388 |[39m     })[33m;[39m[22m
[2m     [90m 389 |[39m[22m
[2m    [31m[1m>[22m[2m[39m[90m 390 |[39m     it([32m'should skip UI broadcast for non-UI agents'[39m[33m,[39m [36masync[39m () [33m=>[39m {[22m
[2m     [90m     |[39m     [31m[1m^[22m[2m[39m[22m
[2m     [90m 391 |[39m       [36mconst[39m mockA2AResponse [33m=[39m {[22m
[2m     [90m 392 |[39m         type[33m:[39m [32m'response'[39m[33m,[39m[22m
[2m     [90m 393 |[39m         result[33m:[39m [32m'Price is $50,000'[39m[33m,[39m[0m[22m
[2m[22m
[2m      [2mat [22m[2m[0m[36mlib/mastra/tools/__tests__/agent-selection.tool.test.ts[39m[0m[2m:390:5[22m[2m[22m
[2m      [2mat [22m[2m[0m[36mlib/mastra/tools/__tests__/agent-selection.tool.test.ts[39m[0m[2m:302:3[22m[2m[22m
[2m      [2mat Object.<anonymous> ([22m[2m[0m[36mlib/mastra/tools/__tests__/agent-selection.tool.test.ts[39m[0m[2m:29:1)[22m[2m[22m

[1m[31m  [1m● [22m[1magentSelectionTool › UI operations broadcasting › should skip UI broadcast for proposal mode[39m[22m

    thrown: "Exceeded timeout of 10000 ms for a test.
    Add a timeout value to this test to increase the timeout, if this is a long-running test. See https://jestjs.io/docs/api#testname-fn-timeout."
[2m[22m
[2m    [0m [90m 414 |[39m     })[33m;[39m[22m
[2m     [90m 415 |[39m[22m
[2m    [31m[1m>[22m[2m[39m[90m 416 |[39m     it([32m'should skip UI broadcast for proposal mode'[39m[33m,[39m [36masync[39m () [33m=>[39m {[22m
[2m     [90m     |[39m     [31m[1m^[22m[2m[39m[22m
[2m     [90m 417 |[39m       global[33m.[39mwindow [33m=[39m { dispatchEvent[33m:[39m mockDispatchEvent } [36mas[39m any[33m;[39m[22m
[2m     [90m 418 |[39m[22m
[2m     [90m 419 |[39m       [36mconst[39m mockA2AResponse [33m=[39m {[0m[22m
[2m[22m
[2m      [2mat [22m[2m[0m[36mlib/mastra/tools/__tests__/agent-selection.tool.test.ts[39m[0m[2m:416:5[22m[2m[22m
[2m      [2mat [22m[2m[0m[36mlib/mastra/tools/__tests__/agent-selection.tool.test.ts[39m[0m[2m:302:3[22m[2m[22m
[2m      [2mat Object.<anonymous> ([22m[2m[0m[36mlib/mastra/tools/__tests__/agent-selection.tool.test.ts[39m[0m[2m:29:1)[22m[2m[22m

[1m[31m  [1m● [22m[1magentSelectionTool › UI operations broadcasting › should emit UI events in server environment[39m[22m

    thrown: "Exceeded timeout of 10000 ms for a test.
    Add a timeout value to this test to increase the timeout, if this is a long-running test. See https://jestjs.io/docs/api#testname-fn-timeout."
[2m[22m
[2m    [0m [90m 449 |[39m     })[33m;[39m[22m
[2m     [90m 450 |[39m[22m
[2m    [31m[1m>[22m[2m[39m[90m 451 |[39m     it([32m'should emit UI events in server environment'[39m[33m,[39m [36masync[39m () [33m=>[39m {[22m
[2m     [90m     |[39m     [31m[1m^[22m[2m[39m[22m
[2m     [90m 452 |[39m       [90m// Remove window to simulate server environment[39m[22m
[2m     [90m 453 |[39m       [36mdelete[39m (global [36mas[39m any)[33m.[39mwindow[33m;[39m[22m
[2m     [90m 454 |[39m[0m[22m
[2m[22m
[2m      [2mat [22m[2m[0m[36mlib/mastra/tools/__tests__/agent-selection.tool.test.ts[39m[0m[2m:451:5[22m[2m[22m
[2m      [2mat [22m[2m[0m[36mlib/mastra/tools/__tests__/agent-selection.tool.test.ts[39m[0m[2m:302:3[22m[2m[22m
[2m      [2mat Object.<anonymous> ([22m[2m[0m[36mlib/mastra/tools/__tests__/agent-selection.tool.test.ts[39m[0m[2m:29:1)[22m[2m[22m

[1m[31m  [1m● [22m[1magentSelectionTool › UI operations broadcasting › should handle UI broadcast errors gracefully[39m[22m

    thrown: "Exceeded timeout of 10000 ms for a test.
    Add a timeout value to this test to increase the timeout, if this is a long-running test. See https://jestjs.io/docs/api#testname-fn-timeout."
[2m[22m
[2m    [0m [90m 486 |[39m     })[33m;[39m[22m
[2m     [90m 487 |[39m[22m
[2m    [31m[1m>[22m[2m[39m[90m 488 |[39m     it([32m'should handle UI broadcast errors gracefully'[39m[33m,[39m [36masync[39m () [33m=>[39m {[22m
[2m     [90m     |[39m     [31m[1m^[22m[2m[39m[22m
[2m     [90m 489 |[39m       global[33m.[39mwindow [33m=[39m { [22m
[2m     [90m 490 |[39m         dispatchEvent[33m:[39m jest[33m.[39mfn()[33m.[39mmockImplementation(() [33m=>[39m {[22m
[2m     [90m 491 |[39m           [36mthrow[39m [36mnew[39m [33mError[39m([32m'Dispatch failed'[39m)[33m;[39m[0m[22m
[2m[22m
[2m      [2mat [22m[2m[0m[36mlib/mastra/tools/__tests__/agent-selection.tool.test.ts[39m[0m[2m:488:5[22m[2m[22m
[2m      [2mat [22m[2m[0m[36mlib/mastra/tools/__tests__/agent-selection.tool.test.ts[39m[0m[2m:302:3[22m[2m[22m
[2m      [2mat Object.<anonymous> ([22m[2m[0m[36mlib/mastra/tools/__tests__/agent-selection.tool.test.ts[39m[0m[2m:29:1)[22m[2m[22m

[1m[31m  [1m● [22m[1magentSelectionTool › response processing › should handle non-string results[39m[22m

    thrown: "Exceeded timeout of 10000 ms for a test.
    Add a timeout value to this test to increase the timeout, if this is a long-running test. See https://jestjs.io/docs/api#testname-fn-timeout."
[2m[22m
[2m    [0m [90m 586 |[39m[22m
[2m     [90m 587 |[39m   describe([32m'response processing'[39m[33m,[39m () [33m=>[39m {[22m
[2m    [31m[1m>[22m[2m[39m[90m 588 |[39m     it([32m'should handle non-string results'[39m[33m,[39m [36masync[39m () [33m=>[39m {[22m
[2m     [90m     |[39m     [31m[1m^[22m[2m[39m[22m
[2m     [90m 589 |[39m       [36mconst[39m mockA2AResponse [33m=[39m {[22m
[2m     [90m 590 |[39m         type[33m:[39m [32m'response'[39m[33m,[39m[22m
[2m     [90m 591 |[39m         result[33m:[39m { data[33m:[39m [32m'complex object'[39m[33m,[39m value[33m:[39m [35m123[39m }[33m,[39m[0m[22m
[2m[22m
[2m      [2mat [22m[2m[0m[36mlib/mastra/tools/__tests__/agent-selection.tool.test.ts[39m[0m[2m:588:5[22m[2m[22m
[2m      [2mat [22m[2m[0m[36mlib/mastra/tools/__tests__/agent-selection.tool.test.ts[39m[0m[2m:587:3[22m[2m[22m
[2m      [2mat Object.<anonymous> ([22m[2m[0m[36mlib/mastra/tools/__tests__/agent-selection.tool.test.ts[39m[0m[2m:29:1)[22m[2m[22m

[1m[31m  [1m● [22m[1magentSelectionTool › response processing › should preserve additional A2A message properties[39m[22m

    thrown: "Exceeded timeout of 10000 ms for a test.
    Add a timeout value to this test to increase the timeout, if this is a long-running test. See https://jestjs.io/docs/api#testname-fn-timeout."
[2m[22m
[2m    [0m [90m 605 |[39m     })[33m;[39m[22m
[2m     [90m 606 |[39m[22m
[2m    [31m[1m>[22m[2m[39m[90m 607 |[39m     it([32m'should preserve additional A2A message properties'[39m[33m,[39m [36masync[39m () [33m=>[39m {[22m
[2m     [90m     |[39m     [31m[1m^[22m[2m[39m[22m
[2m     [90m 608 |[39m       [36mconst[39m mockA2AResponse [33m=[39m {[22m
[2m     [90m 609 |[39m         type[33m:[39m [32m'response'[39m[33m,[39m[22m
[2m     [90m 610 |[39m         result[33m:[39m [32m'Success'[39m[33m,[39m[0m[22m
[2m[22m
[2m      [2mat [22m[2m[0m[36mlib/mastra/tools/__tests__/agent-selection.tool.test.ts[39m[0m[2m:607:5[22m[2m[22m
[2m      [2mat [22m[2m[0m[36mlib/mastra/tools/__tests__/agent-selection.tool.test.ts[39m[0m[2m:587:3[22m[2m[22m
[2m      [2mat Object.<anonymous> ([22m[2m[0m[36mlib/mastra/tools/__tests__/agent-selection.tool.test.ts[39m[0m[2m:29:1)[22m[2m[22m

[1m[31m  [1m● [22m[1magentSelectionTool › logging › should log debug information for first UI control call[39m[22m

    thrown: "Exceeded timeout of 15000 ms for a test.
    Add a timeout value to this test to increase the timeout, if this is a long-running test. See https://jestjs.io/docs/api#testname-fn-timeout."
[2m[22m
[2m    [0m [90m 631 |[39m[22m
[2m     [90m 632 |[39m   describe([32m'logging'[39m[33m,[39m () [33m=>[39m {[22m
[2m    [31m[1m>[22m[2m[39m[90m 633 |[39m     it([32m'should log debug information for first UI control call'[39m[33m,[39m [36masync[39m () [33m=>[39m {[22m
[2m     [90m     |[39m     [31m[1m^[22m[2m[39m[22m
[2m     [90m 634 |[39m       jest[33m.[39msetTimeout([35m15000[39m)[33m;[39m [90m// Increase timeout[39m[22m
[2m     [90m 635 |[39m       global[33m.[39mwindow [33m=[39m { dispatchEvent[33m:[39m mockDispatchEvent } [36mas[39m any[33m;[39m[22m
[2m     [90m 636 |[39m       [0m[22m
[2m[22m
[2m      [2mat [22m[2m[0m[36mlib/mastra/tools/__tests__/agent-selection.tool.test.ts[39m[0m[2m:633:5[22m[2m[22m
[2m      [2mat [22m[2m[0m[36mlib/mastra/tools/__tests__/agent-selection.tool.test.ts[39m[0m[2m:632:3[22m[2m[22m
[2m      [2mat Object.<anonymous> ([22m[2m[0m[36mlib/mastra/tools/__tests__/agent-selection.tool.test.ts[39m[0m[2m:29:1)[22m[2m[22m

[0m[7m[1m[31m FAIL [39m[22m[27m[0m [2mtests/integration/[22m[1menhanced-conversation-flow.test.ts[22m
[1m[31m  [1m● [22m[1mEnhanced Conversation Flow Integration Tests › Simple Conversation Flow › should maintain context across multiple queries[39m[22m

    [2mexpect([22m[31mreceived[39m[2m).[22mtoBe[2m([22m[32mexpected[39m[2m) // Object.is equality[22m

    Expected: [32m"[7mETH[27mUSDT"[39m
    Received: [31m"[7mBTC[27mUSDT"[39m
[2m[22m
[2m    [0m [90m 206 |[39m         [90m// Should maintain ETH context[39m[22m
[2m     [90m 207 |[39m         [36mif[39m (response[33m.[39manalysis[33m.[39mextractedSymbol) {[22m
[2m    [31m[1m>[22m[2m[39m[90m 208 |[39m           expect(response[33m.[39manalysis[33m.[39mextractedSymbol)[33m.[39mtoBe([32m'ETHUSDT'[39m)[33m;[39m[22m
[2m     [90m     |[39m                                                     [31m[1m^[22m[2m[39m[22m
[2m     [90m 209 |[39m         }[22m
[2m     [90m 210 |[39m       }[22m
[2m     [90m 211 |[39m       [0m[22m
[2m[22m
[2m      [2mat Object.<anonymous> ([22m[2m[0m[36mtests/integration/enhanced-conversation-flow.test.ts[39m[0m[2m:208:53)[22m[2m[22m

[0m[7m[1m[31m FAIL [39m[22m[27m[0m [2mtests/unit/lib/mastra/utils/[22m[1mintent-symbol-extraction.test.ts[22m
[1m[31m  [1m● [22m[1mSymbol Extraction › analyzeIntent with symbol extraction › should extract symbols for proposal requests[39m[22m

    [2mexpect([22m[31mreceived[39m[2m).[22mtoBe[2m([22m[32mexpected[39m[2m) // Object.is equality[22m

    Expected: [32m"proposal_request"[39m
    Received: [31m"ui_control"[39m
[2m[22m
[2m    [0m [90m 57 |[39m[22m
[2m     [90m 58 |[39m       [36mconst[39m result2 [33m=[39m analyzeIntent([32m'リップルのサポートラインを引いて'[39m)[33m;[39m[22m
[2m    [31m[1m>[22m[2m[39m[90m 59 |[39m       expect(result2[33m.[39mintent)[33m.[39mtoBe([32m'proposal_request'[39m)[33m;[39m[22m
[2m     [90m    |[39m                              [31m[1m^[22m[2m[39m[22m
[2m     [90m 60 |[39m       expect(result2[33m.[39mextractedSymbol)[33m.[39mtoBe([32m'XRPUSDT'[39m)[33m;[39m[22m
[2m     [90m 61 |[39m       expect(result2[33m.[39mproposalType)[33m.[39mtoBe([32m'support-resistance'[39m)[33m;[39m[22m
[2m     [90m 62 |[39m     })[33m;[39m[0m[22m
[2m[22m
[2m      [2mat Object.<anonymous> ([22m[2m[0m[36mtests/unit/lib/mastra/utils/intent-symbol-extraction.test.ts[39m[0m[2m:59:30)[22m[2m[22m

[1m[31m  [1m● [22m[1mSymbol Extraction › analyzeIntent with symbol extraction › should handle queries without symbols[39m[22m

    [2mexpect([22m[31mreceived[39m[2m).[22mtoBeUndefined[2m()[22m

    Received: [31m"BTCUSDT"[39m
[2m[22m
[2m    [0m [90m 72 |[39m       [90m// 'を教えて' makes it a trading_analysis[39m[22m
[2m     [90m 73 |[39m       expect(result1[33m.[39mintent)[33m.[39mtoBe([32m'trading_analysis'[39m)[33m;[39m[22m
[2m    [31m[1m>[22m[2m[39m[90m 74 |[39m       expect(result1[33m.[39mextractedSymbol)[33m.[39mtoBeUndefined()[33m;[39m[22m
[2m     [90m    |[39m                                       [31m[1m^[22m[2m[39m[22m
[2m     [90m 75 |[39m[22m
[2m     [90m 76 |[39m       [36mconst[39m result2 [33m=[39m analyzeIntent([32m'トレンドラインを提案して'[39m)[33m;[39m[22m
[2m     [90m 77 |[39m       expect(result2[33m.[39mintent)[33m.[39mtoBe([32m'proposal_request'[39m)[33m;[39m[0m[22m
[2m[22m
[2m      [2mat Object.<anonymous> ([22m[2m[0m[36mtests/unit/lib/mastra/utils/intent-symbol-extraction.test.ts[39m[0m[2m:74:39)[22m[2m[22m

[0m[7m[1m[31m FAIL [39m[22m[27m[0m [2mtests/unit/lib/mastra/utils/[22m[1mintent-helpers.test.ts[22m
[1m[31m  [1m● [22m[1mIntent helper functions › detectDrawingProposal detects drawing commands[39m[22m

    [2mexpect([22m[31mreceived[39m[2m).[22mtoBe[2m([22m[32mexpected[39m[2m) // Object.is equality[22m

    Expected: [32m"trendline"[39m
    Received: [31mundefined[39m
[2m[22m
[2m    [0m [90m 51 |[39m     [36mconst[39m query [33m=[39m [32m'トレンドラインを引いて'[39m[33m;[39m[22m
[2m     [90m 52 |[39m     [36mconst[39m res [33m=[39m detectDrawingProposal(query[33m,[39m query[33m.[39mtoLowerCase())[33m;[39m[22m
[2m    [31m[1m>[22m[2m[39m[90m 53 |[39m     expect(res[33m?[39m[33m.[39mproposalType)[33m.[39mtoBe([32m'trendline'[39m)[33m;[39m[22m
[2m     [90m    |[39m                               [31m[1m^[22m[2m[39m[22m
[2m     [90m 54 |[39m   })[33m;[39m[22m
[2m     [90m 55 |[39m[22m
[2m     [90m 56 |[39m   test([32m'detectTradingAnalysis detects analysis request'[39m[33m,[39m () [33m=>[39m {[0m[22m
[2m[22m
[2m      [2mat Object.<anonymous> ([22m[2m[0m[36mtests/unit/lib/mastra/utils/intent-helpers.test.ts[39m[0m[2m:53:31)[22m[2m[22m

[0m[7m[1m[31m FAIL [39m[22m[27m[0m [2mtests/unit/lib/mastra/[22m[1mai-tool-selection.test.ts[22m
[1m[31m  [1m● [22m[1mAI Tool Selection › Entry Proposal Tool Selection › should NOT select entryProposalGeneration for regular proposals[39m[22m

    [2mexpect([22m[31mreceived[39m[2m).[22mtoHaveLength[2m([22m[32mexpected[39m[2m)[22m

    Expected length: [32m1[39m
    Received length: [31m0[39m
    Received array:  [31m[][39m
[2m[22m
[2m    [0m [90m 151 |[39m         )[33m;[39m[22m
[2m     [90m 152 |[39m[22m
[2m    [31m[1m>[22m[2m[39m[90m 153 |[39m         expect(mockToolCalls)[33m.[39mtoHaveLength([35m1[39m)[33m;[39m[22m
[2m     [90m     |[39m                               [31m[1m^[22m[2m[39m[22m
[2m     [90m 154 |[39m         expect(mockToolCalls[[35m0[39m][33m.[39mtoolName)[33m.[39mtoBe([32m'proposalGeneration'[39m)[33m;[39m[22m
[2m     [90m 155 |[39m         expect(mockToolCalls[[35m0[39m][33m.[39mtoolName)[33m.[39mnot[33m.[39mtoBe([32m'entryProposalGeneration'[39m)[33m;[39m[22m
[2m     [90m 156 |[39m       }[0m[22m
[2m[22m
[2m      [2mat Object.<anonymous> ([22m[2m[0m[36mtests/unit/lib/mastra/ai-tool-selection.test.ts[39m[0m[2m:153:31)[22m[2m[22m

[1m[31m  [1m● [22m[1mAI Tool Selection › Context-based Tool Selection › should use correct tool based on intent analysis[39m[22m

    [2mexpect([22m[31mreceived[39m[2m).[22mtoBe[2m([22m[32mexpected[39m[2m) // Object.is equality[22m

    Expected: [32m"proposal_request"[39m
    Received: [31m"ui_control"[39m
[2m[22m
[2m    [0m [90m 185 |[39m         [90m// Analyze intent[39m[22m
[2m     [90m 186 |[39m         [36mconst[39m intent [33m=[39m analyzeIntent(testCase[33m.[39mquery)[33m;[39m[22m
[2m    [31m[1m>[22m[2m[39m[90m 187 |[39m         expect(intent[33m.[39mintent)[33m.[39mtoBe(testCase[33m.[39mexpectedIntent)[33m;[39m[22m
[2m     [90m     |[39m                               [31m[1m^[22m[2m[39m[22m
[2m     [90m 188 |[39m         [22m
[2m     [90m 189 |[39m         [90m// Generate with context[39m[22m
[2m     [90m 190 |[39m         [36mconst[39m context [33m=[39m {[0m[22m
[2m[22m
[2m      [2mat Object.<anonymous> ([22m[2m[0m[36mtests/unit/lib/mastra/ai-tool-selection.test.ts[39m[0m[2m:187:31)[22m[2m[22m


[1mTest Suites: [22m[1m[31m32 failed[39m[22m, [1m[33m3 skipped[39m[22m, [1m[32m263 passed[39m[22m, 295 of 298 total
[1mTests:       [22m[1m[31m430 failed[39m[22m, [1m[33m203 skipped[39m[22m, [1m[32m4740 passed[39m[22m, 5373 total
[1mSnapshots:   [22m0 total
[1mTime:[22m        [1m[33m194.285 s[39m[22m
[2mRan all test suites[22m[2m in [22m2[2m projects[22m[2m.[22m
[1mForce exiting Jest: [22mHave you considered using `--detectOpenHandles` to detect async operations that kept running after all tests finished?
